=== Job started: Wed Jul 15 09:22:16 PM UTC 2026 ===
=== Node: x3003c0s19b0n0 ===

The following have been reloaded with a version change:
  1) gcc-native/14 => gcc-native/13


The following have been reloaded with a version change:
  1) gcc-native/13 => gcc-native/14.2

=============================================
  Polaris NCCL test — GTL NOT loaded
=============================================
Node              : x3003c0s19b0n0
GTL               : NOT loaded (NCCL test)
MPICH_GPU_SUPPORT : NOT set (NCCL test)

PyTorch version   : 2.8.0
PyTorch location  : /soft/applications/conda/2025-09-28/mconda3/lib/python3.12/site-packages/torch/__init__.py
CUDA available    : True 4
cuDNN             : 91300
MPI available     : True
mpi4py            : MPI VERSION    : CRAY MPICH version 9.0.1.498 (ANL base 4.1.2)
mpi4py rank test  : rank 0 OK
ZFP_HOME          : /home/mrest/mpiAllReduceCompressed/zfp-install
ZFP lib           : lrwxrwxrwx 1 mrest users 11 May 17 22:11 /home/mrest/mpiAllReduceCompressed/zfp-install/lib64/libzfp.so -> libzfp.so.1
ZFP include       : -rw-r--r-- 1 mrest users 35180 May 17 18:17 /home/mrest/mpiAllReduceCompressed/zfp-install/include/zfp.h
=============================================
MASTER_ADDR=x3003c0s19b0n0.hsn.cm.polaris.alcf.anl.gov
MASTER_PORT=29500
=== Starting: model=wide_resnet50_2, ws=8, bs=16, gb=128, lr=0.1, sched=cosine, warmup=0, mom=0.9, wd=5e-4, nesterov=true, wd_bn_bias=false, backend=nccl, hook=none, zfp=none at Wed Jul 15 09:22:37 PM UTC 2026 ===

================================================================================
DISTRIBUTED TRAINING LAUNCHER
================================================================================
  Model:      wide_resnet50_2 (CIFAR stem) (from scratch)
  Dataset:    cifar10 (10 classes)
  Image size: 32
  LR:         0.1
  Momentum:   0.9 (nesterov=True)
  Optimizer:  sgd
  Weight dec: 0.0005 (on BN/bias=False)
  Backend:    nccl
  Algorithm:  built-in (no hook)
  Epochs:     20
  Batch/rank: 16
  LR:         0.1
  Scheduler:  cosine
  Warmup:     0
  Grad clip:  None
  Drop last:  True
  Data dir:   ./data
================================================================================


================================================================================
Distributed Training: WIDE_RESNET50_2 on CIFAR10
Backend: NCCL, Algorithm: built-in (no hook)
================================================================================
Ranks: 8, Epochs: 20, Batch/rank: 16, Effective batch: 128
LR: 0.1, Device: cuda:0

[Cache] Pretrained weights cache (TORCH_HOME) = ./data/pretrained_weights_cache
[Setup] Model on cuda:0, wrapped in DDP (static_graph=True)
[Setup] No hook — using DDP built-in NCCL allreduce
[Optim] SGD: lr=0.1 momentum=0.9 nesterov=True wd=0.0005 wd_on_bn_bias=False
[Optim]   group 0: 66,778,816 params, wd=0.0005
[Optim]   group 1: 68,234 params, wd=0.0
[Data] Train batches: 390, Val batches: 625

[Sched] cosine: steps/epoch=390, total_steps=7800, warmup_steps=0 (0 epochs)


[Epoch 1] Training... (lr at epoch start=0.100000)

================================================================================
DISTRIBUTED TRAINING LAUNCHER
================================================================================
  Model:      wide_resnet50_2 (CIFAR stem) (from scratch)
  Dataset:    cifar10 (10 classes)
  Image size: 32
  LR:         0.1
  Momentum:   0.9 (nesterov=True)
  Optimizer:  sgd
  Weight dec: 0.0005 (on BN/bias=False)
  Backend:    nccl
  Algorithm:  built-in (no hook)
  Epochs:     20
  Batch/rank: 16
  LR:         0.1
  Scheduler:  cosine
  Warmup:     0
  Grad clip:  None
  Drop last:  True
  Data dir:   ./data
================================================================================


================================================================================
DISTRIBUTED TRAINING LAUNCHER
================================================================================
  Model:      wide_resnet50_2 (CIFAR stem) (from scratch)
  Dataset:    cifar10 (10 classes)
  Image size: 32
  LR:         0.1
  Momentum:   0.9 (nesterov=True)
  Optimizer:  sgd
  Weight dec: 0.0005 (on BN/bias=False)
  Backend:    nccl
  Algorithm:  built-in (no hook)
  Epochs:     20
  Batch/rank: 16
  LR:         0.1
  Scheduler:  cosine
  Warmup:     0
  Grad clip:  None
  Drop last:  True
  Data dir:   ./data
================================================================================


================================================================================
DISTRIBUTED TRAINING LAUNCHER
================================================================================
  Model:      wide_resnet50_2 (CIFAR stem) (from scratch)
  Dataset:    cifar10 (10 classes)
  Image size: 32
  LR:         0.1
  Momentum:   0.9 (nesterov=True)
  Optimizer:  sgd
  Weight dec: 0.0005 (on BN/bias=False)
  Backend:    nccl
  Algorithm:  built-in (no hook)
  Epochs:     20
  Batch/rank: 16
  LR:         0.1
  Scheduler:  cosine
  Warmup:     0
  Grad clip:  None
  Drop last:  True
  Data dir:   ./data
================================================================================


================================================================================
DISTRIBUTED TRAINING LAUNCHER
================================================================================
  Model:      wide_resnet50_2 (CIFAR stem) (from scratch)
  Dataset:    cifar10 (10 classes)
  Image size: 32
  LR:         0.1
  Momentum:   0.9 (nesterov=True)
  Optimizer:  sgd
  Weight dec: 0.0005 (on BN/bias=False)
  Backend:    nccl
  Algorithm:  built-in (no hook)
  Epochs:     20
  Batch/rank: 16
  LR:         0.1
  Scheduler:  cosine
  Warmup:     0
  Grad clip:  None
  Drop last:  True
  Data dir:   ./data
================================================================================


================================================================================
DISTRIBUTED TRAINING LAUNCHER
================================================================================
  Model:      wide_resnet50_2 (CIFAR stem) (from scratch)
  Dataset:    cifar10 (10 classes)
  Image size: 32
  LR:         0.1
  Momentum:   0.9 (nesterov=True)
  Optimizer:  sgd
  Weight dec: 0.0005 (on BN/bias=False)
  Backend:    nccl
  Algorithm:  built-in (no hook)
  Epochs:     20
  Batch/rank: 16
  LR:         0.1
  Scheduler:  cosine
  Warmup:     0
  Grad clip:  None
  Drop last:  True
  Data dir:   ./data
================================================================================


================================================================================
DISTRIBUTED TRAINING LAUNCHER
================================================================================
  Model:      wide_resnet50_2 (CIFAR stem) (from scratch)
  Dataset:    cifar10 (10 classes)
  Image size: 32
  LR:         0.1
  Momentum:   0.9 (nesterov=True)
  Optimizer:  sgd
  Weight dec: 0.0005 (on BN/bias=False)
  Backend:    nccl
  Algorithm:  built-in (no hook)
  Epochs:     20
  Batch/rank: 16
  LR:         0.1
  Scheduler:  cosine
  Warmup:     0
  Grad clip:  None
  Drop last:  True
  Data dir:   ./data
================================================================================


================================================================================
DISTRIBUTED TRAINING LAUNCHER
================================================================================
  Model:      wide_resnet50_2 (CIFAR stem) (from scratch)
  Dataset:    cifar10 (10 classes)
  Image size: 32
  LR:         0.1
  Momentum:   0.9 (nesterov=True)
  Optimizer:  sgd
  Weight dec: 0.0005 (on BN/bias=False)
  Backend:    nccl
  Algorithm:  built-in (no hook)
  Epochs:     20
  Batch/rank: 16
  LR:         0.1
  Scheduler:  cosine
  Warmup:     0
  Grad clip:  None
  Drop last:  True
  Data dir:   ./data
================================================================================

  Batch [50/390] Loss: 11.6487, Acc: 10.38%, lr: 0.099990
  Batch [100/390] Loss: 6.9824, Acc: 10.94%, lr: 0.099959
  Batch [150/390] Loss: 5.4853, Acc: 11.62%, lr: 0.099909
  Batch [200/390] Loss: 4.7054, Acc: 12.16%, lr: 0.099838
  Batch [250/390] Loss: 4.2257, Acc: 12.28%, lr: 0.099747
  Batch [300/390] Loss: 3.8927, Acc: 12.92%, lr: 0.099635
  Batch [350/390] Loss: 3.6389, Acc: 13.75%, lr: 0.099504
[Epoch 1] Train Loss: 3.4781, Acc: 14.79%  |  Val Loss: 2.0992, Acc: 19.16%  |  Time: 60.8s
[Epoch 1] t_iter median: 133.80 ms  (fwd 7.64 | bwd+comm 123.14 | opt 2.97 | data 0.11)  |  train-only epoch: 56.4s
  -> Best model saved (19.16%)
[Epoch 1] Summarizing hook timing...
[HOOK_TIMING_SUMMARY] epoch=1 no hook timing samples
[Epoch 1] Hook timing summary done

[Epoch 2] Training... (lr at epoch start=0.099384)
  Batch [50/390] Loss: 2.1112, Acc: 18.50%, lr: 0.099217
  Batch [100/390] Loss: 2.1022, Acc: 19.31%, lr: 0.099029
  Batch [150/390] Loss: 2.1027, Acc: 19.58%, lr: 0.098822
  Batch [200/390] Loss: 2.0933, Acc: 19.94%, lr: 0.098595
  Batch [250/390] Loss: 2.0823, Acc: 20.18%, lr: 0.098348
  Batch [300/390] Loss: 2.0660, Acc: 20.38%, lr: 0.098082
  Batch [350/390] Loss: 2.0593, Acc: 20.68%, lr: 0.097796
[Epoch 2] Train Loss: 2.0551, Acc: 21.07%  |  Val Loss: 2.0168, Acc: 22.71%  |  Time: 55.3s
[Epoch 2] t_iter median: 136.78 ms  (fwd 7.58 | bwd+comm 126.12 | opt 2.97 | data 0.08)  |  train-only epoch: 51.1s
  -> Best model saved (22.71%)
[Epoch 2] Summarizing hook timing...
[HOOK_TIMING_SUMMARY] epoch=2 no hook timing samples
[Epoch 2] Hook timing summary done

[Epoch 3] Training... (lr at epoch start=0.097553)
  Batch [50/390] Loss: 1.9504, Acc: 25.62%, lr: 0.097232
  Batch [100/390] Loss: 1.9587, Acc: 25.88%, lr: 0.096892
  Batch [150/390] Loss: 1.9692, Acc: 26.46%, lr: 0.096533
  Batch [200/390] Loss: 1.9442, Acc: 27.25%, lr: 0.096155
  Batch [250/390] Loss: 1.9280, Acc: 27.62%, lr: 0.095759
  Batch [300/390] Loss: 1.9154, Acc: 28.17%, lr: 0.095344
  Batch [350/390] Loss: 1.9097, Acc: 28.12%, lr: 0.094910
[Epoch 3] Train Loss: 1.9047, Acc: 28.59%  |  Val Loss: 1.8751, Acc: 35.55%  |  Time: 51.7s
[Epoch 3] t_iter median: 119.73 ms  (fwd 7.56 | bwd+comm 109.03 | opt 2.97 | data 0.12)  |  train-only epoch: 47.5s
  -> Best model saved (35.55%)
[Epoch 3] Summarizing hook timing...
[HOOK_TIMING_SUMMARY] epoch=3 no hook timing samples
[Epoch 3] Hook timing summary done

[Epoch 4] Training... (lr at epoch start=0.094550)
  Batch [50/390] Loss: 1.7966, Acc: 31.50%, lr: 0.094084
  Batch [100/390] Loss: 1.8059, Acc: 31.56%, lr: 0.093600
  Batch [150/390] Loss: 1.7853, Acc: 32.04%, lr: 0.093098
  Batch [200/390] Loss: 1.7791, Acc: 32.81%, lr: 0.092579
  Batch [250/390] Loss: 1.7605, Acc: 34.00%, lr: 0.092043
  Batch [300/390] Loss: 1.7454, Acc: 34.85%, lr: 0.091489
  Batch [350/390] Loss: 1.7462, Acc: 34.61%, lr: 0.090919
[Epoch 4] Train Loss: 1.7370, Acc: 34.78%  |  Val Loss: 1.6788, Acc: 42.03%  |  Time: 53.7s
[Epoch 4] t_iter median: 119.22 ms  (fwd 7.57 | bwd+comm 108.58 | opt 2.97 | data 0.12)  |  train-only epoch: 49.5s
  -> Best model saved (42.03%)
[Epoch 4] Summarizing hook timing...
[HOOK_TIMING_SUMMARY] epoch=4 no hook timing samples
[Epoch 4] Hook timing summary done

[Epoch 5] Training... (lr at epoch start=0.090451)
  Batch [50/390] Loss: 1.6858, Acc: 38.88%, lr: 0.089851
  Batch [100/390] Loss: 1.6739, Acc: 39.38%, lr: 0.089235
  Batch [150/390] Loss: 1.6531, Acc: 39.54%, lr: 0.088603
  Batch [200/390] Loss: 1.6509, Acc: 39.28%, lr: 0.087955
  Batch [250/390] Loss: 1.6413, Acc: 39.50%, lr: 0.087292
  Batch [300/390] Loss: 1.6263, Acc: 39.85%, lr: 0.086613
  Batch [350/390] Loss: 1.6138, Acc: 40.05%, lr: 0.085920
[Epoch 5] Train Loss: 1.6031, Acc: 40.51%  |  Val Loss: 1.5860, Acc: 44.17%  |  Time: 50.7s
[Epoch 5] t_iter median: 117.56 ms  (fwd 7.58 | bwd+comm 106.83 | opt 2.97 | data 0.11)  |  train-only epoch: 46.4s
  -> Best model saved (44.17%)
[Epoch 5] Summarizing hook timing...
[HOOK_TIMING_SUMMARY] epoch=5 no hook timing samples
[Epoch 5] Hook timing summary done

[Epoch 6] Training... (lr at epoch start=0.085355)
  Batch [50/390] Loss: 1.5344, Acc: 43.25%, lr: 0.084636
  Batch [100/390] Loss: 1.5170, Acc: 43.94%, lr: 0.083903
  Batch [150/390] Loss: 1.5147, Acc: 43.62%, lr: 0.083156
  Batch [200/390] Loss: 1.4988, Acc: 44.69%, lr: 0.082396
  Batch [250/390] Loss: 1.4891, Acc: 45.77%, lr: 0.081622
  Batch [300/390] Loss: 1.4853, Acc: 45.75%, lr: 0.080836
  Batch [350/390] Loss: 1.4852, Acc: 45.86%, lr: 0.080037
[Epoch 6] Train Loss: 1.4741, Acc: 46.51%  |  Val Loss: 1.5834, Acc: 49.41%  |  Time: 50.2s
[Epoch 6] t_iter median: 117.50 ms  (fwd 7.66 | bwd+comm 106.71 | opt 2.97 | data 0.12)  |  train-only epoch: 46.0s
  -> Best model saved (49.41%)
[Epoch 6] Summarizing hook timing...
[HOOK_TIMING_SUMMARY] epoch=6 no hook timing samples
[Epoch 6] Hook timing summary done

[Epoch 7] Training... (lr at epoch start=0.079389)
  Batch [50/390] Loss: 1.3478, Acc: 52.00%, lr: 0.078569
  Batch [100/390] Loss: 1.3362, Acc: 51.56%, lr: 0.077737
  Batch [150/390] Loss: 1.3379, Acc: 51.17%, lr: 0.076893
  Batch [200/390] Loss: 1.3412, Acc: 51.78%, lr: 0.076039
  Batch [250/390] Loss: 1.3333, Acc: 51.85%, lr: 0.075174
  Batch [300/390] Loss: 1.3319, Acc: 52.17%, lr: 0.074299
  Batch [350/390] Loss: 1.3242, Acc: 52.68%, lr: 0.073414
[Epoch 7] Train Loss: 1.3237, Acc: 53.01%  |  Val Loss: 1.4946, Acc: 56.19%  |  Time: 50.7s
[Epoch 7] t_iter median: 118.19 ms  (fwd 7.59 | bwd+comm 107.52 | opt 2.97 | data 0.12)  |  train-only epoch: 46.5s
  -> Best model saved (56.19%)
[Epoch 7] Summarizing hook timing...
[HOOK_TIMING_SUMMARY] epoch=7 no hook timing samples
[Epoch 7] Hook timing summary done

[Epoch 8] Training... (lr at epoch start=0.072700)
  Batch [50/390] Loss: 1.2502, Acc: 56.12%, lr: 0.071798
  Batch [100/390] Loss: 1.2110, Acc: 56.50%, lr: 0.070887
  Batch [150/390] Loss: 1.2041, Acc: 56.21%, lr: 0.069968
  Batch [200/390] Loss: 1.1808, Acc: 57.44%, lr: 0.069041
  Batch [250/390] Loss: 1.1808, Acc: 57.40%, lr: 0.068106
  Batch [300/390] Loss: 1.1791, Acc: 57.75%, lr: 0.067164
  Batch [350/390] Loss: 1.1556, Acc: 58.71%, lr: 0.066215
[Epoch 8] Train Loss: 1.1545, Acc: 58.59%  |  Val Loss: 1.1559, Acc: 64.34%  |  Time: 50.2s
[Epoch 8] t_iter median: 116.94 ms  (fwd 7.58 | bwd+comm 106.24 | opt 2.97 | data 0.12)  |  train-only epoch: 46.0s
  -> Best model saved (64.34%)
[Epoch 8] Summarizing hook timing...
[HOOK_TIMING_SUMMARY] epoch=8 no hook timing samples
[Epoch 8] Hook timing summary done

[Epoch 9] Training... (lr at epoch start=0.065451)
  Batch [50/390] Loss: 1.0763, Acc: 62.88%, lr: 0.064490
  Batch [100/390] Loss: 1.0567, Acc: 63.50%, lr: 0.063524
  Batch [150/390] Loss: 1.0678, Acc: 63.00%, lr: 0.062551
  Batch [200/390] Loss: 1.0550, Acc: 63.22%, lr: 0.061574
  Batch [250/390] Loss: 1.0457, Acc: 63.50%, lr: 0.060592
  Batch [300/390] Loss: 1.0374, Acc: 63.58%, lr: 0.059606
  Batch [350/390] Loss: 1.0249, Acc: 64.29%, lr: 0.058616
[Epoch 9] Train Loss: 1.0144, Acc: 64.44%  |  Val Loss: 0.8675, Acc: 69.38%  |  Time: 51.7s
[Epoch 9] t_iter median: 116.17 ms  (fwd 7.56 | bwd+comm 105.55 | opt 2.97 | data 0.11)  |  train-only epoch: 47.4s
  -> Best model saved (69.38%)
[Epoch 9] Summarizing hook timing...
[HOOK_TIMING_SUMMARY] epoch=9 no hook timing samples
[Epoch 9] Hook timing summary done

[Epoch 10] Training... (lr at epoch start=0.057822)
  Batch [50/390] Loss: 0.9451, Acc: 65.62%, lr: 0.056826
  Batch [100/390] Loss: 0.9594, Acc: 65.00%, lr: 0.055827
  Batch [150/390] Loss: 0.9372, Acc: 66.46%, lr: 0.054826
  Batch [200/390] Loss: 0.9291, Acc: 66.53%, lr: 0.053823
  Batch [250/390] Loss: 0.9153, Acc: 67.00%, lr: 0.052818
  Batch [300/390] Loss: 0.9058, Acc: 67.52%, lr: 0.051812
  Batch [350/390] Loss: 0.8998, Acc: 67.73%, lr: 0.050806
[Epoch 10] Train Loss: 0.8943, Acc: 67.87%  |  Val Loss: 0.7885, Acc: 72.52%  |  Time: 49.5s
[Epoch 10] t_iter median: 115.48 ms  (fwd 7.62 | bwd+comm 104.76 | opt 2.97 | data 0.08)  |  train-only epoch: 45.2s
  -> Best model saved (72.52%)
[Epoch 10] Summarizing hook timing...
[HOOK_TIMING_SUMMARY] epoch=10 no hook timing samples
[Epoch 10] Hook timing summary done

[Epoch 11] Training... (lr at epoch start=0.050000)
  Batch [50/390] Loss: 0.8121, Acc: 71.25%, lr: 0.048993
  Batch [100/390] Loss: 0.8368, Acc: 70.75%, lr: 0.047987
  Batch [150/390] Loss: 0.8231, Acc: 70.96%, lr: 0.046981
  Batch [200/390] Loss: 0.8233, Acc: 71.19%, lr: 0.045977
  Batch [250/390] Loss: 0.8170, Acc: 71.50%, lr: 0.044974
  Batch [300/390] Loss: 0.8174, Acc: 71.58%, lr: 0.043973
  Batch [350/390] Loss: 0.8095, Acc: 71.86%, lr: 0.042975
[Epoch 11] Train Loss: 0.8100, Acc: 71.94%  |  Val Loss: 0.7443, Acc: 73.69%  |  Time: 50.0s
[Epoch 11] t_iter median: 116.86 ms  (fwd 7.65 | bwd+comm 106.11 | opt 2.97 | data 0.11)  |  train-only epoch: 45.8s
  -> Best model saved (73.69%)
[Epoch 11] Summarizing hook timing...
[HOOK_TIMING_SUMMARY] epoch=11 no hook timing samples
[Epoch 11] Hook timing summary done

[Epoch 12] Training... (lr at epoch start=0.042178)
  Batch [50/390] Loss: 0.6835, Acc: 75.62%, lr: 0.041185
  Batch [100/390] Loss: 0.7118, Acc: 75.00%, lr: 0.040196
  Batch [150/390] Loss: 0.7348, Acc: 74.00%, lr: 0.039211
  Batch [200/390] Loss: 0.7379, Acc: 73.94%, lr: 0.038230
  Batch [250/390] Loss: 0.7262, Acc: 74.25%, lr: 0.037254
  Batch [300/390] Loss: 0.7198, Acc: 74.50%, lr: 0.036283
  Batch [350/390] Loss: 0.7144, Acc: 74.64%, lr: 0.035317
[Epoch 12] Train Loss: 0.7127, Acc: 74.95%  |  Val Loss: 0.6867, Acc: 75.76%  |  Time: 51.7s
[Epoch 12] t_iter median: 118.41 ms  (fwd 7.63 | bwd+comm 107.62 | opt 2.97 | data 0.12)  |  train-only epoch: 47.5s
  -> Best model saved (75.76%)
[Epoch 12] Summarizing hook timing...
[HOOK_TIMING_SUMMARY] epoch=12 no hook timing samples
[Epoch 12] Hook timing summary done

[Epoch 13] Training... (lr at epoch start=0.034549)
  Batch [50/390] Loss: 0.6928, Acc: 74.88%, lr: 0.033595
  Batch [100/390] Loss: 0.7001, Acc: 74.69%, lr: 0.032647
  Batch [150/390] Loss: 0.6829, Acc: 75.71%, lr: 0.031706
  Batch [200/390] Loss: 0.6631, Acc: 76.69%, lr: 0.030773
  Batch [250/390] Loss: 0.6543, Acc: 76.75%, lr: 0.029847
  Batch [300/390] Loss: 0.6529, Acc: 77.04%, lr: 0.028930
  Batch [350/390] Loss: 0.6530, Acc: 77.09%, lr: 0.028021
[Epoch 13] Train Loss: 0.6490, Acc: 77.23%  |  Val Loss: 0.6011, Acc: 79.21%  |  Time: 55.2s
[Epoch 13] t_iter median: 120.13 ms  (fwd 7.55 | bwd+comm 109.54 | opt 2.97 | data 0.12)  |  train-only epoch: 51.0s
  -> Best model saved (79.21%)
[Epoch 13] Summarizing hook timing...
[HOOK_TIMING_SUMMARY] epoch=13 no hook timing samples
[Epoch 13] Hook timing summary done

[Epoch 14] Training... (lr at epoch start=0.027300)
  Batch [50/390] Loss: 0.6016, Acc: 79.50%, lr: 0.026408
  Batch [100/390] Loss: 0.5852, Acc: 79.44%, lr: 0.025525
  Batch [150/390] Loss: 0.5983, Acc: 79.21%, lr: 0.024652
  Batch [200/390] Loss: 0.6087, Acc: 79.03%, lr: 0.023789
  Batch [250/390] Loss: 0.6026, Acc: 79.60%, lr: 0.022937
  Batch [300/390] Loss: 0.5953, Acc: 79.65%, lr: 0.022096
  Batch [350/390] Loss: 0.5895, Acc: 79.66%, lr: 0.021266
[Epoch 14] Train Loss: 0.5861, Acc: 79.70%  |  Val Loss: 0.5778, Acc: 79.95%  |  Time: 55.8s
[Epoch 14] t_iter median: 122.62 ms  (fwd 7.61 | bwd+comm 111.77 | opt 2.97 | data 0.12)  |  train-only epoch: 51.6s
  -> Best model saved (79.95%)
[Epoch 14] Summarizing hook timing...
[HOOK_TIMING_SUMMARY] epoch=14 no hook timing samples
[Epoch 14] Hook timing summary done

[Epoch 15] Training... (lr at epoch start=0.020611)
  Batch [50/390] Loss: 0.5367, Acc: 81.25%, lr: 0.019802
  Batch [100/390] Loss: 0.5310, Acc: 81.06%, lr: 0.019006
  Batch [150/390] Loss: 0.5520, Acc: 80.17%, lr: 0.018222
  Batch [200/390] Loss: 0.5421, Acc: 80.47%, lr: 0.017451
  Batch [250/390] Loss: 0.5324, Acc: 81.08%, lr: 0.016693
  Batch [300/390] Loss: 0.5345, Acc: 81.25%, lr: 0.015949
  Batch [350/390] Loss: 0.5318, Acc: 81.48%, lr: 0.015219
[Epoch 15] Train Loss: 0.5288, Acc: 81.47%  |  Val Loss: 0.5118, Acc: 82.55%  |  Time: 50.6s
[Epoch 15] t_iter median: 118.62 ms  (fwd 7.54 | bwd+comm 107.98 | opt 2.97 | data 0.07)  |  train-only epoch: 46.4s
  -> Best model saved (82.55%)
[Epoch 15] Summarizing hook timing...
[HOOK_TIMING_SUMMARY] epoch=15 no hook timing samples
[Epoch 15] Hook timing summary done

[Epoch 16] Training... (lr at epoch start=0.014645)
  Batch [50/390] Loss: 0.4461, Acc: 83.62%, lr: 0.013940
  Batch [100/390] Loss: 0.4797, Acc: 83.00%, lr: 0.013250
  Batch [150/390] Loss: 0.4744, Acc: 83.50%, lr: 0.012574
  Batch [200/390] Loss: 0.4768, Acc: 83.06%, lr: 0.011914
  Batch [250/390] Loss: 0.4664, Acc: 83.45%, lr: 0.011270
  Batch [300/390] Loss: 0.4643, Acc: 83.60%, lr: 0.010641
  Batch [350/390] Loss: 0.4617, Acc: 83.70%, lr: 0.010028
[Epoch 16] Train Loss: 0.4582, Acc: 83.80%  |  Val Loss: 0.4464, Acc: 84.75%  |  Time: 50.5s
[Epoch 16] t_iter median: 118.29 ms  (fwd 7.67 | bwd+comm 107.55 | opt 2.97 | data 0.12)  |  train-only epoch: 46.3s
  -> Best model saved (84.75%)
[Epoch 16] Summarizing hook timing...
[HOOK_TIMING_SUMMARY] epoch=16 no hook timing samples
[Epoch 16] Hook timing summary done

[Epoch 17] Training... (lr at epoch start=0.009549)
  Batch [50/390] Loss: 0.4134, Acc: 85.50%, lr: 0.008966
  Batch [100/390] Loss: 0.3970, Acc: 85.62%, lr: 0.008399
  Batch [150/390] Loss: 0.3882, Acc: 86.21%, lr: 0.007848
  Batch [200/390] Loss: 0.3783, Acc: 86.62%, lr: 0.007315
  Batch [250/390] Loss: 0.3802, Acc: 86.58%, lr: 0.006800
  Batch [300/390] Loss: 0.3831, Acc: 86.27%, lr: 0.006302
  Batch [350/390] Loss: 0.3874, Acc: 86.29%, lr: 0.005821
[Epoch 17] Train Loss: 0.3853, Acc: 86.41%  |  Val Loss: 0.4152, Acc: 86.15%  |  Time: 50.5s
[Epoch 17] t_iter median: 118.49 ms  (fwd 7.55 | bwd+comm 107.85 | opt 2.97 | data 0.10)  |  train-only epoch: 46.3s
  -> Best model saved (86.15%)
[Epoch 17] Summarizing hook timing...
[HOOK_TIMING_SUMMARY] epoch=17 no hook timing samples
[Epoch 17] Hook timing summary done

[Epoch 18] Training... (lr at epoch start=0.005450)
  Batch [50/390] Loss: 0.3409, Acc: 87.50%, lr: 0.005002
  Batch [100/390] Loss: 0.3212, Acc: 88.25%, lr: 0.004572
  Batch [150/390] Loss: 0.3379, Acc: 88.04%, lr: 0.004160
  Batch [200/390] Loss: 0.3333, Acc: 88.22%, lr: 0.003768
  Batch [250/390] Loss: 0.3343, Acc: 88.30%, lr: 0.003394
  Batch [300/390] Loss: 0.3327, Acc: 88.33%, lr: 0.003038
  Batch [350/390] Loss: 0.3296, Acc: 88.55%, lr: 0.002702
[Epoch 18] Train Loss: 0.3376, Acc: 88.25%  |  Val Loss: 0.3916, Acc: 86.73%  |  Time: 50.4s
[Epoch 18] t_iter median: 117.88 ms  (fwd 7.64 | bwd+comm 107.13 | opt 2.97 | data 0.12)  |  train-only epoch: 46.2s
  -> Best model saved (86.73%)
[Epoch 18] Summarizing hook timing...
[HOOK_TIMING_SUMMARY] epoch=18 no hook timing samples
[Epoch 18] Hook timing summary done

[Epoch 19] Training... (lr at epoch start=0.002447)
  Batch [50/390] Loss: 0.3357, Acc: 87.75%, lr: 0.002146
  Batch [100/390] Loss: 0.3231, Acc: 88.81%, lr: 0.001864
  Batch [150/390] Loss: 0.3229, Acc: 88.67%, lr: 0.001601
  Batch [200/390] Loss: 0.3134, Acc: 89.16%, lr: 0.001358
  Batch [250/390] Loss: 0.3209, Acc: 88.90%, lr: 0.001135
  Batch [300/390] Loss: 0.3267, Acc: 88.50%, lr: 0.000931
  Batch [350/390] Loss: 0.3227, Acc: 88.66%, lr: 0.000748
[Epoch 19] Train Loss: 0.3178, Acc: 88.85%  |  Val Loss: 0.3761, Acc: 87.59%  |  Time: 51.4s
[Epoch 19] t_iter median: 120.78 ms  (fwd 7.56 | bwd+comm 110.18 | opt 2.97 | data 0.11)  |  train-only epoch: 47.2s
  -> Best model saved (87.59%)
[Epoch 19] Summarizing hook timing...
[HOOK_TIMING_SUMMARY] epoch=19 no hook timing samples
[Epoch 19] Hook timing summary done

[Epoch 20] Training... (lr at epoch start=0.000616)
  Batch [50/390] Loss: 0.2669, Acc: 90.38%, lr: 0.000468
  Batch [100/390] Loss: 0.2688, Acc: 90.69%, lr: 0.000341
  Batch [150/390] Loss: 0.2643, Acc: 90.79%, lr: 0.000233
  Batch [200/390] Loss: 0.2741, Acc: 90.38%, lr: 0.000146
  Batch [250/390] Loss: 0.2805, Acc: 90.00%, lr: 0.000079
  Batch [300/390] Loss: 0.2821, Acc: 89.73%, lr: 0.000033
  Batch [350/390] Loss: 0.2810, Acc: 89.96%, lr: 0.000006
[Epoch 20] Train Loss: 0.2831, Acc: 89.97%  |  Val Loss: 0.3740, Acc: 87.55%  |  Time: 50.3s
[Epoch 20] t_iter median: 117.91 ms  (fwd 7.62 | bwd+comm 107.22 | opt 2.97 | data 0.11)  |  train-only epoch: 46.1s
[Epoch 20] Summarizing hook timing...
[HOOK_TIMING_SUMMARY] epoch=20 no hook timing samples
[Epoch 20] Hook timing summary done

================================================================================
Done in 1057.3s | Best val acc: 87.59%
Epoch times (train+val): mean=52.0s  min=49.5s  max=60.8s
Train-only epoch time (epochs 2..N): median=46.44s  min=45.24s  max=51.58s
  -> use this for STRONG scaling (fixed global batch)
  -> use t_iter_median_ms from the CSV for WEAK scaling (fixed local batch)
================================================================================
=== Finished training: model=wide_resnet50_2, dataset=cifar10, batch=16, lr=0.1, scheduler=cosine, backend=nccl, hook=none, zfp_rate=none, status=0 at Wed Jul 15 09:40:27 PM UTC 2026 ===
=== Starting: model=wide_resnet50_2, ws=8, bs=16, gb=128, lr=0.1, sched=cosine, warmup=0, mom=0.9, wd=5e-4, nesterov=true, wd_bn_bias=false, backend=nccl, hook=ring, zfp=none at Wed Jul 15 09:40:27 PM UTC 2026 ===

================================================================================
DISTRIBUTED TRAINING LAUNCHER
================================================================================
  Model:      wide_resnet50_2 (CIFAR stem) (from scratch)
  Dataset:    cifar10 (10 classes)
  Image size: 32
  LR:         0.1
  Momentum:   0.9 (nesterov=True)
  Optimizer:  sgd
  Weight dec: 0.0005 (on BN/bias=False)
  Backend:    nccl
  Algorithm:  ring
  Epochs:     20
  Batch/rank: 16
  LR:         0.1
  Scheduler:  cosine
  Warmup:     0
  Grad clip:  None
  Drop last:  True
  Data dir:   ./data
================================================================================


================================================================================
Distributed Training: WIDE_RESNET50_2 on CIFAR10
Backend: NCCL, Algorithm: ring
================================================================================
Ranks: 8, Epochs: 20, Batch/rank: 16, Effective batch: 128
LR: 0.1, Device: cuda:0

[Cache] Pretrained weights cache (TORCH_HOME) = ./data/pretrained_weights_cache
[Setup] Model on cuda:0, wrapped in DDP (static_graph=True)
[Setup] Hook registered: nccl/ring
[Optim] SGD: lr=0.1 momentum=0.9 nesterov=True wd=0.0005 wd_on_bn_bias=False
[Optim]   group 0: 66,778,816 params, wd=0.0005
[Optim]   group 1: 68,234 params, wd=0.0

================================================================================
DISTRIBUTED TRAINING LAUNCHER
================================================================================
  Model:      wide_resnet50_2 (CIFAR stem) (from scratch)
  Dataset:    cifar10 (10 classes)
  Image size: 32
  LR:         0.1
  Momentum:   0.9 (nesterov=True)
  Optimizer:  sgd
  Weight dec: 0.0005 (on BN/bias=False)
  Backend:    nccl
  Algorithm:  ring
  Epochs:     20
  Batch/rank: 16
  LR:         0.1
  Scheduler:  cosine
  Warmup:     0
  Grad clip:  None
  Drop last:  True
  Data dir:   ./data
================================================================================


================================================================================
DISTRIBUTED TRAINING LAUNCHER
================================================================================
  Model:      wide_resnet50_2 (CIFAR stem) (from scratch)
  Dataset:    cifar10 (10 classes)
  Image size: 32
  LR:         0.1
  Momentum:   0.9 (nesterov=True)
  Optimizer:  sgd
  Weight dec: 0.0005 (on BN/bias=False)
  Backend:    nccl
  Algorithm:  ring
  Epochs:     20
  Batch/rank: 16
  LR:         0.1
  Scheduler:  cosine
  Warmup:     0
  Grad clip:  None
  Drop last:  True
  Data dir:   ./data
================================================================================


================================================================================
DISTRIBUTED TRAINING LAUNCHER
================================================================================
  Model:      wide_resnet50_2 (CIFAR stem) (from scratch)
  Dataset:    cifar10 (10 classes)
  Image size: 32
  LR:         0.1
  Momentum:   0.9 (nesterov=True)
  Optimizer:  sgd
  Weight dec: 0.0005 (on BN/bias=False)
  Backend:    nccl
  Algorithm:  ring
  Epochs:     20
  Batch/rank: 16
  LR:         0.1
  Scheduler:  cosine
  Warmup:     0
  Grad clip:  None
  Drop last:  True
  Data dir:   ./data
================================================================================

[Data] Train batches: 390, Val batches: 625

[Sched] cosine: steps/epoch=390, total_steps=7800, warmup_steps=0 (0 epochs)


[Epoch 1] Training... (lr at epoch start=0.100000)

================================================================================
DISTRIBUTED TRAINING LAUNCHER
================================================================================
  Model:      wide_resnet50_2 (CIFAR stem) (from scratch)
  Dataset:    cifar10 (10 classes)
  Image size: 32
  LR:         0.1
  Momentum:   0.9 (nesterov=True)
  Optimizer:  sgd
  Weight dec: 0.0005 (on BN/bias=False)
  Backend:    nccl
  Algorithm:  ring
  Epochs:     20
  Batch/rank: 16
  LR:         0.1
  Scheduler:  cosine
  Warmup:     0
  Grad clip:  None
  Drop last:  True
  Data dir:   ./data
================================================================================


================================================================================
DISTRIBUTED TRAINING LAUNCHER
================================================================================
  Model:      wide_resnet50_2 (CIFAR stem) (from scratch)
  Dataset:    cifar10 (10 classes)
  Image size: 32
  LR:         0.1
  Momentum:   0.9 (nesterov=True)
  Optimizer:  sgd
  Weight dec: 0.0005 (on BN/bias=False)
  Backend:    nccl
  Algorithm:  ring
  Epochs:     20
  Batch/rank: 16
  LR:         0.1
  Scheduler:  cosine
  Warmup:     0
  Grad clip:  None
  Drop last:  True
  Data dir:   ./data
================================================================================


================================================================================
DISTRIBUTED TRAINING LAUNCHER
================================================================================
  Model:      wide_resnet50_2 (CIFAR stem) (from scratch)
  Dataset:    cifar10 (10 classes)
  Image size: 32
  LR:         0.1
  Momentum:   0.9 (nesterov=True)
  Optimizer:  sgd
  Weight dec: 0.0005 (on BN/bias=False)
  Backend:    nccl
  Algorithm:  ring
  Epochs:     20
  Batch/rank: 16
  LR:         0.1
  Scheduler:  cosine
  Warmup:     0
  Grad clip:  None
  Drop last:  True
  Data dir:   ./data
================================================================================


================================================================================
DISTRIBUTED TRAINING LAUNCHER
================================================================================
  Model:      wide_resnet50_2 (CIFAR stem) (from scratch)
  Dataset:    cifar10 (10 classes)
  Image size: 32
  LR:         0.1
  Momentum:   0.9 (nesterov=True)
  Optimizer:  sgd
  Weight dec: 0.0005 (on BN/bias=False)
  Backend:    nccl
  Algorithm:  ring
  Epochs:     20
  Batch/rank: 16
  LR:         0.1
  Scheduler:  cosine
  Warmup:     0
  Grad clip:  None
  Drop last:  True
  Data dir:   ./data
================================================================================

  Batch [50/390] Loss: 9.6300, Acc: 10.12%, lr: 0.099990
  Batch [100/390] Loss: 5.9102, Acc: 13.62%, lr: 0.099959
  Batch [150/390] Loss: 4.6749, Acc: 15.50%, lr: 0.099909
  Batch [200/390] Loss: 4.0349, Acc: 16.19%, lr: 0.099838
  Batch [250/390] Loss: 3.6505, Acc: 16.65%, lr: 0.099747
  Batch [300/390] Loss: 3.3897, Acc: 17.46%, lr: 0.099635
  Batch [350/390] Loss: 3.2014, Acc: 18.25%, lr: 0.099504
[Epoch 1] Train Loss: 3.0857, Acc: 18.59%  |  Val Loss: 2.0557, Acc: 20.96%  |  Time: 66.5s
[Epoch 1] t_iter median: 154.10 ms  (fwd 7.65 | bwd+comm 142.98 | opt 3.34 | data 0.11)  |  train-only epoch: 62.2s
  -> Best model saved (20.96%)
[Epoch 1] Summarizing hook timing...

[HOOK_TIMING_SUMMARY] epoch=1
[HOOK_WORK_SUMMARY] label=nccl:ring calls=3113 work_total_ms=55008.741 work_mean_ms=17.671 work_min_ms=7.787 work_max_ms=164.359
[HOOK_TAIL_SUMMARY] label=nccl:ring steps=391 tail_total_ms=51109.011 tail_mean_ms=130.714 tail_min_ms=37.162 tail_max_ms=170.415
[Epoch 1] Hook timing summary done

[Epoch 2] Training... (lr at epoch start=0.099384)
  Batch [50/390] Loss: 2.0973, Acc: 19.25%, lr: 0.099217
  Batch [100/390] Loss: 2.0913, Acc: 18.62%, lr: 0.099029
  Batch [150/390] Loss: 2.0919, Acc: 19.33%, lr: 0.098822
  Batch [200/390] Loss: 2.0832, Acc: 19.53%, lr: 0.098595
  Batch [250/390] Loss: 2.0683, Acc: 19.88%, lr: 0.098348
  Batch [300/390] Loss: 2.0488, Acc: 20.60%, lr: 0.098082
  Batch [350/390] Loss: 2.0355, Acc: 21.30%, lr: 0.097796
[Epoch 2] Train Loss: 2.0269, Acc: 21.62%  |  Val Loss: 1.9730, Acc: 27.99%  |  Time: 62.4s
[Epoch 2] t_iter median: 148.94 ms  (fwd 7.61 | bwd+comm 137.86 | opt 3.34 | data 0.12)  |  train-only epoch: 58.1s
  -> Best model saved (27.99%)
[Epoch 2] Summarizing hook timing...

[HOOK_TIMING_SUMMARY] epoch=2
[HOOK_WORK_SUMMARY] label=nccl:ring calls=3120 work_total_ms=53072.822 work_mean_ms=17.011 work_min_ms=7.613 work_max_ms=37.407
[HOOK_TAIL_SUMMARY] label=nccl:ring steps=390 tail_total_ms=49141.447 tail_mean_ms=126.004 tail_min_ms=114.316 tail_max_ms=138.822
[Epoch 2] Hook timing summary done

[Epoch 3] Training... (lr at epoch start=0.097553)
  Batch [50/390] Loss: 1.8580, Acc: 28.00%, lr: 0.097232
  Batch [100/390] Loss: 1.8809, Acc: 27.50%, lr: 0.096892
  Batch [150/390] Loss: 1.9007, Acc: 27.17%, lr: 0.096533
  Batch [200/390] Loss: 1.8864, Acc: 27.44%, lr: 0.096155
  Batch [250/390] Loss: 1.8739, Acc: 27.65%, lr: 0.095759
  Batch [300/390] Loss: 1.8642, Acc: 28.10%, lr: 0.095344
  Batch [350/390] Loss: 1.8601, Acc: 28.38%, lr: 0.094910
[Epoch 3] Train Loss: 1.8550, Acc: 28.48%  |  Val Loss: 1.7614, Acc: 33.14%  |  Time: 62.0s
[Epoch 3] t_iter median: 146.93 ms  (fwd 7.69 | bwd+comm 135.90 | opt 3.28 | data 0.11)  |  train-only epoch: 57.7s
  -> Best model saved (33.14%)
[Epoch 3] Summarizing hook timing...

[HOOK_TIMING_SUMMARY] epoch=3
[HOOK_WORK_SUMMARY] label=nccl:ring calls=3120 work_total_ms=52701.469 work_mean_ms=16.891 work_min_ms=7.520 work_max_ms=35.771
[HOOK_TAIL_SUMMARY] label=nccl:ring steps=390 tail_total_ms=48832.014 tail_mean_ms=125.210 tail_min_ms=117.456 tail_max_ms=137.279
[Epoch 3] Hook timing summary done

[Epoch 4] Training... (lr at epoch start=0.094550)
  Batch [50/390] Loss: 1.7785, Acc: 29.62%, lr: 0.094084
  Batch [100/390] Loss: 1.7778, Acc: 30.94%, lr: 0.093600
  Batch [150/390] Loss: 1.7609, Acc: 32.04%, lr: 0.093098
  Batch [200/390] Loss: 1.7633, Acc: 32.53%, lr: 0.092579
  Batch [250/390] Loss: 1.7504, Acc: 32.90%, lr: 0.092043
  Batch [300/390] Loss: 1.7397, Acc: 33.73%, lr: 0.091489
  Batch [350/390] Loss: 1.7433, Acc: 33.39%, lr: 0.090919
[Epoch 4] Train Loss: 1.7343, Acc: 33.78%  |  Val Loss: 1.5572, Acc: 42.00%  |  Time: 63.0s
[Epoch 4] t_iter median: 148.12 ms  (fwd 7.71 | bwd+comm 136.96 | opt 3.30 | data 0.12)  |  train-only epoch: 58.8s
  -> Best model saved (42.00%)
[Epoch 4] Summarizing hook timing...

[HOOK_TIMING_SUMMARY] epoch=4
[HOOK_WORK_SUMMARY] label=nccl:ring calls=3120 work_total_ms=53711.971 work_mean_ms=17.215 work_min_ms=7.552 work_max_ms=37.734
[HOOK_TAIL_SUMMARY] label=nccl:ring steps=390 tail_total_ms=49767.560 tail_mean_ms=127.609 tail_min_ms=118.063 tail_max_ms=154.202
[Epoch 4] Hook timing summary done

[Epoch 5] Training... (lr at epoch start=0.090451)
  Batch [50/390] Loss: 1.7113, Acc: 37.88%, lr: 0.089851
  Batch [100/390] Loss: 1.6965, Acc: 37.50%, lr: 0.089235
  Batch [150/390] Loss: 1.6774, Acc: 38.04%, lr: 0.088603
  Batch [200/390] Loss: 1.6715, Acc: 38.19%, lr: 0.087955
  Batch [250/390] Loss: 1.6557, Acc: 38.67%, lr: 0.087292
  Batch [300/390] Loss: 1.6409, Acc: 39.21%, lr: 0.086613
  Batch [350/390] Loss: 1.6291, Acc: 39.61%, lr: 0.085920
[Epoch 5] Train Loss: 1.6246, Acc: 40.11%  |  Val Loss: 1.4202, Acc: 47.62%  |  Time: 62.1s
[Epoch 5] t_iter median: 146.34 ms  (fwd 7.67 | bwd+comm 135.19 | opt 3.32 | data 0.11)  |  train-only epoch: 57.9s
  -> Best model saved (47.62%)
[Epoch 5] Summarizing hook timing...

[HOOK_TIMING_SUMMARY] epoch=5
[HOOK_WORK_SUMMARY] label=nccl:ring calls=3120 work_total_ms=52885.869 work_mean_ms=16.951 work_min_ms=7.554 work_max_ms=36.726
[HOOK_TAIL_SUMMARY] label=nccl:ring steps=390 tail_total_ms=49051.786 tail_mean_ms=125.774 tail_min_ms=117.163 tail_max_ms=146.804
[Epoch 5] Hook timing summary done

[Epoch 6] Training... (lr at epoch start=0.085355)
  Batch [50/390] Loss: 1.5702, Acc: 43.00%, lr: 0.084636
  Batch [100/390] Loss: 1.5330, Acc: 44.81%, lr: 0.083903
  Batch [150/390] Loss: 1.5276, Acc: 44.12%, lr: 0.083156
  Batch [200/390] Loss: 1.5050, Acc: 44.91%, lr: 0.082396
  Batch [250/390] Loss: 1.5036, Acc: 44.83%, lr: 0.081622
  Batch [300/390] Loss: 1.5043, Acc: 44.83%, lr: 0.080836
  Batch [350/390] Loss: 1.5100, Acc: 44.59%, lr: 0.080037
[Epoch 6] Train Loss: 1.4935, Acc: 45.34%  |  Val Loss: 1.2934, Acc: 53.09%  |  Time: 62.4s
[Epoch 6] t_iter median: 146.98 ms  (fwd 7.69 | bwd+comm 135.84 | opt 3.23 | data 0.12)  |  train-only epoch: 58.0s
  -> Best model saved (53.09%)
[Epoch 6] Summarizing hook timing...

[HOOK_TIMING_SUMMARY] epoch=6
[HOOK_WORK_SUMMARY] label=nccl:ring calls=3120 work_total_ms=53166.674 work_mean_ms=17.041 work_min_ms=7.502 work_max_ms=49.076
[HOOK_TAIL_SUMMARY] label=nccl:ring steps=390 tail_total_ms=49599.002 tail_mean_ms=127.177 tail_min_ms=115.343 tail_max_ms=219.627
[Epoch 6] Hook timing summary done

[Epoch 7] Training... (lr at epoch start=0.079389)
  Batch [50/390] Loss: 1.3949, Acc: 50.25%, lr: 0.078569
  Batch [100/390] Loss: 1.3640, Acc: 50.50%, lr: 0.077737
  Batch [150/390] Loss: 1.3639, Acc: 50.54%, lr: 0.076893
  Batch [200/390] Loss: 1.3542, Acc: 51.12%, lr: 0.076039
  Batch [250/390] Loss: 1.3559, Acc: 50.90%, lr: 0.075174
  Batch [300/390] Loss: 1.3539, Acc: 50.73%, lr: 0.074299
  Batch [350/390] Loss: 1.3485, Acc: 51.23%, lr: 0.073414
[Epoch 7] Train Loss: 1.3467, Acc: 51.39%  |  Val Loss: 1.2139, Acc: 57.65%  |  Time: 62.3s
[Epoch 7] t_iter median: 148.12 ms  (fwd 7.66 | bwd+comm 137.02 | opt 3.29 | data 0.11)  |  train-only epoch: 58.1s
  -> Best model saved (57.65%)
[Epoch 7] Summarizing hook timing...

[HOOK_TIMING_SUMMARY] epoch=7
[HOOK_WORK_SUMMARY] label=nccl:ring calls=3120 work_total_ms=53034.393 work_mean_ms=16.998 work_min_ms=7.532 work_max_ms=43.175
[HOOK_TAIL_SUMMARY] label=nccl:ring steps=390 tail_total_ms=49112.194 tail_mean_ms=125.929 tail_min_ms=115.992 tail_max_ms=142.697
[Epoch 7] Hook timing summary done

[Epoch 8] Training... (lr at epoch start=0.072700)
  Batch [50/390] Loss: 1.2854, Acc: 54.38%, lr: 0.071798
  Batch [100/390] Loss: 1.2269, Acc: 55.69%, lr: 0.070887
  Batch [150/390] Loss: 1.2169, Acc: 55.96%, lr: 0.069968
  Batch [200/390] Loss: 1.2040, Acc: 56.69%, lr: 0.069041
  Batch [250/390] Loss: 1.2036, Acc: 56.40%, lr: 0.068106
  Batch [300/390] Loss: 1.1911, Acc: 56.73%, lr: 0.067164
  Batch [350/390] Loss: 1.1815, Acc: 57.18%, lr: 0.066215
[Epoch 8] Train Loss: 1.1798, Acc: 57.44%  |  Val Loss: 1.1275, Acc: 60.77%  |  Time: 69.8s
[Epoch 8] t_iter median: 147.15 ms  (fwd 7.68 | bwd+comm 136.02 | opt 3.34 | data 0.12)  |  train-only epoch: 65.7s
  -> Best model saved (60.77%)
[Epoch 8] Summarizing hook timing...

[HOOK_TIMING_SUMMARY] epoch=8
[HOOK_WORK_SUMMARY] label=nccl:ring calls=3120 work_total_ms=60720.527 work_mean_ms=19.462 work_min_ms=7.588 work_max_ms=49.240
[HOOK_TAIL_SUMMARY] label=nccl:ring steps=390 tail_total_ms=56890.726 tail_mean_ms=145.874 tail_min_ms=114.985 tail_max_ms=223.671
[Epoch 8] Hook timing summary done

[Epoch 9] Training... (lr at epoch start=0.065451)
  Batch [50/390] Loss: 1.0771, Acc: 59.50%, lr: 0.064490
  Batch [100/390] Loss: 1.0834, Acc: 60.62%, lr: 0.063524
  Batch [150/390] Loss: 1.0983, Acc: 60.79%, lr: 0.062551
  Batch [200/390] Loss: 1.0865, Acc: 61.41%, lr: 0.061574
  Batch [250/390] Loss: 1.0793, Acc: 62.02%, lr: 0.060592
  Batch [300/390] Loss: 1.0691, Acc: 62.35%, lr: 0.059606
  Batch [350/390] Loss: 1.0637, Acc: 62.54%, lr: 0.058616
[Epoch 9] Train Loss: 1.0592, Acc: 62.60%  |  Val Loss: 0.9902, Acc: 65.39%  |  Time: 61.3s
[Epoch 9] t_iter median: 145.63 ms  (fwd 7.63 | bwd+comm 134.56 | opt 3.25 | data 0.11)  |  train-only epoch: 57.2s
  -> Best model saved (65.39%)
[Epoch 9] Summarizing hook timing...

[HOOK_TIMING_SUMMARY] epoch=9
[HOOK_WORK_SUMMARY] label=nccl:ring calls=3120 work_total_ms=52168.946 work_mean_ms=16.721 work_min_ms=7.616 work_max_ms=37.842
[HOOK_TAIL_SUMMARY] label=nccl:ring steps=390 tail_total_ms=48469.136 tail_mean_ms=124.280 tail_min_ms=115.311 tail_max_ms=137.553
[Epoch 9] Hook timing summary done

[Epoch 10] Training... (lr at epoch start=0.057822)
  Batch [50/390] Loss: 0.9621, Acc: 65.25%, lr: 0.056826
  Batch [100/390] Loss: 1.0152, Acc: 64.06%, lr: 0.055827
  Batch [150/390] Loss: 1.0049, Acc: 64.50%, lr: 0.054826
  Batch [200/390] Loss: 0.9992, Acc: 64.66%, lr: 0.053823
  Batch [250/390] Loss: 0.9816, Acc: 65.20%, lr: 0.052818
  Batch [300/390] Loss: 0.9727, Acc: 65.73%, lr: 0.051812
  Batch [350/390] Loss: 0.9692, Acc: 65.77%, lr: 0.050806
[Epoch 10] Train Loss: 0.9688, Acc: 65.71%  |  Val Loss: 0.9542, Acc: 69.55%  |  Time: 60.3s
[Epoch 10] t_iter median: 142.76 ms  (fwd 7.67 | bwd+comm 131.61 | opt 3.34 | data 0.13)  |  train-only epoch: 56.1s
  -> Best model saved (69.55%)
[Epoch 10] Summarizing hook timing...

[HOOK_TIMING_SUMMARY] epoch=10
[HOOK_WORK_SUMMARY] label=nccl:ring calls=3120 work_total_ms=51114.721 work_mean_ms=16.383 work_min_ms=7.639 work_max_ms=43.425
[HOOK_TAIL_SUMMARY] label=nccl:ring steps=390 tail_total_ms=47290.405 tail_mean_ms=121.257 tail_min_ms=114.220 tail_max_ms=142.566
[Epoch 10] Hook timing summary done

[Epoch 11] Training... (lr at epoch start=0.050000)
  Batch [50/390] Loss: 0.8573, Acc: 69.25%, lr: 0.048993
  Batch [100/390] Loss: 0.8850, Acc: 68.75%, lr: 0.047987
  Batch [150/390] Loss: 0.8682, Acc: 69.29%, lr: 0.046981
  Batch [200/390] Loss: 0.8755, Acc: 68.97%, lr: 0.045977
  Batch [250/390] Loss: 0.8704, Acc: 69.12%, lr: 0.044974
  Batch [300/390] Loss: 0.8746, Acc: 68.94%, lr: 0.043973
  Batch [350/390] Loss: 0.8648, Acc: 69.54%, lr: 0.042975
[Epoch 11] Train Loss: 0.8627, Acc: 69.71%  |  Val Loss: 1.0135, Acc: 70.11%  |  Time: 60.4s
[Epoch 11] t_iter median: 143.24 ms  (fwd 7.62 | bwd+comm 132.05 | opt 3.34 | data 0.11)  |  train-only epoch: 56.2s
  -> Best model saved (70.11%)
[Epoch 11] Summarizing hook timing...

[HOOK_TIMING_SUMMARY] epoch=11
[HOOK_WORK_SUMMARY] label=nccl:ring calls=3120 work_total_ms=51134.218 work_mean_ms=16.389 work_min_ms=7.813 work_max_ms=32.690
[HOOK_TAIL_SUMMARY] label=nccl:ring steps=390 tail_total_ms=47180.783 tail_mean_ms=120.976 tail_min_ms=113.705 tail_max_ms=136.338
[Epoch 11] Hook timing summary done

[Epoch 12] Training... (lr at epoch start=0.042178)
  Batch [50/390] Loss: 0.8103, Acc: 72.25%, lr: 0.041185
  Batch [100/390] Loss: 0.8058, Acc: 71.44%, lr: 0.040196
  Batch [150/390] Loss: 0.8036, Acc: 71.79%, lr: 0.039211
  Batch [200/390] Loss: 0.8003, Acc: 71.91%, lr: 0.038230
  Batch [250/390] Loss: 0.7852, Acc: 72.55%, lr: 0.037254
  Batch [300/390] Loss: 0.7758, Acc: 72.98%, lr: 0.036283
  Batch [350/390] Loss: 0.7669, Acc: 73.29%, lr: 0.035317
[Epoch 12] Train Loss: 0.7609, Acc: 73.45%  |  Val Loss: 0.9192, Acc: 72.58%  |  Time: 61.1s
[Epoch 12] t_iter median: 144.40 ms  (fwd 7.67 | bwd+comm 133.34 | opt 3.29 | data 0.11)  |  train-only epoch: 56.8s
  -> Best model saved (72.58%)
[Epoch 12] Summarizing hook timing...

[HOOK_TIMING_SUMMARY] epoch=12
[HOOK_WORK_SUMMARY] label=nccl:ring calls=3120 work_total_ms=51655.249 work_mean_ms=16.556 work_min_ms=7.911 work_max_ms=31.942
[HOOK_TAIL_SUMMARY] label=nccl:ring steps=390 tail_total_ms=47749.800 tail_mean_ms=122.435 tail_min_ms=114.353 tail_max_ms=146.941
[Epoch 12] Hook timing summary done

[Epoch 13] Training... (lr at epoch start=0.034549)
  Batch [50/390] Loss: 0.7093, Acc: 74.75%, lr: 0.033595
  Batch [100/390] Loss: 0.7314, Acc: 73.88%, lr: 0.032647
  Batch [150/390] Loss: 0.7175, Acc: 74.54%, lr: 0.031706
  Batch [200/390] Loss: 0.6974, Acc: 75.25%, lr: 0.030773
  Batch [250/390] Loss: 0.6871, Acc: 75.78%, lr: 0.029847
  Batch [300/390] Loss: 0.6890, Acc: 75.83%, lr: 0.028930
  Batch [350/390] Loss: 0.6885, Acc: 75.80%, lr: 0.028021
[Epoch 13] Train Loss: 0.6824, Acc: 75.99%  |  Val Loss: 1.4557, Acc: 76.08%  |  Time: 60.3s
[Epoch 13] t_iter median: 143.05 ms  (fwd 7.77 | bwd+comm 131.84 | opt 3.33 | data 0.12)  |  train-only epoch: 56.1s
  -> Best model saved (76.08%)
[Epoch 13] Summarizing hook timing...

[HOOK_TIMING_SUMMARY] epoch=13
[HOOK_WORK_SUMMARY] label=nccl:ring calls=3120 work_total_ms=51018.818 work_mean_ms=16.352 work_min_ms=7.291 work_max_ms=32.709
[HOOK_TAIL_SUMMARY] label=nccl:ring steps=390 tail_total_ms=47228.809 tail_mean_ms=121.100 tail_min_ms=114.292 tail_max_ms=162.256
[Epoch 13] Hook timing summary done

[Epoch 14] Training... (lr at epoch start=0.027300)
  Batch [50/390] Loss: 0.6565, Acc: 77.25%, lr: 0.026408
  Batch [100/390] Loss: 0.6275, Acc: 78.19%, lr: 0.025525
  Batch [150/390] Loss: 0.6364, Acc: 77.79%, lr: 0.024652
  Batch [200/390] Loss: 0.6534, Acc: 77.41%, lr: 0.023789
  Batch [250/390] Loss: 0.6457, Acc: 77.75%, lr: 0.022937
  Batch [300/390] Loss: 0.6359, Acc: 78.21%, lr: 0.022096
  Batch [350/390] Loss: 0.6268, Acc: 78.45%, lr: 0.021266
[Epoch 14] Train Loss: 0.6241, Acc: 78.53%  |  Val Loss: 1.0464, Acc: 78.72%  |  Time: 62.6s
[Epoch 14] t_iter median: 147.48 ms  (fwd 7.66 | bwd+comm 136.38 | opt 3.32 | data 0.13)  |  train-only epoch: 58.4s
  -> Best model saved (78.72%)
[Epoch 14] Summarizing hook timing...

[HOOK_TIMING_SUMMARY] epoch=14
[HOOK_WORK_SUMMARY] label=nccl:ring calls=3120 work_total_ms=53483.212 work_mean_ms=17.142 work_min_ms=7.333 work_max_ms=36.453
[HOOK_TAIL_SUMMARY] label=nccl:ring steps=390 tail_total_ms=49732.305 tail_mean_ms=127.519 tail_min_ms=116.112 tail_max_ms=142.444
[Epoch 14] Hook timing summary done

[Epoch 15] Training... (lr at epoch start=0.020611)
  Batch [50/390] Loss: 0.5714, Acc: 80.38%, lr: 0.019802
  Batch [100/390] Loss: 0.5526, Acc: 81.06%, lr: 0.019006
  Batch [150/390] Loss: 0.5737, Acc: 80.25%, lr: 0.018222
  Batch [200/390] Loss: 0.5631, Acc: 80.84%, lr: 0.017451
  Batch [250/390] Loss: 0.5643, Acc: 80.78%, lr: 0.016693
  Batch [300/390] Loss: 0.5680, Acc: 80.79%, lr: 0.015949
  Batch [350/390] Loss: 0.5683, Acc: 80.52%, lr: 0.015219
[Epoch 15] Train Loss: 0.5639, Acc: 80.62%  |  Val Loss: 1.5051, Acc: 80.19%  |  Time: 63.8s
[Epoch 15] t_iter median: 151.05 ms  (fwd 7.69 | bwd+comm 139.88 | opt 3.29 | data 0.12)  |  train-only epoch: 59.6s
  -> Best model saved (80.19%)
[Epoch 15] Summarizing hook timing...

[HOOK_TIMING_SUMMARY] epoch=15
[HOOK_WORK_SUMMARY] label=nccl:ring calls=3120 work_total_ms=54517.934 work_mean_ms=17.474 work_min_ms=7.459 work_max_ms=34.124
[HOOK_TAIL_SUMMARY] label=nccl:ring steps=390 tail_total_ms=50602.873 tail_mean_ms=129.751 tail_min_ms=115.959 tail_max_ms=151.129
[Epoch 15] Hook timing summary done

[Epoch 16] Training... (lr at epoch start=0.014645)
  Batch [50/390] Loss: 0.4811, Acc: 81.62%, lr: 0.013940
  Batch [100/390] Loss: 0.5209, Acc: 80.56%, lr: 0.013250
  Batch [150/390] Loss: 0.5102, Acc: 81.12%, lr: 0.012574
  Batch [200/390] Loss: 0.5167, Acc: 81.38%, lr: 0.011914
  Batch [250/390] Loss: 0.5052, Acc: 82.05%, lr: 0.011270
  Batch [300/390] Loss: 0.5059, Acc: 81.92%, lr: 0.010641
  Batch [350/390] Loss: 0.5004, Acc: 82.02%, lr: 0.010028
[Epoch 16] Train Loss: 0.4953, Acc: 82.44%  |  Val Loss: 1.2565, Acc: 81.84%  |  Time: 69.5s
[Epoch 16] t_iter median: 169.06 ms  (fwd 7.60 | bwd+comm 158.10 | opt 3.24 | data 0.12)  |  train-only epoch: 65.4s
  -> Best model saved (81.84%)
[Epoch 16] Summarizing hook timing...

[HOOK_TIMING_SUMMARY] epoch=16
[HOOK_WORK_SUMMARY] label=nccl:ring calls=3120 work_total_ms=60577.020 work_mean_ms=19.416 work_min_ms=7.407 work_max_ms=44.036
[HOOK_TAIL_SUMMARY] label=nccl:ring steps=390 tail_total_ms=57015.578 tail_mean_ms=146.194 tail_min_ms=120.476 tail_max_ms=159.951
[Epoch 16] Hook timing summary done

[Epoch 17] Training... (lr at epoch start=0.009549)
  Batch [50/390] Loss: 0.4812, Acc: 83.88%, lr: 0.008966
  Batch [100/390] Loss: 0.4652, Acc: 84.12%, lr: 0.008399
  Batch [150/390] Loss: 0.4669, Acc: 84.04%, lr: 0.007848
  Batch [200/390] Loss: 0.4539, Acc: 84.41%, lr: 0.007315
  Batch [250/390] Loss: 0.4444, Acc: 84.75%, lr: 0.006800
  Batch [300/390] Loss: 0.4387, Acc: 84.81%, lr: 0.006302
  Batch [350/390] Loss: 0.4398, Acc: 84.89%, lr: 0.005821
[Epoch 17] Train Loss: 0.4381, Acc: 84.95%  |  Val Loss: 3.5756, Acc: 81.56%  |  Time: 66.5s
[Epoch 17] t_iter median: 154.06 ms  (fwd 7.77 | bwd+comm 142.84 | opt 3.37 | data 0.13)  |  train-only epoch: 62.2s
[Epoch 17] Summarizing hook timing...

[HOOK_TIMING_SUMMARY] epoch=17
[HOOK_WORK_SUMMARY] label=nccl:ring calls=3120 work_total_ms=57078.875 work_mean_ms=18.295 work_min_ms=7.386 work_max_ms=40.537
[HOOK_TAIL_SUMMARY] label=nccl:ring steps=390 tail_total_ms=53293.126 tail_mean_ms=136.649 tail_min_ms=117.651 tail_max_ms=161.314
[Epoch 17] Hook timing summary done

[Epoch 18] Training... (lr at epoch start=0.005450)
  Batch [50/390] Loss: 0.3800, Acc: 87.25%, lr: 0.005002
  Batch [100/390] Loss: 0.3644, Acc: 87.94%, lr: 0.004572
  Batch [150/390] Loss: 0.3881, Acc: 86.71%, lr: 0.004160
  Batch [200/390] Loss: 0.3844, Acc: 86.84%, lr: 0.003768
  Batch [250/390] Loss: 0.3866, Acc: 86.75%, lr: 0.003394
  Batch [300/390] Loss: 0.3860, Acc: 86.81%, lr: 0.003038
  Batch [350/390] Loss: 0.3814, Acc: 86.96%, lr: 0.002702
[Epoch 18] Train Loss: 0.3874, Acc: 86.59%  |  Val Loss: 1.7111, Acc: 84.21%  |  Time: 68.3s
[Epoch 18] t_iter median: 154.83 ms  (fwd 7.70 | bwd+comm 143.62 | opt 3.36 | data 0.13)  |  train-only epoch: 64.1s
  -> Best model saved (84.21%)
[Epoch 18] Summarizing hook timing...

[HOOK_TIMING_SUMMARY] epoch=18
[HOOK_WORK_SUMMARY] label=nccl:ring calls=3120 work_total_ms=59050.493 work_mean_ms=18.926 work_min_ms=7.371 work_max_ms=110.873
[HOOK_TAIL_SUMMARY] label=nccl:ring steps=390 tail_total_ms=55218.158 tail_mean_ms=141.585 tail_min_ms=120.141 tail_max_ms=223.949
[Epoch 18] Hook timing summary done

[Epoch 19] Training... (lr at epoch start=0.002447)
  Batch [50/390] Loss: 0.3771, Acc: 86.62%, lr: 0.002146
  Batch [100/390] Loss: 0.3693, Acc: 87.31%, lr: 0.001864
  Batch [150/390] Loss: 0.3633, Acc: 87.58%, lr: 0.001601
  Batch [200/390] Loss: 0.3482, Acc: 88.34%, lr: 0.001358
  Batch [250/390] Loss: 0.3598, Acc: 87.90%, lr: 0.001135
  Batch [300/390] Loss: 0.3672, Acc: 87.50%, lr: 0.000931
  Batch [350/390] Loss: 0.3645, Acc: 87.55%, lr: 0.000748
[Epoch 19] Train Loss: 0.3593, Acc: 87.64%  |  Val Loss: 4.2002, Acc: 83.75%  |  Time: 64.6s
[Epoch 19] t_iter median: 145.66 ms  (fwd 7.60 | bwd+comm 134.64 | opt 3.31 | data 0.11)  |  train-only epoch: 60.5s
[Epoch 19] Summarizing hook timing...

[HOOK_TIMING_SUMMARY] epoch=19
[HOOK_WORK_SUMMARY] label=nccl:ring calls=3120 work_total_ms=55549.772 work_mean_ms=17.804 work_min_ms=7.357 work_max_ms=49.287
[HOOK_TAIL_SUMMARY] label=nccl:ring steps=390 tail_total_ms=51741.273 tail_mean_ms=132.670 tail_min_ms=114.545 tail_max_ms=232.418
[Epoch 19] Hook timing summary done

[Epoch 20] Training... (lr at epoch start=0.000616)
  Batch [50/390] Loss: 0.2913, Acc: 88.75%, lr: 0.000468
  Batch [100/390] Loss: 0.3102, Acc: 89.06%, lr: 0.000341
  Batch [150/390] Loss: 0.2995, Acc: 89.54%, lr: 0.000233
  Batch [200/390] Loss: 0.3144, Acc: 88.97%, lr: 0.000146
  Batch [250/390] Loss: 0.3232, Acc: 88.47%, lr: 0.000079
  Batch [300/390] Loss: 0.3206, Acc: 88.54%, lr: 0.000033
  Batch [350/390] Loss: 0.3189, Acc: 88.88%, lr: 0.000006
[Epoch 20] Train Loss: 0.3235, Acc: 88.85%  |  Val Loss: 1.8684, Acc: 84.97%  |  Time: 61.6s
[Epoch 20] t_iter median: 146.81 ms  (fwd 7.60 | bwd+comm 135.71 | opt 3.34 | data 0.13)  |  train-only epoch: 57.5s
  -> Best model saved (84.97%)
[Epoch 20] Summarizing hook timing...

[HOOK_TIMING_SUMMARY] epoch=20
[HOOK_WORK_SUMMARY] label=nccl:ring calls=3120 work_total_ms=52537.065 work_mean_ms=16.839 work_min_ms=7.512 work_max_ms=46.742
[HOOK_TAIL_SUMMARY] label=nccl:ring steps=390 tail_total_ms=48709.931 tail_mean_ms=124.897 tail_min_ms=115.790 tail_max_ms=158.966
[Epoch 20] Hook timing summary done

================================================================================
Done in 1286.6s | Best val acc: 84.97%
Epoch times (train+val): mean=63.5s  min=60.3s  max=69.8s
Train-only epoch time (epochs 2..N): median=58.11s  min=56.10s  max=65.70s
  -> use this for STRONG scaling (fixed global batch)
  -> use t_iter_median_ms from the CSV for WEAK scaling (fixed local batch)
================================================================================
=== Finished training: model=wide_resnet50_2, dataset=cifar10, batch=16, lr=0.1, scheduler=cosine, backend=nccl, hook=ring, zfp_rate=none, status=0 at Wed Jul 15 10:02:07 PM UTC 2026 ===
=== Starting: model=wide_resnet50_2, ws=8, bs=16, gb=128, lr=0.1, sched=cosine, warmup=0, mom=0.9, wd=5e-4, nesterov=true, wd_bn_bias=false, backend=nccl, hook=ring_zfp_naive, zfp=16 at Wed Jul 15 10:02:07 PM UTC 2026 ===

================================================================================
DISTRIBUTED TRAINING LAUNCHER
================================================================================
  Model:      wide_resnet50_2 (CIFAR stem) (from scratch)
  Dataset:    cifar10 (10 classes)
  Image size: 32
  LR:         0.1
  Momentum:   0.9 (nesterov=True)
  Optimizer:  sgd
  Weight dec: 0.0005 (on BN/bias=False)
  Backend:    nccl
  Algorithm:  ring_zfp_naive
  ZFP rate:   16
  Epochs:     20
  Batch/rank: 16
  LR:         0.1
  Scheduler:  cosine
  Warmup:     0
  Grad clip:  None
  Drop last:  True
  Data dir:   ./data
================================================================================


================================================================================
Distributed Training: WIDE_RESNET50_2 on CIFAR10
Backend: NCCL, Algorithm: ring_zfp_naive
================================================================================
Ranks: 8, Epochs: 20, Batch/rank: 16, Effective batch: 128
LR: 0.1, Device: cuda:0

[Cache] Pretrained weights cache (TORCH_HOME) = ./data/pretrained_weights_cache
[Setup] Model on cuda:0, wrapped in DDP (static_graph=True)
[Setup] Hook registered: nccl/ring_zfp_naive
[Optim] SGD: lr=0.1 momentum=0.9 nesterov=True wd=0.0005 wd_on_bn_bias=False
[Optim]   group 0: 66,778,816 params, wd=0.0005
[Optim]   group 1: 68,234 params, wd=0.0

================================================================================
DISTRIBUTED TRAINING LAUNCHER
================================================================================
  Model:      wide_resnet50_2 (CIFAR stem) (from scratch)
  Dataset:    cifar10 (10 classes)
  Image size: 32
  LR:         0.1
  Momentum:   0.9 (nesterov=True)
  Optimizer:  sgd
  Weight dec: 0.0005 (on BN/bias=False)
  Backend:    nccl
  Algorithm:  ring_zfp_naive
  ZFP rate:   16
  Epochs:     20
  Batch/rank: 16
  LR:         0.1
  Scheduler:  cosine
  Warmup:     0
  Grad clip:  None
  Drop last:  True
  Data dir:   ./data
================================================================================


================================================================================
DISTRIBUTED TRAINING LAUNCHER
================================================================================
  Model:      wide_resnet50_2 (CIFAR stem) (from scratch)
  Dataset:    cifar10 (10 classes)
  Image size: 32
  LR:         0.1
  Momentum:   0.9 (nesterov=True)
  Optimizer:  sgd
  Weight dec: 0.0005 (on BN/bias=False)
  Backend:    nccl
  Algorithm:  ring_zfp_naive
  ZFP rate:   16
  Epochs:     20
  Batch/rank: 16
  LR:         0.1
  Scheduler:  cosine
  Warmup:     0
  Grad clip:  None
  Drop last:  True
  Data dir:   ./data
================================================================================

[Data] Train batches: 390, Val batches: 625

[Sched] cosine: steps/epoch=390, total_steps=7800, warmup_steps=0 (0 epochs)


[Epoch 1] Training... (lr at epoch start=0.100000)

================================================================================
DISTRIBUTED TRAINING LAUNCHER
================================================================================
  Model:      wide_resnet50_2 (CIFAR stem) (from scratch)
  Dataset:    cifar10 (10 classes)
  Image size: 32
  LR:         0.1
  Momentum:   0.9 (nesterov=True)
  Optimizer:  sgd
  Weight dec: 0.0005 (on BN/bias=False)
  Backend:    nccl
  Algorithm:  ring_zfp_naive
  ZFP rate:   16
  Epochs:     20
  Batch/rank: 16
  LR:         0.1
  Scheduler:  cosine
  Warmup:     0
  Grad clip:  None
  Drop last:  True
  Data dir:   ./data
================================================================================


================================================================================
DISTRIBUTED TRAINING LAUNCHER
================================================================================
  Model:      wide_resnet50_2 (CIFAR stem) (from scratch)
  Dataset:    cifar10 (10 classes)
  Image size: 32
  LR:         0.1
  Momentum:   0.9 (nesterov=True)
  Optimizer:  sgd
  Weight dec: 0.0005 (on BN/bias=False)
  Backend:    nccl
  Algorithm:  ring_zfp_naive
  ZFP rate:   16
  Epochs:     20
  Batch/rank: 16
  LR:         0.1
  Scheduler:  cosine
  Warmup:     0
  Grad clip:  None
  Drop last:  True
  Data dir:   ./data
================================================================================


================================================================================
DISTRIBUTED TRAINING LAUNCHER
================================================================================
  Model:      wide_resnet50_2 (CIFAR stem) (from scratch)
  Dataset:    cifar10 (10 classes)
  Image size: 32
  LR:         0.1
  Momentum:   0.9 (nesterov=True)
  Optimizer:  sgd
  Weight dec: 0.0005 (on BN/bias=False)
  Backend:    nccl
  Algorithm:  ring_zfp_naive
  ZFP rate:   16
  Epochs:     20
  Batch/rank: 16
  LR:         0.1
  Scheduler:  cosine
  Warmup:     0
  Grad clip:  None
  Drop last:  True
  Data dir:   ./data
================================================================================


================================================================================
DISTRIBUTED TRAINING LAUNCHER
================================================================================
  Model:      wide_resnet50_2 (CIFAR stem) (from scratch)
  Dataset:    cifar10 (10 classes)
  Image size: 32
  LR:         0.1
  Momentum:   0.9 (nesterov=True)
  Optimizer:  sgd
  Weight dec: 0.0005 (on BN/bias=False)
  Backend:    nccl
  Algorithm:  ring_zfp_naive
  ZFP rate:   16
  Epochs:     20
  Batch/rank: 16
  LR:         0.1
  Scheduler:  cosine
  Warmup:     0
  Grad clip:  None
  Drop last:  True
  Data dir:   ./data
================================================================================


================================================================================
DISTRIBUTED TRAINING LAUNCHER
================================================================================
  Model:      wide_resnet50_2 (CIFAR stem) (from scratch)
  Dataset:    cifar10 (10 classes)
  Image size: 32
  LR:         0.1
  Momentum:   0.9 (nesterov=True)
  Optimizer:  sgd
  Weight dec: 0.0005 (on BN/bias=False)
  Backend:    nccl
  Algorithm:  ring_zfp_naive
  ZFP rate:   16
  Epochs:     20
  Batch/rank: 16
  LR:         0.1
  Scheduler:  cosine
  Warmup:     0
  Grad clip:  None
  Drop last:  True
  Data dir:   ./data
================================================================================

  Batch [50/390] Loss: 10.5718, Acc: 9.25%, lr: 0.099990
  Batch [100/390] Loss: 6.4841, Acc: 10.38%, lr: 0.099959
  Batch [150/390] Loss: 5.0955, Acc: 11.25%, lr: 0.099909
  Batch [200/390] Loss: 4.3912, Acc: 11.91%, lr: 0.099838
  Batch [250/390] Loss: 3.9625, Acc: 12.22%, lr: 0.099747
  Batch [300/390] Loss: 3.6538, Acc: 13.10%, lr: 0.099635
  Batch [350/390] Loss: 3.4297, Acc: 13.95%, lr: 0.099504
[Epoch 1] Train Loss: 3.2869, Acc: 14.94%  |  Val Loss: 2.0164, Acc: 21.77%  |  Time: 56.4s
[Epoch 1] t_iter median: 127.45 ms  (fwd 7.56 | bwd+comm 116.46 | opt 3.33 | data 0.12)  |  train-only epoch: 52.3s
  -> Best model saved (21.77%)
[Epoch 1] Summarizing hook timing...

[HOOK_TIMING_SUMMARY] epoch=1
[HOOK_WORK_SUMMARY] label=nccl:ring_zfp_naive:rate16 calls=3113 work_total_ms=45298.145 work_mean_ms=14.551 work_min_ms=7.884 work_max_ms=133.570
[HOOK_TAIL_SUMMARY] label=nccl:ring_zfp_naive:rate16 steps=391 tail_total_ms=41647.699 tail_mean_ms=106.516 tail_min_ms=82.008 tail_max_ms=153.575
[Epoch 1] Hook timing summary done

[Epoch 2] Training... (lr at epoch start=0.099384)
  Batch [50/390] Loss: 2.0668, Acc: 18.88%, lr: 0.099217
  Batch [100/390] Loss: 2.0623, Acc: 19.88%, lr: 0.099029
  Batch [150/390] Loss: 2.0553, Acc: 21.12%, lr: 0.098822
  Batch [200/390] Loss: 2.0363, Acc: 22.25%, lr: 0.098595
  Batch [250/390] Loss: 2.0055, Acc: 23.18%, lr: 0.098348
  Batch [300/390] Loss: 1.9779, Acc: 24.54%, lr: 0.098082
  Batch [350/390] Loss: 1.9584, Acc: 25.02%, lr: 0.097796
[Epoch 2] Train Loss: 1.9449, Acc: 25.67%  |  Val Loss: 1.7217, Acc: 35.10%  |  Time: 54.3s
[Epoch 2] t_iter median: 127.25 ms  (fwd 7.52 | bwd+comm 116.36 | opt 3.28 | data 0.12)  |  train-only epoch: 50.1s
  -> Best model saved (35.10%)
[Epoch 2] Summarizing hook timing...

[HOOK_TIMING_SUMMARY] epoch=2
[HOOK_WORK_SUMMARY] label=nccl:ring_zfp_naive:rate16 calls=3120 work_total_ms=45286.805 work_mean_ms=14.515 work_min_ms=7.759 work_max_ms=52.266
[HOOK_TAIL_SUMMARY] label=nccl:ring_zfp_naive:rate16 steps=390 tail_total_ms=41610.546 tail_mean_ms=106.694 tail_min_ms=92.609 tail_max_ms=126.942
[Epoch 2] Hook timing summary done

[Epoch 3] Training... (lr at epoch start=0.097553)
  Batch [50/390] Loss: 1.7345, Acc: 36.62%, lr: 0.097232
  Batch [100/390] Loss: 1.7684, Acc: 33.94%, lr: 0.096892
  Batch [150/390] Loss: 1.7849, Acc: 33.71%, lr: 0.096533
  Batch [200/390] Loss: 1.7632, Acc: 34.72%, lr: 0.096155
  Batch [250/390] Loss: 1.7492, Acc: 35.27%, lr: 0.095759
  Batch [300/390] Loss: 1.7336, Acc: 35.92%, lr: 0.095344
  Batch [350/390] Loss: 1.7317, Acc: 35.84%, lr: 0.094910
[Epoch 3] Train Loss: 1.7279, Acc: 36.27%  |  Val Loss: 1.5222, Acc: 42.93%  |  Time: 53.4s
[Epoch 3] t_iter median: 125.13 ms  (fwd 7.59 | bwd+comm 114.14 | opt 3.28 | data 0.12)  |  train-only epoch: 49.3s
  -> Best model saved (42.93%)
[Epoch 3] Summarizing hook timing...

[HOOK_TIMING_SUMMARY] epoch=3
[HOOK_WORK_SUMMARY] label=nccl:ring_zfp_naive:rate16 calls=3120 work_total_ms=44371.776 work_mean_ms=14.222 work_min_ms=7.734 work_max_ms=51.545
[HOOK_TAIL_SUMMARY] label=nccl:ring_zfp_naive:rate16 steps=390 tail_total_ms=40596.142 tail_mean_ms=104.093 tail_min_ms=92.192 tail_max_ms=126.126
[Epoch 3] Hook timing summary done

[Epoch 4] Training... (lr at epoch start=0.094550)
  Batch [50/390] Loss: 1.6474, Acc: 37.62%, lr: 0.094084
  Batch [100/390] Loss: 1.6468, Acc: 38.06%, lr: 0.093600
  Batch [150/390] Loss: 1.6427, Acc: 38.29%, lr: 0.093098
  Batch [200/390] Loss: 1.6377, Acc: 38.62%, lr: 0.092579
  Batch [250/390] Loss: 1.6284, Acc: 39.38%, lr: 0.092043
  Batch [300/390] Loss: 1.6107, Acc: 40.42%, lr: 0.091489
  Batch [350/390] Loss: 1.6117, Acc: 40.39%, lr: 0.090919
[Epoch 4] Train Loss: 1.5976, Acc: 40.85%  |  Val Loss: 1.4079, Acc: 47.63%  |  Time: 54.6s
[Epoch 4] t_iter median: 128.19 ms  (fwd 7.59 | bwd+comm 117.22 | opt 3.28 | data 0.12)  |  train-only epoch: 50.5s
  -> Best model saved (47.63%)
[Epoch 4] Summarizing hook timing...

[HOOK_TIMING_SUMMARY] epoch=4
[HOOK_WORK_SUMMARY] label=nccl:ring_zfp_naive:rate16 calls=3120 work_total_ms=45557.203 work_mean_ms=14.602 work_min_ms=7.796 work_max_ms=47.509
[HOOK_TAIL_SUMMARY] label=nccl:ring_zfp_naive:rate16 steps=390 tail_total_ms=41814.471 tail_mean_ms=107.217 tail_min_ms=95.886 tail_max_ms=124.839
[Epoch 4] Hook timing summary done

[Epoch 5] Training... (lr at epoch start=0.090451)
  Batch [50/390] Loss: 1.5089, Acc: 46.62%, lr: 0.089851
  Batch [100/390] Loss: 1.5203, Acc: 45.69%, lr: 0.089235
  Batch [150/390] Loss: 1.4948, Acc: 46.04%, lr: 0.088603
  Batch [200/390] Loss: 1.4933, Acc: 45.69%, lr: 0.087955
  Batch [250/390] Loss: 1.4744, Acc: 46.42%, lr: 0.087292
  Batch [300/390] Loss: 1.4618, Acc: 46.79%, lr: 0.086613
  Batch [350/390] Loss: 1.4518, Acc: 47.14%, lr: 0.085920
[Epoch 5] Train Loss: 1.4439, Acc: 47.36%  |  Val Loss: 1.2226, Acc: 55.52%  |  Time: 55.0s
[Epoch 5] t_iter median: 129.19 ms  (fwd 7.49 | bwd+comm 118.25 | opt 3.25 | data 0.12)  |  train-only epoch: 50.9s
  -> Best model saved (55.52%)
[Epoch 5] Summarizing hook timing...

[HOOK_TIMING_SUMMARY] epoch=5
[HOOK_WORK_SUMMARY] label=nccl:ring_zfp_naive:rate16 calls=3120 work_total_ms=46105.368 work_mean_ms=14.777 work_min_ms=7.816 work_max_ms=50.083
[HOOK_TAIL_SUMMARY] label=nccl:ring_zfp_naive:rate16 steps=390 tail_total_ms=42448.632 tail_mean_ms=108.843 tail_min_ms=96.623 tail_max_ms=127.945
[Epoch 5] Hook timing summary done

[Epoch 6] Training... (lr at epoch start=0.085355)
  Batch [50/390] Loss: 1.3557, Acc: 49.88%, lr: 0.084636
  Batch [100/390] Loss: 1.3169, Acc: 51.75%, lr: 0.083903
  Batch [150/390] Loss: 1.2965, Acc: 53.00%, lr: 0.083156
  Batch [200/390] Loss: 1.2764, Acc: 54.06%, lr: 0.082396
  Batch [250/390] Loss: 1.2801, Acc: 53.67%, lr: 0.081622
  Batch [300/390] Loss: 1.2758, Acc: 54.00%, lr: 0.080836
  Batch [350/390] Loss: 1.2750, Acc: 54.41%, lr: 0.080037
[Epoch 6] Train Loss: 1.2632, Acc: 54.95%  |  Val Loss: 1.0472, Acc: 62.67%  |  Time: 52.7s
[Epoch 6] t_iter median: 123.50 ms  (fwd 7.52 | bwd+comm 112.56 | opt 3.25 | data 0.08)  |  train-only epoch: 48.6s
  -> Best model saved (62.67%)
[Epoch 6] Summarizing hook timing...

[HOOK_TIMING_SUMMARY] epoch=6
[HOOK_WORK_SUMMARY] label=nccl:ring_zfp_naive:rate16 calls=3120 work_total_ms=43790.897 work_mean_ms=14.036 work_min_ms=7.774 work_max_ms=48.331
[HOOK_TAIL_SUMMARY] label=nccl:ring_zfp_naive:rate16 steps=390 tail_total_ms=40115.616 tail_mean_ms=102.861 tail_min_ms=93.518 tail_max_ms=119.911
[Epoch 6] Hook timing summary done

[Epoch 7] Training... (lr at epoch start=0.079389)
  Batch [50/390] Loss: 1.1272, Acc: 61.88%, lr: 0.078569
  Batch [100/390] Loss: 1.1147, Acc: 61.31%, lr: 0.077737
  Batch [150/390] Loss: 1.1036, Acc: 61.50%, lr: 0.076893
  Batch [200/390] Loss: 1.1010, Acc: 61.47%, lr: 0.076039
  Batch [250/390] Loss: 1.1020, Acc: 61.27%, lr: 0.075174
  Batch [300/390] Loss: 1.1079, Acc: 61.08%, lr: 0.074299
  Batch [350/390] Loss: 1.1076, Acc: 61.27%, lr: 0.073414
[Epoch 7] Train Loss: 1.1096, Acc: 61.09%  |  Val Loss: 1.0042, Acc: 64.32%  |  Time: 54.7s
[Epoch 7] t_iter median: 128.95 ms  (fwd 7.66 | bwd+comm 117.78 | opt 3.28 | data 0.13)  |  train-only epoch: 50.6s
  -> Best model saved (64.32%)
[Epoch 7] Summarizing hook timing...

[HOOK_TIMING_SUMMARY] epoch=7
[HOOK_WORK_SUMMARY] label=nccl:ring_zfp_naive:rate16 calls=3120 work_total_ms=45687.252 work_mean_ms=14.643 work_min_ms=7.701 work_max_ms=45.446
[HOOK_TAIL_SUMMARY] label=nccl:ring_zfp_naive:rate16 steps=390 tail_total_ms=41850.791 tail_mean_ms=107.310 tail_min_ms=94.253 tail_max_ms=125.947
[Epoch 7] Hook timing summary done

[Epoch 8] Training... (lr at epoch start=0.072700)
  Batch [50/390] Loss: 1.0569, Acc: 62.00%, lr: 0.071798
  Batch [100/390] Loss: 1.0213, Acc: 63.31%, lr: 0.070887
  Batch [150/390] Loss: 1.0117, Acc: 63.38%, lr: 0.069968
  Batch [200/390] Loss: 0.9971, Acc: 63.72%, lr: 0.069041
  Batch [250/390] Loss: 1.0122, Acc: 62.83%, lr: 0.068106
  Batch [300/390] Loss: 0.9961, Acc: 63.81%, lr: 0.067164
  Batch [350/390] Loss: 0.9810, Acc: 64.50%, lr: 0.066215
[Epoch 8] Train Loss: 0.9814, Acc: 64.79%  |  Val Loss: 0.8863, Acc: 68.75%  |  Time: 53.7s
[Epoch 8] t_iter median: 126.33 ms  (fwd 7.56 | bwd+comm 115.36 | opt 3.29 | data 0.12)  |  train-only epoch: 49.6s
  -> Best model saved (68.75%)
[Epoch 8] Summarizing hook timing...

[HOOK_TIMING_SUMMARY] epoch=8
[HOOK_WORK_SUMMARY] label=nccl:ring_zfp_naive:rate16 calls=3120 work_total_ms=44690.797 work_mean_ms=14.324 work_min_ms=7.783 work_max_ms=39.849
[HOOK_TAIL_SUMMARY] label=nccl:ring_zfp_naive:rate16 steps=390 tail_total_ms=40925.417 tail_mean_ms=104.937 tail_min_ms=94.884 tail_max_ms=118.748
[Epoch 8] Hook timing summary done

[Epoch 9] Training... (lr at epoch start=0.065451)
  Batch [50/390] Loss: 0.9453, Acc: 65.12%, lr: 0.064490
  Batch [100/390] Loss: 0.9317, Acc: 66.62%, lr: 0.063524
  Batch [150/390] Loss: 0.9489, Acc: 66.58%, lr: 0.062551
  Batch [200/390] Loss: 0.9406, Acc: 66.88%, lr: 0.061574
  Batch [250/390] Loss: 0.9284, Acc: 67.17%, lr: 0.060592
  Batch [300/390] Loss: 0.9152, Acc: 67.83%, lr: 0.059606
  Batch [350/390] Loss: 0.9078, Acc: 68.07%, lr: 0.058616
[Epoch 9] Train Loss: 0.9070, Acc: 67.98%  |  Val Loss: 0.8217, Acc: 70.91%  |  Time: 55.0s
[Epoch 9] t_iter median: 128.84 ms  (fwd 7.59 | bwd+comm 117.75 | opt 3.34 | data 0.13)  |  train-only epoch: 50.8s
  -> Best model saved (70.91%)
[Epoch 9] Summarizing hook timing...

[HOOK_TIMING_SUMMARY] epoch=9
[HOOK_WORK_SUMMARY] label=nccl:ring_zfp_naive:rate16 calls=3120 work_total_ms=45787.049 work_mean_ms=14.675 work_min_ms=7.790 work_max_ms=48.676
[HOOK_TAIL_SUMMARY] label=nccl:ring_zfp_naive:rate16 steps=390 tail_total_ms=41969.084 tail_mean_ms=107.613 tail_min_ms=95.025 tail_max_ms=127.428
[Epoch 9] Hook timing summary done

[Epoch 10] Training... (lr at epoch start=0.057822)
  Batch [50/390] Loss: 0.8534, Acc: 68.62%, lr: 0.056826
  Batch [100/390] Loss: 0.8894, Acc: 67.88%, lr: 0.055827
  Batch [150/390] Loss: 0.8711, Acc: 69.17%, lr: 0.054826
  Batch [200/390] Loss: 0.8740, Acc: 68.75%, lr: 0.053823
  Batch [250/390] Loss: 0.8565, Acc: 69.33%, lr: 0.052818
  Batch [300/390] Loss: 0.8406, Acc: 70.23%, lr: 0.051812
  Batch [350/390] Loss: 0.8435, Acc: 70.25%, lr: 0.050806
[Epoch 10] Train Loss: 0.8368, Acc: 70.34%  |  Val Loss: 0.7817, Acc: 72.61%  |  Time: 54.4s
[Epoch 10] t_iter median: 126.57 ms  (fwd 7.58 | bwd+comm 115.52 | opt 3.34 | data 0.12)  |  train-only epoch: 50.2s
  -> Best model saved (72.61%)
[Epoch 10] Summarizing hook timing...

[HOOK_TIMING_SUMMARY] epoch=10
[HOOK_WORK_SUMMARY] label=nccl:ring_zfp_naive:rate16 calls=3120 work_total_ms=45196.270 work_mean_ms=14.486 work_min_ms=7.783 work_max_ms=60.283
[HOOK_TAIL_SUMMARY] label=nccl:ring_zfp_naive:rate16 steps=390 tail_total_ms=41337.406 tail_mean_ms=105.993 tail_min_ms=93.236 tail_max_ms=128.965
[Epoch 10] Hook timing summary done

[Epoch 11] Training... (lr at epoch start=0.050000)
  Batch [50/390] Loss: 0.7478, Acc: 74.00%, lr: 0.048993
  Batch [100/390] Loss: 0.7450, Acc: 73.81%, lr: 0.047987
  Batch [150/390] Loss: 0.7542, Acc: 73.29%, lr: 0.046981
  Batch [200/390] Loss: 0.7587, Acc: 73.16%, lr: 0.045977
  Batch [250/390] Loss: 0.7571, Acc: 73.08%, lr: 0.044974
  Batch [300/390] Loss: 0.7583, Acc: 73.02%, lr: 0.043973
  Batch [350/390] Loss: 0.7585, Acc: 73.14%, lr: 0.042975
[Epoch 11] Train Loss: 0.7557, Acc: 73.21%  |  Val Loss: 0.7324, Acc: 74.33%  |  Time: 54.6s
[Epoch 11] t_iter median: 128.62 ms  (fwd 7.59 | bwd+comm 117.60 | opt 3.34 | data 0.12)  |  train-only epoch: 50.6s
  -> Best model saved (74.33%)
[Epoch 11] Summarizing hook timing...

[HOOK_TIMING_SUMMARY] epoch=11
[HOOK_WORK_SUMMARY] label=nccl:ring_zfp_naive:rate16 calls=3120 work_total_ms=45580.827 work_mean_ms=14.609 work_min_ms=7.864 work_max_ms=50.262
[HOOK_TAIL_SUMMARY] label=nccl:ring_zfp_naive:rate16 steps=390 tail_total_ms=41687.647 tail_mean_ms=106.891 tail_min_ms=93.194 tail_max_ms=123.549
[Epoch 11] Hook timing summary done

[Epoch 12] Training... (lr at epoch start=0.042178)
  Batch [50/390] Loss: 0.6776, Acc: 76.12%, lr: 0.041185
  Batch [100/390] Loss: 0.6952, Acc: 75.62%, lr: 0.040196
  Batch [150/390] Loss: 0.7066, Acc: 75.12%, lr: 0.039211
  Batch [200/390] Loss: 0.7039, Acc: 75.31%, lr: 0.038230
  Batch [250/390] Loss: 0.6929, Acc: 75.67%, lr: 0.037254
  Batch [300/390] Loss: 0.6846, Acc: 76.02%, lr: 0.036283
  Batch [350/390] Loss: 0.6781, Acc: 76.14%, lr: 0.035317
[Epoch 12] Train Loss: 0.6735, Acc: 76.22%  |  Val Loss: 0.6239, Acc: 78.12%  |  Time: 54.2s
[Epoch 12] t_iter median: 127.69 ms  (fwd 7.68 | bwd+comm 116.66 | opt 3.28 | data 0.13)  |  train-only epoch: 50.1s
  -> Best model saved (78.12%)
[Epoch 12] Summarizing hook timing...

[HOOK_TIMING_SUMMARY] epoch=12
[HOOK_WORK_SUMMARY] label=nccl:ring_zfp_naive:rate16 calls=3120 work_total_ms=45183.772 work_mean_ms=14.482 work_min_ms=7.838 work_max_ms=47.495
[HOOK_TAIL_SUMMARY] label=nccl:ring_zfp_naive:rate16 steps=390 tail_total_ms=41334.749 tail_mean_ms=105.987 tail_min_ms=92.600 tail_max_ms=123.558
[Epoch 12] Hook timing summary done

[Epoch 13] Training... (lr at epoch start=0.034549)
  Batch [50/390] Loss: 0.6685, Acc: 77.38%, lr: 0.033595
  Batch [100/390] Loss: 0.6506, Acc: 77.00%, lr: 0.032647
  Batch [150/390] Loss: 0.6312, Acc: 78.00%, lr: 0.031706
  Batch [200/390] Loss: 0.6141, Acc: 78.78%, lr: 0.030773
  Batch [250/390] Loss: 0.6102, Acc: 78.80%, lr: 0.029847
  Batch [300/390] Loss: 0.6104, Acc: 78.79%, lr: 0.028930
  Batch [350/390] Loss: 0.6089, Acc: 79.07%, lr: 0.028021
[Epoch 13] Train Loss: 0.6030, Acc: 79.28%  |  Val Loss: 0.5454, Acc: 80.81%  |  Time: 54.4s
[Epoch 13] t_iter median: 128.51 ms  (fwd 7.61 | bwd+comm 117.44 | opt 3.28 | data 0.13)  |  train-only epoch: 50.3s
  -> Best model saved (80.81%)
[Epoch 13] Summarizing hook timing...

[HOOK_TIMING_SUMMARY] epoch=13
[HOOK_WORK_SUMMARY] label=nccl:ring_zfp_naive:rate16 calls=3120 work_total_ms=45420.088 work_mean_ms=14.558 work_min_ms=7.817 work_max_ms=51.082
[HOOK_TAIL_SUMMARY] label=nccl:ring_zfp_naive:rate16 steps=390 tail_total_ms=41593.146 tail_mean_ms=106.649 tail_min_ms=94.288 tail_max_ms=128.487
[Epoch 13] Hook timing summary done

[Epoch 14] Training... (lr at epoch start=0.027300)
  Batch [50/390] Loss: 0.5955, Acc: 78.88%, lr: 0.026408
  Batch [100/390] Loss: 0.5513, Acc: 80.31%, lr: 0.025525
  Batch [150/390] Loss: 0.5564, Acc: 80.04%, lr: 0.024652
  Batch [200/390] Loss: 0.5741, Acc: 79.69%, lr: 0.023789
  Batch [250/390] Loss: 0.5735, Acc: 79.80%, lr: 0.022937
  Batch [300/390] Loss: 0.5602, Acc: 80.31%, lr: 0.022096
  Batch [350/390] Loss: 0.5521, Acc: 80.64%, lr: 0.021266
[Epoch 14] Train Loss: 0.5499, Acc: 80.77%  |  Val Loss: 0.5326, Acc: 82.15%  |  Time: 56.1s
[Epoch 14] t_iter median: 133.02 ms  (fwd 7.62 | bwd+comm 121.88 | opt 3.29 | data 0.12)  |  train-only epoch: 51.9s
  -> Best model saved (82.15%)
[Epoch 14] Summarizing hook timing...

[HOOK_TIMING_SUMMARY] epoch=14
[HOOK_WORK_SUMMARY] label=nccl:ring_zfp_naive:rate16 calls=3120 work_total_ms=46916.395 work_mean_ms=15.037 work_min_ms=7.994 work_max_ms=49.612
[HOOK_TAIL_SUMMARY] label=nccl:ring_zfp_naive:rate16 steps=390 tail_total_ms=43068.878 tail_mean_ms=110.433 tail_min_ms=95.024 tail_max_ms=127.002
[Epoch 14] Hook timing summary done

[Epoch 15] Training... (lr at epoch start=0.020611)
  Batch [50/390] Loss: 0.5266, Acc: 81.62%, lr: 0.019802
  Batch [100/390] Loss: 0.5237, Acc: 82.25%, lr: 0.019006
  Batch [150/390] Loss: 0.5253, Acc: 82.08%, lr: 0.018222
  Batch [200/390] Loss: 0.5165, Acc: 82.50%, lr: 0.017451
  Batch [250/390] Loss: 0.5129, Acc: 82.42%, lr: 0.016693
  Batch [300/390] Loss: 0.5113, Acc: 82.42%, lr: 0.015949
  Batch [350/390] Loss: 0.5122, Acc: 82.27%, lr: 0.015219
[Epoch 15] Train Loss: 0.5072, Acc: 82.26%  |  Val Loss: 0.5051, Acc: 82.27%  |  Time: 53.6s
[Epoch 15] t_iter median: 125.83 ms  (fwd 7.66 | bwd+comm 114.69 | opt 3.32 | data 0.12)  |  train-only epoch: 49.5s
  -> Best model saved (82.27%)
[Epoch 15] Summarizing hook timing...

[HOOK_TIMING_SUMMARY] epoch=15
[HOOK_WORK_SUMMARY] label=nccl:ring_zfp_naive:rate16 calls=3120 work_total_ms=44454.637 work_mean_ms=14.248 work_min_ms=7.802 work_max_ms=44.179
[HOOK_TAIL_SUMMARY] label=nccl:ring_zfp_naive:rate16 steps=390 tail_total_ms=40752.769 tail_mean_ms=104.494 tail_min_ms=92.075 tail_max_ms=123.156
[Epoch 15] Hook timing summary done

[Epoch 16] Training... (lr at epoch start=0.014645)
  Batch [50/390] Loss: 0.4336, Acc: 85.12%, lr: 0.013940
  Batch [100/390] Loss: 0.4728, Acc: 82.94%, lr: 0.013250
  Batch [150/390] Loss: 0.4605, Acc: 83.79%, lr: 0.012574
  Batch [200/390] Loss: 0.4672, Acc: 83.75%, lr: 0.011914
  Batch [250/390] Loss: 0.4552, Acc: 84.28%, lr: 0.011270
  Batch [300/390] Loss: 0.4597, Acc: 84.15%, lr: 0.010641
  Batch [350/390] Loss: 0.4515, Acc: 84.50%, lr: 0.010028
[Epoch 16] Train Loss: 0.4474, Acc: 84.66%  |  Val Loss: 0.4358, Acc: 85.14%  |  Time: 53.9s
[Epoch 16] t_iter median: 126.98 ms  (fwd 7.50 | bwd+comm 116.08 | opt 3.28 | data 0.07)  |  train-only epoch: 49.8s
  -> Best model saved (85.14%)
[Epoch 16] Summarizing hook timing...

[HOOK_TIMING_SUMMARY] epoch=16
[HOOK_WORK_SUMMARY] label=nccl:ring_zfp_naive:rate16 calls=3120 work_total_ms=44957.126 work_mean_ms=14.409 work_min_ms=7.779 work_max_ms=46.878
[HOOK_TAIL_SUMMARY] label=nccl:ring_zfp_naive:rate16 steps=390 tail_total_ms=41391.958 tail_mean_ms=106.133 tail_min_ms=93.407 tail_max_ms=123.593
[Epoch 16] Hook timing summary done

[Epoch 17] Training... (lr at epoch start=0.009549)
  Batch [50/390] Loss: 0.4306, Acc: 85.62%, lr: 0.008966
  Batch [100/390] Loss: 0.4173, Acc: 85.25%, lr: 0.008399
  Batch [150/390] Loss: 0.4196, Acc: 85.38%, lr: 0.007848
  Batch [200/390] Loss: 0.4026, Acc: 85.97%, lr: 0.007315
  Batch [250/390] Loss: 0.3991, Acc: 86.03%, lr: 0.006800
  Batch [300/390] Loss: 0.3988, Acc: 86.06%, lr: 0.006302
  Batch [350/390] Loss: 0.3994, Acc: 85.98%, lr: 0.005821
[Epoch 17] Train Loss: 0.3984, Acc: 86.07%  |  Val Loss: 0.4043, Acc: 86.58%  |  Time: 56.3s
[Epoch 17] t_iter median: 132.49 ms  (fwd 7.54 | bwd+comm 121.46 | opt 3.33 | data 0.12)  |  train-only epoch: 52.1s
  -> Best model saved (86.58%)
[Epoch 17] Summarizing hook timing...

[HOOK_TIMING_SUMMARY] epoch=17
[HOOK_WORK_SUMMARY] label=nccl:ring_zfp_naive:rate16 calls=3120 work_total_ms=47149.359 work_mean_ms=15.112 work_min_ms=7.809 work_max_ms=53.491
[HOOK_TAIL_SUMMARY] label=nccl:ring_zfp_naive:rate16 steps=390 tail_total_ms=43262.415 tail_mean_ms=110.929 tail_min_ms=97.980 tail_max_ms=130.380
[Epoch 17] Hook timing summary done

[Epoch 18] Training... (lr at epoch start=0.005450)
  Batch [50/390] Loss: 0.3324, Acc: 87.50%, lr: 0.005002
  Batch [100/390] Loss: 0.3342, Acc: 88.38%, lr: 0.004572
  Batch [150/390] Loss: 0.3593, Acc: 87.75%, lr: 0.004160
  Batch [200/390] Loss: 0.3564, Acc: 88.00%, lr: 0.003768
  Batch [250/390] Loss: 0.3590, Acc: 87.88%, lr: 0.003394
  Batch [300/390] Loss: 0.3605, Acc: 87.71%, lr: 0.003038
  Batch [350/390] Loss: 0.3560, Acc: 87.73%, lr: 0.002702
[Epoch 18] Train Loss: 0.3642, Acc: 87.47%  |  Val Loss: 0.3910, Acc: 87.07%  |  Time: 54.8s
[Epoch 18] t_iter median: 128.73 ms  (fwd 7.61 | bwd+comm 117.59 | opt 3.34 | data 0.12)  |  train-only epoch: 50.7s
  -> Best model saved (87.07%)
[Epoch 18] Summarizing hook timing...

[HOOK_TIMING_SUMMARY] epoch=18
[HOOK_WORK_SUMMARY] label=nccl:ring_zfp_naive:rate16 calls=3120 work_total_ms=45650.609 work_mean_ms=14.632 work_min_ms=7.759 work_max_ms=137.511
[HOOK_TAIL_SUMMARY] label=nccl:ring_zfp_naive:rate16 steps=390 tail_total_ms=41744.075 tail_mean_ms=107.036 tail_min_ms=91.366 tail_max_ms=127.896
[Epoch 18] Hook timing summary done

[Epoch 19] Training... (lr at epoch start=0.002447)
  Batch [50/390] Loss: 0.3253, Acc: 90.12%, lr: 0.002146
  Batch [100/390] Loss: 0.3342, Acc: 89.12%, lr: 0.001864
  Batch [150/390] Loss: 0.3345, Acc: 88.79%, lr: 0.001601
  Batch [200/390] Loss: 0.3253, Acc: 89.22%, lr: 0.001358
  Batch [250/390] Loss: 0.3324, Acc: 88.95%, lr: 0.001135
  Batch [300/390] Loss: 0.3385, Acc: 88.62%, lr: 0.000931
  Batch [350/390] Loss: 0.3362, Acc: 88.66%, lr: 0.000748
[Epoch 19] Train Loss: 0.3291, Acc: 88.85%  |  Val Loss: 0.3718, Acc: 87.80%  |  Time: 54.5s
[Epoch 19] t_iter median: 128.54 ms  (fwd 7.60 | bwd+comm 117.44 | opt 3.34 | data 0.12)  |  train-only epoch: 50.5s
  -> Best model saved (87.80%)
[Epoch 19] Summarizing hook timing...

[HOOK_TIMING_SUMMARY] epoch=19
[HOOK_WORK_SUMMARY] label=nccl:ring_zfp_naive:rate16 calls=3120 work_total_ms=45443.220 work_mean_ms=14.565 work_min_ms=7.829 work_max_ms=43.199
[HOOK_TAIL_SUMMARY] label=nccl:ring_zfp_naive:rate16 steps=390 tail_total_ms=41587.252 tail_mean_ms=106.634 tail_min_ms=95.735 tail_max_ms=125.212
[Epoch 19] Hook timing summary done

[Epoch 20] Training... (lr at epoch start=0.000616)
  Batch [50/390] Loss: 0.2663, Acc: 90.88%, lr: 0.000468
  Batch [100/390] Loss: 0.2830, Acc: 90.25%, lr: 0.000341
  Batch [150/390] Loss: 0.2761, Acc: 90.42%, lr: 0.000233
  Batch [200/390] Loss: 0.2785, Acc: 90.28%, lr: 0.000146
  Batch [250/390] Loss: 0.2904, Acc: 89.80%, lr: 0.000079
  Batch [300/390] Loss: 0.2894, Acc: 89.73%, lr: 0.000033
  Batch [350/390] Loss: 0.2898, Acc: 89.71%, lr: 0.000006
[Epoch 20] Train Loss: 0.2936, Acc: 89.52%  |  Val Loss: 0.3712, Acc: 87.78%  |  Time: 55.6s
[Epoch 20] t_iter median: 130.67 ms  (fwd 7.59 | bwd+comm 119.69 | opt 3.32 | data 0.13)  |  train-only epoch: 51.5s
[Epoch 20] Summarizing hook timing...

[HOOK_TIMING_SUMMARY] epoch=20
[HOOK_WORK_SUMMARY] label=nccl:ring_zfp_naive:rate16 calls=3120 work_total_ms=46513.946 work_mean_ms=14.908 work_min_ms=7.804 work_max_ms=133.207
[HOOK_TAIL_SUMMARY] label=nccl:ring_zfp_naive:rate16 steps=390 tail_total_ms=42706.645 tail_mean_ms=109.504 tail_min_ms=96.176 tail_max_ms=215.358
[Epoch 20] Hook timing summary done

================================================================================
Done in 1108.8s | Best val acc: 87.80%
Epoch times (train+val): mean=54.6s  min=52.7s  max=56.4s
Train-only epoch time (epochs 2..N): median=50.46s  min=48.62s  max=52.10s
  -> use this for STRONG scaling (fixed global batch)
  -> use t_iter_median_ms from the CSV for WEAK scaling (fixed local batch)
================================================================================
=== Finished training: model=wide_resnet50_2, dataset=cifar10, batch=16, lr=0.1, scheduler=cosine, backend=nccl, hook=ring_zfp_naive, zfp_rate=16, status=0 at Wed Jul 15 10:20:47 PM UTC 2026 ===