
================================================================================
Distributed Training: WIDE_RESNET50_2 on CIFAR10
Backend: MPI, Algorithm: recursive_doubling
================================================================================
Ranks: 8, Epochs: 20, Batch/rank: 128, Effective batch: 1024
LR: 0.001, Device: cuda:0

[Setup] Model on cuda:0, wrapped in DDP (static_graph=True)
[Setup] Hook registered: mpi/recursive_doubling
[Data] Train batches: 49, Val batches: 10


[Epoch 1] Training... (lr=0.000001)
[Epoch 1] Train Loss: 2.3676, Acc: 9.98%  |  Val Loss: 2.5392, Acc: 10.96%  |  Time: 5.6s
  -> Best model saved (10.96%)
[Epoch 1] Summarizing hook timing...

[HOOK_TIMING_SUMMARY] epoch=1
[HOOK_WORK_SUMMARY] label=mpi:recursive_doubling calls=378 work_total_ms=3319.445 work_mean_ms=8.782 work_min_ms=2.542 work_max_ms=91.403
[HOOK_TAIL_SUMMARY] label=mpi:recursive_doubling steps=50 tail_total_ms=2792.620 tail_mean_ms=55.852 tail_min_ms=5.139 tail_max_ms=106.881
[Epoch 1] Hook timing summary done

[Epoch 2] Training... (lr=0.001000)
[Epoch 2] Train Loss: 2.2556, Acc: 16.80%  |  Val Loss: 3.3655, Acc: 23.84%  |  Time: 4.4s
  -> Best model saved (23.84%)
[Epoch 2] Summarizing hook timing...

[HOOK_TIMING_SUMMARY] epoch=2
[HOOK_WORK_SUMMARY] label=mpi:recursive_doubling calls=392 work_total_ms=3289.804 work_mean_ms=8.392 work_min_ms=2.968 work_max_ms=18.811
[HOOK_TAIL_SUMMARY] label=mpi:recursive_doubling steps=49 tail_total_ms=2854.983 tail_mean_ms=58.265 tail_min_ms=51.816 tail_max_ms=63.598
[Epoch 2] Hook timing summary done

[Epoch 3] Training... (lr=0.000993)
[Epoch 3] Train Loss: 2.0598, Acc: 29.33%  |  Val Loss: 1.9471, Acc: 37.60%  |  Time: 4.6s
  -> Best model saved (37.60%)
[Epoch 3] Summarizing hook timing...

[HOOK_TIMING_SUMMARY] epoch=3
[HOOK_WORK_SUMMARY] label=mpi:recursive_doubling calls=392 work_total_ms=3461.650 work_mean_ms=8.831 work_min_ms=3.019 work_max_ms=21.666
[HOOK_TAIL_SUMMARY] label=mpi:recursive_doubling steps=49 tail_total_ms=3031.302 tail_mean_ms=61.863 tail_min_ms=57.932 tail_max_ms=65.489
[Epoch 3] Hook timing summary done

[Epoch 4] Training... (lr=0.000973)
[Epoch 4] Train Loss: 1.8517, Acc: 37.62%  |  Val Loss: 1.7558, Acc: 43.76%  |  Time: 4.6s
  -> Best model saved (43.76%)
[Epoch 4] Summarizing hook timing...

[HOOK_TIMING_SUMMARY] epoch=4
[HOOK_WORK_SUMMARY] label=mpi:recursive_doubling calls=392 work_total_ms=3496.786 work_mean_ms=8.920 work_min_ms=2.939 work_max_ms=18.923
[HOOK_TAIL_SUMMARY] label=mpi:recursive_doubling steps=49 tail_total_ms=3082.509 tail_mean_ms=62.908 tail_min_ms=55.687 tail_max_ms=66.661
[Epoch 4] Hook timing summary done

[Epoch 5] Training... (lr=0.000940)
[Epoch 5] Train Loss: 1.6674, Acc: 43.86%  |  Val Loss: 1.5630, Acc: 48.16%  |  Time: 4.6s
  -> Best model saved (48.16%)
[Epoch 5] Summarizing hook timing...

[HOOK_TIMING_SUMMARY] epoch=5
[HOOK_WORK_SUMMARY] label=mpi:recursive_doubling calls=392 work_total_ms=3419.799 work_mean_ms=8.724 work_min_ms=2.995 work_max_ms=19.261
[HOOK_TAIL_SUMMARY] label=mpi:recursive_doubling steps=49 tail_total_ms=2982.894 tail_mean_ms=60.875 tail_min_ms=56.999 tail_max_ms=64.843
[Epoch 5] Hook timing summary done

[Epoch 6] Training... (lr=0.000895)
[Epoch 6] Train Loss: 1.5392, Acc: 48.40%  |  Val Loss: 1.4321, Acc: 52.88%  |  Time: 4.6s
  -> Best model saved (52.88%)
[Epoch 6] Summarizing hook timing...

[HOOK_TIMING_SUMMARY] epoch=6
[HOOK_WORK_SUMMARY] label=mpi:recursive_doubling calls=392 work_total_ms=3433.347 work_mean_ms=8.759 work_min_ms=3.032 work_max_ms=18.896
[HOOK_TAIL_SUMMARY] label=mpi:recursive_doubling steps=49 tail_total_ms=3001.843 tail_mean_ms=61.262 tail_min_ms=56.069 tail_max_ms=66.537
[Epoch 6] Hook timing summary done

[Epoch 7] Training... (lr=0.000839)
[Epoch 7] Train Loss: 1.3938, Acc: 52.05%  |  Val Loss: 1.3355, Acc: 56.88%  |  Time: 4.6s
  -> Best model saved (56.88%)
[Epoch 7] Summarizing hook timing...

[HOOK_TIMING_SUMMARY] epoch=7
[HOOK_WORK_SUMMARY] label=mpi:recursive_doubling calls=392 work_total_ms=3478.913 work_mean_ms=8.875 work_min_ms=3.053 work_max_ms=18.856
[HOOK_TAIL_SUMMARY] label=mpi:recursive_doubling steps=49 tail_total_ms=3062.682 tail_mean_ms=62.504 tail_min_ms=57.843 tail_max_ms=68.737
[Epoch 7] Hook timing summary done

[Epoch 8] Training... (lr=0.000773)
[Epoch 8] Train Loss: 1.3286, Acc: 54.18%  |  Val Loss: 1.3007, Acc: 58.40%  |  Time: 4.6s
  -> Best model saved (58.40%)
[Epoch 8] Summarizing hook timing...

[HOOK_TIMING_SUMMARY] epoch=8
[HOOK_WORK_SUMMARY] label=mpi:recursive_doubling calls=392 work_total_ms=3452.668 work_mean_ms=8.808 work_min_ms=3.050 work_max_ms=22.625
[HOOK_TAIL_SUMMARY] label=mpi:recursive_doubling steps=49 tail_total_ms=3018.241 tail_mean_ms=61.597 tail_min_ms=55.239 tail_max_ms=67.868
[Epoch 8] Hook timing summary done

[Epoch 9] Training... (lr=0.000701)
[Epoch 9] Train Loss: 1.2329, Acc: 57.01%  |  Val Loss: 1.2260, Acc: 59.52%  |  Time: 4.6s
  -> Best model saved (59.52%)
[Epoch 9] Summarizing hook timing...

[HOOK_TIMING_SUMMARY] epoch=9
[HOOK_WORK_SUMMARY] label=mpi:recursive_doubling calls=392 work_total_ms=3460.561 work_mean_ms=8.828 work_min_ms=3.066 work_max_ms=19.238
[HOOK_TAIL_SUMMARY] label=mpi:recursive_doubling steps=49 tail_total_ms=3026.432 tail_mean_ms=61.764 tail_min_ms=56.335 tail_max_ms=69.665
[Epoch 9] Hook timing summary done

[Epoch 10] Training... (lr=0.000623)
[Epoch 10] Train Loss: 1.1725, Acc: 59.01%  |  Val Loss: 1.1901, Acc: 60.32%  |  Time: 4.6s
  -> Best model saved (60.32%)
[Epoch 10] Summarizing hook timing...

[HOOK_TIMING_SUMMARY] epoch=10
[HOOK_WORK_SUMMARY] label=mpi:recursive_doubling calls=392 work_total_ms=3484.382 work_mean_ms=8.889 work_min_ms=3.009 work_max_ms=18.898
[HOOK_TAIL_SUMMARY] label=mpi:recursive_doubling steps=49 tail_total_ms=3067.520 tail_mean_ms=62.602 tail_min_ms=54.808 tail_max_ms=68.625
[Epoch 10] Hook timing summary done

[Epoch 11] Training... (lr=0.000541)
[Epoch 11] Train Loss: 1.1333, Acc: 60.45%  |  Val Loss: 1.1466, Acc: 62.08%  |  Time: 4.6s
  -> Best model saved (62.08%)
[Epoch 11] Summarizing hook timing...

[HOOK_TIMING_SUMMARY] epoch=11
[HOOK_WORK_SUMMARY] label=mpi:recursive_doubling calls=392 work_total_ms=3457.892 work_mean_ms=8.821 work_min_ms=2.525 work_max_ms=19.025
[HOOK_TAIL_SUMMARY] label=mpi:recursive_doubling steps=49 tail_total_ms=3035.682 tail_mean_ms=61.953 tail_min_ms=57.385 tail_max_ms=66.263
[Epoch 11] Hook timing summary done

[Epoch 12] Training... (lr=0.000459)
[Epoch 12] Train Loss: 1.1063, Acc: 61.41%  |  Val Loss: 1.0995, Acc: 63.76%  |  Time: 4.6s
  -> Best model saved (63.76%)
[Epoch 12] Summarizing hook timing...

[HOOK_TIMING_SUMMARY] epoch=12
[HOOK_WORK_SUMMARY] label=mpi:recursive_doubling calls=392 work_total_ms=3517.366 work_mean_ms=8.973 work_min_ms=2.989 work_max_ms=22.893
[HOOK_TAIL_SUMMARY] label=mpi:recursive_doubling steps=49 tail_total_ms=3102.444 tail_mean_ms=63.315 tail_min_ms=57.715 tail_max_ms=69.304
[Epoch 12] Hook timing summary done

[Epoch 13] Training... (lr=0.000377)
[Epoch 13] Train Loss: 1.0649, Acc: 63.34%  |  Val Loss: 1.1087, Acc: 62.64%  |  Time: 4.6s
[Epoch 13] Summarizing hook timing...

[HOOK_TIMING_SUMMARY] epoch=13
[HOOK_WORK_SUMMARY] label=mpi:recursive_doubling calls=392 work_total_ms=3461.502 work_mean_ms=8.830 work_min_ms=3.046 work_max_ms=21.858
[HOOK_TAIL_SUMMARY] label=mpi:recursive_doubling steps=49 tail_total_ms=3027.188 tail_mean_ms=61.779 tail_min_ms=58.427 tail_max_ms=66.792
[Epoch 13] Hook timing summary done

[Epoch 14] Training... (lr=0.000299)
[Epoch 14] Train Loss: 1.0915, Acc: 61.58%  |  Val Loss: 1.1290, Acc: 63.52%  |  Time: 4.6s
[Epoch 14] Summarizing hook timing...

[HOOK_TIMING_SUMMARY] epoch=14
[HOOK_WORK_SUMMARY] label=mpi:recursive_doubling calls=392 work_total_ms=3508.858 work_mean_ms=8.951 work_min_ms=3.069 work_max_ms=35.606
[HOOK_TAIL_SUMMARY] label=mpi:recursive_doubling steps=49 tail_total_ms=3080.315 tail_mean_ms=62.864 tail_min_ms=58.155 tail_max_ms=90.060
[Epoch 14] Hook timing summary done

[Epoch 15] Training... (lr=0.000227)
[Epoch 15] Train Loss: 1.0579, Acc: 63.33%  |  Val Loss: 1.0650, Acc: 63.84%  |  Time: 4.6s
  -> Best model saved (63.84%)
[Epoch 15] Summarizing hook timing...

[HOOK_TIMING_SUMMARY] epoch=15
[HOOK_WORK_SUMMARY] label=mpi:recursive_doubling calls=392 work_total_ms=3533.011 work_mean_ms=9.013 work_min_ms=3.014 work_max_ms=35.012
[HOOK_TAIL_SUMMARY] label=mpi:recursive_doubling steps=49 tail_total_ms=3114.535 tail_mean_ms=63.562 tail_min_ms=58.865 tail_max_ms=91.467
[Epoch 15] Hook timing summary done

[Epoch 16] Training... (lr=0.000161)
[Epoch 16] Train Loss: 1.0286, Acc: 64.75%  |  Val Loss: 1.0682, Acc: 64.56%  |  Time: 4.6s
  -> Best model saved (64.56%)
[Epoch 16] Summarizing hook timing...

[HOOK_TIMING_SUMMARY] epoch=16
[HOOK_WORK_SUMMARY] label=mpi:recursive_doubling calls=392 work_total_ms=3483.185 work_mean_ms=8.886 work_min_ms=3.003 work_max_ms=19.167
[HOOK_TAIL_SUMMARY] label=mpi:recursive_doubling steps=49 tail_total_ms=3066.880 tail_mean_ms=62.589 tail_min_ms=56.860 tail_max_ms=67.313
[Epoch 16] Hook timing summary done

[Epoch 17] Training... (lr=0.000105)
[Epoch 17] Train Loss: 1.0440, Acc: 63.97%  |  Val Loss: 1.0186, Acc: 64.72%  |  Time: 4.6s
  -> Best model saved (64.72%)
[Epoch 17] Summarizing hook timing...

[HOOK_TIMING_SUMMARY] epoch=17
[HOOK_WORK_SUMMARY] label=mpi:recursive_doubling calls=392 work_total_ms=3422.770 work_mean_ms=8.732 work_min_ms=3.033 work_max_ms=18.949
[HOOK_TAIL_SUMMARY] label=mpi:recursive_doubling steps=49 tail_total_ms=2992.803 tail_mean_ms=61.078 tail_min_ms=56.577 tail_max_ms=64.661
[Epoch 17] Hook timing summary done

[Epoch 18] Training... (lr=0.000060)
[Epoch 18] Train Loss: 1.0300, Acc: 63.62%  |  Val Loss: 1.0229, Acc: 65.36%  |  Time: 4.6s
  -> Best model saved (65.36%)
[Epoch 18] Summarizing hook timing...

[HOOK_TIMING_SUMMARY] epoch=18
[HOOK_WORK_SUMMARY] label=mpi:recursive_doubling calls=392 work_total_ms=3453.820 work_mean_ms=8.811 work_min_ms=3.028 work_max_ms=18.833
[HOOK_TAIL_SUMMARY] label=mpi:recursive_doubling steps=49 tail_total_ms=3020.798 tail_mean_ms=61.649 tail_min_ms=54.666 tail_max_ms=66.557
[Epoch 18] Hook timing summary done

[Epoch 19] Training... (lr=0.000027)
[Epoch 19] Train Loss: 1.0136, Acc: 64.96%  |  Val Loss: 1.0406, Acc: 65.68%  |  Time: 4.6s
  -> Best model saved (65.68%)
[Epoch 19] Summarizing hook timing...

[HOOK_TIMING_SUMMARY] epoch=19
[HOOK_WORK_SUMMARY] label=mpi:recursive_doubling calls=392 work_total_ms=3439.246 work_mean_ms=8.774 work_min_ms=2.945 work_max_ms=18.887
[HOOK_TAIL_SUMMARY] label=mpi:recursive_doubling steps=49 tail_total_ms=3005.035 tail_mean_ms=61.327 tail_min_ms=57.160 tail_max_ms=65.166
[Epoch 19] Hook timing summary done

[Epoch 20] Training... (lr=0.000007)
[Epoch 20] Train Loss: 1.0226, Acc: 64.82%  |  Val Loss: 1.0247, Acc: 65.36%  |  Time: 4.6s
[Epoch 20] Summarizing hook timing...

[HOOK_TIMING_SUMMARY] epoch=20
[HOOK_WORK_SUMMARY] label=mpi:recursive_doubling calls=392 work_total_ms=3442.497 work_mean_ms=8.782 work_min_ms=2.987 work_max_ms=18.947
[HOOK_TAIL_SUMMARY] label=mpi:recursive_doubling steps=49 tail_total_ms=3007.397 tail_mean_ms=61.375 tail_min_ms=54.281 tail_max_ms=66.337
[Epoch 20] Hook timing summary done

================================================================================
Done in 107.4s | Best val acc: 65.68%
Epoch times: mean=4.6s  min=4.4s  max=5.6s
================================================================================
