
================================================================================
Distributed Training: WIDE_RESNET50_2 on CIFAR10
Backend: MPI, Algorithm: ring_zfp_online_coll
================================================================================
Ranks: 8, Epochs: 20, Batch/rank: 128, Effective batch: 1024
LR: 0.001, Device: cuda:0

[Setup] Model on cuda:0, wrapped in DDP (static_graph=True)
[Setup] Hook registered: mpi/ring_zfp_online_coll
[Data] Train batches: 49, Val batches: 10


[Epoch 1] Training... (lr=0.000001)
[Epoch 1] Train Loss: 2.3677, Acc: 9.94%  |  Val Loss: 2.5393, Acc: 10.88%  |  Time: 4.1s
  -> Best model saved (10.88%)
[Epoch 1] Summarizing hook timing...

[HOOK_TIMING_SUMMARY] epoch=1
[HOOK_WORK_SUMMARY] label=mpi:ring_zfp_online_coll:rate16 calls=378 work_total_ms=1694.786 work_mean_ms=4.484 work_min_ms=2.553 work_max_ms=51.405
[HOOK_TAIL_SUMMARY] label=mpi:ring_zfp_online_coll:rate16 steps=50 tail_total_ms=1223.920 tail_mean_ms=24.478 tail_min_ms=10.830 tail_max_ms=165.858
[Epoch 1] Hook timing summary done

[Epoch 2] Training... (lr=0.001000)
[Epoch 2] Train Loss: 2.2639, Acc: 16.38%  |  Val Loss: 8.4514, Acc: 24.72%  |  Time: 2.7s
  -> Best model saved (24.72%)
[Epoch 2] Summarizing hook timing...

[HOOK_TIMING_SUMMARY] epoch=2
[HOOK_WORK_SUMMARY] label=mpi:ring_zfp_online_coll:rate16 calls=392 work_total_ms=1545.008 work_mean_ms=3.941 work_min_ms=2.580 work_max_ms=8.396
[HOOK_TAIL_SUMMARY] label=mpi:ring_zfp_online_coll:rate16 steps=49 tail_total_ms=1037.053 tail_mean_ms=21.164 tail_min_ms=18.625 tail_max_ms=26.742
[Epoch 2] Hook timing summary done

[Epoch 3] Training... (lr=0.000993)
[Epoch 3] Train Loss: 2.0843, Acc: 27.63%  |  Val Loss: 2.0358, Acc: 37.12%  |  Time: 2.7s
  -> Best model saved (37.12%)
[Epoch 3] Summarizing hook timing...

[HOOK_TIMING_SUMMARY] epoch=3
[HOOK_WORK_SUMMARY] label=mpi:ring_zfp_online_coll:rate16 calls=392 work_total_ms=1574.548 work_mean_ms=4.017 work_min_ms=2.557 work_max_ms=5.875
[HOOK_TAIL_SUMMARY] label=mpi:ring_zfp_online_coll:rate16 steps=49 tail_total_ms=1106.977 tail_mean_ms=22.591 tail_min_ms=18.216 tail_max_ms=23.316
[Epoch 3] Hook timing summary done

[Epoch 4] Training... (lr=0.000973)
[Epoch 4] Train Loss: 1.8683, Acc: 36.85%  |  Val Loss: 1.7778, Acc: 43.52%  |  Time: 2.7s
  -> Best model saved (43.52%)
[Epoch 4] Summarizing hook timing...

[HOOK_TIMING_SUMMARY] epoch=4
[HOOK_WORK_SUMMARY] label=mpi:ring_zfp_online_coll:rate16 calls=392 work_total_ms=1565.556 work_mean_ms=3.994 work_min_ms=2.559 work_max_ms=6.236
[HOOK_TAIL_SUMMARY] label=mpi:ring_zfp_online_coll:rate16 steps=49 tail_total_ms=1097.482 tail_mean_ms=22.398 tail_min_ms=18.818 tail_max_ms=23.170
[Epoch 4] Hook timing summary done

[Epoch 5] Training... (lr=0.000940)
[Epoch 5] Train Loss: 1.6899, Acc: 43.17%  |  Val Loss: 1.5800, Acc: 49.52%  |  Time: 2.7s
  -> Best model saved (49.52%)
[Epoch 5] Summarizing hook timing...

[HOOK_TIMING_SUMMARY] epoch=5
[HOOK_WORK_SUMMARY] label=mpi:ring_zfp_online_coll:rate16 calls=392 work_total_ms=1564.908 work_mean_ms=3.992 work_min_ms=2.533 work_max_ms=5.918
[HOOK_TAIL_SUMMARY] label=mpi:ring_zfp_online_coll:rate16 steps=49 tail_total_ms=1101.943 tail_mean_ms=22.489 tail_min_ms=19.464 tail_max_ms=23.158
[Epoch 5] Hook timing summary done

[Epoch 6] Training... (lr=0.000895)
[Epoch 6] Train Loss: 1.5592, Acc: 47.57%  |  Val Loss: 1.4712, Acc: 53.20%  |  Time: 2.7s
  -> Best model saved (53.20%)
[Epoch 6] Summarizing hook timing...

[HOOK_TIMING_SUMMARY] epoch=6
[HOOK_WORK_SUMMARY] label=mpi:ring_zfp_online_coll:rate16 calls=392 work_total_ms=1537.760 work_mean_ms=3.923 work_min_ms=2.562 work_max_ms=6.087
[HOOK_TAIL_SUMMARY] label=mpi:ring_zfp_online_coll:rate16 steps=49 tail_total_ms=1050.607 tail_mean_ms=21.441 tail_min_ms=18.529 tail_max_ms=22.252
[Epoch 6] Hook timing summary done

[Epoch 7] Training... (lr=0.000839)
[Epoch 7] Train Loss: 1.4247, Acc: 51.42%  |  Val Loss: 1.3857, Acc: 54.96%  |  Time: 2.7s
  -> Best model saved (54.96%)
[Epoch 7] Summarizing hook timing...

[HOOK_TIMING_SUMMARY] epoch=7
[HOOK_WORK_SUMMARY] label=mpi:ring_zfp_online_coll:rate16 calls=392 work_total_ms=1565.927 work_mean_ms=3.995 work_min_ms=2.533 work_max_ms=6.049
[HOOK_TAIL_SUMMARY] label=mpi:ring_zfp_online_coll:rate16 steps=49 tail_total_ms=1100.600 tail_mean_ms=22.461 tail_min_ms=18.733 tail_max_ms=24.421
[Epoch 7] Hook timing summary done

[Epoch 8] Training... (lr=0.000773)
[Epoch 8] Train Loss: 1.3613, Acc: 53.95%  |  Val Loss: 1.3053, Acc: 57.84%  |  Time: 2.7s
  -> Best model saved (57.84%)
[Epoch 8] Summarizing hook timing...

[HOOK_TIMING_SUMMARY] epoch=8
[HOOK_WORK_SUMMARY] label=mpi:ring_zfp_online_coll:rate16 calls=392 work_total_ms=1577.192 work_mean_ms=4.023 work_min_ms=2.535 work_max_ms=5.784
[HOOK_TAIL_SUMMARY] label=mpi:ring_zfp_online_coll:rate16 steps=49 tail_total_ms=1115.823 tail_mean_ms=22.772 tail_min_ms=18.969 tail_max_ms=23.645
[Epoch 8] Hook timing summary done

[Epoch 9] Training... (lr=0.000701)
[Epoch 9] Train Loss: 1.2513, Acc: 57.01%  |  Val Loss: 1.2263, Acc: 59.92%  |  Time: 2.7s
  -> Best model saved (59.92%)
[Epoch 9] Summarizing hook timing...

[HOOK_TIMING_SUMMARY] epoch=9
[HOOK_WORK_SUMMARY] label=mpi:ring_zfp_online_coll:rate16 calls=392 work_total_ms=1544.128 work_mean_ms=3.939 work_min_ms=2.543 work_max_ms=5.969
[HOOK_TAIL_SUMMARY] label=mpi:ring_zfp_online_coll:rate16 steps=49 tail_total_ms=1061.148 tail_mean_ms=21.656 tail_min_ms=18.531 tail_max_ms=22.542
[Epoch 9] Hook timing summary done

[Epoch 10] Training... (lr=0.000623)
[Epoch 10] Train Loss: 1.2033, Acc: 58.29%  |  Val Loss: 1.1873, Acc: 62.08%  |  Time: 2.7s
  -> Best model saved (62.08%)
[Epoch 10] Summarizing hook timing...

[HOOK_TIMING_SUMMARY] epoch=10
[HOOK_WORK_SUMMARY] label=mpi:ring_zfp_online_coll:rate16 calls=392 work_total_ms=1538.306 work_mean_ms=3.924 work_min_ms=2.529 work_max_ms=6.101
[HOOK_TAIL_SUMMARY] label=mpi:ring_zfp_online_coll:rate16 steps=49 tail_total_ms=1050.949 tail_mean_ms=21.448 tail_min_ms=18.452 tail_max_ms=22.524
[Epoch 10] Hook timing summary done

[Epoch 11] Training... (lr=0.000541)
[Epoch 11] Train Loss: 1.1505, Acc: 59.70%  |  Val Loss: 1.1351, Acc: 61.52%  |  Time: 2.7s
[Epoch 11] Summarizing hook timing...

[HOOK_TIMING_SUMMARY] epoch=11
[HOOK_WORK_SUMMARY] label=mpi:ring_zfp_online_coll:rate16 calls=392 work_total_ms=1573.952 work_mean_ms=4.015 work_min_ms=2.550 work_max_ms=6.097
[HOOK_TAIL_SUMMARY] label=mpi:ring_zfp_online_coll:rate16 steps=49 tail_total_ms=1112.517 tail_mean_ms=22.704 tail_min_ms=18.548 tail_max_ms=23.642
[Epoch 11] Hook timing summary done

[Epoch 12] Training... (lr=0.000459)
[Epoch 12] Train Loss: 1.1218, Acc: 61.41%  |  Val Loss: 1.1100, Acc: 64.08%  |  Time: 2.7s
  -> Best model saved (64.08%)
[Epoch 12] Summarizing hook timing...

[HOOK_TIMING_SUMMARY] epoch=12
[HOOK_WORK_SUMMARY] label=mpi:ring_zfp_online_coll:rate16 calls=392 work_total_ms=1544.395 work_mean_ms=3.940 work_min_ms=2.548 work_max_ms=6.264
[HOOK_TAIL_SUMMARY] label=mpi:ring_zfp_online_coll:rate16 steps=49 tail_total_ms=1062.381 tail_mean_ms=21.681 tail_min_ms=20.639 tail_max_ms=22.683
[Epoch 12] Hook timing summary done

[Epoch 13] Training... (lr=0.000377)
[Epoch 13] Train Loss: 1.0906, Acc: 62.21%  |  Val Loss: 1.0854, Acc: 64.16%  |  Time: 2.7s
  -> Best model saved (64.16%)
[Epoch 13] Summarizing hook timing...

[HOOK_TIMING_SUMMARY] epoch=13
[HOOK_WORK_SUMMARY] label=mpi:ring_zfp_online_coll:rate16 calls=392 work_total_ms=1570.712 work_mean_ms=4.007 work_min_ms=2.538 work_max_ms=5.757
[HOOK_TAIL_SUMMARY] label=mpi:ring_zfp_online_coll:rate16 steps=49 tail_total_ms=1109.906 tail_mean_ms=22.651 tail_min_ms=18.797 tail_max_ms=23.569
[Epoch 13] Hook timing summary done

[Epoch 14] Training... (lr=0.000299)
[Epoch 14] Train Loss: 1.1009, Acc: 60.88%  |  Val Loss: 1.0548, Acc: 65.20%  |  Time: 2.7s
  -> Best model saved (65.20%)
[Epoch 14] Summarizing hook timing...

[HOOK_TIMING_SUMMARY] epoch=14
[HOOK_WORK_SUMMARY] label=mpi:ring_zfp_online_coll:rate16 calls=392 work_total_ms=1579.161 work_mean_ms=4.028 work_min_ms=2.551 work_max_ms=6.097
[HOOK_TAIL_SUMMARY] label=mpi:ring_zfp_online_coll:rate16 steps=49 tail_total_ms=1115.436 tail_mean_ms=22.764 tail_min_ms=18.283 tail_max_ms=23.853
[Epoch 14] Hook timing summary done

[Epoch 15] Training... (lr=0.000227)
[Epoch 15] Train Loss: 1.0678, Acc: 63.26%  |  Val Loss: 1.0609, Acc: 64.48%  |  Time: 2.7s
[Epoch 15] Summarizing hook timing...

[HOOK_TIMING_SUMMARY] epoch=15
[HOOK_WORK_SUMMARY] label=mpi:ring_zfp_online_coll:rate16 calls=392 work_total_ms=1575.646 work_mean_ms=4.020 work_min_ms=2.538 work_max_ms=6.324
[HOOK_TAIL_SUMMARY] label=mpi:ring_zfp_online_coll:rate16 steps=49 tail_total_ms=1113.874 tail_mean_ms=22.732 tail_min_ms=19.062 tail_max_ms=23.488
[Epoch 15] Hook timing summary done

[Epoch 16] Training... (lr=0.000161)
[Epoch 16] Train Loss: 1.0467, Acc: 63.86%  |  Val Loss: 1.0498, Acc: 65.68%  |  Time: 2.7s
  -> Best model saved (65.68%)
[Epoch 16] Summarizing hook timing...

[HOOK_TIMING_SUMMARY] epoch=16
[HOOK_WORK_SUMMARY] label=mpi:ring_zfp_online_coll:rate16 calls=392 work_total_ms=1586.045 work_mean_ms=4.046 work_min_ms=2.548 work_max_ms=19.446
[HOOK_TAIL_SUMMARY] label=mpi:ring_zfp_online_coll:rate16 steps=49 tail_total_ms=1125.727 tail_mean_ms=22.974 tail_min_ms=21.897 tail_max_ms=36.899
[Epoch 16] Hook timing summary done

[Epoch 17] Training... (lr=0.000105)
[Epoch 17] Train Loss: 1.0630, Acc: 63.25%  |  Val Loss: 1.0405, Acc: 65.84%  |  Time: 2.7s
  -> Best model saved (65.84%)
[Epoch 17] Summarizing hook timing...

[HOOK_TIMING_SUMMARY] epoch=17
[HOOK_WORK_SUMMARY] label=mpi:ring_zfp_online_coll:rate16 calls=392 work_total_ms=1562.827 work_mean_ms=3.987 work_min_ms=2.516 work_max_ms=7.407
[HOOK_TAIL_SUMMARY] label=mpi:ring_zfp_online_coll:rate16 steps=49 tail_total_ms=1098.912 tail_mean_ms=22.427 tail_min_ms=19.005 tail_max_ms=25.274
[Epoch 17] Hook timing summary done

[Epoch 18] Training... (lr=0.000060)
[Epoch 18] Train Loss: 1.0523, Acc: 63.09%  |  Val Loss: 1.0574, Acc: 66.08%  |  Time: 2.7s
  -> Best model saved (66.08%)
[Epoch 18] Summarizing hook timing...

[HOOK_TIMING_SUMMARY] epoch=18
[HOOK_WORK_SUMMARY] label=mpi:ring_zfp_online_coll:rate16 calls=392 work_total_ms=1531.799 work_mean_ms=3.908 work_min_ms=2.531 work_max_ms=6.196
[HOOK_TAIL_SUMMARY] label=mpi:ring_zfp_online_coll:rate16 steps=49 tail_total_ms=1058.023 tail_mean_ms=21.592 tail_min_ms=20.496 tail_max_ms=30.822
[Epoch 18] Hook timing summary done

[Epoch 19] Training... (lr=0.000027)
[Epoch 19] Train Loss: 1.0295, Acc: 64.32%  |  Val Loss: 1.0302, Acc: 66.16%  |  Time: 2.7s
  -> Best model saved (66.16%)
[Epoch 19] Summarizing hook timing...

[HOOK_TIMING_SUMMARY] epoch=19
[HOOK_WORK_SUMMARY] label=mpi:ring_zfp_online_coll:rate16 calls=392 work_total_ms=1529.425 work_mean_ms=3.902 work_min_ms=2.554 work_max_ms=6.195
[HOOK_TAIL_SUMMARY] label=mpi:ring_zfp_online_coll:rate16 steps=49 tail_total_ms=1044.067 tail_mean_ms=21.307 tail_min_ms=19.356 tail_max_ms=21.894
[Epoch 19] Hook timing summary done

[Epoch 20] Training... (lr=0.000007)
[Epoch 20] Train Loss: 1.0467, Acc: 64.19%  |  Val Loss: 1.0717, Acc: 66.08%  |  Time: 2.7s
[Epoch 20] Summarizing hook timing...

[HOOK_TIMING_SUMMARY] epoch=20
[HOOK_WORK_SUMMARY] label=mpi:ring_zfp_online_coll:rate16 calls=392 work_total_ms=1526.370 work_mean_ms=3.894 work_min_ms=2.518 work_max_ms=6.005
[HOOK_TAIL_SUMMARY] label=mpi:ring_zfp_online_coll:rate16 steps=49 tail_total_ms=1039.931 tail_mean_ms=21.223 tail_min_ms=19.271 tail_max_ms=22.315
[Epoch 20] Hook timing summary done

================================================================================
Done in 70.4s | Best val acc: 66.16%
Epoch times: mean=2.8s  min=2.7s  max=4.1s
================================================================================
