
================================================================================
Distributed Training: WIDE_RESNET50_2 on CIFAR10
Backend: MPI, Algorithm: built-in (no hook)
================================================================================
Ranks: 8, Epochs: 20, Batch/rank: 128, Effective batch: 1024
LR: 0.001, Device: cuda:0

[Setup] Model on cuda:0, wrapped in DDP (static_graph=True)
[Setup] No hook — using DDP built-in MPI allreduce
[Data] Train batches: 49, Val batches: 10


[Epoch 1] Training... (lr=0.000001)
[Epoch 1] Train Loss: 2.3676, Acc: 10.00%  |  Val Loss: 2.5391, Acc: 10.96%  |  Time: 5.9s
  -> Best model saved (10.96%)
[Epoch 1] Summarizing hook timing...
[HOOK_TIMING_SUMMARY] epoch=1 no hook timing samples
[Epoch 1] Hook timing summary done

[Epoch 2] Training... (lr=0.001000)
[Epoch 2] Train Loss: 2.2656, Acc: 16.93%  |  Val Loss: 7.7759, Acc: 25.36%  |  Time: 2.5s
  -> Best model saved (25.36%)
[Epoch 2] Summarizing hook timing...
[HOOK_TIMING_SUMMARY] epoch=2 no hook timing samples
[Epoch 2] Hook timing summary done

[Epoch 3] Training... (lr=0.000993)
[Epoch 3] Train Loss: 2.0877, Acc: 27.62%  |  Val Loss: 2.2863, Acc: 35.68%  |  Time: 2.5s
  -> Best model saved (35.68%)
[Epoch 3] Summarizing hook timing...
[HOOK_TIMING_SUMMARY] epoch=3 no hook timing samples
[Epoch 3] Hook timing summary done

[Epoch 4] Training... (lr=0.000973)
[Epoch 4] Train Loss: 1.8799, Acc: 37.01%  |  Val Loss: 1.9897, Acc: 45.04%  |  Time: 2.5s
  -> Best model saved (45.04%)
[Epoch 4] Summarizing hook timing...
[HOOK_TIMING_SUMMARY] epoch=4 no hook timing samples
[Epoch 4] Hook timing summary done

[Epoch 5] Training... (lr=0.000940)
[Epoch 5] Train Loss: 1.7074, Acc: 42.74%  |  Val Loss: 1.6612, Acc: 49.04%  |  Time: 2.5s
  -> Best model saved (49.04%)
[Epoch 5] Summarizing hook timing...
[HOOK_TIMING_SUMMARY] epoch=5 no hook timing samples
[Epoch 5] Hook timing summary done

[Epoch 6] Training... (lr=0.000895)
[Epoch 6] Train Loss: 1.5748, Acc: 46.11%  |  Val Loss: 1.5692, Acc: 53.04%  |  Time: 2.5s
  -> Best model saved (53.04%)
[Epoch 6] Summarizing hook timing...
[HOOK_TIMING_SUMMARY] epoch=6 no hook timing samples
[Epoch 6] Hook timing summary done

[Epoch 7] Training... (lr=0.000839)
[Epoch 7] Train Loss: 1.4469, Acc: 50.35%  |  Val Loss: 1.4811, Acc: 57.44%  |  Time: 2.5s
  -> Best model saved (57.44%)
[Epoch 7] Summarizing hook timing...
[HOOK_TIMING_SUMMARY] epoch=7 no hook timing samples
[Epoch 7] Hook timing summary done

[Epoch 8] Training... (lr=0.000773)
[Epoch 8] Train Loss: 1.3783, Acc: 52.59%  |  Val Loss: 1.4171, Acc: 56.48%  |  Time: 2.5s
[Epoch 8] Summarizing hook timing...
[HOOK_TIMING_SUMMARY] epoch=8 no hook timing samples
[Epoch 8] Hook timing summary done

[Epoch 9] Training... (lr=0.000701)
[Epoch 9] Train Loss: 1.2705, Acc: 56.03%  |  Val Loss: 1.2881, Acc: 58.40%  |  Time: 2.6s
  -> Best model saved (58.40%)
[Epoch 9] Summarizing hook timing...
[HOOK_TIMING_SUMMARY] epoch=9 no hook timing samples
[Epoch 9] Hook timing summary done

[Epoch 10] Training... (lr=0.000623)
[Epoch 10] Train Loss: 1.2203, Acc: 57.65%  |  Val Loss: 1.1835, Acc: 61.04%  |  Time: 2.5s
  -> Best model saved (61.04%)
[Epoch 10] Summarizing hook timing...
[HOOK_TIMING_SUMMARY] epoch=10 no hook timing samples
[Epoch 10] Hook timing summary done

[Epoch 11] Training... (lr=0.000541)
[Epoch 11] Train Loss: 1.1741, Acc: 58.72%  |  Val Loss: 1.1430, Acc: 62.32%  |  Time: 2.5s
  -> Best model saved (62.32%)
[Epoch 11] Summarizing hook timing...
[HOOK_TIMING_SUMMARY] epoch=11 no hook timing samples
[Epoch 11] Hook timing summary done

[Epoch 12] Training... (lr=0.000459)
[Epoch 12] Train Loss: 1.1363, Acc: 60.27%  |  Val Loss: 1.1012, Acc: 63.92%  |  Time: 2.5s
  -> Best model saved (63.92%)
[Epoch 12] Summarizing hook timing...
[HOOK_TIMING_SUMMARY] epoch=12 no hook timing samples
[Epoch 12] Hook timing summary done

[Epoch 13] Training... (lr=0.000377)
[Epoch 13] Train Loss: 1.1040, Acc: 62.21%  |  Val Loss: 1.0952, Acc: 63.52%  |  Time: 2.5s
[Epoch 13] Summarizing hook timing...
[HOOK_TIMING_SUMMARY] epoch=13 no hook timing samples
[Epoch 13] Hook timing summary done

[Epoch 14] Training... (lr=0.000299)
[Epoch 14] Train Loss: 1.1192, Acc: 60.59%  |  Val Loss: 1.0667, Acc: 64.64%  |  Time: 2.6s
  -> Best model saved (64.64%)
[Epoch 14] Summarizing hook timing...
[HOOK_TIMING_SUMMARY] epoch=14 no hook timing samples
[Epoch 14] Hook timing summary done

[Epoch 15] Training... (lr=0.000227)
[Epoch 15] Train Loss: 1.0858, Acc: 62.43%  |  Val Loss: 1.0633, Acc: 64.56%  |  Time: 2.5s
[Epoch 15] Summarizing hook timing...
[HOOK_TIMING_SUMMARY] epoch=15 no hook timing samples
[Epoch 15] Hook timing summary done

[Epoch 16] Training... (lr=0.000161)
[Epoch 16] Train Loss: 1.0543, Acc: 64.08%  |  Val Loss: 1.0518, Acc: 65.04%  |  Time: 2.5s
  -> Best model saved (65.04%)
[Epoch 16] Summarizing hook timing...
[HOOK_TIMING_SUMMARY] epoch=16 no hook timing samples
[Epoch 16] Hook timing summary done

[Epoch 17] Training... (lr=0.000105)
[Epoch 17] Train Loss: 1.0728, Acc: 63.62%  |  Val Loss: 1.0243, Acc: 65.44%  |  Time: 2.5s
  -> Best model saved (65.44%)
[Epoch 17] Summarizing hook timing...
[HOOK_TIMING_SUMMARY] epoch=17 no hook timing samples
[Epoch 17] Hook timing summary done

[Epoch 18] Training... (lr=0.000060)
[Epoch 18] Train Loss: 1.0650, Acc: 63.49%  |  Val Loss: 1.0340, Acc: 64.48%  |  Time: 2.5s
[Epoch 18] Summarizing hook timing...
[HOOK_TIMING_SUMMARY] epoch=18 no hook timing samples
[Epoch 18] Hook timing summary done

[Epoch 19] Training... (lr=0.000027)
[Epoch 19] Train Loss: 1.0378, Acc: 63.81%  |  Val Loss: 1.0463, Acc: 65.52%  |  Time: 2.6s
  -> Best model saved (65.52%)
[Epoch 19] Summarizing hook timing...
[HOOK_TIMING_SUMMARY] epoch=19 no hook timing samples
[Epoch 19] Hook timing summary done

[Epoch 20] Training... (lr=0.000007)
[Epoch 20] Train Loss: 1.0512, Acc: 63.84%  |  Val Loss: 1.0447, Acc: 64.56%  |  Time: 2.5s
[Epoch 20] Summarizing hook timing...
[HOOK_TIMING_SUMMARY] epoch=20 no hook timing samples
[Epoch 20] Hook timing summary done

================================================================================
Done in 67.0s | Best val acc: 65.52%
Epoch times: mean=2.7s  min=2.5s  max=5.9s
================================================================================
