
================================================================================
Distributed Training: WIDE_RESNET50_2 on CIFAR10
Backend: MPI, Algorithm: recursive_doubling_zfp_online_coll
================================================================================
Ranks: 8, Epochs: 20, Batch/rank: 128, Effective batch: 1024
LR: 0.001, Device: cuda:0

[Setup] Model on cuda:0, wrapped in DDP (static_graph=True)
[Setup] Hook registered: mpi/recursive_doubling_zfp_online_coll
[Data] Train batches: 49, Val batches: 10


[Epoch 1] Training... (lr=0.000001)
[Epoch 1] Train Loss: 2.3677, Acc: 10.00%  |  Val Loss: 2.5391, Acc: 10.88%  |  Time: 4.4s
  -> Best model saved (10.88%)
[Epoch 1] Summarizing hook timing...

[HOOK_TIMING_SUMMARY] epoch=1
[HOOK_WORK_SUMMARY] label=mpi:recursive_doubling_zfp_online_coll:rate8 calls=378 work_total_ms=1874.698 work_mean_ms=4.960 work_min_ms=2.257 work_max_ms=35.366
[HOOK_TAIL_SUMMARY] label=mpi:recursive_doubling_zfp_online_coll:rate8 steps=50 tail_total_ms=1524.867 tail_mean_ms=30.497 tail_min_ms=4.740 tail_max_ms=153.861
[Epoch 1] Hook timing summary done

[Epoch 2] Training... (lr=0.001000)
[Epoch 2] Train Loss: 2.2606, Acc: 17.20%  |  Val Loss: 30.2194, Acc: 23.60%  |  Time: 3.0s
  -> Best model saved (23.60%)
[Epoch 2] Summarizing hook timing...

[HOOK_TIMING_SUMMARY] epoch=2
[HOOK_WORK_SUMMARY] label=mpi:recursive_doubling_zfp_online_coll:rate8 calls=392 work_total_ms=1871.676 work_mean_ms=4.775 work_min_ms=2.439 work_max_ms=8.197
[HOOK_TAIL_SUMMARY] label=mpi:recursive_doubling_zfp_online_coll:rate8 steps=49 tail_total_ms=1424.361 tail_mean_ms=29.069 tail_min_ms=22.949 tail_max_ms=32.631
[Epoch 2] Hook timing summary done

[Epoch 3] Training... (lr=0.000993)
[Epoch 3] Train Loss: 2.0606, Acc: 28.98%  |  Val Loss: 1.9526, Acc: 36.08%  |  Time: 3.0s
  -> Best model saved (36.08%)
[Epoch 3] Summarizing hook timing...

[HOOK_TIMING_SUMMARY] epoch=3
[HOOK_WORK_SUMMARY] label=mpi:recursive_doubling_zfp_online_coll:rate8 calls=392 work_total_ms=1832.229 work_mean_ms=4.674 work_min_ms=2.416 work_max_ms=8.325
[HOOK_TAIL_SUMMARY] label=mpi:recursive_doubling_zfp_online_coll:rate8 steps=49 tail_total_ms=1361.579 tail_mean_ms=27.787 tail_min_ms=23.309 tail_max_ms=29.041
[Epoch 3] Hook timing summary done

[Epoch 4] Training... (lr=0.000973)
[Epoch 4] Train Loss: 1.8546, Acc: 37.50%  |  Val Loss: 1.7599, Acc: 43.68%  |  Time: 3.0s
  -> Best model saved (43.68%)
[Epoch 4] Summarizing hook timing...

[HOOK_TIMING_SUMMARY] epoch=4
[HOOK_WORK_SUMMARY] label=mpi:recursive_doubling_zfp_online_coll:rate8 calls=392 work_total_ms=1839.050 work_mean_ms=4.691 work_min_ms=2.472 work_max_ms=8.841
[HOOK_TAIL_SUMMARY] label=mpi:recursive_doubling_zfp_online_coll:rate8 steps=49 tail_total_ms=1369.026 tail_mean_ms=27.939 tail_min_ms=22.767 tail_max_ms=29.327
[Epoch 4] Hook timing summary done

[Epoch 5] Training... (lr=0.000940)
[Epoch 5] Train Loss: 1.6774, Acc: 43.34%  |  Val Loss: 1.5701, Acc: 49.04%  |  Time: 3.0s
  -> Best model saved (49.04%)
[Epoch 5] Summarizing hook timing...

[HOOK_TIMING_SUMMARY] epoch=5
[HOOK_WORK_SUMMARY] label=mpi:recursive_doubling_zfp_online_coll:rate8 calls=392 work_total_ms=1835.952 work_mean_ms=4.684 work_min_ms=2.320 work_max_ms=7.841
[HOOK_TAIL_SUMMARY] label=mpi:recursive_doubling_zfp_online_coll:rate8 steps=49 tail_total_ms=1363.104 tail_mean_ms=27.818 tail_min_ms=23.023 tail_max_ms=28.685
[Epoch 5] Hook timing summary done

[Epoch 6] Training... (lr=0.000895)
[Epoch 6] Train Loss: 1.5478, Acc: 48.48%  |  Val Loss: 1.4355, Acc: 53.04%  |  Time: 3.0s
  -> Best model saved (53.04%)
[Epoch 6] Summarizing hook timing...

[HOOK_TIMING_SUMMARY] epoch=6
[HOOK_WORK_SUMMARY] label=mpi:recursive_doubling_zfp_online_coll:rate8 calls=392 work_total_ms=1855.630 work_mean_ms=4.734 work_min_ms=2.430 work_max_ms=8.440
[HOOK_TAIL_SUMMARY] label=mpi:recursive_doubling_zfp_online_coll:rate8 steps=49 tail_total_ms=1401.508 tail_mean_ms=28.602 tail_min_ms=24.765 tail_max_ms=29.496
[Epoch 6] Hook timing summary done

[Epoch 7] Training... (lr=0.000839)
[Epoch 7] Train Loss: 1.4046, Acc: 52.03%  |  Val Loss: 1.3527, Acc: 56.96%  |  Time: 3.0s
  -> Best model saved (56.96%)
[Epoch 7] Summarizing hook timing...

[HOOK_TIMING_SUMMARY] epoch=7
[HOOK_WORK_SUMMARY] label=mpi:recursive_doubling_zfp_online_coll:rate8 calls=392 work_total_ms=1867.950 work_mean_ms=4.765 work_min_ms=2.398 work_max_ms=8.260
[HOOK_TAIL_SUMMARY] label=mpi:recursive_doubling_zfp_online_coll:rate8 steps=49 tail_total_ms=1422.521 tail_mean_ms=29.031 tail_min_ms=22.016 tail_max_ms=30.163
[Epoch 7] Hook timing summary done

[Epoch 8] Training... (lr=0.000773)
[Epoch 8] Train Loss: 1.3380, Acc: 54.51%  |  Val Loss: 1.3002, Acc: 59.12%  |  Time: 3.0s
  -> Best model saved (59.12%)
[Epoch 8] Summarizing hook timing...

[HOOK_TIMING_SUMMARY] epoch=8
[HOOK_WORK_SUMMARY] label=mpi:recursive_doubling_zfp_online_coll:rate8 calls=392 work_total_ms=1871.718 work_mean_ms=4.775 work_min_ms=2.262 work_max_ms=9.326
[HOOK_TAIL_SUMMARY] label=mpi:recursive_doubling_zfp_online_coll:rate8 steps=49 tail_total_ms=1436.509 tail_mean_ms=29.317 tail_min_ms=24.488 tail_max_ms=30.352
[Epoch 8] Hook timing summary done

[Epoch 9] Training... (lr=0.000701)
[Epoch 9] Train Loss: 1.2344, Acc: 57.31%  |  Val Loss: 1.2184, Acc: 61.04%  |  Time: 3.0s
  -> Best model saved (61.04%)
[Epoch 9] Summarizing hook timing...

[HOOK_TIMING_SUMMARY] epoch=9
[HOOK_WORK_SUMMARY] label=mpi:recursive_doubling_zfp_online_coll:rate8 calls=392 work_total_ms=1847.868 work_mean_ms=4.714 work_min_ms=2.485 work_max_ms=8.365
[HOOK_TAIL_SUMMARY] label=mpi:recursive_doubling_zfp_online_coll:rate8 steps=49 tail_total_ms=1395.505 tail_mean_ms=28.480 tail_min_ms=23.157 tail_max_ms=29.383
[Epoch 9] Hook timing summary done

[Epoch 10] Training... (lr=0.000623)
[Epoch 10] Train Loss: 1.1759, Acc: 58.91%  |  Val Loss: 1.1745, Acc: 61.76%  |  Time: 3.0s
  -> Best model saved (61.76%)
[Epoch 10] Summarizing hook timing...

[HOOK_TIMING_SUMMARY] epoch=10
[HOOK_WORK_SUMMARY] label=mpi:recursive_doubling_zfp_online_coll:rate8 calls=392 work_total_ms=1832.798 work_mean_ms=4.676 work_min_ms=2.404 work_max_ms=8.708
[HOOK_TAIL_SUMMARY] label=mpi:recursive_doubling_zfp_online_coll:rate8 steps=49 tail_total_ms=1366.190 tail_mean_ms=27.881 tail_min_ms=23.083 tail_max_ms=28.909
[Epoch 10] Hook timing summary done

[Epoch 11] Training... (lr=0.000541)
[Epoch 11] Train Loss: 1.1402, Acc: 60.51%  |  Val Loss: 1.1344, Acc: 62.72%  |  Time: 2.9s
  -> Best model saved (62.72%)
[Epoch 11] Summarizing hook timing...

[HOOK_TIMING_SUMMARY] epoch=11
[HOOK_WORK_SUMMARY] label=mpi:recursive_doubling_zfp_online_coll:rate8 calls=392 work_total_ms=1850.876 work_mean_ms=4.722 work_min_ms=2.421 work_max_ms=8.665
[HOOK_TAIL_SUMMARY] label=mpi:recursive_doubling_zfp_online_coll:rate8 steps=49 tail_total_ms=1414.962 tail_mean_ms=28.877 tail_min_ms=23.109 tail_max_ms=29.934
[Epoch 11] Hook timing summary done

[Epoch 12] Training... (lr=0.000459)
[Epoch 12] Train Loss: 1.1067, Acc: 61.66%  |  Val Loss: 1.1032, Acc: 63.68%  |  Time: 3.0s
  -> Best model saved (63.68%)
[Epoch 12] Summarizing hook timing...

[HOOK_TIMING_SUMMARY] epoch=12
[HOOK_WORK_SUMMARY] label=mpi:recursive_doubling_zfp_online_coll:rate8 calls=392 work_total_ms=1824.711 work_mean_ms=4.655 work_min_ms=2.404 work_max_ms=8.268
[HOOK_TAIL_SUMMARY] label=mpi:recursive_doubling_zfp_online_coll:rate8 steps=49 tail_total_ms=1377.353 tail_mean_ms=28.109 tail_min_ms=23.932 tail_max_ms=28.925
[Epoch 12] Hook timing summary done

[Epoch 13] Training... (lr=0.000377)
[Epoch 13] Train Loss: 1.0667, Acc: 63.23%  |  Val Loss: 1.0973, Acc: 63.92%  |  Time: 3.0s
  -> Best model saved (63.92%)
[Epoch 13] Summarizing hook timing...

[HOOK_TIMING_SUMMARY] epoch=13
[HOOK_WORK_SUMMARY] label=mpi:recursive_doubling_zfp_online_coll:rate8 calls=392 work_total_ms=1861.370 work_mean_ms=4.748 work_min_ms=2.446 work_max_ms=8.532
[HOOK_TAIL_SUMMARY] label=mpi:recursive_doubling_zfp_online_coll:rate8 steps=49 tail_total_ms=1424.318 tail_mean_ms=29.068 tail_min_ms=25.550 tail_max_ms=29.961
[Epoch 13] Hook timing summary done

[Epoch 14] Training... (lr=0.000299)
[Epoch 14] Train Loss: 1.0901, Acc: 61.63%  |  Val Loss: 1.1014, Acc: 65.20%  |  Time: 3.0s
  -> Best model saved (65.20%)
[Epoch 14] Summarizing hook timing...

[HOOK_TIMING_SUMMARY] epoch=14
[HOOK_WORK_SUMMARY] label=mpi:recursive_doubling_zfp_online_coll:rate8 calls=392 work_total_ms=1849.933 work_mean_ms=4.719 work_min_ms=2.468 work_max_ms=8.679
[HOOK_TAIL_SUMMARY] label=mpi:recursive_doubling_zfp_online_coll:rate8 steps=49 tail_total_ms=1389.882 tail_mean_ms=28.365 tail_min_ms=23.584 tail_max_ms=29.510
[Epoch 14] Hook timing summary done

[Epoch 15] Training... (lr=0.000227)
[Epoch 15] Train Loss: 1.0560, Acc: 63.07%  |  Val Loss: 1.0486, Acc: 64.56%  |  Time: 3.0s
[Epoch 15] Summarizing hook timing...

[HOOK_TIMING_SUMMARY] epoch=15
[HOOK_WORK_SUMMARY] label=mpi:recursive_doubling_zfp_online_coll:rate8 calls=392 work_total_ms=1848.095 work_mean_ms=4.715 work_min_ms=2.438 work_max_ms=7.785
[HOOK_TAIL_SUMMARY] label=mpi:recursive_doubling_zfp_online_coll:rate8 steps=49 tail_total_ms=1377.909 tail_mean_ms=28.121 tail_min_ms=22.887 tail_max_ms=30.720
[Epoch 15] Hook timing summary done

[Epoch 16] Training... (lr=0.000161)
[Epoch 16] Train Loss: 1.0280, Acc: 65.12%  |  Val Loss: 1.0458, Acc: 65.04%  |  Time: 3.0s
[Epoch 16] Summarizing hook timing...

[HOOK_TIMING_SUMMARY] epoch=16
[HOOK_WORK_SUMMARY] label=mpi:recursive_doubling_zfp_online_coll:rate8 calls=392 work_total_ms=1855.368 work_mean_ms=4.733 work_min_ms=1.948 work_max_ms=19.985
[HOOK_TAIL_SUMMARY] label=mpi:recursive_doubling_zfp_online_coll:rate8 steps=49 tail_total_ms=1384.277 tail_mean_ms=28.251 tail_min_ms=26.541 tail_max_ms=42.353
[Epoch 16] Hook timing summary done

[Epoch 17] Training... (lr=0.000105)
[Epoch 17] Train Loss: 1.0480, Acc: 64.19%  |  Val Loss: 1.0050, Acc: 65.68%  |  Time: 3.0s
  -> Best model saved (65.68%)
[Epoch 17] Summarizing hook timing...

[HOOK_TIMING_SUMMARY] epoch=17
[HOOK_WORK_SUMMARY] label=mpi:recursive_doubling_zfp_online_coll:rate8 calls=392 work_total_ms=1874.416 work_mean_ms=4.782 work_min_ms=2.469 work_max_ms=20.052
[HOOK_TAIL_SUMMARY] label=mpi:recursive_doubling_zfp_online_coll:rate8 steps=49 tail_total_ms=1418.435 tail_mean_ms=28.948 tail_min_ms=27.465 tail_max_ms=42.933
[Epoch 17] Hook timing summary done

[Epoch 18] Training... (lr=0.000060)
[Epoch 18] Train Loss: 1.0325, Acc: 63.97%  |  Val Loss: 1.0118, Acc: 66.48%  |  Time: 3.0s
  -> Best model saved (66.48%)
[Epoch 18] Summarizing hook timing...

[HOOK_TIMING_SUMMARY] epoch=18
[HOOK_WORK_SUMMARY] label=mpi:recursive_doubling_zfp_online_coll:rate8 calls=392 work_total_ms=1829.210 work_mean_ms=4.666 work_min_ms=2.375 work_max_ms=8.521
[HOOK_TAIL_SUMMARY] label=mpi:recursive_doubling_zfp_online_coll:rate8 steps=49 tail_total_ms=1377.312 tail_mean_ms=28.108 tail_min_ms=22.783 tail_max_ms=29.577
[Epoch 18] Hook timing summary done

[Epoch 19] Training... (lr=0.000027)
[Epoch 19] Train Loss: 1.0136, Acc: 65.33%  |  Val Loss: 1.0261, Acc: 66.08%  |  Time: 3.0s
[Epoch 19] Summarizing hook timing...

[HOOK_TIMING_SUMMARY] epoch=19
[HOOK_WORK_SUMMARY] label=mpi:recursive_doubling_zfp_online_coll:rate8 calls=392 work_total_ms=1884.607 work_mean_ms=4.808 work_min_ms=2.394 work_max_ms=8.155
[HOOK_TAIL_SUMMARY] label=mpi:recursive_doubling_zfp_online_coll:rate8 steps=49 tail_total_ms=1453.478 tail_mean_ms=29.663 tail_min_ms=27.657 tail_max_ms=30.534
[Epoch 19] Hook timing summary done

[Epoch 20] Training... (lr=0.000007)
[Epoch 20] Train Loss: 1.0208, Acc: 64.85%  |  Val Loss: 1.0156, Acc: 65.52%  |  Time: 3.0s
[Epoch 20] Summarizing hook timing...

[HOOK_TIMING_SUMMARY] epoch=20
[HOOK_WORK_SUMMARY] label=mpi:recursive_doubling_zfp_online_coll:rate8 calls=392 work_total_ms=1905.754 work_mean_ms=4.862 work_min_ms=2.431 work_max_ms=26.606
[HOOK_TAIL_SUMMARY] label=mpi:recursive_doubling_zfp_online_coll:rate8 steps=49 tail_total_ms=1475.185 tail_mean_ms=30.106 tail_min_ms=28.935 tail_max_ms=50.217
[Epoch 20] Hook timing summary done

================================================================================
Done in 75.4s | Best val acc: 66.48%
Epoch times: mean=3.1s  min=2.9s  max=4.4s
================================================================================
