
================================================================================
Distributed Training: WIDE_RESNET50_2 on CIFAR10
Backend: MPI, Algorithm: ring
================================================================================
Ranks: 8, Epochs: 20, Batch/rank: 128, Effective batch: 1024
LR: 0.001, Device: cuda:0

[Setup] Model on cuda:0, wrapped in DDP (static_graph=True)
[Setup] Hook registered: mpi/ring
[Data] Train batches: 49, Val batches: 10


[Epoch 1] Training... (lr=0.000001)
[Epoch 1] Train Loss: 2.3677, Acc: 9.97%  |  Val Loss: 2.5392, Acc: 10.88%  |  Time: 4.4s
  -> Best model saved (10.88%)
[Epoch 1] Summarizing hook timing...

[HOOK_TIMING_SUMMARY] epoch=1
[HOOK_WORK_SUMMARY] label=mpi:ring calls=378 work_total_ms=2099.621 work_mean_ms=5.555 work_min_ms=2.682 work_max_ms=69.355
[HOOK_TAIL_SUMMARY] label=mpi:ring steps=50 tail_total_ms=1582.216 tail_mean_ms=31.644 tail_min_ms=8.783 tail_max_ms=89.215
[Epoch 1] Hook timing summary done

[Epoch 2] Training... (lr=0.001000)
[Epoch 2] Train Loss: 2.2646, Acc: 16.70%  |  Val Loss: 5.0976, Acc: 25.76%  |  Time: 3.1s
  -> Best model saved (25.76%)
[Epoch 2] Summarizing hook timing...

[HOOK_TIMING_SUMMARY] epoch=2
[HOOK_WORK_SUMMARY] label=mpi:ring calls=392 work_total_ms=1964.642 work_mean_ms=5.012 work_min_ms=2.723 work_max_ms=9.305
[HOOK_TAIL_SUMMARY] label=mpi:ring steps=49 tail_total_ms=1504.936 tail_mean_ms=30.713 tail_min_ms=27.270 tail_max_ms=34.599
[Epoch 2] Hook timing summary done

[Epoch 3] Training... (lr=0.000993)
[Epoch 3] Train Loss: 2.0948, Acc: 27.79%  |  Val Loss: 3.1732, Acc: 35.84%  |  Time: 3.2s
  -> Best model saved (35.84%)
[Epoch 3] Summarizing hook timing...

[HOOK_TIMING_SUMMARY] epoch=3
[HOOK_WORK_SUMMARY] label=mpi:ring calls=392 work_total_ms=2091.003 work_mean_ms=5.334 work_min_ms=2.712 work_max_ms=11.291
[HOOK_TAIL_SUMMARY] label=mpi:ring steps=49 tail_total_ms=1651.929 tail_mean_ms=33.713 tail_min_ms=31.321 tail_max_ms=35.403
[Epoch 3] Hook timing summary done

[Epoch 4] Training... (lr=0.000973)
[Epoch 4] Train Loss: 1.8834, Acc: 36.50%  |  Val Loss: 1.9742, Acc: 43.12%  |  Time: 3.2s
  -> Best model saved (43.12%)
[Epoch 4] Summarizing hook timing...

[HOOK_TIMING_SUMMARY] epoch=4
[HOOK_WORK_SUMMARY] label=mpi:ring calls=392 work_total_ms=2099.358 work_mean_ms=5.356 work_min_ms=2.710 work_max_ms=11.388
[HOOK_TAIL_SUMMARY] label=mpi:ring steps=49 tail_total_ms=1684.730 tail_mean_ms=34.382 tail_min_ms=30.011 tail_max_ms=35.943
[Epoch 4] Hook timing summary done

[Epoch 5] Training... (lr=0.000940)
[Epoch 5] Train Loss: 1.7131, Acc: 42.59%  |  Val Loss: 1.6704, Acc: 49.12%  |  Time: 3.2s
  -> Best model saved (49.12%)
[Epoch 5] Summarizing hook timing...

[HOOK_TIMING_SUMMARY] epoch=5
[HOOK_WORK_SUMMARY] label=mpi:ring calls=392 work_total_ms=2092.545 work_mean_ms=5.338 work_min_ms=2.723 work_max_ms=11.385
[HOOK_TAIL_SUMMARY] label=mpi:ring steps=49 tail_total_ms=1652.740 tail_mean_ms=33.729 tail_min_ms=30.856 tail_max_ms=35.080
[Epoch 5] Hook timing summary done

[Epoch 6] Training... (lr=0.000895)
[Epoch 6] Train Loss: 1.5698, Acc: 46.78%  |  Val Loss: 1.5011, Acc: 52.00%  |  Time: 3.2s
  -> Best model saved (52.00%)
[Epoch 6] Summarizing hook timing...

[HOOK_TIMING_SUMMARY] epoch=6
[HOOK_WORK_SUMMARY] label=mpi:ring calls=392 work_total_ms=2084.853 work_mean_ms=5.319 work_min_ms=2.706 work_max_ms=11.148
[HOOK_TAIL_SUMMARY] label=mpi:ring steps=49 tail_total_ms=1635.578 tail_mean_ms=33.379 tail_min_ms=28.066 tail_max_ms=35.167
[Epoch 6] Hook timing summary done

[Epoch 7] Training... (lr=0.000839)
[Epoch 7] Train Loss: 1.4346, Acc: 51.22%  |  Val Loss: 1.4163, Acc: 55.60%  |  Time: 3.2s
  -> Best model saved (55.60%)
[Epoch 7] Summarizing hook timing...

[HOOK_TIMING_SUMMARY] epoch=7
[HOOK_WORK_SUMMARY] label=mpi:ring calls=392 work_total_ms=2120.262 work_mean_ms=5.409 work_min_ms=2.710 work_max_ms=13.802
[HOOK_TAIL_SUMMARY] label=mpi:ring steps=49 tail_total_ms=1704.558 tail_mean_ms=34.787 tail_min_ms=30.162 tail_max_ms=38.716
[Epoch 7] Hook timing summary done

[Epoch 8] Training... (lr=0.000773)
[Epoch 8] Train Loss: 1.3639, Acc: 53.34%  |  Val Loss: 1.3235, Acc: 57.28%  |  Time: 3.2s
  -> Best model saved (57.28%)
[Epoch 8] Summarizing hook timing...

[HOOK_TIMING_SUMMARY] epoch=8
[HOOK_WORK_SUMMARY] label=mpi:ring calls=392 work_total_ms=2064.837 work_mean_ms=5.267 work_min_ms=2.709 work_max_ms=10.651
[HOOK_TAIL_SUMMARY] label=mpi:ring steps=49 tail_total_ms=1611.647 tail_mean_ms=32.891 tail_min_ms=28.022 tail_max_ms=34.161
[Epoch 8] Hook timing summary done

[Epoch 9] Training... (lr=0.000701)
[Epoch 9] Train Loss: 1.2517, Acc: 56.56%  |  Val Loss: 1.2253, Acc: 59.92%  |  Time: 3.2s
  -> Best model saved (59.92%)
[Epoch 9] Summarizing hook timing...

[HOOK_TIMING_SUMMARY] epoch=9
[HOOK_WORK_SUMMARY] label=mpi:ring calls=392 work_total_ms=2098.897 work_mean_ms=5.354 work_min_ms=2.699 work_max_ms=11.509
[HOOK_TAIL_SUMMARY] label=mpi:ring steps=49 tail_total_ms=1648.530 tail_mean_ms=33.643 tail_min_ms=27.513 tail_max_ms=35.196
[Epoch 9] Hook timing summary done

[Epoch 10] Training... (lr=0.000623)
[Epoch 10] Train Loss: 1.2015, Acc: 58.16%  |  Val Loss: 1.1931, Acc: 61.68%  |  Time: 3.2s
  -> Best model saved (61.68%)
[Epoch 10] Summarizing hook timing...

[HOOK_TIMING_SUMMARY] epoch=10
[HOOK_WORK_SUMMARY] label=mpi:ring calls=392 work_total_ms=2093.771 work_mean_ms=5.341 work_min_ms=2.719 work_max_ms=11.296
[HOOK_TAIL_SUMMARY] label=mpi:ring steps=49 tail_total_ms=1661.748 tail_mean_ms=33.913 tail_min_ms=30.722 tail_max_ms=35.265
[Epoch 10] Hook timing summary done

[Epoch 11] Training... (lr=0.000541)
[Epoch 11] Train Loss: 1.1550, Acc: 59.47%  |  Val Loss: 1.1433, Acc: 60.88%  |  Time: 3.2s
[Epoch 11] Summarizing hook timing...

[HOOK_TIMING_SUMMARY] epoch=11
[HOOK_WORK_SUMMARY] label=mpi:ring calls=392 work_total_ms=2088.848 work_mean_ms=5.329 work_min_ms=2.679 work_max_ms=11.326
[HOOK_TAIL_SUMMARY] label=mpi:ring steps=49 tail_total_ms=1637.362 tail_mean_ms=33.416 tail_min_ms=29.751 tail_max_ms=35.135
[Epoch 11] Hook timing summary done

[Epoch 12] Training... (lr=0.000459)
[Epoch 12] Train Loss: 1.1204, Acc: 61.25%  |  Val Loss: 1.1255, Acc: 63.68%  |  Time: 3.2s
  -> Best model saved (63.68%)
[Epoch 12] Summarizing hook timing...

[HOOK_TIMING_SUMMARY] epoch=12
[HOOK_WORK_SUMMARY] label=mpi:ring calls=392 work_total_ms=2109.794 work_mean_ms=5.382 work_min_ms=2.705 work_max_ms=20.001
[HOOK_TAIL_SUMMARY] label=mpi:ring steps=49 tail_total_ms=1671.470 tail_mean_ms=34.112 tail_min_ms=31.955 tail_max_ms=44.847
[Epoch 12] Hook timing summary done

[Epoch 13] Training... (lr=0.000377)
[Epoch 13] Train Loss: 1.0901, Acc: 62.16%  |  Val Loss: 1.1071, Acc: 63.28%  |  Time: 3.2s
[Epoch 13] Summarizing hook timing...

[HOOK_TIMING_SUMMARY] epoch=13
[HOOK_WORK_SUMMARY] label=mpi:ring calls=392 work_total_ms=2097.527 work_mean_ms=5.351 work_min_ms=2.728 work_max_ms=11.215
[HOOK_TAIL_SUMMARY] label=mpi:ring steps=49 tail_total_ms=1669.411 tail_mean_ms=34.070 tail_min_ms=31.235 tail_max_ms=35.501
[Epoch 13] Hook timing summary done

[Epoch 14] Training... (lr=0.000299)
[Epoch 14] Train Loss: 1.1061, Acc: 60.98%  |  Val Loss: 1.0772, Acc: 63.92%  |  Time: 3.2s
  -> Best model saved (63.92%)
[Epoch 14] Summarizing hook timing...

[HOOK_TIMING_SUMMARY] epoch=14
[HOOK_WORK_SUMMARY] label=mpi:ring calls=392 work_total_ms=2099.894 work_mean_ms=5.357 work_min_ms=2.699 work_max_ms=14.458
[HOOK_TAIL_SUMMARY] label=mpi:ring steps=49 tail_total_ms=1688.687 tail_mean_ms=34.463 tail_min_ms=33.345 tail_max_ms=40.662
[Epoch 14] Hook timing summary done

[Epoch 15] Training... (lr=0.000227)
[Epoch 15] Train Loss: 1.0722, Acc: 62.72%  |  Val Loss: 1.0602, Acc: 64.80%  |  Time: 3.2s
  -> Best model saved (64.80%)
[Epoch 15] Summarizing hook timing...

[HOOK_TIMING_SUMMARY] epoch=15
[HOOK_WORK_SUMMARY] label=mpi:ring calls=392 work_total_ms=2122.313 work_mean_ms=5.414 work_min_ms=2.702 work_max_ms=11.793
[HOOK_TAIL_SUMMARY] label=mpi:ring steps=49 tail_total_ms=1713.349 tail_mean_ms=34.966 tail_min_ms=32.700 tail_max_ms=36.105
[Epoch 15] Hook timing summary done

[Epoch 16] Training... (lr=0.000161)
[Epoch 16] Train Loss: 1.0497, Acc: 63.94%  |  Val Loss: 1.0650, Acc: 64.48%  |  Time: 3.2s
[Epoch 16] Summarizing hook timing...

[HOOK_TIMING_SUMMARY] epoch=16
[HOOK_WORK_SUMMARY] label=mpi:ring calls=392 work_total_ms=2094.216 work_mean_ms=5.342 work_min_ms=2.712 work_max_ms=11.247
[HOOK_TAIL_SUMMARY] label=mpi:ring steps=49 tail_total_ms=1660.048 tail_mean_ms=33.879 tail_min_ms=31.380 tail_max_ms=35.354
[Epoch 16] Hook timing summary done

[Epoch 17] Training... (lr=0.000105)
[Epoch 17] Train Loss: 1.0658, Acc: 63.34%  |  Val Loss: 1.0439, Acc: 65.20%  |  Time: 3.3s
  -> Best model saved (65.20%)
[Epoch 17] Summarizing hook timing...

[HOOK_TIMING_SUMMARY] epoch=17
[HOOK_WORK_SUMMARY] label=mpi:ring calls=392 work_total_ms=2098.594 work_mean_ms=5.354 work_min_ms=2.680 work_max_ms=22.357
[HOOK_TAIL_SUMMARY] label=mpi:ring steps=49 tail_total_ms=1667.574 tail_mean_ms=34.032 tail_min_ms=31.312 tail_max_ms=47.540
[Epoch 17] Hook timing summary done

[Epoch 18] Training... (lr=0.000060)
[Epoch 18] Train Loss: 1.0557, Acc: 62.93%  |  Val Loss: 1.0661, Acc: 65.92%  |  Time: 3.2s
  -> Best model saved (65.92%)
[Epoch 18] Summarizing hook timing...

[HOOK_TIMING_SUMMARY] epoch=18
[HOOK_WORK_SUMMARY] label=mpi:ring calls=392 work_total_ms=2090.620 work_mean_ms=5.333 work_min_ms=2.711 work_max_ms=11.259
[HOOK_TAIL_SUMMARY] label=mpi:ring steps=49 tail_total_ms=1662.535 tail_mean_ms=33.929 tail_min_ms=31.140 tail_max_ms=35.029
[Epoch 18] Hook timing summary done

[Epoch 19] Training... (lr=0.000027)
[Epoch 19] Train Loss: 1.0308, Acc: 64.34%  |  Val Loss: 1.0425, Acc: 65.20%  |  Time: 3.2s
[Epoch 19] Summarizing hook timing...

[HOOK_TIMING_SUMMARY] epoch=19
[HOOK_WORK_SUMMARY] label=mpi:ring calls=392 work_total_ms=2092.956 work_mean_ms=5.339 work_min_ms=2.704 work_max_ms=11.327
[HOOK_TAIL_SUMMARY] label=mpi:ring steps=49 tail_total_ms=1675.929 tail_mean_ms=34.203 tail_min_ms=30.921 tail_max_ms=35.538
[Epoch 19] Hook timing summary done

[Epoch 20] Training... (lr=0.000007)
[Epoch 20] Train Loss: 1.0410, Acc: 64.61%  |  Val Loss: 1.0695, Acc: 66.00%  |  Time: 3.2s
  -> Best model saved (66.00%)
[Epoch 20] Summarizing hook timing...

[HOOK_TIMING_SUMMARY] epoch=20
[HOOK_WORK_SUMMARY] label=mpi:ring calls=392 work_total_ms=2095.678 work_mean_ms=5.346 work_min_ms=2.703 work_max_ms=18.301
[HOOK_TAIL_SUMMARY] label=mpi:ring steps=49 tail_total_ms=1659.516 tail_mean_ms=33.868 tail_min_ms=30.957 tail_max_ms=43.505
[Epoch 20] Hook timing summary done

================================================================================
Done in 79.5s | Best val acc: 66.00%
Epoch times: mean=3.3s  min=3.1s  max=4.4s
================================================================================
