
================================================================================
Distributed Training: WIDE_RESNET50_2 on CIFAR10
Backend: MPI, Algorithm: recursive_doubling_zfp_naive
================================================================================
Ranks: 8, Epochs: 20, Batch/rank: 128, Effective batch: 1024
LR: 0.001, Device: cuda:0

[Setup] Model on cuda:0, wrapped in DDP (static_graph=True)
[Setup] Hook registered: mpi/recursive_doubling_zfp_naive
[Data] Train batches: 49, Val batches: 10


[Epoch 1] Training... (lr=0.000001)
[Epoch 1] Train Loss: 2.3676, Acc: 10.02%  |  Val Loss: 2.5389, Acc: 10.96%  |  Time: 5.2s
  -> Best model saved (10.96%)
[Epoch 1] Summarizing hook timing...

[HOOK_TIMING_SUMMARY] epoch=1
[HOOK_WORK_SUMMARY] label=mpi:recursive_doubling_zfp_naive:rate16 calls=378 work_total_ms=2714.450 work_mean_ms=7.181 work_min_ms=3.384 work_max_ms=52.561
[HOOK_TAIL_SUMMARY] label=mpi:recursive_doubling_zfp_naive:rate16 steps=50 tail_total_ms=2324.586 tail_mean_ms=46.492 tail_min_ms=4.220 tail_max_ms=159.312
[Epoch 1] Hook timing summary done

[Epoch 2] Training... (lr=0.001000)
[Epoch 2] Train Loss: 2.2623, Acc: 16.58%  |  Val Loss: 22.7188, Acc: 24.16%  |  Time: 3.9s
  -> Best model saved (24.16%)
[Epoch 2] Summarizing hook timing...

[HOOK_TIMING_SUMMARY] epoch=2
[HOOK_WORK_SUMMARY] label=mpi:recursive_doubling_zfp_naive:rate16 calls=392 work_total_ms=2735.728 work_mean_ms=6.979 work_min_ms=3.367 work_max_ms=13.392
[HOOK_TAIL_SUMMARY] label=mpi:recursive_doubling_zfp_naive:rate16 steps=49 tail_total_ms=2297.471 tail_mean_ms=46.887 tail_min_ms=39.020 tail_max_ms=50.430
[Epoch 2] Hook timing summary done

[Epoch 3] Training... (lr=0.000993)
[Epoch 3] Train Loss: 2.0823, Acc: 27.62%  |  Val Loss: 2.0069, Acc: 36.24%  |  Time: 3.8s
  -> Best model saved (36.24%)
[Epoch 3] Summarizing hook timing...

[HOOK_TIMING_SUMMARY] epoch=3
[HOOK_WORK_SUMMARY] label=mpi:recursive_doubling_zfp_naive:rate16 calls=392 work_total_ms=2727.246 work_mean_ms=6.957 work_min_ms=3.424 work_max_ms=12.787
[HOOK_TAIL_SUMMARY] label=mpi:recursive_doubling_zfp_naive:rate16 steps=49 tail_total_ms=2292.362 tail_mean_ms=46.783 tail_min_ms=42.667 tail_max_ms=48.119
[Epoch 3] Hook timing summary done

[Epoch 4] Training... (lr=0.000973)
[Epoch 4] Train Loss: 1.8763, Acc: 36.80%  |  Val Loss: 1.8035, Acc: 43.28%  |  Time: 3.8s
  -> Best model saved (43.28%)
[Epoch 4] Summarizing hook timing...

[HOOK_TIMING_SUMMARY] epoch=4
[HOOK_WORK_SUMMARY] label=mpi:recursive_doubling_zfp_naive:rate16 calls=392 work_total_ms=2751.527 work_mean_ms=7.019 work_min_ms=3.291 work_max_ms=12.865
[HOOK_TAIL_SUMMARY] label=mpi:recursive_doubling_zfp_naive:rate16 steps=49 tail_total_ms=2321.580 tail_mean_ms=47.379 tail_min_ms=41.804 tail_max_ms=50.509
[Epoch 4] Hook timing summary done

[Epoch 5] Training... (lr=0.000940)
[Epoch 5] Train Loss: 1.6949, Acc: 42.88%  |  Val Loss: 1.5922, Acc: 47.36%  |  Time: 3.9s
  -> Best model saved (47.36%)
[Epoch 5] Summarizing hook timing...

[HOOK_TIMING_SUMMARY] epoch=5
[HOOK_WORK_SUMMARY] label=mpi:recursive_doubling_zfp_naive:rate16 calls=392 work_total_ms=2708.025 work_mean_ms=6.908 work_min_ms=3.405 work_max_ms=11.473
[HOOK_TAIL_SUMMARY] label=mpi:recursive_doubling_zfp_naive:rate16 steps=49 tail_total_ms=2258.532 tail_mean_ms=46.092 tail_min_ms=41.334 tail_max_ms=47.609
[Epoch 5] Hook timing summary done

[Epoch 6] Training... (lr=0.000895)
[Epoch 6] Train Loss: 1.5684, Acc: 47.79%  |  Val Loss: 1.4632, Acc: 51.52%  |  Time: 3.8s
  -> Best model saved (51.52%)
[Epoch 6] Summarizing hook timing...

[HOOK_TIMING_SUMMARY] epoch=6
[HOOK_WORK_SUMMARY] label=mpi:recursive_doubling_zfp_naive:rate16 calls=392 work_total_ms=2695.948 work_mean_ms=6.877 work_min_ms=3.356 work_max_ms=12.747
[HOOK_TAIL_SUMMARY] label=mpi:recursive_doubling_zfp_naive:rate16 steps=49 tail_total_ms=2249.618 tail_mean_ms=45.911 tail_min_ms=41.724 tail_max_ms=47.602
[Epoch 6] Hook timing summary done

[Epoch 7] Training... (lr=0.000839)
[Epoch 7] Train Loss: 1.4241, Acc: 51.74%  |  Val Loss: 1.3768, Acc: 55.84%  |  Time: 3.8s
  -> Best model saved (55.84%)
[Epoch 7] Summarizing hook timing...

[HOOK_TIMING_SUMMARY] epoch=7
[HOOK_WORK_SUMMARY] label=mpi:recursive_doubling_zfp_naive:rate16 calls=392 work_total_ms=2738.675 work_mean_ms=6.986 work_min_ms=3.294 work_max_ms=12.955
[HOOK_TAIL_SUMMARY] label=mpi:recursive_doubling_zfp_naive:rate16 steps=49 tail_total_ms=2310.931 tail_mean_ms=47.162 tail_min_ms=43.081 tail_max_ms=47.988
[Epoch 7] Hook timing summary done

[Epoch 8] Training... (lr=0.000773)
[Epoch 8] Train Loss: 1.3582, Acc: 53.68%  |  Val Loss: 1.3238, Acc: 56.72%  |  Time: 3.8s
  -> Best model saved (56.72%)
[Epoch 8] Summarizing hook timing...

[HOOK_TIMING_SUMMARY] epoch=8
[HOOK_WORK_SUMMARY] label=mpi:recursive_doubling_zfp_naive:rate16 calls=392 work_total_ms=2701.326 work_mean_ms=6.891 work_min_ms=3.056 work_max_ms=12.869
[HOOK_TAIL_SUMMARY] label=mpi:recursive_doubling_zfp_naive:rate16 steps=49 tail_total_ms=2263.111 tail_mean_ms=46.186 tail_min_ms=44.158 tail_max_ms=50.462
[Epoch 8] Hook timing summary done

[Epoch 9] Training... (lr=0.000701)
[Epoch 9] Train Loss: 1.2598, Acc: 56.21%  |  Val Loss: 1.2438, Acc: 59.44%  |  Time: 3.8s
  -> Best model saved (59.44%)
[Epoch 9] Summarizing hook timing...

[HOOK_TIMING_SUMMARY] epoch=9
[HOOK_WORK_SUMMARY] label=mpi:recursive_doubling_zfp_naive:rate16 calls=392 work_total_ms=2685.600 work_mean_ms=6.851 work_min_ms=3.326 work_max_ms=13.309
[HOOK_TAIL_SUMMARY] label=mpi:recursive_doubling_zfp_naive:rate16 steps=49 tail_total_ms=2219.268 tail_mean_ms=45.291 tail_min_ms=41.300 tail_max_ms=47.885
[Epoch 9] Hook timing summary done

[Epoch 10] Training... (lr=0.000623)
[Epoch 10] Train Loss: 1.1980, Acc: 58.43%  |  Val Loss: 1.1932, Acc: 60.80%  |  Time: 3.8s
  -> Best model saved (60.80%)
[Epoch 10] Summarizing hook timing...

[HOOK_TIMING_SUMMARY] epoch=10
[HOOK_WORK_SUMMARY] label=mpi:recursive_doubling_zfp_naive:rate16 calls=392 work_total_ms=2692.721 work_mean_ms=6.869 work_min_ms=3.384 work_max_ms=11.322
[HOOK_TAIL_SUMMARY] label=mpi:recursive_doubling_zfp_naive:rate16 steps=49 tail_total_ms=2225.940 tail_mean_ms=45.427 tail_min_ms=40.471 tail_max_ms=46.971
[Epoch 10] Hook timing summary done

[Epoch 11] Training... (lr=0.000541)
[Epoch 11] Train Loss: 1.1604, Acc: 60.06%  |  Val Loss: 1.1551, Acc: 62.32%  |  Time: 3.8s
  -> Best model saved (62.32%)
[Epoch 11] Summarizing hook timing...

[HOOK_TIMING_SUMMARY] epoch=11
[HOOK_WORK_SUMMARY] label=mpi:recursive_doubling_zfp_naive:rate16 calls=392 work_total_ms=2683.829 work_mean_ms=6.847 work_min_ms=3.470 work_max_ms=12.739
[HOOK_TAIL_SUMMARY] label=mpi:recursive_doubling_zfp_naive:rate16 steps=49 tail_total_ms=2219.022 tail_mean_ms=45.286 tail_min_ms=40.509 tail_max_ms=46.277
[Epoch 11] Hook timing summary done

[Epoch 12] Training... (lr=0.000459)
[Epoch 12] Train Loss: 1.1240, Acc: 60.77%  |  Val Loss: 1.1200, Acc: 62.48%  |  Time: 3.8s
  -> Best model saved (62.48%)
[Epoch 12] Summarizing hook timing...

[HOOK_TIMING_SUMMARY] epoch=12
[HOOK_WORK_SUMMARY] label=mpi:recursive_doubling_zfp_naive:rate16 calls=392 work_total_ms=2718.965 work_mean_ms=6.936 work_min_ms=3.364 work_max_ms=13.437
[HOOK_TAIL_SUMMARY] label=mpi:recursive_doubling_zfp_naive:rate16 steps=49 tail_total_ms=2261.425 tail_mean_ms=46.152 tail_min_ms=41.233 tail_max_ms=49.032
[Epoch 12] Hook timing summary done

[Epoch 13] Training... (lr=0.000377)
[Epoch 13] Train Loss: 1.0882, Acc: 62.22%  |  Val Loss: 1.1155, Acc: 63.12%  |  Time: 3.8s
  -> Best model saved (63.12%)
[Epoch 13] Summarizing hook timing...

[HOOK_TIMING_SUMMARY] epoch=13
[HOOK_WORK_SUMMARY] label=mpi:recursive_doubling_zfp_naive:rate16 calls=392 work_total_ms=2716.735 work_mean_ms=6.930 work_min_ms=3.147 work_max_ms=13.034
[HOOK_TAIL_SUMMARY] label=mpi:recursive_doubling_zfp_naive:rate16 steps=49 tail_total_ms=2262.445 tail_mean_ms=46.172 tail_min_ms=41.315 tail_max_ms=49.002
[Epoch 13] Hook timing summary done

[Epoch 14] Training... (lr=0.000299)
[Epoch 14] Train Loss: 1.1089, Acc: 60.62%  |  Val Loss: 1.1202, Acc: 63.36%  |  Time: 3.8s
  -> Best model saved (63.36%)
[Epoch 14] Summarizing hook timing...

[HOOK_TIMING_SUMMARY] epoch=14
[HOOK_WORK_SUMMARY] label=mpi:recursive_doubling_zfp_naive:rate16 calls=392 work_total_ms=2703.082 work_mean_ms=6.896 work_min_ms=3.436 work_max_ms=11.466
[HOOK_TAIL_SUMMARY] label=mpi:recursive_doubling_zfp_naive:rate16 steps=49 tail_total_ms=2234.697 tail_mean_ms=45.606 tail_min_ms=40.834 tail_max_ms=47.006
[Epoch 14] Hook timing summary done

[Epoch 15] Training... (lr=0.000227)
[Epoch 15] Train Loss: 1.0781, Acc: 62.64%  |  Val Loss: 1.0716, Acc: 63.44%  |  Time: 3.9s
  -> Best model saved (63.44%)
[Epoch 15] Summarizing hook timing...

[HOOK_TIMING_SUMMARY] epoch=15
[HOOK_WORK_SUMMARY] label=mpi:recursive_doubling_zfp_naive:rate16 calls=392 work_total_ms=2702.751 work_mean_ms=6.895 work_min_ms=3.344 work_max_ms=11.224
[HOOK_TAIL_SUMMARY] label=mpi:recursive_doubling_zfp_naive:rate16 steps=49 tail_total_ms=2226.435 tail_mean_ms=45.437 tail_min_ms=40.798 tail_max_ms=48.260
[Epoch 15] Hook timing summary done

[Epoch 16] Training... (lr=0.000161)
[Epoch 16] Train Loss: 1.0460, Acc: 64.21%  |  Val Loss: 1.0654, Acc: 63.84%  |  Time: 3.9s
  -> Best model saved (63.84%)
[Epoch 16] Summarizing hook timing...

[HOOK_TIMING_SUMMARY] epoch=16
[HOOK_WORK_SUMMARY] label=mpi:recursive_doubling_zfp_naive:rate16 calls=392 work_total_ms=2733.771 work_mean_ms=6.974 work_min_ms=3.432 work_max_ms=12.884
[HOOK_TAIL_SUMMARY] label=mpi:recursive_doubling_zfp_naive:rate16 steps=49 tail_total_ms=2300.121 tail_mean_ms=46.941 tail_min_ms=42.532 tail_max_ms=48.856
[Epoch 16] Hook timing summary done

[Epoch 17] Training... (lr=0.000105)
[Epoch 17] Train Loss: 1.0606, Acc: 63.84%  |  Val Loss: 1.0344, Acc: 64.40%  |  Time: 3.9s
  -> Best model saved (64.40%)
[Epoch 17] Summarizing hook timing...

[HOOK_TIMING_SUMMARY] epoch=17
[HOOK_WORK_SUMMARY] label=mpi:recursive_doubling_zfp_naive:rate16 calls=392 work_total_ms=2726.012 work_mean_ms=6.954 work_min_ms=3.179 work_max_ms=12.928
[HOOK_TAIL_SUMMARY] label=mpi:recursive_doubling_zfp_naive:rate16 steps=49 tail_total_ms=2287.228 tail_mean_ms=46.678 tail_min_ms=41.475 tail_max_ms=48.100
[Epoch 17] Hook timing summary done

[Epoch 18] Training... (lr=0.000060)
[Epoch 18] Train Loss: 1.0515, Acc: 63.38%  |  Val Loss: 1.0417, Acc: 65.12%  |  Time: 3.9s
  -> Best model saved (65.12%)
[Epoch 18] Summarizing hook timing...

[HOOK_TIMING_SUMMARY] epoch=18
[HOOK_WORK_SUMMARY] label=mpi:recursive_doubling_zfp_naive:rate16 calls=392 work_total_ms=2735.812 work_mean_ms=6.979 work_min_ms=3.474 work_max_ms=12.874
[HOOK_TAIL_SUMMARY] label=mpi:recursive_doubling_zfp_naive:rate16 steps=49 tail_total_ms=2303.739 tail_mean_ms=47.015 tail_min_ms=41.922 tail_max_ms=48.325
[Epoch 18] Hook timing summary done

[Epoch 19] Training... (lr=0.000027)
[Epoch 19] Train Loss: 1.0348, Acc: 63.84%  |  Val Loss: 1.0507, Acc: 64.56%  |  Time: 3.9s
[Epoch 19] Summarizing hook timing...

[HOOK_TIMING_SUMMARY] epoch=19
[HOOK_WORK_SUMMARY] label=mpi:recursive_doubling_zfp_naive:rate16 calls=392 work_total_ms=2753.135 work_mean_ms=7.023 work_min_ms=3.391 work_max_ms=13.378
[HOOK_TAIL_SUMMARY] label=mpi:recursive_doubling_zfp_naive:rate16 steps=49 tail_total_ms=2323.058 tail_mean_ms=47.409 tail_min_ms=42.082 tail_max_ms=49.802
[Epoch 19] Hook timing summary done

[Epoch 20] Training... (lr=0.000007)
[Epoch 20] Train Loss: 1.0418, Acc: 63.94%  |  Val Loss: 1.0421, Acc: 64.24%  |  Time: 3.9s
[Epoch 20] Summarizing hook timing...

[HOOK_TIMING_SUMMARY] epoch=20
[HOOK_WORK_SUMMARY] label=mpi:recursive_doubling_zfp_naive:rate16 calls=392 work_total_ms=2774.887 work_mean_ms=7.079 work_min_ms=3.381 work_max_ms=25.549
[HOOK_TAIL_SUMMARY] label=mpi:recursive_doubling_zfp_naive:rate16 steps=49 tail_total_ms=2344.629 tail_mean_ms=47.850 tail_min_ms=46.118 tail_max_ms=65.507
[Epoch 20] Hook timing summary done

================================================================================
Done in 94.0s | Best val acc: 65.12%
Epoch times: mean=3.9s  min=3.8s  max=5.2s
================================================================================
