
================================================================================
Distributed Training: WIDE_RESNET50_2 on CIFAR10
Backend: MPI, Algorithm: ring_zfp_naive
================================================================================
Ranks: 8, Epochs: 20, Batch/rank: 128, Effective batch: 1024
LR: 0.001, Device: cuda:0

[Setup] Model on cuda:0, wrapped in DDP (static_graph=True)
[Setup] Hook registered: mpi/ring_zfp_naive
[Data] Train batches: 49, Val batches: 10


[Epoch 1] Training... (lr=0.000001)
[Epoch 1] Train Loss: 2.3677, Acc: 9.98%  |  Val Loss: 2.5392, Acc: 10.96%  |  Time: 5.0s
  -> Best model saved (10.96%)
[Epoch 1] Summarizing hook timing...

[HOOK_TIMING_SUMMARY] epoch=1
[HOOK_WORK_SUMMARY] label=mpi:ring_zfp_naive:rate16 calls=378 work_total_ms=2629.817 work_mean_ms=6.957 work_min_ms=4.208 work_max_ms=63.949
[HOOK_TAIL_SUMMARY] label=mpi:ring_zfp_naive:rate16 steps=50 tail_total_ms=2115.809 tail_mean_ms=42.316 tail_min_ms=6.715 tail_max_ms=181.254
[Epoch 1] Hook timing summary done

[Epoch 2] Training... (lr=0.001000)
[Epoch 2] Train Loss: 2.2636, Acc: 16.85%  |  Val Loss: 15.3340, Acc: 24.16%  |  Time: 3.7s
  -> Best model saved (24.16%)
[Epoch 2] Summarizing hook timing...

[HOOK_TIMING_SUMMARY] epoch=2
[HOOK_WORK_SUMMARY] label=mpi:ring_zfp_naive:rate16 calls=392 work_total_ms=2468.860 work_mean_ms=6.298 work_min_ms=4.182 work_max_ms=12.939
[HOOK_TAIL_SUMMARY] label=mpi:ring_zfp_naive:rate16 steps=49 tail_total_ms=1974.114 tail_mean_ms=40.288 tail_min_ms=36.679 tail_max_ms=45.337
[Epoch 2] Hook timing summary done

[Epoch 3] Training... (lr=0.000993)
[Epoch 3] Train Loss: 2.0704, Acc: 28.59%  |  Val Loss: 1.9862, Acc: 36.96%  |  Time: 3.6s
  -> Best model saved (36.96%)
[Epoch 3] Summarizing hook timing...

[HOOK_TIMING_SUMMARY] epoch=3
[HOOK_WORK_SUMMARY] label=mpi:ring_zfp_naive:rate16 calls=392 work_total_ms=2456.457 work_mean_ms=6.266 work_min_ms=4.183 work_max_ms=10.138
[HOOK_TAIL_SUMMARY] label=mpi:ring_zfp_naive:rate16 steps=49 tail_total_ms=1958.777 tail_mean_ms=39.975 tail_min_ms=38.141 tail_max_ms=40.629
[Epoch 3] Hook timing summary done

[Epoch 4] Training... (lr=0.000973)
[Epoch 4] Train Loss: 1.8615, Acc: 37.66%  |  Val Loss: 1.7529, Acc: 42.40%  |  Time: 3.6s
  -> Best model saved (42.40%)
[Epoch 4] Summarizing hook timing...

[HOOK_TIMING_SUMMARY] epoch=4
[HOOK_WORK_SUMMARY] label=mpi:ring_zfp_naive:rate16 calls=392 work_total_ms=2479.704 work_mean_ms=6.326 work_min_ms=4.186 work_max_ms=10.177
[HOOK_TAIL_SUMMARY] label=mpi:ring_zfp_naive:rate16 steps=49 tail_total_ms=2003.154 tail_mean_ms=40.881 tail_min_ms=37.172 tail_max_ms=41.525
[Epoch 4] Hook timing summary done

[Epoch 5] Training... (lr=0.000940)
[Epoch 5] Train Loss: 1.6803, Acc: 43.14%  |  Val Loss: 1.5745, Acc: 48.32%  |  Time: 3.6s
  -> Best model saved (48.32%)
[Epoch 5] Summarizing hook timing...

[HOOK_TIMING_SUMMARY] epoch=5
[HOOK_WORK_SUMMARY] label=mpi:ring_zfp_naive:rate16 calls=392 work_total_ms=2467.667 work_mean_ms=6.295 work_min_ms=4.223 work_max_ms=10.027
[HOOK_TAIL_SUMMARY] label=mpi:ring_zfp_naive:rate16 steps=49 tail_total_ms=1988.387 tail_mean_ms=40.579 tail_min_ms=37.423 tail_max_ms=41.746
[Epoch 5] Hook timing summary done

[Epoch 6] Training... (lr=0.000895)
[Epoch 6] Train Loss: 1.5517, Acc: 48.14%  |  Val Loss: 1.4419, Acc: 52.88%  |  Time: 3.6s
  -> Best model saved (52.88%)
[Epoch 6] Summarizing hook timing...

[HOOK_TIMING_SUMMARY] epoch=6
[HOOK_WORK_SUMMARY] label=mpi:ring_zfp_naive:rate16 calls=392 work_total_ms=2468.649 work_mean_ms=6.298 work_min_ms=4.192 work_max_ms=10.682
[HOOK_TAIL_SUMMARY] label=mpi:ring_zfp_naive:rate16 steps=49 tail_total_ms=1986.743 tail_mean_ms=40.546 tail_min_ms=37.228 tail_max_ms=41.745
[Epoch 6] Hook timing summary done

[Epoch 7] Training... (lr=0.000839)
[Epoch 7] Train Loss: 1.4039, Acc: 52.18%  |  Val Loss: 1.3513, Acc: 56.72%  |  Time: 3.6s
  -> Best model saved (56.72%)
[Epoch 7] Summarizing hook timing...

[HOOK_TIMING_SUMMARY] epoch=7
[HOOK_WORK_SUMMARY] label=mpi:ring_zfp_naive:rate16 calls=392 work_total_ms=2484.039 work_mean_ms=6.337 work_min_ms=4.177 work_max_ms=10.437
[HOOK_TAIL_SUMMARY] label=mpi:ring_zfp_naive:rate16 steps=49 tail_total_ms=1992.499 tail_mean_ms=40.663 tail_min_ms=32.664 tail_max_ms=41.942
[Epoch 7] Hook timing summary done

[Epoch 8] Training... (lr=0.000773)
[Epoch 8] Train Loss: 1.3431, Acc: 54.27%  |  Val Loss: 1.3005, Acc: 58.80%  |  Time: 3.6s
  -> Best model saved (58.80%)
[Epoch 8] Summarizing hook timing...

[HOOK_TIMING_SUMMARY] epoch=8
[HOOK_WORK_SUMMARY] label=mpi:ring_zfp_naive:rate16 calls=392 work_total_ms=2466.293 work_mean_ms=6.292 work_min_ms=4.193 work_max_ms=10.050
[HOOK_TAIL_SUMMARY] label=mpi:ring_zfp_naive:rate16 steps=49 tail_total_ms=1970.264 tail_mean_ms=40.209 tail_min_ms=37.550 tail_max_ms=41.393
[Epoch 8] Hook timing summary done

[Epoch 9] Training... (lr=0.000701)
[Epoch 9] Train Loss: 1.2374, Acc: 57.07%  |  Val Loss: 1.2280, Acc: 60.56%  |  Time: 3.6s
  -> Best model saved (60.56%)
[Epoch 9] Summarizing hook timing...

[HOOK_TIMING_SUMMARY] epoch=9
[HOOK_WORK_SUMMARY] label=mpi:ring_zfp_naive:rate16 calls=392 work_total_ms=2469.918 work_mean_ms=6.301 work_min_ms=4.201 work_max_ms=10.160
[HOOK_TAIL_SUMMARY] label=mpi:ring_zfp_naive:rate16 steps=49 tail_total_ms=1992.911 tail_mean_ms=40.672 tail_min_ms=37.745 tail_max_ms=41.496
[Epoch 9] Hook timing summary done

[Epoch 10] Training... (lr=0.000623)
[Epoch 10] Train Loss: 1.1773, Acc: 58.46%  |  Val Loss: 1.1841, Acc: 61.28%  |  Time: 3.6s
  -> Best model saved (61.28%)
[Epoch 10] Summarizing hook timing...

[HOOK_TIMING_SUMMARY] epoch=10
[HOOK_WORK_SUMMARY] label=mpi:ring_zfp_naive:rate16 calls=392 work_total_ms=2462.884 work_mean_ms=6.283 work_min_ms=4.189 work_max_ms=10.318
[HOOK_TAIL_SUMMARY] label=mpi:ring_zfp_naive:rate16 steps=49 tail_total_ms=1996.590 tail_mean_ms=40.747 tail_min_ms=39.164 tail_max_ms=46.543
[Epoch 10] Hook timing summary done

[Epoch 11] Training... (lr=0.000541)
[Epoch 11] Train Loss: 1.1410, Acc: 59.98%  |  Val Loss: 1.1414, Acc: 63.12%  |  Time: 3.6s
  -> Best model saved (63.12%)
[Epoch 11] Summarizing hook timing...

[HOOK_TIMING_SUMMARY] epoch=11
[HOOK_WORK_SUMMARY] label=mpi:ring_zfp_naive:rate16 calls=392 work_total_ms=2469.817 work_mean_ms=6.301 work_min_ms=4.210 work_max_ms=10.301
[HOOK_TAIL_SUMMARY] label=mpi:ring_zfp_naive:rate16 steps=49 tail_total_ms=1977.457 tail_mean_ms=40.356 tail_min_ms=38.444 tail_max_ms=41.099
[Epoch 11] Hook timing summary done

[Epoch 12] Training... (lr=0.000459)
[Epoch 12] Train Loss: 1.1069, Acc: 61.76%  |  Val Loss: 1.1046, Acc: 63.12%  |  Time: 3.6s
[Epoch 12] Summarizing hook timing...

[HOOK_TIMING_SUMMARY] epoch=12
[HOOK_WORK_SUMMARY] label=mpi:ring_zfp_naive:rate16 calls=392 work_total_ms=2494.249 work_mean_ms=6.363 work_min_ms=4.193 work_max_ms=10.753
[HOOK_TAIL_SUMMARY] label=mpi:ring_zfp_naive:rate16 steps=49 tail_total_ms=2014.286 tail_mean_ms=41.108 tail_min_ms=37.891 tail_max_ms=41.996
[Epoch 12] Hook timing summary done

[Epoch 13] Training... (lr=0.000377)
[Epoch 13] Train Loss: 1.0677, Acc: 63.17%  |  Val Loss: 1.1152, Acc: 63.52%  |  Time: 3.6s
  -> Best model saved (63.52%)
[Epoch 13] Summarizing hook timing...

[HOOK_TIMING_SUMMARY] epoch=13
[HOOK_WORK_SUMMARY] label=mpi:ring_zfp_naive:rate16 calls=392 work_total_ms=2484.404 work_mean_ms=6.338 work_min_ms=4.198 work_max_ms=16.975
[HOOK_TAIL_SUMMARY] label=mpi:ring_zfp_naive:rate16 steps=49 tail_total_ms=1987.633 tail_mean_ms=40.564 tail_min_ms=38.230 tail_max_ms=50.083
[Epoch 13] Hook timing summary done

[Epoch 14] Training... (lr=0.000299)
[Epoch 14] Train Loss: 1.0938, Acc: 61.44%  |  Val Loss: 1.1486, Acc: 64.32%  |  Time: 3.6s
  -> Best model saved (64.32%)
[Epoch 14] Summarizing hook timing...

[HOOK_TIMING_SUMMARY] epoch=14
[HOOK_WORK_SUMMARY] label=mpi:ring_zfp_naive:rate16 calls=392 work_total_ms=2493.019 work_mean_ms=6.360 work_min_ms=4.195 work_max_ms=10.819
[HOOK_TAIL_SUMMARY] label=mpi:ring_zfp_naive:rate16 steps=49 tail_total_ms=2042.337 tail_mean_ms=41.680 tail_min_ms=37.237 tail_max_ms=42.470
[Epoch 14] Hook timing summary done

[Epoch 15] Training... (lr=0.000227)
[Epoch 15] Train Loss: 1.0603, Acc: 63.31%  |  Val Loss: 1.0599, Acc: 64.16%  |  Time: 3.7s
[Epoch 15] Summarizing hook timing...

[HOOK_TIMING_SUMMARY] epoch=15
[HOOK_WORK_SUMMARY] label=mpi:ring_zfp_naive:rate16 calls=392 work_total_ms=2510.241 work_mean_ms=6.404 work_min_ms=4.171 work_max_ms=11.200
[HOOK_TAIL_SUMMARY] label=mpi:ring_zfp_naive:rate16 steps=49 tail_total_ms=2060.309 tail_mean_ms=42.047 tail_min_ms=38.797 tail_max_ms=43.152
[Epoch 15] Hook timing summary done

[Epoch 16] Training... (lr=0.000161)
[Epoch 16] Train Loss: 1.0312, Acc: 64.56%  |  Val Loss: 1.0601, Acc: 64.80%  |  Time: 3.7s
  -> Best model saved (64.80%)
[Epoch 16] Summarizing hook timing...

[HOOK_TIMING_SUMMARY] epoch=16
[HOOK_WORK_SUMMARY] label=mpi:ring_zfp_naive:rate16 calls=392 work_total_ms=2487.099 work_mean_ms=6.345 work_min_ms=4.205 work_max_ms=31.666
[HOOK_TAIL_SUMMARY] label=mpi:ring_zfp_naive:rate16 steps=49 tail_total_ms=2012.503 tail_mean_ms=41.071 tail_min_ms=38.697 tail_max_ms=63.806
[Epoch 16] Hook timing summary done

[Epoch 17] Training... (lr=0.000105)
[Epoch 17] Train Loss: 1.0468, Acc: 64.02%  |  Val Loss: 1.0232, Acc: 64.64%  |  Time: 3.6s
[Epoch 17] Summarizing hook timing...

[HOOK_TIMING_SUMMARY] epoch=17
[HOOK_WORK_SUMMARY] label=mpi:ring_zfp_naive:rate16 calls=392 work_total_ms=2505.102 work_mean_ms=6.391 work_min_ms=4.179 work_max_ms=10.881
[HOOK_TAIL_SUMMARY] label=mpi:ring_zfp_naive:rate16 steps=49 tail_total_ms=2046.197 tail_mean_ms=41.759 tail_min_ms=32.110 tail_max_ms=42.788
[Epoch 17] Hook timing summary done

[Epoch 18] Training... (lr=0.000060)
[Epoch 18] Train Loss: 1.0356, Acc: 63.60%  |  Val Loss: 1.0269, Acc: 65.44%  |  Time: 3.6s
  -> Best model saved (65.44%)
[Epoch 18] Summarizing hook timing...

[HOOK_TIMING_SUMMARY] epoch=18
[HOOK_WORK_SUMMARY] label=mpi:ring_zfp_naive:rate16 calls=392 work_total_ms=2503.680 work_mean_ms=6.387 work_min_ms=4.193 work_max_ms=12.431
[HOOK_TAIL_SUMMARY] label=mpi:ring_zfp_naive:rate16 steps=49 tail_total_ms=2052.331 tail_mean_ms=41.884 tail_min_ms=39.947 tail_max_ms=44.695
[Epoch 18] Hook timing summary done

[Epoch 19] Training... (lr=0.000027)
[Epoch 19] Train Loss: 1.0166, Acc: 64.67%  |  Val Loss: 1.0339, Acc: 65.20%  |  Time: 3.6s
[Epoch 19] Summarizing hook timing...

[HOOK_TIMING_SUMMARY] epoch=19
[HOOK_WORK_SUMMARY] label=mpi:ring_zfp_naive:rate16 calls=392 work_total_ms=2506.508 work_mean_ms=6.394 work_min_ms=4.196 work_max_ms=11.006
[HOOK_TAIL_SUMMARY] label=mpi:ring_zfp_naive:rate16 steps=49 tail_total_ms=2055.273 tail_mean_ms=41.944 tail_min_ms=38.348 tail_max_ms=42.714
[Epoch 19] Hook timing summary done

[Epoch 20] Training... (lr=0.000007)
[Epoch 20] Train Loss: 1.0252, Acc: 64.86%  |  Val Loss: 1.0338, Acc: 64.72%  |  Time: 3.7s
[Epoch 20] Summarizing hook timing...

[HOOK_TIMING_SUMMARY] epoch=20
[HOOK_WORK_SUMMARY] label=mpi:ring_zfp_naive:rate16 calls=392 work_total_ms=2529.093 work_mean_ms=6.452 work_min_ms=4.177 work_max_ms=15.456
[HOOK_TAIL_SUMMARY] label=mpi:ring_zfp_naive:rate16 steps=49 tail_total_ms=2074.493 tail_mean_ms=42.337 tail_min_ms=40.526 tail_max_ms=47.607
[Epoch 20] Hook timing summary done

================================================================================
Done in 87.3s | Best val acc: 65.44%
Epoch times: mean=3.7s  min=3.6s  max=5.0s
================================================================================
