=== Job started: Thu Jul 16 07:25:42 PM EDT 2026 ===
=== Node: frontier08190 ===
=== Copying golden cache from Lustre to local NVMe on  frontier08190  ===
Using ENV_TARBALL=/lustre/orion/gen243/proj-shared/matilderestelli/pytorch/conda_env_torch_vision_20260701_hipfix.tar.gz
Using ENV_DIR=/mnt/bb/matilderestelli/torch_env
Deactivating conda environments
PyTorch: 2.14.0a0
Location: /mnt/bb/matilderestelli/torch_env/lib/python3.10/site-packages/torch/__init__.py
HIP available: True gpus: 8
MPI available: True
MPICH_GPU_SUPPORT_ENABLED: <unset>
=== Starting: model=wide_resnet50_2, ws=8, bs=16, gb=128, lr=0.1, sched=cosine, warmup=0, mom=0.9, wd=5e-4, nesterov=true, wd_bn_bias=false, backend=nccl, hook=none, zfp=none at Thu Jul 16 07:31:20 PM EDT 2026 ===
MIOPEN_USER_DB_PATH=/mnt/bb/matilderestelli/miopen_cache_5012971/miopen_db
MIOPEN_CUSTOM_CACHE_DIR=/mnt/bb/matilderestelli/miopen_cache_5012971/kernel_cache
drwxr-sr-x 2 matilderestelli gen243 103 Jul 14 05:38 /mnt/bb/matilderestelli/miopen_cache_5012971/miopen_db
==== GPU visibility debug (batch shell) ====
frontier08190
ROCR_VISIBLE_DEVICES=0,1,2,3,4,5,6,7
SLURM_JOB_GPUS=0,1,2,3,4,5,6,7
[37mROCk module version 6.16.13 is loaded[0m
=====================    
HSA System Attributes    
=====================    
Runtime Version:         1.18
Runtime Ext Version:     1.14
System Timestamp Freq.:  1000.000000MHz
Sig. Max Wait Duration:  18446744073709551615 (0xFFFFFFFFFFFFFFFF) (timestamp count)
Machine Model:           LARGE                              
System Endianness:       LITTLE                             
Mwaitx:                  DISABLED
XNACK enabled:           NO
DMAbuf Support:          YES
VMM Support:             YES

==========               
HSA Agents               
==========               
*******                  
Agent 1                  
*******                  
  Name:                    AMD EPYC 7A53 64-Core Processor    
  Uuid:                    CPU-XX                             
  Marketing Name:          AMD EPYC 7A53 64-Core Processor    
  Vendor Name:             CPU                                
  Feature:                 None specified                     
  Profile:                 FULL_PROFILE                       
  Float Round Mode:        NEAR                               
  Max Queue Number:        0(0x0)                             
  Queue Min Size:          0(0x0)                             

================================================================================
DISTRIBUTED TRAINING LAUNCHER
================================================================================
  Model:      wide_resnet50_2 (CIFAR stem) (from scratch)
  Dataset:    cifar10 (10 classes)
  Image size: 32
  LR:         0.1
  Momentum:   0.9 (nesterov=True)
  Optimizer:  sgd
  Weight dec: 0.0005 (on BN/bias=False)
  Backend:    nccl
  Algorithm:  built-in (no hook)
  Epochs:     20
  Batch/rank: 16
  LR:         0.1
  Scheduler:  cosine
  Warmup:     0
  Grad clip:  None
  Drop last:  True
  Data dir:   ./data
================================================================================


================================================================================
DISTRIBUTED TRAINING LAUNCHER
================================================================================
  Model:      wide_resnet50_2 (CIFAR stem) (from scratch)
  Dataset:    cifar10 (10 classes)
  Image size: 32
  LR:         0.1
  Momentum:   0.9 (nesterov=True)
  Optimizer:  sgd
  Weight dec: 0.0005 (on BN/bias=False)
  Backend:    nccl
  Algorithm:  built-in (no hook)
  Epochs:     20
  Batch/rank: 16
  LR:         0.1
  Scheduler:  cosine
  Warmup:     0
  Grad clip:  None
  Drop last:  True
  Data dir:   ./data
================================================================================


================================================================================
DISTRIBUTED TRAINING LAUNCHER
================================================================================
  Model:      wide_resnet50_2 (CIFAR stem) (from scratch)
  Dataset:    cifar10 (10 classes)
  Image size: 32
  LR:         0.1
  Momentum:   0.9 (nesterov=True)
  Optimizer:  sgd
  Weight dec: 0.0005 (on BN/bias=False)
  Backend:    nccl
  Algorithm:  built-in (no hook)
  Epochs:     20
  Batch/rank: 16
  LR:         0.1
  Scheduler:  cosine
  Warmup:     0
  Grad clip:  None
  Drop last:  True
  Data dir:   ./data
================================================================================


================================================================================
DISTRIBUTED TRAINING LAUNCHER
================================================================================
  Model:      wide_resnet50_2 (CIFAR stem) (from scratch)
  Dataset:    cifar10 (10 classes)
  Image size: 32
  LR:         0.1
  Momentum:   0.9 (nesterov=True)
  Optimizer:  sgd
  Weight dec: 0.0005 (on BN/bias=False)
  Backend:    nccl
  Algorithm:  built-in (no hook)
  Epochs:     20
  Batch/rank: 16
  LR:         0.1
  Scheduler:  cosine
  Warmup:     0
  Grad clip:  None
  Drop last:  True
  Data dir:   ./data
================================================================================


================================================================================
DISTRIBUTED TRAINING LAUNCHER
================================================================================
  Model:      wide_resnet50_2 (CIFAR stem) (from scratch)
  Dataset:    cifar10 (10 classes)
  Image size: 32
  LR:         0.1
  Momentum:   0.9 (nesterov=True)
  Optimizer:  sgd
  Weight dec: 0.0005 (on BN/bias=False)
  Backend:    nccl
  Algorithm:  built-in (no hook)
  Epochs:     20
  Batch/rank: 16
  LR:         0.1
  Scheduler:  cosine
  Warmup:     0
  Grad clip:  None
  Drop last:  True
  Data dir:   ./data
================================================================================


================================================================================
DISTRIBUTED TRAINING LAUNCHER
================================================================================
  Model:      wide_resnet50_2 (CIFAR stem) (from scratch)
  Dataset:    cifar10 (10 classes)
  Image size: 32
  LR:         0.1
  Momentum:   0.9 (nesterov=True)
  Optimizer:  sgd
  Weight dec: 0.0005 (on BN/bias=False)
  Backend:    nccl
  Algorithm:  built-in (no hook)
  Epochs:     20
  Batch/rank: 16
  LR:         0.1
  Scheduler:  cosine
  Warmup:     0
  Grad clip:  None
  Drop last:  True
  Data dir:   ./data
================================================================================


================================================================================
DISTRIBUTED TRAINING LAUNCHER
================================================================================
  Model:      wide_resnet50_2 (CIFAR stem) (from scratch)
  Dataset:    cifar10 (10 classes)
  Image size: 32
  LR:         0.1
  Momentum:   0.9 (nesterov=True)
  Optimizer:  sgd
  Weight dec: 0.0005 (on BN/bias=False)
  Backend:    nccl
  Algorithm:  built-in (no hook)
  Epochs:     20
  Batch/rank: 16
  LR:         0.1
  Scheduler:  cosine
  Warmup:     0
  Grad clip:  None
  Drop last:  True
  Data dir:   ./data
================================================================================


================================================================================
DISTRIBUTED TRAINING LAUNCHER
================================================================================
  Model:      wide_resnet50_2 (CIFAR stem) (from scratch)
  Dataset:    cifar10 (10 classes)
  Image size: 32
  LR:         0.1
  Momentum:   0.9 (nesterov=True)
  Optimizer:  sgd
  Weight dec: 0.0005 (on BN/bias=False)
  Backend:    nccl
  Algorithm:  built-in (no hook)
  Epochs:     20
  Batch/rank: 16
  LR:         0.1
  Scheduler:  cosine
  Warmup:     0
  Grad clip:  None
  Drop last:  True
  Data dir:   ./data
================================================================================

[PRE-INIT] rank=7/8 host=frontier08190 local_rank=0 current_device=0 device_count=1 visible=1 device_name=AMD Instinct MI250X
[PRE-INIT] rank=6/8 host=frontier08190 local_rank=0 current_device=0 device_count=1 visible=0 device_name=AMD Instinct MI250X
[PRE-INIT] rank=5/8 host=frontier08190 local_rank=0 current_device=0 device_count=1 visible=7 device_name=AMD Instinct MI250X
[PRE-INIT] rank=4/8 host=frontier08190 local_rank=0 current_device=0 device_count=1 visible=6 device_name=AMD Instinct MI250X
[PRE-INIT] rank=3/8 host=frontier08190 local_rank=0 current_device=0 device_count=1 visible=3 device_name=AMD Instinct MI250X
[PRE-INIT] rank=1/8 host=frontier08190 local_rank=0 current_device=0 device_count=1 visible=5 device_name=AMD Instinct MI250X
[PRE-INIT] rank=0/8 host=frontier08190 local_rank=0 current_device=0 device_count=1 visible=4 device_name=AMD Instinct MI250X
[PRE-INIT] rank=2/8 host=frontier08190 local_rank=0 current_device=0 device_count=1 visible=2 device_name=AMD Instinct MI250X
[POST-INIT] rank=1/8 host=frontier08190 current_device=0 visible=5 device_name=AMD Instinct MI250X
[POST-INIT] rank=2/8 host=frontier08190 current_device=0 visible=2 device_name=AMD Instinct MI250X
[POST-INIT] rank=3/8 host=frontier08190 current_device=0 visible=3 device_name=AMD Instinct MI250X
[POST-INIT] rank=4/8 host=frontier08190 current_device=0 visible=6 device_name=AMD Instinct MI250X
[POST-INIT] rank=5/8 host=frontier08190 current_device=0 visible=7 device_name=AMD Instinct MI250X
[POST-INIT] rank=6/8 host=frontier08190 current_device=0 visible=0 device_name=AMD Instinct MI250X
[POST-INIT] rank=7/8 host=frontier08190 current_device=0 visible=1 device_name=AMD Instinct MI250X
[POST-INIT] rank=0/8 host=frontier08190 current_device=0 visible=4 device_name=AMD Instinct MI250X

================================================================================
Distributed Training: WIDE_RESNET50_2 on CIFAR10
Backend: NCCL, Algorithm: built-in (no hook)
================================================================================
Ranks: 8, Epochs: 20, Batch/rank: 16, Effective batch: 128
LR: 0.1, Device: cuda:0

[Cache] Pretrained weights cache (TORCH_HOME) = /lustre/orion/gen243/proj-shared/matilderestelli/pretrained_weights_cache
[Setup] Model on cuda:0, wrapped in DDP (static_graph=True)
[Setup] No hook — using DDP built-in NCCL allreduce
[Optim] SGD: lr=0.1 momentum=0.9 nesterov=True wd=0.0005 wd_on_bn_bias=False
[Optim]   group 0: 66,778,816 params, wd=0.0005
[Optim]   group 1: 68,234 params, wd=0.0
[Data] Train batches: 390, Val batches: 625

[Sched] cosine: steps/epoch=390, total_steps=7800, warmup_steps=0 (0 epochs)


[Epoch 1] Training... (lr at epoch start=0.100000)
  Batch [50/390] Loss: 8.3170, Acc: 9.62%, lr: 0.099990
  Batch [100/390] Loss: 5.3079, Acc: 10.75%, lr: 0.099959
  Batch [150/390] Loss: 4.2837, Acc: 12.46%, lr: 0.099909
  Batch [200/390] Loss: 3.7383, Acc: 14.31%, lr: 0.099838
  Batch [250/390] Loss: 3.4132, Acc: 15.20%, lr: 0.099747
  Batch [300/390] Loss: 3.1819, Acc: 16.54%, lr: 0.099635
  Batch [350/390] Loss: 3.0140, Acc: 17.45%, lr: 0.099504
[Epoch 1] Train Loss: 2.9078, Acc: 18.17%  |  Val Loss: 2.0711, Acc: 25.87%  |  Time: 48.9s
[Epoch 1] t_iter median: 64.78 ms  (fwd 9.21 | bwd+comm 44.78 | opt 5.86 | data 5.21)  |  train-only epoch: 40.3s
  -> Best model saved (25.87%)
[Epoch 1] Summarizing hook timing...
[HOOK_TIMING_SUMMARY] epoch=1 no hook timing samples
[Epoch 1] Hook timing summary done

[Epoch 2] Training... (lr at epoch start=0.099384)
  Batch [50/390] Loss: 1.9859, Acc: 20.25%, lr: 0.099217
  Batch [100/390] Loss: 1.9791, Acc: 23.19%, lr: 0.099029
  Batch [150/390] Loss: 1.9776, Acc: 24.71%, lr: 0.098822
  Batch [200/390] Loss: 1.9600, Acc: 25.16%, lr: 0.098595
  Batch [250/390] Loss: 1.9361, Acc: 26.23%, lr: 0.098348
  Batch [300/390] Loss: 1.9052, Acc: 27.00%, lr: 0.098082
  Batch [350/390] Loss: 1.8851, Acc: 27.61%, lr: 0.097796
[Epoch 2] Train Loss: 1.8751, Acc: 28.09%  |  Val Loss: 2.0343, Acc: 38.00%  |  Time: 31.9s
[Epoch 2] t_iter median: 65.68 ms  (fwd 9.33 | bwd+comm 45.09 | opt 5.87 | data 5.31)  |  train-only epoch: 23.7s
  -> Best model saved (38.00%)
[Epoch 2] Summarizing hook timing...
[HOOK_TIMING_SUMMARY] epoch=2 no hook timing samples
[Epoch 2] Hook timing summary done

[Epoch 3] Training... (lr at epoch start=0.097553)
  Batch [50/390] Loss: 1.6699, Acc: 39.50%, lr: 0.097232
  Batch [100/390] Loss: 1.6864, Acc: 37.56%, lr: 0.096892
  Batch [150/390] Loss: 1.7080, Acc: 36.96%, lr: 0.096533
  Batch [200/390] Loss: 1.6961, Acc: 37.34%, lr: 0.096155
  Batch [250/390] Loss: 1.6724, Acc: 38.30%, lr: 0.095759
  Batch [300/390] Loss: 1.6568, Acc: 39.12%, lr: 0.095344
  Batch [350/390] Loss: 1.6562, Acc: 39.25%, lr: 0.094910
[Epoch 3] Train Loss: 1.6526, Acc: 39.17%  |  Val Loss: 1.5540, Acc: 45.07%  |  Time: 31.2s
[Epoch 3] t_iter median: 49.50 ms  (fwd 9.34 | bwd+comm 28.73 | opt 5.86 | data 5.38)  |  train-only epoch: 22.9s
  -> Best model saved (45.07%)
[Epoch 3] Summarizing hook timing...
[HOOK_TIMING_SUMMARY] epoch=3 no hook timing samples
[Epoch 3] Hook timing summary done

[Epoch 4] Training... (lr at epoch start=0.094550)
  Batch [50/390] Loss: 1.5566, Acc: 41.62%, lr: 0.094084
  Batch [100/390] Loss: 1.5634, Acc: 43.19%, lr: 0.093600
  Batch [150/390] Loss: 1.5503, Acc: 43.38%, lr: 0.093098
  Batch [200/390] Loss: 1.5400, Acc: 44.28%, lr: 0.092579
  Batch [250/390] Loss: 1.5308, Acc: 44.95%, lr: 0.092043
  Batch [300/390] Loss: 1.5175, Acc: 45.62%, lr: 0.091489
  Batch [350/390] Loss: 1.5143, Acc: 45.27%, lr: 0.090919
[Epoch 4] Train Loss: 1.5031, Acc: 45.45%  |  Val Loss: 1.3376, Acc: 52.69%  |  Time: 31.3s
[Epoch 4] t_iter median: 49.41 ms  (fwd 9.43 | bwd+comm 28.60 | opt 5.87 | data 5.45)  |  train-only epoch: 23.0s
  -> Best model saved (52.69%)
[Epoch 4] Summarizing hook timing...
[HOOK_TIMING_SUMMARY] epoch=4 no hook timing samples
[Epoch 4] Hook timing summary done

[Epoch 5] Training... (lr at epoch start=0.090451)
  Batch [50/390] Loss: 1.4107, Acc: 49.50%, lr: 0.089851
  Batch [100/390] Loss: 1.4168, Acc: 48.56%, lr: 0.089235
  Batch [150/390] Loss: 1.3937, Acc: 49.04%, lr: 0.088603
  Batch [200/390] Loss: 1.3870, Acc: 48.88%, lr: 0.087955
  Batch [250/390] Loss: 1.3723, Acc: 49.65%, lr: 0.087292
  Batch [300/390] Loss: 1.3567, Acc: 50.50%, lr: 0.086613
  Batch [350/390] Loss: 1.3457, Acc: 50.91%, lr: 0.085920
[Epoch 5] Train Loss: 1.3343, Acc: 51.49%  |  Val Loss: 1.1847, Acc: 57.94%  |  Time: 31.4s
[Epoch 5] t_iter median: 49.61 ms  (fwd 9.52 | bwd+comm 28.59 | opt 5.87 | data 5.51)  |  train-only epoch: 23.1s
  -> Best model saved (57.94%)
[Epoch 5] Summarizing hook timing...
[HOOK_TIMING_SUMMARY] epoch=5 no hook timing samples
[Epoch 5] Hook timing summary done

[Epoch 6] Training... (lr at epoch start=0.085355)
  Batch [50/390] Loss: 1.2413, Acc: 57.75%, lr: 0.084636
  Batch [100/390] Loss: 1.2156, Acc: 59.62%, lr: 0.083903
  Batch [150/390] Loss: 1.1925, Acc: 59.62%, lr: 0.083156
  Batch [200/390] Loss: 1.1803, Acc: 59.56%, lr: 0.082396
  Batch [250/390] Loss: 1.1892, Acc: 58.77%, lr: 0.081622
  Batch [300/390] Loss: 1.1882, Acc: 58.65%, lr: 0.080836
  Batch [350/390] Loss: 1.1891, Acc: 58.45%, lr: 0.080037
[Epoch 6] Train Loss: 1.1777, Acc: 58.67%  |  Val Loss: 1.0395, Acc: 63.57%  |  Time: 30.7s
[Epoch 6] t_iter median: 49.09 ms  (fwd 9.47 | bwd+comm 28.34 | opt 5.88 | data 5.51)  |  train-only epoch: 22.4s
  -> Best model saved (63.57%)
[Epoch 6] Summarizing hook timing...
[HOOK_TIMING_SUMMARY] epoch=6 no hook timing samples
[Epoch 6] Hook timing summary done

[Epoch 7] Training... (lr at epoch start=0.079389)
  Batch [50/390] Loss: 1.0447, Acc: 63.62%, lr: 0.078569
  Batch [100/390] Loss: 1.0111, Acc: 64.44%, lr: 0.077737
  Batch [150/390] Loss: 1.0041, Acc: 64.75%, lr: 0.076893
  Batch [200/390] Loss: 1.0068, Acc: 64.69%, lr: 0.076039
  Batch [250/390] Loss: 1.0173, Acc: 63.92%, lr: 0.075174
  Batch [300/390] Loss: 1.0212, Acc: 63.71%, lr: 0.074299
  Batch [350/390] Loss: 1.0217, Acc: 64.16%, lr: 0.073414
[Epoch 7] Train Loss: 1.0172, Acc: 64.54%  |  Val Loss: 0.9723, Acc: 67.91%  |  Time: 31.6s
[Epoch 7] t_iter median: 49.95 ms  (fwd 9.59 | bwd+comm 28.93 | opt 5.91 | data 5.47)  |  train-only epoch: 23.2s
  -> Best model saved (67.91%)
[Epoch 7] Summarizing hook timing...
[HOOK_TIMING_SUMMARY] epoch=7 no hook timing samples
[Epoch 7] Hook timing summary done

[Epoch 8] Training... (lr at epoch start=0.072700)
  Batch [50/390] Loss: 0.9514, Acc: 68.00%, lr: 0.071798
  Batch [100/390] Loss: 0.9101, Acc: 68.12%, lr: 0.070887
  Batch [150/390] Loss: 0.9054, Acc: 68.50%, lr: 0.069968
  Batch [200/390] Loss: 0.9001, Acc: 68.94%, lr: 0.069041
  Batch [250/390] Loss: 0.9040, Acc: 68.45%, lr: 0.068106
  Batch [300/390] Loss: 0.8881, Acc: 69.06%, lr: 0.067164
  Batch [350/390] Loss: 0.8705, Acc: 69.55%, lr: 0.066215
[Epoch 8] Train Loss: 0.8672, Acc: 69.89%  |  Val Loss: 1.0676, Acc: 69.07%  |  Time: 31.2s
[Epoch 8] t_iter median: 49.77 ms  (fwd 9.57 | bwd+comm 28.73 | opt 5.91 | data 5.52)  |  train-only epoch: 22.8s
  -> Best model saved (69.07%)
[Epoch 8] Summarizing hook timing...
[HOOK_TIMING_SUMMARY] epoch=8 no hook timing samples
[Epoch 8] Hook timing summary done

[Epoch 9] Training... (lr at epoch start=0.065451)
  Batch [50/390] Loss: 0.8154, Acc: 72.00%, lr: 0.064490
  Batch [100/390] Loss: 0.8225, Acc: 71.75%, lr: 0.063524
  Batch [150/390] Loss: 0.8268, Acc: 71.71%, lr: 0.062551
  Batch [200/390] Loss: 0.8300, Acc: 71.34%, lr: 0.061574
  Batch [250/390] Loss: 0.8127, Acc: 72.00%, lr: 0.060592
  Batch [300/390] Loss: 0.8022, Acc: 72.35%, lr: 0.059606
  Batch [350/390] Loss: 0.7920, Acc: 72.68%, lr: 0.058616
[Epoch 9] Train Loss: 0.7862, Acc: 72.84%  |  Val Loss: 0.7979, Acc: 72.77%  |  Time: 31.5s
[Epoch 9] t_iter median: 49.77 ms  (fwd 9.52 | bwd+comm 28.66 | opt 5.91 | data 5.55)  |  train-only epoch: 23.0s
  -> Best model saved (72.77%)
[Epoch 9] Summarizing hook timing...
[HOOK_TIMING_SUMMARY] epoch=9 no hook timing samples
[Epoch 9] Hook timing summary done

[Epoch 10] Training... (lr at epoch start=0.057822)
  Batch [50/390] Loss: 0.7156, Acc: 74.88%, lr: 0.056826
  Batch [100/390] Loss: 0.7330, Acc: 74.50%, lr: 0.055827
  Batch [150/390] Loss: 0.7184, Acc: 74.92%, lr: 0.054826
  Batch [200/390] Loss: 0.7138, Acc: 75.12%, lr: 0.053823
  Batch [250/390] Loss: 0.7047, Acc: 75.53%, lr: 0.052818
  Batch [300/390] Loss: 0.6904, Acc: 76.12%, lr: 0.051812
  Batch [350/390] Loss: 0.6930, Acc: 76.00%, lr: 0.050806
[Epoch 10] Train Loss: 0.6899, Acc: 76.09%  |  Val Loss: 0.6165, Acc: 78.41%  |  Time: 31.4s
[Epoch 10] t_iter median: 49.71 ms  (fwd 9.65 | bwd+comm 28.63 | opt 5.91 | data 5.59)  |  train-only epoch: 22.9s
  -> Best model saved (78.41%)
[Epoch 10] Summarizing hook timing...
[HOOK_TIMING_SUMMARY] epoch=10 no hook timing samples
[Epoch 10] Hook timing summary done

[Epoch 11] Training... (lr at epoch start=0.050000)
  Batch [50/390] Loss: 0.5845, Acc: 79.00%, lr: 0.048993
  Batch [100/390] Loss: 0.5948, Acc: 79.12%, lr: 0.047987
  Batch [150/390] Loss: 0.5839, Acc: 79.08%, lr: 0.046981
  Batch [200/390] Loss: 0.5944, Acc: 78.84%, lr: 0.045977
  Batch [250/390] Loss: 0.5936, Acc: 78.95%, lr: 0.044974
  Batch [300/390] Loss: 0.5861, Acc: 79.06%, lr: 0.043973
  Batch [350/390] Loss: 0.5849, Acc: 79.07%, lr: 0.042975
[Epoch 11] Train Loss: 0.5883, Acc: 79.18%  |  Val Loss: 0.5600, Acc: 80.52%  |  Time: 31.1s
[Epoch 11] t_iter median: 49.35 ms  (fwd 9.41 | bwd+comm 28.46 | opt 5.90 | data 5.56)  |  train-only epoch: 22.7s
  -> Best model saved (80.52%)
[Epoch 11] Summarizing hook timing...
[HOOK_TIMING_SUMMARY] epoch=11 no hook timing samples
[Epoch 11] Hook timing summary done

[Epoch 12] Training... (lr at epoch start=0.042178)
  Batch [50/390] Loss: 0.5206, Acc: 80.75%, lr: 0.041185
  Batch [100/390] Loss: 0.5361, Acc: 80.81%, lr: 0.040196
  Batch [150/390] Loss: 0.5619, Acc: 80.25%, lr: 0.039211
  Batch [200/390] Loss: 0.5563, Acc: 80.75%, lr: 0.038230
  Batch [250/390] Loss: 0.5473, Acc: 81.00%, lr: 0.037254
  Batch [300/390] Loss: 0.5428, Acc: 80.98%, lr: 0.036283
  Batch [350/390] Loss: 0.5372, Acc: 81.25%, lr: 0.035317
[Epoch 12] Train Loss: 0.5326, Acc: 81.52%  |  Val Loss: 0.5021, Acc: 82.76%  |  Time: 31.5s
[Epoch 12] t_iter median: 49.86 ms  (fwd 9.59 | bwd+comm 28.76 | opt 5.92 | data 5.57)  |  train-only epoch: 23.1s
  -> Best model saved (82.76%)
[Epoch 12] Summarizing hook timing...
[HOOK_TIMING_SUMMARY] epoch=12 no hook timing samples
[Epoch 12] Hook timing summary done

[Epoch 13] Training... (lr at epoch start=0.034549)
  Batch [50/390] Loss: 0.5066, Acc: 82.12%, lr: 0.033595
  Batch [100/390] Loss: 0.5133, Acc: 82.00%, lr: 0.032647
  Batch [150/390] Loss: 0.5013, Acc: 82.25%, lr: 0.031706
  Batch [200/390] Loss: 0.4865, Acc: 83.00%, lr: 0.030773
  Batch [250/390] Loss: 0.4820, Acc: 83.30%, lr: 0.029847
  Batch [300/390] Loss: 0.4813, Acc: 83.42%, lr: 0.028930
  Batch [350/390] Loss: 0.4857, Acc: 83.21%, lr: 0.028021
[Epoch 13] Train Loss: 0.4803, Acc: 83.38%  |  Val Loss: 0.4736, Acc: 83.33%  |  Time: 32.0s
[Epoch 13] t_iter median: 50.49 ms  (fwd 9.57 | bwd+comm 29.28 | opt 5.93 | data 5.55)  |  train-only epoch: 23.5s
  -> Best model saved (83.33%)
[Epoch 13] Summarizing hook timing...
[HOOK_TIMING_SUMMARY] epoch=13 no hook timing samples
[Epoch 13] Hook timing summary done

[Epoch 14] Training... (lr at epoch start=0.027300)
  Batch [50/390] Loss: 0.4170, Acc: 84.88%, lr: 0.026408
  Batch [100/390] Loss: 0.3973, Acc: 85.56%, lr: 0.025525
  Batch [150/390] Loss: 0.4110, Acc: 85.33%, lr: 0.024652
  Batch [200/390] Loss: 0.4400, Acc: 84.25%, lr: 0.023789
  Batch [250/390] Loss: 0.4396, Acc: 84.58%, lr: 0.022937
  Batch [300/390] Loss: 0.4303, Acc: 85.00%, lr: 0.022096
  Batch [350/390] Loss: 0.4251, Acc: 85.25%, lr: 0.021266
[Epoch 14] Train Loss: 0.4233, Acc: 85.38%  |  Val Loss: 0.4753, Acc: 84.64%  |  Time: 31.8s
[Epoch 14] t_iter median: 50.28 ms  (fwd 9.57 | bwd+comm 28.99 | opt 5.92 | data 5.60)  |  train-only epoch: 23.3s
  -> Best model saved (84.64%)
[Epoch 14] Summarizing hook timing...
[HOOK_TIMING_SUMMARY] epoch=14 no hook timing samples
[Epoch 14] Hook timing summary done

[Epoch 15] Training... (lr at epoch start=0.020611)
  Batch [50/390] Loss: 0.4134, Acc: 85.12%, lr: 0.019802
  Batch [100/390] Loss: 0.4092, Acc: 85.19%, lr: 0.019006
  Batch [150/390] Loss: 0.4205, Acc: 84.79%, lr: 0.018222
  Batch [200/390] Loss: 0.4137, Acc: 85.28%, lr: 0.017451
  Batch [250/390] Loss: 0.4070, Acc: 85.45%, lr: 0.016693
  Batch [300/390] Loss: 0.4071, Acc: 85.69%, lr: 0.015949
  Batch [350/390] Loss: 0.4074, Acc: 85.52%, lr: 0.015219
[Epoch 15] Train Loss: 0.4055, Acc: 85.54%  |  Val Loss: 0.4001, Acc: 86.43%  |  Time: 31.5s
[Epoch 15] t_iter median: 49.98 ms  (fwd 9.60 | bwd+comm 28.82 | opt 5.91 | data 5.60)  |  train-only epoch: 23.0s
  -> Best model saved (86.43%)
[Epoch 15] Summarizing hook timing...
[HOOK_TIMING_SUMMARY] epoch=15 no hook timing samples
[Epoch 15] Hook timing summary done

[Epoch 16] Training... (lr at epoch start=0.014645)
  Batch [50/390] Loss: 0.3168, Acc: 88.62%, lr: 0.013940
  Batch [100/390] Loss: 0.3488, Acc: 86.94%, lr: 0.013250
  Batch [150/390] Loss: 0.3353, Acc: 87.67%, lr: 0.012574
  Batch [200/390] Loss: 0.3431, Acc: 87.53%, lr: 0.011914
  Batch [250/390] Loss: 0.3392, Acc: 87.65%, lr: 0.011270
  Batch [300/390] Loss: 0.3415, Acc: 87.73%, lr: 0.010641
  Batch [350/390] Loss: 0.3377, Acc: 87.96%, lr: 0.010028
[Epoch 16] Train Loss: 0.3354, Acc: 88.11%  |  Val Loss: 0.3799, Acc: 87.54%  |  Time: 31.8s
[Epoch 16] t_iter median: 50.35 ms  (fwd 9.72 | bwd+comm 29.04 | opt 5.92 | data 5.60)  |  train-only epoch: 23.3s
  -> Best model saved (87.54%)
[Epoch 16] Summarizing hook timing...
[HOOK_TIMING_SUMMARY] epoch=16 no hook timing samples
[Epoch 16] Hook timing summary done

[Epoch 17] Training... (lr at epoch start=0.009549)
  Batch [50/390] Loss: 0.3106, Acc: 89.88%, lr: 0.008966
  Batch [100/390] Loss: 0.3134, Acc: 88.69%, lr: 0.008399
  Batch [150/390] Loss: 0.3054, Acc: 89.25%, lr: 0.007848
  Batch [200/390] Loss: 0.2899, Acc: 90.00%, lr: 0.007315
  Batch [250/390] Loss: 0.2896, Acc: 89.85%, lr: 0.006800
  Batch [300/390] Loss: 0.2910, Acc: 89.77%, lr: 0.006302
  Batch [350/390] Loss: 0.2937, Acc: 89.70%, lr: 0.005821
[Epoch 17] Train Loss: 0.2930, Acc: 89.84%  |  Val Loss: 0.3508, Acc: 88.24%  |  Time: 31.7s
[Epoch 17] t_iter median: 50.09 ms  (fwd 9.70 | bwd+comm 28.81 | opt 5.92 | data 5.67)  |  train-only epoch: 23.1s
  -> Best model saved (88.24%)
[Epoch 17] Summarizing hook timing...
[HOOK_TIMING_SUMMARY] epoch=17 no hook timing samples
[Epoch 17] Hook timing summary done

[Epoch 18] Training... (lr at epoch start=0.005450)
  Batch [50/390] Loss: 0.2511, Acc: 90.00%, lr: 0.005002
  Batch [100/390] Loss: 0.2302, Acc: 91.31%, lr: 0.004572
  Batch [150/390] Loss: 0.2464, Acc: 91.08%, lr: 0.004160
  Batch [200/390] Loss: 0.2468, Acc: 91.19%, lr: 0.003768
  Batch [250/390] Loss: 0.2497, Acc: 91.00%, lr: 0.003394
  Batch [300/390] Loss: 0.2476, Acc: 91.40%, lr: 0.003038
  Batch [350/390] Loss: 0.2451, Acc: 91.41%, lr: 0.002702
[Epoch 18] Train Loss: 0.2505, Acc: 91.22%  |  Val Loss: 0.3322, Acc: 88.90%  |  Time: 31.7s
[Epoch 18] t_iter median: 50.04 ms  (fwd 9.58 | bwd+comm 28.87 | opt 5.91 | data 5.65)  |  train-only epoch: 23.0s
  -> Best model saved (88.90%)
[Epoch 18] Summarizing hook timing...
[HOOK_TIMING_SUMMARY] epoch=18 no hook timing samples
[Epoch 18] Hook timing summary done

[Epoch 19] Training... (lr at epoch start=0.002447)
  Batch [50/390] Loss: 0.2715, Acc: 90.75%, lr: 0.002146
  Batch [100/390] Loss: 0.2704, Acc: 90.81%, lr: 0.001864
  Batch [150/390] Loss: 0.2595, Acc: 90.96%, lr: 0.001601
  Batch [200/390] Loss: 0.2490, Acc: 91.59%, lr: 0.001358
  Batch [250/390] Loss: 0.2547, Acc: 91.30%, lr: 0.001135
  Batch [300/390] Loss: 0.2600, Acc: 90.94%, lr: 0.000931
  Batch [350/390] Loss: 0.2567, Acc: 91.04%, lr: 0.000748
[Epoch 19] Train Loss: 0.2519, Acc: 91.31%  |  Val Loss: 0.3172, Acc: 89.31%  |  Time: 32.1s
[Epoch 19] t_iter median: 50.43 ms  (fwd 9.66 | bwd+comm 29.07 | opt 5.92 | data 5.59)  |  train-only epoch: 23.5s
  -> Best model saved (89.31%)
[Epoch 19] Summarizing hook timing...
[HOOK_TIMING_SUMMARY] epoch=19 no hook timing samples
[Epoch 19] Hook timing summary done

[Epoch 20] Training... (lr at epoch start=0.000616)
  Batch [50/390] Loss: 0.1731, Acc: 94.12%, lr: 0.000468
  Batch [100/390] Loss: 0.1916, Acc: 93.94%, lr: 0.000341
  Batch [150/390] Loss: 0.1925, Acc: 93.92%, lr: 0.000233
  Batch [200/390] Loss: 0.1971, Acc: 93.56%, lr: 0.000146
  Batch [250/390] Loss: 0.2035, Acc: 93.15%, lr: 0.000079
  Batch [300/390] Loss: 0.2001, Acc: 93.10%, lr: 0.000033
  Batch [350/390] Loss: 0.2030, Acc: 93.07%, lr: 0.000006
[Epoch 20] Train Loss: 0.2037, Acc: 92.96%  |  Val Loss: 0.3156, Acc: 89.28%  |  Time: 31.9s
[Epoch 20] t_iter median: 49.96 ms  (fwd 9.60 | bwd+comm 28.91 | opt 5.92 | data 5.64)  |  train-only epoch: 23.2s
[Epoch 20] Summarizing hook timing...
[HOOK_TIMING_SUMMARY] epoch=20 no hook timing samples
[Epoch 20] Hook timing summary done

================================================================================
Done in 676.9s | Best val acc: 89.31%
Epoch times (train+val): mean=32.4s  min=30.7s  max=48.9s
Train-only epoch time (epochs 2..N): median=23.06s  min=22.38s  max=23.72s
  -> use this for STRONG scaling (fixed global batch)
  -> use t_iter_median_ms from the CSV for WEAK scaling (fixed local batch)
================================================================================
=== Finished training: model=wide_resnet50_2, dataset=cifar10, batch=16, lr=0.1, scheduler=cosine, backend=nccl, hook=none, zfp_rate=none, status=0 at Thu Jul 16 07:43:19 PM EDT 2026 ===
=== Starting: model=wide_resnet50_2, ws=8, bs=16, gb=128, lr=0.1, sched=cosine, warmup=0, mom=0.9, wd=5e-4, nesterov=true, wd_bn_bias=false, backend=nccl, hook=ring, zfp=none at Thu Jul 16 07:43:19 PM EDT 2026 ===
MIOPEN_USER_DB_PATH=/mnt/bb/matilderestelli/miopen_cache_5012971/miopen_db
MIOPEN_CUSTOM_CACHE_DIR=/mnt/bb/matilderestelli/miopen_cache_5012971/kernel_cache
drwxr-sr-x 2 matilderestelli gen243 103 Jul 14 05:38 /mnt/bb/matilderestelli/miopen_cache_5012971/miopen_db
==== GPU visibility debug (batch shell) ====
frontier08190
ROCR_VISIBLE_DEVICES=0,1,2,3,4,5,6,7
SLURM_JOB_GPUS=0,1,2,3,4,5,6,7
[37mROCk module version 6.16.13 is loaded[0m
=====================    
HSA System Attributes    
=====================    
Runtime Version:         1.18
Runtime Ext Version:     1.14
System Timestamp Freq.:  1000.000000MHz
Sig. Max Wait Duration:  18446744073709551615 (0xFFFFFFFFFFFFFFFF) (timestamp count)
Machine Model:           LARGE                              
System Endianness:       LITTLE                             
Mwaitx:                  DISABLED
XNACK enabled:           NO
DMAbuf Support:          YES
VMM Support:             YES

==========               
HSA Agents               
==========               
*******                  
Agent 1                  
*******                  
  Name:                    AMD EPYC 7A53 64-Core Processor    
  Uuid:                    CPU-XX                             
  Marketing Name:          AMD EPYC 7A53 64-Core Processor    
  Vendor Name:             CPU                                
  Feature:                 None specified                     
  Profile:                 FULL_PROFILE                       
  Float Round Mode:        NEAR                               
  Max Queue Number:        0(0x0)                             
  Queue Min Size:          0(0x0)                             

================================================================================
DISTRIBUTED TRAINING LAUNCHER
================================================================================
  Model:      wide_resnet50_2 (CIFAR stem) (from scratch)
  Dataset:    cifar10 (10 classes)
  Image size: 32
  LR:         0.1
  Momentum:   0.9 (nesterov=True)
  Optimizer:  sgd
  Weight dec: 0.0005 (on BN/bias=False)
  Backend:    nccl
  Algorithm:  ring
  Epochs:     20
  Batch/rank: 16
  LR:         0.1
  Scheduler:  cosine
  Warmup:     0
  Grad clip:  None
  Drop last:  True
  Data dir:   ./data
================================================================================

[PRE-INIT] rank=5/8 host=frontier08190 local_rank=0 current_device=0 device_count=1 visible=7 device_name=AMD Instinct MI250X

================================================================================
DISTRIBUTED TRAINING LAUNCHER
================================================================================
  Model:      wide_resnet50_2 (CIFAR stem) (from scratch)
  Dataset:    cifar10 (10 classes)
  Image size: 32
  LR:         0.1
  Momentum:   0.9 (nesterov=True)
  Optimizer:  sgd
  Weight dec: 0.0005 (on BN/bias=False)
  Backend:    nccl
  Algorithm:  ring
  Epochs:     20
  Batch/rank: 16
  LR:         0.1
  Scheduler:  cosine
  Warmup:     0
  Grad clip:  None
  Drop last:  True
  Data dir:   ./data
================================================================================


================================================================================
DISTRIBUTED TRAINING LAUNCHER
================================================================================
  Model:      wide_resnet50_2 (CIFAR stem) (from scratch)
  Dataset:    cifar10 (10 classes)
  Image size: 32
  LR:         0.1
  Momentum:   0.9 (nesterov=True)
  Optimizer:  sgd
  Weight dec: 0.0005 (on BN/bias=False)
  Backend:    nccl
  Algorithm:  ring
  Epochs:     20
  Batch/rank: 16
  LR:         0.1
  Scheduler:  cosine
  Warmup:     0
  Grad clip:  None
  Drop last:  True
  Data dir:   ./data
================================================================================

[PRE-INIT] rank=3/8 host=frontier08190 local_rank=0 current_device=0 device_count=1 visible=3 device_name=AMD Instinct MI250X
[PRE-INIT] rank=4/8 host=frontier08190 local_rank=0 current_device=0 device_count=1 visible=6 device_name=AMD Instinct MI250X

================================================================================
DISTRIBUTED TRAINING LAUNCHER
================================================================================
  Model:      wide_resnet50_2 (CIFAR stem) (from scratch)
  Dataset:    cifar10 (10 classes)
  Image size: 32
  LR:         0.1
  Momentum:   0.9 (nesterov=True)
  Optimizer:  sgd
  Weight dec: 0.0005 (on BN/bias=False)
  Backend:    nccl
  Algorithm:  ring
  Epochs:     20
  Batch/rank: 16
  LR:         0.1
  Scheduler:  cosine
  Warmup:     0
  Grad clip:  None
  Drop last:  True
  Data dir:   ./data
================================================================================

[PRE-INIT] rank=6/8 host=frontier08190 local_rank=0 current_device=0 device_count=1 visible=0 device_name=AMD Instinct MI250X

================================================================================
DISTRIBUTED TRAINING LAUNCHER
================================================================================
  Model:      wide_resnet50_2 (CIFAR stem) (from scratch)
  Dataset:    cifar10 (10 classes)
  Image size: 32
  LR:         0.1
  Momentum:   0.9 (nesterov=True)
  Optimizer:  sgd
  Weight dec: 0.0005 (on BN/bias=False)
  Backend:    nccl
  Algorithm:  ring
  Epochs:     20
  Batch/rank: 16
  LR:         0.1
  Scheduler:  cosine
  Warmup:     0
  Grad clip:  None
  Drop last:  True
  Data dir:   ./data
================================================================================


================================================================================
DISTRIBUTED TRAINING LAUNCHER
================================================================================
  Model:      wide_resnet50_2 (CIFAR stem) (from scratch)
  Dataset:    cifar10 (10 classes)
  Image size: 32
  LR:         0.1
  Momentum:   0.9 (nesterov=True)
  Optimizer:  sgd
  Weight dec: 0.0005 (on BN/bias=False)
  Backend:    nccl
  Algorithm:  ring
  Epochs:     20
  Batch/rank: 16
  LR:         0.1
  Scheduler:  cosine
  Warmup:     0
  Grad clip:  None
  Drop last:  True
  Data dir:   ./data
================================================================================

[PRE-INIT] rank=7/8 host=frontier08190 local_rank=0 current_device=0 device_count=1 visible=1 device_name=AMD Instinct MI250X
[PRE-INIT] rank=1/8 host=frontier08190 local_rank=0 current_device=0 device_count=1 visible=5 device_name=AMD Instinct MI250X

================================================================================
DISTRIBUTED TRAINING LAUNCHER
================================================================================
  Model:      wide_resnet50_2 (CIFAR stem) (from scratch)
  Dataset:    cifar10 (10 classes)
  Image size: 32
  LR:         0.1
  Momentum:   0.9 (nesterov=True)
  Optimizer:  sgd
  Weight dec: 0.0005 (on BN/bias=False)
  Backend:    nccl
  Algorithm:  ring
  Epochs:     20
  Batch/rank: 16
  LR:         0.1
  Scheduler:  cosine
  Warmup:     0
  Grad clip:  None
  Drop last:  True
  Data dir:   ./data
================================================================================


================================================================================
DISTRIBUTED TRAINING LAUNCHER
================================================================================
  Model:      wide_resnet50_2 (CIFAR stem) (from scratch)
  Dataset:    cifar10 (10 classes)
  Image size: 32
  LR:         0.1
  Momentum:   0.9 (nesterov=True)
  Optimizer:  sgd
  Weight dec: 0.0005 (on BN/bias=False)
  Backend:    nccl
  Algorithm:  ring
  Epochs:     20
  Batch/rank: 16
  LR:         0.1
  Scheduler:  cosine
  Warmup:     0
  Grad clip:  None
  Drop last:  True
  Data dir:   ./data
================================================================================

[PRE-INIT] rank=0/8 host=frontier08190 local_rank=0 current_device=0 device_count=1 visible=4 device_name=AMD Instinct MI250X
[PRE-INIT] rank=2/8 host=frontier08190 local_rank=0 current_device=0 device_count=1 visible=2 device_name=AMD Instinct MI250X
[POST-INIT] rank=1/8 host=frontier08190 current_device=0 visible=5 device_name=AMD Instinct MI250X
[POST-INIT] rank=2/8 host=frontier08190 current_device=0 visible=2 device_name=AMD Instinct MI250X
[POST-INIT] rank=3/8 host=frontier08190 current_device=0 visible=3 device_name=AMD Instinct MI250X
[POST-INIT] rank=4/8 host=frontier08190 current_device=0 visible=6 device_name=AMD Instinct MI250X
[POST-INIT] rank=5/8 host=frontier08190 current_device=0 visible=7 device_name=AMD Instinct MI250X
[POST-INIT] rank=6/8 host=frontier08190 current_device=0 visible=0 device_name=AMD Instinct MI250X
[POST-INIT] rank=7/8 host=frontier08190 current_device=0 visible=1 device_name=AMD Instinct MI250X
[POST-INIT] rank=0/8 host=frontier08190 current_device=0 visible=4 device_name=AMD Instinct MI250X

================================================================================
Distributed Training: WIDE_RESNET50_2 on CIFAR10
Backend: NCCL, Algorithm: ring
================================================================================
Ranks: 8, Epochs: 20, Batch/rank: 16, Effective batch: 128
LR: 0.1, Device: cuda:0

[Cache] Pretrained weights cache (TORCH_HOME) = /lustre/orion/gen243/proj-shared/matilderestelli/pretrained_weights_cache
[Setup] Model on cuda:0, wrapped in DDP (static_graph=True)
[Setup] Hook registered: nccl/ring
[Optim] SGD: lr=0.1 momentum=0.9 nesterov=True wd=0.0005 wd_on_bn_bias=False
[Optim]   group 0: 66,778,816 params, wd=0.0005
[Optim]   group 1: 68,234 params, wd=0.0
[Data] Train batches: 390, Val batches: 625

[Sched] cosine: steps/epoch=390, total_steps=7800, warmup_steps=0 (0 epochs)


[Epoch 1] Training... (lr at epoch start=0.100000)
  Batch [50/390] Loss: 13.4252, Acc: 9.62%, lr: 0.099990
  Batch [100/390] Loss: 7.8913, Acc: 10.56%, lr: 0.099959
  Batch [150/390] Loss: 6.0260, Acc: 10.83%, lr: 0.099909
  Batch [200/390] Loss: 5.0997, Acc: 10.72%, lr: 0.099838
  Batch [250/390] Loss: 4.5414, Acc: 11.32%, lr: 0.099747
  Batch [300/390] Loss: 4.1695, Acc: 11.42%, lr: 0.099635
  Batch [350/390] Loss: 3.9017, Acc: 11.54%, lr: 0.099504
[Epoch 1] Train Loss: 3.7356, Acc: 12.00%  |  Val Loss: 2.5954, Acc: 13.77%  |  Time: 51.7s
[Epoch 1] t_iter median: 104.66 ms  (fwd 15.84 | bwd+comm 82.79 | opt 5.93 | data 0.08)  |  train-only epoch: 43.6s
  -> Best model saved (13.77%)
[Epoch 1] Summarizing hook timing...

[HOOK_TIMING_SUMMARY] epoch=1
[HOOK_WORK_SUMMARY] label=nccl:ring calls=3113 work_total_ms=27806.057 work_mean_ms=8.932 work_min_ms=4.670 work_max_ms=132.659
[HOOK_TAIL_SUMMARY] label=nccl:ring steps=391 tail_total_ms=24509.880 tail_mean_ms=62.685 tail_min_ms=13.957 tail_max_ms=133.675
[Epoch 1] Hook timing summary done

[Epoch 2] Training... (lr at epoch start=0.099384)
  Batch [50/390] Loss: 2.2779, Acc: 13.12%, lr: 0.099217
  Batch [100/390] Loss: 2.2471, Acc: 15.56%, lr: 0.099029
  Batch [150/390] Loss: 2.2140, Acc: 16.88%, lr: 0.098822
  Batch [200/390] Loss: 2.1816, Acc: 17.69%, lr: 0.098595
  Batch [250/390] Loss: 2.1453, Acc: 18.90%, lr: 0.098348
  Batch [300/390] Loss: 2.1164, Acc: 19.96%, lr: 0.098082
  Batch [350/390] Loss: 2.0912, Acc: 20.61%, lr: 0.097796
[Epoch 2] Train Loss: 2.0739, Acc: 21.35%  |  Val Loss: 2.3707, Acc: 26.58%  |  Time: 50.1s
[Epoch 2] t_iter median: 105.96 ms  (fwd 15.49 | bwd+comm 84.33 | opt 5.94 | data 0.08)  |  train-only epoch: 41.9s
  -> Best model saved (26.58%)
[Epoch 2] Summarizing hook timing...

[HOOK_TIMING_SUMMARY] epoch=2
[HOOK_WORK_SUMMARY] label=nccl:ring calls=3120 work_total_ms=28461.284 work_mean_ms=9.122 work_min_ms=4.277 work_max_ms=41.535
[HOOK_TAIL_SUMMARY] label=nccl:ring steps=390 tail_total_ms=25068.356 tail_mean_ms=64.278 tail_min_ms=41.064 tail_max_ms=105.107
[Epoch 2] Hook timing summary done

[Epoch 3] Training... (lr at epoch start=0.097553)
  Batch [50/390] Loss: 1.8446, Acc: 30.88%, lr: 0.097232
  Batch [100/390] Loss: 1.8634, Acc: 28.62%, lr: 0.096892
  Batch [150/390] Loss: 1.8834, Acc: 28.42%, lr: 0.096533
  Batch [200/390] Loss: 1.8677, Acc: 29.16%, lr: 0.096155
  Batch [250/390] Loss: 1.8552, Acc: 29.40%, lr: 0.095759
  Batch [300/390] Loss: 1.8395, Acc: 30.40%, lr: 0.095344
  Batch [350/390] Loss: 1.8339, Acc: 30.91%, lr: 0.094910
[Epoch 3] Train Loss: 1.8292, Acc: 31.09%  |  Val Loss: 2.7121, Acc: 38.09%  |  Time: 50.6s
[Epoch 3] t_iter median: 106.81 ms  (fwd 15.69 | bwd+comm 84.83 | opt 5.94 | data 0.08)  |  train-only epoch: 42.3s
  -> Best model saved (38.09%)
[Epoch 3] Summarizing hook timing...

[HOOK_TIMING_SUMMARY] epoch=3
[HOOK_WORK_SUMMARY] label=nccl:ring calls=3120 work_total_ms=28873.754 work_mean_ms=9.254 work_min_ms=4.153 work_max_ms=59.474
[HOOK_TAIL_SUMMARY] label=nccl:ring steps=390 tail_total_ms=25368.779 tail_mean_ms=65.048 tail_min_ms=45.560 tail_max_ms=149.908
[Epoch 3] Hook timing summary done

[Epoch 4] Training... (lr at epoch start=0.094550)
  Batch [50/390] Loss: 1.7329, Acc: 34.50%, lr: 0.094084
  Batch [100/390] Loss: 1.7513, Acc: 34.56%, lr: 0.093600
  Batch [150/390] Loss: 1.7316, Acc: 35.33%, lr: 0.093098
  Batch [200/390] Loss: 1.7267, Acc: 36.03%, lr: 0.092579
  Batch [250/390] Loss: 1.7152, Acc: 36.67%, lr: 0.092043
  Batch [300/390] Loss: 1.7058, Acc: 37.38%, lr: 0.091489
  Batch [350/390] Loss: 1.7024, Acc: 37.55%, lr: 0.090919
[Epoch 4] Train Loss: 1.6911, Acc: 37.72%  |  Val Loss: 1.9026, Acc: 46.26%  |  Time: 51.1s
[Epoch 4] t_iter median: 108.58 ms  (fwd 15.73 | bwd+comm 86.34 | opt 5.95 | data 0.08)  |  train-only epoch: 42.8s
  -> Best model saved (46.26%)
[Epoch 4] Summarizing hook timing...

[HOOK_TIMING_SUMMARY] epoch=4
[HOOK_WORK_SUMMARY] label=nccl:ring calls=3120 work_total_ms=29263.071 work_mean_ms=9.379 work_min_ms=4.665 work_max_ms=55.507
[HOOK_TAIL_SUMMARY] label=nccl:ring steps=390 tail_total_ms=25602.191 tail_mean_ms=65.647 tail_min_ms=45.526 tail_max_ms=89.227
[Epoch 4] Hook timing summary done

[Epoch 5] Training... (lr at epoch start=0.090451)
  Batch [50/390] Loss: 1.5950, Acc: 44.62%, lr: 0.089851
  Batch [100/390] Loss: 1.6148, Acc: 42.06%, lr: 0.089235
  Batch [150/390] Loss: 1.5939, Acc: 42.96%, lr: 0.088603
  Batch [200/390] Loss: 1.5829, Acc: 42.91%, lr: 0.087955
  Batch [250/390] Loss: 1.5647, Acc: 43.50%, lr: 0.087292
  Batch [300/390] Loss: 1.5571, Acc: 43.60%, lr: 0.086613
  Batch [350/390] Loss: 1.5398, Acc: 44.27%, lr: 0.085920
[Epoch 5] Train Loss: 1.5303, Acc: 44.78%  |  Val Loss: 2.5785, Acc: 50.08%  |  Time: 51.3s
[Epoch 5] t_iter median: 108.44 ms  (fwd 16.12 | bwd+comm 85.83 | opt 5.94 | data 0.08)  |  train-only epoch: 43.0s
  -> Best model saved (50.08%)
[Epoch 5] Summarizing hook timing...

[HOOK_TIMING_SUMMARY] epoch=5
[HOOK_WORK_SUMMARY] label=nccl:ring calls=3120 work_total_ms=29421.697 work_mean_ms=9.430 work_min_ms=4.681 work_max_ms=96.206
[HOOK_TAIL_SUMMARY] label=nccl:ring steps=390 tail_total_ms=25619.692 tail_mean_ms=65.692 tail_min_ms=43.401 tail_max_ms=313.380
[Epoch 5] Hook timing summary done

[Epoch 6] Training... (lr at epoch start=0.085355)
  Batch [50/390] Loss: 1.4859, Acc: 45.75%, lr: 0.084636
  Batch [100/390] Loss: 1.4568, Acc: 47.56%, lr: 0.083903
  Batch [150/390] Loss: 1.4277, Acc: 48.67%, lr: 0.083156
  Batch [200/390] Loss: 1.4035, Acc: 49.28%, lr: 0.082396
  Batch [250/390] Loss: 1.3999, Acc: 49.73%, lr: 0.081622
  Batch [300/390] Loss: 1.3924, Acc: 50.19%, lr: 0.080836
  Batch [350/390] Loss: 1.3916, Acc: 50.21%, lr: 0.080037
[Epoch 6] Train Loss: 1.3771, Acc: 50.90%  |  Val Loss: 1.1859, Acc: 57.46%  |  Time: 51.2s
[Epoch 6] t_iter median: 108.46 ms  (fwd 15.90 | bwd+comm 86.28 | opt 5.95 | data 0.08)  |  train-only epoch: 42.8s
  -> Best model saved (57.46%)
[Epoch 6] Summarizing hook timing...

[HOOK_TIMING_SUMMARY] epoch=6
[HOOK_WORK_SUMMARY] label=nccl:ring calls=3120 work_total_ms=29330.666 work_mean_ms=9.401 work_min_ms=4.702 work_max_ms=43.669
[HOOK_TAIL_SUMMARY] label=nccl:ring steps=390 tail_total_ms=25374.734 tail_mean_ms=65.063 tail_min_ms=47.389 tail_max_ms=87.073
[Epoch 6] Hook timing summary done

[Epoch 7] Training... (lr at epoch start=0.079389)
  Batch [50/390] Loss: 1.2329, Acc: 57.62%, lr: 0.078569
  Batch [100/390] Loss: 1.2255, Acc: 57.25%, lr: 0.077737
  Batch [150/390] Loss: 1.2312, Acc: 56.29%, lr: 0.076893
  Batch [200/390] Loss: 1.2263, Acc: 56.59%, lr: 0.076039
  Batch [250/390] Loss: 1.2278, Acc: 56.42%, lr: 0.075174
  Batch [300/390] Loss: 1.2278, Acc: 56.29%, lr: 0.074299
  Batch [350/390] Loss: 1.2227, Acc: 56.55%, lr: 0.073414
[Epoch 7] Train Loss: 1.2269, Acc: 56.44%  |  Val Loss: 1.1417, Acc: 62.34%  |  Time: 51.0s
[Epoch 7] t_iter median: 108.23 ms  (fwd 16.02 | bwd+comm 85.73 | opt 5.94 | data 0.08)  |  train-only epoch: 42.7s
  -> Best model saved (62.34%)
[Epoch 7] Summarizing hook timing...

[HOOK_TIMING_SUMMARY] epoch=7
[HOOK_WORK_SUMMARY] label=nccl:ring calls=3120 work_total_ms=29094.285 work_mean_ms=9.325 work_min_ms=4.689 work_max_ms=40.534
[HOOK_TAIL_SUMMARY] label=nccl:ring steps=390 tail_total_ms=25303.741 tail_mean_ms=64.881 tail_min_ms=44.641 tail_max_ms=87.798
[Epoch 7] Hook timing summary done

[Epoch 8] Training... (lr at epoch start=0.072700)
  Batch [50/390] Loss: 1.1728, Acc: 57.88%, lr: 0.071798
  Batch [100/390] Loss: 1.1454, Acc: 59.12%, lr: 0.070887
  Batch [150/390] Loss: 1.1345, Acc: 59.92%, lr: 0.069968
  Batch [200/390] Loss: 1.1131, Acc: 60.75%, lr: 0.069041
  Batch [250/390] Loss: 1.1149, Acc: 60.85%, lr: 0.068106
  Batch [300/390] Loss: 1.0983, Acc: 61.38%, lr: 0.067164
  Batch [350/390] Loss: 1.0835, Acc: 61.95%, lr: 0.066215
[Epoch 8] Train Loss: 1.0837, Acc: 61.92%  |  Val Loss: 1.0117, Acc: 64.37%  |  Time: 51.0s
[Epoch 8] t_iter median: 107.75 ms  (fwd 16.20 | bwd+comm 85.33 | opt 5.94 | data 0.08)  |  train-only epoch: 42.6s
  -> Best model saved (64.37%)
[Epoch 8] Summarizing hook timing...

[HOOK_TIMING_SUMMARY] epoch=8
[HOOK_WORK_SUMMARY] label=nccl:ring calls=3120 work_total_ms=28945.039 work_mean_ms=9.277 work_min_ms=4.675 work_max_ms=60.377
[HOOK_TAIL_SUMMARY] label=nccl:ring steps=390 tail_total_ms=25127.588 tail_mean_ms=64.430 tail_min_ms=47.740 tail_max_ms=88.893
[Epoch 8] Hook timing summary done

[Epoch 9] Training... (lr at epoch start=0.065451)
  Batch [50/390] Loss: 1.0409, Acc: 62.25%, lr: 0.064490
  Batch [100/390] Loss: 1.0272, Acc: 63.25%, lr: 0.063524
  Batch [150/390] Loss: 1.0393, Acc: 62.79%, lr: 0.062551
  Batch [200/390] Loss: 1.0316, Acc: 63.72%, lr: 0.061574
  Batch [250/390] Loss: 1.0331, Acc: 63.65%, lr: 0.060592
  Batch [300/390] Loss: 1.0172, Acc: 64.19%, lr: 0.059606
  Batch [350/390] Loss: 1.0124, Acc: 64.39%, lr: 0.058616
[Epoch 9] Train Loss: 1.0088, Acc: 64.49%  |  Val Loss: 0.8662, Acc: 69.62%  |  Time: 51.0s
[Epoch 9] t_iter median: 107.59 ms  (fwd 16.20 | bwd+comm 85.42 | opt 5.95 | data 0.08)  |  train-only epoch: 42.6s
  -> Best model saved (69.62%)
[Epoch 9] Summarizing hook timing...

[HOOK_TIMING_SUMMARY] epoch=9
[HOOK_WORK_SUMMARY] label=nccl:ring calls=3120 work_total_ms=29014.119 work_mean_ms=9.299 work_min_ms=4.691 work_max_ms=90.791
[HOOK_TAIL_SUMMARY] label=nccl:ring steps=390 tail_total_ms=25043.978 tail_mean_ms=64.215 tail_min_ms=46.077 tail_max_ms=153.743
[Epoch 9] Hook timing summary done

[Epoch 10] Training... (lr at epoch start=0.057822)
  Batch [50/390] Loss: 0.9986, Acc: 63.88%, lr: 0.056826
  Batch [100/390] Loss: 1.0038, Acc: 64.94%, lr: 0.055827
  Batch [150/390] Loss: 0.9690, Acc: 65.96%, lr: 0.054826
  Batch [200/390] Loss: 0.9618, Acc: 66.16%, lr: 0.053823
  Batch [250/390] Loss: 0.9489, Acc: 66.58%, lr: 0.052818
  Batch [300/390] Loss: 0.9373, Acc: 67.02%, lr: 0.051812
  Batch [350/390] Loss: 0.9275, Acc: 67.48%, lr: 0.050806
[Epoch 10] Train Loss: 0.9235, Acc: 67.53%  |  Val Loss: 0.8605, Acc: 70.46%  |  Time: 52.0s
[Epoch 10] t_iter median: 109.13 ms  (fwd 16.06 | bwd+comm 86.47 | opt 5.95 | data 0.08)  |  train-only epoch: 43.4s
  -> Best model saved (70.46%)
[Epoch 10] Summarizing hook timing...

[HOOK_TIMING_SUMMARY] epoch=10
[HOOK_WORK_SUMMARY] label=nccl:ring calls=3120 work_total_ms=29917.906 work_mean_ms=9.589 work_min_ms=4.635 work_max_ms=104.342
[HOOK_TAIL_SUMMARY] label=nccl:ring steps=390 tail_total_ms=25828.349 tail_mean_ms=66.227 tail_min_ms=45.708 tail_max_ms=427.246
[Epoch 10] Hook timing summary done

[Epoch 11] Training... (lr at epoch start=0.050000)
  Batch [50/390] Loss: 0.8439, Acc: 69.88%, lr: 0.048993
  Batch [100/390] Loss: 0.8507, Acc: 69.56%, lr: 0.047987
  Batch [150/390] Loss: 0.8497, Acc: 69.83%, lr: 0.046981
  Batch [200/390] Loss: 0.8516, Acc: 70.19%, lr: 0.045977
  Batch [250/390] Loss: 0.8472, Acc: 70.33%, lr: 0.044974
  Batch [300/390] Loss: 0.8465, Acc: 70.33%, lr: 0.043973
  Batch [350/390] Loss: 0.8396, Acc: 70.68%, lr: 0.042975
[Epoch 11] Train Loss: 0.8377, Acc: 70.80%  |  Val Loss: 0.7533, Acc: 73.64%  |  Time: 51.8s
[Epoch 11] t_iter median: 109.49 ms  (fwd 16.38 | bwd+comm 87.05 | opt 5.95 | data 0.08)  |  train-only epoch: 43.3s
  -> Best model saved (73.64%)
[Epoch 11] Summarizing hook timing...

[HOOK_TIMING_SUMMARY] epoch=11
[HOOK_WORK_SUMMARY] label=nccl:ring calls=3120 work_total_ms=29608.516 work_mean_ms=9.490 work_min_ms=4.695 work_max_ms=48.661
[HOOK_TAIL_SUMMARY] label=nccl:ring steps=390 tail_total_ms=25663.892 tail_mean_ms=65.805 tail_min_ms=37.270 tail_max_ms=87.931
[Epoch 11] Hook timing summary done

[Epoch 12] Training... (lr at epoch start=0.042178)
  Batch [50/390] Loss: 0.7922, Acc: 70.50%, lr: 0.041185
  Batch [100/390] Loss: 0.7766, Acc: 72.31%, lr: 0.040196
  Batch [150/390] Loss: 0.7938, Acc: 72.00%, lr: 0.039211
  Batch [200/390] Loss: 0.7999, Acc: 72.12%, lr: 0.038230
  Batch [250/390] Loss: 0.7867, Acc: 72.47%, lr: 0.037254
  Batch [300/390] Loss: 0.7697, Acc: 73.02%, lr: 0.036283
  Batch [350/390] Loss: 0.7652, Acc: 73.11%, lr: 0.035317
[Epoch 12] Train Loss: 0.7630, Acc: 73.22%  |  Val Loss: 0.7038, Acc: 75.65%  |  Time: 51.3s
[Epoch 12] t_iter median: 108.07 ms  (fwd 16.33 | bwd+comm 85.59 | opt 5.94 | data 0.08)  |  train-only epoch: 42.8s
  -> Best model saved (75.65%)
[Epoch 12] Summarizing hook timing...

[HOOK_TIMING_SUMMARY] epoch=12
[HOOK_WORK_SUMMARY] label=nccl:ring calls=3120 work_total_ms=29174.687 work_mean_ms=9.351 work_min_ms=4.681 work_max_ms=42.798
[HOOK_TAIL_SUMMARY] label=nccl:ring steps=390 tail_total_ms=25096.068 tail_mean_ms=64.349 tail_min_ms=43.679 tail_max_ms=99.680
[Epoch 12] Hook timing summary done

[Epoch 13] Training... (lr at epoch start=0.034549)
  Batch [50/390] Loss: 0.7792, Acc: 73.88%, lr: 0.033595
  Batch [100/390] Loss: 0.7646, Acc: 73.62%, lr: 0.032647
  Batch [150/390] Loss: 0.7296, Acc: 74.50%, lr: 0.031706
  Batch [200/390] Loss: 0.7240, Acc: 74.59%, lr: 0.030773
  Batch [250/390] Loss: 0.7216, Acc: 74.62%, lr: 0.029847
  Batch [300/390] Loss: 0.7181, Acc: 74.75%, lr: 0.028930
  Batch [350/390] Loss: 0.7163, Acc: 74.96%, lr: 0.028021
[Epoch 13] Train Loss: 0.7065, Acc: 75.26%  |  Val Loss: 0.6634, Acc: 76.91%  |  Time: 51.3s
[Epoch 13] t_iter median: 108.03 ms  (fwd 16.24 | bwd+comm 85.58 | opt 5.96 | data 0.08)  |  train-only epoch: 42.7s
  -> Best model saved (76.91%)
[Epoch 13] Summarizing hook timing...

[HOOK_TIMING_SUMMARY] epoch=13
[HOOK_WORK_SUMMARY] label=nccl:ring calls=3120 work_total_ms=28947.858 work_mean_ms=9.278 work_min_ms=4.663 work_max_ms=46.526
[HOOK_TAIL_SUMMARY] label=nccl:ring steps=390 tail_total_ms=25340.572 tail_mean_ms=64.976 tail_min_ms=45.826 tail_max_ms=85.899
[Epoch 13] Hook timing summary done

[Epoch 14] Training... (lr at epoch start=0.027300)
  Batch [50/390] Loss: 0.6993, Acc: 76.00%, lr: 0.026408
  Batch [100/390] Loss: 0.6702, Acc: 76.50%, lr: 0.025525
  Batch [150/390] Loss: 0.6692, Acc: 76.29%, lr: 0.024652
  Batch [200/390] Loss: 0.6765, Acc: 76.19%, lr: 0.023789
  Batch [250/390] Loss: 0.6775, Acc: 76.22%, lr: 0.022937
  Batch [300/390] Loss: 0.6687, Acc: 76.56%, lr: 0.022096
  Batch [350/390] Loss: 0.6626, Acc: 77.02%, lr: 0.021266
[Epoch 14] Train Loss: 0.6601, Acc: 77.10%  |  Val Loss: 0.6438, Acc: 77.39%  |  Time: 51.9s
[Epoch 14] t_iter median: 109.74 ms  (fwd 16.48 | bwd+comm 87.01 | opt 5.95 | data 0.08)  |  train-only epoch: 43.2s
  -> Best model saved (77.39%)
[Epoch 14] Summarizing hook timing...

[HOOK_TIMING_SUMMARY] epoch=14
[HOOK_WORK_SUMMARY] label=nccl:ring calls=3120 work_total_ms=29571.359 work_mean_ms=9.478 work_min_ms=4.720 work_max_ms=38.171
[HOOK_TAIL_SUMMARY] label=nccl:ring steps=390 tail_total_ms=25155.784 tail_mean_ms=64.502 tail_min_ms=44.857 tail_max_ms=85.257
[Epoch 14] Hook timing summary done

[Epoch 15] Training... (lr at epoch start=0.020611)
  Batch [50/390] Loss: 0.5944, Acc: 80.00%, lr: 0.019802
  Batch [100/390] Loss: 0.6009, Acc: 79.38%, lr: 0.019006
  Batch [150/390] Loss: 0.6093, Acc: 79.33%, lr: 0.018222
  Batch [200/390] Loss: 0.6093, Acc: 79.50%, lr: 0.017451
  Batch [250/390] Loss: 0.6092, Acc: 79.20%, lr: 0.016693
  Batch [300/390] Loss: 0.6159, Acc: 78.98%, lr: 0.015949
  Batch [350/390] Loss: 0.6161, Acc: 79.11%, lr: 0.015219
[Epoch 15] Train Loss: 0.6159, Acc: 79.10%  |  Val Loss: 0.5672, Acc: 79.97%  |  Time: 51.5s
[Epoch 15] t_iter median: 108.00 ms  (fwd 16.33 | bwd+comm 85.51 | opt 5.94 | data 0.08)  |  train-only epoch: 42.8s
  -> Best model saved (79.97%)
[Epoch 15] Summarizing hook timing...

[HOOK_TIMING_SUMMARY] epoch=15
[HOOK_WORK_SUMMARY] label=nccl:ring calls=3120 work_total_ms=29097.926 work_mean_ms=9.326 work_min_ms=4.694 work_max_ms=41.748
[HOOK_TAIL_SUMMARY] label=nccl:ring steps=390 tail_total_ms=25052.429 tail_mean_ms=64.237 tail_min_ms=41.547 tail_max_ms=90.485
[Epoch 15] Hook timing summary done

[Epoch 16] Training... (lr at epoch start=0.014645)
  Batch [50/390] Loss: 0.5853, Acc: 79.00%, lr: 0.013940
  Batch [100/390] Loss: 0.5719, Acc: 79.69%, lr: 0.013250
  Batch [150/390] Loss: 0.5566, Acc: 80.21%, lr: 0.012574
  Batch [200/390] Loss: 0.5509, Acc: 80.56%, lr: 0.011914
  Batch [250/390] Loss: 0.5389, Acc: 80.88%, lr: 0.011270
  Batch [300/390] Loss: 0.5434, Acc: 80.75%, lr: 0.010641
  Batch [350/390] Loss: 0.5339, Acc: 80.98%, lr: 0.010028
[Epoch 16] Train Loss: 0.5299, Acc: 81.23%  |  Val Loss: 0.5311, Acc: 81.83%  |  Time: 51.8s
[Epoch 16] t_iter median: 109.45 ms  (fwd 16.38 | bwd+comm 86.98 | opt 5.94 | data 0.08)  |  train-only epoch: 43.2s
  -> Best model saved (81.83%)
[Epoch 16] Summarizing hook timing...

[HOOK_TIMING_SUMMARY] epoch=16
[HOOK_WORK_SUMMARY] label=nccl:ring calls=3120 work_total_ms=29582.535 work_mean_ms=9.482 work_min_ms=4.698 work_max_ms=45.324
[HOOK_TAIL_SUMMARY] label=nccl:ring steps=390 tail_total_ms=25036.078 tail_mean_ms=64.195 tail_min_ms=45.341 tail_max_ms=88.091
[Epoch 16] Hook timing summary done

[Epoch 17] Training... (lr at epoch start=0.009549)
  Batch [50/390] Loss: 0.4945, Acc: 82.12%, lr: 0.008966
  Batch [100/390] Loss: 0.4853, Acc: 82.81%, lr: 0.008399
  Batch [150/390] Loss: 0.4766, Acc: 83.42%, lr: 0.007848
  Batch [200/390] Loss: 0.4714, Acc: 83.44%, lr: 0.007315
  Batch [250/390] Loss: 0.4693, Acc: 83.53%, lr: 0.006800
  Batch [300/390] Loss: 0.4685, Acc: 83.62%, lr: 0.006302
  Batch [350/390] Loss: 0.4722, Acc: 83.48%, lr: 0.005821
[Epoch 17] Train Loss: 0.4733, Acc: 83.65%  |  Val Loss: 0.4958, Acc: 82.91%  |  Time: 52.1s
[Epoch 17] t_iter median: 109.09 ms  (fwd 16.38 | bwd+comm 86.86 | opt 5.95 | data 0.08)  |  train-only epoch: 43.3s
  -> Best model saved (82.91%)
[Epoch 17] Summarizing hook timing...

[HOOK_TIMING_SUMMARY] epoch=17
[HOOK_WORK_SUMMARY] label=nccl:ring calls=3120 work_total_ms=29633.651 work_mean_ms=9.498 work_min_ms=4.708 work_max_ms=152.632
[HOOK_TAIL_SUMMARY] label=nccl:ring steps=390 tail_total_ms=25562.699 tail_mean_ms=65.545 tail_min_ms=47.113 tail_max_ms=204.986
[Epoch 17] Hook timing summary done

[Epoch 18] Training... (lr at epoch start=0.005450)
  Batch [50/390] Loss: 0.4167, Acc: 86.50%, lr: 0.005002
  Batch [100/390] Loss: 0.3963, Acc: 86.62%, lr: 0.004572
  Batch [150/390] Loss: 0.4228, Acc: 85.79%, lr: 0.004160
  Batch [200/390] Loss: 0.4222, Acc: 85.50%, lr: 0.003768
  Batch [250/390] Loss: 0.4258, Acc: 85.53%, lr: 0.003394
  Batch [300/390] Loss: 0.4252, Acc: 85.54%, lr: 0.003038
  Batch [350/390] Loss: 0.4202, Acc: 85.55%, lr: 0.002702
[Epoch 18] Train Loss: 0.4260, Acc: 85.40%  |  Val Loss: 0.4663, Acc: 84.17%  |  Time: 51.9s
[Epoch 18] t_iter median: 109.62 ms  (fwd 16.49 | bwd+comm 86.92 | opt 5.95 | data 0.08)  |  train-only epoch: 43.2s
  -> Best model saved (84.17%)
[Epoch 18] Summarizing hook timing...

[HOOK_TIMING_SUMMARY] epoch=18
[HOOK_WORK_SUMMARY] label=nccl:ring calls=3120 work_total_ms=29462.287 work_mean_ms=9.443 work_min_ms=4.715 work_max_ms=40.411
[HOOK_TAIL_SUMMARY] label=nccl:ring steps=390 tail_total_ms=25231.448 tail_mean_ms=64.696 tail_min_ms=48.419 tail_max_ms=86.928
[Epoch 18] Hook timing summary done

[Epoch 19] Training... (lr at epoch start=0.002447)
  Batch [50/390] Loss: 0.4255, Acc: 84.75%, lr: 0.002146
  Batch [100/390] Loss: 0.4089, Acc: 85.81%, lr: 0.001864
  Batch [150/390] Loss: 0.4096, Acc: 86.00%, lr: 0.001601
  Batch [200/390] Loss: 0.4058, Acc: 86.06%, lr: 0.001358
  Batch [250/390] Loss: 0.4117, Acc: 86.03%, lr: 0.001135
  Batch [300/390] Loss: 0.4142, Acc: 85.50%, lr: 0.000931
  Batch [350/390] Loss: 0.4130, Acc: 85.66%, lr: 0.000748
[Epoch 19] Train Loss: 0.4073, Acc: 85.74%  |  Val Loss: 0.4596, Acc: 84.15%  |  Time: 53.2s
[Epoch 19] t_iter median: 109.62 ms  (fwd 16.49 | bwd+comm 87.09 | opt 5.94 | data 0.08)  |  train-only epoch: 44.4s
[Epoch 19] Summarizing hook timing...

[HOOK_TIMING_SUMMARY] epoch=19
[HOOK_WORK_SUMMARY] label=nccl:ring calls=3120 work_total_ms=30647.261 work_mean_ms=9.823 work_min_ms=4.613 work_max_ms=452.270
[HOOK_TAIL_SUMMARY] label=nccl:ring steps=390 tail_total_ms=26637.138 tail_mean_ms=68.300 tail_min_ms=42.618 tail_max_ms=793.097
[Epoch 19] Hook timing summary done

[Epoch 20] Training... (lr at epoch start=0.000616)
  Batch [50/390] Loss: 0.3425, Acc: 87.38%, lr: 0.000468
  Batch [100/390] Loss: 0.3474, Acc: 87.25%, lr: 0.000341
  Batch [150/390] Loss: 0.3340, Acc: 88.00%, lr: 0.000233
  Batch [200/390] Loss: 0.3503, Acc: 87.50%, lr: 0.000146
  Batch [250/390] Loss: 0.3551, Acc: 87.50%, lr: 0.000079
  Batch [300/390] Loss: 0.3499, Acc: 87.81%, lr: 0.000033
  Batch [350/390] Loss: 0.3514, Acc: 87.82%, lr: 0.000006
[Epoch 20] Train Loss: 0.3538, Acc: 87.74%  |  Val Loss: 0.4514, Acc: 84.54%  |  Time: 52.2s
[Epoch 20] t_iter median: 110.39 ms  (fwd 16.52 | bwd+comm 87.49 | opt 5.95 | data 0.08)  |  train-only epoch: 43.4s
  -> Best model saved (84.54%)
[Epoch 20] Summarizing hook timing...

[HOOK_TIMING_SUMMARY] epoch=20
[HOOK_WORK_SUMMARY] label=nccl:ring calls=3120 work_total_ms=29690.810 work_mean_ms=9.516 work_min_ms=4.681 work_max_ms=43.961
[HOOK_TAIL_SUMMARY] label=nccl:ring steps=390 tail_total_ms=25402.462 tail_mean_ms=65.135 tail_min_ms=44.010 tail_max_ms=89.951
[Epoch 20] Hook timing summary done

================================================================================
Done in 1059.9s | Best val acc: 84.54%
Epoch times (train+val): mean=51.5s  min=50.1s  max=53.2s
Train-only epoch time (epochs 2..N): median=42.85s  min=41.94s  max=44.37s
  -> use this for STRONG scaling (fixed global batch)
  -> use t_iter_median_ms from the CSV for WEAK scaling (fixed local batch)
================================================================================
=== Finished training: model=wide_resnet50_2, dataset=cifar10, batch=16, lr=0.1, scheduler=cosine, backend=nccl, hook=ring, zfp_rate=none, status=0 at Thu Jul 16 08:01:26 PM EDT 2026 ===
=== Job finished: Thu Jul 16 08:01:26 PM EDT 2026 ===
