=== Job started: Tue Jul  7 09:43:44 AM EDT 2026 ===
=== Node: frontier10325 ===
=== Copying golden cache from Lustre to local NVMe ===
Using ENV_TARBALL=/lustre/orion/gen243/proj-shared/matilderestelli/pytorch/conda_env_torch_vision_20260701_hipfix.tar.gz
Using ENV_DIR=/mnt/bb/matilderestelli/torch_env
PyTorch: 2.14.0a0
Location: /mnt/bb/matilderestelli/torch_env/lib/python3.10/site-packages/torch/__init__.py
HIP available: True gpus: 8
MPI available: True
=== Starting training: model=wide_resnet50_2, dataset=cifar10, batch=16, lr=0.001, scheduler=cosine, backend=mpi, hook=none, zfp_rate=none at Tue Jul  7 09:44:41 AM EDT 2026 ===
MIOPEN_USER_DB_PATH=/mnt/bb/matilderestelli/miopen_cache_4951750/miopen_db
MIOPEN_CUSTOM_CACHE_DIR=/mnt/bb/matilderestelli/miopen_cache_4951750/kernel_cache
drwxr-sr-x 2 matilderestelli gen243 103 Jun 30 14:08 /mnt/bb/matilderestelli/miopen_cache_4951750/miopen_db
==== GPU visibility debug (batch shell) ====
frontier10325
ROCR_VISIBLE_DEVICES=0,1,2,3,4,5,6,7
SLURM_JOB_GPUS=0,1,2,3,4,5,6,7
[37mROCk module version 6.16.13 is loaded[0m
=====================    
HSA System Attributes    
=====================    
Runtime Version:         1.18
Runtime Ext Version:     1.14
System Timestamp Freq.:  1000.000000MHz
Sig. Max Wait Duration:  18446744073709551615 (0xFFFFFFFFFFFFFFFF) (timestamp count)
Machine Model:           LARGE                              
System Endianness:       LITTLE                             
Mwaitx:                  DISABLED
XNACK enabled:           NO
DMAbuf Support:          YES
VMM Support:             YES

==========               
HSA Agents               
==========               
*******                  
Agent 1                  
*******                  
  Name:                    AMD EPYC 7A53 64-Core Processor    
  Uuid:                    CPU-XX                             
  Marketing Name:          AMD EPYC 7A53 64-Core Processor    
  Vendor Name:             CPU                                
  Feature:                 None specified                     
  Profile:                 FULL_PROFILE                       
  Float Round Mode:        NEAR                               
  Max Queue Number:        0(0x0)                             
  Queue Min Size:          0(0x0)                             

================================================================================
DISTRIBUTED TRAINING LAUNCHER
================================================================================
  Model:      wide_resnet50_2 (CIFAR stem) (from scratch)
  Dataset:    cifar10 (10 classes)
  Image size: 32
  Backend:    mpi
  Algorithm:  built-in (no hook)
  Epochs:     20
  Batch/rank: 16
  LR:         0.001
  Scheduler:  cosine
  Warmup:     0
  Grad clip:  None
  Drop last:  False
  Data dir:   ./data
================================================================================


================================================================================
Distributed Training: WIDE_RESNET50_2 on CIFAR10
Backend: MPI, Algorithm: built-in (no hook)
================================================================================
Ranks: 4, Epochs: 20, Batch/rank: 16, Effective batch: 64
LR: 0.001, Device: cuda:0

[Setup] Model on cuda:0, wrapped in DDP (static_graph=True)
[Setup] No hook — using DDP built-in MPI allreduce
[Data] Train batches: 782, Val batches: 157


[Epoch 1] Training... (lr=0.001000)

================================================================================
DISTRIBUTED TRAINING LAUNCHER
================================================================================
  Model:      wide_resnet50_2 (CIFAR stem) (from scratch)
  Dataset:    cifar10 (10 classes)
  Image size: 32
  Backend:    mpi
  Algorithm:  built-in (no hook)
  Epochs:     20
  Batch/rank: 16
  LR:         0.001
  Scheduler:  cosine
  Warmup:     0
  Grad clip:  None
  Drop last:  False
  Data dir:   ./data
================================================================================


================================================================================
DISTRIBUTED TRAINING LAUNCHER
================================================================================
  Model:      wide_resnet50_2 (CIFAR stem) (from scratch)
  Dataset:    cifar10 (10 classes)
  Image size: 32
  Backend:    mpi
  Algorithm:  built-in (no hook)
  Epochs:     20
  Batch/rank: 16
  LR:         0.001
  Scheduler:  cosine
  Warmup:     0
  Grad clip:  None
  Drop last:  False
  Data dir:   ./data
================================================================================


================================================================================
DISTRIBUTED TRAINING LAUNCHER
================================================================================
  Model:      wide_resnet50_2 (CIFAR stem) (from scratch)
  Dataset:    cifar10 (10 classes)
  Image size: 32
  Backend:    mpi
  Algorithm:  built-in (no hook)
  Epochs:     20
  Batch/rank: 16
  LR:         0.001
  Scheduler:  cosine
  Warmup:     0
  Grad clip:  None
  Drop last:  False
  Data dir:   ./data
================================================================================

[Epoch 1] batch 1/782  avg_loss=2.3385  acc=6.25%  dt=6.9s  total=0.1min  2.3 samples/s
[Epoch 1] batch 2/782  avg_loss=2.3583  acc=6.25%  dt=0.1s  total=0.1min  216.2 samples/s
[Epoch 1] batch 3/782  avg_loss=2.3310  acc=8.33%  dt=0.0s  total=0.1min  341.2 samples/s
[Epoch 1] batch 4/782  avg_loss=2.3034  acc=14.06%  dt=0.0s  total=0.1min  356.7 samples/s
[Epoch 1] batch 5/782  avg_loss=2.3005  acc=13.75%  dt=0.0s  total=0.1min  355.6 samples/s
[Epoch 1] batch 10/782  avg_loss=2.3067  acc=13.75%  dt=0.2s  total=0.1min  360.2 samples/s
[Epoch 1] batch 20/782  avg_loss=2.3358  acc=11.88%  dt=0.4s  total=0.1min  360.6 samples/s
[Epoch 1] batch 30/782  avg_loss=2.4126  acc=11.25%  dt=0.4s  total=0.1min  360.4 samples/s
[Epoch 1] batch 40/782  avg_loss=2.3956  acc=12.03%  dt=0.4s  total=0.1min  360.4 samples/s
[Epoch 1] batch 50/782  avg_loss=2.3757  acc=11.88%  dt=0.4s  total=0.2min  360.0 samples/s
  Batch [50/782] Loss: 2.3757, Acc: 11.88%
[Epoch 1] batch 60/782  avg_loss=2.3712  acc=11.25%  dt=0.4s  total=0.2min  359.6 samples/s
[Epoch 1] batch 70/782  avg_loss=2.3744  acc=11.34%  dt=0.4s  total=0.2min  359.4 samples/s
[Epoch 1] batch 80/782  avg_loss=2.3634  acc=11.88%  dt=0.4s  total=0.2min  360.2 samples/s
[Epoch 1] batch 90/782  avg_loss=2.3470  acc=12.50%  dt=0.4s  total=0.2min  360.4 samples/s
[Epoch 1] batch 100/782  avg_loss=2.3276  acc=14.19%  dt=0.4s  total=0.2min  360.4 samples/s
  Batch [100/782] Loss: 2.3276, Acc: 14.19%
[Epoch 1] batch 110/782  avg_loss=2.3138  acc=14.60%  dt=0.4s  total=0.2min  359.5 samples/s
[Epoch 1] batch 120/782  avg_loss=2.3020  acc=15.05%  dt=0.4s  total=0.2min  360.9 samples/s
[Epoch 1] batch 130/782  avg_loss=2.2910  acc=15.72%  dt=0.4s  total=0.2min  359.8 samples/s
[Epoch 1] batch 140/782  avg_loss=2.2844  acc=15.71%  dt=0.4s  total=0.2min  361.3 samples/s
[Epoch 1] batch 150/782  avg_loss=2.2711  acc=16.42%  dt=0.4s  total=0.2min  359.4 samples/s
  Batch [150/782] Loss: 2.2711, Acc: 16.42%
[Epoch 1] batch 160/782  avg_loss=2.2628  acc=16.76%  dt=0.4s  total=0.2min  360.6 samples/s
[Epoch 1] batch 170/782  avg_loss=2.2446  acc=17.54%  dt=0.4s  total=0.2min  359.5 samples/s
[Epoch 1] batch 180/782  avg_loss=2.2390  acc=17.64%  dt=0.4s  total=0.2min  360.3 samples/s
[Epoch 1] batch 190/782  avg_loss=2.2251  acc=18.06%  dt=0.4s  total=0.3min  360.3 samples/s
[Epoch 1] batch 200/782  avg_loss=2.2220  acc=18.16%  dt=0.4s  total=0.3min  360.5 samples/s
  Batch [200/782] Loss: 2.2220, Acc: 18.16%
[Epoch 1] batch 210/782  avg_loss=2.2138  acc=18.36%  dt=0.4s  total=0.3min  359.7 samples/s
[Epoch 1] batch 220/782  avg_loss=2.2123  acc=18.64%  dt=0.4s  total=0.3min  360.2 samples/s
[Epoch 1] batch 230/782  avg_loss=2.2097  acc=18.80%  dt=0.4s  total=0.3min  359.9 samples/s
[Epoch 1] batch 240/782  avg_loss=2.2048  acc=18.91%  dt=0.4s  total=0.3min  360.1 samples/s
[Epoch 1] batch 250/782  avg_loss=2.1983  acc=19.05%  dt=0.4s  total=0.3min  360.3 samples/s
  Batch [250/782] Loss: 2.1983, Acc: 19.05%
[Epoch 1] batch 260/782  avg_loss=2.1867  acc=19.33%  dt=0.4s  total=0.3min  360.1 samples/s
[Epoch 1] batch 270/782  avg_loss=2.1807  acc=19.56%  dt=0.4s  total=0.3min  360.6 samples/s
[Epoch 1] batch 280/782  avg_loss=2.1777  acc=19.64%  dt=0.4s  total=0.3min  360.3 samples/s
[Epoch 1] batch 290/782  avg_loss=2.1753  acc=19.81%  dt=0.4s  total=0.3min  360.1 samples/s
[Epoch 1] batch 300/782  avg_loss=2.1739  acc=19.92%  dt=0.4s  total=0.3min  359.8 samples/s
  Batch [300/782] Loss: 2.1739, Acc: 19.92%
[Epoch 1] batch 310/782  avg_loss=nan  acc=19.84%  dt=0.4s  total=0.3min  362.4 samples/s
[Epoch 1] batch 320/782  avg_loss=nan  acc=19.39%  dt=0.4s  total=0.4min  369.0 samples/s
[Epoch 1] batch 330/782  avg_loss=nan  acc=19.15%  dt=0.4s  total=0.4min  369.4 samples/s
[Epoch 1] batch 340/782  avg_loss=nan  acc=18.93%  dt=0.4s  total=0.4min  369.7 samples/s
[Epoch 1] batch 350/782  avg_loss=nan  acc=18.73%  dt=0.4s  total=0.4min  369.6 samples/s
  Batch [350/782] Loss: nan, Acc: 18.73%
[Epoch 1] batch 360/782  avg_loss=nan  acc=18.49%  dt=0.4s  total=0.4min  368.7 samples/s
[Epoch 1] batch 370/782  avg_loss=nan  acc=18.26%  dt=0.4s  total=0.4min  370.2 samples/s
[Epoch 1] batch 380/782  avg_loss=nan  acc=17.96%  dt=0.5s  total=0.4min  304.8 samples/s
[Epoch 1] batch 390/782  avg_loss=nan  acc=17.69%  dt=0.4s  total=0.4min  369.7 samples/s
[Epoch 1] batch 400/782  avg_loss=nan  acc=17.56%  dt=0.4s  total=0.4min  369.3 samples/s
  Batch [400/782] Loss: nan, Acc: 17.56%
[Epoch 1] batch 410/782  avg_loss=nan  acc=17.42%  dt=0.4s  total=0.4min  369.1 samples/s
[Epoch 1] batch 420/782  avg_loss=nan  acc=17.19%  dt=0.4s  total=0.4min  370.0 samples/s
[Epoch 1] batch 430/782  avg_loss=nan  acc=16.93%  dt=0.4s  total=0.4min  369.1 samples/s
[Epoch 1] batch 440/782  avg_loss=nan  acc=16.72%  dt=0.5s  total=0.4min  305.3 samples/s
[Epoch 1] batch 450/782  avg_loss=nan  acc=16.62%  dt=0.4s  total=0.4min  366.4 samples/s
  Batch [450/782] Loss: nan, Acc: 16.62%
[Epoch 1] batch 460/782  avg_loss=nan  acc=16.51%  dt=0.4s  total=0.5min  369.2 samples/s
[Epoch 1] batch 470/782  avg_loss=nan  acc=16.33%  dt=0.4s  total=0.5min  369.0 samples/s
[Epoch 1] batch 480/782  avg_loss=nan  acc=16.21%  dt=0.4s  total=0.5min  369.5 samples/s
[Epoch 1] batch 490/782  avg_loss=nan  acc=16.02%  dt=0.4s  total=0.5min  369.1 samples/s
[Epoch 1] batch 500/782  avg_loss=nan  acc=15.81%  dt=0.4s  total=0.5min  369.4 samples/s
  Batch [500/782] Loss: nan, Acc: 15.81%
[Epoch 1] batch 510/782  avg_loss=nan  acc=15.62%  dt=0.4s  total=0.5min  368.9 samples/s
[Epoch 1] batch 520/782  avg_loss=nan  acc=15.47%  dt=0.4s  total=0.5min  369.1 samples/s
[Epoch 1] batch 530/782  avg_loss=nan  acc=15.29%  dt=0.4s  total=0.5min  369.8 samples/s
[Epoch 1] batch 540/782  avg_loss=nan  acc=15.21%  dt=0.4s  total=0.5min  369.5 samples/s
[Epoch 1] batch 550/782  avg_loss=nan  acc=15.16%  dt=0.4s  total=0.5min  369.9 samples/s
  Batch [550/782] Loss: nan, Acc: 15.16%
[Epoch 1] batch 560/782  avg_loss=nan  acc=15.10%  dt=0.4s  total=0.5min  369.2 samples/s
[Epoch 1] batch 570/782  avg_loss=nan  acc=15.01%  dt=0.4s  total=0.5min  369.1 samples/s
[Epoch 1] batch 580/782  avg_loss=nan  acc=14.99%  dt=0.4s  total=0.5min  370.3 samples/s
[Epoch 1] batch 590/782  avg_loss=nan  acc=14.86%  dt=0.4s  total=0.5min  369.6 samples/s
[Epoch 1] batch 600/782  avg_loss=nan  acc=14.82%  dt=0.4s  total=0.6min  369.8 samples/s
  Batch [600/782] Loss: nan, Acc: 14.82%
[Epoch 1] batch 610/782  avg_loss=nan  acc=14.75%  dt=0.4s  total=0.6min  369.5 samples/s
[Epoch 1] batch 620/782  avg_loss=nan  acc=14.66%  dt=0.4s  total=0.6min  368.9 samples/s
[Epoch 1] batch 630/782  avg_loss=nan  acc=14.56%  dt=0.4s  total=0.6min  369.8 samples/s
[Epoch 1] batch 640/782  avg_loss=nan  acc=14.45%  dt=0.4s  total=0.6min  369.3 samples/s
[Epoch 1] batch 650/782  avg_loss=nan  acc=14.38%  dt=0.4s  total=0.6min  370.0 samples/s
  Batch [650/782] Loss: nan, Acc: 14.38%
[Epoch 1] batch 660/782  avg_loss=nan  acc=14.29%  dt=0.4s  total=0.6min  368.8 samples/s
[Epoch 1] batch 670/782  avg_loss=nan  acc=14.20%  dt=0.4s  total=0.6min  369.4 samples/s
[Epoch 1] batch 680/782  avg_loss=nan  acc=14.17%  dt=0.4s  total=0.6min  369.5 samples/s
[Epoch 1] batch 690/782  avg_loss=nan  acc=14.12%  dt=0.4s  total=0.6min  369.7 samples/s
[Epoch 1] batch 700/782  avg_loss=nan  acc=14.08%  dt=0.4s  total=0.6min  369.3 samples/s
  Batch [700/782] Loss: nan, Acc: 14.08%
[Epoch 1] batch 710/782  avg_loss=nan  acc=14.01%  dt=0.4s  total=0.6min  369.0 samples/s
[Epoch 1] batch 720/782  avg_loss=nan  acc=13.93%  dt=0.4s  total=0.6min  369.3 samples/s
[Epoch 1] batch 730/782  avg_loss=nan  acc=13.92%  dt=0.4s  total=0.6min  368.8 samples/s
[Epoch 1] batch 740/782  avg_loss=nan  acc=13.88%  dt=0.4s  total=0.7min  369.0 samples/s
[Epoch 1] batch 750/782  avg_loss=nan  acc=13.80%  dt=0.4s  total=0.7min  369.2 samples/s
  Batch [750/782] Loss: nan, Acc: 13.80%
[Epoch 1] batch 760/782  avg_loss=nan  acc=13.80%  dt=0.4s  total=0.7min  369.2 samples/s
[Epoch 1] batch 770/782  avg_loss=nan  acc=13.76%  dt=0.4s  total=0.7min  369.7 samples/s
[Epoch 1] batch 780/782  avg_loss=nan  acc=13.73%  dt=0.4s  total=0.7min  371.8 samples/s
[Epoch 1] Train Loss: nan, Acc: 13.74%  |  Val Loss: nan, Acc: 10.68%  |  Time: 45.1s
  WARNING: train_loss is nan — possible gradient explosion from hook bug. Check that hook divides by world_size exactly once.
  -> Best model saved (10.68%)
[Epoch 1] Summarizing hook timing...
[HOOK_TIMING_SUMMARY] epoch=1 no hook timing samples
[Epoch 1] Hook timing summary done

[Epoch 2] Training... (lr=0.000994)
[Epoch 2] batch 1/782  avg_loss=nan  acc=18.75%  dt=0.2s  total=0.0min  66.7 samples/s
[Epoch 2] batch 2/782  avg_loss=nan  acc=12.50%  dt=0.0s  total=0.0min  356.3 samples/s
[Epoch 2] batch 3/782  avg_loss=nan  acc=14.58%  dt=0.0s  total=0.0min  357.1 samples/s
[Epoch 2] batch 4/782  avg_loss=nan  acc=14.06%  dt=0.0s  total=0.0min  358.4 samples/s
[Epoch 2] batch 5/782  avg_loss=nan  acc=12.50%  dt=0.0s  total=0.0min  360.2 samples/s
[Epoch 2] batch 10/782  avg_loss=nan  acc=11.25%  dt=0.2s  total=0.0min  364.9 samples/s
[Epoch 2] batch 20/782  avg_loss=nan  acc=10.62%  dt=0.4s  total=0.0min  363.4 samples/s
[Epoch 2] batch 30/782  avg_loss=nan  acc=10.00%  dt=0.4s  total=0.0min  363.3 samples/s
[Epoch 2] batch 40/782  avg_loss=nan  acc=9.84%  dt=0.4s  total=0.0min  363.5 samples/s
[Epoch 2] batch 50/782  avg_loss=nan  acc=10.75%  dt=0.4s  total=0.0min  364.5 samples/s
  Batch [50/782] Loss: nan, Acc: 10.75%
[Epoch 2] batch 60/782  avg_loss=nan  acc=10.73%  dt=0.4s  total=0.0min  363.2 samples/s
[Epoch 2] batch 70/782  avg_loss=nan  acc=10.80%  dt=0.4s  total=0.1min  363.7 samples/s
[Epoch 2] batch 80/782  avg_loss=nan  acc=11.48%  dt=0.4s  total=0.1min  364.0 samples/s
[Epoch 2] batch 90/782  avg_loss=nan  acc=10.90%  dt=0.4s  total=0.1min  363.6 samples/s
[Epoch 2] batch 100/782  avg_loss=nan  acc=10.69%  dt=0.4s  total=0.1min  363.6 samples/s
  Batch [100/782] Loss: nan, Acc: 10.69%
[Epoch 2] batch 110/782  avg_loss=nan  acc=10.57%  dt=0.4s  total=0.1min  363.8 samples/s
[Epoch 2] batch 120/782  avg_loss=nan  acc=10.47%  dt=0.4s  total=0.1min  363.7 samples/s
[Epoch 2] batch 130/782  avg_loss=nan  acc=10.19%  dt=0.4s  total=0.1min  363.8 samples/s
[Epoch 2] batch 140/782  avg_loss=nan  acc=10.18%  dt=0.4s  total=0.1min  363.8 samples/s
[Epoch 2] batch 150/782  avg_loss=nan  acc=10.00%  dt=0.4s  total=0.1min  363.8 samples/s
  Batch [150/782] Loss: nan, Acc: 10.00%
[Epoch 2] batch 160/782  avg_loss=nan  acc=10.12%  dt=0.4s  total=0.1min  363.4 samples/s
[Epoch 2] batch 170/782  avg_loss=nan  acc=9.96%  dt=0.4s  total=0.1min  363.2 samples/s
[Epoch 2] batch 180/782  avg_loss=nan  acc=9.79%  dt=0.4s  total=0.1min  364.4 samples/s
[Epoch 2] batch 190/782  avg_loss=nan  acc=9.97%  dt=0.4s  total=0.1min  365.0 samples/s
[Epoch 2] batch 200/782  avg_loss=nan  acc=10.03%  dt=0.4s  total=0.1min  363.7 samples/s
  Batch [200/782] Loss: nan, Acc: 10.03%
[Epoch 2] batch 210/782  avg_loss=nan  acc=9.94%  dt=0.4s  total=0.2min  364.1 samples/s
[Epoch 2] batch 220/782  avg_loss=nan  acc=9.86%  dt=0.4s  total=0.2min  363.8 samples/s
[Epoch 2] batch 230/782  avg_loss=nan  acc=9.76%  dt=0.4s  total=0.2min  363.4 samples/s
[Epoch 2] batch 240/782  avg_loss=nan  acc=9.61%  dt=0.4s  total=0.2min  364.2 samples/s
[Epoch 2] batch 250/782  avg_loss=nan  acc=9.68%  dt=0.4s  total=0.2min  364.5 samples/s
  Batch [250/782] Loss: nan, Acc: 9.68%
[Epoch 2] batch 260/782  avg_loss=nan  acc=9.64%  dt=0.4s  total=0.2min  365.6 samples/s
[Epoch 2] batch 270/782  avg_loss=nan  acc=9.49%  dt=0.4s  total=0.2min  364.3 samples/s
[Epoch 2] batch 280/782  avg_loss=nan  acc=9.55%  dt=0.4s  total=0.2min  365.1 samples/s
[Epoch 2] batch 290/782  avg_loss=nan  acc=9.50%  dt=0.4s  total=0.2min  365.5 samples/s
[Epoch 2] batch 300/782  avg_loss=nan  acc=9.54%  dt=0.4s  total=0.2min  364.6 samples/s
  Batch [300/782] Loss: nan, Acc: 9.54%
[Epoch 2] batch 310/782  avg_loss=nan  acc=9.42%  dt=0.4s  total=0.2min  365.6 samples/s
[Epoch 2] batch 320/782  avg_loss=nan  acc=9.36%  dt=0.4s  total=0.2min  365.1 samples/s
[Epoch 2] batch 330/782  avg_loss=nan  acc=9.38%  dt=0.4s  total=0.2min  365.2 samples/s
[Epoch 2] batch 340/782  avg_loss=nan  acc=9.30%  dt=0.4s  total=0.3min  364.4 samples/s
[Epoch 2] batch 350/782  avg_loss=nan  acc=9.27%  dt=0.4s  total=0.3min  364.3 samples/s
  Batch [350/782] Loss: nan, Acc: 9.27%
[Epoch 2] batch 360/782  avg_loss=nan  acc=9.31%  dt=0.4s  total=0.3min  364.8 samples/s
[Epoch 2] batch 370/782  avg_loss=nan  acc=9.27%  dt=0.4s  total=0.3min  364.9 samples/s
[Epoch 2] batch 380/782  avg_loss=nan  acc=9.26%  dt=0.4s  total=0.3min  365.4 samples/s
[Epoch 2] batch 390/782  avg_loss=nan  acc=9.26%  dt=0.4s  total=0.3min  365.3 samples/s
[Epoch 2] batch 400/782  avg_loss=nan  acc=9.23%  dt=0.4s  total=0.3min  365.2 samples/s
  Batch [400/782] Loss: nan, Acc: 9.23%
[Epoch 2] batch 410/782  avg_loss=nan  acc=9.24%  dt=0.4s  total=0.3min  365.0 samples/s
[Epoch 2] batch 420/782  avg_loss=nan  acc=9.17%  dt=0.4s  total=0.3min  364.4 samples/s
[Epoch 2] batch 430/782  avg_loss=nan  acc=9.08%  dt=0.4s  total=0.3min  365.6 samples/s
[Epoch 2] batch 440/782  avg_loss=nan  acc=9.08%  dt=0.4s  total=0.3min  364.4 samples/s
[Epoch 2] batch 450/782  avg_loss=nan  acc=9.07%  dt=0.4s  total=0.3min  364.7 samples/s
  Batch [450/782] Loss: nan, Acc: 9.07%
[Epoch 2] batch 460/782  avg_loss=nan  acc=9.09%  dt=0.4s  total=0.3min  364.6 samples/s
[Epoch 2] batch 470/782  avg_loss=nan  acc=9.19%  dt=0.4s  total=0.3min  365.7 samples/s
[Epoch 2] batch 480/782  avg_loss=nan  acc=9.23%  dt=0.4s  total=0.4min  363.8 samples/s
[Epoch 2] batch 490/782  avg_loss=nan  acc=9.21%  dt=0.4s  total=0.4min  365.5 samples/s
[Epoch 2] batch 500/782  avg_loss=nan  acc=9.24%  dt=0.4s  total=0.4min  364.9 samples/s
  Batch [500/782] Loss: nan, Acc: 9.24%
[Epoch 2] batch 510/782  avg_loss=nan  acc=9.25%  dt=0.4s  total=0.4min  364.7 samples/s
[Epoch 2] batch 520/782  avg_loss=nan  acc=9.28%  dt=0.4s  total=0.4min  365.1 samples/s
[Epoch 2] batch 530/782  avg_loss=nan  acc=9.26%  dt=0.4s  total=0.4min  364.2 samples/s
[Epoch 2] batch 540/782  avg_loss=nan  acc=9.28%  dt=0.4s  total=0.4min  365.3 samples/s
[Epoch 2] batch 550/782  avg_loss=nan  acc=9.27%  dt=0.4s  total=0.4min  364.7 samples/s
  Batch [550/782] Loss: nan, Acc: 9.27%
[Epoch 2] batch 560/782  avg_loss=nan  acc=9.24%  dt=0.4s  total=0.4min  364.3 samples/s
[Epoch 2] batch 570/782  avg_loss=nan  acc=9.23%  dt=0.4s  total=0.4min  365.1 samples/s
[Epoch 2] batch 580/782  avg_loss=nan  acc=9.26%  dt=0.4s  total=0.4min  364.8 samples/s
[Epoch 2] batch 590/782  avg_loss=nan  acc=9.28%  dt=0.4s  total=0.4min  364.7 samples/s
[Epoch 2] batch 600/782  avg_loss=nan  acc=9.31%  dt=0.4s  total=0.4min  365.0 samples/s
  Batch [600/782] Loss: nan, Acc: 9.31%
[Epoch 2] batch 610/782  avg_loss=nan  acc=9.25%  dt=0.4s  total=0.4min  363.3 samples/s
[Epoch 2] batch 620/782  avg_loss=nan  acc=9.26%  dt=0.4s  total=0.5min  364.5 samples/s
[Epoch 2] batch 630/782  avg_loss=nan  acc=9.24%  dt=0.4s  total=0.5min  364.0 samples/s
[Epoch 2] batch 640/782  avg_loss=nan  acc=9.22%  dt=0.4s  total=0.5min  364.8 samples/s
[Epoch 2] batch 650/782  avg_loss=nan  acc=9.26%  dt=0.4s  total=0.5min  364.8 samples/s
  Batch [650/782] Loss: nan, Acc: 9.26%
[Epoch 2] batch 660/782  avg_loss=nan  acc=9.29%  dt=0.4s  total=0.5min  365.7 samples/s
[Epoch 2] batch 670/782  avg_loss=nan  acc=9.30%  dt=0.4s  total=0.5min  364.3 samples/s
[Epoch 2] batch 680/782  avg_loss=nan  acc=9.36%  dt=0.4s  total=0.5min  365.0 samples/s
[Epoch 2] batch 690/782  avg_loss=nan  acc=9.34%  dt=0.4s  total=0.5min  364.1 samples/s
[Epoch 2] batch 700/782  avg_loss=nan  acc=9.33%  dt=0.4s  total=0.5min  364.3 samples/s
  Batch [700/782] Loss: nan, Acc: 9.33%
[Epoch 2] batch 710/782  avg_loss=nan  acc=9.32%  dt=0.4s  total=0.5min  365.2 samples/s
[Epoch 2] batch 720/782  avg_loss=nan  acc=9.35%  dt=0.4s  total=0.5min  364.0 samples/s
[Epoch 2] batch 730/782  avg_loss=nan  acc=9.31%  dt=0.4s  total=0.5min  364.6 samples/s
[Epoch 2] batch 740/782  avg_loss=nan  acc=9.31%  dt=0.4s  total=0.5min  365.2 samples/s
[Epoch 2] batch 750/782  avg_loss=nan  acc=9.25%  dt=0.4s  total=0.6min  365.1 samples/s
  Batch [750/782] Loss: nan, Acc: 9.25%
[Epoch 2] batch 760/782  avg_loss=nan  acc=9.24%  dt=0.4s  total=0.6min  364.0 samples/s
[Epoch 2] batch 770/782  avg_loss=nan  acc=9.27%  dt=0.4s  total=0.6min  364.8 samples/s
[Epoch 2] batch 780/782  avg_loss=nan  acc=9.27%  dt=0.4s  total=0.6min  368.0 samples/s
[Epoch 2] Train Loss: nan, Acc: 9.27%  |  Val Loss: nan, Acc: 10.68%  |  Time: 36.2s
  WARNING: train_loss is nan — possible gradient explosion from hook bug. Check that hook divides by world_size exactly once.
[Epoch 2] Summarizing hook timing...
[HOOK_TIMING_SUMMARY] epoch=2 no hook timing samples
[Epoch 2] Hook timing summary done

[Epoch 3] Training... (lr=0.000976)
[Epoch 3] batch 1/782  avg_loss=nan  acc=18.75%  dt=0.2s  total=0.0min  67.8 samples/s
[Epoch 3] batch 2/782  avg_loss=nan  acc=15.62%  dt=0.0s  total=0.0min  356.0 samples/s
[Epoch 3] batch 3/782  avg_loss=nan  acc=14.58%  dt=0.0s  total=0.0min  359.1 samples/s
[Epoch 3] batch 4/782  avg_loss=nan  acc=10.94%  dt=0.0s  total=0.0min  361.3 samples/s
[Epoch 3] batch 5/782  avg_loss=nan  acc=11.25%  dt=0.0s  total=0.0min  359.6 samples/s
[Epoch 3] batch 10/782  avg_loss=nan  acc=11.88%  dt=0.2s  total=0.0min  363.8 samples/s
[Epoch 3] batch 20/782  avg_loss=nan  acc=11.88%  dt=0.4s  total=0.0min  363.8 samples/s
[Epoch 3] batch 30/782  avg_loss=nan  acc=11.46%  dt=0.4s  total=0.0min  363.4 samples/s
[Epoch 3] batch 40/782  avg_loss=nan  acc=11.09%  dt=0.4s  total=0.0min  363.7 samples/s
[Epoch 3] batch 50/782  avg_loss=nan  acc=11.38%  dt=0.4s  total=0.0min  363.9 samples/s
  Batch [50/782] Loss: nan, Acc: 11.38%
[Epoch 3] batch 60/782  avg_loss=nan  acc=10.52%  dt=0.4s  total=0.0min  363.4 samples/s
[Epoch 3] batch 70/782  avg_loss=nan  acc=10.36%  dt=0.4s  total=0.1min  363.7 samples/s
[Epoch 3] batch 80/782  avg_loss=nan  acc=10.16%  dt=0.4s  total=0.1min  363.2 samples/s
[Epoch 3] batch 90/782  avg_loss=nan  acc=10.35%  dt=0.4s  total=0.1min  363.8 samples/s
[Epoch 3] batch 100/782  avg_loss=nan  acc=10.19%  dt=0.4s  total=0.1min  364.0 samples/s
  Batch [100/782] Loss: nan, Acc: 10.19%
[Epoch 3] batch 110/782  avg_loss=nan  acc=9.72%  dt=0.4s  total=0.1min  363.6 samples/s
[Epoch 3] batch 120/782  avg_loss=nan  acc=9.64%  dt=0.4s  total=0.1min  363.7 samples/s
[Epoch 3] batch 130/782  avg_loss=nan  acc=9.71%  dt=0.4s  total=0.1min  363.8 samples/s
[Epoch 3] batch 140/782  avg_loss=nan  acc=9.73%  dt=0.4s  total=0.1min  363.4 samples/s
[Epoch 3] batch 150/782  avg_loss=nan  acc=9.67%  dt=0.4s  total=0.1min  363.4 samples/s
  Batch [150/782] Loss: nan, Acc: 9.67%
[Epoch 3] batch 160/782  avg_loss=nan  acc=9.61%  dt=0.4s  total=0.1min  363.8 samples/s
[Epoch 3] batch 170/782  avg_loss=nan  acc=9.78%  dt=0.4s  total=0.1min  363.5 samples/s
[Epoch 3] batch 180/782  avg_loss=nan  acc=9.83%  dt=0.4s  total=0.1min  363.9 samples/s
[Epoch 3] batch 190/782  avg_loss=nan  acc=10.00%  dt=0.4s  total=0.1min  363.9 samples/s
[Epoch 3] batch 200/782  avg_loss=nan  acc=9.84%  dt=0.4s  total=0.1min  363.3 samples/s
  Batch [200/782] Loss: nan, Acc: 9.84%
[Epoch 3] batch 210/782  avg_loss=nan  acc=9.79%  dt=0.4s  total=0.2min  363.6 samples/s
[Epoch 3] batch 220/782  avg_loss=nan  acc=10.03%  dt=0.4s  total=0.2min  363.4 samples/s
[Epoch 3] batch 230/782  avg_loss=nan  acc=10.03%  dt=0.4s  total=0.2min  363.5 samples/s
[Epoch 3] batch 240/782  avg_loss=nan  acc=10.13%  dt=0.4s  total=0.2min  364.0 samples/s
[Epoch 3] batch 250/782  avg_loss=nan  acc=10.15%  dt=0.4s  total=0.2min  363.8 samples/s
  Batch [250/782] Loss: nan, Acc: 10.15%
[Epoch 3] batch 260/782  avg_loss=nan  acc=10.26%  dt=0.4s  total=0.2min  363.9 samples/s
[Epoch 3] batch 270/782  avg_loss=nan  acc=10.21%  dt=0.4s  total=0.2min  363.3 samples/s
[Epoch 3] batch 280/782  avg_loss=nan  acc=10.31%  dt=0.4s  total=0.2min  364.0 samples/s
[Epoch 3] batch 290/782  avg_loss=nan  acc=10.34%  dt=0.4s  total=0.2min  363.2 samples/s
[Epoch 3] batch 300/782  avg_loss=nan  acc=10.46%  dt=0.4s  total=0.2min  362.4 samples/s
  Batch [300/782] Loss: nan, Acc: 10.46%
[Epoch 3] batch 310/782  avg_loss=nan  acc=10.38%  dt=0.4s  total=0.2min  362.1 samples/s
[Epoch 3] batch 320/782  avg_loss=nan  acc=10.31%  dt=0.4s  total=0.2min  363.3 samples/s
[Epoch 3] batch 330/782  avg_loss=nan  acc=10.42%  dt=0.4s  total=0.2min  364.0 samples/s
[Epoch 3] batch 340/782  avg_loss=nan  acc=10.44%  dt=0.4s  total=0.3min  363.5 samples/s
[Epoch 3] batch 350/782  avg_loss=nan  acc=10.39%  dt=0.4s  total=0.3min  363.1 samples/s
  Batch [350/782] Loss: nan, Acc: 10.39%
[Epoch 3] batch 360/782  avg_loss=nan  acc=10.38%  dt=0.4s  total=0.3min  362.2 samples/s
[Epoch 3] batch 370/782  avg_loss=nan  acc=10.32%  dt=0.4s  total=0.3min  362.5 samples/s
[Epoch 3] batch 380/782  avg_loss=nan  acc=10.28%  dt=0.4s  total=0.3min  363.0 samples/s
[Epoch 3] batch 390/782  avg_loss=nan  acc=10.29%  dt=0.4s  total=0.3min  363.7 samples/s
[Epoch 3] batch 400/782  avg_loss=nan  acc=10.20%  dt=0.4s  total=0.3min  363.7 samples/s
  Batch [400/782] Loss: nan, Acc: 10.20%
[Epoch 3] batch 410/782  avg_loss=nan  acc=10.29%  dt=0.4s  total=0.3min  363.6 samples/s
[Epoch 3] batch 420/782  avg_loss=nan  acc=10.37%  dt=0.4s  total=0.3min  363.4 samples/s
[Epoch 3] batch 430/782  avg_loss=nan  acc=10.42%  dt=0.4s  total=0.3min  364.2 samples/s
[Epoch 3] batch 440/782  avg_loss=nan  acc=10.45%  dt=0.4s  total=0.3min  363.0 samples/s
[Epoch 3] batch 450/782  avg_loss=nan  acc=10.43%  dt=0.4s  total=0.3min  363.7 samples/s
  Batch [450/782] Loss: nan, Acc: 10.43%
[Epoch 3] batch 460/782  avg_loss=nan  acc=10.39%  dt=0.4s  total=0.3min  363.8 samples/s
[Epoch 3] batch 470/782  avg_loss=nan  acc=10.36%  dt=0.4s  total=0.3min  363.7 samples/s
[Epoch 3] batch 480/782  avg_loss=nan  acc=10.39%  dt=0.4s  total=0.4min  363.2 samples/s
[Epoch 3] batch 490/782  avg_loss=nan  acc=10.38%  dt=0.4s  total=0.4min  363.6 samples/s
[Epoch 3] batch 500/782  avg_loss=nan  acc=10.45%  dt=0.4s  total=0.4min  363.6 samples/s
  Batch [500/782] Loss: nan, Acc: 10.45%
[Epoch 3] batch 510/782  avg_loss=nan  acc=10.47%  dt=0.4s  total=0.4min  363.8 samples/s
[Epoch 3] batch 520/782  avg_loss=nan  acc=10.38%  dt=0.4s  total=0.4min  363.7 samples/s
[Epoch 3] batch 530/782  avg_loss=nan  acc=10.41%  dt=0.4s  total=0.4min  363.7 samples/s
[Epoch 3] batch 540/782  avg_loss=nan  acc=10.35%  dt=0.4s  total=0.4min  364.0 samples/s
[Epoch 3] batch 550/782  avg_loss=nan  acc=10.32%  dt=0.4s  total=0.4min  363.2 samples/s
  Batch [550/782] Loss: nan, Acc: 10.32%
[Epoch 3] batch 560/782  avg_loss=nan  acc=10.36%  dt=0.4s  total=0.4min  363.5 samples/s
[Epoch 3] batch 570/782  avg_loss=nan  acc=10.35%  dt=0.4s  total=0.4min  363.6 samples/s
[Epoch 3] batch 580/782  avg_loss=nan  acc=10.33%  dt=0.4s  total=0.4min  363.8 samples/s
[Epoch 3] batch 590/782  avg_loss=nan  acc=10.29%  dt=0.4s  total=0.4min  363.7 samples/s
[Epoch 3] batch 600/782  avg_loss=nan  acc=10.28%  dt=0.4s  total=0.4min  363.6 samples/s
  Batch [600/782] Loss: nan, Acc: 10.28%
[Epoch 3] batch 610/782  avg_loss=nan  acc=10.27%  dt=0.4s  total=0.5min  363.8 samples/s
[Epoch 3] batch 620/782  avg_loss=nan  acc=10.29%  dt=0.4s  total=0.5min  363.7 samples/s
[Epoch 3] batch 630/782  avg_loss=nan  acc=10.35%  dt=0.4s  total=0.5min  363.5 samples/s
[Epoch 3] batch 640/782  avg_loss=nan  acc=10.37%  dt=0.4s  total=0.5min  363.5 samples/s
[Epoch 3] batch 650/782  avg_loss=nan  acc=10.40%  dt=0.4s  total=0.5min  363.4 samples/s
  Batch [650/782] Loss: nan, Acc: 10.40%
[Epoch 3] batch 660/782  avg_loss=nan  acc=10.32%  dt=0.4s  total=0.5min  363.4 samples/s
[Epoch 3] batch 670/782  avg_loss=nan  acc=10.38%  dt=0.4s  total=0.5min  364.5 samples/s
[Epoch 3] batch 680/782  avg_loss=nan  acc=10.36%  dt=0.4s  total=0.5min  363.2 samples/s
[Epoch 3] batch 690/782  avg_loss=nan  acc=10.39%  dt=0.4s  total=0.5min  362.2 samples/s
[Epoch 3] batch 700/782  avg_loss=nan  acc=10.37%  dt=0.4s  total=0.5min  362.3 samples/s
  Batch [700/782] Loss: nan, Acc: 10.37%
[Epoch 3] batch 710/782  avg_loss=nan  acc=10.35%  dt=0.4s  total=0.5min  362.9 samples/s
[Epoch 3] batch 720/782  avg_loss=nan  acc=10.33%  dt=0.4s  total=0.5min  364.1 samples/s
[Epoch 3] batch 730/782  avg_loss=nan  acc=10.30%  dt=0.4s  total=0.5min  363.3 samples/s
[Epoch 3] batch 740/782  avg_loss=nan  acc=10.33%  dt=0.4s  total=0.5min  363.6 samples/s
[Epoch 3] batch 750/782  avg_loss=nan  acc=10.32%  dt=0.4s  total=0.6min  363.7 samples/s
  Batch [750/782] Loss: nan, Acc: 10.32%
[Epoch 3] batch 760/782  avg_loss=nan  acc=10.28%  dt=0.4s  total=0.6min  363.4 samples/s
[Epoch 3] batch 770/782  avg_loss=nan  acc=10.28%  dt=0.4s  total=0.6min  364.0 samples/s
[Epoch 3] batch 780/782  avg_loss=nan  acc=10.28%  dt=0.4s  total=0.6min  366.3 samples/s
[Epoch 3] Train Loss: nan, Acc: 10.28%  |  Val Loss: nan, Acc: 10.68%  |  Time: 36.2s
  WARNING: train_loss is nan — possible gradient explosion from hook bug. Check that hook divides by world_size exactly once.
[Epoch 3] Summarizing hook timing...
[HOOK_TIMING_SUMMARY] epoch=3 no hook timing samples
[Epoch 3] Hook timing summary done

[Epoch 4] Training... (lr=0.000946)
[Epoch 4] batch 1/782  avg_loss=nan  acc=6.25%  dt=0.2s  total=0.0min  68.9 samples/s
[Epoch 4] batch 2/782  avg_loss=nan  acc=3.12%  dt=0.0s  total=0.0min  360.1 samples/s
[Epoch 4] batch 3/782  avg_loss=nan  acc=8.33%  dt=0.0s  total=0.0min  362.8 samples/s
[Epoch 4] batch 4/782  avg_loss=nan  acc=6.25%  dt=0.0s  total=0.0min  368.5 samples/s
[Epoch 4] batch 5/782  avg_loss=nan  acc=8.75%  dt=0.0s  total=0.0min  366.5 samples/s
[Epoch 4] batch 10/782  avg_loss=nan  acc=10.62%  dt=0.2s  total=0.0min  369.3 samples/s
[Epoch 4] batch 20/782  avg_loss=nan  acc=10.31%  dt=0.4s  total=0.0min  369.3 samples/s
[Epoch 4] batch 30/782  avg_loss=nan  acc=10.83%  dt=0.4s  total=0.0min  368.8 samples/s
[Epoch 4] batch 40/782  avg_loss=nan  acc=9.53%  dt=0.4s  total=0.0min  369.6 samples/s
[Epoch 4] batch 50/782  avg_loss=nan  acc=9.12%  dt=0.4s  total=0.0min  368.9 samples/s
  Batch [50/782] Loss: nan, Acc: 9.12%
[Epoch 4] batch 60/782  avg_loss=nan  acc=9.17%  dt=0.4s  total=0.0min  368.7 samples/s
[Epoch 4] batch 70/782  avg_loss=nan  acc=9.38%  dt=0.4s  total=0.1min  368.9 samples/s
[Epoch 4] batch 80/782  avg_loss=nan  acc=9.77%  dt=0.4s  total=0.1min  369.4 samples/s
[Epoch 4] batch 90/782  avg_loss=nan  acc=10.35%  dt=0.4s  total=0.1min  368.4 samples/s
[Epoch 4] batch 100/782  avg_loss=nan  acc=10.19%  dt=0.4s  total=0.1min  369.4 samples/s
  Batch [100/782] Loss: nan, Acc: 10.19%
[Epoch 4] batch 110/782  avg_loss=nan  acc=10.00%  dt=0.4s  total=0.1min  369.2 samples/s
[Epoch 4] batch 120/782  avg_loss=nan  acc=9.90%  dt=0.4s  total=0.1min  369.0 samples/s
[Epoch 4] batch 130/782  avg_loss=nan  acc=9.62%  dt=0.4s  total=0.1min  369.7 samples/s
[Epoch 4] batch 140/782  avg_loss=nan  acc=9.46%  dt=0.4s  total=0.1min  369.3 samples/s
[Epoch 4] batch 150/782  avg_loss=nan  acc=9.62%  dt=0.4s  total=0.1min  369.1 samples/s
  Batch [150/782] Loss: nan, Acc: 9.62%
[Epoch 4] batch 160/782  avg_loss=nan  acc=9.69%  dt=0.4s  total=0.1min  368.6 samples/s
[Epoch 4] batch 170/782  avg_loss=nan  acc=9.71%  dt=0.4s  total=0.1min  368.7 samples/s
[Epoch 4] batch 180/782  avg_loss=nan  acc=9.79%  dt=0.4s  total=0.1min  369.7 samples/s
[Epoch 4] batch 190/782  avg_loss=nan  acc=9.74%  dt=0.4s  total=0.1min  369.1 samples/s
[Epoch 4] batch 200/782  avg_loss=nan  acc=9.84%  dt=0.4s  total=0.1min  369.3 samples/s
  Batch [200/782] Loss: nan, Acc: 9.84%
[Epoch 4] batch 210/782  avg_loss=nan  acc=9.79%  dt=0.4s  total=0.2min  369.3 samples/s
[Epoch 4] batch 220/782  avg_loss=nan  acc=9.77%  dt=0.4s  total=0.2min  369.2 samples/s
[Epoch 4] batch 230/782  avg_loss=nan  acc=9.76%  dt=0.4s  total=0.2min  369.6 samples/s
[Epoch 4] batch 240/782  avg_loss=nan  acc=9.79%  dt=0.4s  total=0.2min  369.0 samples/s
[Epoch 4] batch 250/782  avg_loss=nan  acc=9.72%  dt=0.4s  total=0.2min  369.1 samples/s
  Batch [250/782] Loss: nan, Acc: 9.72%
[Epoch 4] batch 260/782  avg_loss=nan  acc=9.62%  dt=0.4s  total=0.2min  369.4 samples/s
[Epoch 4] batch 270/782  avg_loss=nan  acc=9.56%  dt=0.4s  total=0.2min  369.2 samples/s
[Epoch 4] batch 280/782  avg_loss=nan  acc=9.58%  dt=0.4s  total=0.2min  369.1 samples/s
[Epoch 4] batch 290/782  avg_loss=nan  acc=9.68%  dt=0.4s  total=0.2min  369.2 samples/s
[Epoch 4] batch 300/782  avg_loss=nan  acc=9.71%  dt=0.4s  total=0.2min  370.1 samples/s
  Batch [300/782] Loss: nan, Acc: 9.71%
[Epoch 4] batch 310/782  avg_loss=nan  acc=9.60%  dt=0.4s  total=0.2min  369.1 samples/s
[Epoch 4] batch 320/782  avg_loss=nan  acc=9.61%  dt=0.4s  total=0.2min  369.7 samples/s
[Epoch 4] batch 330/782  avg_loss=nan  acc=9.58%  dt=0.4s  total=0.2min  370.0 samples/s
[Epoch 4] batch 340/782  avg_loss=nan  acc=9.58%  dt=0.4s  total=0.2min  369.8 samples/s
[Epoch 4] batch 350/782  avg_loss=nan  acc=9.59%  dt=0.4s  total=0.3min  369.8 samples/s
  Batch [350/782] Loss: nan, Acc: 9.59%
[Epoch 4] batch 360/782  avg_loss=nan  acc=9.60%  dt=0.4s  total=0.3min  368.5 samples/s
[Epoch 4] batch 370/782  avg_loss=nan  acc=9.61%  dt=0.4s  total=0.3min  369.7 samples/s
[Epoch 4] batch 380/782  avg_loss=nan  acc=9.51%  dt=0.4s  total=0.3min  368.7 samples/s
[Epoch 4] batch 390/782  avg_loss=nan  acc=9.60%  dt=0.4s  total=0.3min  369.9 samples/s
[Epoch 4] batch 400/782  avg_loss=nan  acc=9.56%  dt=0.4s  total=0.3min  368.7 samples/s
  Batch [400/782] Loss: nan, Acc: 9.56%
[Epoch 4] batch 410/782  avg_loss=nan  acc=9.48%  dt=0.4s  total=0.3min  369.1 samples/s
[Epoch 4] batch 420/782  avg_loss=nan  acc=9.45%  dt=0.4s  total=0.3min  369.3 samples/s
[Epoch 4] batch 430/782  avg_loss=nan  acc=9.39%  dt=0.4s  total=0.3min  369.3 samples/s
[Epoch 4] batch 440/782  avg_loss=nan  acc=9.42%  dt=0.4s  total=0.3min  369.4 samples/s
[Epoch 4] batch 450/782  avg_loss=nan  acc=9.42%  dt=0.4s  total=0.3min  369.2 samples/s
  Batch [450/782] Loss: nan, Acc: 9.42%
[Epoch 4] batch 460/782  avg_loss=nan  acc=9.38%  dt=0.4s  total=0.3min  369.5 samples/s
[Epoch 4] batch 470/782  avg_loss=nan  acc=9.41%  dt=0.4s  total=0.3min  369.5 samples/s
[Epoch 4] batch 480/782  avg_loss=nan  acc=9.44%  dt=0.4s  total=0.3min  369.6 samples/s
[Epoch 4] batch 490/782  avg_loss=nan  acc=9.46%  dt=0.4s  total=0.4min  369.5 samples/s
[Epoch 4] batch 500/782  avg_loss=nan  acc=9.49%  dt=0.4s  total=0.4min  369.3 samples/s
  Batch [500/782] Loss: nan, Acc: 9.49%
[Epoch 4] batch 510/782  avg_loss=nan  acc=9.49%  dt=0.4s  total=0.4min  369.4 samples/s
[Epoch 4] batch 520/782  avg_loss=nan  acc=9.60%  dt=0.4s  total=0.4min  369.5 samples/s
[Epoch 4] batch 530/782  avg_loss=nan  acc=9.61%  dt=0.4s  total=0.4min  369.7 samples/s
[Epoch 4] batch 540/782  avg_loss=nan  acc=9.72%  dt=0.4s  total=0.4min  369.6 samples/s
[Epoch 4] batch 550/782  avg_loss=nan  acc=9.83%  dt=0.4s  total=0.4min  369.0 samples/s
  Batch [550/782] Loss: nan, Acc: 9.83%
[Epoch 4] batch 560/782  avg_loss=nan  acc=9.85%  dt=0.4s  total=0.4min  369.5 samples/s
[Epoch 4] batch 570/782  avg_loss=nan  acc=9.77%  dt=0.4s  total=0.4min  368.6 samples/s
[Epoch 4] batch 580/782  avg_loss=nan  acc=9.80%  dt=0.4s  total=0.4min  369.1 samples/s
[Epoch 4] batch 590/782  avg_loss=nan  acc=9.83%  dt=0.4s  total=0.4min  369.5 samples/s
[Epoch 4] batch 600/782  avg_loss=nan  acc=9.82%  dt=0.4s  total=0.4min  370.2 samples/s
  Batch [600/782] Loss: nan, Acc: 9.82%
[Epoch 4] batch 610/782  avg_loss=nan  acc=9.78%  dt=0.4s  total=0.4min  369.1 samples/s
[Epoch 4] batch 620/782  avg_loss=nan  acc=9.80%  dt=0.4s  total=0.5min  369.3 samples/s
[Epoch 4] batch 630/782  avg_loss=nan  acc=9.81%  dt=0.4s  total=0.5min  369.7 samples/s
[Epoch 4] batch 640/782  avg_loss=nan  acc=9.86%  dt=0.4s  total=0.5min  368.9 samples/s
[Epoch 4] batch 650/782  avg_loss=nan  acc=9.83%  dt=0.4s  total=0.5min  369.6 samples/s
  Batch [650/782] Loss: nan, Acc: 9.83%
[Epoch 4] batch 660/782  avg_loss=nan  acc=9.88%  dt=0.4s  total=0.5min  368.5 samples/s
[Epoch 4] batch 670/782  avg_loss=nan  acc=9.91%  dt=0.4s  total=0.5min  369.0 samples/s
[Epoch 4] batch 680/782  avg_loss=nan  acc=9.92%  dt=0.4s  total=0.5min  369.2 samples/s
[Epoch 4] batch 690/782  avg_loss=nan  acc=9.96%  dt=0.4s  total=0.5min  369.8 samples/s
[Epoch 4] batch 700/782  avg_loss=nan  acc=9.98%  dt=0.4s  total=0.5min  370.0 samples/s
  Batch [700/782] Loss: nan, Acc: 9.98%
[Epoch 4] batch 710/782  avg_loss=nan  acc=10.01%  dt=0.4s  total=0.5min  368.9 samples/s
[Epoch 4] batch 720/782  avg_loss=nan  acc=10.01%  dt=0.4s  total=0.5min  369.6 samples/s
[Epoch 4] batch 730/782  avg_loss=nan  acc=10.00%  dt=0.4s  total=0.5min  369.0 samples/s
[Epoch 4] batch 740/782  avg_loss=nan  acc=10.02%  dt=0.4s  total=0.5min  369.5 samples/s
[Epoch 4] batch 750/782  avg_loss=nan  acc=9.98%  dt=0.4s  total=0.5min  370.7 samples/s
  Batch [750/782] Loss: nan, Acc: 9.98%
[Epoch 4] batch 760/782  avg_loss=nan  acc=9.98%  dt=0.4s  total=0.6min  368.8 samples/s
[Epoch 4] batch 770/782  avg_loss=nan  acc=9.99%  dt=0.4s  total=0.6min  370.1 samples/s
[Epoch 4] batch 780/782  avg_loss=nan  acc=9.95%  dt=0.4s  total=0.6min  371.4 samples/s
[Epoch 4] Train Loss: nan, Acc: 9.94%  |  Val Loss: nan, Acc: 10.68%  |  Time: 35.7s
  WARNING: train_loss is nan — possible gradient explosion from hook bug. Check that hook divides by world_size exactly once.
[Epoch 4] Summarizing hook timing...
[HOOK_TIMING_SUMMARY] epoch=4 no hook timing samples
[Epoch 4] Hook timing summary done

[Epoch 5] Training... (lr=0.000905)
[Epoch 5] batch 1/782  avg_loss=nan  acc=6.25%  dt=0.2s  total=0.0min  66.4 samples/s
[Epoch 5] batch 2/782  avg_loss=nan  acc=12.50%  dt=0.0s  total=0.0min  362.3 samples/s
[Epoch 5] batch 3/782  avg_loss=nan  acc=12.50%  dt=0.0s  total=0.0min  363.0 samples/s
[Epoch 5] batch 4/782  avg_loss=nan  acc=12.50%  dt=0.0s  total=0.0min  364.5 samples/s
[Epoch 5] batch 5/782  avg_loss=nan  acc=12.50%  dt=0.0s  total=0.0min  362.6 samples/s
[Epoch 5] batch 10/782  avg_loss=nan  acc=11.25%  dt=0.2s  total=0.0min  368.0 samples/s
[Epoch 5] batch 20/782  avg_loss=nan  acc=9.38%  dt=0.4s  total=0.0min  370.1 samples/s
[Epoch 5] batch 30/782  avg_loss=nan  acc=9.38%  dt=0.4s  total=0.0min  369.8 samples/s
[Epoch 5] batch 40/782  avg_loss=nan  acc=9.69%  dt=0.4s  total=0.0min  369.3 samples/s
[Epoch 5] batch 50/782  avg_loss=nan  acc=9.50%  dt=0.4s  total=0.0min  369.7 samples/s
  Batch [50/782] Loss: nan, Acc: 9.50%
[Epoch 5] batch 60/782  avg_loss=nan  acc=9.17%  dt=0.4s  total=0.0min  369.2 samples/s
[Epoch 5] batch 70/782  avg_loss=nan  acc=8.93%  dt=0.4s  total=0.1min  369.5 samples/s
