=== Job started: Mon Jun 22 08:52:49 PM UTC 2026 ===
=== Node: sophia-gpu-05 ===
=== PBS_JOBID: 159692.sophia-pbs-01.lab.alcf.anl.gov ===
=============================================
  Sophia DDP + Installed PyTorch + OpenMPI
=============================================
Node               : sophia-gpu-05
Python             : /lus/eagle/projects/UIC-HPC/mrest/pytorch_mpi_build_sophia/conda/pt-sophia-openmpi/bin/python
NVCC               : /usr/local/cuda-12.9/bin/nvcc
MPI launcher       : /soft/compilers/openmpi/5.0.10/bin/mpirun
CUDA_HOME          : /usr/local/cuda-12.9
PYTORCH_MPI_BUILD  : /lus/eagle/projects/UIC-HPC/mrest/pytorch_mpi_build_sophia
PYTORCH_SOURCE     : /lus/eagle/projects/UIC-HPC/mrest/pytorch_mpi_build_sophia/src/pytorch
EAGLE_PYTHON_PREFIX: /lus/eagle/projects/UIC-HPC/mrest/pytorch_mpi_build_sophia/conda/pt-sophia-openmpi
ZFP_HOME           : /home/mrest/mpiAllReduceCompressed/zfp-install-sophia
PYTHONPATH         : <unset>
=============================================
Python version    : 3.11.14
Python executable : /lus/eagle/projects/UIC-HPC/mrest/pytorch_mpi_build_sophia/conda/pt-sophia-openmpi/bin/python
PyTorch version   : 2.8.0a0
PyTorch location  : /lus/eagle/projects/UIC-HPC/mrest/pytorch_mpi_build_sophia/conda/pt-sophia-openmpi/lib/python3.11/site-packages/torch/__init__.py
Built CUDA        : 12.9
CUDA available    : True 4
MPI available     : True
NCCL available    : True
Gloo available    : True
[WARN] mpi4py check failed: ModuleNotFoundError("No module named 'mpi4py'")
=== Starting training: model=wide_resnet50_2, dataset=cifar10, batch=32, lr=0.001, scheduler=cosine, backend=mpi, hook=none, zfp_rate=none at Mon Jun 22 08:53:10 PM UTC 2026 ===
--------------------------------------------------------------------------
PRTE has detected that the head of the session directory tree (where
scratch files and shared memory backing storage will be placed)
resides on a shared file system:

   Directory: /home/mrest/.tmp
   File system type: lustre

For performance reasons, it is strongly recommended that the session
directory be located on a local file system. This can be controlled by
setting the system temporary directory to be used by PRTE using either
the TMPDIR envar or the "prte_tmpdir_base" MCA param.

If you need the temporary directory to be different on remote nodes
from the local one where prterun is running (e.g., when a login node is
being employed), then you can set the local temporary directory using
the "prte_local_tmpdir_base" MCA param and the one to be used on all
other nodes using the "prte_remote_tmpdir_base" param.

This is only a warning advisory and your job will continue. You can
disable this warning in the future by setting the
"prte_silence_shared_fs" MCA param to "1".
--------------------------------------------------------------------------
--------------------------------------------------------------------------
Warning: Could not find the environment variable: LD_PRELOAD
--------------------------------------------------------------------------
--------------------------------------------------------------------------
Warning: Could not find the environment variable: PYTHONPATH
--------------------------------------------------------------------------

================================================================================
DISTRIBUTED TRAINING LAUNCHER
================================================================================
  Model:      wide_resnet50_2 (pretrained)
  Dataset:    cifar10 (10 classes)
  Image size: 32
  Backend:    mpi
  Algorithm:  built-in (no hook)
  Epochs:     20
  Batch/rank: 32
  LR:         0.001
  Scheduler:  cosine
  Warmup:     0
  Grad clip:  None
  Drop last:  False
  Data dir:   ./data
================================================================================


================================================================================
DISTRIBUTED TRAINING LAUNCHER
================================================================================
  Model:      wide_resnet50_2 (pretrained)
  Dataset:    cifar10 (10 classes)
  Image size: 32
  Backend:    mpi
  Algorithm:  built-in (no hook)
  Epochs:     20
  Batch/rank: 32
  LR:         0.001
  Scheduler:  cosine
  Warmup:     0
  Grad clip:  None
  Drop last:  False
  Data dir:   ./data
================================================================================


================================================================================
DISTRIBUTED TRAINING LAUNCHER
================================================================================
  Model:      wide_resnet50_2 (pretrained)
  Dataset:    cifar10 (10 classes)
  Image size: 32
  Backend:    mpi
  Algorithm:  built-in (no hook)
  Epochs:     20
  Batch/rank: 32
  LR:         0.001
  Scheduler:  cosine
  Warmup:     0
  Grad clip:  None
  Drop last:  False
  Data dir:   ./data
================================================================================


================================================================================
DISTRIBUTED TRAINING LAUNCHER
================================================================================
  Model:      wide_resnet50_2 (pretrained)
  Dataset:    cifar10 (10 classes)
  Image size: 32
  Backend:    mpi
  Algorithm:  built-in (no hook)
  Epochs:     20
  Batch/rank: 32
  LR:         0.001
  Scheduler:  cosine
  Warmup:     0
  Grad clip:  None
  Drop last:  False
  Data dir:   ./data
================================================================================

[Rank 0/4] device=cuda:0 local_rank=0 cuda_available=True device_count=4 name=NVIDIA A100-SXM4-40GB
[Rank 2/4] device=cuda:2 local_rank=2 cuda_available=True device_count=4 name=NVIDIA A100-SXM4-40GB
[Rank 1/4] device=cuda:1 local_rank=1 cuda_available=True device_count=4 name=NVIDIA A100-SXM4-40GB
[Rank 3/4] device=cuda:3 local_rank=3 cuda_available=True device_count=4 name=NVIDIA A100-SXM4-40GB

================================================================================
Distributed Training: WIDE_RESNET50_2 on CIFAR10
Backend: MPI, Algorithm: built-in (no hook)
================================================================================
Ranks: 4, Epochs: 20, Batch/rank: 32, Effective batch: 128
LR: 0.001, Device: cuda:0

[Setup] Model on cuda:0, wrapped in DDP (static_graph=True)
[Setup] No hook — using DDP built-in MPI allreduce
/lus/eagle/projects/UIC-HPC/mrest/pytorch_mpi_build_sophia/conda/pt-sophia-openmpi/lib/python3.11/site-packages/torchvision/datasets/cifar.py:83: VisibleDeprecationWarning: dtype(): align should be passed as Python or NumPy boolean but got `align=0`. Did you mean to pass a tuple to create a subarray type? (Deprecated NumPy 2.4)
  entry = pickle.load(f, encoding="latin1")
/lus/eagle/projects/UIC-HPC/mrest/pytorch_mpi_build_sophia/conda/pt-sophia-openmpi/lib/python3.11/site-packages/torchvision/datasets/cifar.py:83: VisibleDeprecationWarning: dtype(): align should be passed as Python or NumPy boolean but got `align=0`. Did you mean to pass a tuple to create a subarray type? (Deprecated NumPy 2.4)
  entry = pickle.load(f, encoding="latin1")
/lus/eagle/projects/UIC-HPC/mrest/pytorch_mpi_build_sophia/conda/pt-sophia-openmpi/lib/python3.11/site-packages/torchvision/datasets/cifar.py:83: VisibleDeprecationWarning: dtype(): align should be passed as Python or NumPy boolean but got `align=0`. Did you mean to pass a tuple to create a subarray type? (Deprecated NumPy 2.4)
  entry = pickle.load(f, encoding="latin1")
/lus/eagle/projects/UIC-HPC/mrest/pytorch_mpi_build_sophia/conda/pt-sophia-openmpi/lib/python3.11/site-packages/torchvision/datasets/cifar.py:83: VisibleDeprecationWarning: dtype(): align should be passed as Python or NumPy boolean but got `align=0`. Did you mean to pass a tuple to create a subarray type? (Deprecated NumPy 2.4)
  entry = pickle.load(f, encoding="latin1")
/lus/eagle/projects/UIC-HPC/mrest/pytorch_mpi_build_sophia/conda/pt-sophia-openmpi/lib/python3.11/site-packages/torch/utils/data/dataloader.py:627: UserWarning: This DataLoader will create 4 worker processes in total. Our suggested max number of worker in current system is 2, which is smaller than what this DataLoader is going to create. Please be aware that excessive worker creation might get DataLoader running slow or even freeze, lower the worker number to avoid potential slowness/freeze if necessary.
  warnings.warn(
/lus/eagle/projects/UIC-HPC/mrest/pytorch_mpi_build_sophia/conda/pt-sophia-openmpi/lib/python3.11/site-packages/torch/utils/data/dataloader.py:627: UserWarning: This DataLoader will create 4 worker processes in total. Our suggested max number of worker in current system is 2, which is smaller than what this DataLoader is going to create. Please be aware that excessive worker creation might get DataLoader running slow or even freeze, lower the worker number to avoid potential slowness/freeze if necessary.
  warnings.warn(
/lus/eagle/projects/UIC-HPC/mrest/pytorch_mpi_build_sophia/conda/pt-sophia-openmpi/lib/python3.11/site-packages/torch/utils/data/dataloader.py:627: UserWarning: This DataLoader will create 4 worker processes in total. Our suggested max number of worker in current system is 2, which is smaller than what this DataLoader is going to create. Please be aware that excessive worker creation might get DataLoader running slow or even freeze, lower the worker number to avoid potential slowness/freeze if necessary.
  warnings.warn(
/lus/eagle/projects/UIC-HPC/mrest/pytorch_mpi_build_sophia/conda/pt-sophia-openmpi/lib/python3.11/site-packages/torch/utils/data/dataloader.py:627: UserWarning: This DataLoader will create 4 worker processes in total. Our suggested max number of worker in current system is 2, which is smaller than what this DataLoader is going to create. Please be aware that excessive worker creation might get DataLoader running slow or even freeze, lower the worker number to avoid potential slowness/freeze if necessary.
  warnings.warn(
[Data] Train batches: 391, Val batches: 79


[Epoch 1] Training... (lr=0.001000)
  Batch [50/391] Loss: 2.3027, Acc: 14.44%
  Batch [100/391] Loss: 2.2132, Acc: 19.25%
  Batch [150/391] Loss: 2.1297, Acc: 24.23%
  Batch [200/391] Loss: 2.0484, Acc: 27.77%
  Batch [250/391] Loss: 1.9759, Acc: 30.61%
  Batch [300/391] Loss: 1.9067, Acc: 33.06%
  Batch [350/391] Loss: 1.8475, Acc: 35.19%
[Epoch 1] Train Loss: 1.7997, Acc: 36.96%  |  Val Loss: 1.5085, Acc: 58.08%  |  Time: 420.5s
  -> Best model saved (58.08%)
[Epoch 1] Summarizing hook timing...
[HOOK_TIMING_SUMMARY] epoch=1 no hook timing samples
[Epoch 1] Hook timing summary done

[Epoch 2] Training... (lr=0.000994)
  Batch [50/391] Loss: 1.3627, Acc: 55.25%
  Batch [100/391] Loss: 1.3320, Acc: 56.22%
  Batch [150/391] Loss: 1.3094, Acc: 55.98%
  Batch [200/391] Loss: 1.2790, Acc: 56.97%
  Batch [250/391] Loss: 1.2487, Acc: 57.90%
  Batch [300/391] Loss: 1.2312, Acc: 58.23%
  Batch [350/391] Loss: 1.2133, Acc: 58.68%
[Epoch 2] Train Loss: 1.1967, Acc: 59.15%  |  Val Loss: 0.9304, Acc: 68.80%  |  Time: 339.9s
  -> Best model saved (68.80%)
[Epoch 2] Summarizing hook timing...
[HOOK_TIMING_SUMMARY] epoch=2 no hook timing samples
[Epoch 2] Hook timing summary done

[Epoch 3] Training... (lr=0.000976)
  Batch [50/391] Loss: 1.0546, Acc: 63.19%
  Batch [100/391] Loss: 1.0509, Acc: 63.88%
  Batch [150/391] Loss: 1.0164, Acc: 65.27%
  Batch [200/391] Loss: 0.9999, Acc: 65.64%
=== Job started: Mon Jun 22 09:13:39 PM UTC 2026 ===
=== Node: sophia-gpu-05 ===
=== PBS_JOBID: 159696.sophia-pbs-01.lab.alcf.anl.gov ===
=============================================
  Sophia DDP + Installed PyTorch + OpenMPI
=============================================
Node               : sophia-gpu-05
Python             : /lus/eagle/projects/UIC-HPC/mrest/pytorch_mpi_build_sophia/conda/pt-sophia-openmpi/bin/python
NVCC               : /usr/local/cuda-12.9/bin/nvcc
MPI launcher       : /soft/compilers/openmpi/5.0.10/bin/mpirun
CUDA_HOME          : /usr/local/cuda-12.9
PYTORCH_MPI_BUILD  : /lus/eagle/projects/UIC-HPC/mrest/pytorch_mpi_build_sophia
PYTORCH_SOURCE     : /lus/eagle/projects/UIC-HPC/mrest/pytorch_mpi_build_sophia/src/pytorch
EAGLE_PYTHON_PREFIX: /lus/eagle/projects/UIC-HPC/mrest/pytorch_mpi_build_sophia/conda/pt-sophia-openmpi
ZFP_HOME           : /home/mrest/mpiAllReduceCompressed/zfp-install-sophia
PYTHONPATH         : <unset>
=============================================
Python version    : 3.11.14
Python executable : /lus/eagle/projects/UIC-HPC/mrest/pytorch_mpi_build_sophia/conda/pt-sophia-openmpi/bin/python
PyTorch version   : 2.8.0a0
PyTorch location  : /lus/eagle/projects/UIC-HPC/mrest/pytorch_mpi_build_sophia/conda/pt-sophia-openmpi/lib/python3.11/site-packages/torch/__init__.py
Built CUDA        : 12.9
CUDA available    : True 4
MPI available     : True
NCCL available    : True
Gloo available    : True
[WARN] mpi4py check failed: ModuleNotFoundError("No module named 'mpi4py'")
=== Starting training: model=wide_resnet50_2, dataset=cifar10, batch=32, lr=0.001, scheduler=cosine, backend=mpi, hook=none, zfp_rate=none at Mon Jun 22 09:14:10 PM UTC 2026 ===
--------------------------------------------------------------------------
PRTE has detected that the head of the session directory tree (where
scratch files and shared memory backing storage will be placed)
resides on a shared file system:

   Directory: /home/mrest/.tmp
   File system type: lustre

For performance reasons, it is strongly recommended that the session
directory be located on a local file system. This can be controlled by
setting the system temporary directory to be used by PRTE using either
the TMPDIR envar or the "prte_tmpdir_base" MCA param.

If you need the temporary directory to be different on remote nodes
from the local one where prterun is running (e.g., when a login node is
being employed), then you can set the local temporary directory using
the "prte_local_tmpdir_base" MCA param and the one to be used on all
other nodes using the "prte_remote_tmpdir_base" param.

This is only a warning advisory and your job will continue. You can
disable this warning in the future by setting the
"prte_silence_shared_fs" MCA param to "1".
--------------------------------------------------------------------------
--------------------------------------------------------------------------
Warning: Could not find the environment variable: LD_PRELOAD
--------------------------------------------------------------------------
--------------------------------------------------------------------------
Warning: Could not find the environment variable: PYTHONPATH
--------------------------------------------------------------------------

================================================================================
DISTRIBUTED TRAINING LAUNCHER
================================================================================
  Model:      wide_resnet50_2 (pretrained)
  Dataset:    cifar10 (10 classes)
  Image size: 32
  Backend:    mpi
  Algorithm:  built-in (no hook)
  Epochs:     20
  Batch/rank: 32
  LR:         0.001
  Scheduler:  cosine
  Warmup:     0
  Grad clip:  None
  Drop last:  False
  Data dir:   ./data
================================================================================


================================================================================
DISTRIBUTED TRAINING LAUNCHER
================================================================================
  Model:      wide_resnet50_2 (pretrained)
  Dataset:    cifar10 (10 classes)
  Image size: 32
  Backend:    mpi
  Algorithm:  built-in (no hook)
  Epochs:     20
  Batch/rank: 32
  LR:         0.001
  Scheduler:  cosine
  Warmup:     0
  Grad clip:  None
  Drop last:  False
  Data dir:   ./data
================================================================================


================================================================================
DISTRIBUTED TRAINING LAUNCHER
================================================================================
  Model:      wide_resnet50_2 (pretrained)
  Dataset:    cifar10 (10 classes)
  Image size: 32
  Backend:    mpi
  Algorithm:  built-in (no hook)
  Epochs:     20
  Batch/rank: 32
  LR:         0.001
  Scheduler:  cosine
  Warmup:     0
  Grad clip:  None
  Drop last:  False
  Data dir:   ./data
================================================================================


================================================================================
DISTRIBUTED TRAINING LAUNCHER
================================================================================
  Model:      wide_resnet50_2 (pretrained)
  Dataset:    cifar10 (10 classes)
  Image size: 32
  Backend:    mpi
  Algorithm:  built-in (no hook)
  Epochs:     20
  Batch/rank: 32
  LR:         0.001
  Scheduler:  cosine
  Warmup:     0
  Grad clip:  None
  Drop last:  False
  Data dir:   ./data
================================================================================

[Rank 2/4] device=cuda:2 local_rank=2 cuda_available=True device_count=4 name=NVIDIA A100-SXM4-40GB
[Rank 1/4] device=cuda:1 local_rank=1 cuda_available=True device_count=4 name=NVIDIA A100-SXM4-40GB
[Rank 0/4] device=cuda:0 local_rank=0 cuda_available=True device_count=4 name=NVIDIA A100-SXM4-40GB
[Rank 3/4] device=cuda:3 local_rank=3 cuda_available=True device_count=4 name=NVIDIA A100-SXM4-40GB

================================================================================
Distributed Training: WIDE_RESNET50_2 on CIFAR10
Backend: MPI, Algorithm: built-in (no hook)
================================================================================
Ranks: 4, Epochs: 20, Batch/rank: 32, Effective batch: 128
LR: 0.001, Device: cuda:0

[Setup] Model on cuda:0, wrapped in DDP (static_graph=True)
[Setup] No hook — using DDP built-in MPI allreduce
/lus/eagle/projects/UIC-HPC/mrest/pytorch_mpi_build_sophia/conda/pt-sophia-openmpi/lib/python3.11/site-packages/torchvision/datasets/cifar.py:83: VisibleDeprecationWarning: dtype(): align should be passed as Python or NumPy boolean but got `align=0`. Did you mean to pass a tuple to create a subarray type? (Deprecated NumPy 2.4)
  entry = pickle.load(f, encoding="latin1")
/lus/eagle/projects/UIC-HPC/mrest/pytorch_mpi_build_sophia/conda/pt-sophia-openmpi/lib/python3.11/site-packages/torchvision/datasets/cifar.py:83: VisibleDeprecationWarning: dtype(): align should be passed as Python or NumPy boolean but got `align=0`. Did you mean to pass a tuple to create a subarray type? (Deprecated NumPy 2.4)
  entry = pickle.load(f, encoding="latin1")
/lus/eagle/projects/UIC-HPC/mrest/pytorch_mpi_build_sophia/conda/pt-sophia-openmpi/lib/python3.11/site-packages/torchvision/datasets/cifar.py:83: VisibleDeprecationWarning: dtype(): align should be passed as Python or NumPy boolean but got `align=0`. Did you mean to pass a tuple to create a subarray type? (Deprecated NumPy 2.4)
  entry = pickle.load(f, encoding="latin1")
/lus/eagle/projects/UIC-HPC/mrest/pytorch_mpi_build_sophia/conda/pt-sophia-openmpi/lib/python3.11/site-packages/torchvision/datasets/cifar.py:83: VisibleDeprecationWarning: dtype(): align should be passed as Python or NumPy boolean but got `align=0`. Did you mean to pass a tuple to create a subarray type? (Deprecated NumPy 2.4)
  entry = pickle.load(f, encoding="latin1")
[Data] Train batches: 391, Val batches: 79


[Epoch 1] Training... (lr=0.001000)
  Batch [50/391] Loss: 2.2789, Acc: 16.00%
  Batch [100/391] Loss: 2.2034, Acc: 20.69%
  Batch [150/391] Loss: 2.1215, Acc: 24.71%
  Batch [200/391] Loss: 2.0315, Acc: 28.31%
  Batch [250/391] Loss: 1.9552, Acc: 31.49%
  Batch [300/391] Loss: 1.8862, Acc: 34.10%
  Batch [350/391] Loss: 1.8215, Acc: 36.31%
[Epoch 1] Train Loss: 1.7763, Acc: 38.00%  |  Val Loss: 1.2865, Acc: 57.64%  |  Time: 357.6s
  -> Best model saved (57.64%)
[Epoch 1] Summarizing hook timing...
[HOOK_TIMING_SUMMARY] epoch=1 no hook timing samples
[Epoch 1] Hook timing summary done

[Epoch 2] Training... (lr=0.000994)
  Batch [50/391] Loss: 1.3065, Acc: 53.50%
  Batch [100/391] Loss: 1.2964, Acc: 54.03%
  Batch [150/391] Loss: 1.2888, Acc: 54.06%
  Batch [200/391] Loss: 1.2547, Acc: 55.27%
  Batch [250/391] Loss: 1.2319, Acc: 56.69%
  Batch [300/391] Loss: 1.2135, Acc: 57.48%
  Batch [350/391] Loss: 1.1988, Acc: 57.79%
[Epoch 2] Train Loss: 1.1837, Acc: 58.59%  |  Val Loss: 0.9341, Acc: 69.00%  |  Time: 367.5s
  -> Best model saved (69.00%)
[Epoch 2] Summarizing hook timing...
[HOOK_TIMING_SUMMARY] epoch=2 no hook timing samples
[Epoch 2] Hook timing summary done

[Epoch 3] Training... (lr=0.000976)
  Batch [50/391] Loss: 1.0344, Acc: 64.06%
  Batch [100/391] Loss: 1.0212, Acc: 64.78%
  Batch [150/391] Loss: 0.9899, Acc: 65.48%
  Batch [200/391] Loss: 0.9737, Acc: 66.34%
  Batch [250/391] Loss: 0.9566, Acc: 67.20%
  Batch [300/391] Loss: 0.9509, Acc: 67.42%
  Batch [350/391] Loss: 0.9388, Acc: 67.76%
[Epoch 3] Train Loss: 0.9310, Acc: 67.93%  |  Val Loss: 0.7481, Acc: 75.48%  |  Time: 363.3s
  -> Best model saved (75.48%)
[Epoch 3] Summarizing hook timing...
[HOOK_TIMING_SUMMARY] epoch=3 no hook timing samples
[Epoch 3] Hook timing summary done

[Epoch 4] Training... (lr=0.000946)
  Batch [50/391] Loss: 0.8472, Acc: 71.12%
  Batch [100/391] Loss: 0.8690, Acc: 69.66%
  Batch [150/391] Loss: 0.8463, Acc: 70.67%
  Batch [200/391] Loss: 0.8399, Acc: 70.92%
  Batch [250/391] Loss: 0.8366, Acc: 71.15%
  Batch [300/391] Loss: 0.8330, Acc: 71.19%
  Batch [350/391] Loss: 0.8330, Acc: 71.20%
[Epoch 4] Train Loss: 0.8297, Acc: 71.38%  |  Val Loss: 0.6567, Acc: 77.80%  |  Time: 366.0s
  -> Best model saved (77.80%)
[Epoch 4] Summarizing hook timing...
[HOOK_TIMING_SUMMARY] epoch=4 no hook timing samples
[Epoch 4] Hook timing summary done

[Epoch 5] Training... (lr=0.000905)
  Batch [50/391] Loss: 0.7432, Acc: 74.19%
  Batch [100/391] Loss: 0.7484, Acc: 74.38%
  Batch [150/391] Loss: 0.7277, Acc: 74.88%
  Batch [200/391] Loss: 0.7234, Acc: 75.23%
  Batch [250/391] Loss: 0.7339, Acc: 74.76%
  Batch [300/391] Loss: 0.7364, Acc: 74.82%
  Batch [350/391] Loss: 0.7383, Acc: 74.65%
[Epoch 5] Train Loss: 0.7389, Acc: 74.62%  |  Val Loss: 0.5955, Acc: 80.24%  |  Time: 363.0s
  -> Best model saved (80.24%)
[Epoch 5] Summarizing hook timing...
[HOOK_TIMING_SUMMARY] epoch=5 no hook timing samples
[Epoch 5] Hook timing summary done

[Epoch 6] Training... (lr=0.000854)
  Batch [50/391] Loss: 0.7157, Acc: 76.06%
  Batch [100/391] Loss: 0.7154, Acc: 75.91%
  Batch [150/391] Loss: 0.7116, Acc: 75.77%
  Batch [200/391] Loss: 0.7024, Acc: 76.14%
  Batch [250/391] Loss: 0.6951, Acc: 76.40%
  Batch [300/391] Loss: 0.6936, Acc: 76.48%
  Batch [350/391] Loss: 0.6947, Acc: 76.46%
[Epoch 6] Train Loss: 0.6921, Acc: 76.42%  |  Val Loss: 0.5622, Acc: 81.84%  |  Time: 360.2s
  -> Best model saved (81.84%)
[Epoch 6] Summarizing hook timing...
[HOOK_TIMING_SUMMARY] epoch=6 no hook timing samples
[Epoch 6] Hook timing summary done

[Epoch 7] Training... (lr=0.000794)
  Batch [50/391] Loss: 0.6957, Acc: 75.50%
  Batch [100/391] Loss: 0.6723, Acc: 76.41%
  Batch [150/391] Loss: 0.6739, Acc: 76.44%
  Batch [200/391] Loss: 0.6654, Acc: 76.86%
  Batch [250/391] Loss: 0.6594, Acc: 77.34%
  Batch [300/391] Loss: 0.6458, Acc: 77.77%
  Batch [350/391] Loss: 0.6430, Acc: 77.90%
[Epoch 7] Train Loss: 0.6457, Acc: 77.79%  |  Val Loss: 0.5121, Acc: 82.76%  |  Time: 357.4s
  -> Best model saved (82.76%)
[Epoch 7] Summarizing hook timing...
[HOOK_TIMING_SUMMARY] epoch=7 no hook timing samples
[Epoch 7] Hook timing summary done

[Epoch 8] Training... (lr=0.000727)
  Batch [50/391] Loss: 0.6212, Acc: 77.69%
  Batch [100/391] Loss: 0.6267, Acc: 78.41%
  Batch [150/391] Loss: 0.6554, Acc: 77.73%
  Batch [200/391] Loss: 0.6411, Acc: 78.36%
  Batch [250/391] Loss: 0.6361, Acc: 78.41%
  Batch [300/391] Loss: 0.6283, Acc: 78.55%
  Batch [350/391] Loss: 0.6307, Acc: 78.46%
[Epoch 8] Train Loss: 0.6306, Acc: 78.49%  |  Val Loss: 0.5093, Acc: 83.48%  |  Time: 349.8s
  -> Best model saved (83.48%)
[Epoch 8] Summarizing hook timing...
[HOOK_TIMING_SUMMARY] epoch=8 no hook timing samples
[Epoch 8] Hook timing summary done

[Epoch 9] Training... (lr=0.000655)
  Batch [50/391] Loss: 0.6100, Acc: 78.62%
  Batch [100/391] Loss: 0.5918, Acc: 79.59%
  Batch [150/391] Loss: 0.5883, Acc: 79.94%
  Batch [200/391] Loss: 0.5931, Acc: 79.89%
  Batch [250/391] Loss: 0.5910, Acc: 80.04%
  Batch [300/391] Loss: 0.5903, Acc: 80.16%
  Batch [350/391] Loss: 0.5855, Acc: 80.18%
[Epoch 9] Train Loss: 0.5847, Acc: 80.14%  |  Val Loss: 0.4922, Acc: 84.04%  |  Time: 354.2s
  -> Best model saved (84.04%)
[Epoch 9] Summarizing hook timing...
[HOOK_TIMING_SUMMARY] epoch=9 no hook timing samples
[Epoch 9] Hook timing summary done

[Epoch 10] Training... (lr=0.000578)
  Batch [50/391] Loss: 0.5361, Acc: 81.50%
  Batch [100/391] Loss: 0.5525, Acc: 80.97%
  Batch [150/391] Loss: 0.5644, Acc: 80.75%
  Batch [200/391] Loss: 0.5739, Acc: 80.38%
  Batch [250/391] Loss: 0.5691, Acc: 80.46%
  Batch [300/391] Loss: 0.5651, Acc: 80.52%
  Batch [350/391] Loss: 0.5629, Acc: 80.60%
[Epoch 10] Train Loss: 0.5586, Acc: 80.73%  |  Val Loss: 0.4682, Acc: 84.20%  |  Time: 354.3s
  -> Best model saved (84.20%)
[Epoch 10] Summarizing hook timing...
[HOOK_TIMING_SUMMARY] epoch=10 no hook timing samples
[Epoch 10] Hook timing summary done

[Epoch 11] Training... (lr=0.000500)
  Batch [50/391] Loss: 0.5120, Acc: 82.12%
  Batch [100/391] Loss: 0.5321, Acc: 81.75%
  Batch [150/391] Loss: 0.5399, Acc: 81.75%
  Batch [200/391] Loss: 0.5388, Acc: 81.61%
  Batch [250/391] Loss: 0.5369, Acc: 81.51%
  Batch [300/391] Loss: 0.5320, Acc: 81.62%
  Batch [350/391] Loss: 0.5282, Acc: 81.76%
[Epoch 11] Train Loss: 0.5306, Acc: 81.69%  |  Val Loss: 0.4658, Acc: 85.04%  |  Time: 352.1s
  -> Best model saved (85.04%)
[Epoch 11] Summarizing hook timing...
[HOOK_TIMING_SUMMARY] epoch=11 no hook timing samples
[Epoch 11] Hook timing summary done

[Epoch 12] Training... (lr=0.000422)
  Batch [50/391] Loss: 0.5342, Acc: 81.06%
  Batch [100/391] Loss: 0.5228, Acc: 81.28%
  Batch [150/391] Loss: 0.5263, Acc: 81.56%
  Batch [200/391] Loss: 0.5271, Acc: 82.12%
  Batch [250/391] Loss: 0.5259, Acc: 82.29%
  Batch [300/391] Loss: 0.5222, Acc: 82.36%
  Batch [350/391] Loss: 0.5291, Acc: 82.12%
[Epoch 12] Train Loss: 0.5289, Acc: 82.01%  |  Val Loss: 0.4653, Acc: 84.40%  |  Time: 352.6s
[Epoch 12] Summarizing hook timing...
[HOOK_TIMING_SUMMARY] epoch=12 no hook timing samples
[Epoch 12] Hook timing summary done

[Epoch 13] Training... (lr=0.000345)
  Batch [50/391] Loss: 0.5101, Acc: 81.44%
  Batch [100/391] Loss: 0.4931, Acc: 82.28%
  Batch [150/391] Loss: 0.5141, Acc: 81.88%
  Batch [200/391] Loss: 0.5181, Acc: 81.56%
  Batch [250/391] Loss: 0.5126, Acc: 82.05%
  Batch [300/391] Loss: 0.5136, Acc: 82.10%
  Batch [350/391] Loss: 0.5150, Acc: 82.12%
[Epoch 13] Train Loss: 0.5119, Acc: 82.17%  |  Val Loss: 0.4517, Acc: 85.56%  |  Time: 350.5s
  -> Best model saved (85.56%)
[Epoch 13] Summarizing hook timing...
[HOOK_TIMING_SUMMARY] epoch=13 no hook timing samples
[Epoch 13] Hook timing summary done

[Epoch 14] Training... (lr=0.000273)
  Batch [50/391] Loss: 0.5015, Acc: 82.31%
  Batch [100/391] Loss: 0.5028, Acc: 82.72%
  Batch [150/391] Loss: 0.5031, Acc: 82.62%
  Batch [200/391] Loss: 0.4957, Acc: 82.92%
  Batch [250/391] Loss: 0.4947, Acc: 82.88%
  Batch [300/391] Loss: 0.4949, Acc: 82.89%
  Batch [350/391] Loss: 0.4959, Acc: 82.74%
[Epoch 14] Train Loss: 0.4963, Acc: 82.60%  |  Val Loss: 0.4492, Acc: 85.08%  |  Time: 350.4s
[Epoch 14] Summarizing hook timing...
[HOOK_TIMING_SUMMARY] epoch=14 no hook timing samples
[Epoch 14] Hook timing summary done

[Epoch 15] Training... (lr=0.000206)
  Batch [50/391] Loss: 0.4925, Acc: 82.81%
  Batch [100/391] Loss: 0.4958, Acc: 82.69%
  Batch [150/391] Loss: 0.4908, Acc: 82.94%
  Batch [200/391] Loss: 0.4881, Acc: 83.06%
  Batch [250/391] Loss: 0.4826, Acc: 83.30%
  Batch [300/391] Loss: 0.4929, Acc: 83.08%
  Batch [350/391] Loss: 0.4889, Acc: 83.12%
[Epoch 15] Train Loss: 0.4879, Acc: 83.11%  |  Val Loss: 0.4413, Acc: 85.76%  |  Time: 340.3s
  -> Best model saved (85.76%)
[Epoch 15] Summarizing hook timing...
[HOOK_TIMING_SUMMARY] epoch=15 no hook timing samples
[Epoch 15] Hook timing summary done

[Epoch 16] Training... (lr=0.000146)
  Batch [50/391] Loss: 0.4974, Acc: 82.56%
  Batch [100/391] Loss: 0.4946, Acc: 83.12%
  Batch [150/391] Loss: 0.4895, Acc: 83.17%
  Batch [200/391] Loss: 0.4866, Acc: 83.06%
  Batch [250/391] Loss: 0.4790, Acc: 83.14%
  Batch [300/391] Loss: 0.4802, Acc: 83.18%
  Batch [350/391] Loss: 0.4800, Acc: 83.28%
[Epoch 16] Train Loss: 0.4759, Acc: 83.44%  |  Val Loss: 0.4534, Acc: 85.88%  |  Time: 342.9s
  -> Best model saved (85.88%)
[Epoch 16] Summarizing hook timing...
[HOOK_TIMING_SUMMARY] epoch=16 no hook timing samples
[Epoch 16] Hook timing summary done

[Epoch 17] Training... (lr=0.000095)
  Batch [50/391] Loss: 0.4749, Acc: 82.56%
  Batch [100/391] Loss: 0.4693, Acc: 83.09%
  Batch [150/391] Loss: 0.4894, Acc: 82.67%
  Batch [200/391] Loss: 0.4929, Acc: 82.73%
  Batch [250/391] Loss: 0.4928, Acc: 83.08%
  Batch [300/391] Loss: 0.4929, Acc: 83.01%
  Batch [350/391] Loss: 0.4911, Acc: 83.03%
[Epoch 17] Train Loss: 0.4941, Acc: 82.86%  |  Val Loss: 0.4387, Acc: 85.56%  |  Time: 341.4s
[Epoch 17] Summarizing hook timing...
[HOOK_TIMING_SUMMARY] epoch=17 no hook timing samples
[Epoch 17] Hook timing summary done

[Epoch 18] Training... (lr=0.000054)
  Batch [50/391] Loss: 0.4977, Acc: 82.81%
  Batch [100/391] Loss: 0.5032, Acc: 82.59%
  Batch [150/391] Loss: 0.4886, Acc: 83.35%
  Batch [200/391] Loss: 0.4849, Acc: 83.34%
  Batch [250/391] Loss: 0.4899, Acc: 83.26%
  Batch [300/391] Loss: 0.4860, Acc: 83.42%
  Batch [350/391] Loss: 0.4869, Acc: 83.31%
[Epoch 18] Train Loss: 0.4882, Acc: 83.30%  |  Val Loss: 0.4366, Acc: 85.40%  |  Time: 334.7s
[Epoch 18] Summarizing hook timing...
[HOOK_TIMING_SUMMARY] epoch=18 no hook timing samples
[Epoch 18] Hook timing summary done

[Epoch 19] Training... (lr=0.000024)
  Batch [50/391] Loss: 0.4495, Acc: 84.06%
  Batch [100/391] Loss: 0.4526, Acc: 84.56%
  Batch [150/391] Loss: 0.4610, Acc: 84.17%
  Batch [200/391] Loss: 0.4742, Acc: 83.98%
  Batch [250/391] Loss: 0.4782, Acc: 83.78%
  Batch [300/391] Loss: 0.4715, Acc: 84.07%
  Batch [350/391] Loss: 0.4699, Acc: 83.96%
[Epoch 19] Train Loss: 0.4696, Acc: 83.90%  |  Val Loss: 0.4350, Acc: 85.48%  |  Time: 339.9s
[Epoch 19] Summarizing hook timing...
[HOOK_TIMING_SUMMARY] epoch=19 no hook timing samples
[Epoch 19] Hook timing summary done

[Epoch 20] Training... (lr=0.000006)
  Batch [50/391] Loss: 0.4389, Acc: 84.75%
  Batch [100/391] Loss: 0.4587, Acc: 83.91%
  Batch [150/391] Loss: 0.4611, Acc: 83.98%
  Batch [200/391] Loss: 0.4553, Acc: 84.11%
  Batch [250/391] Loss: 0.4635, Acc: 83.90%
  Batch [300/391] Loss: 0.4623, Acc: 83.94%
  Batch [350/391] Loss: 0.4724, Acc: 83.62%
[Epoch 20] Train Loss: 0.4702, Acc: 83.75%  |  Val Loss: 0.4463, Acc: 85.08%  |  Time: 342.2s
[Epoch 20] Summarizing hook timing...
[HOOK_TIMING_SUMMARY] epoch=20 no hook timing samples
[Epoch 20] Hook timing summary done

================================================================================
Done in 7059.6s | Best val acc: 85.88%
Epoch times: mean=352.0s  min=334.7s  max=367.5s
================================================================================
=== Finished training: model=wide_resnet50_2, dataset=cifar10, batch=32, lr=0.001, scheduler=cosine, backend=mpi, hook=none, zfp_rate=none, status=0 at Mon Jun 22 11:12:22 PM UTC 2026 ===
=== Starting training: model=wide_resnet50_2, dataset=cifar10, batch=32, lr=0.001, scheduler=cosine, backend=mpi, hook=ring, zfp_rate=none at Mon Jun 22 11:12:22 PM UTC 2026 ===
--------------------------------------------------------------------------
PRTE has detected that the head of the session directory tree (where
scratch files and shared memory backing storage will be placed)
resides on a shared file system:

   Directory: /home/mrest/.tmp
   File system type: lustre

For performance reasons, it is strongly recommended that the session
directory be located on a local file system. This can be controlled by
setting the system temporary directory to be used by PRTE using either
the TMPDIR envar or the "prte_tmpdir_base" MCA param.

If you need the temporary directory to be different on remote nodes
from the local one where prterun is running (e.g., when a login node is
being employed), then you can set the local temporary directory using
the "prte_local_tmpdir_base" MCA param and the one to be used on all
other nodes using the "prte_remote_tmpdir_base" param.

This is only a warning advisory and your job will continue. You can
disable this warning in the future by setting the
"prte_silence_shared_fs" MCA param to "1".
--------------------------------------------------------------------------
--------------------------------------------------------------------------
Warning: Could not find the environment variable: LD_PRELOAD
--------------------------------------------------------------------------
--------------------------------------------------------------------------
Warning: Could not find the environment variable: PYTHONPATH
--------------------------------------------------------------------------

================================================================================
DISTRIBUTED TRAINING LAUNCHER
================================================================================
  Model:      wide_resnet50_2 (pretrained)
  Dataset:    cifar10 (10 classes)
  Image size: 32
  Backend:    mpi
  Algorithm:  ring
  Epochs:     20
  Batch/rank: 32
  LR:         0.001
  Scheduler:  cosine
  Warmup:     0
  Grad clip:  None
  Drop last:  False
  Data dir:   ./data
================================================================================


================================================================================
DISTRIBUTED TRAINING LAUNCHER
================================================================================
  Model:      wide_resnet50_2 (pretrained)
  Dataset:    cifar10 (10 classes)
  Image size: 32
  Backend:    mpi
  Algorithm:  ring
  Epochs:     20
  Batch/rank: 32
  LR:         0.001
  Scheduler:  cosine
  Warmup:     0
  Grad clip:  None
  Drop last:  False
  Data dir:   ./data
================================================================================


================================================================================
DISTRIBUTED TRAINING LAUNCHER
================================================================================
  Model:      wide_resnet50_2 (pretrained)
  Dataset:    cifar10 (10 classes)
  Image size: 32
  Backend:    mpi
  Algorithm:  ring

================================================================================
DISTRIBUTED TRAINING LAUNCHER
================================================================================
  Model:      wide_resnet50_2 (pretrained)
  Dataset:    cifar10 (10 classes)
  Image size: 32
  Backend:    mpi
  Algorithm:  ring
  Epochs:     20
  Batch/rank: 32
  LR:         0.001
  Epochs:     20
  Batch/rank: 32
  LR:         0.001
  Scheduler:  cosine
  Warmup:     0
  Grad clip:  None
  Scheduler:  cosine
  Warmup:     0
  Grad clip:  None
  Drop last:  False
  Drop last:  False
  Data dir:   ./data
================================================================================

  Data dir:   ./data
================================================================================

[Rank 2/4] device=cuda:2 local_rank=2 cuda_available=True device_count=4 name=NVIDIA A100-SXM4-40GB
[Rank 0/4] device=cuda:0 local_rank=0 cuda_available=True device_count=4 name=NVIDIA A100-SXM4-40GB
[Rank 3/4] device=cuda:3 local_rank=3 cuda_available=True device_count=4 name=NVIDIA A100-SXM4-40GB
[Rank 1/4] device=cuda:1 local_rank=1 cuda_available=True device_count=4 name=NVIDIA A100-SXM4-40GB

================================================================================
Distributed Training: WIDE_RESNET50_2 on CIFAR10
Backend: MPI, Algorithm: ring
================================================================================
Ranks: 4, Epochs: 20, Batch/rank: 32, Effective batch: 128
LR: 0.001, Device: cuda:0

[Setup] Model on cuda:0, wrapped in DDP (static_graph=True)
[Setup] Hook registered: mpi/ring
/lus/eagle/projects/UIC-HPC/mrest/pytorch_mpi_build_sophia/conda/pt-sophia-openmpi/lib/python3.11/site-packages/torchvision/datasets/cifar.py:83: VisibleDeprecationWarning: dtype(): align should be passed as Python or NumPy boolean but got `align=0`. Did you mean to pass a tuple to create a subarray type? (Deprecated NumPy 2.4)
  entry = pickle.load(f, encoding="latin1")
/lus/eagle/projects/UIC-HPC/mrest/pytorch_mpi_build_sophia/conda/pt-sophia-openmpi/lib/python3.11/site-packages/torchvision/datasets/cifar.py:83: VisibleDeprecationWarning: dtype(): align should be passed as Python or NumPy boolean but got `align=0`. Did you mean to pass a tuple to create a subarray type? (Deprecated NumPy 2.4)
  entry = pickle.load(f, encoding="latin1")
/lus/eagle/projects/UIC-HPC/mrest/pytorch_mpi_build_sophia/conda/pt-sophia-openmpi/lib/python3.11/site-packages/torchvision/datasets/cifar.py:83: VisibleDeprecationWarning: dtype(): align should be passed as Python or NumPy boolean but got `align=0`. Did you mean to pass a tuple to create a subarray type? (Deprecated NumPy 2.4)
  entry = pickle.load(f, encoding="latin1")
/lus/eagle/projects/UIC-HPC/mrest/pytorch_mpi_build_sophia/conda/pt-sophia-openmpi/lib/python3.11/site-packages/torchvision/datasets/cifar.py:83: VisibleDeprecationWarning: dtype(): align should be passed as Python or NumPy boolean but got `align=0`. Did you mean to pass a tuple to create a subarray type? (Deprecated NumPy 2.4)
  entry = pickle.load(f, encoding="latin1")
[Data] Train batches: 391, Val batches: 79


[Epoch 1] Training... (lr=0.001000)
  Batch [50/391] Loss: 2.2984, Acc: 14.19%
  Batch [100/391] Loss: 2.2193, Acc: 19.06%
  Batch [150/391] Loss: 2.1324, Acc: 23.62%
  Batch [200/391] Loss: 2.0463, Acc: 27.67%
  Batch [250/391] Loss: 1.9730, Acc: 30.45%
  Batch [300/391] Loss: 1.8982, Acc: 33.50%
  Batch [350/391] Loss: 1.8336, Acc: 35.91%
[Epoch 1] Train Loss: 1.7859, Acc: 37.66%  |  Val Loss: 2.5645, Acc: 53.40%  |  Time: 19.7s
  -> Best model saved (53.40%)
[Epoch 1] Summarizing hook timing...

[HOOK_TIMING_SUMMARY] epoch=1
[HOOK_WORK_SUMMARY] label=mpi:ring calls=3114 work_total_ms=5672.973 work_mean_ms=1.822 work_min_ms=0.898 work_max_ms=69.364
[HOOK_TAIL_SUMMARY] label=mpi:ring steps=392 tail_total_ms=1243.473 tail_mean_ms=3.172 tail_min_ms=1.226 tail_max_ms=222.761
[Epoch 1] Hook timing summary done

[Epoch 2] Training... (lr=0.000994)
  Batch [50/391] Loss: 1.3269, Acc: 52.94%
  Batch [100/391] Loss: 1.3041, Acc: 54.03%
  Batch [150/391] Loss: 1.2803, Acc: 54.75%
  Batch [200/391] Loss: 1.2555, Acc: 55.81%
  Batch [250/391] Loss: 1.2224, Acc: 57.21%
  Batch [300/391] Loss: 1.2082, Acc: 57.72%
  Batch [350/391] Loss: 1.1971, Acc: 57.96%
[Epoch 2] Train Loss: 1.1829, Acc: 58.50%  |  Val Loss: 1.0917, Acc: 66.40%  |  Time: 14.6s
  -> Best model saved (66.40%)
[Epoch 2] Summarizing hook timing...

[HOOK_TIMING_SUMMARY] epoch=2
[HOOK_WORK_SUMMARY] label=mpi:ring calls=3128 work_total_ms=4981.468 work_mean_ms=1.593 work_min_ms=0.968 work_max_ms=6.047
[HOOK_TAIL_SUMMARY] label=mpi:ring steps=391 tail_total_ms=668.037 tail_mean_ms=1.709 tail_min_ms=1.235 tail_max_ms=6.674
[Epoch 2] Hook timing summary done

[Epoch 3] Training... (lr=0.000976)
  Batch [50/391] Loss: 1.0628, Acc: 60.81%
  Batch [100/391] Loss: 1.0478, Acc: 62.12%
  Batch [150/391] Loss: 1.0195, Acc: 63.35%
  Batch [200/391] Loss: 1.0106, Acc: 63.97%
  Batch [250/391] Loss: 0.9966, Acc: 64.47%
  Batch [300/391] Loss: 0.9917, Acc: 64.82%
  Batch [350/391] Loss: 0.9796, Acc: 65.38%
[Epoch 3] Train Loss: 0.9746, Acc: 65.45%  |  Val Loss: 1.0736, Acc: 70.72%  |  Time: 14.6s
  -> Best model saved (70.72%)
[Epoch 3] Summarizing hook timing...

[HOOK_TIMING_SUMMARY] epoch=3
[HOOK_WORK_SUMMARY] label=mpi:ring calls=3128 work_total_ms=4918.580 work_mean_ms=1.572 work_min_ms=0.892 work_max_ms=6.319
[HOOK_TAIL_SUMMARY] label=mpi:ring steps=391 tail_total_ms=626.882 tail_mean_ms=1.603 tail_min_ms=1.218 tail_max_ms=7.086
[Epoch 3] Hook timing summary done

[Epoch 4] Training... (lr=0.000946)
  Batch [50/391] Loss: 0.8964, Acc: 68.50%
  Batch [100/391] Loss: 0.8980, Acc: 68.19%
  Batch [150/391] Loss: 0.8710, Acc: 68.88%
  Batch [200/391] Loss: 0.8726, Acc: 69.14%
  Batch [250/391] Loss: 0.8677, Acc: 69.34%
  Batch [300/391] Loss: 0.8644, Acc: 69.33%
  Batch [350/391] Loss: 0.8584, Acc: 69.64%
[Epoch 4] Train Loss: 0.8562, Acc: 69.80%  |  Val Loss: 0.8925, Acc: 73.64%  |  Time: 14.5s
  -> Best model saved (73.64%)
[Epoch 4] Summarizing hook timing...

[HOOK_TIMING_SUMMARY] epoch=4
[HOOK_WORK_SUMMARY] label=mpi:ring calls=3128 work_total_ms=4917.822 work_mean_ms=1.572 work_min_ms=0.991 work_max_ms=4.908
[HOOK_TAIL_SUMMARY] label=mpi:ring steps=391 tail_total_ms=617.355 tail_mean_ms=1.579 tail_min_ms=1.203 tail_max_ms=4.970
[Epoch 4] Hook timing summary done

[Epoch 5] Training... (lr=0.000905)
  Batch [50/391] Loss: 0.7636, Acc: 73.19%
  Batch [100/391] Loss: 0.7833, Acc: 72.09%
  Batch [150/391] Loss: 0.7657, Acc: 72.83%
  Batch [200/391] Loss: 0.7550, Acc: 73.59%
  Batch [250/391] Loss: 0.7650, Acc: 73.24%
  Batch [300/391] Loss: 0.7652, Acc: 73.21%
  Batch [350/391] Loss: 0.7707, Acc: 72.93%
[Epoch 5] Train Loss: 0.7702, Acc: 72.94%  |  Val Loss: 0.7441, Acc: 76.16%  |  Time: 14.6s
  -> Best model saved (76.16%)
[Epoch 5] Summarizing hook timing...

[HOOK_TIMING_SUMMARY] epoch=5
[HOOK_WORK_SUMMARY] label=mpi:ring calls=3128 work_total_ms=5398.370 work_mean_ms=1.726 work_min_ms=1.075 work_max_ms=8.439
[HOOK_TAIL_SUMMARY] label=mpi:ring steps=391 tail_total_ms=894.671 tail_mean_ms=2.288 tail_min_ms=1.178 tail_max_ms=10.069
[Epoch 5] Hook timing summary done

[Epoch 6] Training... (lr=0.000854)
  Batch [50/391] Loss: 0.7507, Acc: 73.94%
  Batch [100/391] Loss: 0.7320, Acc: 74.59%
  Batch [150/391] Loss: 0.7291, Acc: 74.71%
  Batch [200/391] Loss: 0.7178, Acc: 75.14%
  Batch [250/391] Loss: 0.7126, Acc: 75.51%
  Batch [300/391] Loss: 0.7146, Acc: 75.49%
  Batch [350/391] Loss: 0.7157, Acc: 75.48%
[Epoch 6] Train Loss: 0.7111, Acc: 75.54%  |  Val Loss: 0.6815, Acc: 77.32%  |  Time: 14.5s
  -> Best model saved (77.32%)
[Epoch 6] Summarizing hook timing...

[HOOK_TIMING_SUMMARY] epoch=6
[HOOK_WORK_SUMMARY] label=mpi:ring calls=3128 work_total_ms=5208.292 work_mean_ms=1.665 work_min_ms=1.082 work_max_ms=4.876
[HOOK_TAIL_SUMMARY] label=mpi:ring steps=391 tail_total_ms=781.416 tail_mean_ms=1.999 tail_min_ms=1.294 tail_max_ms=4.940
[Epoch 6] Hook timing summary done

[Epoch 7] Training... (lr=0.000794)
  Batch [50/391] Loss: 0.7281, Acc: 75.25%
  Batch [100/391] Loss: 0.6886, Acc: 76.00%
  Batch [150/391] Loss: 0.6771, Acc: 76.29%
  Batch [200/391] Loss: 0.6689, Acc: 76.44%
  Batch [250/391] Loss: 0.6611, Acc: 76.79%
  Batch [300/391] Loss: 0.6478, Acc: 77.36%
  Batch [350/391] Loss: 0.6485, Acc: 77.36%
[Epoch 7] Train Loss: 0.6496, Acc: 77.38%  |  Val Loss: 0.6082, Acc: 79.60%  |  Time: 14.4s
  -> Best model saved (79.60%)
[Epoch 7] Summarizing hook timing...

[HOOK_TIMING_SUMMARY] epoch=7
[HOOK_WORK_SUMMARY] label=mpi:ring calls=3128 work_total_ms=5190.349 work_mean_ms=1.659 work_min_ms=1.072 work_max_ms=3.343
[HOOK_TAIL_SUMMARY] label=mpi:ring steps=391 tail_total_ms=783.161 tail_mean_ms=2.003 tail_min_ms=1.240 tail_max_ms=3.264
[Epoch 7] Hook timing summary done

[Epoch 8] Training... (lr=0.000727)
  Batch [50/391] Loss: 0.6412, Acc: 78.69%
  Batch [100/391] Loss: 0.6256, Acc: 79.03%
  Batch [150/391] Loss: 0.6568, Acc: 77.96%
  Batch [200/391] Loss: 0.6422, Acc: 78.56%
  Batch [250/391] Loss: 0.6404, Acc: 78.26%
  Batch [300/391] Loss: 0.6378, Acc: 78.25%
  Batch [350/391] Loss: 0.6404, Acc: 78.10%
[Epoch 8] Train Loss: 0.6373, Acc: 78.09%  |  Val Loss: 0.6432, Acc: 77.96%  |  Time: 14.4s
[Epoch 8] Summarizing hook timing...

[HOOK_TIMING_SUMMARY] epoch=8
[HOOK_WORK_SUMMARY] label=mpi:ring calls=3128 work_total_ms=5211.726 work_mean_ms=1.666 work_min_ms=1.062 work_max_ms=3.534
[HOOK_TAIL_SUMMARY] label=mpi:ring steps=391 tail_total_ms=763.311 tail_mean_ms=1.952 tail_min_ms=1.240 tail_max_ms=3.646
[Epoch 8] Hook timing summary done

[Epoch 9] Training... (lr=0.000655)
  Batch [50/391] Loss: 0.6385, Acc: 76.81%
  Batch [100/391] Loss: 0.6193, Acc: 78.25%
  Batch [150/391] Loss: 0.6110, Acc: 78.92%
  Batch [200/391] Loss: 0.6130, Acc: 78.91%
  Batch [250/391] Loss: 0.6071, Acc: 79.09%
  Batch [300/391] Loss: 0.6037, Acc: 79.35%
  Batch [350/391] Loss: 0.5977, Acc: 79.60%
[Epoch 9] Train Loss: 0.5958, Acc: 79.61%  |  Val Loss: 0.5596, Acc: 80.64%  |  Time: 14.4s
  -> Best model saved (80.64%)
[Epoch 9] Summarizing hook timing...

[HOOK_TIMING_SUMMARY] epoch=9
[HOOK_WORK_SUMMARY] label=mpi:ring calls=3128 work_total_ms=5172.255 work_mean_ms=1.654 work_min_ms=1.072 work_max_ms=4.663
[HOOK_TAIL_SUMMARY] label=mpi:ring steps=391 tail_total_ms=774.773 tail_mean_ms=1.982 tail_min_ms=1.179 tail_max_ms=4.999
[Epoch 9] Hook timing summary done

[Epoch 10] Training... (lr=0.000578)
  Batch [50/391] Loss: 0.5596, Acc: 81.50%
  Batch [100/391] Loss: 0.5623, Acc: 81.38%
  Batch [150/391] Loss: 0.5753, Acc: 81.02%
  Batch [200/391] Loss: 0.5825, Acc: 80.66%
  Batch [250/391] Loss: 0.5847, Acc: 80.34%
  Batch [300/391] Loss: 0.5795, Acc: 80.30%
  Batch [350/391] Loss: 0.5760, Acc: 80.33%
[Epoch 10] Train Loss: 0.5708, Acc: 80.41%  |  Val Loss: 0.6477, Acc: 79.32%  |  Time: 14.5s
[Epoch 10] Summarizing hook timing...

[HOOK_TIMING_SUMMARY] epoch=10
[HOOK_WORK_SUMMARY] label=mpi:ring calls=3128 work_total_ms=5207.956 work_mean_ms=1.665 work_min_ms=1.066 work_max_ms=3.863
[HOOK_TAIL_SUMMARY] label=mpi:ring steps=391 tail_total_ms=797.316 tail_mean_ms=2.039 tail_min_ms=1.219 tail_max_ms=4.059
[Epoch 10] Hook timing summary done

[Epoch 11] Training... (lr=0.000500)
  Batch [50/391] Loss: 0.5411, Acc: 81.19%
  Batch [100/391] Loss: 0.5548, Acc: 80.91%
  Batch [150/391] Loss: 0.5534, Acc: 80.85%
  Batch [200/391] Loss: 0.5597, Acc: 80.42%
  Batch [250/391] Loss: 0.5558, Acc: 80.65%
  Batch [300/391] Loss: 0.5496, Acc: 80.88%
  Batch [350/391] Loss: 0.5464, Acc: 81.03%
[Epoch 11] Train Loss: 0.5504, Acc: 80.94%  |  Val Loss: 0.5826, Acc: 81.84%  |  Time: 14.4s
  -> Best model saved (81.84%)
[Epoch 11] Summarizing hook timing...

[HOOK_TIMING_SUMMARY] epoch=11
[HOOK_WORK_SUMMARY] label=mpi:ring calls=3128 work_total_ms=5179.334 work_mean_ms=1.656 work_min_ms=1.060 work_max_ms=4.876
[HOOK_TAIL_SUMMARY] label=mpi:ring steps=391 tail_total_ms=749.995 tail_mean_ms=1.918 tail_min_ms=1.231 tail_max_ms=2.609
[Epoch 11] Hook timing summary done

[Epoch 12] Training... (lr=0.000422)
  Batch [50/391] Loss: 0.5388, Acc: 80.56%
  Batch [100/391] Loss: 0.5380, Acc: 80.00%
  Batch [150/391] Loss: 0.5417, Acc: 80.48%
  Batch [200/391] Loss: 0.5436, Acc: 80.86%
  Batch [250/391] Loss: 0.5406, Acc: 81.06%
  Batch [300/391] Loss: 0.5353, Acc: 81.31%
  Batch [350/391] Loss: 0.5420, Acc: 81.12%
[Epoch 12] Train Loss: 0.5425, Acc: 81.00%  |  Val Loss: 0.4935, Acc: 83.04%  |  Time: 14.4s
  -> Best model saved (83.04%)
[Epoch 12] Summarizing hook timing...

[HOOK_TIMING_SUMMARY] epoch=12
[HOOK_WORK_SUMMARY] label=mpi:ring calls=3128 work_total_ms=5203.062 work_mean_ms=1.663 work_min_ms=1.092 work_max_ms=3.547
[HOOK_TAIL_SUMMARY] label=mpi:ring steps=391 tail_total_ms=768.046 tail_mean_ms=1.964 tail_min_ms=1.214 tail_max_ms=4.346
[Epoch 12] Hook timing summary done

[Epoch 13] Training... (lr=0.000345)
  Batch [50/391] Loss: 0.5361, Acc: 81.69%
  Batch [100/391] Loss: 0.5100, Acc: 82.84%
  Batch [150/391] Loss: 0.5245, Acc: 82.12%
  Batch [200/391] Loss: 0.5244, Acc: 81.77%
  Batch [250/391] Loss: 0.5198, Acc: 82.10%
  Batch [300/391] Loss: 0.5198, Acc: 82.19%
  Batch [350/391] Loss: 0.5202, Acc: 82.12%
[Epoch 13] Train Loss: 0.5187, Acc: 82.18%  |  Val Loss: 0.5755, Acc: 81.40%  |  Time: 14.4s
[Epoch 13] Summarizing hook timing...

[HOOK_TIMING_SUMMARY] epoch=13
[HOOK_WORK_SUMMARY] label=mpi:ring calls=3128 work_total_ms=5215.193 work_mean_ms=1.667 work_min_ms=0.947 work_max_ms=3.550
[HOOK_TAIL_SUMMARY] label=mpi:ring steps=391 tail_total_ms=767.258 tail_mean_ms=1.962 tail_min_ms=1.287 tail_max_ms=3.646
[Epoch 13] Hook timing summary done

[Epoch 14] Training... (lr=0.000273)
  Batch [50/391] Loss: 0.5099, Acc: 82.56%
  Batch [100/391] Loss: 0.5199, Acc: 81.88%
  Batch [150/391] Loss: 0.5160, Acc: 81.90%
  Batch [200/391] Loss: 0.5125, Acc: 81.97%
  Batch [250/391] Loss: 0.5116, Acc: 82.11%
  Batch [300/391] Loss: 0.5105, Acc: 82.22%
  Batch [350/391] Loss: 0.5111, Acc: 82.12%
[Epoch 14] Train Loss: 0.5098, Acc: 82.06%  |  Val Loss: 0.5116, Acc: 82.76%  |  Time: 14.5s
[Epoch 14] Summarizing hook timing...

[HOOK_TIMING_SUMMARY] epoch=14
[HOOK_WORK_SUMMARY] label=mpi:ring calls=3128 work_total_ms=5201.539 work_mean_ms=1.663 work_min_ms=0.944 work_max_ms=4.668
[HOOK_TAIL_SUMMARY] label=mpi:ring steps=391 tail_total_ms=778.096 tail_mean_ms=1.990 tail_min_ms=1.245 tail_max_ms=3.630
[Epoch 14] Hook timing summary done

[Epoch 15] Training... (lr=0.000206)
  Batch [50/391] Loss: 0.5022, Acc: 82.94%
  Batch [100/391] Loss: 0.5039, Acc: 82.84%
  Batch [150/391] Loss: 0.4945, Acc: 83.23%
  Batch [200/391] Loss: 0.4973, Acc: 83.05%
  Batch [250/391] Loss: 0.4917, Acc: 83.12%
  Batch [300/391] Loss: 0.4987, Acc: 82.95%
  Batch [350/391] Loss: 0.4955, Acc: 83.08%
[Epoch 15] Train Loss: 0.4953, Acc: 83.00%  |  Val Loss: 0.5006, Acc: 83.40%  |  Time: 14.5s
  -> Best model saved (83.40%)
[Epoch 15] Summarizing hook timing...

[HOOK_TIMING_SUMMARY] epoch=15
[HOOK_WORK_SUMMARY] label=mpi:ring calls=3128 work_total_ms=5256.832 work_mean_ms=1.681 work_min_ms=1.077 work_max_ms=4.624
[HOOK_TAIL_SUMMARY] label=mpi:ring steps=391 tail_total_ms=833.545 tail_mean_ms=2.132 tail_min_ms=1.221 tail_max_ms=2.806
[Epoch 15] Hook timing summary done

[Epoch 16] Training... (lr=0.000146)
  Batch [50/391] Loss: 0.4931, Acc: 83.62%
  Batch [100/391] Loss: 0.4953, Acc: 83.44%
  Batch [150/391] Loss: 0.4914, Acc: 83.56%
  Batch [200/391] Loss: 0.4865, Acc: 83.55%
  Batch [250/391] Loss: 0.4827, Acc: 83.72%
  Batch [300/391] Loss: 0.4826, Acc: 83.56%
  Batch [350/391] Loss: 0.4824, Acc: 83.61%
[Epoch 16] Train Loss: 0.4782, Acc: 83.69%  |  Val Loss: 0.5701, Acc: 81.16%  |  Time: 14.5s
[Epoch 16] Summarizing hook timing...

[HOOK_TIMING_SUMMARY] epoch=16
[HOOK_WORK_SUMMARY] label=mpi:ring calls=3128 work_total_ms=5231.354 work_mean_ms=1.672 work_min_ms=0.898 work_max_ms=4.512
[HOOK_TAIL_SUMMARY] label=mpi:ring steps=391 tail_total_ms=800.458 tail_mean_ms=2.047 tail_min_ms=1.217 tail_max_ms=3.587
[Epoch 16] Hook timing summary done

[Epoch 17] Training... (lr=0.000095)
  Batch [50/391] Loss: 0.4985, Acc: 82.69%
  Batch [100/391] Loss: 0.4765, Acc: 83.56%
  Batch [150/391] Loss: 0.4947, Acc: 83.02%
  Batch [200/391] Loss: 0.4934, Acc: 82.97%
  Batch [250/391] Loss: 0.4924, Acc: 83.04%
  Batch [300/391] Loss: 0.4950, Acc: 82.85%
  Batch [350/391] Loss: 0.4931, Acc: 82.84%
[Epoch 17] Train Loss: 0.4984, Acc: 82.66%  |  Val Loss: 0.5104, Acc: 83.16%  |  Time: 14.4s
[Epoch 17] Summarizing hook timing...

[HOOK_TIMING_SUMMARY] epoch=17
[HOOK_WORK_SUMMARY] label=mpi:ring calls=3128 work_total_ms=5172.259 work_mean_ms=1.654 work_min_ms=1.084 work_max_ms=3.959
[HOOK_TAIL_SUMMARY] label=mpi:ring steps=391 tail_total_ms=760.839 tail_mean_ms=1.946 tail_min_ms=1.200 tail_max_ms=3.987
[Epoch 17] Hook timing summary done

[Epoch 18] Training... (lr=0.000054)
  Batch [50/391] Loss: 0.4814, Acc: 82.69%
  Batch [100/391] Loss: 0.5033, Acc: 82.50%
  Batch [150/391] Loss: 0.4966, Acc: 82.94%
  Batch [200/391] Loss: 0.4899, Acc: 83.30%
  Batch [250/391] Loss: 0.4961, Acc: 83.09%
  Batch [300/391] Loss: 0.4914, Acc: 83.27%
  Batch [350/391] Loss: 0.4915, Acc: 83.24%
[Epoch 18] Train Loss: 0.4937, Acc: 83.22%  |  Val Loss: 0.5490, Acc: 82.16%  |  Time: 14.4s
[Epoch 18] Summarizing hook timing...

[HOOK_TIMING_SUMMARY] epoch=18
[HOOK_WORK_SUMMARY] label=mpi:ring calls=3128 work_total_ms=5168.521 work_mean_ms=1.652 work_min_ms=1.079 work_max_ms=2.916
[HOOK_TAIL_SUMMARY] label=mpi:ring steps=391 tail_total_ms=752.412 tail_mean_ms=1.924 tail_min_ms=1.195 tail_max_ms=2.530
[Epoch 18] Hook timing summary done

[Epoch 19] Training... (lr=0.000024)
  Batch [50/391] Loss: 0.4690, Acc: 83.94%
  Batch [100/391] Loss: 0.4739, Acc: 83.50%
  Batch [150/391] Loss: 0.4806, Acc: 83.27%
  Batch [200/391] Loss: 0.4913, Acc: 83.08%
  Batch [250/391] Loss: 0.4946, Acc: 82.74%
  Batch [300/391] Loss: 0.4869, Acc: 83.08%
  Batch [350/391] Loss: 0.4819, Acc: 83.16%
[Epoch 19] Train Loss: 0.4831, Acc: 83.16%  |  Val Loss: 0.6039, Acc: 81.00%  |  Time: 14.4s
[Epoch 19] Summarizing hook timing...

[HOOK_TIMING_SUMMARY] epoch=19
[HOOK_WORK_SUMMARY] label=mpi:ring calls=3128 work_total_ms=5166.235 work_mean_ms=1.652 work_min_ms=1.079 work_max_ms=2.801
[HOOK_TAIL_SUMMARY] label=mpi:ring steps=391 tail_total_ms=747.697 tail_mean_ms=1.912 tail_min_ms=1.186 tail_max_ms=2.677
[Epoch 19] Hook timing summary done

[Epoch 20] Training... (lr=0.000006)
  Batch [50/391] Loss: 0.4524, Acc: 85.62%
  Batch [100/391] Loss: 0.4680, Acc: 84.50%
  Batch [150/391] Loss: 0.4733, Acc: 84.25%
  Batch [200/391] Loss: 0.4663, Acc: 84.30%
  Batch [250/391] Loss: 0.4712, Acc: 84.06%
  Batch [300/391] Loss: 0.4703, Acc: 83.90%
  Batch [350/391] Loss: 0.4764, Acc: 83.63%
[Epoch 20] Train Loss: 0.4744, Acc: 83.84%  |  Val Loss: 0.5459, Acc: 81.60%  |  Time: 14.4s
[Epoch 20] Summarizing hook timing...

[HOOK_TIMING_SUMMARY] epoch=20
[HOOK_WORK_SUMMARY] label=mpi:ring calls=3128 work_total_ms=5182.578 work_mean_ms=1.657 work_min_ms=0.980 work_max_ms=3.605
[HOOK_TAIL_SUMMARY] label=mpi:ring steps=391 tail_total_ms=754.204 tail_mean_ms=1.929 tail_min_ms=1.195 tail_max_ms=2.899
[Epoch 20] Hook timing summary done

================================================================================
Done in 308.5s | Best val acc: 83.40%
Epoch times: mean=14.7s  min=14.4s  max=19.7s
================================================================================
=== Finished training: model=wide_resnet50_2, dataset=cifar10, batch=32, lr=0.001, scheduler=cosine, backend=mpi, hook=ring, zfp_rate=none, status=0 at Mon Jun 22 11:18:05 PM UTC 2026 ===
=== Starting training: model=wide_resnet50_2, dataset=cifar10, batch=32, lr=0.001, scheduler=cosine, backend=mpi, hook=ring_zfp_naive, zfp_rate=16 at Mon Jun 22 11:18:05 PM UTC 2026 ===
--------------------------------------------------------------------------
PRTE has detected that the head of the session directory tree (where
scratch files and shared memory backing storage will be placed)
resides on a shared file system:

   Directory: /home/mrest/.tmp
   File system type: lustre

For performance reasons, it is strongly recommended that the session
directory be located on a local file system. This can be controlled by
setting the system temporary directory to be used by PRTE using either
the TMPDIR envar or the "prte_tmpdir_base" MCA param.

If you need the temporary directory to be different on remote nodes
from the local one where prterun is running (e.g., when a login node is
being employed), then you can set the local temporary directory using
the "prte_local_tmpdir_base" MCA param and the one to be used on all
other nodes using the "prte_remote_tmpdir_base" param.

This is only a warning advisory and your job will continue. You can
disable this warning in the future by setting the
"prte_silence_shared_fs" MCA param to "1".
--------------------------------------------------------------------------
--------------------------------------------------------------------------
Warning: Could not find the environment variable: LD_PRELOAD
--------------------------------------------------------------------------
--------------------------------------------------------------------------
Warning: Could not find the environment variable: PYTHONPATH
--------------------------------------------------------------------------

================================================================================
DISTRIBUTED TRAINING LAUNCHER
================================================================================
  Model:      wide_resnet50_2 (pretrained)
  Dataset:    cifar10 (10 classes)
  Image size: 32
  Backend:    mpi
  Algorithm:  ring_zfp_naive
  ZFP rate:   16
  Epochs:     20
  Batch/rank: 32
  LR:         0.001
  Scheduler:  cosine
  Warmup:     0
  Grad clip:  None
  Drop last:  False
  Data dir:   ./data
================================================================================


================================================================================
DISTRIBUTED TRAINING LAUNCHER
================================================================================
  Model:      wide_resnet50_2 (pretrained)
  Dataset:    cifar10 (10 classes)
  Image size: 32
  Backend:    mpi
  Algorithm:  ring_zfp_naive
  ZFP rate:   16
  Epochs:     20
  Batch/rank: 32
  LR:         0.001
  Scheduler:  cosine
  Warmup:     0
  Grad clip:  None
  Drop last:  False
  Data dir:   ./data

================================================================================
DISTRIBUTED TRAINING LAUNCHER
================================================================================

================================================================================
  Model:      wide_resnet50_2 (pretrained)
  Dataset:    cifar10 (10 classes)
  Image size: 32
  Backend:    mpi
  Algorithm:  ring_zfp_naive
  ZFP rate:   16
  Epochs:     20

================================================================================
DISTRIBUTED TRAINING LAUNCHER
================================================================================
  Model:      wide_resnet50_2 (pretrained)
  Batch/rank: 32
  LR:         0.001
  Scheduler:  cosine
  Warmup:     0
  Grad clip:  None
  Drop last:  False
  Data dir:   ./data
  Dataset:    cifar10 (10 classes)
  Image size: 32
  Backend:    mpi
  Algorithm:  ring_zfp_naive
  ZFP rate:   16
  Epochs:     20
================================================================================

  Batch/rank: 32
  LR:         0.001
  Scheduler:  cosine
  Warmup:     0
  Grad clip:  None
  Drop last:  False
  Data dir:   ./data
================================================================================

[Rank 1/4] device=cuda:1 local_rank=1 cuda_available=True device_count=4 name=NVIDIA A100-SXM4-40GB
[Rank 3/4] device=cuda:3 local_rank=3 cuda_available=True device_count=4 name=NVIDIA A100-SXM4-40GB
[Rank 0/4] device=cuda:0 local_rank=0 cuda_available=True device_count=4 name=NVIDIA A100-SXM4-40GB
[Rank 2/4] device=cuda:2 local_rank=2 cuda_available=True device_count=4 name=NVIDIA A100-SXM4-40GB

================================================================================
Distributed Training: WIDE_RESNET50_2 on CIFAR10
Backend: MPI, Algorithm: ring_zfp_naive
================================================================================
Ranks: 4, Epochs: 20, Batch/rank: 32, Effective batch: 128
LR: 0.001, Device: cuda:0

[Setup] Model on cuda:0, wrapped in DDP (static_graph=True)
[Setup] Hook registered: mpi/ring_zfp_naive
/lus/eagle/projects/UIC-HPC/mrest/pytorch_mpi_build_sophia/conda/pt-sophia-openmpi/lib/python3.11/site-packages/torchvision/datasets/cifar.py:83: VisibleDeprecationWarning: dtype(): align should be passed as Python or NumPy boolean but got `align=0`. Did you mean to pass a tuple to create a subarray type? (Deprecated NumPy 2.4)
  entry = pickle.load(f, encoding="latin1")
/lus/eagle/projects/UIC-HPC/mrest/pytorch_mpi_build_sophia/conda/pt-sophia-openmpi/lib/python3.11/site-packages/torchvision/datasets/cifar.py:83: VisibleDeprecationWarning: dtype(): align should be passed as Python or NumPy boolean but got `align=0`. Did you mean to pass a tuple to create a subarray type? (Deprecated NumPy 2.4)
  entry = pickle.load(f, encoding="latin1")
/lus/eagle/projects/UIC-HPC/mrest/pytorch_mpi_build_sophia/conda/pt-sophia-openmpi/lib/python3.11/site-packages/torchvision/datasets/cifar.py:83: VisibleDeprecationWarning: dtype(): align should be passed as Python or NumPy boolean but got `align=0`. Did you mean to pass a tuple to create a subarray type? (Deprecated NumPy 2.4)
  entry = pickle.load(f, encoding="latin1")
/lus/eagle/projects/UIC-HPC/mrest/pytorch_mpi_build_sophia/conda/pt-sophia-openmpi/lib/python3.11/site-packages/torchvision/datasets/cifar.py:83: VisibleDeprecationWarning: dtype(): align should be passed as Python or NumPy boolean but got `align=0`. Did you mean to pass a tuple to create a subarray type? (Deprecated NumPy 2.4)
  entry = pickle.load(f, encoding="latin1")
[Data] Train batches: 391, Val batches: 79


[Epoch 1] Training... (lr=0.001000)
[rank2]: Traceback (most recent call last):
[rank2]:   File "/home/mrest/mpiAllReduceCompressed/zfp_cuda.py", line 24, in <module>
[rank2]:     import framework_allreduce_zfp_cuda as _EXT
[rank2]: ModuleNotFoundError: No module named 'framework_allreduce_zfp_cuda'

[rank2]: The above exception was the direct cause of the following exception:

[rank2]: Traceback (most recent call last):
[rank2]:   File "/home/mrest/mpiAllReduceCompressed/communication_strategy.py", line 97, in <module>
[rank2]:     from zfp_cuda import (
[rank2]:   File "/home/mrest/mpiAllReduceCompressed/zfp_cuda.py", line 26, in <module>
[rank2]:     raise ImportError(
[rank2]: ImportError: Could not import `framework_allreduce_zfp_cuda`.

[rank2]: You must build/install the extension once in this conda env (outside the distributed training run), e.g.:

[rank2]:   python -m pip install -v --no-deps /path/to/extension_dir

[rank2]: After that, re-run training and this module will just import the .so.

[rank2]: The above exception was the direct cause of the following exception:

[rank2]: Traceback (most recent call last):
[rank2]:   File "/home/mrest/mpiAllReduceCompressed/interface.py", line 203, in <module>
[rank2]:     train(config)
[rank2]:   File "/home/mrest/mpiAllReduceCompressed/ddp_training.py", line 405, in train
[rank2]:     train_loss, train_acc = train_epoch(
[rank2]:                             ^^^^^^^^^^^^
[rank2]:   File "/home/mrest/mpiAllReduceCompressed/ddp_training.py", line 97, in train_epoch
[rank2]:     loss.backward()
[rank2]:   File "/lus/eagle/projects/UIC-HPC/mrest/pytorch_mpi_build_sophia/conda/pt-sophia-openmpi/lib/python3.11/site-packages/torch/_tensor.py", line 647, in backward
[rank2]:     torch.autograd.backward(
[rank2]:   File "/lus/eagle/projects/UIC-HPC/mrest/pytorch_mpi_build_sophia/conda/pt-sophia-openmpi/lib/python3.11/site-packages/torch/autograd/__init__.py", line 354, in backward
[rank2]:     _engine_run_backward(
[rank2]:   File "/lus/eagle/projects/UIC-HPC/mrest/pytorch_mpi_build_sophia/conda/pt-sophia-openmpi/lib/python3.11/site-packages/torch/autograd/graph.py", line 829, in _engine_run_backward
[rank2]:     return Variable._execution_engine.run_backward(  # Calls into the C++ engine to run the backward pass
[rank2]:            ^^^^^^^^^^^^^^^^^^^^^^^^^^^^^^^^^^^^^^^^^^^^^^^^^^^^^^^^^^^^^^^^^^^^^^^^^^^^^^^^^^^^^^^^^^^^^^
[rank2]:   File "/home/mrest/mpiAllReduceCompressed/communication_strategy.py", line 2399, in hook
[rank2]:     return _profiled_hook(profile_label, base_hook, state_obj, bucket)
[rank2]:            ^^^^^^^^^^^^^^^^^^^^^^^^^^^^^^^^^^^^^^^^^^^^^^^^^^^^^^^^^^^
[rank2]:   File "/home/mrest/mpiAllReduceCompressed/communication_strategy.py", line 332, in _profiled_hook
[rank2]:     fut = hook_fn(state, bucket)
[rank2]:           ^^^^^^^^^^^^^^^^^^^^^^
[rank2]:   File "/home/mrest/mpiAllReduceCompressed/communication_strategy.py", line 1318, in _ring_allreduce_zfp_hook
[rank2]:     bstate = state.get_or_init(bucket_index, tensor, world_size)
[rank2]:              ^^^^^^^^^^^^^^^^^^^^^^^^^^^^^^^^^^^^^^^^^^^^^^^^^^^
[rank2]:   File "/home/mrest/mpiAllReduceCompressed/communication_strategy.py", line 1157, in get_or_init
[rank2]:     bs.initialize(tensor, world_size, bucket_index, self.rate)            
[rank2]:     ^^^^^^^^^^^^^^^^^^^^^^^^^^^^^^^^^^^^^^^^^^^^^^^^^^^^^^^^^^
[rank2]:   File "/home/mrest/mpiAllReduceCompressed/communication_strategy.py", line 1087, in initialize
[rank2]:     _require_zfp_cuda()
[rank2]:   File "/home/mrest/mpiAllReduceCompressed/communication_strategy.py", line 572, in _require_zfp_cuda
[rank2]:     raise RuntimeError(
[rank2]: RuntimeError: ZFP CUDA support is unavailable. Build/runtime error while importing `zfp_cuda.py`. Ensure libzfp with CUDA support is installed and `ZFP_HOME` is set if needed.
[rank1]: Traceback (most recent call last):
[rank1]:   File "/home/mrest/mpiAllReduceCompressed/zfp_cuda.py", line 24, in <module>
[rank1]:     import framework_allreduce_zfp_cuda as _EXT
[rank1]: ModuleNotFoundError: No module named 'framework_allreduce_zfp_cuda'

[rank1]: The above exception was the direct cause of the following exception:

[rank1]: Traceback (most recent call last):
[rank1]:   File "/home/mrest/mpiAllReduceCompressed/communication_strategy.py", line 97, in <module>
[rank1]:     from zfp_cuda import (
[rank1]:   File "/home/mrest/mpiAllReduceCompressed/zfp_cuda.py", line 26, in <module>
[rank1]:     raise ImportError(
[rank1]: ImportError: Could not import `framework_allreduce_zfp_cuda`.

[rank1]: You must build/install the extension once in this conda env (outside the distributed training run), e.g.:

[rank1]:   python -m pip install -v --no-deps /path/to/extension_dir

[rank1]: After that, re-run training and this module will just import the .so.

[rank1]: The above exception was the direct cause of the following exception:

[rank1]: Traceback (most recent call last):
[rank1]:   File "/home/mrest/mpiAllReduceCompressed/interface.py", line 203, in <module>
[rank1]:     train(config)
[rank1]:   File "/home/mrest/mpiAllReduceCompressed/ddp_training.py", line 405, in train
[rank1]:     train_loss, train_acc = train_epoch(
[rank1]:                             ^^^^^^^^^^^^
[rank1]:   File "/home/mrest/mpiAllReduceCompressed/ddp_training.py", line 97, in train_epoch
[rank1]:     loss.backward()
[rank1]:   File "/lus/eagle/projects/UIC-HPC/mrest/pytorch_mpi_build_sophia/conda/pt-sophia-openmpi/lib/python3.11/site-packages/torch/_tensor.py", line 647, in backward
[rank1]:     torch.autograd.backward(
[rank1]:   File "/lus/eagle/projects/UIC-HPC/mrest/pytorch_mpi_build_sophia/conda/pt-sophia-openmpi/lib/python3.11/site-packages/torch/autograd/__init__.py", line 354, in backward
[rank1]:     _engine_run_backward(
[rank1]:   File "/lus/eagle/projects/UIC-HPC/mrest/pytorch_mpi_build_sophia/conda/pt-sophia-openmpi/lib/python3.11/site-packages/torch/autograd/graph.py", line 829, in _engine_run_backward
[rank1]:     return Variable._execution_engine.run_backward(  # Calls into the C++ engine to run the backward pass
[rank1]:            ^^^^^^^^^^^^^^^^^^^^^^^^^^^^^^^^^^^^^^^^^^^^^^^^^^^^^^^^^^^^^^^^^^^^^^^^^^^^^^^^^^^^^^^^^^^^^^
[rank1]:   File "/home/mrest/mpiAllReduceCompressed/communication_strategy.py", line 2399, in hook
[rank1]:     return _profiled_hook(profile_label, base_hook, state_obj, bucket)
[rank1]:            ^^^^^^^^^^^^^^^^^^^^^^^^^^^^^^^^^^^^^^^^^^^^^^^^^^^^^^^^^^^
[rank1]:   File "/home/mrest/mpiAllReduceCompressed/communication_strategy.py", line 332, in _profiled_hook
[rank1]:     fut = hook_fn(state, bucket)
[rank1]:           ^^^^^^^^^^^^^^^^^^^^^^
[rank1]:   File "/home/mrest/mpiAllReduceCompressed/communication_strategy.py", line 1318, in _ring_allreduce_zfp_hook
[rank1]:     bstate = state.get_or_init(bucket_index, tensor, world_size)
[rank1]:              ^^^^^^^^^^^^^^^^^^^^^^^^^^^^^^^^^^^^^^^^^^^^^^^^^^^
[rank1]:   File "/home/mrest/mpiAllReduceCompressed/communication_strategy.py", line 1157, in get_or_init
[rank1]:     bs.initialize(tensor, world_size, bucket_index, self.rate)            
[rank1]:     ^^^^^^^^^^^^^^^^^^^^^^^^^^^^^^^^^^^^^^^^^^^^^^^^^^^^^^^^^^
[rank1]:   File "/home/mrest/mpiAllReduceCompressed/communication_strategy.py", line 1087, in initialize
[rank1]:     _require_zfp_cuda()
[rank1]:   File "/home/mrest/mpiAllReduceCompressed/communication_strategy.py", line 572, in _require_zfp_cuda
[rank1]:     raise RuntimeError(
[rank1]: RuntimeError: ZFP CUDA support is unavailable. Build/runtime error while importing `zfp_cuda.py`. Ensure libzfp with CUDA support is installed and `ZFP_HOME` is set if needed.
[rank3]: Traceback (most recent call last):
[rank3]:   File "/home/mrest/mpiAllReduceCompressed/zfp_cuda.py", line 24, in <module>
[rank3]:     import framework_allreduce_zfp_cuda as _EXT
[rank3]: ModuleNotFoundError: No module named 'framework_allreduce_zfp_cuda'

[rank3]: The above exception was the direct cause of the following exception:

[rank3]: Traceback (most recent call last):
[rank3]:   File "/home/mrest/mpiAllReduceCompressed/communication_strategy.py", line 97, in <module>
[rank3]:     from zfp_cuda import (
[rank3]:   File "/home/mrest/mpiAllReduceCompressed/zfp_cuda.py", line 26, in <module>
[rank3]:     raise ImportError(
[rank3]: ImportError: Could not import `framework_allreduce_zfp_cuda`.

[rank3]: You must build/install the extension once in this conda env (outside the distributed training run), e.g.:

[rank3]:   python -m pip install -v --no-deps /path/to/extension_dir

[rank3]: After that, re-run training and this module will just import the .so.

[rank3]: The above exception was the direct cause of the following exception:

[rank3]: Traceback (most recent call last):
[rank3]:   File "/home/mrest/mpiAllReduceCompressed/interface.py", line 203, in <module>
[rank3]:     train(config)
[rank3]:   File "/home/mrest/mpiAllReduceCompressed/ddp_training.py", line 405, in train
[rank3]:     train_loss, train_acc = train_epoch(
[rank3]:                             ^^^^^^^^^^^^
[rank3]:   File "/home/mrest/mpiAllReduceCompressed/ddp_training.py", line 97, in train_epoch
[rank3]:     loss.backward()
[rank3]:   File "/lus/eagle/projects/UIC-HPC/mrest/pytorch_mpi_build_sophia/conda/pt-sophia-openmpi/lib/python3.11/site-packages/torch/_tensor.py", line 647, in backward
[rank3]:     torch.autograd.backward(
[rank3]:   File "/lus/eagle/projects/UIC-HPC/mrest/pytorch_mpi_build_sophia/conda/pt-sophia-openmpi/lib/python3.11/site-packages/torch/autograd/__init__.py", line 354, in backward
[rank3]:     _engine_run_backward(
[rank3]:   File "/lus/eagle/projects/UIC-HPC/mrest/pytorch_mpi_build_sophia/conda/pt-sophia-openmpi/lib/python3.11/site-packages/torch/autograd/graph.py", line 829, in _engine_run_backward
[rank3]:     return Variable._execution_engine.run_backward(  # Calls into the C++ engine to run the backward pass
[rank3]:            ^^^^^^^^^^^^^^^^^^^^^^^^^^^^^^^^^^^^^^^^^^^^^^^^^^^^^^^^^^^^^^^^^^^^^^^^^^^^^^^^^^^^^^^^^^^^^^
[rank3]:   File "/home/mrest/mpiAllReduceCompressed/communication_strategy.py", line 2399, in hook
[rank3]:     return _profiled_hook(profile_label, base_hook, state_obj, bucket)
[rank3]:            ^^^^^^^^^^^^^^^^^^^^^^^^^^^^^^^^^^^^^^^^^^^^^^^^^^^^^^^^^^^
[rank3]:   File "/home/mrest/mpiAllReduceCompressed/communication_strategy.py", line 332, in _profiled_hook
[rank3]:     fut = hook_fn(state, bucket)
[rank3]:           ^^^^^^^^^^^^^^^^^^^^^^
[rank3]:   File "/home/mrest/mpiAllReduceCompressed/communication_strategy.py", line 1318, in _ring_allreduce_zfp_hook
[rank3]:     bstate = state.get_or_init(bucket_index, tensor, world_size)
[rank3]:              ^^^^^^^^^^^^^^^^^^^^^^^^^^^^^^^^^^^^^^^^^^^^^^^^^^^
[rank3]:   File "/home/mrest/mpiAllReduceCompressed/communication_strategy.py", line 1157, in get_or_init
[rank3]:     bs.initialize(tensor, world_size, bucket_index, self.rate)            
[rank3]:     ^^^^^^^^^^^^^^^^^^^^^^^^^^^^^^^^^^^^^^^^^^^^^^^^^^^^^^^^^^
[rank3]:   File "/home/mrest/mpiAllReduceCompressed/communication_strategy.py", line 1087, in initialize
[rank3]:     _require_zfp_cuda()
[rank3]:   File "/home/mrest/mpiAllReduceCompressed/communication_strategy.py", line 572, in _require_zfp_cuda
[rank3]:     raise RuntimeError(
[rank3]: RuntimeError: ZFP CUDA support is unavailable. Build/runtime error while importing `zfp_cuda.py`. Ensure libzfp with CUDA support is installed and `ZFP_HOME` is set if needed.
[rank0]: Traceback (most recent call last):
[rank0]:   File "/home/mrest/mpiAllReduceCompressed/zfp_cuda.py", line 24, in <module>
[rank0]:     import framework_allreduce_zfp_cuda as _EXT
[rank0]: ModuleNotFoundError: No module named 'framework_allreduce_zfp_cuda'

[rank0]: The above exception was the direct cause of the following exception:

[rank0]: Traceback (most recent call last):
[rank0]:   File "/home/mrest/mpiAllReduceCompressed/communication_strategy.py", line 97, in <module>
[rank0]:     from zfp_cuda import (
[rank0]:   File "/home/mrest/mpiAllReduceCompressed/zfp_cuda.py", line 26, in <module>
[rank0]:     raise ImportError(
[rank0]: ImportError: Could not import `framework_allreduce_zfp_cuda`.

[rank0]: You must build/install the extension once in this conda env (outside the distributed training run), e.g.:

[rank0]:   python -m pip install -v --no-deps /path/to/extension_dir

[rank0]: After that, re-run training and this module will just import the .so.

[rank0]: The above exception was the direct cause of the following exception:

[rank0]: Traceback (most recent call last):
[rank0]:   File "/home/mrest/mpiAllReduceCompressed/interface.py", line 203, in <module>
[rank0]:     train(config)
[rank0]:   File "/home/mrest/mpiAllReduceCompressed/ddp_training.py", line 405, in train
[rank0]:     train_loss, train_acc = train_epoch(
[rank0]:                             ^^^^^^^^^^^^
[rank0]:   File "/home/mrest/mpiAllReduceCompressed/ddp_training.py", line 97, in train_epoch
[rank0]:     loss.backward()
[rank0]:   File "/lus/eagle/projects/UIC-HPC/mrest/pytorch_mpi_build_sophia/conda/pt-sophia-openmpi/lib/python3.11/site-packages/torch/_tensor.py", line 647, in backward
[rank0]:     torch.autograd.backward(
[rank0]:   File "/lus/eagle/projects/UIC-HPC/mrest/pytorch_mpi_build_sophia/conda/pt-sophia-openmpi/lib/python3.11/site-packages/torch/autograd/__init__.py", line 354, in backward
[rank0]:     _engine_run_backward(
[rank0]:   File "/lus/eagle/projects/UIC-HPC/mrest/pytorch_mpi_build_sophia/conda/pt-sophia-openmpi/lib/python3.11/site-packages/torch/autograd/graph.py", line 829, in _engine_run_backward
[rank0]:     return Variable._execution_engine.run_backward(  # Calls into the C++ engine to run the backward pass
[rank0]:            ^^^^^^^^^^^^^^^^^^^^^^^^^^^^^^^^^^^^^^^^^^^^^^^^^^^^^^^^^^^^^^^^^^^^^^^^^^^^^^^^^^^^^^^^^^^^^^
[rank0]:   File "/home/mrest/mpiAllReduceCompressed/communication_strategy.py", line 2399, in hook
[rank0]:     return _profiled_hook(profile_label, base_hook, state_obj, bucket)
[rank0]:            ^^^^^^^^^^^^^^^^^^^^^^^^^^^^^^^^^^^^^^^^^^^^^^^^^^^^^^^^^^^
[rank0]:   File "/home/mrest/mpiAllReduceCompressed/communication_strategy.py", line 332, in _profiled_hook
[rank0]:     fut = hook_fn(state, bucket)
[rank0]:           ^^^^^^^^^^^^^^^^^^^^^^
[rank0]:   File "/home/mrest/mpiAllReduceCompressed/communication_strategy.py", line 1318, in _ring_allreduce_zfp_hook
[rank0]:     bstate = state.get_or_init(bucket_index, tensor, world_size)
[rank0]:              ^^^^^^^^^^^^^^^^^^^^^^^^^^^^^^^^^^^^^^^^^^^^^^^^^^^
[rank0]:   File "/home/mrest/mpiAllReduceCompressed/communication_strategy.py", line 1157, in get_or_init
[rank0]:     bs.initialize(tensor, world_size, bucket_index, self.rate)            
[rank0]:     ^^^^^^^^^^^^^^^^^^^^^^^^^^^^^^^^^^^^^^^^^^^^^^^^^^^^^^^^^^
[rank0]:   File "/home/mrest/mpiAllReduceCompressed/communication_strategy.py", line 1087, in initialize
[rank0]:     _require_zfp_cuda()
[rank0]:   File "/home/mrest/mpiAllReduceCompressed/communication_strategy.py", line 572, in _require_zfp_cuda
[rank0]:     raise RuntimeError(
[rank0]: RuntimeError: ZFP CUDA support is unavailable. Build/runtime error while importing `zfp_cuda.py`. Ensure libzfp with CUDA support is installed and `ZFP_HOME` is set if needed.
--------------------------------------------------------------------------
prterun detected that one or more processes exited with non-zero status,
thus causing the job to be terminated. The first process to do so was:

   Process name: [prterun-sophia-gpu-05-1354507@1,3]
   Exit code:    1
--------------------------------------------------------------------------
=== Finished training: model=wide_resnet50_2, dataset=cifar10, batch=32, lr=0.001, scheduler=cosine, backend=mpi, hook=ring_zfp_naive, zfp_rate=16, status=1 at Mon Jun 22 11:18:18 PM UTC 2026 ===
=== Stopping job because training failed ===
=== Job started: Tue Jun 23 06:23:29 PM UTC 2026 ===
=== Node: sophia-gpu-01 ===
=== PBS_JOBID: 159925.sophia-pbs-01.lab.alcf.anl.gov ===
=============================================
  Sophia DDP + Installed PyTorch + OpenMPI
=============================================
Node               : sophia-gpu-01
Python             : /lus/eagle/projects/UIC-HPC/mrest/pytorch_mpi_build_sophia/conda/pt-sophia-openmpi/bin/python
NVCC               : /usr/local/cuda-12.9/bin/nvcc
MPI launcher       : /soft/compilers/openmpi/5.0.10/bin/mpirun
CUDA_HOME          : /usr/local/cuda-12.9
PYTORCH_MPI_BUILD  : /lus/eagle/projects/UIC-HPC/mrest/pytorch_mpi_build_sophia
PYTORCH_SOURCE     : /lus/eagle/projects/UIC-HPC/mrest/pytorch_mpi_build_sophia/src/pytorch
EAGLE_PYTHON_PREFIX: /lus/eagle/projects/UIC-HPC/mrest/pytorch_mpi_build_sophia/conda/pt-sophia-openmpi
ZFP_HOME           : /home/mrest/mpiAllReduceCompressed/zfp-install-sophia
PYTHONPATH         : <unset>
=============================================
Python version    : 3.11.14
Python executable : /lus/eagle/projects/UIC-HPC/mrest/pytorch_mpi_build_sophia/conda/pt-sophia-openmpi/bin/python
PyTorch version   : 2.8.0a0
PyTorch location  : /lus/eagle/projects/UIC-HPC/mrest/pytorch_mpi_build_sophia/conda/pt-sophia-openmpi/lib/python3.11/site-packages/torch/__init__.py
Built CUDA        : 12.9
CUDA available    : True 1
MPI available     : True
NCCL available    : True
Gloo available    : True
[WARN] mpi4py check failed: ModuleNotFoundError("No module named 'mpi4py'")
=== Starting training: model=wide_resnet50_2, dataset=cifar10, batch=32, lr=0.001, scheduler=cosine, backend=mpi, hook=none, zfp_rate=none at Tue Jun 23 06:23:32 PM UTC 2026 ===
=== DIAG: running single MPI rank on one GPU (no real allreduce) ===
CUDA_VISIBLE_DEVICES=0
device_count 1
gpu0 NVIDIA A100-SXM4-40GB
--------------------------------------------------------------------------
Warning: Could not find the environment variable: LD_PRELOAD
--------------------------------------------------------------------------
--------------------------------------------------------------------------
Warning: Could not find the environment variable: PYTHONPATH
--------------------------------------------------------------------------

================================================================================
DISTRIBUTED TRAINING LAUNCHER
================================================================================
  Model:      wide_resnet50_2 (pretrained)
  Dataset:    cifar10 (10 classes)
  Image size: 32
  Backend:    mpi
  Algorithm:  built-in (no hook)
  Epochs:     20
  Batch/rank: 32
  LR:         0.001
  Scheduler:  cosine
  Warmup:     0
  Grad clip:  None
  Drop last:  False
  Data dir:   ./data
================================================================================

[Rank 0/1] device=cuda:0 local_rank=0 cuda_available=True device_count=1 name=NVIDIA A100-SXM4-40GB

================================================================================
Distributed Training: WIDE_RESNET50_2 on CIFAR10
Backend: MPI, Algorithm: built-in (no hook)
================================================================================
Ranks: 1, Epochs: 20, Batch/rank: 32, Effective batch: 32
LR: 0.001, Device: cuda:0

[Setup] Model on cuda:0, wrapped in DDP (static_graph=True)
[Setup] No hook — using DDP built-in MPI allreduce
/lus/eagle/projects/UIC-HPC/mrest/pytorch_mpi_build_sophia/conda/pt-sophia-openmpi/lib/python3.11/site-packages/torchvision/datasets/cifar.py:83: VisibleDeprecationWarning: dtype(): align should be passed as Python or NumPy boolean but got `align=0`. Did you mean to pass a tuple to create a subarray type? (Deprecated NumPy 2.4)
  entry = pickle.load(f, encoding="latin1")
[Data] Train batches: 1563, Val batches: 313


[Epoch 1] Training... (lr=0.001000)
  Batch [50/1563] Loss: 2.3017, Acc: 13.88%
  Batch [100/1563] Loss: 2.2096, Acc: 19.75%
  Batch [150/1563] Loss: 2.1153, Acc: 24.65%
  Batch [200/1563] Loss: 2.0341, Acc: 28.12%
  Batch [250/1563] Loss: 1.9663, Acc: 30.59%
  Batch [300/1563] Loss: 1.9001, Acc: 33.00%
  Batch [350/1563] Loss: 1.8469, Acc: 35.05%
  Batch [400/1563] Loss: 1.7946, Acc: 36.91%
  Batch [450/1563] Loss: 1.7475, Acc: 38.60%
  Batch [500/1563] Loss: 1.7037, Acc: 40.21%
  Batch [550/1563] Loss: 1.6668, Acc: 41.51%
  Batch [600/1563] Loss: 1.6339, Acc: 42.77%
  Batch [650/1563] Loss: 1.6004, Acc: 43.96%
  Batch [700/1563] Loss: 1.5662, Acc: 45.21%
  Batch [750/1563] Loss: 1.5397, Acc: 46.12%
  Batch [800/1563] Loss: 1.5102, Acc: 47.21%
  Batch [850/1563] Loss: 1.4870, Acc: 48.03%
  Batch [900/1563] Loss: 1.4607, Acc: 48.99%
  Batch [950/1563] Loss: 1.4392, Acc: 49.69%
  Batch [1000/1563] Loss: 1.4170, Acc: 50.50%
  Batch [1050/1563] Loss: 1.3973, Acc: 51.22%
  Batch [1100/1563] Loss: 1.3770, Acc: 51.91%
  Batch [1150/1563] Loss: 1.3610, Acc: 52.49%
  Batch [1200/1563] Loss: 1.3437, Acc: 53.11%
  Batch [1250/1563] Loss: 1.3275, Acc: 53.67%
  Batch [1300/1563] Loss: 1.3108, Acc: 54.26%
  Batch [1350/1563] Loss: 1.2962, Acc: 54.78%
  Batch [1400/1563] Loss: 1.2829, Acc: 55.25%
  Batch [1450/1563] Loss: 1.2692, Acc: 55.77%
  Batch [1500/1563] Loss: 1.2559, Acc: 56.27%
  Batch [1550/1563] Loss: 1.2442, Acc: 56.69%
[Epoch 1] Train Loss: 1.2409, Acc: 56.79%  |  Val Loss: 0.7816, Acc: 73.16%  |  Time: 264.2s
  -> Best model saved (73.16%)
[Epoch 1] Summarizing hook timing...
[HOOK_TIMING_SUMMARY] epoch=1 no hook timing samples
[Epoch 1] Hook timing summary done

[Epoch 2] Training... (lr=0.000994)
  Batch [50/1563] Loss: 0.8484, Acc: 70.31%
  Batch [100/1563] Loss: 0.8307, Acc: 71.75%
  Batch [150/1563] Loss: 0.8218, Acc: 71.73%
  Batch [200/1563] Loss: 0.8174, Acc: 71.67%
  Batch [250/1563] Loss: 0.8153, Acc: 71.78%
  Batch [300/1563] Loss: 0.8065, Acc: 72.26%
  Batch [350/1563] Loss: 0.8015, Acc: 72.60%
  Batch [400/1563] Loss: 0.8022, Acc: 72.56%
  Batch [450/1563] Loss: 0.7988, Acc: 72.65%
  Batch [500/1563] Loss: 0.7960, Acc: 72.78%
  Batch [550/1563] Loss: 0.7951, Acc: 72.68%
  Batch [600/1563] Loss: 0.7932, Acc: 72.76%
  Batch [650/1563] Loss: 0.7929, Acc: 72.78%
  Batch [700/1563] Loss: 0.7923, Acc: 72.82%
  Batch [750/1563] Loss: 0.7934, Acc: 72.81%
  Batch [800/1563] Loss: 0.7953, Acc: 72.77%
  Batch [850/1563] Loss: 0.7942, Acc: 72.84%
  Batch [900/1563] Loss: 0.7900, Acc: 72.94%
  Batch [950/1563] Loss: 0.7897, Acc: 73.06%
  Batch [1000/1563] Loss: 0.7878, Acc: 73.14%
  Batch [1050/1563] Loss: 0.7843, Acc: 73.24%
  Batch [1100/1563] Loss: 0.7821, Acc: 73.32%
  Batch [1150/1563] Loss: 0.7820, Acc: 73.30%
  Batch [1200/1563] Loss: 0.7801, Acc: 73.38%
  Batch [1250/1563] Loss: 0.7786, Acc: 73.41%
  Batch [1300/1563] Loss: 0.7770, Acc: 73.40%
  Batch [1350/1563] Loss: 0.7730, Acc: 73.55%
  Batch [1400/1563] Loss: 0.7729, Acc: 73.59%
  Batch [1450/1563] Loss: 0.7719, Acc: 73.62%
  Batch [1500/1563] Loss: 0.7696, Acc: 73.72%
  Batch [1550/1563] Loss: 0.7668, Acc: 73.80%
[Epoch 2] Train Loss: 0.7658, Acc: 73.86%  |  Val Loss: 0.7675, Acc: 80.68%  |  Time: 263.7s
  -> Best model saved (80.68%)
[Epoch 2] Summarizing hook timing...
[HOOK_TIMING_SUMMARY] epoch=2 no hook timing samples
[Epoch 2] Hook timing summary done

[Epoch 3] Training... (lr=0.000976)
  Batch [50/1563] Loss: 0.6943, Acc: 75.94%
  Batch [100/1563] Loss: 0.6972, Acc: 75.84%
  Batch [150/1563] Loss: 0.6897, Acc: 75.92%
  Batch [200/1563] Loss: 0.6860, Acc: 75.97%
  Batch [250/1563] Loss: 0.6792, Acc: 76.34%
  Batch [300/1563] Loss: 0.6765, Acc: 76.40%
  Batch [350/1563] Loss: 0.6756, Acc: 76.50%
  Batch [400/1563] Loss: 0.6704, Acc: 76.68%
  Batch [450/1563] Loss: 0.6671, Acc: 76.85%
  Batch [500/1563] Loss: 0.6654, Acc: 76.97%
  Batch [550/1563] Loss: 0.6639, Acc: 77.07%
  Batch [600/1563] Loss: 0.6659, Acc: 77.05%
  Batch [650/1563] Loss: 0.6656, Acc: 77.07%
  Batch [700/1563] Loss: 0.6627, Acc: 77.17%
  Batch [750/1563] Loss: 0.6598, Acc: 77.27%
