=== Job started: Thu Jul 16 05:39:38 AM UTC 2026 ===
=== Node: x3208c0s13b0n0 ===

The following have been reloaded with a version change:
  1) gcc-native/14 => gcc-native/13


The following have been reloaded with a version change:
  1) gcc-native/13 => gcc-native/14.2

[INFO] GTL preloaded: /opt/cray/pe/mpich/9.0.1/ofi/nvidia/23.3/lib/libmpi_gtl_cuda.so
=============================================
  Polaris DDP + Eagle PyTorch + Cray MPICH
=============================================
Node              : x3208c0s13b0n0
ZFP_HOME          : /home/mrest/mpiAllReduceCompressed/zfp-install
GTL               : /opt/cray/pe/mpich/9.0.1/ofi/nvidia/23.3/lib/libmpi_gtl_cuda.so
MPICH_GPU_SUPPORT : 1

PyTorch version   : 2.8.0a0+gitba56102
PyTorch location  : /lus/eagle/projects/UIC-HPC/mrest/pytorch_mpi_build/src/pytorch/torch/__init__.py
CUDA available    : True 4
MPI available     : True
mpi4py            : MPI VERSION    : CRAY MPICH version 9.0.1.498 (ANL base 4.1.2)
mpi4py rank test  : rank 0 OK
=============================================
=== Starting training: model=wide_resnet50_2, dataset=imagenet, batch=32, lr=0.02, scheduler=cosine, backend=mpi, hook=none, zfp_rate=none at Thu Jul 16 05:40:12 AM UTC 2026 ===

================================================================================
DISTRIBUTED TRAINING LAUNCHER
================================================================================
  Model:      wide_resnet50_2 (from scratch)
  Dataset:    imagenet (1000 classes)
  Image size: 224
  LR:         0.02
  Momentum:   0.9 (nesterov=True)
  Optimizer:  sgd
  Weight dec: 0.0001 (on BN/bias=False)
  Backend:    mpi
  Algorithm:  built-in (no hook)
  Epochs:     20
  Batch/rank: 32
  LR:         0.02
  Scheduler:  cosine
  Warmup:     1
  Grad clip:  1.0
  Drop last:  True
  Data dir:   ./data
================================================================================


================================================================================
Distributed Training: WIDE_RESNET50_2 on IMAGENET
Backend: MPI, Algorithm: built-in (no hook)
================================================================================
Ranks: 8, Epochs: 20, Batch/rank: 32, Effective batch: 256
LR: 0.02, Device: cuda:0

[Cache] Pretrained weights cache (TORCH_HOME) = ./data/pretrained_weights_cache
[Setup] Model on cuda:0, wrapped in DDP (static_graph=True)
[Setup] No hook — using DDP built-in MPI allreduce
[Optim] SGD: lr=0.02 momentum=0.9 nesterov=True wd=0.0001 wd_on_bn_bias=False
[Optim]   group 0: 68,814,016 params, wd=0.0001
[Optim]   group 1: 69,224 params, wd=0.0
[Data] Train batches: 5004, Val batches: 1563

[Sched] cosine: steps/epoch=5004, total_steps=100080, warmup_steps=5004 (1 epochs)


[Epoch 1] Training... (lr at epoch start=0.000004)

================================================================================
DISTRIBUTED TRAINING LAUNCHER
================================================================================
  Model:      wide_resnet50_2 (from scratch)
  Dataset:    imagenet (1000 classes)
  Image size: 224
  LR:         0.02
  Momentum:   0.9 (nesterov=True)
  Optimizer:  sgd
  Weight dec: 0.0001 (on BN/bias=False)
  Backend:    mpi
  Algorithm:  built-in (no hook)
  Epochs:     20
  Batch/rank: 32
  LR:         0.02
  Scheduler:  cosine
  Warmup:     1
  Grad clip:  1.0
  Drop last:  True
  Data dir:   ./data
================================================================================


================================================================================
DISTRIBUTED TRAINING LAUNCHER
================================================================================
  Model:      wide_resnet50_2 (from scratch)
  Dataset:    imagenet (1000 classes)
  Image size: 224
  LR:         0.02
  Momentum:   0.9 (nesterov=True)
  Optimizer:  sgd
  Weight dec: 0.0001 (on BN/bias=False)
  Backend:    mpi
  Algorithm:  built-in (no hook)
  Epochs:     20
  Batch/rank: 32
  LR:         0.02
  Scheduler:  cosine
  Warmup:     1
  Grad clip:  1.0
  Drop last:  True
  Data dir:   ./data
================================================================================


================================================================================
DISTRIBUTED TRAINING LAUNCHER
================================================================================
  Model:      wide_resnet50_2 (from scratch)
  Dataset:    imagenet (1000 classes)
  Image size: 224
  LR:         0.02
  Momentum:   0.9 (nesterov=True)
  Optimizer:  sgd
  Weight dec: 0.0001 (on BN/bias=False)
  Backend:    mpi
  Algorithm:  built-in (no hook)
  Epochs:     20
  Batch/rank: 32
  LR:         0.02
  Scheduler:  cosine
  Warmup:     1
  Grad clip:  1.0
  Drop last:  True
  Data dir:   ./data
================================================================================


================================================================================
DISTRIBUTED TRAINING LAUNCHER
================================================================================
  Model:      wide_resnet50_2 (from scratch)
  Dataset:    imagenet (1000 classes)
  Image size: 224
  LR:         0.02
  Momentum:   0.9 (nesterov=True)
  Optimizer:  sgd
  Weight dec: 0.0001 (on BN/bias=False)
  Backend:    mpi
  Algorithm:  built-in (no hook)
  Epochs:     20
  Batch/rank: 32
  LR:         0.02
  Scheduler:  cosine
  Warmup:     1
  Grad clip:  1.0
  Drop last:  True
  Data dir:   ./data
================================================================================


================================================================================
DISTRIBUTED TRAINING LAUNCHER
================================================================================
  Model:      wide_resnet50_2 (from scratch)
  Dataset:    imagenet (1000 classes)
  Image size: 224
  LR:         0.02
  Momentum:   0.9 (nesterov=True)
  Optimizer:  sgd
  Weight dec: 0.0001 (on BN/bias=False)
  Backend:    mpi
  Algorithm:  built-in (no hook)
  Epochs:     20
  Batch/rank: 32
  LR:         0.02
  Scheduler:  cosine
  Warmup:     1
  Grad clip:  1.0
  Drop last:  True
  Data dir:   ./data
================================================================================


================================================================================
DISTRIBUTED TRAINING LAUNCHER
================================================================================
  Model:      wide_resnet50_2 (from scratch)
  Dataset:    imagenet (1000 classes)
  Image size: 224
  LR:         0.02
  Momentum:   0.9 (nesterov=True)
  Optimizer:  sgd
  Weight dec: 0.0001 (on BN/bias=False)
  Backend:    mpi
  Algorithm:  built-in (no hook)
  Epochs:     20
  Batch/rank: 32
  LR:         0.02
  Scheduler:  cosine
  Warmup:     1
  Grad clip:  1.0
  Drop last:  True
  Data dir:   ./data
================================================================================


================================================================================
DISTRIBUTED TRAINING LAUNCHER
================================================================================
  Model:      wide_resnet50_2 (from scratch)
  Dataset:    imagenet (1000 classes)
  Image size: 224
  LR:         0.02
  Momentum:   0.9 (nesterov=True)
  Optimizer:  sgd
  Weight dec: 0.0001 (on BN/bias=False)
  Backend:    mpi
  Algorithm:  built-in (no hook)
  Epochs:     20
  Batch/rank: 32
  LR:         0.02
  Scheduler:  cosine
  Warmup:     1
  Grad clip:  1.0
  Drop last:  True
  Data dir:   ./data
================================================================================

