=== Job started: Thu Jul  9 06:56:19 PM UTC 2026 ===
=== Node: x3001c0s1b1n0 ===
[INFO] GTL preloaded: /opt/cray/pe/mpich/9.0.1/ofi/nvidia/23.3/lib/libmpi_gtl_cuda.so
=============================================
  Polaris DDP + Eagle PyTorch + Cray MPICH
=============================================
Node              : x3001c0s1b1n0
ZFP_HOME          : /home/mrest/mpiAllReduceCompressed/zfp-install
GTL               : /opt/cray/pe/mpich/9.0.1/ofi/nvidia/23.3/lib/libmpi_gtl_cuda.so
MPICH_GPU_SUPPORT : 1

PyTorch version   : 2.8.0a0+gitba56102
PyTorch location  : /lus/eagle/projects/UIC-HPC/mrest/pytorch_mpi_build/src/pytorch/torch/__init__.py
CUDA available    : True 4
MPI available     : True
mpi4py            : MPI VERSION    : CRAY MPICH version 9.0.1.498 (ANL base 4.1.2)
mpi4py rank test  : rank 0 OK
=============================================
=== Starting training: model=wide_resnet50_2, dataset=cifar10, batch=32, lr=0.001, scheduler=cosine, backend=mpi, hook=none, zfp_rate=none at Thu Jul  9 06:56:56 PM UTC 2026 ===

================================================================================
DISTRIBUTED TRAINING LAUNCHER
================================================================================
  Model:      wide_resnet50_2 (CIFAR stem) (from scratch)
  Dataset:    cifar10 (10 classes)
  Image size: 32
  Backend:    mpi
  Algorithm:  built-in (no hook)
  Epochs:     20
  Batch/rank: 32
  LR:         0.001
  Scheduler:  cosine
  Warmup:     0
  Grad clip:  None
  Drop last:  False
  Data dir:   ./data
================================================================================


================================================================================
Distributed Training: WIDE_RESNET50_2 on CIFAR10
Backend: MPI, Algorithm: built-in (no hook)
================================================================================
Ranks: 4, Epochs: 20, Batch/rank: 32, Effective batch: 128
LR: 0.001, Device: cuda:0

[Cache] Pretrained weights cache (TORCH_HOME) = ./data/pretrained_weights_cache
[Setup] Model on cuda:0, wrapped in DDP (static_graph=True)
[Setup] No hook — using DDP built-in MPI allreduce
[Data] Train batches: 391, Val batches: 79


[Epoch 1] Training... (lr=0.001000)

================================================================================
DISTRIBUTED TRAINING LAUNCHER
================================================================================
  Model:      wide_resnet50_2 (CIFAR stem) (from scratch)
  Dataset:    cifar10 (10 classes)
  Image size: 32
  Backend:    mpi
  Algorithm:  built-in (no hook)
  Epochs:     20
  Batch/rank: 32
  LR:         0.001
  Scheduler:  cosine
  Warmup:     0
  Grad clip:  None
  Drop last:  False
  Data dir:   ./data
================================================================================


================================================================================
DISTRIBUTED TRAINING LAUNCHER
================================================================================
  Model:      wide_resnet50_2 (CIFAR stem) (from scratch)
  Dataset:    cifar10 (10 classes)
  Image size: 32
  Backend:    mpi
  Algorithm:  built-in (no hook)
  Epochs:     20
  Batch/rank: 32
  LR:         0.001
  Scheduler:  cosine
  Warmup:     0
  Grad clip:  None
  Drop last:  False
  Data dir:   ./data
================================================================================


================================================================================
DISTRIBUTED TRAINING LAUNCHER
================================================================================
  Model:      wide_resnet50_2 (CIFAR stem) (from scratch)
  Dataset:    cifar10 (10 classes)
  Image size: 32
  Backend:    mpi
  Algorithm:  built-in (no hook)
  Epochs:     20
  Batch/rank: 32
  LR:         0.001
  Scheduler:  cosine
  Warmup:     0
  Grad clip:  None
  Drop last:  False
  Data dir:   ./data
================================================================================

  Batch [50/391] Loss: 2.3127, Acc: 13.19%
  Batch [100/391] Loss: 2.2851, Acc: 15.06%
  Batch [150/391] Loss: 2.2626, Acc: 15.77%
  Batch [200/391] Loss: 2.8750, Acc: 15.34%
  Batch [250/391] Loss: 7.8139, Acc: 14.36%
  Batch [300/391] Loss: 11.6706, Acc: 13.67%
  Batch [350/391] Loss: 11.2150, Acc: 13.41%
[Epoch 1] Train Loss: 10.6615, Acc: 13.26%  |  Val Loss: 6.9536, Acc: 12.68%  |  Time: 15.5s
  -> Best model saved (12.68%)
[Epoch 1] Summarizing hook timing...
[HOOK_TIMING_SUMMARY] epoch=1 no hook timing samples
[Epoch 1] Hook timing summary done

[Epoch 2] Training... (lr=0.000994)
  Batch [50/391] Loss: 5.2082, Acc: 10.69%
  Batch [100/391] Loss: 5.0066, Acc: 12.28%
  Batch [150/391] Loss: 4.5057, Acc: 13.21%
  Batch [200/391] Loss: 4.2320, Acc: 14.06%
  Batch [250/391] Loss: 4.0011, Acc: 14.07%
  Batch [300/391] Loss: 3.8967, Acc: 14.72%
  Batch [350/391] Loss: 3.7468, Acc: 14.99%
[Epoch 2] Train Loss: 3.6191, Acc: 15.08%  |  Val Loss: 6.7644, Acc: 20.16%  |  Time: 11.1s
  -> Best model saved (20.16%)
[Epoch 2] Summarizing hook timing...
[HOOK_TIMING_SUMMARY] epoch=2 no hook timing samples
[Epoch 2] Hook timing summary done

[Epoch 3] Training... (lr=0.000976)
  Batch [50/391] Loss: 3.8308, Acc: 18.38%
  Batch [100/391] Loss: 3601.3023, Acc: 15.22%
  Batch [150/391] Loss: 954499639.9707, Acc: 13.38%
  Batch [200/391] Loss: 107750086953424992.0000, Acc: 12.53%
  Batch [250/391] Loss: nan, Acc: 11.84%
  Batch [300/391] Loss: nan, Acc: 11.48%
  Batch [350/391] Loss: nan, Acc: 11.19%
[Epoch 3] Train Loss: nan, Acc: 10.94%  |  Val Loss: nan, Acc: 10.68%  |  Time: 11.0s
  WARNING: train_loss is nan — possible gradient explosion from hook bug. Check that hook divides by world_size exactly once.
[Epoch 3] Summarizing hook timing...
[HOOK_TIMING_SUMMARY] epoch=3 no hook timing samples
[Epoch 3] Hook timing summary done

[Epoch 4] Training... (lr=0.000946)
  Batch [50/391] Loss: nan, Acc: 10.19%
  Batch [100/391] Loss: nan, Acc: 9.84%
  Batch [150/391] Loss: nan, Acc: 10.46%
  Batch [200/391] Loss: nan, Acc: 10.20%
  Batch [250/391] Loss: nan, Acc: 10.45%
  Batch [300/391] Loss: nan, Acc: 10.28%
  Batch [350/391] Loss: nan, Acc: 10.37%
[Epoch 4] Train Loss: nan, Acc: 10.28%  |  Val Loss: nan, Acc: 10.68%  |  Time: 11.0s
  WARNING: train_loss is nan — possible gradient explosion from hook bug. Check that hook divides by world_size exactly once.
[Epoch 4] Summarizing hook timing...
[HOOK_TIMING_SUMMARY] epoch=4 no hook timing samples
[Epoch 4] Hook timing summary done

[Epoch 5] Training... (lr=0.000905)
  Batch [50/391] Loss: nan, Acc: 10.19%
  Batch [100/391] Loss: nan, Acc: 9.84%
  Batch [150/391] Loss: nan, Acc: 9.71%
  Batch [200/391] Loss: nan, Acc: 9.56%
  Batch [250/391] Loss: nan, Acc: 9.49%
  Batch [300/391] Loss: nan, Acc: 9.82%
  Batch [350/391] Loss: nan, Acc: 9.98%
[Epoch 5] Train Loss: nan, Acc: 9.94%  |  Val Loss: nan, Acc: 10.68%  |  Time: 11.0s
  WARNING: train_loss is nan — possible gradient explosion from hook bug. Check that hook divides by world_size exactly once.
[Epoch 5] Summarizing hook timing...
[HOOK_TIMING_SUMMARY] epoch=5 no hook timing samples
[Epoch 5] Hook timing summary done

[Epoch 6] Training... (lr=0.000854)
  Batch [50/391] Loss: nan, Acc: 9.38%
  Batch [100/391] Loss: nan, Acc: 9.53%
  Batch [150/391] Loss: nan, Acc: 9.92%
  Batch [200/391] Loss: nan, Acc: 10.00%
  Batch [250/391] Loss: nan, Acc: 9.53%
  Batch [300/391] Loss: nan, Acc: 9.77%
  Batch [350/391] Loss: nan, Acc: 9.91%
[Epoch 6] Train Loss: nan, Acc: 10.06%  |  Val Loss: nan, Acc: 10.68%  |  Time: 11.0s
  WARNING: train_loss is nan — possible gradient explosion from hook bug. Check that hook divides by world_size exactly once.
[Epoch 6] Summarizing hook timing...
[HOOK_TIMING_SUMMARY] epoch=6 no hook timing samples
[Epoch 6] Hook timing summary done

[Epoch 7] Training... (lr=0.000794)
  Batch [50/391] Loss: nan, Acc: 10.44%
  Batch [100/391] Loss: nan, Acc: 10.16%
  Batch [150/391] Loss: nan, Acc: 9.67%
  Batch [200/391] Loss: nan, Acc: 9.62%
  Batch [250/391] Loss: nan, Acc: 9.82%
  Batch [300/391] Loss: nan, Acc: 9.92%
  Batch [350/391] Loss: nan, Acc: 9.90%
[Epoch 7] Train Loss: nan, Acc: 10.05%  |  Val Loss: nan, Acc: 10.68%  |  Time: 11.0s
  WARNING: train_loss is nan — possible gradient explosion from hook bug. Check that hook divides by world_size exactly once.
[Epoch 7] Summarizing hook timing...
[HOOK_TIMING_SUMMARY] epoch=7 no hook timing samples
[Epoch 7] Hook timing summary done

[Epoch 8] Training... (lr=0.000727)
  Batch [50/391] Loss: nan, Acc: 10.94%
  Batch [100/391] Loss: nan, Acc: 10.62%
  Batch [150/391] Loss: nan, Acc: 10.52%
  Batch [200/391] Loss: nan, Acc: 10.70%
  Batch [250/391] Loss: nan, Acc: 10.57%
  Batch [300/391] Loss: nan, Acc: 10.53%
  Batch [350/391] Loss: nan, Acc: 10.44%
[Epoch 8] Train Loss: nan, Acc: 10.42%  |  Val Loss: nan, Acc: 10.68%  |  Time: 11.0s
  WARNING: train_loss is nan — possible gradient explosion from hook bug. Check that hook divides by world_size exactly once.
[Epoch 8] Summarizing hook timing...
[HOOK_TIMING_SUMMARY] epoch=8 no hook timing samples
[Epoch 8] Hook timing summary done

[Epoch 9] Training... (lr=0.000655)
  Batch [50/391] Loss: nan, Acc: 9.50%
  Batch [100/391] Loss: nan, Acc: 9.84%
  Batch [150/391] Loss: nan, Acc: 9.67%
  Batch [200/391] Loss: nan, Acc: 9.94%
  Batch [250/391] Loss: nan, Acc: 10.15%
  Batch [300/391] Loss: nan, Acc: 9.95%
  Batch [350/391] Loss: nan, Acc: 9.89%
[Epoch 9] Train Loss: nan, Acc: 9.84%  |  Val Loss: nan, Acc: 10.68%  |  Time: 11.0s
  WARNING: train_loss is nan — possible gradient explosion from hook bug. Check that hook divides by world_size exactly once.
[Epoch 9] Summarizing hook timing...
[HOOK_TIMING_SUMMARY] epoch=9 no hook timing samples
[Epoch 9] Hook timing summary done

[Epoch 10] Training... (lr=0.000578)
  Batch [50/391] Loss: nan, Acc: 10.50%
  Batch [100/391] Loss: nan, Acc: 10.16%
  Batch [150/391] Loss: nan, Acc: 10.10%
  Batch [200/391] Loss: nan, Acc: 10.03%
  Batch [250/391] Loss: nan, Acc: 9.95%
  Batch [300/391] Loss: nan, Acc: 9.94%
  Batch [350/391] Loss: nan, Acc: 9.80%
[Epoch 10] Train Loss: nan, Acc: 9.67%  |  Val Loss: nan, Acc: 10.68%  |  Time: 11.0s
  WARNING: train_loss is nan — possible gradient explosion from hook bug. Check that hook divides by world_size exactly once.
[Epoch 10] Summarizing hook timing...
[HOOK_TIMING_SUMMARY] epoch=10 no hook timing samples
[Epoch 10] Hook timing summary done

[Epoch 11] Training... (lr=0.000500)
  Batch [50/391] Loss: nan, Acc: 9.31%
  Batch [100/391] Loss: nan, Acc: 9.41%
  Batch [150/391] Loss: nan, Acc: 9.48%
  Batch [200/391] Loss: nan, Acc: 9.47%
  Batch [250/391] Loss: nan, Acc: 9.56%
  Batch [300/391] Loss: nan, Acc: 9.93%
  Batch [350/391] Loss: nan, Acc: 9.87%
[Epoch 11] Train Loss: nan, Acc: 9.90%  |  Val Loss: nan, Acc: 10.68%  |  Time: 11.0s
  WARNING: train_loss is nan — possible gradient explosion from hook bug. Check that hook divides by world_size exactly once.
[Epoch 11] Summarizing hook timing...
[HOOK_TIMING_SUMMARY] epoch=11 no hook timing samples
[Epoch 11] Hook timing summary done

[Epoch 12] Training... (lr=0.000422)
  Batch [50/391] Loss: nan, Acc: 10.12%
  Batch [100/391] Loss: nan, Acc: 10.12%
  Batch [150/391] Loss: nan, Acc: 10.25%
  Batch [200/391] Loss: nan, Acc: 10.17%
  Batch [250/391] Loss: nan, Acc: 10.26%
  Batch [300/391] Loss: nan, Acc: 10.29%
  Batch [350/391] Loss: nan, Acc: 10.35%
[Epoch 12] Train Loss: nan, Acc: 10.29%  |  Val Loss: nan, Acc: 10.68%  |  Time: 11.0s
  WARNING: train_loss is nan — possible gradient explosion from hook bug. Check that hook divides by world_size exactly once.
[Epoch 12] Summarizing hook timing...
[HOOK_TIMING_SUMMARY] epoch=12 no hook timing samples
[Epoch 12] Hook timing summary done

[Epoch 13] Training... (lr=0.000345)
  Batch [50/391] Loss: nan, Acc: 9.50%
  Batch [100/391] Loss: nan, Acc: 9.28%
  Batch [150/391] Loss: nan, Acc: 9.27%
  Batch [200/391] Loss: nan, Acc: 9.23%
  Batch [250/391] Loss: nan, Acc: 9.66%
  Batch [300/391] Loss: nan, Acc: 9.70%
  Batch [350/391] Loss: nan, Acc: 9.66%
[Epoch 13] Train Loss: nan, Acc: 9.84%  |  Val Loss: nan, Acc: 10.68%  |  Time: 11.0s
  WARNING: train_loss is nan — possible gradient explosion from hook bug. Check that hook divides by world_size exactly once.
[Epoch 13] Summarizing hook timing...
[HOOK_TIMING_SUMMARY] epoch=13 no hook timing samples
[Epoch 13] Hook timing summary done

[Epoch 14] Training... (lr=0.000273)
  Batch [50/391] Loss: nan, Acc: 10.12%
  Batch [100/391] Loss: nan, Acc: 10.47%
  Batch [150/391] Loss: nan, Acc: 10.10%
  Batch [200/391] Loss: nan, Acc: 10.00%
  Batch [250/391] Loss: nan, Acc: 10.14%
  Batch [300/391] Loss: nan, Acc: 10.19%
  Batch [350/391] Loss: nan, Acc: 10.14%
[Epoch 14] Train Loss: nan, Acc: 10.10%  |  Val Loss: nan, Acc: 10.68%  |  Time: 11.0s
  WARNING: train_loss is nan — possible gradient explosion from hook bug. Check that hook divides by world_size exactly once.
[Epoch 14] Summarizing hook timing...
[HOOK_TIMING_SUMMARY] epoch=14 no hook timing samples
[Epoch 14] Hook timing summary done

[Epoch 15] Training... (lr=0.000206)
  Batch [50/391] Loss: nan, Acc: 9.75%
  Batch [100/391] Loss: nan, Acc: 9.94%
  Batch [150/391] Loss: nan, Acc: 10.35%
  Batch [200/391] Loss: nan, Acc: 10.41%
  Batch [250/391] Loss: nan, Acc: 10.31%
  Batch [300/391] Loss: nan, Acc: 10.26%
  Batch [350/391] Loss: nan, Acc: 9.98%
[Epoch 15] Train Loss: nan, Acc: 9.94%  |  Val Loss: nan, Acc: 10.68%  |  Time: 11.0s
  WARNING: train_loss is nan — possible gradient explosion from hook bug. Check that hook divides by world_size exactly once.
[Epoch 15] Summarizing hook timing...
[HOOK_TIMING_SUMMARY] epoch=15 no hook timing samples
[Epoch 15] Hook timing summary done

[Epoch 16] Training... (lr=0.000146)
  Batch [50/391] Loss: nan, Acc: 10.38%
  Batch [100/391] Loss: nan, Acc: 9.94%
  Batch [150/391] Loss: nan, Acc: 10.25%
  Batch [200/391] Loss: nan, Acc: 10.14%
  Batch [250/391] Loss: nan, Acc: 10.07%
  Batch [300/391] Loss: nan, Acc: 9.94%
  Batch [350/391] Loss: nan, Acc: 9.87%
[Epoch 16] Train Loss: nan, Acc: 9.94%  |  Val Loss: nan, Acc: 10.68%  |  Time: 11.0s
  WARNING: train_loss is nan — possible gradient explosion from hook bug. Check that hook divides by world_size exactly once.
[Epoch 16] Summarizing hook timing...
[HOOK_TIMING_SUMMARY] epoch=16 no hook timing samples
[Epoch 16] Hook timing summary done

[Epoch 17] Training... (lr=0.000095)
  Batch [50/391] Loss: nan, Acc: 11.25%
  Batch [100/391] Loss: nan, Acc: 10.47%
  Batch [150/391] Loss: nan, Acc: 10.27%
  Batch [200/391] Loss: nan, Acc: 10.39%
  Batch [250/391] Loss: nan, Acc: 10.29%
  Batch [300/391] Loss: nan, Acc: 10.35%
  Batch [350/391] Loss: nan, Acc: 10.25%
[Epoch 17] Train Loss: nan, Acc: 10.14%  |  Val Loss: nan, Acc: 10.68%  |  Time: 11.0s
  WARNING: train_loss is nan — possible gradient explosion from hook bug. Check that hook divides by world_size exactly once.
[Epoch 17] Summarizing hook timing...
[HOOK_TIMING_SUMMARY] epoch=17 no hook timing samples
[Epoch 17] Hook timing summary done

[Epoch 18] Training... (lr=0.000054)
  Batch [50/391] Loss: nan, Acc: 9.75%
  Batch [100/391] Loss: nan, Acc: 9.69%
  Batch [150/391] Loss: nan, Acc: 9.62%
  Batch [200/391] Loss: nan, Acc: 9.81%
  Batch [250/391] Loss: nan, Acc: 9.99%
  Batch [300/391] Loss: nan, Acc: 9.99%
  Batch [350/391] Loss: nan, Acc: 10.12%
[Epoch 18] Train Loss: nan, Acc: 10.03%  |  Val Loss: nan, Acc: 10.68%  |  Time: 11.0s
  WARNING: train_loss is nan — possible gradient explosion from hook bug. Check that hook divides by world_size exactly once.
[Epoch 18] Summarizing hook timing...
[HOOK_TIMING_SUMMARY] epoch=18 no hook timing samples
[Epoch 18] Hook timing summary done

[Epoch 19] Training... (lr=0.000024)
  Batch [50/391] Loss: nan, Acc: 9.25%
  Batch [100/391] Loss: nan, Acc: 9.69%
  Batch [150/391] Loss: nan, Acc: 9.56%
  Batch [200/391] Loss: nan, Acc: 9.98%
  Batch [250/391] Loss: nan, Acc: 10.07%
  Batch [300/391] Loss: nan, Acc: 10.01%
  Batch [350/391] Loss: nan, Acc: 10.12%
[Epoch 19] Train Loss: nan, Acc: 10.11%  |  Val Loss: nan, Acc: 10.68%  |  Time: 11.0s
  WARNING: train_loss is nan — possible gradient explosion from hook bug. Check that hook divides by world_size exactly once.
[Epoch 19] Summarizing hook timing...
[HOOK_TIMING_SUMMARY] epoch=19 no hook timing samples
[Epoch 19] Hook timing summary done

[Epoch 20] Training... (lr=0.000006)
  Batch [50/391] Loss: nan, Acc: 9.25%
  Batch [100/391] Loss: nan, Acc: 9.62%
  Batch [150/391] Loss: nan, Acc: 9.52%
  Batch [200/391] Loss: nan, Acc: 9.67%
  Batch [250/391] Loss: nan, Acc: 9.79%
  Batch [300/391] Loss: nan, Acc: 9.91%
  Batch [350/391] Loss: nan, Acc: 9.85%
[Epoch 20] Train Loss: nan, Acc: 9.94%  |  Val Loss: nan, Acc: 10.68%  |  Time: 11.0s
  WARNING: train_loss is nan — possible gradient explosion from hook bug. Check that hook divides by world_size exactly once.
[Epoch 20] Summarizing hook timing...
[HOOK_TIMING_SUMMARY] epoch=20 no hook timing samples
[Epoch 20] Hook timing summary done

================================================================================
Done in 226.5s | Best val acc: 20.16%
Epoch times: mean=11.2s  min=11.0s  max=15.5s
================================================================================
=== Finished training: model=wide_resnet50_2, dataset=cifar10, batch=32, lr=0.001, scheduler=cosine, backend=mpi, hook=none, zfp_rate=none, status=0 at Thu Jul  9 07:01:02 PM UTC 2026 ===
=== Starting training: model=wide_resnet50_2, dataset=cifar10, batch=32, lr=0.001, scheduler=cosine, backend=mpi, hook=default_sync, zfp_rate=none at Thu Jul  9 07:01:02 PM UTC 2026 ===

================================================================================
DISTRIBUTED TRAINING LAUNCHER
================================================================================
  Model:      wide_resnet50_2 (CIFAR stem) (from scratch)
  Dataset:    cifar10 (10 classes)
  Image size: 32
  Backend:    mpi
  Algorithm:  default_sync
  Epochs:     20
  Batch/rank: 32
  LR:         0.001
  Scheduler:  cosine
  Warmup:     0
  Grad clip:  None
  Drop last:  False
  Data dir:   ./data
================================================================================


================================================================================
Distributed Training: WIDE_RESNET50_2 on CIFAR10
Backend: MPI, Algorithm: default_sync
================================================================================
Ranks: 4, Epochs: 20, Batch/rank: 32, Effective batch: 128
LR: 0.001, Device: cuda:0

[Cache] Pretrained weights cache (TORCH_HOME) = ./data/pretrained_weights_cache
[Setup] Model on cuda:0, wrapped in DDP (static_graph=True)
[Setup] Hook registered: mpi/default_sync

================================================================================
DISTRIBUTED TRAINING LAUNCHER
================================================================================
  Model:      wide_resnet50_2 (CIFAR stem) (from scratch)
  Dataset:    cifar10 (10 classes)
  Image size: 32
  Backend:    mpi
  Algorithm:  default_sync
  Epochs:     20
  Batch/rank: 32
  LR:         0.001
  Scheduler:  cosine
  Warmup:     0
  Grad clip:  None
  Drop last:  False
  Data dir:   ./data
================================================================================


================================================================================
DISTRIBUTED TRAINING LAUNCHER
================================================================================
  Model:      wide_resnet50_2 (CIFAR stem) (from scratch)
  Dataset:    cifar10 (10 classes)
  Image size: 32
  Backend:    mpi
  Algorithm:  default_sync
  Epochs:     20
  Batch/rank: 32
  LR:         0.001
  Scheduler:  cosine
  Warmup:     0
  Grad clip:  None
  Drop last:  False
  Data dir:   ./data
================================================================================


================================================================================
DISTRIBUTED TRAINING LAUNCHER
================================================================================
  Model:      wide_resnet50_2 (CIFAR stem) (from scratch)
  Dataset:    cifar10 (10 classes)
  Image size: 32
  Backend:    mpi
  Algorithm:  default_sync
  Epochs:     20
  Batch/rank: 32
  LR:         0.001
  Scheduler:  cosine
  Warmup:     0
  Grad clip:  None
  Drop last:  False
  Data dir:   ./data
================================================================================

[Data] Train batches: 391, Val batches: 79


[Epoch 1] Training... (lr=0.001000)
  Batch [50/391] Loss: 2.3070, Acc: 12.44%
  Batch [100/391] Loss: 2.2596, Acc: 14.47%
  Batch [150/391] Loss: 2.2287, Acc: 15.98%
  Batch [200/391] Loss: 2.1862, Acc: 17.41%
  Batch [250/391] Loss: 2.1575, Acc: 18.43%
  Batch [300/391] Loss: 2.1282, Acc: 19.50%
  Batch [350/391] Loss: 2.1043, Acc: 20.27%
[Epoch 1] Train Loss: 2.0846, Acc: 21.10%  |  Val Loss: 1.8692, Acc: 30.48%  |  Time: 15.1s
  -> Best model saved (30.48%)
[Epoch 1] Summarizing hook timing...

[HOOK_TIMING_SUMMARY] epoch=1
[HOOK_WORK_SUMMARY] label=mpi:default_sync calls=2731 work_total_ms=16046.841 work_mean_ms=5.876 work_min_ms=1.909 work_max_ms=40.670
[HOOK_TAIL_SUMMARY] label=mpi:default_sync steps=392 tail_total_ms=2059.422 tail_mean_ms=5.254 tail_min_ms=3.040 tail_max_ms=392.078
[Epoch 1] Hook timing summary done

[Epoch 2] Training... (lr=0.000994)
  Batch [50/391] Loss: 1.8705, Acc: 28.94%
  Batch [100/391] Loss: 1.8791, Acc: 29.16%
  Batch [150/391] Loss: 1.8899, Acc: 29.17%
  Batch [200/391] Loss: 1.8765, Acc: 29.61%
  Batch [250/391] Loss: 1.8649, Acc: 29.82%
  Batch [300/391] Loss: 1.8462, Acc: 30.52%
  Batch [350/391] Loss: 1.8364, Acc: 30.74%
[Epoch 2] Train Loss: 1.8277, Acc: 31.22%  |  Val Loss: 1.7668, Acc: 36.04%  |  Time: 13.4s
  -> Best model saved (36.04%)
[Epoch 2] Summarizing hook timing...

[HOOK_TIMING_SUMMARY] epoch=2
[HOOK_WORK_SUMMARY] label=mpi:default_sync calls=2737 work_total_ms=16049.477 work_mean_ms=5.864 work_min_ms=0.528 work_max_ms=11.849
[HOOK_TAIL_SUMMARY] label=mpi:default_sync steps=391 tail_total_ms=1648.724 tail_mean_ms=4.217 tail_min_ms=2.383 tail_max_ms=6.167
[Epoch 2] Hook timing summary done

[Epoch 3] Training... (lr=0.000976)
  Batch [50/391] Loss: 1.7009, Acc: 35.19%
  Batch [100/391] Loss: 1.7113, Acc: 35.72%
  Batch [150/391] Loss: 1.7189, Acc: 35.46%
  Batch [200/391] Loss: 1.7148, Acc: 35.38%
  Batch [250/391] Loss: 1.7063, Acc: 35.86%
  Batch [300/391] Loss: 1.6969, Acc: 36.47%
  Batch [350/391] Loss: 1.6884, Acc: 36.86%
[Epoch 3] Train Loss: 1.6806, Acc: 37.14%  |  Val Loss: 1.5280, Acc: 44.24%  |  Time: 13.3s
  -> Best model saved (44.24%)
[Epoch 3] Summarizing hook timing...

[HOOK_TIMING_SUMMARY] epoch=3
[HOOK_WORK_SUMMARY] label=mpi:default_sync calls=2737 work_total_ms=15291.250 work_mean_ms=5.587 work_min_ms=0.475 work_max_ms=11.684
[HOOK_TAIL_SUMMARY] label=mpi:default_sync steps=391 tail_total_ms=1533.559 tail_mean_ms=3.922 tail_min_ms=2.201 tail_max_ms=6.040
[Epoch 3] Hook timing summary done

[Epoch 4] Training... (lr=0.000946)
  Batch [50/391] Loss: 1.6093, Acc: 40.00%
  Batch [100/391] Loss: 1.6076, Acc: 39.75%
  Batch [150/391] Loss: 1.5928, Acc: 40.75%
  Batch [200/391] Loss: 1.5982, Acc: 40.39%
  Batch [250/391] Loss: 1.5842, Acc: 40.59%
  Batch [300/391] Loss: 1.5801, Acc: 40.83%
  Batch [350/391] Loss: 1.5754, Acc: 41.05%
[Epoch 4] Train Loss: 1.5706, Acc: 41.14%  |  Val Loss: 1.4513, Acc: 46.88%  |  Time: 13.3s
  -> Best model saved (46.88%)
[Epoch 4] Summarizing hook timing...

[HOOK_TIMING_SUMMARY] epoch=4
[HOOK_WORK_SUMMARY] label=mpi:default_sync calls=2737 work_total_ms=15110.155 work_mean_ms=5.521 work_min_ms=0.534 work_max_ms=11.379
[HOOK_TAIL_SUMMARY] label=mpi:default_sync steps=391 tail_total_ms=1469.315 tail_mean_ms=3.758 tail_min_ms=2.163 tail_max_ms=5.275
[Epoch 4] Hook timing summary done

[Epoch 5] Training... (lr=0.000905)
  Batch [50/391] Loss: 1.5351, Acc: 45.12%
  Batch [100/391] Loss: 1.5530, Acc: 43.00%
  Batch [150/391] Loss: 1.5407, Acc: 43.17%
  Batch [200/391] Loss: 1.5376, Acc: 43.41%
  Batch [250/391] Loss: 1.5313, Acc: 43.58%
  Batch [300/391] Loss: 1.5214, Acc: 43.72%
  Batch [350/391] Loss: 1.5194, Acc: 43.75%
[Epoch 5] Train Loss: 1.5128, Acc: 44.21%  |  Val Loss: 1.4257, Acc: 47.88%  |  Time: 13.4s
  -> Best model saved (47.88%)
[Epoch 5] Summarizing hook timing...

[HOOK_TIMING_SUMMARY] epoch=5
[HOOK_WORK_SUMMARY] label=mpi:default_sync calls=2737 work_total_ms=16191.181 work_mean_ms=5.916 work_min_ms=0.498 work_max_ms=11.830
[HOOK_TAIL_SUMMARY] label=mpi:default_sync steps=391 tail_total_ms=1666.971 tail_mean_ms=4.263 tail_min_ms=2.240 tail_max_ms=6.286
[Epoch 5] Hook timing summary done

[Epoch 6] Training... (lr=0.000854)
  Batch [50/391] Loss: 1.4291, Acc: 47.06%
  Batch [100/391] Loss: 1.4166, Acc: 47.66%
  Batch [150/391] Loss: 1.4047, Acc: 48.10%
  Batch [200/391] Loss: 1.3918, Acc: 48.88%
  Batch [250/391] Loss: 1.4069, Acc: 48.45%
  Batch [300/391] Loss: 1.4142, Acc: 48.14%
  Batch [350/391] Loss: 1.4229, Acc: 47.91%
[Epoch 6] Train Loss: 1.4172, Acc: 48.15%  |  Val Loss: 1.2809, Acc: 52.72%  |  Time: 13.4s
  -> Best model saved (52.72%)
[Epoch 6] Summarizing hook timing...

[HOOK_TIMING_SUMMARY] epoch=6
[HOOK_WORK_SUMMARY] label=mpi:default_sync calls=2737 work_total_ms=16279.440 work_mean_ms=5.948 work_min_ms=0.451 work_max_ms=11.895
[HOOK_TAIL_SUMMARY] label=mpi:default_sync steps=391 tail_total_ms=1698.955 tail_mean_ms=4.345 tail_min_ms=2.220 tail_max_ms=6.096
[Epoch 6] Hook timing summary done

[Epoch 7] Training... (lr=0.000794)
  Batch [50/391] Loss: 1.3835, Acc: 49.25%
  Batch [100/391] Loss: 1.3713, Acc: 49.28%
  Batch [150/391] Loss: 1.3754, Acc: 49.81%
  Batch [200/391] Loss: 1.3800, Acc: 49.83%
  Batch [250/391] Loss: 1.3754, Acc: 49.85%
  Batch [300/391] Loss: 1.3736, Acc: 49.54%
  Batch [350/391] Loss: 1.3686, Acc: 49.92%
[Epoch 7] Train Loss: 1.3714, Acc: 49.98%  |  Val Loss: 1.2942, Acc: 52.40%  |  Time: 13.5s
[Epoch 7] Summarizing hook timing...

[HOOK_TIMING_SUMMARY] epoch=7
[HOOK_WORK_SUMMARY] label=mpi:default_sync calls=2737 work_total_ms=16334.872 work_mean_ms=5.968 work_min_ms=0.556 work_max_ms=11.884
[HOOK_TAIL_SUMMARY] label=mpi:default_sync steps=391 tail_total_ms=1696.600 tail_mean_ms=4.339 tail_min_ms=2.161 tail_max_ms=6.003
[Epoch 7] Hook timing summary done

[Epoch 8] Training... (lr=0.000727)
  Batch [50/391] Loss: 1.4169, Acc: 49.12%
  Batch [100/391] Loss: 1.3700, Acc: 50.00%
  Batch [150/391] Loss: 1.3531, Acc: 50.38%
  Batch [200/391] Loss: 1.3475, Acc: 51.09%
  Batch [250/391] Loss: 1.3401, Acc: 51.16%
  Batch [300/391] Loss: 1.3327, Acc: 51.44%
  Batch [350/391] Loss: 1.3190, Acc: 51.98%
[Epoch 8] Train Loss: 1.3211, Acc: 51.98%  |  Val Loss: 1.2089, Acc: 56.32%  |  Time: 13.4s
  -> Best model saved (56.32%)
[Epoch 8] Summarizing hook timing...

[HOOK_TIMING_SUMMARY] epoch=8
[HOOK_WORK_SUMMARY] label=mpi:default_sync calls=2737 work_total_ms=15217.017 work_mean_ms=5.560 work_min_ms=1.816 work_max_ms=15.875
[HOOK_TAIL_SUMMARY] label=mpi:default_sync steps=391 tail_total_ms=1486.096 tail_mean_ms=3.801 tail_min_ms=2.757 tail_max_ms=11.158
[Epoch 8] Hook timing summary done

[Epoch 9] Training... (lr=0.000655)
  Batch [50/391] Loss: 1.2903, Acc: 51.94%
  Batch [100/391] Loss: 1.2801, Acc: 53.28%
  Batch [150/391] Loss: 1.2908, Acc: 53.31%
  Batch [200/391] Loss: 1.2727, Acc: 53.94%
  Batch [250/391] Loss: 1.2630, Acc: 54.25%
  Batch [300/391] Loss: 1.2675, Acc: 53.94%
  Batch [350/391] Loss: 1.2694, Acc: 53.88%
[Epoch 9] Train Loss: 1.2657, Acc: 53.98%  |  Val Loss: 1.2134, Acc: 56.84%  |  Time: 13.4s
  -> Best model saved (56.84%)
[Epoch 9] Summarizing hook timing...

[HOOK_TIMING_SUMMARY] epoch=9
[HOOK_WORK_SUMMARY] label=mpi:default_sync calls=2737 work_total_ms=15726.031 work_mean_ms=5.746 work_min_ms=0.492 work_max_ms=11.827
[HOOK_TAIL_SUMMARY] label=mpi:default_sync steps=391 tail_total_ms=1599.751 tail_mean_ms=4.091 tail_min_ms=2.189 tail_max_ms=6.131
[Epoch 9] Hook timing summary done

[Epoch 10] Training... (lr=0.000578)
  Batch [50/391] Loss: 1.2265, Acc: 55.44%
  Batch [100/391] Loss: 1.2306, Acc: 54.75%
  Batch [150/391] Loss: 1.2214, Acc: 55.44%
  Batch [200/391] Loss: 1.2304, Acc: 55.17%
  Batch [250/391] Loss: 1.2253, Acc: 55.62%
  Batch [300/391] Loss: 1.2255, Acc: 55.70%
  Batch [350/391] Loss: 1.2234, Acc: 56.03%
[Epoch 10] Train Loss: 1.2268, Acc: 55.97%  |  Val Loss: 1.1853, Acc: 57.12%  |  Time: 13.3s
  -> Best model saved (57.12%)
[Epoch 10] Summarizing hook timing...

[HOOK_TIMING_SUMMARY] epoch=10
[HOOK_WORK_SUMMARY] label=mpi:default_sync calls=2737 work_total_ms=15101.915 work_mean_ms=5.518 work_min_ms=0.501 work_max_ms=11.741
[HOOK_TAIL_SUMMARY] label=mpi:default_sync steps=391 tail_total_ms=1471.882 tail_mean_ms=3.764 tail_min_ms=2.241 tail_max_ms=5.311
[Epoch 10] Hook timing summary done

[Epoch 11] Training... (lr=0.000500)
  Batch [50/391] Loss: 1.1825, Acc: 57.81%
  Batch [100/391] Loss: 1.1986, Acc: 56.94%
  Batch [150/391] Loss: 1.2039, Acc: 56.69%
  Batch [200/391] Loss: 1.1993, Acc: 56.69%
  Batch [250/391] Loss: 1.1983, Acc: 56.76%
  Batch [300/391] Loss: 1.1891, Acc: 57.17%
  Batch [350/391] Loss: 1.1844, Acc: 57.36%
[Epoch 11] Train Loss: 1.1813, Acc: 57.30%  |  Val Loss: 1.0823, Acc: 60.40%  |  Time: 13.5s
  -> Best model saved (60.40%)
[Epoch 11] Summarizing hook timing...

[HOOK_TIMING_SUMMARY] epoch=11
[HOOK_WORK_SUMMARY] label=mpi:default_sync calls=2737 work_total_ms=16935.883 work_mean_ms=6.188 work_min_ms=0.534 work_max_ms=11.772
[HOOK_TAIL_SUMMARY] label=mpi:default_sync steps=391 tail_total_ms=1799.516 tail_mean_ms=4.602 tail_min_ms=2.210 tail_max_ms=6.401
[Epoch 11] Hook timing summary done

[Epoch 12] Training... (lr=0.000422)
  Batch [50/391] Loss: 1.1289, Acc: 59.19%
  Batch [100/391] Loss: 1.1400, Acc: 58.91%
  Batch [150/391] Loss: 1.1550, Acc: 58.25%
  Batch [200/391] Loss: 1.1581, Acc: 58.05%
  Batch [250/391] Loss: 1.1548, Acc: 58.49%
  Batch [300/391] Loss: 1.1470, Acc: 58.81%
  Batch [350/391] Loss: 1.1399, Acc: 58.79%
[Epoch 12] Train Loss: 1.1395, Acc: 58.89%  |  Val Loss: 1.0648, Acc: 62.32%  |  Time: 13.4s
  -> Best model saved (62.32%)
[Epoch 12] Summarizing hook timing...

[HOOK_TIMING_SUMMARY] epoch=12
[HOOK_WORK_SUMMARY] label=mpi:default_sync calls=2737 work_total_ms=15263.813 work_mean_ms=5.577 work_min_ms=0.479 work_max_ms=11.404
[HOOK_TAIL_SUMMARY] label=mpi:default_sync steps=391 tail_total_ms=1512.126 tail_mean_ms=3.867 tail_min_ms=2.255 tail_max_ms=5.451
[Epoch 12] Hook timing summary done

[Epoch 13] Training... (lr=0.000345)
  Batch [50/391] Loss: 1.1278, Acc: 58.62%
  Batch [100/391] Loss: 1.1348, Acc: 58.31%
  Batch [150/391] Loss: 1.1187, Acc: 59.15%
  Batch [200/391] Loss: 1.1165, Acc: 59.12%
  Batch [250/391] Loss: 1.1087, Acc: 59.40%
  Batch [300/391] Loss: 1.1134, Acc: 59.51%
  Batch [350/391] Loss: 1.1165, Acc: 59.43%
[Epoch 13] Train Loss: 1.1126, Acc: 59.71%  |  Val Loss: 1.0375, Acc: 62.84%  |  Time: 13.4s
  -> Best model saved (62.84%)
[Epoch 13] Summarizing hook timing...

[HOOK_TIMING_SUMMARY] epoch=13
[HOOK_WORK_SUMMARY] label=mpi:default_sync calls=2737 work_total_ms=15649.943 work_mean_ms=5.718 work_min_ms=0.540 work_max_ms=11.814
[HOOK_TAIL_SUMMARY] label=mpi:default_sync steps=391 tail_total_ms=1584.864 tail_mean_ms=4.053 tail_min_ms=2.256 tail_max_ms=5.788
[Epoch 13] Hook timing summary done

[Epoch 14] Training... (lr=0.000273)
  Batch [50/391] Loss: 1.0943, Acc: 60.25%
  Batch [100/391] Loss: 1.0793, Acc: 60.34%
  Batch [150/391] Loss: 1.1022, Acc: 59.79%
  Batch [200/391] Loss: 1.0988, Acc: 60.28%
  Batch [250/391] Loss: 1.0961, Acc: 60.46%
  Batch [300/391] Loss: 1.0934, Acc: 60.62%
  Batch [350/391] Loss: 1.0952, Acc: 60.51%
[Epoch 14] Train Loss: 1.0913, Acc: 60.71%  |  Val Loss: 1.0272, Acc: 62.52%  |  Time: 13.4s
[Epoch 14] Summarizing hook timing...

[HOOK_TIMING_SUMMARY] epoch=14
[HOOK_WORK_SUMMARY] label=mpi:default_sync calls=2737 work_total_ms=16037.799 work_mean_ms=5.860 work_min_ms=0.553 work_max_ms=11.757
[HOOK_TAIL_SUMMARY] label=mpi:default_sync steps=391 tail_total_ms=1658.868 tail_mean_ms=4.243 tail_min_ms=2.236 tail_max_ms=5.807
[Epoch 14] Hook timing summary done

[Epoch 15] Training... (lr=0.000206)
  Batch [50/391] Loss: 1.0449, Acc: 61.56%
  Batch [100/391] Loss: 1.0674, Acc: 61.59%
  Batch [150/391] Loss: 1.0695, Acc: 62.15%
  Batch [200/391] Loss: 1.0681, Acc: 61.94%
  Batch [250/391] Loss: 1.0664, Acc: 61.69%
  Batch [300/391] Loss: 1.0755, Acc: 61.53%
  Batch [350/391] Loss: 1.0786, Acc: 61.34%
[Epoch 15] Train Loss: 1.0768, Acc: 61.32%  |  Val Loss: 1.0118, Acc: 63.44%  |  Time: 13.4s
  -> Best model saved (63.44%)
[Epoch 15] Summarizing hook timing...

[HOOK_TIMING_SUMMARY] epoch=15
[HOOK_WORK_SUMMARY] label=mpi:default_sync calls=2737 work_total_ms=16144.461 work_mean_ms=5.899 work_min_ms=1.815 work_max_ms=30.336
[HOOK_TAIL_SUMMARY] label=mpi:default_sync steps=391 tail_total_ms=1652.964 tail_mean_ms=4.228 tail_min_ms=3.375 tail_max_ms=26.653
[Epoch 15] Hook timing summary done

[Epoch 16] Training... (lr=0.000146)
  Batch [50/391] Loss: 1.0572, Acc: 61.12%
  Batch [100/391] Loss: 1.0789, Acc: 60.94%
  Batch [150/391] Loss: 1.0516, Acc: 62.40%
  Batch [200/391] Loss: 1.0557, Acc: 62.58%
  Batch [250/391] Loss: 1.0577, Acc: 62.45%
  Batch [300/391] Loss: 1.0550, Acc: 62.54%
  Batch [350/391] Loss: 1.0511, Acc: 62.70%
[Epoch 16] Train Loss: 1.0484, Acc: 62.63%  |  Val Loss: 0.9922, Acc: 64.28%  |  Time: 13.4s
  -> Best model saved (64.28%)
[Epoch 16] Summarizing hook timing...

[HOOK_TIMING_SUMMARY] epoch=16
[HOOK_WORK_SUMMARY] label=mpi:default_sync calls=2737 work_total_ms=15851.145 work_mean_ms=5.791 work_min_ms=0.528 work_max_ms=11.817
[HOOK_TAIL_SUMMARY] label=mpi:default_sync steps=391 tail_total_ms=1614.287 tail_mean_ms=4.129 tail_min_ms=2.215 tail_max_ms=5.872
[Epoch 16] Hook timing summary done

[Epoch 17] Training... (lr=0.000095)
  Batch [50/391] Loss: 1.0235, Acc: 64.50%
  Batch [100/391] Loss: 1.0492, Acc: 63.62%
  Batch [150/391] Loss: 1.0272, Acc: 64.21%
  Batch [200/391] Loss: 1.0252, Acc: 64.39%
  Batch [250/391] Loss: 1.0170, Acc: 64.38%
  Batch [300/391] Loss: 1.0191, Acc: 64.12%
  Batch [350/391] Loss: 1.0130, Acc: 64.29%
[Epoch 17] Train Loss: 1.0204, Acc: 63.83%  |  Val Loss: 0.9828, Acc: 64.44%  |  Time: 13.4s
  -> Best model saved (64.44%)
[Epoch 17] Summarizing hook timing...

[HOOK_TIMING_SUMMARY] epoch=17
[HOOK_WORK_SUMMARY] label=mpi:default_sync calls=2737 work_total_ms=15597.182 work_mean_ms=5.699 work_min_ms=0.495 work_max_ms=11.570
[HOOK_TAIL_SUMMARY] label=mpi:default_sync steps=391 tail_total_ms=1556.882 tail_mean_ms=3.982 tail_min_ms=2.223 tail_max_ms=5.472
[Epoch 17] Hook timing summary done

[Epoch 18] Training... (lr=0.000054)
  Batch [50/391] Loss: 1.0436, Acc: 63.56%
  Batch [100/391] Loss: 1.0308, Acc: 63.72%
  Batch [150/391] Loss: 1.0291, Acc: 63.40%
  Batch [200/391] Loss: 1.0306, Acc: 63.59%
  Batch [250/391] Loss: 1.0336, Acc: 63.60%
  Batch [300/391] Loss: 1.0269, Acc: 63.83%
  Batch [350/391] Loss: 1.0233, Acc: 63.91%
[Epoch 18] Train Loss: 1.0261, Acc: 63.66%  |  Val Loss: 0.9827, Acc: 64.60%  |  Time: 13.3s
  -> Best model saved (64.60%)
[Epoch 18] Summarizing hook timing...

[HOOK_TIMING_SUMMARY] epoch=18
[HOOK_WORK_SUMMARY] label=mpi:default_sync calls=2737 work_total_ms=15734.116 work_mean_ms=5.749 work_min_ms=0.549 work_max_ms=11.776
[HOOK_TAIL_SUMMARY] label=mpi:default_sync steps=391 tail_total_ms=1613.826 tail_mean_ms=4.127 tail_min_ms=2.322 tail_max_ms=6.027
[Epoch 18] Hook timing summary done

[Epoch 19] Training... (lr=0.000024)
  Batch [50/391] Loss: 1.0143, Acc: 62.88%
  Batch [100/391] Loss: 1.0189, Acc: 63.44%
  Batch [150/391] Loss: 1.0222, Acc: 63.23%
  Batch [200/391] Loss: 1.0140, Acc: 63.53%
  Batch [250/391] Loss: 1.0168, Acc: 63.59%
  Batch [300/391] Loss: 1.0131, Acc: 63.62%
  Batch [350/391] Loss: 1.0117, Acc: 63.53%
[Epoch 19] Train Loss: 1.0143, Acc: 63.48%  |  Val Loss: 0.9809, Acc: 64.96%  |  Time: 13.4s
  -> Best model saved (64.96%)
[Epoch 19] Summarizing hook timing...

[HOOK_TIMING_SUMMARY] epoch=19
[HOOK_WORK_SUMMARY] label=mpi:default_sync calls=2737 work_total_ms=15202.497 work_mean_ms=5.554 work_min_ms=0.468 work_max_ms=11.706
[HOOK_TAIL_SUMMARY] label=mpi:default_sync steps=391 tail_total_ms=1492.646 tail_mean_ms=3.818 tail_min_ms=2.131 tail_max_ms=5.492
[Epoch 19] Hook timing summary done

[Epoch 20] Training... (lr=0.000006)
  Batch [50/391] Loss: 0.9552, Acc: 64.69%
  Batch [100/391] Loss: 0.9894, Acc: 63.88%
  Batch [150/391] Loss: 1.0042, Acc: 63.69%
  Batch [200/391] Loss: 1.0064, Acc: 64.00%
  Batch [250/391] Loss: 1.0117, Acc: 63.91%
  Batch [300/391] Loss: 1.0155, Acc: 63.79%
  Batch [350/391] Loss: 1.0141, Acc: 63.74%
[Epoch 20] Train Loss: 1.0156, Acc: 63.66%  |  Val Loss: 0.9811, Acc: 64.56%  |  Time: 13.4s
[Epoch 20] Summarizing hook timing...

[HOOK_TIMING_SUMMARY] epoch=20
[HOOK_WORK_SUMMARY] label=mpi:default_sync calls=2737 work_total_ms=15292.661 work_mean_ms=5.587 work_min_ms=0.544 work_max_ms=11.817
[HOOK_TAIL_SUMMARY] label=mpi:default_sync steps=391 tail_total_ms=1514.816 tail_mean_ms=3.874 tail_min_ms=2.193 tail_max_ms=5.812
[Epoch 20] Hook timing summary done

================================================================================
Done in 284.3s | Best val acc: 64.96%
Epoch times: mean=13.5s  min=13.3s  max=15.1s
================================================================================
=== Finished training: model=wide_resnet50_2, dataset=cifar10, batch=32, lr=0.001, scheduler=cosine, backend=mpi, hook=default_sync, zfp_rate=none, status=0 at Thu Jul  9 07:05:55 PM UTC 2026 ===
=== Starting training: model=wide_resnet50_2, dataset=cifar10, batch=32, lr=0.001, scheduler=cosine, backend=mpi, hook=default_clone, zfp_rate=none at Thu Jul  9 07:05:55 PM UTC 2026 ===

================================================================================
DISTRIBUTED TRAINING LAUNCHER
================================================================================
  Model:      wide_resnet50_2 (CIFAR stem) (from scratch)
  Dataset:    cifar10 (10 classes)
  Image size: 32
  Backend:    mpi
  Algorithm:  default_clone
  Epochs:     20
  Batch/rank: 32
  LR:         0.001
  Scheduler:  cosine
  Warmup:     0
  Grad clip:  None
  Drop last:  False
  Data dir:   ./data
================================================================================


================================================================================
Distributed Training: WIDE_RESNET50_2 on CIFAR10
Backend: MPI, Algorithm: default_clone
================================================================================
Ranks: 4, Epochs: 20, Batch/rank: 32, Effective batch: 128
LR: 0.001, Device: cuda:0

[Cache] Pretrained weights cache (TORCH_HOME) = ./data/pretrained_weights_cache
[Setup] Model on cuda:0, wrapped in DDP (static_graph=True)
[Setup] Hook registered: mpi/default_clone

================================================================================
DISTRIBUTED TRAINING LAUNCHER
================================================================================
  Model:      wide_resnet50_2 (CIFAR stem) (from scratch)
  Dataset:    cifar10 (10 classes)
  Image size: 32
  Backend:    mpi
  Algorithm:  default_clone
  Epochs:     20
  Batch/rank: 32
  LR:         0.001
  Scheduler:  cosine
  Warmup:     0
  Grad clip:  None
  Drop last:  False
  Data dir:   ./data
================================================================================


================================================================================
DISTRIBUTED TRAINING LAUNCHER
================================================================================
  Model:      wide_resnet50_2 (CIFAR stem) (from scratch)
  Dataset:    cifar10 (10 classes)
  Image size: 32
  Backend:    mpi
  Algorithm:  default_clone
  Epochs:     20
  Batch/rank: 32
  LR:         0.001
  Scheduler:  cosine
  Warmup:     0
  Grad clip:  None
  Drop last:  False
  Data dir:   ./data
================================================================================

[Data] Train batches: 391, Val batches: 79


[Epoch 1] Training... (lr=0.001000)

================================================================================
DISTRIBUTED TRAINING LAUNCHER
================================================================================
  Model:      wide_resnet50_2 (CIFAR stem) (from scratch)
  Dataset:    cifar10 (10 classes)
  Image size: 32
  Backend:    mpi
  Algorithm:  default_clone
  Epochs:     20
  Batch/rank: 32
  LR:         0.001
  Scheduler:  cosine
  Warmup:     0
  Grad clip:  None
  Drop last:  False
  Data dir:   ./data
================================================================================

  Batch [50/391] Loss: 2.3072, Acc: 12.75%
  Batch [100/391] Loss: 2.2702, Acc: 14.59%
  Batch [150/391] Loss: 2.2375, Acc: 15.88%
  Batch [200/391] Loss: 2.1944, Acc: 17.30%
  Batch [250/391] Loss: 2.1638, Acc: 18.70%
  Batch [300/391] Loss: 2.1330, Acc: 19.85%
  Batch [350/391] Loss: 2.1078, Acc: 20.88%
[Epoch 1] Train Loss: 2.0861, Acc: 21.79%  |  Val Loss: 1.8570, Acc: 32.28%  |  Time: 14.9s
  -> Best model saved (32.28%)
[Epoch 1] Summarizing hook timing...

[HOOK_TIMING_SUMMARY] epoch=1
[HOOK_WORK_SUMMARY] label=mpi:default_clone calls=2731 work_total_ms=15078.631 work_mean_ms=5.521 work_min_ms=0.628 work_max_ms=33.188
[HOOK_TAIL_SUMMARY] label=mpi:default_clone steps=392 tail_total_ms=1457.774 tail_mean_ms=3.719 tail_min_ms=1.474 tail_max_ms=58.740
[Epoch 1] Hook timing summary done

[Epoch 2] Training... (lr=0.000994)
  Batch [50/391] Loss: 1.8513, Acc: 28.88%
  Batch [100/391] Loss: 1.8590, Acc: 29.78%
  Batch [150/391] Loss: 1.8667, Acc: 29.62%
  Batch [200/391] Loss: 1.8535, Acc: 30.23%
  Batch [250/391] Loss: 1.8406, Acc: 30.71%
  Batch [300/391] Loss: 1.8257, Acc: 31.32%
  Batch [350/391] Loss: 1.8161, Acc: 31.43%
[Epoch 2] Train Loss: 1.8107, Acc: 31.49%  |  Val Loss: 1.6888, Acc: 37.84%  |  Time: 13.6s
  -> Best model saved (37.84%)
[Epoch 2] Summarizing hook timing...

[HOOK_TIMING_SUMMARY] epoch=2
[HOOK_WORK_SUMMARY] label=mpi:default_clone calls=2737 work_total_ms=16183.607 work_mean_ms=5.913 work_min_ms=0.675 work_max_ms=12.437
[HOOK_TAIL_SUMMARY] label=mpi:default_clone steps=391 tail_total_ms=1582.394 tail_mean_ms=4.047 tail_min_ms=2.368 tail_max_ms=7.607
[Epoch 2] Hook timing summary done

[Epoch 3] Training... (lr=0.000976)
  Batch [50/391] Loss: 1.6838, Acc: 35.75%
  Batch [100/391] Loss: 1.6988, Acc: 35.25%
  Batch [150/391] Loss: 1.7022, Acc: 35.71%
  Batch [200/391] Loss: 1.7005, Acc: 35.69%
  Batch [250/391] Loss: 1.6890, Acc: 36.17%
  Batch [300/391] Loss: 1.6769, Acc: 36.88%
  Batch [350/391] Loss: 1.6721, Acc: 37.16%
[Epoch 3] Train Loss: 1.6687, Acc: 37.38%  |  Val Loss: 1.5100, Acc: 44.64%  |  Time: 13.5s
  -> Best model saved (44.64%)
[Epoch 3] Summarizing hook timing...

[HOOK_TIMING_SUMMARY] epoch=3
[HOOK_WORK_SUMMARY] label=mpi:default_clone calls=2737 work_total_ms=15728.567 work_mean_ms=5.747 work_min_ms=0.617 work_max_ms=12.158
[HOOK_TAIL_SUMMARY] label=mpi:default_clone steps=391 tail_total_ms=1513.981 tail_mean_ms=3.872 tail_min_ms=2.036 tail_max_ms=5.937
[Epoch 3] Hook timing summary done

[Epoch 4] Training... (lr=0.000946)
  Batch [50/391] Loss: 1.5985, Acc: 40.44%
  Batch [100/391] Loss: 1.5938, Acc: 40.91%
  Batch [150/391] Loss: 1.5902, Acc: 40.71%
  Batch [200/391] Loss: 1.5949, Acc: 40.67%
  Batch [250/391] Loss: 1.5814, Acc: 40.88%
  Batch [300/391] Loss: 1.5783, Acc: 41.18%
  Batch [350/391] Loss: 1.5748, Acc: 41.29%
[Epoch 4] Train Loss: 1.5712, Acc: 41.39%  |  Val Loss: 1.4604, Acc: 47.00%  |  Time: 13.5s
  -> Best model saved (47.00%)
[Epoch 4] Summarizing hook timing...

[HOOK_TIMING_SUMMARY] epoch=4
[HOOK_WORK_SUMMARY] label=mpi:default_clone calls=2737 work_total_ms=16057.879 work_mean_ms=5.867 work_min_ms=0.614 work_max_ms=12.552
[HOOK_TAIL_SUMMARY] label=mpi:default_clone steps=391 tail_total_ms=1552.333 tail_mean_ms=3.970 tail_min_ms=1.966 tail_max_ms=7.324
[Epoch 4] Hook timing summary done

[Epoch 5] Training... (lr=0.000905)
  Batch [50/391] Loss: 1.5283, Acc: 44.12%
  Batch [100/391] Loss: 1.5440, Acc: 42.88%
  Batch [150/391] Loss: 1.5331, Acc: 43.27%
  Batch [200/391] Loss: 1.5343, Acc: 43.17%
  Batch [250/391] Loss: 1.5254, Acc: 43.67%
  Batch [300/391] Loss: 1.5155, Acc: 43.71%
  Batch [350/391] Loss: 1.5120, Acc: 43.88%
[Epoch 5] Train Loss: 1.5057, Acc: 44.14%  |  Val Loss: 1.4275, Acc: 47.36%  |  Time: 13.5s
  -> Best model saved (47.36%)
[Epoch 5] Summarizing hook timing...

[HOOK_TIMING_SUMMARY] epoch=5
[HOOK_WORK_SUMMARY] label=mpi:default_clone calls=2737 work_total_ms=14634.140 work_mean_ms=5.347 work_min_ms=0.619 work_max_ms=10.169
[HOOK_TAIL_SUMMARY] label=mpi:default_clone steps=391 tail_total_ms=1336.888 tail_mean_ms=3.419 tail_min_ms=2.091 tail_max_ms=5.327
[Epoch 5] Hook timing summary done

[Epoch 6] Training... (lr=0.000854)
  Batch [50/391] Loss: 1.4313, Acc: 46.44%
  Batch [100/391] Loss: 1.4228, Acc: 47.12%
  Batch [150/391] Loss: 1.4124, Acc: 47.44%
  Batch [200/391] Loss: 1.4039, Acc: 48.06%
  Batch [250/391] Loss: 1.4172, Acc: 47.59%
  Batch [300/391] Loss: 1.4202, Acc: 47.49%
  Batch [350/391] Loss: 1.4282, Acc: 47.55%
[Epoch 6] Train Loss: 1.4225, Acc: 47.77%  |  Val Loss: 1.2920, Acc: 53.04%  |  Time: 13.6s
  -> Best model saved (53.04%)
[Epoch 6] Summarizing hook timing...

[HOOK_TIMING_SUMMARY] epoch=6
[HOOK_WORK_SUMMARY] label=mpi:default_clone calls=2737 work_total_ms=15277.959 work_mean_ms=5.582 work_min_ms=0.547 work_max_ms=9.929
[HOOK_TAIL_SUMMARY] label=mpi:default_clone steps=391 tail_total_ms=1432.359 tail_mean_ms=3.663 tail_min_ms=1.976 tail_max_ms=4.589
[Epoch 6] Hook timing summary done

[Epoch 7] Training... (lr=0.000794)
  Batch [50/391] Loss: 1.3922, Acc: 48.62%
  Batch [100/391] Loss: 1.3741, Acc: 49.34%
  Batch [150/391] Loss: 1.3769, Acc: 49.31%
  Batch [200/391] Loss: 1.3822, Acc: 48.95%
  Batch [250/391] Loss: 1.3804, Acc: 48.73%
  Batch [300/391] Loss: 1.3822, Acc: 48.76%
  Batch [350/391] Loss: 1.3751, Acc: 49.14%
[Epoch 7] Train Loss: 1.3804, Acc: 49.08%  |  Val Loss: 1.2853, Acc: 53.60%  |  Time: 13.6s
  -> Best model saved (53.60%)
[Epoch 7] Summarizing hook timing...

[HOOK_TIMING_SUMMARY] epoch=7
[HOOK_WORK_SUMMARY] label=mpi:default_clone calls=2737 work_total_ms=15208.672 work_mean_ms=5.557 work_min_ms=0.618 work_max_ms=9.918
[HOOK_TAIL_SUMMARY] label=mpi:default_clone steps=391 tail_total_ms=1433.743 tail_mean_ms=3.667 tail_min_ms=2.045 tail_max_ms=4.188
[Epoch 7] Hook timing summary done

[Epoch 8] Training... (lr=0.000727)
  Batch [50/391] Loss: 1.4066, Acc: 49.75%
  Batch [100/391] Loss: 1.3743, Acc: 49.88%
  Batch [150/391] Loss: 1.3682, Acc: 49.90%
  Batch [200/391] Loss: 1.3611, Acc: 50.42%
  Batch [250/391] Loss: 1.3544, Acc: 50.62%
  Batch [300/391] Loss: 1.3434, Acc: 51.22%
  Batch [350/391] Loss: 1.3290, Acc: 51.58%
[Epoch 8] Train Loss: 1.3287, Acc: 51.60%  |  Val Loss: 1.2195, Acc: 57.04%  |  Time: 13.6s
  -> Best model saved (57.04%)
[Epoch 8] Summarizing hook timing...

[HOOK_TIMING_SUMMARY] epoch=8
[HOOK_WORK_SUMMARY] label=mpi:default_clone calls=2737 work_total_ms=16180.619 work_mean_ms=5.912 work_min_ms=0.625 work_max_ms=9.917
[HOOK_TAIL_SUMMARY] label=mpi:default_clone steps=391 tail_total_ms=1602.447 tail_mean_ms=4.098 tail_min_ms=2.065 tail_max_ms=4.717
[Epoch 8] Hook timing summary done

[Epoch 9] Training... (lr=0.000655)
  Batch [50/391] Loss: 1.3044, Acc: 51.06%
  Batch [100/391] Loss: 1.3067, Acc: 52.00%
  Batch [150/391] Loss: 1.3120, Acc: 52.17%
  Batch [200/391] Loss: 1.2906, Acc: 53.14%
  Batch [250/391] Loss: 1.2803, Acc: 53.46%
  Batch [300/391] Loss: 1.2831, Acc: 53.31%
  Batch [350/391] Loss: 1.2886, Acc: 53.22%
[Epoch 9] Train Loss: 1.2843, Acc: 53.46%  |  Val Loss: 1.2280, Acc: 56.24%  |  Time: 13.5s
[Epoch 9] Summarizing hook timing...

[HOOK_TIMING_SUMMARY] epoch=9
[HOOK_WORK_SUMMARY] label=mpi:default_clone calls=2737 work_total_ms=15172.881 work_mean_ms=5.544 work_min_ms=0.596 work_max_ms=9.994
[HOOK_TAIL_SUMMARY] label=mpi:default_clone steps=391 tail_total_ms=1410.974 tail_mean_ms=3.609 tail_min_ms=2.100 tail_max_ms=4.688
[Epoch 9] Hook timing summary done

[Epoch 10] Training... (lr=0.000578)
  Batch [50/391] Loss: 1.2267, Acc: 55.25%
  Batch [100/391] Loss: 1.2438, Acc: 54.50%
  Batch [150/391] Loss: 1.2386, Acc: 55.12%
  Batch [200/391] Loss: 1.2491, Acc: 54.92%
  Batch [250/391] Loss: 1.2428, Acc: 54.99%
  Batch [300/391] Loss: 1.2446, Acc: 54.94%
  Batch [350/391] Loss: 1.2417, Acc: 54.96%
[Epoch 10] Train Loss: 1.2434, Acc: 55.05%  |  Val Loss: 1.1594, Acc: 59.28%  |  Time: 13.5s
  -> Best model saved (59.28%)
[Epoch 10] Summarizing hook timing...

[HOOK_TIMING_SUMMARY] epoch=10
[HOOK_WORK_SUMMARY] label=mpi:default_clone calls=2737 work_total_ms=15015.254 work_mean_ms=5.486 work_min_ms=0.623 work_max_ms=18.969
[HOOK_TAIL_SUMMARY] label=mpi:default_clone steps=391 tail_total_ms=1387.049 tail_mean_ms=3.547 tail_min_ms=2.240 tail_max_ms=14.394
[Epoch 10] Hook timing summary done

[Epoch 11] Training... (lr=0.000500)
  Batch [50/391] Loss: 1.1643, Acc: 57.19%
  Batch [100/391] Loss: 1.1901, Acc: 56.69%
  Batch [150/391] Loss: 1.2145, Acc: 56.17%
  Batch [200/391] Loss: 1.2131, Acc: 56.28%
  Batch [250/391] Loss: 1.2118, Acc: 56.38%
  Batch [300/391] Loss: 1.2053, Acc: 56.57%
  Batch [350/391] Loss: 1.2011, Acc: 56.83%
[Epoch 11] Train Loss: 1.1962, Acc: 56.99%  |  Val Loss: 1.1068, Acc: 60.76%  |  Time: 13.4s
  -> Best model saved (60.76%)
[Epoch 11] Summarizing hook timing...

[HOOK_TIMING_SUMMARY] epoch=11
[HOOK_WORK_SUMMARY] label=mpi:default_clone calls=2737 work_total_ms=13385.031 work_mean_ms=4.890 work_min_ms=0.533 work_max_ms=9.866
[HOOK_TAIL_SUMMARY] label=mpi:default_clone steps=391 tail_total_ms=1116.673 tail_mean_ms=2.856 tail_min_ms=2.017 tail_max_ms=4.214
[Epoch 11] Hook timing summary done

[Epoch 12] Training... (lr=0.000422)
  Batch [50/391] Loss: 1.1457, Acc: 58.62%
  Batch [100/391] Loss: 1.1517, Acc: 59.00%
  Batch [150/391] Loss: 1.1626, Acc: 58.52%
  Batch [200/391] Loss: 1.1667, Acc: 58.11%
  Batch [250/391] Loss: 1.1608, Acc: 58.19%
  Batch [300/391] Loss: 1.1553, Acc: 58.50%
  Batch [350/391] Loss: 1.1490, Acc: 58.71%
[Epoch 12] Train Loss: 1.1482, Acc: 58.72%  |  Val Loss: 1.0770, Acc: 61.92%  |  Time: 13.5s
  -> Best model saved (61.92%)
[Epoch 12] Summarizing hook timing...

[HOOK_TIMING_SUMMARY] epoch=12
[HOOK_WORK_SUMMARY] label=mpi:default_clone calls=2737 work_total_ms=14908.480 work_mean_ms=5.447 work_min_ms=0.594 work_max_ms=12.883
[HOOK_TAIL_SUMMARY] label=mpi:default_clone steps=391 tail_total_ms=1356.789 tail_mean_ms=3.470 tail_min_ms=2.129 tail_max_ms=7.945
[Epoch 12] Hook timing summary done

[Epoch 13] Training... (lr=0.000345)
  Batch [50/391] Loss: 1.1304, Acc: 59.50%
  Batch [100/391] Loss: 1.1478, Acc: 57.88%
  Batch [150/391] Loss: 1.1326, Acc: 58.98%
  Batch [200/391] Loss: 1.1267, Acc: 59.03%
  Batch [250/391] Loss: 1.1214, Acc: 59.33%
  Batch [300/391] Loss: 1.1267, Acc: 59.05%
  Batch [350/391] Loss: 1.1308, Acc: 59.04%
[Epoch 13] Train Loss: 1.1249, Acc: 59.34%  |  Val Loss: 1.0558, Acc: 62.04%  |  Time: 13.5s
  -> Best model saved (62.04%)
[Epoch 13] Summarizing hook timing...

[HOOK_TIMING_SUMMARY] epoch=13
[HOOK_WORK_SUMMARY] label=mpi:default_clone calls=2737 work_total_ms=14313.247 work_mean_ms=5.230 work_min_ms=0.598 work_max_ms=9.920
[HOOK_TAIL_SUMMARY] label=mpi:default_clone steps=391 tail_total_ms=1279.112 tail_mean_ms=3.271 tail_min_ms=2.148 tail_max_ms=4.139
[Epoch 13] Hook timing summary done

[Epoch 14] Training... (lr=0.000273)
  Batch [50/391] Loss: 1.1173, Acc: 58.19%
  Batch [100/391] Loss: 1.0937, Acc: 59.78%
  Batch [150/391] Loss: 1.1139, Acc: 59.38%
  Batch [200/391] Loss: 1.1110, Acc: 59.69%
  Batch [250/391] Loss: 1.1050, Acc: 59.99%
  Batch [300/391] Loss: 1.1061, Acc: 60.16%
  Batch [350/391] Loss: 1.1056, Acc: 60.11%
[Epoch 14] Train Loss: 1.0999, Acc: 60.43%  |  Val Loss: 1.0533, Acc: 63.36%  |  Time: 13.5s
  -> Best model saved (63.36%)
[Epoch 14] Summarizing hook timing...

[HOOK_TIMING_SUMMARY] epoch=14
[HOOK_WORK_SUMMARY] label=mpi:default_clone calls=2737 work_total_ms=14645.776 work_mean_ms=5.351 work_min_ms=0.638 work_max_ms=9.920
[HOOK_TAIL_SUMMARY] label=mpi:default_clone steps=391 tail_total_ms=1347.924 tail_mean_ms=3.447 tail_min_ms=2.081 tail_max_ms=4.053
[Epoch 14] Hook timing summary done

[Epoch 15] Training... (lr=0.000206)
  Batch [50/391] Loss: 1.0336, Acc: 61.12%
  Batch [100/391] Loss: 1.0729, Acc: 60.72%
  Batch [150/391] Loss: 1.0730, Acc: 60.98%
  Batch [200/391] Loss: 1.0716, Acc: 61.06%
  Batch [250/391] Loss: 1.0699, Acc: 61.21%
  Batch [300/391] Loss: 1.0779, Acc: 60.92%
  Batch [350/391] Loss: 1.0830, Acc: 60.79%
[Epoch 15] Train Loss: 1.0828, Acc: 60.78%  |  Val Loss: 1.0295, Acc: 63.56%  |  Time: 13.6s
  -> Best model saved (63.56%)
[Epoch 15] Summarizing hook timing...

[HOOK_TIMING_SUMMARY] epoch=15
[HOOK_WORK_SUMMARY] label=mpi:default_clone calls=2737 work_total_ms=16228.675 work_mean_ms=5.929 work_min_ms=0.702 work_max_ms=9.884
[HOOK_TAIL_SUMMARY] label=mpi:default_clone steps=391 tail_total_ms=1590.883 tail_mean_ms=4.069 tail_min_ms=2.229 tail_max_ms=4.783
[Epoch 15] Hook timing summary done

[Epoch 16] Training... (lr=0.000146)
  Batch [50/391] Loss: 1.0724, Acc: 60.62%
  Batch [100/391] Loss: 1.0934, Acc: 60.56%
  Batch [150/391] Loss: 1.0666, Acc: 61.65%
  Batch [200/391] Loss: 1.0693, Acc: 62.19%
  Batch [250/391] Loss: 1.0717, Acc: 61.90%
  Batch [300/391] Loss: 1.0702, Acc: 61.99%
  Batch [350/391] Loss: 1.0664, Acc: 62.04%
[Epoch 16] Train Loss: 1.0618, Acc: 62.05%  |  Val Loss: 1.0132, Acc: 64.40%  |  Time: 13.5s
  -> Best model saved (64.40%)
[Epoch 16] Summarizing hook timing...

[HOOK_TIMING_SUMMARY] epoch=16
[HOOK_WORK_SUMMARY] label=mpi:default_clone calls=2737 work_total_ms=15603.603 work_mean_ms=5.701 work_min_ms=0.663 work_max_ms=9.969
[HOOK_TAIL_SUMMARY] label=mpi:default_clone steps=391 tail_total_ms=1475.295 tail_mean_ms=3.773 tail_min_ms=2.065 tail_max_ms=4.847
[Epoch 16] Hook timing summary done

[Epoch 17] Training... (lr=0.000095)
  Batch [50/391] Loss: 1.0217, Acc: 63.00%
  Batch [100/391] Loss: 1.0470, Acc: 62.16%
  Batch [150/391] Loss: 1.0303, Acc: 62.85%
  Batch [200/391] Loss: 1.0307, Acc: 63.00%
  Batch [250/391] Loss: 1.0254, Acc: 63.02%
  Batch [300/391] Loss: 1.0280, Acc: 62.89%
  Batch [350/391] Loss: 1.0221, Acc: 63.09%
[Epoch 17] Train Loss: 1.0261, Acc: 62.94%  |  Val Loss: 1.0005, Acc: 65.32%  |  Time: 13.5s
  -> Best model saved (65.32%)
[Epoch 17] Summarizing hook timing...

[HOOK_TIMING_SUMMARY] epoch=17
[HOOK_WORK_SUMMARY] label=mpi:default_clone calls=2737 work_total_ms=14408.581 work_mean_ms=5.264 work_min_ms=0.570 work_max_ms=9.955
[HOOK_TAIL_SUMMARY] label=mpi:default_clone steps=391 tail_total_ms=1273.300 tail_mean_ms=3.257 tail_min_ms=2.141 tail_max_ms=4.286
[Epoch 17] Hook timing summary done

[Epoch 18] Training... (lr=0.000054)
  Batch [50/391] Loss: 1.0422, Acc: 61.69%
  Batch [100/391] Loss: 1.0298, Acc: 63.34%
  Batch [150/391] Loss: 1.0337, Acc: 63.10%
  Batch [200/391] Loss: 1.0349, Acc: 63.16%
  Batch [250/391] Loss: 1.0362, Acc: 63.14%
  Batch [300/391] Loss: 1.0316, Acc: 63.40%
  Batch [350/391] Loss: 1.0291, Acc: 63.57%
[Epoch 18] Train Loss: 1.0319, Acc: 63.34%  |  Val Loss: 1.0039, Acc: 65.12%  |  Time: 13.5s
[Epoch 18] Summarizing hook timing...

[HOOK_TIMING_SUMMARY] epoch=18
[HOOK_WORK_SUMMARY] label=mpi:default_clone calls=2737 work_total_ms=14531.404 work_mean_ms=5.309 work_min_ms=0.590 work_max_ms=9.908
[HOOK_TAIL_SUMMARY] label=mpi:default_clone steps=391 tail_total_ms=1315.698 tail_mean_ms=3.365 tail_min_ms=2.006 tail_max_ms=4.214
[Epoch 18] Hook timing summary done

[Epoch 19] Training... (lr=0.000024)
  Batch [50/391] Loss: 1.0306, Acc: 62.81%
  Batch [100/391] Loss: 1.0324, Acc: 63.38%
  Batch [150/391] Loss: 1.0367, Acc: 62.69%
  Batch [200/391] Loss: 1.0274, Acc: 63.17%
  Batch [250/391] Loss: 1.0327, Acc: 63.08%
  Batch [300/391] Loss: 1.0296, Acc: 63.16%
  Batch [350/391] Loss: 1.0289, Acc: 63.11%
[Epoch 19] Train Loss: 1.0312, Acc: 63.02%  |  Val Loss: 1.0044, Acc: 64.92%  |  Time: 13.4s
[Epoch 19] Summarizing hook timing...

[HOOK_TIMING_SUMMARY] epoch=19
[HOOK_WORK_SUMMARY] label=mpi:default_clone calls=2737 work_total_ms=14698.249 work_mean_ms=5.370 work_min_ms=0.616 work_max_ms=19.090
[HOOK_TAIL_SUMMARY] label=mpi:default_clone steps=391 tail_total_ms=1343.029 tail_mean_ms=3.435 tail_min_ms=2.274 tail_max_ms=16.907
[Epoch 19] Hook timing summary done

[Epoch 20] Training... (lr=0.000006)
  Batch [50/391] Loss: 0.9879, Acc: 64.31%
  Batch [100/391] Loss: 1.0058, Acc: 63.53%
  Batch [150/391] Loss: 1.0199, Acc: 63.25%
  Batch [200/391] Loss: 1.0210, Acc: 63.52%
  Batch [250/391] Loss: 1.0260, Acc: 63.45%
  Batch [300/391] Loss: 1.0256, Acc: 63.44%
  Batch [350/391] Loss: 1.0277, Acc: 63.22%
[Epoch 20] Train Loss: 1.0307, Acc: 63.08%  |  Val Loss: 0.9950, Acc: 65.72%  |  Time: 13.5s
  -> Best model saved (65.72%)
[Epoch 20] Summarizing hook timing...

[HOOK_TIMING_SUMMARY] epoch=20
[HOOK_WORK_SUMMARY] label=mpi:default_clone calls=2737 work_total_ms=15185.602 work_mean_ms=5.548 work_min_ms=0.590 work_max_ms=21.554
[HOOK_TAIL_SUMMARY] label=mpi:default_clone steps=391 tail_total_ms=1402.927 tail_mean_ms=3.588 tail_min_ms=2.209 tail_max_ms=18.812
[Epoch 20] Hook timing summary done

================================================================================
Done in 286.7s | Best val acc: 65.72%
Epoch times: mean=13.6s  min=13.4s  max=14.9s
================================================================================
=== Finished training: model=wide_resnet50_2, dataset=cifar10, batch=32, lr=0.001, scheduler=cosine, backend=mpi, hook=default_clone, zfp_rate=none, status=0 at Thu Jul  9 07:10:50 PM UTC 2026 ===
=== Starting training: model=wide_resnet50_2, dataset=cifar10, batch=32, lr=0.001, scheduler=cosine, backend=mpi, hook=default_cpu_stage, zfp_rate=none at Thu Jul  9 07:10:50 PM UTC 2026 ===

================================================================================
DISTRIBUTED TRAINING LAUNCHER
================================================================================
  Model:      wide_resnet50_2 (CIFAR stem) (from scratch)
  Dataset:    cifar10 (10 classes)
  Image size: 32
  Backend:    mpi
  Algorithm:  default_cpu_stage
  Epochs:     20
  Batch/rank: 32
  LR:         0.001
  Scheduler:  cosine
  Warmup:     0
  Grad clip:  None
  Drop last:  False
  Data dir:   ./data
================================================================================


================================================================================
Distributed Training: WIDE_RESNET50_2 on CIFAR10
Backend: MPI, Algorithm: default_cpu_stage
================================================================================
Ranks: 4, Epochs: 20, Batch/rank: 32, Effective batch: 128
LR: 0.001, Device: cuda:0

[Cache] Pretrained weights cache (TORCH_HOME) = ./data/pretrained_weights_cache
[Setup] Model on cuda:0, wrapped in DDP (static_graph=True)
[Setup] Hook registered: mpi/default_cpu_stage

================================================================================
DISTRIBUTED TRAINING LAUNCHER
================================================================================
  Model:      wide_resnet50_2 (CIFAR stem) (from scratch)
  Dataset:    cifar10 (10 classes)
  Image size: 32
  Backend:    mpi
  Algorithm:  default_cpu_stage
  Epochs:     20
  Batch/rank: 32
  LR:         0.001
  Scheduler:  cosine
  Warmup:     0
  Grad clip:  None
  Drop last:  False
  Data dir:   ./data
================================================================================


================================================================================
DISTRIBUTED TRAINING LAUNCHER
================================================================================
  Model:      wide_resnet50_2 (CIFAR stem) (from scratch)
  Dataset:    cifar10 (10 classes)
  Image size: 32
  Backend:    mpi
  Algorithm:  default_cpu_stage
  Epochs:     20
  Batch/rank: 32
  LR:         0.001
  Scheduler:  cosine
  Warmup:     0
  Grad clip:  None
  Drop last:  False
  Data dir:   ./data
================================================================================

[Data] Train batches: 391, Val batches: 79


[Epoch 1] Training... (lr=0.001000)

================================================================================
DISTRIBUTED TRAINING LAUNCHER
================================================================================
  Model:      wide_resnet50_2 (CIFAR stem) (from scratch)
  Dataset:    cifar10 (10 classes)
  Image size: 32
  Backend:    mpi
  Algorithm:  default_cpu_stage
  Epochs:     20
  Batch/rank: 32
  LR:         0.001
  Scheduler:  cosine
  Warmup:     0
  Grad clip:  None
  Drop last:  False
  Data dir:   ./data
================================================================================

  Batch [50/391] Loss: 2.3010, Acc: 13.81%
  Batch [100/391] Loss: 2.2526, Acc: 15.69%
  Batch [150/391] Loss: 2.2210, Acc: 16.40%
  Batch [200/391] Loss: 2.1814, Acc: 17.77%
  Batch [250/391] Loss: 2.1478, Acc: 18.96%
  Batch [300/391] Loss: 2.1208, Acc: 20.03%
  Batch [350/391] Loss: 2.0953, Acc: 20.96%
[Epoch 1] Train Loss: 2.0756, Acc: 21.88%  |  Val Loss: 1.8358, Acc: 32.36%  |  Time: 89.6s
  -> Best model saved (32.36%)
[Epoch 1] Summarizing hook timing...

[HOOK_TIMING_SUMMARY] epoch=1
[HOOK_WORK_SUMMARY] label=mpi:default_cpu_stage calls=2731 work_total_ms=73302.574 work_mean_ms=26.841 work_min_ms=1.515 work_max_ms=298.035
[HOOK_TAIL_SUMMARY] label=mpi:default_cpu_stage steps=392 tail_total_ms=1873.311 tail_mean_ms=4.779 tail_min_ms=2.142 tail_max_ms=326.454
[Epoch 1] Hook timing summary done

[Epoch 2] Training... (lr=0.000994)
  Batch [50/391] Loss: 1.8409, Acc: 29.56%
  Batch [100/391] Loss: 1.8439, Acc: 30.12%
  Batch [150/391] Loss: 1.8593, Acc: 29.79%
  Batch [200/391] Loss: 1.8470, Acc: 30.27%
  Batch [250/391] Loss: 1.8363, Acc: 30.60%
  Batch [300/391] Loss: 1.8176, Acc: 31.33%
  Batch [350/391] Loss: 1.8111, Acc: 31.51%
[Epoch 2] Train Loss: 1.8055, Acc: 31.81%  |  Val Loss: 1.6718, Acc: 38.80%  |  Time: 88.6s
  -> Best model saved (38.80%)
[Epoch 2] Summarizing hook timing...

[HOOK_TIMING_SUMMARY] epoch=2
[HOOK_WORK_SUMMARY] label=mpi:default_cpu_stage calls=2737 work_total_ms=73395.404 work_mean_ms=26.816 work_min_ms=1.561 work_max_ms=43.898
[HOOK_TAIL_SUMMARY] label=mpi:default_cpu_stage steps=391 tail_total_ms=1989.495 tail_mean_ms=5.088 tail_min_ms=3.446 tail_max_ms=5.859
[Epoch 2] Hook timing summary done

[Epoch 3] Training... (lr=0.000976)
  Batch [50/391] Loss: 1.6862, Acc: 36.00%
  Batch [100/391] Loss: 1.7101, Acc: 35.53%
  Batch [150/391] Loss: 1.7147, Acc: 35.67%
  Batch [200/391] Loss: 1.7073, Acc: 36.03%
  Batch [250/391] Loss: 1.6982, Acc: 36.35%
  Batch [300/391] Loss: 1.6856, Acc: 36.80%
  Batch [350/391] Loss: 1.6807, Acc: 37.28%
[Epoch 3] Train Loss: 1.6739, Acc: 37.52%  |  Val Loss: 1.5541, Acc: 44.20%  |  Time: 88.9s
  -> Best model saved (44.20%)
[Epoch 3] Summarizing hook timing...

[HOOK_TIMING_SUMMARY] epoch=3
[HOOK_WORK_SUMMARY] label=mpi:default_cpu_stage calls=2737 work_total_ms=73759.878 work_mean_ms=26.949 work_min_ms=1.514 work_max_ms=45.663
[HOOK_TAIL_SUMMARY] label=mpi:default_cpu_stage steps=391 tail_total_ms=1874.869 tail_mean_ms=4.795 tail_min_ms=3.397 tail_max_ms=5.686
[Epoch 3] Hook timing summary done

[Epoch 4] Training... (lr=0.000946)
  Batch [50/391] Loss: 1.6000, Acc: 41.88%
  Batch [100/391] Loss: 1.5915, Acc: 41.41%
  Batch [150/391] Loss: 1.5852, Acc: 41.79%
  Batch [200/391] Loss: 1.5936, Acc: 41.45%
  Batch [250/391] Loss: 1.5823, Acc: 41.54%
  Batch [300/391] Loss: 1.5797, Acc: 41.83%
  Batch [350/391] Loss: 1.5770, Acc: 41.79%
[Epoch 4] Train Loss: 1.5733, Acc: 41.82%  |  Val Loss: 1.4791, Acc: 44.00%  |  Time: 90.0s
[Epoch 4] Summarizing hook timing...

[HOOK_TIMING_SUMMARY] epoch=4
[HOOK_WORK_SUMMARY] label=mpi:default_cpu_stage calls=2737 work_total_ms=74781.011 work_mean_ms=27.322 work_min_ms=2.027 work_max_ms=45.071
[HOOK_TAIL_SUMMARY] label=mpi:default_cpu_stage steps=391 tail_total_ms=2066.314 tail_mean_ms=5.285 tail_min_ms=3.879 tail_max_ms=6.120
[Epoch 4] Hook timing summary done

[Epoch 5] Training... (lr=0.000905)
  Batch [50/391] Loss: 1.5154, Acc: 43.81%
  Batch [100/391] Loss: 1.5498, Acc: 42.44%
  Batch [150/391] Loss: 1.5358, Acc: 43.23%
  Batch [200/391] Loss: 1.5370, Acc: 43.27%
  Batch [250/391] Loss: 1.5286, Acc: 43.50%
  Batch [300/391] Loss: 1.5212, Acc: 43.43%
  Batch [350/391] Loss: 1.5156, Acc: 43.84%
[Epoch 5] Train Loss: 1.5079, Acc: 44.24%  |  Val Loss: 1.3751, Acc: 49.44%  |  Time: 83.2s
  -> Best model saved (49.44%)
[Epoch 5] Summarizing hook timing...

[HOOK_TIMING_SUMMARY] epoch=5
[HOOK_WORK_SUMMARY] label=mpi:default_cpu_stage calls=2737 work_total_ms=68115.376 work_mean_ms=24.887 work_min_ms=1.412 work_max_ms=44.270
[HOOK_TAIL_SUMMARY] label=mpi:default_cpu_stage steps=391 tail_total_ms=1555.614 tail_mean_ms=3.979 tail_min_ms=2.483 tail_max_ms=5.599
[Epoch 5] Hook timing summary done

[Epoch 6] Training... (lr=0.000854)
  Batch [50/391] Loss: 1.4330, Acc: 45.81%
  Batch [100/391] Loss: 1.4124, Acc: 47.34%
  Batch [150/391] Loss: 1.4030, Acc: 47.83%
  Batch [200/391] Loss: 1.3943, Acc: 48.28%
  Batch [250/391] Loss: 1.4100, Acc: 48.20%
  Batch [300/391] Loss: 1.4112, Acc: 48.03%
  Batch [350/391] Loss: 1.4199, Acc: 47.82%
[Epoch 6] Train Loss: 1.4179, Acc: 48.02%  |  Val Loss: 1.3071, Acc: 52.60%  |  Time: 81.7s
  -> Best model saved (52.60%)
[Epoch 6] Summarizing hook timing...

[HOOK_TIMING_SUMMARY] epoch=6
[HOOK_WORK_SUMMARY] label=mpi:default_cpu_stage calls=2737 work_total_ms=66444.406 work_mean_ms=24.276 work_min_ms=1.306 work_max_ms=44.529
[HOOK_TAIL_SUMMARY] label=mpi:default_cpu_stage steps=391 tail_total_ms=1484.547 tail_mean_ms=3.797 tail_min_ms=2.614 tail_max_ms=5.677
[Epoch 6] Hook timing summary done

[Epoch 7] Training... (lr=0.000794)
  Batch [50/391] Loss: 1.3844, Acc: 49.12%
  Batch [100/391] Loss: 1.3721, Acc: 49.72%
  Batch [150/391] Loss: 1.3791, Acc: 49.71%
  Batch [200/391] Loss: 1.3851, Acc: 49.72%
  Batch [250/391] Loss: 1.3820, Acc: 49.79%
  Batch [300/391] Loss: 1.3821, Acc: 49.93%
  Batch [350/391] Loss: 1.3751, Acc: 50.06%
[Epoch 7] Train Loss: 1.3799, Acc: 49.98%  |  Val Loss: 1.3052, Acc: 52.48%  |  Time: 89.4s
[Epoch 7] Summarizing hook timing...

[HOOK_TIMING_SUMMARY] epoch=7
[HOOK_WORK_SUMMARY] label=mpi:default_cpu_stage calls=2737 work_total_ms=74415.822 work_mean_ms=27.189 work_min_ms=1.462 work_max_ms=46.064
[HOOK_TAIL_SUMMARY] label=mpi:default_cpu_stage steps=391 tail_total_ms=1758.291 tail_mean_ms=4.497 tail_min_ms=2.677 tail_max_ms=5.871
[Epoch 7] Hook timing summary done

[Epoch 8] Training... (lr=0.000727)
  Batch [50/391] Loss: 1.3980, Acc: 50.25%
  Batch [100/391] Loss: 1.3616, Acc: 50.31%
  Batch [150/391] Loss: 1.3543, Acc: 50.40%
  Batch [200/391] Loss: 1.3485, Acc: 50.88%
  Batch [250/391] Loss: 1.3398, Acc: 51.19%
  Batch [300/391] Loss: 1.3327, Acc: 51.48%
  Batch [350/391] Loss: 1.3189, Acc: 51.93%
[Epoch 8] Train Loss: 1.3203, Acc: 52.00%  |  Val Loss: 1.2162, Acc: 56.40%  |  Time: 88.7s
  -> Best model saved (56.40%)
[Epoch 8] Summarizing hook timing...

[HOOK_TIMING_SUMMARY] epoch=8
[HOOK_WORK_SUMMARY] label=mpi:default_cpu_stage calls=2737 work_total_ms=73582.197 work_mean_ms=26.884 work_min_ms=1.405 work_max_ms=46.022
[HOOK_TAIL_SUMMARY] label=mpi:default_cpu_stage steps=391 tail_total_ms=1676.672 tail_mean_ms=4.288 tail_min_ms=2.963 tail_max_ms=5.691
[Epoch 8] Hook timing summary done

[Epoch 9] Training... (lr=0.000655)
  Batch [50/391] Loss: 1.2942, Acc: 52.56%
  Batch [100/391] Loss: 1.2920, Acc: 53.94%
  Batch [150/391] Loss: 1.3052, Acc: 53.94%
  Batch [200/391] Loss: 1.2832, Acc: 54.64%
  Batch [250/391] Loss: 1.2764, Acc: 54.48%
  Batch [300/391] Loss: 1.2786, Acc: 54.34%
  Batch [350/391] Loss: 1.2783, Acc: 54.08%
[Epoch 9] Train Loss: 1.2742, Acc: 54.26%  |  Val Loss: 1.2068, Acc: 57.76%  |  Time: 90.6s
  -> Best model saved (57.76%)
[Epoch 9] Summarizing hook timing...

[HOOK_TIMING_SUMMARY] epoch=9
[HOOK_WORK_SUMMARY] label=mpi:default_cpu_stage calls=2737 work_total_ms=75503.552 work_mean_ms=27.586 work_min_ms=1.501 work_max_ms=46.613
[HOOK_TAIL_SUMMARY] label=mpi:default_cpu_stage steps=391 tail_total_ms=1747.916 tail_mean_ms=4.470 tail_min_ms=3.413 tail_max_ms=5.467
[Epoch 9] Hook timing summary done

[Epoch 10] Training... (lr=0.000578)
  Batch [50/391] Loss: 1.2249, Acc: 56.19%
  Batch [100/391] Loss: 1.2412, Acc: 55.69%
  Batch [150/391] Loss: 1.2337, Acc: 56.06%
  Batch [200/391] Loss: 1.2408, Acc: 55.72%
  Batch [250/391] Loss: 1.2373, Acc: 55.64%
  Batch [300/391] Loss: 1.2420, Acc: 55.59%
  Batch [350/391] Loss: 1.2413, Acc: 55.54%
[Epoch 10] Train Loss: 1.2442, Acc: 55.51%  |  Val Loss: 1.1802, Acc: 57.32%  |  Time: 89.6s
[Epoch 10] Summarizing hook timing...

[HOOK_TIMING_SUMMARY] epoch=10
[HOOK_WORK_SUMMARY] label=mpi:default_cpu_stage calls=2737 work_total_ms=74410.152 work_mean_ms=27.187 work_min_ms=1.984 work_max_ms=45.526
[HOOK_TAIL_SUMMARY] label=mpi:default_cpu_stage steps=391 tail_total_ms=1861.895 tail_mean_ms=4.762 tail_min_ms=3.369 tail_max_ms=5.584
[Epoch 10] Hook timing summary done

[Epoch 11] Training... (lr=0.000500)
  Batch [50/391] Loss: 1.1838, Acc: 57.12%
  Batch [100/391] Loss: 1.2050, Acc: 56.53%
  Batch [150/391] Loss: 1.2114, Acc: 56.21%
  Batch [200/391] Loss: 1.2114, Acc: 56.19%
  Batch [250/391] Loss: 1.2073, Acc: 56.35%
  Batch [300/391] Loss: 1.1971, Acc: 56.74%
  Batch [350/391] Loss: 1.1910, Acc: 57.13%
[Epoch 11] Train Loss: 1.1871, Acc: 57.24%  |  Val Loss: 1.0925, Acc: 60.24%  |  Time: 89.3s
  -> Best model saved (60.24%)
[Epoch 11] Summarizing hook timing...

[HOOK_TIMING_SUMMARY] epoch=11
[HOOK_WORK_SUMMARY] label=mpi:default_cpu_stage calls=2737 work_total_ms=74100.088 work_mean_ms=27.073 work_min_ms=1.735 work_max_ms=45.225
[HOOK_TAIL_SUMMARY] label=mpi:default_cpu_stage steps=391 tail_total_ms=1967.736 tail_mean_ms=5.033 tail_min_ms=3.637 tail_max_ms=6.121
[Epoch 11] Hook timing summary done

[Epoch 12] Training... (lr=0.000422)
  Batch [50/391] Loss: 1.1433, Acc: 58.25%
  Batch [100/391] Loss: 1.1488, Acc: 58.72%
  Batch [150/391] Loss: 1.1644, Acc: 57.62%
  Batch [200/391] Loss: 1.1735, Acc: 57.42%
  Batch [250/391] Loss: 1.1698, Acc: 57.79%
  Batch [300/391] Loss: 1.1610, Acc: 58.10%
  Batch [350/391] Loss: 1.1562, Acc: 58.32%
[Epoch 12] Train Loss: 1.1560, Acc: 58.50%  |  Val Loss: 1.0968, Acc: 61.20%  |  Time: 90.6s
  -> Best model saved (61.20%)
[Epoch 12] Summarizing hook timing...

[HOOK_TIMING_SUMMARY] epoch=12
[HOOK_WORK_SUMMARY] label=mpi:default_cpu_stage calls=2737 work_total_ms=75450.945 work_mean_ms=27.567 work_min_ms=1.591 work_max_ms=45.183
[HOOK_TAIL_SUMMARY] label=mpi:default_cpu_stage steps=391 tail_total_ms=1740.219 tail_mean_ms=4.451 tail_min_ms=3.088 tail_max_ms=5.290
[Epoch 12] Hook timing summary done

[Epoch 13] Training... (lr=0.000345)
  Batch [50/391] Loss: 1.1321, Acc: 59.56%
  Batch [100/391] Loss: 1.1489, Acc: 58.25%
  Batch [150/391] Loss: 1.1364, Acc: 58.54%
  Batch [200/391] Loss: 1.1364, Acc: 58.97%
  Batch [250/391] Loss: 1.1272, Acc: 59.20%
  Batch [300/391] Loss: 1.1307, Acc: 59.22%
  Batch [350/391] Loss: 1.1375, Acc: 59.10%
[Epoch 13] Train Loss: 1.1324, Acc: 59.46%  |  Val Loss: 1.0562, Acc: 62.20%  |  Time: 92.2s
  -> Best model saved (62.20%)
[Epoch 13] Summarizing hook timing...

[HOOK_TIMING_SUMMARY] epoch=13
[HOOK_WORK_SUMMARY] label=mpi:default_cpu_stage calls=2737 work_total_ms=77061.769 work_mean_ms=28.156 work_min_ms=1.728 work_max_ms=46.198
[HOOK_TAIL_SUMMARY] label=mpi:default_cpu_stage steps=391 tail_total_ms=1900.907 tail_mean_ms=4.862 tail_min_ms=3.190 tail_max_ms=5.908
[Epoch 13] Hook timing summary done

[Epoch 14] Training... (lr=0.000273)
  Batch [50/391] Loss: 1.1252, Acc: 58.31%
  Batch [100/391] Loss: 1.0947, Acc: 59.84%
  Batch [150/391] Loss: 1.1118, Acc: 59.54%
  Batch [200/391] Loss: 1.1135, Acc: 60.08%
  Batch [250/391] Loss: 1.1063, Acc: 60.36%
  Batch [300/391] Loss: 1.1068, Acc: 60.52%
  Batch [350/391] Loss: 1.1066, Acc: 60.49%
[Epoch 14] Train Loss: 1.1037, Acc: 60.77%  |  Val Loss: 1.0417, Acc: 62.56%  |  Time: 87.8s
  -> Best model saved (62.56%)
[Epoch 14] Summarizing hook timing...

[HOOK_TIMING_SUMMARY] epoch=14
[HOOK_WORK_SUMMARY] label=mpi:default_cpu_stage calls=2737 work_total_ms=72655.645 work_mean_ms=26.546 work_min_ms=1.562 work_max_ms=45.524
[HOOK_TAIL_SUMMARY] label=mpi:default_cpu_stage steps=391 tail_total_ms=1887.760 tail_mean_ms=4.828 tail_min_ms=3.368 tail_max_ms=5.815
[Epoch 14] Hook timing summary done

[Epoch 15] Training... (lr=0.000206)
  Batch [50/391] Loss: 1.0442, Acc: 62.50%
  Batch [100/391] Loss: 1.0826, Acc: 61.22%
  Batch [150/391] Loss: 1.0899, Acc: 61.29%
  Batch [200/391] Loss: 1.0900, Acc: 61.12%
  Batch [250/391] Loss: 1.0886, Acc: 60.94%
  Batch [300/391] Loss: 1.0919, Acc: 60.97%
  Batch [350/391] Loss: 1.0929, Acc: 60.96%
[Epoch 15] Train Loss: 1.0933, Acc: 61.02%  |  Val Loss: 1.0240, Acc: 62.92%  |  Time: 83.8s
  -> Best model saved (62.92%)
[Epoch 15] Summarizing hook timing...

[HOOK_TIMING_SUMMARY] epoch=15
[HOOK_WORK_SUMMARY] label=mpi:default_cpu_stage calls=2737 work_total_ms=68349.320 work_mean_ms=24.972 work_min_ms=1.411 work_max_ms=44.446
[HOOK_TAIL_SUMMARY] label=mpi:default_cpu_stage steps=391 tail_total_ms=1522.548 tail_mean_ms=3.894 tail_min_ms=2.340 tail_max_ms=5.413
[Epoch 15] Hook timing summary done

[Epoch 16] Training... (lr=0.000146)
  Batch [50/391] Loss: 1.0697, Acc: 61.62%
  Batch [100/391] Loss: 1.0956, Acc: 61.34%
  Batch [150/391] Loss: 1.0682, Acc: 62.21%
  Batch [200/391] Loss: 1.0724, Acc: 62.39%
  Batch [250/391] Loss: 1.0774, Acc: 62.05%
  Batch [300/391] Loss: 1.0752, Acc: 62.08%
  Batch [350/391] Loss: 1.0724, Acc: 62.17%
[Epoch 16] Train Loss: 1.0666, Acc: 62.28%  |  Val Loss: 1.0056, Acc: 63.36%  |  Time: 89.9s
  -> Best model saved (63.36%)
[Epoch 16] Summarizing hook timing...

[HOOK_TIMING_SUMMARY] epoch=16
[HOOK_WORK_SUMMARY] label=mpi:default_cpu_stage calls=2737 work_total_ms=74765.291 work_mean_ms=27.317 work_min_ms=1.623 work_max_ms=44.640
[HOOK_TAIL_SUMMARY] label=mpi:default_cpu_stage steps=391 tail_total_ms=1793.028 tail_mean_ms=4.586 tail_min_ms=3.348 tail_max_ms=5.545
[Epoch 16] Hook timing summary done

[Epoch 17] Training... (lr=0.000095)
  Batch [50/391] Loss: 1.0283, Acc: 63.44%
  Batch [100/391] Loss: 1.0581, Acc: 62.91%
  Batch [150/391] Loss: 1.0397, Acc: 63.50%
  Batch [200/391] Loss: 1.0415, Acc: 63.44%
  Batch [250/391] Loss: 1.0312, Acc: 63.56%
  Batch [300/391] Loss: 1.0339, Acc: 63.49%
  Batch [350/391] Loss: 1.0287, Acc: 63.58%
[Epoch 17] Train Loss: 1.0323, Acc: 63.50%  |  Val Loss: 0.9995, Acc: 64.08%  |  Time: 87.4s
  -> Best model saved (64.08%)
[Epoch 17] Summarizing hook timing...

[HOOK_TIMING_SUMMARY] epoch=17
[HOOK_WORK_SUMMARY] label=mpi:default_cpu_stage calls=2737 work_total_ms=72331.479 work_mean_ms=26.427 work_min_ms=1.472 work_max_ms=45.897
[HOOK_TAIL_SUMMARY] label=mpi:default_cpu_stage steps=391 tail_total_ms=1595.077 tail_mean_ms=4.079 tail_min_ms=2.425 tail_max_ms=5.471
[Epoch 17] Hook timing summary done

[Epoch 18] Training... (lr=0.000054)
  Batch [50/391] Loss: 1.0595, Acc: 63.50%
  Batch [100/391] Loss: 1.0499, Acc: 63.84%
  Batch [150/391] Loss: 1.0507, Acc: 63.06%
  Batch [200/391] Loss: 1.0510, Acc: 63.41%
  Batch [250/391] Loss: 1.0517, Acc: 63.35%
  Batch [300/391] Loss: 1.0477, Acc: 63.62%
  Batch [350/391] Loss: 1.0412, Acc: 63.89%
[Epoch 18] Train Loss: 1.0438, Acc: 63.53%  |  Val Loss: 1.0079, Acc: 64.60%  |  Time: 90.6s
  -> Best model saved (64.60%)
[Epoch 18] Summarizing hook timing...

[HOOK_TIMING_SUMMARY] epoch=18
[HOOK_WORK_SUMMARY] label=mpi:default_cpu_stage calls=2737 work_total_ms=75415.883 work_mean_ms=27.554 work_min_ms=1.504 work_max_ms=44.440
[HOOK_TAIL_SUMMARY] label=mpi:default_cpu_stage steps=391 tail_total_ms=1673.224 tail_mean_ms=4.279 tail_min_ms=3.173 tail_max_ms=5.211
[Epoch 18] Hook timing summary done

[Epoch 19] Training... (lr=0.000024)
  Batch [50/391] Loss: 1.0298, Acc: 63.50%
  Batch [100/391] Loss: 1.0295, Acc: 63.94%
  Batch [150/391] Loss: 1.0338, Acc: 63.23%
  Batch [200/391] Loss: 1.0260, Acc: 63.77%
  Batch [250/391] Loss: 1.0317, Acc: 63.56%
  Batch [300/391] Loss: 1.0292, Acc: 63.31%
  Batch [350/391] Loss: 1.0292, Acc: 63.35%
[Epoch 19] Train Loss: 1.0306, Acc: 63.28%  |  Val Loss: 0.9967, Acc: 64.52%  |  Time: 88.7s
[Epoch 19] Summarizing hook timing...

[HOOK_TIMING_SUMMARY] epoch=19
[HOOK_WORK_SUMMARY] label=mpi:default_cpu_stage calls=2737 work_total_ms=73437.336 work_mean_ms=26.831 work_min_ms=1.502 work_max_ms=44.190
[HOOK_TAIL_SUMMARY] label=mpi:default_cpu_stage steps=391 tail_total_ms=1785.304 tail_mean_ms=4.566 tail_min_ms=3.352 tail_max_ms=5.429
[Epoch 19] Hook timing summary done

[Epoch 20] Training... (lr=0.000006)
  Batch [50/391] Loss: 0.9987, Acc: 64.38%
  Batch [100/391] Loss: 1.0180, Acc: 63.94%
  Batch [150/391] Loss: 1.0230, Acc: 63.71%
  Batch [200/391] Loss: 1.0256, Acc: 63.78%
  Batch [250/391] Loss: 1.0310, Acc: 63.73%
  Batch [300/391] Loss: 1.0323, Acc: 63.67%
  Batch [350/391] Loss: 1.0335, Acc: 63.50%
[Epoch 20] Train Loss: 1.0363, Acc: 63.35%  |  Val Loss: 0.9982, Acc: 64.04%  |  Time: 91.3s
[Epoch 20] Summarizing hook timing...

[HOOK_TIMING_SUMMARY] epoch=20
[HOOK_WORK_SUMMARY] label=mpi:default_cpu_stage calls=2737 work_total_ms=76313.309 work_mean_ms=27.882 work_min_ms=1.576 work_max_ms=49.969
[HOOK_TAIL_SUMMARY] label=mpi:default_cpu_stage steps=391 tail_total_ms=1597.755 tail_mean_ms=4.086 tail_min_ms=2.653 tail_max_ms=5.356
[Epoch 20] Hook timing summary done

================================================================================
Done in 1785.0s | Best val acc: 64.60%
Epoch times: mean=88.6s  min=81.7s  max=92.2s
================================================================================
=== Finished training: model=wide_resnet50_2, dataset=cifar10, batch=32, lr=0.001, scheduler=cosine, backend=mpi, hook=default_cpu_stage, zfp_rate=none, status=0 at Thu Jul  9 07:40:43 PM UTC 2026 ===
=== Starting training: model=wide_resnet50_2, dataset=cifar10, batch=32, lr=0.001, scheduler=cosine, backend=mpi, hook=default, zfp_rate=none at Thu Jul  9 07:40:43 PM UTC 2026 ===

================================================================================
DISTRIBUTED TRAINING LAUNCHER
================================================================================
  Model:      wide_resnet50_2 (CIFAR stem) (from scratch)
  Dataset:    cifar10 (10 classes)
  Image size: 32
  Backend:    mpi
  Algorithm:  default
  Epochs:     20
  Batch/rank: 32
  LR:         0.001
  Scheduler:  cosine
  Warmup:     0
  Grad clip:  None
  Drop last:  False
  Data dir:   ./data
================================================================================


================================================================================
Distributed Training: WIDE_RESNET50_2 on CIFAR10
Backend: MPI, Algorithm: default
================================================================================
Ranks: 4, Epochs: 20, Batch/rank: 32, Effective batch: 128
LR: 0.001, Device: cuda:0

[Cache] Pretrained weights cache (TORCH_HOME) = ./data/pretrained_weights_cache
[Setup] Model on cuda:0, wrapped in DDP (static_graph=True)
[Setup] Hook registered: mpi/default

================================================================================
DISTRIBUTED TRAINING LAUNCHER
================================================================================
  Model:      wide_resnet50_2 (CIFAR stem) (from scratch)
  Dataset:    cifar10 (10 classes)
  Image size: 32
  Backend:    mpi
  Algorithm:  default
  Epochs:     20
  Batch/rank: 32
  LR:         0.001
  Scheduler:  cosine
  Warmup:     0
  Grad clip:  None
  Drop last:  False
  Data dir:   ./data
================================================================================


================================================================================
DISTRIBUTED TRAINING LAUNCHER
================================================================================
  Model:      wide_resnet50_2 (CIFAR stem) (from scratch)
  Dataset:    cifar10 (10 classes)
  Image size: 32
  Backend:    mpi
  Algorithm:  default
  Epochs:     20
  Batch/rank: 32
  LR:         0.001
  Scheduler:  cosine
  Warmup:     0
  Grad clip:  None
  Drop last:  False
  Data dir:   ./data
================================================================================

[Data] Train batches: 391, Val batches: 79


[Epoch 1] Training... (lr=0.001000)

================================================================================
DISTRIBUTED TRAINING LAUNCHER
================================================================================
  Model:      wide_resnet50_2 (CIFAR stem) (from scratch)
  Dataset:    cifar10 (10 classes)
  Image size: 32
  Backend:    mpi
  Algorithm:  default
  Epochs:     20
  Batch/rank: 32
  LR:         0.001
  Scheduler:  cosine
  Warmup:     0
  Grad clip:  None
  Drop last:  False
  Data dir:   ./data
================================================================================

  Batch [50/391] Loss: 4.2781, Acc: 10.44%
  Batch [100/391] Loss: 7.9136, Acc: 10.06%
  Batch [150/391] Loss: 6.9843, Acc: 10.58%
  Batch [200/391] Loss: 6.8444, Acc: 10.33%
  Batch [250/391] Loss: 6.6741, Acc: 10.30%
  Batch [300/391] Loss: 6.3544, Acc: 10.35%
  Batch [350/391] Loss: 6.3096, Acc: 10.29%
[Epoch 1] Train Loss: 6.4345, Acc: 10.47%  |  Val Loss: 64.3307, Acc: 9.92%  |  Time: 12.5s
  -> Best model saved (9.92%)
[Epoch 1] Summarizing hook timing...

[HOOK_TIMING_SUMMARY] epoch=1
[HOOK_WORK_SUMMARY] label=mpi:default calls=2731 work_total_ms=19012.580 work_mean_ms=6.962 work_min_ms=2.274 work_max_ms=14.873
[HOOK_TAIL_SUMMARY] label=mpi:default steps=392 tail_total_ms=2290.130 tail_mean_ms=5.842 tail_min_ms=3.149 tail_max_ms=15.105
[Epoch 1] Hook timing summary done

[Epoch 2] Training... (lr=0.000994)
  Batch [50/391] Loss: 5.6170, Acc: 11.06%
  Batch [100/391] Loss: 4.8849, Acc: 10.25%
  Batch [150/391] Loss: 4.3156, Acc: 10.50%
  Batch [200/391] Loss: 4.0083, Acc: 10.34%
  Batch [250/391] Loss: 3.8340, Acc: 10.09%
  Batch [300/391] Loss: 3.6690, Acc: 10.10%
  Batch [350/391] Loss: 3.5629, Acc: 9.90%
[Epoch 2] Train Loss: 3.4813, Acc: 9.74%  |  Val Loss: 6.1659, Acc: 8.72%  |  Time: 11.2s
[Epoch 2] Summarizing hook timing...

[HOOK_TIMING_SUMMARY] epoch=2
[HOOK_WORK_SUMMARY] label=mpi:default calls=2737 work_total_ms=17548.910 work_mean_ms=6.412 work_min_ms=0.423 work_max_ms=9.481
[HOOK_TAIL_SUMMARY] label=mpi:default steps=391 tail_total_ms=2089.583 tail_mean_ms=5.344 tail_min_ms=0.481 tail_max_ms=6.632
[Epoch 2] Hook timing summary done

[Epoch 3] Training... (lr=0.000976)
  Batch [50/391] Loss: 2.6246, Acc: 9.44%
  Batch [100/391] Loss: 2.6427, Acc: 9.69%
  Batch [150/391] Loss: 2.7063, Acc: 10.00%
  Batch [200/391] Loss: 2.6836, Acc: 9.98%
  Batch [250/391] Loss: 2.6924, Acc: 9.61%
  Batch [300/391] Loss: 2.7199, Acc: 9.28%
  Batch [350/391] Loss: 2.7081, Acc: 9.29%
[Epoch 3] Train Loss: 2.6904, Acc: 9.28%  |  Val Loss: 2.5914, Acc: 12.28%  |  Time: 11.2s
  -> Best model saved (12.28%)
[Epoch 3] Summarizing hook timing...

[HOOK_TIMING_SUMMARY] epoch=3
[HOOK_WORK_SUMMARY] label=mpi:default calls=2737 work_total_ms=21477.360 work_mean_ms=7.847 work_min_ms=2.532 work_max_ms=10.678
[HOOK_TAIL_SUMMARY] label=mpi:default steps=391 tail_total_ms=2686.260 tail_mean_ms=6.870 tail_min_ms=3.060 tail_max_ms=7.687
[Epoch 3] Hook timing summary done

[Epoch 4] Training... (lr=0.000946)
  Batch [50/391] Loss: 2.5564, Acc: 11.50%
  Batch [100/391] Loss: 2.5529, Acc: 10.81%
  Batch [150/391] Loss: 2.5647, Acc: 10.60%
  Batch [200/391] Loss: 2.5701, Acc: 10.59%
  Batch [250/391] Loss: 2.5651, Acc: 10.61%
  Batch [300/391] Loss: 2.5526, Acc: 10.57%
  Batch [350/391] Loss: 2.5529, Acc: 10.56%
[Epoch 4] Train Loss: 2.5627, Acc: 10.51%  |  Val Loss: 5.9752, Acc: 9.40%  |  Time: 11.2s
[Epoch 4] Summarizing hook timing...

[HOOK_TIMING_SUMMARY] epoch=4
[HOOK_WORK_SUMMARY] label=mpi:default calls=2737 work_total_ms=19907.198 work_mean_ms=7.273 work_min_ms=1.180 work_max_ms=10.329
[HOOK_TAIL_SUMMARY] label=mpi:default steps=391 tail_total_ms=2413.502 tail_mean_ms=6.173 tail_min_ms=1.234 tail_max_ms=7.442
[Epoch 4] Hook timing summary done

[Epoch 5] Training... (lr=0.000905)
  Batch [50/391] Loss: 2.5502, Acc: 10.62%
  Batch [100/391] Loss: 2.5903, Acc: 10.28%
  Batch [150/391] Loss: 2.5493, Acc: 10.10%
  Batch [200/391] Loss: 2.5551, Acc: 10.28%
  Batch [250/391] Loss: 2.5605, Acc: 10.12%
  Batch [300/391] Loss: 2.5493, Acc: 10.29%
  Batch [350/391] Loss: 2.5351, Acc: 10.40%
[Epoch 5] Train Loss: 2.5207, Acc: 10.46%  |  Val Loss: 2.8483, Acc: 10.36%  |  Time: 11.2s
[Epoch 5] Summarizing hook timing...

[HOOK_TIMING_SUMMARY] epoch=5
[HOOK_WORK_SUMMARY] label=mpi:default calls=2737 work_total_ms=18896.190 work_mean_ms=6.904 work_min_ms=2.138 work_max_ms=10.583
[HOOK_TAIL_SUMMARY] label=mpi:default steps=391 tail_total_ms=2278.985 tail_mean_ms=5.829 tail_min_ms=2.450 tail_max_ms=7.898
[Epoch 5] Hook timing summary done

[Epoch 6] Training... (lr=0.000854)
  Batch [50/391] Loss: 2.5259, Acc: 10.12%
  Batch [100/391] Loss: 2.4776, Acc: 10.06%
  Batch [150/391] Loss: 2.4818, Acc: 10.19%
  Batch [200/391] Loss: 2.4703, Acc: 10.61%
  Batch [250/391] Loss: 3.0531, Acc: 10.88%
  Batch [300/391] Loss: 3.5296, Acc: 11.44%
  Batch [350/391] Loss: 3.7970, Acc: 11.67%
[Epoch 6] Train Loss: 3.9069, Acc: 11.87%  |  Val Loss: 22.2763, Acc: 16.24%  |  Time: 11.2s
  -> Best model saved (16.24%)
[Epoch 6] Summarizing hook timing...

[HOOK_TIMING_SUMMARY] epoch=6
[HOOK_WORK_SUMMARY] label=mpi:default calls=2737 work_total_ms=20863.979 work_mean_ms=7.623 work_min_ms=3.907 work_max_ms=13.060
[HOOK_TAIL_SUMMARY] label=mpi:default steps=391 tail_total_ms=2561.255 tail_mean_ms=6.551 tail_min_ms=4.111 tail_max_ms=9.415
[Epoch 6] Hook timing summary done

[Epoch 7] Training... (lr=0.000794)
  Batch [50/391] Loss: 4.6369, Acc: 14.25%
  Batch [100/391] Loss: 4.3944, Acc: 15.28%
  Batch [150/391] Loss: 4.3683, Acc: 14.88%
  Batch [200/391] Loss: 4.1769, Acc: 15.08%
  Batch [250/391] Loss: 4.1059, Acc: 15.25%
  Batch [300/391] Loss: 4.0581, Acc: 15.22%
  Batch [350/391] Loss: 3.9828, Acc: 15.23%
[Epoch 7] Train Loss: 3.9172, Acc: 15.16%  |  Val Loss: 3.9751, Acc: 15.04%  |  Time: 11.2s
[Epoch 7] Summarizing hook timing...

[HOOK_TIMING_SUMMARY] epoch=7
[HOOK_WORK_SUMMARY] label=mpi:default calls=2737 work_total_ms=12921.158 work_mean_ms=4.721 work_min_ms=0.302 work_max_ms=10.583
[HOOK_TAIL_SUMMARY] label=mpi:default steps=391 tail_total_ms=1247.507 tail_mean_ms=3.191 tail_min_ms=0.368 tail_max_ms=7.453
[Epoch 7] Hook timing summary done

[Epoch 8] Training... (lr=0.000727)
  Batch [50/391] Loss: 3.0641, Acc: 15.31%
  Batch [100/391] Loss: 3.1766, Acc: 15.50%
  Batch [150/391] Loss: 3.1172, Acc: 16.25%
  Batch [200/391] Loss: 3.2058, Acc: 16.25%
  Batch [250/391] Loss: 3.2067, Acc: 16.73%
  Batch [300/391] Loss: 3.2179, Acc: 16.70%
  Batch [350/391] Loss: 3.2278, Acc: 16.93%
[Epoch 8] Train Loss: 3.2189, Acc: 17.04%  |  Val Loss: 6.5236, Acc: 20.24%  |  Time: 11.2s
  -> Best model saved (20.24%)
[Epoch 8] Summarizing hook timing...

[HOOK_TIMING_SUMMARY] epoch=8
[HOOK_WORK_SUMMARY] label=mpi:default calls=2737 work_total_ms=21220.290 work_mean_ms=7.753 work_min_ms=1.965 work_max_ms=10.625
[HOOK_TAIL_SUMMARY] label=mpi:default steps=391 tail_total_ms=2605.886 tail_mean_ms=6.665 tail_min_ms=2.023 tail_max_ms=7.593
[Epoch 8] Hook timing summary done

[Epoch 9] Training... (lr=0.000655)
  Batch [50/391] Loss: 3.1011, Acc: 18.12%
  Batch [100/391] Loss: 3.0720, Acc: 18.50%
  Batch [150/391] Loss: 2.9740, Acc: 18.85%
  Batch [200/391] Loss: 2.9351, Acc: 18.89%
  Batch [250/391] Loss: 2.8858, Acc: 19.01%
  Batch [300/391] Loss: 2.8508, Acc: 18.97%
  Batch [350/391] Loss: 2.7939, Acc: 18.84%
[Epoch 9] Train Loss: 2.7516, Acc: 19.06%  |  Val Loss: 16.6386, Acc: 22.16%  |  Time: 11.2s
  -> Best model saved (22.16%)
[Epoch 9] Summarizing hook timing...

[HOOK_TIMING_SUMMARY] epoch=9
[HOOK_WORK_SUMMARY] label=mpi:default calls=2737 work_total_ms=14908.220 work_mean_ms=5.447 work_min_ms=0.479 work_max_ms=8.767
[HOOK_TAIL_SUMMARY] label=mpi:default steps=391 tail_total_ms=1657.563 tail_mean_ms=4.239 tail_min_ms=0.536 tail_max_ms=5.718
[Epoch 9] Hook timing summary done

[Epoch 10] Training... (lr=0.000578)
  Batch [50/391] Loss: 2.3948, Acc: 19.44%
  Batch [100/391] Loss: 2.3519, Acc: 19.66%
  Batch [150/391] Loss: 2.3162, Acc: 20.02%
  Batch [200/391] Loss: 2.3245, Acc: 19.94%
  Batch [250/391] Loss: 2.3196, Acc: 20.15%
  Batch [300/391] Loss: 2.3076, Acc: 20.27%
  Batch [350/391] Loss: 2.2928, Acc: 20.60%
[Epoch 10] Train Loss: 2.2840, Acc: 20.66%  |  Val Loss: 5.6248, Acc: 26.12%  |  Time: 11.2s
  -> Best model saved (26.12%)
[Epoch 10] Summarizing hook timing...

[HOOK_TIMING_SUMMARY] epoch=10
[HOOK_WORK_SUMMARY] label=mpi:default calls=2737 work_total_ms=19249.843 work_mean_ms=7.033 work_min_ms=0.465 work_max_ms=10.542
[HOOK_TAIL_SUMMARY] label=mpi:default steps=391 tail_total_ms=2341.685 tail_mean_ms=5.989 tail_min_ms=0.520 tail_max_ms=7.802
[Epoch 10] Hook timing summary done

[Epoch 11] Training... (lr=0.000500)
  Batch [50/391] Loss: 2.1173, Acc: 22.50%
  Batch [100/391] Loss: 2.1243, Acc: 22.62%
  Batch [150/391] Loss: 2.1191, Acc: 23.04%
  Batch [200/391] Loss: 2.1205, Acc: 22.91%
  Batch [250/391] Loss: 2.1087, Acc: 23.06%
  Batch [300/391] Loss: 2.1031, Acc: 22.98%
  Batch [350/391] Loss: 2.0945, Acc: 23.10%
[Epoch 11] Train Loss: 2.0902, Acc: 23.30%  |  Val Loss: 3.6790, Acc: 28.80%  |  Time: 11.2s
  -> Best model saved (28.80%)
[Epoch 11] Summarizing hook timing...

[HOOK_TIMING_SUMMARY] epoch=11
[HOOK_WORK_SUMMARY] label=mpi:default calls=2737 work_total_ms=21409.224 work_mean_ms=7.822 work_min_ms=0.966 work_max_ms=10.687
[HOOK_TAIL_SUMMARY] label=mpi:default steps=391 tail_total_ms=2651.632 tail_mean_ms=6.782 tail_min_ms=1.020 tail_max_ms=7.717
[Epoch 11] Hook timing summary done

[Epoch 12] Training... (lr=0.000422)
  Batch [50/391] Loss: 2.0108, Acc: 25.31%
  Batch [100/391] Loss: 2.0112, Acc: 24.81%
  Batch [150/391] Loss: 2.0061, Acc: 24.94%
  Batch [200/391] Loss: 2.0039, Acc: 25.47%
  Batch [250/391] Loss: 1.9967, Acc: 25.48%
  Batch [300/391] Loss: 1.9935, Acc: 25.58%
  Batch [350/391] Loss: 1.9893, Acc: 25.73%
[Epoch 12] Train Loss: 1.9883, Acc: 25.69%  |  Val Loss: 2.2692, Acc: 30.16%  |  Time: 11.2s
  -> Best model saved (30.16%)
[Epoch 12] Summarizing hook timing...

[HOOK_TIMING_SUMMARY] epoch=12
[HOOK_WORK_SUMMARY] label=mpi:default calls=2737 work_total_ms=18106.843 work_mean_ms=6.616 work_min_ms=0.270 work_max_ms=10.785
[HOOK_TAIL_SUMMARY] label=mpi:default steps=391 tail_total_ms=2003.211 tail_mean_ms=5.123 tail_min_ms=0.333 tail_max_ms=7.926
[Epoch 12] Hook timing summary done

[Epoch 13] Training... (lr=0.000345)
  Batch [50/391] Loss: 1.9583, Acc: 25.38%
  Batch [100/391] Loss: 1.9434, Acc: 26.28%
  Batch [150/391] Loss: 1.9554, Acc: 26.75%
  Batch [200/391] Loss: 1.9628, Acc: 26.66%
  Batch [250/391] Loss: 1.9528, Acc: 26.86%
  Batch [300/391] Loss: 1.9516, Acc: 26.85%
  Batch [350/391] Loss: 1.9518, Acc: 26.72%
[Epoch 13] Train Loss: 1.9477, Acc: 26.87%  |  Val Loss: 2.2200, Acc: 32.64%  |  Time: 11.2s
  -> Best model saved (32.64%)
[Epoch 13] Summarizing hook timing...

[HOOK_TIMING_SUMMARY] epoch=13
[HOOK_WORK_SUMMARY] label=mpi:default calls=2737 work_total_ms=19430.598 work_mean_ms=7.099 work_min_ms=0.768 work_max_ms=10.591
[HOOK_TAIL_SUMMARY] label=mpi:default steps=391 tail_total_ms=2298.989 tail_mean_ms=5.880 tail_min_ms=0.823 tail_max_ms=7.505
[Epoch 13] Hook timing summary done

[Epoch 14] Training... (lr=0.000273)
  Batch [50/391] Loss: 1.8935, Acc: 28.56%
  Batch [100/391] Loss: 1.9336, Acc: 27.72%
  Batch [150/391] Loss: 1.9380, Acc: 27.31%
  Batch [200/391] Loss: 1.9295, Acc: 27.78%
  Batch [250/391] Loss: 1.9222, Acc: 28.11%
  Batch [300/391] Loss: 1.9216, Acc: 28.07%
  Batch [350/391] Loss: 1.9186, Acc: 28.22%
[Epoch 14] Train Loss: 1.9133, Acc: 28.44%  |  Val Loss: 2.0398, Acc: 32.36%  |  Time: 11.2s
[Epoch 14] Summarizing hook timing...

[HOOK_TIMING_SUMMARY] epoch=14
[HOOK_WORK_SUMMARY] label=mpi:default calls=2737 work_total_ms=19881.944 work_mean_ms=7.264 work_min_ms=0.400 work_max_ms=10.179
[HOOK_TAIL_SUMMARY] label=mpi:default steps=391 tail_total_ms=2364.162 tail_mean_ms=6.046 tail_min_ms=0.515 tail_max_ms=6.921
[Epoch 14] Hook timing summary done

[Epoch 15] Training... (lr=0.000206)
  Batch [50/391] Loss: 1.8563, Acc: 28.81%
  Batch [100/391] Loss: 1.8689, Acc: 28.75%
  Batch [150/391] Loss: 1.8698, Acc: 29.58%
  Batch [200/391] Loss: 1.8714, Acc: 29.48%
  Batch [250/391] Loss: 1.8710, Acc: 29.62%
  Batch [300/391] Loss: 1.8737, Acc: 29.50%
  Batch [350/391] Loss: 1.8776, Acc: 29.32%
[Epoch 15] Train Loss: 1.8810, Acc: 29.28%  |  Val Loss: 1.9555, Acc: 33.52%  |  Time: 11.2s
  -> Best model saved (33.52%)
[Epoch 15] Summarizing hook timing...

[HOOK_TIMING_SUMMARY] epoch=15
[HOOK_WORK_SUMMARY] label=mpi:default calls=2737 work_total_ms=20081.110 work_mean_ms=7.337 work_min_ms=1.501 work_max_ms=10.378
[HOOK_TAIL_SUMMARY] label=mpi:default steps=391 tail_total_ms=2385.993 tail_mean_ms=6.102 tail_min_ms=1.562 tail_max_ms=7.220
[Epoch 15] Hook timing summary done

[Epoch 16] Training... (lr=0.000146)
  Batch [50/391] Loss: 1.8484, Acc: 29.56%
  Batch [100/391] Loss: 1.8639, Acc: 29.19%
  Batch [150/391] Loss: 1.8578, Acc: 29.65%
  Batch [200/391] Loss: 1.8653, Acc: 29.66%
  Batch [250/391] Loss: 1.8602, Acc: 29.46%
  Batch [300/391] Loss: 1.8589, Acc: 29.74%
  Batch [350/391] Loss: 1.8577, Acc: 29.60%
[Epoch 16] Train Loss: 1.8579, Acc: 29.43%  |  Val Loss: 1.9405, Acc: 34.76%  |  Time: 11.2s
  -> Best model saved (34.76%)
[Epoch 16] Summarizing hook timing...

[HOOK_TIMING_SUMMARY] epoch=16
[HOOK_WORK_SUMMARY] label=mpi:default calls=2737 work_total_ms=19419.849 work_mean_ms=7.095 work_min_ms=0.501 work_max_ms=10.760
[HOOK_TAIL_SUMMARY] label=mpi:default steps=391 tail_total_ms=2277.734 tail_mean_ms=5.825 tail_min_ms=0.563 tail_max_ms=7.493
[Epoch 16] Hook timing summary done

[Epoch 17] Training... (lr=0.000095)
  Batch [50/391] Loss: 1.7960, Acc: 32.38%
  Batch [100/391] Loss: 1.8233, Acc: 31.19%
  Batch [150/391] Loss: 1.8185, Acc: 31.42%
  Batch [200/391] Loss: 1.8304, Acc: 30.88%
  Batch [250/391] Loss: 1.8289, Acc: 31.19%
  Batch [300/391] Loss: 1.8268, Acc: 31.20%
  Batch [350/391] Loss: 1.8216, Acc: 31.33%
[Epoch 17] Train Loss: 1.8241, Acc: 31.21%  |  Val Loss: 1.9906, Acc: 33.68%  |  Time: 11.2s
[Epoch 17] Summarizing hook timing...

[HOOK_TIMING_SUMMARY] epoch=17
[HOOK_WORK_SUMMARY] label=mpi:default calls=2737 work_total_ms=17432.460 work_mean_ms=6.369 work_min_ms=0.300 work_max_ms=9.621
[HOOK_TAIL_SUMMARY] label=mpi:default steps=391 tail_total_ms=1921.588 tail_mean_ms=4.915 tail_min_ms=0.365 tail_max_ms=6.245
[Epoch 17] Hook timing summary done

[Epoch 18] Training... (lr=0.000054)
  Batch [50/391] Loss: 1.8292, Acc: 29.19%
  Batch [100/391] Loss: 1.8318, Acc: 29.94%
  Batch [150/391] Loss: 1.8251, Acc: 30.27%
  Batch [200/391] Loss: 1.8294, Acc: 30.44%
  Batch [250/391] Loss: 1.8266, Acc: 30.73%
  Batch [300/391] Loss: 1.8273, Acc: 30.89%
  Batch [350/391] Loss: 1.8302, Acc: 30.61%
[Epoch 18] Train Loss: 1.8346, Acc: 30.52%  |  Val Loss: 2.0178, Acc: 35.64%  |  Time: 11.2s
  -> Best model saved (35.64%)
[Epoch 18] Summarizing hook timing...

[HOOK_TIMING_SUMMARY] epoch=18
[HOOK_WORK_SUMMARY] label=mpi:default calls=2737 work_total_ms=16793.174 work_mean_ms=6.136 work_min_ms=1.757 work_max_ms=9.428
[HOOK_TAIL_SUMMARY] label=mpi:default steps=391 tail_total_ms=1955.468 tail_mean_ms=5.001 tail_min_ms=1.812 tail_max_ms=6.483
[Epoch 18] Hook timing summary done

[Epoch 19] Training... (lr=0.000024)
  Batch [50/391] Loss: 1.7979, Acc: 32.88%
  Batch [100/391] Loss: 1.7977, Acc: 32.72%
  Batch [150/391] Loss: 1.8027, Acc: 32.06%
  Batch [200/391] Loss: 1.7960, Acc: 32.28%
  Batch [250/391] Loss: 1.7940, Acc: 32.17%
  Batch [300/391] Loss: 1.7980, Acc: 32.21%
  Batch [350/391] Loss: 1.7990, Acc: 32.22%
[Epoch 19] Train Loss: 1.7963, Acc: 32.33%  |  Val Loss: 2.0353, Acc: 35.56%  |  Time: 11.2s
[Epoch 19] Summarizing hook timing...

[HOOK_TIMING_SUMMARY] epoch=19
[HOOK_WORK_SUMMARY] label=mpi:default calls=2737 work_total_ms=17795.144 work_mean_ms=6.502 work_min_ms=0.941 work_max_ms=10.825
[HOOK_TAIL_SUMMARY] label=mpi:default steps=391 tail_total_ms=2058.561 tail_mean_ms=5.265 tail_min_ms=1.005 tail_max_ms=8.045
[Epoch 19] Hook timing summary done

[Epoch 20] Training... (lr=0.000006)
  Batch [50/391] Loss: 1.8187, Acc: 29.94%
  Batch [100/391] Loss: 1.8224, Acc: 30.97%
  Batch [150/391] Loss: 1.8296, Acc: 31.35%
  Batch [200/391] Loss: 1.8264, Acc: 31.67%
  Batch [250/391] Loss: 1.8286, Acc: 31.57%
  Batch [300/391] Loss: 1.8250, Acc: 31.88%
  Batch [350/391] Loss: 1.8255, Acc: 31.85%
[Epoch 20] Train Loss: 1.8228, Acc: 31.85%  |  Val Loss: 2.0819, Acc: 36.08%  |  Time: 11.2s
  -> Best model saved (36.08%)
[Epoch 20] Summarizing hook timing...

[HOOK_TIMING_SUMMARY] epoch=20
[HOOK_WORK_SUMMARY] label=mpi:default calls=2737 work_total_ms=18676.891 work_mean_ms=6.824 work_min_ms=1.880 work_max_ms=10.616
[HOOK_TAIL_SUMMARY] label=mpi:default steps=391 tail_total_ms=2167.522 tail_mean_ms=5.544 tail_min_ms=1.939 tail_max_ms=7.791
[Epoch 20] Hook timing summary done

================================================================================
Done in 236.6s | Best val acc: 36.08%
Epoch times: mean=11.3s  min=11.2s  max=12.5s
================================================================================
=== Finished training: model=wide_resnet50_2, dataset=cifar10, batch=32, lr=0.001, scheduler=cosine, backend=mpi, hook=default, zfp_rate=none, status=0 at Thu Jul  9 07:44:47 PM UTC 2026 ===
=== Job finished: Thu Jul  9 07:44:47 PM UTC 2026 ===
