=== Job started: Fri Jul 31 07:31:59 PM UTC 2026 ===
=== Node: x3003c0s1b1n0 ===
=============================================
  Polaris NCCL test — GTL NOT loaded
=============================================
Node              : x3003c0s1b1n0
GTL               : NOT loaded (NCCL test)
MPICH_GPU_SUPPORT : NOT set (NCCL test)

PyTorch version   : 2.8.0
PyTorch location  : /soft/applications/conda/2025-09-28/mconda3/lib/python3.12/site-packages/torch/__init__.py
CUDA available    : True 4
cuDNN             : 91300
MPI available     : True
mpi4py            : MPI VERSION    : CRAY MPICH version 9.0.1.498 (ANL base 4.1.2)
mpi4py rank test  : rank 0 OK
ZFP_HOME          : /home/mrest/mpiAllReduceCompressed/zfp-install
ZFP lib           : lrwxrwxrwx 1 mrest users 11 May 17 22:11 /home/mrest/mpiAllReduceCompressed/zfp-install/lib64/libzfp.so -> libzfp.so.1
ZFP include       : -rw-r--r-- 1 mrest users 35180 May 17 18:17 /home/mrest/mpiAllReduceCompressed/zfp-install/include/zfp.h
=============================================
MASTER_ADDR=x3003c0s1b1n0.hsn.cm.polaris.alcf.anl.gov
MASTER_PORT=29500
python 3.12.11 | packaged by conda-forge | (main, Jun  4 2025, 14:45:31) [GCC 13.3.0]
torchvision._C spec: ModuleSpec(name='torchvision._C', loader=<_frozen_importlib_external.ExtensionFileLoader object at 0x146813b43590>, origin='/soft/applications/conda/2025-09-28/mconda3/lib/python3.12/site-packages/torchvision/_C.so')
origin: /soft/applications/conda/2025-09-28/mconda3/lib/python3.12/site-packages/torchvision/_C.so
=== Starting: model=wide_resnet50_2, ws=8, bs=8, gb=64, lr=0.05, sched=cosine, warmup=0, epochs=5, mom=0.9, wd=5e-4, nesterov=true, wd_bn_bias=false, backend=nccl, hook=none, zfp=none at Fri Jul 31 07:32:27 PM UTC 2026 ===

================================================================================
DISTRIBUTED TRAINING LAUNCHER
================================================================================
  Model:      wide_resnet50_2 (CIFAR stem) (from scratch)
  Dataset:    cifar10 (10 classes)
  Image size: 32

================================================================================
DISTRIBUTED TRAINING LAUNCHER
================================================================================
  Model:      wide_resnet50_2 (CIFAR stem) (from scratch)
  Dataset:    cifar10 (10 classes)
  Image size: 32
  LR:         0.05
  Momentum:   0.9 (nesterov=True)
  Optimizer:  sgd
  Weight dec: 0.0005 (on BN/bias=False)
  Backend:    nccl
  Algorithm:  built-in (no hook)
  Epochs:     5
  Batch/rank: 8
  LR:         0.05
  Scheduler:  cosine
  Warmup:     0
  Grad clip:  None
  Drop last:  True
  Data dir:   ./data
================================================================================


================================================================================
DISTRIBUTED TRAINING LAUNCHER
================================================================================
  Model:      wide_resnet50_2 (CIFAR stem) (from scratch)
  Dataset:    cifar10 (10 classes)
  Image size: 32
  LR:         0.05
  Momentum:   0.9 (nesterov=True)
  Optimizer:  sgd
  Weight dec: 0.0005 (on BN/bias=False)
  Backend:    nccl
  Algorithm:  built-in (no hook)
  Epochs:     5
  Batch/rank: 8
  LR:         0.05
  Scheduler:  cosine
  Warmup:     0
  Grad clip:  None
  Drop last:  True
  Data dir:   ./data
================================================================================

  LR:         0.05
  Momentum:   0.9 (nesterov=True)
  Optimizer:  sgd
  Weight dec: 0.0005 (on BN/bias=False)
  Backend:    nccl
  Algorithm:  built-in (no hook)
  Epochs:     5
  Batch/rank: 8
  LR:         0.05
  Scheduler:  cosine
  Warmup:     0
  Grad clip:  None
  Drop last:  True
  Data dir:   ./data
================================================================================


================================================================================
DISTRIBUTED TRAINING LAUNCHER
================================================================================
  Model:      wide_resnet50_2 (CIFAR stem) (from scratch)
  Dataset:    cifar10 (10 classes)
  Image size: 32
  LR:         0.05
  Momentum:   0.9 (nesterov=True)
  Optimizer:  sgd
  Weight dec: 0.0005 (on BN/bias=False)
  Backend:    nccl
  Algorithm:  built-in (no hook)
  Epochs:     5
  Batch/rank: 8
  LR:         0.05
  Scheduler:  cosine
  Warmup:     0
  Grad clip:  None
  Drop last:  True
  Data dir:   ./data
================================================================================


================================================================================
DISTRIBUTED TRAINING LAUNCHER
================================================================================
  Model:      wide_resnet50_2 (CIFAR stem) (from scratch)
  Dataset:    cifar10 (10 classes)
  Image size: 32

================================================================================
DISTRIBUTED TRAINING LAUNCHER
================================================================================
  Model:      wide_resnet50_2 (CIFAR stem) (from scratch)
  Dataset:    cifar10 (10 classes)
  Image size: 32
  LR:         0.05
  Momentum:   0.9 (nesterov=True)
  Optimizer:  sgd
  Weight dec: 0.0005 (on BN/bias=False)
  Backend:    nccl
  Algorithm:  built-in (no hook)
  Epochs:     5
  Batch/rank: 8
  LR:         0.05
  Scheduler:  cosine
  Warmup:     0
  Grad clip:  None
  Drop last:  True
  Data dir:   ./data
================================================================================

  LR:         0.05
  Momentum:   0.9 (nesterov=True)
  Optimizer:  sgd
  Weight dec: 0.0005 (on BN/bias=False)
  Backend:    nccl
  Algorithm:  built-in (no hook)
  Epochs:     5
  Batch/rank: 8
  LR:         0.05
  Scheduler:  cosine
  Warmup:     0
  Grad clip:  None
  Drop last:  True
  Data dir:   ./data
================================================================================


================================================================================
DISTRIBUTED TRAINING LAUNCHER
================================================================================
  Model:      wide_resnet50_2 (CIFAR stem) (from scratch)
  Dataset:    cifar10 (10 classes)
  Image size: 32
  LR:         0.05
  Momentum:   0.9 (nesterov=True)
  Optimizer:  sgd
  Weight dec: 0.0005 (on BN/bias=False)
  Backend:    nccl
  Algorithm:  built-in (no hook)
  Epochs:     5
  Batch/rank: 8
  LR:         0.05
  Scheduler:  cosine
  Warmup:     0
  Grad clip:  None
  Drop last:  True
  Data dir:   ./data
================================================================================


================================================================================
DISTRIBUTED TRAINING LAUNCHER
================================================================================
  Model:      wide_resnet50_2 (CIFAR stem) (from scratch)
  Dataset:    cifar10 (10 classes)
  Image size: 32
  LR:         0.05
  Momentum:   0.9 (nesterov=True)
  Optimizer:  sgd
  Weight dec: 0.0005 (on BN/bias=False)
  Backend:    nccl
  Algorithm:  built-in (no hook)
  Epochs:     5
  Batch/rank: 8
  LR:         0.05
  Scheduler:  cosine
  Warmup:     0
  Grad clip:  None
  Drop last:  True
  Data dir:   ./data
================================================================================

[Gloo] Rank 0 is connected to 7 peer ranks. Expected number of connected peer ranks is : 7
[Gloo] Rank 1 is connected to 7 peer ranks. Expected number of connected peer ranks is : 7
[Gloo] Rank 2 is connected to 7 peer ranks. Expected number of connected peer ranks is : 7
[Gloo] Rank 3 is connected to 7 peer ranks. Expected number of connected peer ranks is : 7
[Gloo] Rank 4 is connected to 7 peer ranks. Expected number of connected peer ranks is : 7
[Gloo] Rank 5 is connected to 7 peer ranks. Expected number of connected peer ranks is : 7
[Gloo] Rank 6 is connected to 7 peer ranks. Expected number of connected peer ranks is : 7
[Gloo] Rank 7 is connected to 7 peer ranks. Expected number of connected peer ranks is : 7

================================================================================
Distributed Training: WIDE_RESNET50_2 on CIFAR10
Backend: NCCL, Algorithm: built-in (no hook)
================================================================================
Ranks: 8, Epochs: 5, Batch/rank: 8, Effective batch: 64
LR: 0.05, Device: cuda:0

[Cache] Pretrained weights cache (TORCH_HOME) = /eagle/UIC-HPC/matilderestelli/pretrained_weights_cache
[Setup] Model on cuda:0, wrapped in DDP (static_graph=True)
[Setup] No hook — using DDP built-in NCCL allreduce
[Optim] SGD: lr=0.05 momentum=0.9 nesterov=True wd=0.0005 wd_on_bn_bias=False
[Optim]   group 0: 66,778,816 params, wd=0.0005
[Optim]   group 1: 68,234 params, wd=0.0
[Data] Train batches: 781, Val batches: 1250

[Sched] cosine: steps/epoch=781, total_steps=3905, warmup_steps=0 (0 epochs)


[Epoch 1] Training... (lr at epoch start=0.050000)
  Batch [50/781] Loss: 7.9422, Acc: 12.00%, lr: 0.049980
  Batch [100/781] Loss: 5.1540, Acc: 10.50%, lr: 0.049919
  Batch [150/781] Loss: 4.1992, Acc: 12.00%, lr: 0.049818
  Batch [200/781] Loss: 3.7226, Acc: 12.62%, lr: 0.049677
  Batch [250/781] Loss: 3.4206, Acc: 13.85%, lr: 0.049496
  Batch [300/781] Loss: 3.2080, Acc: 14.75%, lr: 0.049275
  Batch [350/781] Loss: 3.0421, Acc: 15.86%, lr: 0.049015
  Batch [400/781] Loss: 2.9103, Acc: 17.28%, lr: 0.048717
  Batch [450/781] Loss: 2.8136, Acc: 18.06%, lr: 0.048380
  Batch [500/781] Loss: 2.7281, Acc: 18.95%, lr: 0.048005
  Batch [550/781] Loss: 2.6537, Acc: 19.77%, lr: 0.047592
  Batch [600/781] Loss: 2.5814, Acc: 20.90%, lr: 0.047144
  Batch [650/781] Loss: 2.5267, Acc: 21.69%, lr: 0.046659
  Batch [700/781] Loss: 2.4778, Acc: 22.20%, lr: 0.046139
  Batch [750/781] Loss: 2.4357, Acc: 22.72%, lr: 0.045586
[Epoch 1] Train Loss: 2.4068, Acc: 23.27%  |  Val Loss: 1.7399, Acc: 37.96%  |  Time: 108.9s
[Epoch 1] t_iter median: 125.23 ms  (fwd 7.54 | bwd+comm 114.63 | opt 2.97 | data 0.12)  |  train-only epoch: 101.0s
  -> Best model saved (37.96%)
[Epoch 1] Summarizing hook timing...
[HOOK_TIMING_SUMMARY] epoch=1 no hook timing samples
[Epoch 1] Hook timing summary done

[Epoch 2] Training... (lr at epoch start=0.045225)
  Batch [50/781] Loss: 1.7069, Acc: 36.25%, lr: 0.044618
  Batch [100/781] Loss: 1.7334, Acc: 35.50%, lr: 0.043979
  Batch [150/781] Loss: 1.7108, Acc: 36.92%, lr: 0.043309
  Batch [200/781] Loss: 1.7084, Acc: 37.00%, lr: 0.042610
  Batch [250/781] Loss: 1.6946, Acc: 37.70%, lr: 0.041882
  Batch [300/781] Loss: 1.6995, Acc: 37.29%, lr: 0.041127
  Batch [350/781] Loss: 1.6913, Acc: 37.57%, lr: 0.040346
  Batch [400/781] Loss: 1.6830, Acc: 38.00%, lr: 0.039540
  Batch [450/781] Loss: 1.6651, Acc: 38.83%, lr: 0.038710
  Batch [500/781] Loss: 1.6484, Acc: 39.50%, lr: 0.037858
  Batch [550/781] Loss: 1.6297, Acc: 40.20%, lr: 0.036986
  Batch [600/781] Loss: 1.6199, Acc: 40.67%, lr: 0.036094
  Batch [650/781] Loss: 1.6068, Acc: 41.08%, lr: 0.035184
  Batch [700/781] Loss: 1.5984, Acc: 41.39%, lr: 0.034257
  Batch [750/781] Loss: 1.5859, Acc: 41.90%, lr: 0.033316
[Epoch 2] Train Loss: 1.5800, Acc: 42.27%  |  Val Loss: 1.8343, Acc: 50.34%  |  Time: 115.7s
[Epoch 2] t_iter median: 127.67 ms  (fwd 7.56 | bwd+comm 117.02 | opt 2.97 | data 0.11)  |  train-only epoch: 107.7s
  -> Best model saved (50.34%)
[Epoch 2] Summarizing hook timing...
[HOOK_TIMING_SUMMARY] epoch=2 no hook timing samples
[Epoch 2] Hook timing summary done

[Epoch 3] Training... (lr at epoch start=0.032725)
  Batch [50/781] Loss: 1.3804, Acc: 50.00%, lr: 0.031763
  Batch [100/781] Loss: 1.3479, Acc: 51.88%, lr: 0.030790
  Batch [150/781] Loss: 1.3428, Acc: 52.17%, lr: 0.029807
  Batch [200/781] Loss: 1.3532, Acc: 52.06%, lr: 0.028816
  Batch [250/781] Loss: 1.3512, Acc: 52.05%, lr: 0.027820
  Batch [300/781] Loss: 1.3671, Acc: 51.38%, lr: 0.026819
  Batch [350/781] Loss: 1.3487, Acc: 52.11%, lr: 0.025814
  Batch [400/781] Loss: 1.3425, Acc: 52.25%, lr: 0.024809
  Batch [450/781] Loss: 1.3257, Acc: 53.03%, lr: 0.023804
  Batch [500/781] Loss: 1.3195, Acc: 53.23%, lr: 0.022801
  Batch [550/781] Loss: 1.3119, Acc: 53.25%, lr: 0.021801
  Batch [600/781] Loss: 1.3031, Acc: 53.77%, lr: 0.020806
  Batch [650/781] Loss: 1.3061, Acc: 53.65%, lr: 0.019819
  Batch [700/781] Loss: 1.2917, Acc: 54.00%, lr: 0.018839
  Batch [750/781] Loss: 1.2842, Acc: 54.30%, lr: 0.017870
[Epoch 3] Train Loss: 1.2792, Acc: 54.39%  |  Val Loss: 2.5243, Acc: 61.18%  |  Time: 114.7s
[Epoch 3] t_iter median: 126.68 ms  (fwd 7.54 | bwd+comm 116.09 | opt 2.97 | data 0.11)  |  train-only epoch: 106.8s
  -> Best model saved (61.18%)
[Epoch 3] Summarizing hook timing...
[HOOK_TIMING_SUMMARY] epoch=3 no hook timing samples
[Epoch 3] Hook timing summary done

[Epoch 4] Training... (lr at epoch start=0.017275)
  Batch [50/781] Loss: 1.1709, Acc: 59.25%, lr: 0.016325
  Batch [100/781] Loss: 1.1223, Acc: 59.00%, lr: 0.015389
  Batch [150/781] Loss: 1.1100, Acc: 59.92%, lr: 0.014468
  Batch [200/781] Loss: 1.1120, Acc: 59.75%, lr: 0.013565
  Batch [250/781] Loss: 1.0960, Acc: 60.35%, lr: 0.012680
  Batch [300/781] Loss: 1.0837, Acc: 60.92%, lr: 0.011816
  Batch [350/781] Loss: 1.0790, Acc: 61.25%, lr: 0.010972
  Batch [400/781] Loss: 1.0713, Acc: 61.69%, lr: 0.010151
  Batch [450/781] Loss: 1.0542, Acc: 62.03%, lr: 0.009354
  Batch [500/781] Loss: 1.0486, Acc: 62.33%, lr: 0.008583
  Batch [550/781] Loss: 1.0458, Acc: 62.57%, lr: 0.007838
  Batch [600/781] Loss: 1.0412, Acc: 62.75%, lr: 0.007121
  Batch [650/781] Loss: 1.0343, Acc: 63.10%, lr: 0.006433
  Batch [700/781] Loss: 1.0305, Acc: 63.18%, lr: 0.005774
  Batch [750/781] Loss: 1.0205, Acc: 63.53%, lr: 0.005147
[Epoch 4] Train Loss: 1.0139, Acc: 63.81%  |  Val Loss: 3.7646, Acc: 66.94%  |  Time: 106.5s
[Epoch 4] t_iter median: 125.31 ms  (fwd 7.55 | bwd+comm 114.66 | opt 2.97 | data 0.11)  |  train-only epoch: 98.6s
  -> Best model saved (66.94%)
[Epoch 4] Summarizing hook timing...
[HOOK_TIMING_SUMMARY] epoch=4 no hook timing samples
[Epoch 4] Hook timing summary done

[Epoch 5] Training... (lr at epoch start=0.004775)
  Batch [50/781] Loss: 0.8665, Acc: 70.25%, lr: 0.004200
  Batch [100/781] Loss: 0.8779, Acc: 70.75%, lr: 0.003659
  Batch [150/781] Loss: 0.8983, Acc: 68.92%, lr: 0.003153
  Batch [200/781] Loss: 0.8869, Acc: 68.38%, lr: 0.002682
  Batch [250/781] Loss: 0.8617, Acc: 69.50%, lr: 0.002247
  Batch [300/781] Loss: 0.8624, Acc: 69.62%, lr: 0.001849
  Batch [350/781] Loss: 0.8658, Acc: 69.93%, lr: 0.001488
  Batch [400/781] Loss: 0.8710, Acc: 69.72%, lr: 0.001165
  Batch [450/781] Loss: 0.8605, Acc: 70.42%, lr: 0.000881
  Batch [500/781] Loss: 0.8507, Acc: 70.47%, lr: 0.000636
  Batch [550/781] Loss: 0.8410, Acc: 70.80%, lr: 0.000430
  Batch [600/781] Loss: 0.8419, Acc: 70.77%, lr: 0.000265
  Batch [650/781] Loss: 0.8385, Acc: 70.85%, lr: 0.000139
  Batch [700/781] Loss: 0.8346, Acc: 70.96%, lr: 0.000053
  Batch [750/781] Loss: 0.8256, Acc: 71.40%, lr: 0.000008
[Epoch 5] Train Loss: 0.8234, Acc: 71.40%  |  Val Loss: 1.7974, Acc: 72.42%  |  Time: 116.2s
[Epoch 5] t_iter median: 127.57 ms  (fwd 7.58 | bwd+comm 116.88 | opt 2.97 | data 0.12)  |  train-only epoch: 108.3s
  -> Best model saved (72.42%)
[Epoch 5] Summarizing hook timing...
[HOOK_TIMING_SUMMARY] epoch=5 no hook timing samples
[Epoch 5] Hook timing summary done

================================================================================
Done in 566.2s | Best val acc: 72.42%
Epoch times (train+val): mean=112.4s  min=106.5s  max=116.2s
Train-only epoch time (epochs 2..N): median=107.27s  min=98.58s  max=108.26s
  -> use this for STRONG scaling (fixed global batch)
  -> use t_iter_median_ms from the CSV for WEAK scaling (fixed local batch)
================================================================================
=== Finished: model=wide_resnet50_2, dataset=cifar10, batch=8, lr=0.05, scheduler=cosine, backend=nccl, hook=none, zfp_rate=none, status=0 at Fri Jul 31 07:42:08 PM UTC 2026 ===
=== Starting: model=wide_resnet50_2, ws=8, bs=8, gb=64, lr=0.05, sched=cosine, warmup=0, epochs=5, mom=0.9, wd=5e-4, nesterov=true, wd_bn_bias=false, backend=nccl, hook=ring, zfp=none at Fri Jul 31 07:42:08 PM UTC 2026 ===

================================================================================
DISTRIBUTED TRAINING LAUNCHER
================================================================================
  Model:      wide_resnet50_2 (CIFAR stem) (from scratch)
  Dataset:    cifar10 (10 classes)
  Image size: 32
  LR:         0.05
  Momentum:   0.9 (nesterov=True)
  Optimizer:  sgd
  Weight dec: 0.0005 (on BN/bias=False)
  Backend:    nccl
  Algorithm:  ring
  Epochs:     5
  Batch/rank: 8
  LR:         0.05
  Scheduler:  cosine
  Warmup:     0
  Grad clip:  None
  Drop last:  True
  Data dir:   ./data
================================================================================


================================================================================
DISTRIBUTED TRAINING LAUNCHER
================================================================================
  Model:      wide_resnet50_2 (CIFAR stem) (from scratch)
  Dataset:    cifar10 (10 classes)
  Image size: 32
  LR:         0.05
  Momentum:   0.9 (nesterov=True)
  Optimizer:  sgd
  Weight dec: 0.0005 (on BN/bias=False)
  Backend:    nccl
  Algorithm:  ring
  Epochs:     5
  Batch/rank: 8
  LR:         0.05
  Scheduler:  cosine
  Warmup:     0
  Grad clip:  None
  Drop last:  True
  Data dir:   ./data
================================================================================


================================================================================
DISTRIBUTED TRAINING LAUNCHER
================================================================================
  Model:      wide_resnet50_2 (CIFAR stem) (from scratch)
  Dataset:    cifar10 (10 classes)
  Image size: 32
  LR:         0.05
  Momentum:   0.9 (nesterov=True)
  Optimizer:  sgd
  Weight dec: 0.0005 (on BN/bias=False)
  Backend:    nccl
  Algorithm:  ring
  Epochs:     5
  Batch/rank: 8
  LR:         0.05
  Scheduler:  cosine
  Warmup:     0
  Grad clip:  None
  Drop last:  True
  Data dir:   ./data
================================================================================


================================================================================
DISTRIBUTED TRAINING LAUNCHER
================================================================================
  Model:      wide_resnet50_2 (CIFAR stem) (from scratch)
  Dataset:    cifar10 (10 classes)
  Image size: 32
  LR:         0.05
  Momentum:   0.9 (nesterov=True)
  Optimizer:  sgd
  Weight dec: 0.0005 (on BN/bias=False)
  Backend:    nccl
  Algorithm:  ring
  Epochs:     5
  Batch/rank: 8
  LR:         0.05
  Scheduler:  cosine
  Warmup:     0
  Grad clip:  None
  Drop last:  True
  Data dir:   ./data
================================================================================


================================================================================
DISTRIBUTED TRAINING LAUNCHER
================================================================================
  Model:      wide_resnet50_2 (CIFAR stem) (from scratch)
  Dataset:    cifar10 (10 classes)
  Image size: 32
  LR:         0.05
  Momentum:   0.9 (nesterov=True)
  Optimizer:  sgd
  Weight dec: 0.0005 (on BN/bias=False)
  Backend:    nccl
  Algorithm:  ring
  Epochs:     5
  Batch/rank: 8
  LR:         0.05
  Scheduler:  cosine
  Warmup:     0
  Grad clip:  None
  Drop last:  True
  Data dir:   ./data
================================================================================


================================================================================
DISTRIBUTED TRAINING LAUNCHER
================================================================================
  Model:      wide_resnet50_2 (CIFAR stem) (from scratch)
  Dataset:    cifar10 (10 classes)
  Image size: 32
  LR:         0.05
  Momentum:   0.9 (nesterov=True)
  Optimizer:  sgd
  Weight dec: 0.0005 (on BN/bias=False)
  Backend:    nccl
  Algorithm:  ring
  Epochs:     5
  Batch/rank: 8
  LR:         0.05
  Scheduler:  cosine
  Warmup:     0
  Grad clip:  None
  Drop last:  True
  Data dir:   ./data
================================================================================


================================================================================
DISTRIBUTED TRAINING LAUNCHER
================================================================================
  Model:      wide_resnet50_2 (CIFAR stem) (from scratch)
  Dataset:    cifar10 (10 classes)
  Image size: 32
  LR:         0.05
  Momentum:   0.9 (nesterov=True)
  Optimizer:  sgd
  Weight dec: 0.0005 (on BN/bias=False)
  Backend:    nccl
  Algorithm:  ring
  Epochs:     5
  Batch/rank: 8
  LR:         0.05
  Scheduler:  cosine
  Warmup:     0
  Grad clip:  None
  Drop last:  True
  Data dir:   ./data
================================================================================


================================================================================
DISTRIBUTED TRAINING LAUNCHER
================================================================================
  Model:      wide_resnet50_2 (CIFAR stem) (from scratch)
  Dataset:    cifar10 (10 classes)
  Image size: 32
  LR:         0.05
  Momentum:   0.9 (nesterov=True)
  Optimizer:  sgd
  Weight dec: 0.0005 (on BN/bias=False)
  Backend:    nccl
  Algorithm:  ring
  Epochs:     5
  Batch/rank: 8
  LR:         0.05
  Scheduler:  cosine
  Warmup:     0
  Grad clip:  None
  Drop last:  True
  Data dir:   ./data
================================================================================

[Gloo] Rank 0 is connected to 7 peer ranks. Expected number of connected peer ranks is : 7
[Gloo] Rank 1 is connected to 7 peer ranks. Expected number of connected peer ranks is : 7
[Gloo] Rank 2 is connected to 7 peer ranks. Expected number of connected peer ranks is : 7
[Gloo] Rank 3 is connected to 7 peer ranks. Expected number of connected peer ranks is : 7
[Gloo] Rank 4 is connected to 7 peer ranks. Expected number of connected peer ranks is : 7
[Gloo] Rank 5 is connected to 7 peer ranks. Expected number of connected peer ranks is : 7
[Gloo] Rank 6 is connected to 7 peer ranks. Expected number of connected peer ranks is : 7
[Gloo] Rank 7 is connected to 7 peer ranks. Expected number of connected peer ranks is : 7

================================================================================
Distributed Training: WIDE_RESNET50_2 on CIFAR10
Backend: NCCL, Algorithm: ring
================================================================================
Ranks: 8, Epochs: 5, Batch/rank: 8, Effective batch: 64
LR: 0.05, Device: cuda:0

[Cache] Pretrained weights cache (TORCH_HOME) = /eagle/UIC-HPC/matilderestelli/pretrained_weights_cache
[Setup] Model on cuda:0, wrapped in DDP (static_graph=True)
[Setup] Hook registered: nccl/ring
[Optim] SGD: lr=0.05 momentum=0.9 nesterov=True wd=0.0005 wd_on_bn_bias=False
[Optim]   group 0: 66,778,816 params, wd=0.0005
[Optim]   group 1: 68,234 params, wd=0.0
[Data] Train batches: 781, Val batches: 1250

[Sched] cosine: steps/epoch=781, total_steps=3905, warmup_steps=0 (0 epochs)


[Epoch 1] Training... (lr at epoch start=0.050000)
