=== Job started: Thu Jul 30 10:40:15 PM UTC 2026 ===
=== Node: x3104c0s13b0n0 ===
[INFO] GTL preloaded: /opt/cray/pe/mpich/9.0.1/ofi/nvidia/23.3/lib/libmpi_gtl_cuda.so
=============================================
  Polaris DDP + Eagle PyTorch + Cray MPICH
=============================================
Node              : x3104c0s13b0n0
ZFP_HOME          : /home/mrest/mpiAllReduceCompressed/zfp-install
GTL               : /opt/cray/pe/mpich/9.0.1/ofi/nvidia/23.3/lib/libmpi_gtl_cuda.so
MPICH_GPU_SUPPORT : 1

PyTorch version   : 2.8.0a0+gitba56102
PyTorch location  : /lus/eagle/projects/UIC-HPC/mrest/pytorch_mpi_build/src/pytorch/torch/__init__.py
CUDA available    : True 4
MPI available     : True
mpi4py            : MPI VERSION    : CRAY MPICH version 9.0.1.498 (ANL base 4.1.2)
mpi4py rank test  : rank 0 OK
=============================================
MASTER_ADDR=x3104c0s13b0n0.hsn.cm.polaris.alcf.anl.gov
MASTER_PORT=29500
python 3.12.11 | packaged by conda-forge | (main, Jun  4 2025, 14:45:31) [GCC 13.3.0]
torchvision._C spec: ModuleSpec(name='torchvision._C', loader=<_frozen_importlib_external.ExtensionFileLoader object at 0x15527add5c40>, origin='/soft/applications/conda/2025-09-28/mconda3/lib/python3.12/site-packages/torchvision/_C.so')
origin: /soft/applications/conda/2025-09-28/mconda3/lib/python3.12/site-packages/torchvision/_C.so
=== Starting: model=wide_resnet50_2, ws=8, bs=8, gb=64, lr=0.05, sched=cosine, warmup=0, epochs=5, mom=0.9, wd=5e-4, nesterov=true, wd_bn_bias=false, backend=mpi, hook=ring_zfp_online_coll, zfp=8 at Thu Jul 30 10:41:09 PM UTC 2026 ===

================================================================================
DISTRIBUTED TRAINING LAUNCHER
================================================================================
  Model:      wide_resnet50_2 (CIFAR stem) (from scratch)
  Dataset:    cifar10 (10 classes)
  Image size: 32
  LR:         0.05
  Momentum:   0.9 (nesterov=True)
  Optimizer:  sgd
  Weight dec: 0.0005 (on BN/bias=False)

================================================================================
DISTRIBUTED TRAINING LAUNCHER
================================================================================
  Model:      wide_resnet50_2 (CIFAR stem) (from scratch)
  Dataset:    cifar10 (10 classes)
  Image size: 32
  LR:         0.05
  Momentum:   0.9 (nesterov=True)
  Optimizer:  sgd
  Weight dec: 0.0005 (on BN/bias=False)
  Backend:    mpi
  Algorithm:  ring_zfp_online_coll
  ZFP rate:   8
  Epochs:     5
  Batch/rank: 8
  LR:         0.05
  Scheduler:  cosine
  Warmup:     0
  Grad clip:  None
  Drop last:  True
  Data dir:   ./data
================================================================================


================================================================================
DISTRIBUTED TRAINING LAUNCHER
================================================================================
  Model:      wide_resnet50_2 (CIFAR stem) (from scratch)
  Dataset:    cifar10 (10 classes)
  Image size: 32
  LR:         0.05
  Momentum:   0.9 (nesterov=True)
  Optimizer:  sgd
  Weight dec: 0.0005 (on BN/bias=False)
  Backend:    mpi
  Algorithm:  ring_zfp_online_coll
  ZFP rate:   8
  Epochs:     5
  Batch/rank: 8
  LR:         0.05
  Scheduler:  cosine
  Warmup:     0
  Grad clip:  None
  Drop last:  True
  Data dir:   ./data
================================================================================

  Backend:    mpi
  Algorithm:  ring_zfp_online_coll
  ZFP rate:   8
  Epochs:     5
  Batch/rank: 8
  LR:         0.05
  Scheduler:  cosine
  Warmup:     0
  Grad clip:  None
  Drop last:  True
  Data dir:   ./data
================================================================================


================================================================================
DISTRIBUTED TRAINING LAUNCHER
================================================================================
  Model:      wide_resnet50_2 (CIFAR stem) (from scratch)
  Dataset:    cifar10 (10 classes)
  Image size: 32
  LR:         0.05
  Momentum:   0.9 (nesterov=True)
  Optimizer:  sgd
  Weight dec: 0.0005 (on BN/bias=False)
  Backend:    mpi
  Algorithm:  ring_zfp_online_coll
  ZFP rate:   8
  Epochs:     5
  Batch/rank: 8
  LR:         0.05
  Scheduler:  cosine
  Warmup:     0
  Grad clip:  None
  Drop last:  True
  Data dir:   ./data
================================================================================


================================================================================
DISTRIBUTED TRAINING LAUNCHER
================================================================================
  Model:      wide_resnet50_2 (CIFAR stem) (from scratch)
  Dataset:    cifar10 (10 classes)
  Image size: 32
  LR:         0.05
  Momentum:   0.9 (nesterov=True)

================================================================================
DISTRIBUTED TRAINING LAUNCHER
================================================================================
  Model:      wide_resnet50_2 (CIFAR stem) (from scratch)
  Dataset:    cifar10 (10 classes)
  Image size: 32
  LR:         0.05
  Momentum:   0.9 (nesterov=True)
  Optimizer:  sgd
  Weight dec: 0.0005 (on BN/bias=False)
  Backend:    mpi
  Algorithm:  ring_zfp_online_coll
  ZFP rate:   8
  Epochs:     5
  Batch/rank: 8
  LR:         0.05
  Scheduler:  cosine
  Warmup:     0
  Grad clip:  None
  Drop last:  True
  Data dir:   ./data
================================================================================


================================================================================
DISTRIBUTED TRAINING LAUNCHER
================================================================================
  Model:      wide_resnet50_2 (CIFAR stem) (from scratch)
  Dataset:    cifar10 (10 classes)
  Image size: 32
  LR:         0.05
  Momentum:   0.9 (nesterov=True)
  Optimizer:  sgd
  Weight dec: 0.0005 (on BN/bias=False)
  Backend:    mpi
  Algorithm:  ring_zfp_online_coll
  ZFP rate:   8
  Epochs:     5
  Batch/rank: 8
  LR:         0.05
  Scheduler:  cosine
  Warmup:     0
  Grad clip:  None
  Drop last:  True
  Data dir:   ./data
================================================================================


================================================================================
DISTRIBUTED TRAINING LAUNCHER
================================================================================
  Model:      wide_resnet50_2 (CIFAR stem) (from scratch)
  Dataset:    cifar10 (10 classes)
  Image size: 32
  LR:         0.05
  Momentum:   0.9 (nesterov=True)
  Optimizer:  sgd
  Weight dec: 0.0005 (on BN/bias=False)
  Backend:    mpi
  Algorithm:  ring_zfp_online_coll
  ZFP rate:   8
  Epochs:     5
  Batch/rank: 8
  LR:         0.05
  Scheduler:  cosine
  Warmup:     0
  Grad clip:  None
  Drop last:  True
  Data dir:   ./data
================================================================================

  Optimizer:  sgd
  Weight dec: 0.0005 (on BN/bias=False)
  Backend:    mpi
  Algorithm:  ring_zfp_online_coll
  ZFP rate:   8
  Epochs:     5
  Batch/rank: 8
  LR:         0.05
  Scheduler:  cosine
  Warmup:     0
  Grad clip:  None
  Drop last:  True
  Data dir:   ./data
================================================================================


================================================================================
Distributed Training: WIDE_RESNET50_2 on CIFAR10
Backend: MPI, Algorithm: ring_zfp_online_coll
================================================================================
Ranks: 8, Epochs: 5, Batch/rank: 8, Effective batch: 64
LR: 0.05, Device: cuda:0

[Cache] Pretrained weights cache (TORCH_HOME) = /eagle/UIC-HPC/matilderestelli/pretrained_weights_cache
[Setup] Model on cuda:0, wrapped in DDP (static_graph=True)
[Setup] Hook registered: mpi/ring_zfp_online_coll
[Optim] SGD: lr=0.05 momentum=0.9 nesterov=True wd=0.0005 wd_on_bn_bias=False
[Optim]   group 0: 66,778,816 params, wd=0.0005
[Optim]   group 1: 68,234 params, wd=0.0
[Data] Train batches: 781, Val batches: 1250

[Sched] cosine: steps/epoch=781, total_steps=3905, warmup_steps=0 (0 epochs)


[Epoch 1] Training... (lr at epoch start=0.050000)
  Batch [50/781] Loss: 23.8752, Acc: 11.75%, lr: 0.049980
  Batch [100/781] Loss: 14.7485, Acc: 10.75%, lr: 0.049919
  Batch [150/781] Loss: 11.1047, Acc: 10.17%, lr: 0.049818
  Batch [200/781] Loss: 9.2160, Acc: 10.69%, lr: 0.049677
  Batch [250/781] Loss: 8.0049, Acc: 11.25%, lr: 0.049496
  Batch [300/781] Loss: 7.2480, Acc: 11.33%, lr: 0.049275
  Batch [350/781] Loss: 6.6344, Acc: 11.43%, lr: 0.049015
  Batch [400/781] Loss: 6.1728, Acc: 12.31%, lr: 0.048717
  Batch [450/781] Loss: 5.8046, Acc: 12.83%, lr: 0.048380
  Batch [500/781] Loss: 5.5154, Acc: 13.18%, lr: 0.048005
  Batch [550/781] Loss: 5.2484, Acc: 13.73%, lr: 0.047592
  Batch [600/781] Loss: 5.0073, Acc: 14.48%, lr: 0.047144
  Batch [650/781] Loss: 4.8211, Acc: 14.83%, lr: 0.046659
  Batch [700/781] Loss: 4.6558, Acc: 14.98%, lr: 0.046139
  Batch [750/781] Loss: 4.5047, Acc: 15.28%, lr: 0.045586
[Epoch 1] Train Loss: 4.4211, Acc: 15.43%  |  Val Loss: 3.0321, Acc: 20.00%  |  Time: 58.2s
[Epoch 1] t_iter median: 59.76 ms  (fwd 7.04 | bwd+comm 49.17 | opt 3.47 | data 0.12)  |  train-only epoch: 50.3s
  -> Best model saved (20.00%)
[Epoch 1] Summarizing hook timing...

[HOOK_TIMING_SUMMARY] epoch=1
[HOOK_WORK_SUMMARY] label=mpi:ring_zfp_online_coll:rate8 calls=6234 work_total_ms=37233.095 work_mean_ms=5.973 work_min_ms=4.479 work_max_ms=55.364
[HOOK_TAIL_SUMMARY] label=mpi:ring_zfp_online_coll:rate8 steps=782 tail_total_ms=29962.607 tail_mean_ms=38.315 tail_min_ms=8.203 tail_max_ms=115.215
[Epoch 1] Hook timing summary done

[Epoch 2] Training... (lr at epoch start=0.045225)
  Batch [50/781] Loss: 2.4125, Acc: 17.50%, lr: 0.044618
  Batch [100/781] Loss: 2.4442, Acc: 17.75%, lr: 0.043979
  Batch [150/781] Loss: 2.4092, Acc: 18.08%, lr: 0.043309
  Batch [200/781] Loss: 2.3800, Acc: 18.62%, lr: 0.042610
  Batch [250/781] Loss: 2.4122, Acc: 19.35%, lr: 0.041882
  Batch [300/781] Loss: 2.4020, Acc: 19.58%, lr: 0.041127
  Batch [350/781] Loss: 2.3970, Acc: 19.18%, lr: 0.040346
  Batch [400/781] Loss: 2.3839, Acc: 19.22%, lr: 0.039540
  Batch [450/781] Loss: 2.3577, Acc: 20.00%, lr: 0.038710
  Batch [500/781] Loss: 2.3382, Acc: 20.27%, lr: 0.037858
  Batch [550/781] Loss: 2.3123, Acc: 20.93%, lr: 0.036986
  Batch [600/781] Loss: 2.3042, Acc: 20.90%, lr: 0.036094
  Batch [650/781] Loss: 2.2894, Acc: 21.19%, lr: 0.035184
  Batch [700/781] Loss: 2.2855, Acc: 21.29%, lr: 0.034257
  Batch [750/781] Loss: 2.2738, Acc: 21.65%, lr: 0.033316
[Epoch 2] Train Loss: 2.2705, Acc: 21.75%  |  Val Loss: 3.9175, Acc: 25.21%  |  Time: 54.4s
[Epoch 2] t_iter median: 59.96 ms  (fwd 6.93 | bwd+comm 49.62 | opt 3.32 | data 0.11)  |  train-only epoch: 47.3s
  -> Best model saved (25.21%)
[Epoch 2] Summarizing hook timing...

[HOOK_TIMING_SUMMARY] epoch=2
[HOOK_WORK_SUMMARY] label=mpi:ring_zfp_online_coll:rate8 calls=6248 work_total_ms=37661.636 work_mean_ms=6.028 work_min_ms=4.527 work_max_ms=16.991
[HOOK_TAIL_SUMMARY] label=mpi:ring_zfp_online_coll:rate8 steps=781 tail_total_ms=30507.680 tail_mean_ms=39.062 tail_min_ms=37.053 tail_max_ms=72.667
[Epoch 2] Hook timing summary done

[Epoch 3] Training... (lr at epoch start=0.032725)
  Batch [50/781] Loss: 1.9742, Acc: 28.50%, lr: 0.031763
  Batch [100/781] Loss: 2.0170, Acc: 26.12%, lr: 0.030790
  Batch [150/781] Loss: 2.0068, Acc: 26.83%, lr: 0.029807
  Batch [200/781] Loss: 2.0464, Acc: 24.88%, lr: 0.028816
  Batch [250/781] Loss: 2.0581, Acc: 24.85%, lr: 0.027820
  Batch [300/781] Loss: 2.0775, Acc: 24.38%, lr: 0.026819
  Batch [350/781] Loss: 2.0772, Acc: 24.64%, lr: 0.025814
  Batch [400/781] Loss: 2.0677, Acc: 24.75%, lr: 0.024809
  Batch [450/781] Loss: 2.0565, Acc: 25.31%, lr: 0.023804
  Batch [500/781] Loss: 2.0499, Acc: 25.20%, lr: 0.022801
  Batch [550/781] Loss: 2.0427, Acc: 25.57%, lr: 0.021801
  Batch [600/781] Loss: 2.0352, Acc: 25.94%, lr: 0.020806
  Batch [650/781] Loss: 2.0436, Acc: 25.87%, lr: 0.019819
  Batch [700/781] Loss: 2.0329, Acc: 25.98%, lr: 0.018839
  Batch [750/781] Loss: 2.0322, Acc: 25.95%, lr: 0.017870
[Epoch 3] Train Loss: 2.0301, Acc: 25.99%  |  Val Loss: 2.6083, Acc: 28.98%  |  Time: 54.7s
[Epoch 3] t_iter median: 60.43 ms  (fwd 7.01 | bwd+comm 49.89 | opt 3.38 | data 0.12)  |  train-only epoch: 47.6s
  -> Best model saved (28.98%)
[Epoch 3] Summarizing hook timing...

[HOOK_TIMING_SUMMARY] epoch=3
[HOOK_WORK_SUMMARY] label=mpi:ring_zfp_online_coll:rate8 calls=6248 work_total_ms=37801.905 work_mean_ms=6.050 work_min_ms=4.528 work_max_ms=17.313
[HOOK_TAIL_SUMMARY] label=mpi:ring_zfp_online_coll:rate8 steps=781 tail_total_ms=30634.953 tail_mean_ms=39.225 tail_min_ms=37.125 tail_max_ms=72.961
[Epoch 3] Hook timing summary done

[Epoch 4] Training... (lr at epoch start=0.017275)
  Batch [50/781] Loss: 2.0248, Acc: 24.75%, lr: 0.016325
  Batch [100/781] Loss: 1.9898, Acc: 25.38%, lr: 0.015389
  Batch [150/781] Loss: 1.9880, Acc: 24.83%, lr: 0.014468
  Batch [200/781] Loss: 1.9756, Acc: 25.19%, lr: 0.013565
  Batch [250/781] Loss: 1.9687, Acc: 25.80%, lr: 0.012680
  Batch [300/781] Loss: 1.9525, Acc: 25.79%, lr: 0.011816
  Batch [350/781] Loss: 1.9509, Acc: 26.25%, lr: 0.010972
  Batch [400/781] Loss: 1.9495, Acc: 26.47%, lr: 0.010151
  Batch [450/781] Loss: 1.9426, Acc: 27.11%, lr: 0.009354
  Batch [500/781] Loss: 1.9440, Acc: 26.98%, lr: 0.008583
  Batch [550/781] Loss: 1.9357, Acc: 27.16%, lr: 0.007838
  Batch [600/781] Loss: 1.9313, Acc: 27.48%, lr: 0.007121
  Batch [650/781] Loss: 1.9279, Acc: 27.52%, lr: 0.006433
  Batch [700/781] Loss: 1.9275, Acc: 27.70%, lr: 0.005774
  Batch [750/781] Loss: 1.9252, Acc: 27.85%, lr: 0.005147
[Epoch 4] Train Loss: 1.9229, Acc: 27.75%  |  Val Loss: 2.8409, Acc: 29.70%  |  Time: 54.6s
[Epoch 4] t_iter median: 60.09 ms  (fwd 7.02 | bwd+comm 49.65 | opt 3.31 | data 0.11)  |  train-only epoch: 47.3s
  -> Best model saved (29.70%)
[Epoch 4] Summarizing hook timing...

[HOOK_TIMING_SUMMARY] epoch=4
[HOOK_WORK_SUMMARY] label=mpi:ring_zfp_online_coll:rate8 calls=6248 work_total_ms=37608.265 work_mean_ms=6.019 work_min_ms=4.503 work_max_ms=19.611
[HOOK_TAIL_SUMMARY] label=mpi:ring_zfp_online_coll:rate8 steps=781 tail_total_ms=30229.812 tail_mean_ms=38.707 tail_min_ms=35.162 tail_max_ms=74.531
[Epoch 4] Hook timing summary done

[Epoch 5] Training... (lr at epoch start=0.004775)
  Batch [50/781] Loss: 1.8202, Acc: 29.25%, lr: 0.004200
  Batch [100/781] Loss: 1.8847, Acc: 28.62%, lr: 0.003659
  Batch [150/781] Loss: 1.8910, Acc: 27.83%, lr: 0.003153
  Batch [200/781] Loss: 1.8904, Acc: 27.94%, lr: 0.002682
  Batch [250/781] Loss: 1.8743, Acc: 28.60%, lr: 0.002247
  Batch [300/781] Loss: 1.8592, Acc: 29.04%, lr: 0.001849
  Batch [350/781] Loss: 1.8602, Acc: 29.39%, lr: 0.001488
  Batch [400/781] Loss: 1.8604, Acc: 29.31%, lr: 0.001165
  Batch [450/781] Loss: 1.8536, Acc: 29.39%, lr: 0.000881
  Batch [500/781] Loss: 1.8582, Acc: 29.25%, lr: 0.000636
  Batch [550/781] Loss: 1.8560, Acc: 29.66%, lr: 0.000430
  Batch [600/781] Loss: 1.8534, Acc: 29.67%, lr: 0.000265
  Batch [650/781] Loss: 1.8463, Acc: 30.12%, lr: 0.000139
  Batch [700/781] Loss: 1.8431, Acc: 30.04%, lr: 0.000053
  Batch [750/781] Loss: 1.8385, Acc: 30.38%, lr: 0.000008
[Epoch 5] Train Loss: 1.8389, Acc: 30.47%  |  Val Loss: 2.1640, Acc: 33.03%  |  Time: 55.0s
[Epoch 5] t_iter median: 60.44 ms  (fwd 7.04 | bwd+comm 49.86 | opt 3.47 | data 0.07)  |  train-only epoch: 47.7s
  -> Best model saved (33.03%)
[Epoch 5] Summarizing hook timing...

[HOOK_TIMING_SUMMARY] epoch=5
[HOOK_WORK_SUMMARY] label=mpi:ring_zfp_online_coll:rate8 calls=6248 work_total_ms=37909.390 work_mean_ms=6.067 work_min_ms=4.537 work_max_ms=102.964
[HOOK_TAIL_SUMMARY] label=mpi:ring_zfp_online_coll:rate8 steps=781 tail_total_ms=30652.351 tail_mean_ms=39.248 tail_min_ms=37.178 tail_max_ms=135.063
[Epoch 5] Hook timing summary done

================================================================================
Done in 281.2s | Best val acc: 33.03%
Epoch times (train+val): mean=55.4s  min=54.4s  max=58.2s
Train-only epoch time (epochs 2..N): median=47.45s  min=47.26s  max=47.70s
  -> use this for STRONG scaling (fixed global batch)
  -> use t_iter_median_ms from the CSV for WEAK scaling (fixed local batch)
================================================================================
=== Finished: model=wide_resnet50_2, dataset=cifar10, batch=8, lr=0.05, scheduler=cosine, backend=mpi, hook=ring_zfp_online_coll, zfp_rate=8, status=0 at Thu Jul 30 10:46:11 PM UTC 2026 ===
=== Starting: model=wide_resnet50_2, ws=8, bs=32, gb=256, lr=0.20, sched=cosine, warmup=0, epochs=5, mom=0.9, wd=5e-4, nesterov=true, wd_bn_bias=false, backend=mpi, hook=ring_zfp_online_coll, zfp=8 at Thu Jul 30 10:46:11 PM UTC 2026 ===

================================================================================
DISTRIBUTED TRAINING LAUNCHER
================================================================================
  Model:      wide_resnet50_2 (CIFAR stem) (from scratch)
  Dataset:    cifar10 (10 classes)
  Image size: 32
  LR:         0.2
================================================================================
DISTRIBUTED TRAINING LAUNCHER
================================================================================
  Model:      wide_resnet50_2 (CIFAR stem) (from scratch)
  Dataset:    cifar10 (10 classes)
  Image size: 32
  LR:         0.2
  Momentum:   0.9 (nesterov=True)
  Optimizer:  sgd
  Weight dec: 0.0005 (on BN/bias=False)
  Backend:    mpi
  Algorithm:  ring_zfp_online_coll
  ZFP rate:   8
  Epochs:     5
  Batch/rank: 32
  LR:         0.2
  Scheduler:  cosine
  Warmup:     0
  Grad clip:  None
  Drop last:  True
  Data dir:   ./data
================================================================================


  Momentum:   0.9 (nesterov=True)
  Optimizer:  sgd
  Weight dec: 0.0005 (on BN/bias=False)
  Backend:    mpi
  Algorithm:  ring_zfp_online_coll
  ZFP rate:   8
  Epochs:     5
  Batch/rank: 32
  LR:         0.2
  Scheduler:  cosine
  Warmup:     0
  Grad clip:  None
  Drop last:  True
  Data dir:   ./data
================================================================================


================================================================================
DISTRIBUTED TRAINING LAUNCHER
================================================================================
  Model:      wide_resnet50_2 (CIFAR stem) (from scratch)
  Dataset:    cifar10 (10 classes)
  Image size: 32
  LR:         0.2
  Momentum:   0.9 (nesterov=True)
  Optimizer:  sgd
  Weight dec: 0.0005 (on BN/bias=False)
  Backend:    mpi
  Algorithm:  ring_zfp_online_coll
  ZFP rate:   8
  Epochs:     5
  Batch/rank: 32
  LR:         0.2
  Scheduler:  cosine
  Warmup:     0
  Grad clip:  None
  Drop last:  True
  Data dir:   ./data
================================================================================


================================================================================
DISTRIBUTED TRAINING LAUNCHER
================================================================================
  Model:      wide_resnet50_2 (CIFAR stem) (from scratch)
  Dataset:    cifar10 (10 classes)
  Image size: 32
  LR:         0.2
  Momentum:   0.9 (nesterov=True)
  Optimizer:  sgd
  Weight dec: 0.0005 (on BN/bias=False)
  Backend:    mpi
  Algorithm:  ring_zfp_online_coll
  ZFP rate:   8
  Epochs:     5
  Batch/rank: 32
  LR:         0.2
  Scheduler:  cosine
  Warmup:     0
  Grad clip:  None
  Drop last:  True
  Data dir:   ./data
================================================================================


================================================================================
DISTRIBUTED TRAINING LAUNCHER
================================================================================
  Model:      wide_resnet50_2 (CIFAR stem) (from scratch)
  Dataset:    cifar10 (10 classes)
  Image size: 32
  LR:         0.2
  Momentum:   0.9 (nesterov=True)
  Optimizer:  sgd
================================================================================
DISTRIBUTED TRAINING LAUNCHER
================================================================================
  Model:      wide_resnet50_2 (CIFAR stem) (from scratch)
  Dataset:    cifar10 (10 classes)
  Image size: 32
  LR:         0.2
  Momentum:   0.9 (nesterov=True)
  Optimizer:  sgd
  Weight dec: 0.0005 (on BN/bias=False)
  Backend:    mpi
  Algorithm:  ring_zfp_online_coll
  ZFP rate:   8
  Epochs:     5
  Batch/rank: 32
  LR:         0.2
  Scheduler:  cosine
  Warmup:     0
  Grad clip:  None
  Drop last:  True
  Data dir:   ./data
================================================================================


================================================================================
DISTRIBUTED TRAINING LAUNCHER
================================================================================
  Model:      wide_resnet50_2 (CIFAR stem) (from scratch)
  Dataset:    cifar10 (10 classes)
  Image size: 32
  LR:         0.2
  Momentum:   0.9 (nesterov=True)
  Optimizer:  sgd
  Weight dec: 0.0005 (on BN/bias=False)
  Backend:    mpi
  Algorithm:  ring_zfp_online_coll
  ZFP rate:   8
  Epochs:     5
  Batch/rank: 32
  LR:         0.2
  Scheduler:  cosine
  Warmup:     0
  Grad clip:  None
  Drop last:  True
  Data dir:   ./data
================================================================================


  Weight dec: 0.0005 (on BN/bias=False)
  Backend:    mpi
  Algorithm:  ring_zfp_online_coll
  ZFP rate:   8
  Epochs:     5
  Batch/rank: 32
  LR:         0.2
  Scheduler:  cosine
  Warmup:     0
  Grad clip:  None
  Drop last:  True
  Data dir:   ./data
================================================================================


================================================================================
DISTRIBUTED TRAINING LAUNCHER
================================================================================
  Model:      wide_resnet50_2 (CIFAR stem) (from scratch)
  Dataset:    cifar10 (10 classes)
  Image size: 32
  LR:         0.2
  Momentum:   0.9 (nesterov=True)
  Optimizer:  sgd
  Weight dec: 0.0005 (on BN/bias=False)
  Backend:    mpi
  Algorithm:  ring_zfp_online_coll
  ZFP rate:   8
  Epochs:     5
  Batch/rank: 32
  LR:         0.2
  Scheduler:  cosine
  Warmup:     0
  Grad clip:  None
  Drop last:  True
  Data dir:   ./data
================================================================================


================================================================================
Distributed Training: WIDE_RESNET50_2 on CIFAR10
Backend: MPI, Algorithm: ring_zfp_online_coll
================================================================================
Ranks: 8, Epochs: 5, Batch/rank: 32, Effective batch: 256
LR: 0.2, Device: cuda:0

[Cache] Pretrained weights cache (TORCH_HOME) = /eagle/UIC-HPC/matilderestelli/pretrained_weights_cache
[Setup] Model on cuda:0, wrapped in DDP (static_graph=True)
[Setup] Hook registered: mpi/ring_zfp_online_coll
[Optim] SGD: lr=0.2 momentum=0.9 nesterov=True wd=0.0005 wd_on_bn_bias=False
[Optim]   group 0: 66,778,816 params, wd=0.0005
[Optim]   group 1: 68,234 params, wd=0.0
[Data] Train batches: 195, Val batches: 313

[Sched] cosine: steps/epoch=195, total_steps=975, warmup_steps=0 (0 epochs)


[Epoch 1] Training... (lr at epoch start=0.200000)
  Batch [50/195] Loss: 20.0496, Acc: 10.19%, lr: 0.198705
  Batch [100/195] Loss: 11.2750, Acc: 11.59%, lr: 0.194854
  Batch [150/195] Loss: 8.3338, Acc: 12.12%, lr: 0.188546
[Epoch 1] Train Loss: 6.9490, Acc: 12.79%  |  Val Loss: 2.5782, Acc: 15.61%  |  Time: 18.0s
[Epoch 1] t_iter median: 71.71 ms  (fwd 7.28 | bwd+comm 60.94 | opt 3.36 | data 0.11)  |  train-only epoch: 15.2s
  -> Best model saved (15.61%)
[Epoch 1] Summarizing hook timing...

[HOOK_TIMING_SUMMARY] epoch=1
[HOOK_WORK_SUMMARY] label=mpi:ring_zfp_online_coll:rate8 calls=1546 work_total_ms=11735.259 work_mean_ms=7.591 work_min_ms=5.146 work_max_ms=69.505
[HOOK_TAIL_SUMMARY] label=mpi:ring_zfp_online_coll:rate8 steps=196 tail_total_ms=10029.054 tail_mean_ms=51.169 tail_min_ms=16.929 tail_max_ms=76.821
[Epoch 1] Hook timing summary done

[Epoch 2] Training... (lr at epoch start=0.180902)
  Batch [50/195] Loss: 2.3926, Acc: 15.44%, lr: 0.170425
  Batch [100/195] Loss: 2.3497, Acc: 15.62%, lr: 0.158125
  Batch [150/195] Loss: 2.3169, Acc: 15.71%, lr: 0.144319
[Epoch 2] Train Loss: 2.2862, Acc: 16.51%  |  Val Loss: 2.2587, Acc: 18.71%  |  Time: 17.0s
[Epoch 2] t_iter median: 71.14 ms  (fwd 7.29 | bwd+comm 60.36 | opt 3.36 | data 0.12)  |  train-only epoch: 14.2s
  -> Best model saved (18.71%)
[Epoch 2] Summarizing hook timing...

[HOOK_TIMING_SUMMARY] epoch=2
[HOOK_WORK_SUMMARY] label=mpi:ring_zfp_online_coll:rate8 calls=1560 work_total_ms=11652.563 work_mean_ms=7.470 work_min_ms=5.146 work_max_ms=21.221
[HOOK_TAIL_SUMMARY] label=mpi:ring_zfp_online_coll:rate8 steps=195 tail_total_ms=9900.229 tail_mean_ms=50.770 tail_min_ms=43.162 tail_max_ms=56.906
[Epoch 2] Hook timing summary done

[Epoch 3] Training... (lr at epoch start=0.130902)
  Batch [50/195] Loss: 2.1901, Acc: 20.88%, lr: 0.115246
  Batch [100/195] Loss: 2.1985, Acc: 19.91%, lr: 0.099194
  Batch [150/195] Loss: 2.1699, Acc: 20.02%, lr: 0.083164
[Epoch 3] Train Loss: 2.1601, Acc: 20.21%  |  Val Loss: 2.0672, Acc: 21.98%  |  Time: 17.0s
[Epoch 3] t_iter median: 71.21 ms  (fwd 7.28 | bwd+comm 60.62 | opt 3.19 | data 0.11)  |  train-only epoch: 14.3s
  -> Best model saved (21.98%)
[Epoch 3] Summarizing hook timing...

[HOOK_TIMING_SUMMARY] epoch=3
[HOOK_WORK_SUMMARY] label=mpi:ring_zfp_online_coll:rate8 calls=1560 work_total_ms=11774.128 work_mean_ms=7.548 work_min_ms=5.143 work_max_ms=21.746
[HOOK_TAIL_SUMMARY] label=mpi:ring_zfp_online_coll:rate8 steps=195 tail_total_ms=10086.485 tail_mean_ms=51.726 tail_min_ms=47.541 tail_max_ms=73.739
[Epoch 3] Hook timing summary done

[Epoch 4] Training... (lr at epoch start=0.069098)
  Batch [50/195] Loss: 2.1213, Acc: 20.62%, lr: 0.054242
  Batch [100/195] Loss: 2.1024, Acc: 21.53%, lr: 0.040572
  Batch [150/195] Loss: 2.0840, Acc: 22.25%, lr: 0.028440
[Epoch 4] Train Loss: 2.0784, Acc: 22.00%  |  Val Loss: 1.9999, Acc: 25.37%  |  Time: 17.0s
[Epoch 4] t_iter median: 71.03 ms  (fwd 7.28 | bwd+comm 60.39 | opt 3.25 | data 0.11)  |  train-only epoch: 14.2s
  -> Best model saved (25.37%)
[Epoch 4] Summarizing hook timing...

[HOOK_TIMING_SUMMARY] epoch=4
[HOOK_WORK_SUMMARY] label=mpi:ring_zfp_online_coll:rate8 calls=1560 work_total_ms=11672.896 work_mean_ms=7.483 work_min_ms=5.140 work_max_ms=21.167
[HOOK_TAIL_SUMMARY] label=mpi:ring_zfp_online_coll:rate8 steps=195 tail_total_ms=9964.342 tail_mean_ms=51.099 tail_min_ms=45.242 tail_max_ms=57.116
[Epoch 4] Hook timing summary done

[Epoch 5] Training... (lr at epoch start=0.019098)
  Batch [50/195] Loss: 2.0399, Acc: 22.88%, lr: 0.010717
  Batch [100/195] Loss: 2.0321, Acc: 23.91%, lr: 0.004649
  Batch [150/195] Loss: 2.0251, Acc: 24.40%, lr: 0.001049
[Epoch 5] Train Loss: 2.0187, Acc: 25.02%  |  Val Loss: 1.9707, Acc: 25.46%  |  Time: 17.0s
[Epoch 5] t_iter median: 70.93 ms  (fwd 7.28 | bwd+comm 60.38 | opt 3.19 | data 0.06)  |  train-only epoch: 14.2s
  -> Best model saved (25.46%)
[Epoch 5] Summarizing hook timing...

[HOOK_TIMING_SUMMARY] epoch=5
[HOOK_WORK_SUMMARY] label=mpi:ring_zfp_online_coll:rate8 calls=1560 work_total_ms=11707.689 work_mean_ms=7.505 work_min_ms=5.113 work_max_ms=22.130
[HOOK_TAIL_SUMMARY] label=mpi:ring_zfp_online_coll:rate8 steps=195 tail_total_ms=10020.530 tail_mean_ms=51.387 tail_min_ms=48.382 tail_max_ms=58.167
[Epoch 5] Hook timing summary done

================================================================================
Done in 90.4s | Best val acc: 25.46%
Epoch times (train+val): mean=17.2s  min=17.0s  max=18.0s
Train-only epoch time (epochs 2..N): median=14.21s  min=14.19s  max=14.28s
  -> use this for STRONG scaling (fixed global batch)
  -> use t_iter_median_ms from the CSV for WEAK scaling (fixed local batch)
================================================================================
=== Finished: model=wide_resnet50_2, dataset=cifar10, batch=32, lr=0.20, scheduler=cosine, backend=mpi, hook=ring_zfp_online_coll, zfp_rate=8, status=0 at Thu Jul 30 10:47:52 PM UTC 2026 ===
