=== Job started: Fri May 22 01:36:47 PM UTC 2026 ===
=== Node: x3111c0s19b0n0 ===

The following have been reloaded with a version change:
  1) gcc-native/14 => gcc-native/13


The following have been reloaded with a version change:
  1) gcc-native/13 => gcc-native/14.2

[INFO] GTL preloaded: /opt/cray/pe/mpich/9.0.1/ofi/nvidia/23.3/lib/libmpi_gtl_cuda.so
=============================================
  Polaris DDP + Eagle PyTorch + Cray MPICH
=============================================
Node              : x3111c0s19b0n0
ZFP_HOME          : /home/mrest/mpiAllReduceCompressed/zfp-install
GTL               : /opt/cray/pe/mpich/9.0.1/ofi/nvidia/23.3/lib/libmpi_gtl_cuda.so
MPICH_GPU_SUPPORT : 1

PyTorch version   : 2.8.0a0+gitba56102
PyTorch location  : /lus/eagle/projects/UIC-HPC/mrest/pytorch_mpi_build/src/pytorch/torch/__init__.py
CUDA available    : True 4
MPI available     : True
mpi4py            : MPI VERSION    : CRAY MPICH version 9.0.1.498 (ANL base 4.1.2)
mpi4py rank test  : rank 0 OK
=============================================
=== Starting training: backend=mpi, hook=None, zfp_rate=none at Fri May 22 01:37:19 PM UTC 2026 ===

================================================================================
DISTRIBUTED TRAINING LAUNCHER
================================================================================
  Model:      wide_resnet50_2 (pretrained)
  Dataset:    cifar10 (10 classes)
  Backend:    mpi
  Algorithm:  built-in (no hook)
  Epochs:     20
  Batch/rank: 128
  LR:         0.001
================================================================================


================================================================================
Distributed Training: WIDE_RESNET50_2 on CIFAR10
Backend: MPI, Algorithm: built-in (no hook)
================================================================================
Ranks: 8, Epochs: 20, Batch/rank: 128, Effective batch: 1024
LR: 0.001, Device: cuda:0

[Setup] Model on cuda:0, wrapped in DDP (static_graph=True)
[Setup] No hook — using DDP built-in MPI allreduce
[Data] Train batches: 49, Val batches: 10


[Epoch 1] Training... (lr=0.000001)

================================================================================
DISTRIBUTED TRAINING LAUNCHER
================================================================================
  Model:      wide_resnet50_2 (pretrained)
  Dataset:    cifar10 (10 classes)
  Backend:    mpi
  Algorithm:  built-in (no hook)
  Epochs:     20
  Batch/rank: 128
  LR:         0.001
================================================================================


================================================================================
DISTRIBUTED TRAINING LAUNCHER
================================================================================
  Model:      wide_resnet50_2 (pretrained)
  Dataset:    cifar10 (10 classes)
  Backend:    mpi
  Algorithm:  built-in (no hook)
  Epochs:     20
  Batch/rank: 128
  LR:         0.001
================================================================================


================================================================================
DISTRIBUTED TRAINING LAUNCHER
================================================================================
  Model:      wide_resnet50_2 (pretrained)
  Dataset:    cifar10 (10 classes)
  Backend:    mpi
  Algorithm:  built-in (no hook)
  Epochs:     20
  Batch/rank: 128
  LR:         0.001
================================================================================


================================================================================
DISTRIBUTED TRAINING LAUNCHER
================================================================================
  Model:      wide_resnet50_2 (pretrained)
  Dataset:    cifar10 (10 classes)
  Backend:    mpi
  Algorithm:  built-in (no hook)
  Epochs:     20
  Batch/rank: 128
  LR:         0.001
================================================================================


================================================================================
DISTRIBUTED TRAINING LAUNCHER
================================================================================
  Model:      wide_resnet50_2 (pretrained)
  Dataset:    cifar10 (10 classes)
  Backend:    mpi
  Algorithm:  built-in (no hook)
  Epochs:     20
  Batch/rank: 128
  LR:         0.001
================================================================================


================================================================================
DISTRIBUTED TRAINING LAUNCHER
================================================================================
  Model:      wide_resnet50_2 (pretrained)
  Dataset:    cifar10 (10 classes)
  Backend:    mpi
  Algorithm:  built-in (no hook)
  Epochs:     20
  Batch/rank: 128
  LR:         0.001
================================================================================


================================================================================
DISTRIBUTED TRAINING LAUNCHER
================================================================================
  Model:      wide_resnet50_2 (pretrained)
  Dataset:    cifar10 (10 classes)
  Backend:    mpi
  Algorithm:  built-in (no hook)
  Epochs:     20
  Batch/rank: 128
  LR:         0.001
================================================================================

[Epoch 1] Train Loss: 2.3676, Acc: 10.00%  |  Val Loss: 2.5391, Acc: 10.96%  |  Time: 5.9s
  -> Best model saved (10.96%)
[Epoch 1] Summarizing hook timing...
[HOOK_TIMING_SUMMARY] epoch=1 no hook timing samples
[Epoch 1] Hook timing summary done

[Epoch 2] Training... (lr=0.001000)
[Epoch 2] Train Loss: 2.2656, Acc: 16.93%  |  Val Loss: 7.7759, Acc: 25.36%  |  Time: 2.5s
  -> Best model saved (25.36%)
[Epoch 2] Summarizing hook timing...
[HOOK_TIMING_SUMMARY] epoch=2 no hook timing samples
[Epoch 2] Hook timing summary done

[Epoch 3] Training... (lr=0.000993)
[Epoch 3] Train Loss: 2.0877, Acc: 27.62%  |  Val Loss: 2.2863, Acc: 35.68%  |  Time: 2.5s
  -> Best model saved (35.68%)
[Epoch 3] Summarizing hook timing...
[HOOK_TIMING_SUMMARY] epoch=3 no hook timing samples
[Epoch 3] Hook timing summary done

[Epoch 4] Training... (lr=0.000973)
[Epoch 4] Train Loss: 1.8799, Acc: 37.01%  |  Val Loss: 1.9897, Acc: 45.04%  |  Time: 2.5s
  -> Best model saved (45.04%)
[Epoch 4] Summarizing hook timing...
[HOOK_TIMING_SUMMARY] epoch=4 no hook timing samples
[Epoch 4] Hook timing summary done

[Epoch 5] Training... (lr=0.000940)
[Epoch 5] Train Loss: 1.7074, Acc: 42.74%  |  Val Loss: 1.6612, Acc: 49.04%  |  Time: 2.5s
  -> Best model saved (49.04%)
[Epoch 5] Summarizing hook timing...
[HOOK_TIMING_SUMMARY] epoch=5 no hook timing samples
[Epoch 5] Hook timing summary done

[Epoch 6] Training... (lr=0.000895)
[Epoch 6] Train Loss: 1.5748, Acc: 46.11%  |  Val Loss: 1.5692, Acc: 53.04%  |  Time: 2.5s
  -> Best model saved (53.04%)
[Epoch 6] Summarizing hook timing...
[HOOK_TIMING_SUMMARY] epoch=6 no hook timing samples
[Epoch 6] Hook timing summary done

[Epoch 7] Training... (lr=0.000839)
[Epoch 7] Train Loss: 1.4469, Acc: 50.35%  |  Val Loss: 1.4811, Acc: 57.44%  |  Time: 2.5s
  -> Best model saved (57.44%)
[Epoch 7] Summarizing hook timing...
[HOOK_TIMING_SUMMARY] epoch=7 no hook timing samples
[Epoch 7] Hook timing summary done

[Epoch 8] Training... (lr=0.000773)
[Epoch 8] Train Loss: 1.3783, Acc: 52.59%  |  Val Loss: 1.4171, Acc: 56.48%  |  Time: 2.5s
[Epoch 8] Summarizing hook timing...
[HOOK_TIMING_SUMMARY] epoch=8 no hook timing samples
[Epoch 8] Hook timing summary done

[Epoch 9] Training... (lr=0.000701)
[Epoch 9] Train Loss: 1.2705, Acc: 56.03%  |  Val Loss: 1.2881, Acc: 58.40%  |  Time: 2.6s
  -> Best model saved (58.40%)
[Epoch 9] Summarizing hook timing...
[HOOK_TIMING_SUMMARY] epoch=9 no hook timing samples
[Epoch 9] Hook timing summary done

[Epoch 10] Training... (lr=0.000623)
[Epoch 10] Train Loss: 1.2203, Acc: 57.65%  |  Val Loss: 1.1835, Acc: 61.04%  |  Time: 2.5s
  -> Best model saved (61.04%)
[Epoch 10] Summarizing hook timing...
[HOOK_TIMING_SUMMARY] epoch=10 no hook timing samples
[Epoch 10] Hook timing summary done

[Epoch 11] Training... (lr=0.000541)
[Epoch 11] Train Loss: 1.1741, Acc: 58.72%  |  Val Loss: 1.1430, Acc: 62.32%  |  Time: 2.5s
  -> Best model saved (62.32%)
[Epoch 11] Summarizing hook timing...
[HOOK_TIMING_SUMMARY] epoch=11 no hook timing samples
[Epoch 11] Hook timing summary done

[Epoch 12] Training... (lr=0.000459)
[Epoch 12] Train Loss: 1.1363, Acc: 60.27%  |  Val Loss: 1.1012, Acc: 63.92%  |  Time: 2.5s
  -> Best model saved (63.92%)
[Epoch 12] Summarizing hook timing...
[HOOK_TIMING_SUMMARY] epoch=12 no hook timing samples
[Epoch 12] Hook timing summary done

[Epoch 13] Training... (lr=0.000377)
[Epoch 13] Train Loss: 1.1040, Acc: 62.21%  |  Val Loss: 1.0952, Acc: 63.52%  |  Time: 2.5s
[Epoch 13] Summarizing hook timing...
[HOOK_TIMING_SUMMARY] epoch=13 no hook timing samples
[Epoch 13] Hook timing summary done

[Epoch 14] Training... (lr=0.000299)
[Epoch 14] Train Loss: 1.1192, Acc: 60.59%  |  Val Loss: 1.0667, Acc: 64.64%  |  Time: 2.6s
  -> Best model saved (64.64%)
[Epoch 14] Summarizing hook timing...
[HOOK_TIMING_SUMMARY] epoch=14 no hook timing samples
[Epoch 14] Hook timing summary done

[Epoch 15] Training... (lr=0.000227)
[Epoch 15] Train Loss: 1.0858, Acc: 62.43%  |  Val Loss: 1.0633, Acc: 64.56%  |  Time: 2.5s
[Epoch 15] Summarizing hook timing...
[HOOK_TIMING_SUMMARY] epoch=15 no hook timing samples
[Epoch 15] Hook timing summary done

[Epoch 16] Training... (lr=0.000161)
[Epoch 16] Train Loss: 1.0543, Acc: 64.08%  |  Val Loss: 1.0518, Acc: 65.04%  |  Time: 2.5s
  -> Best model saved (65.04%)
[Epoch 16] Summarizing hook timing...
[HOOK_TIMING_SUMMARY] epoch=16 no hook timing samples
[Epoch 16] Hook timing summary done

[Epoch 17] Training... (lr=0.000105)
[Epoch 17] Train Loss: 1.0728, Acc: 63.62%  |  Val Loss: 1.0243, Acc: 65.44%  |  Time: 2.5s
  -> Best model saved (65.44%)
[Epoch 17] Summarizing hook timing...
[HOOK_TIMING_SUMMARY] epoch=17 no hook timing samples
[Epoch 17] Hook timing summary done

[Epoch 18] Training... (lr=0.000060)
[Epoch 18] Train Loss: 1.0650, Acc: 63.49%  |  Val Loss: 1.0340, Acc: 64.48%  |  Time: 2.5s
[Epoch 18] Summarizing hook timing...
[HOOK_TIMING_SUMMARY] epoch=18 no hook timing samples
[Epoch 18] Hook timing summary done

[Epoch 19] Training... (lr=0.000027)
[Epoch 19] Train Loss: 1.0378, Acc: 63.81%  |  Val Loss: 1.0463, Acc: 65.52%  |  Time: 2.6s
  -> Best model saved (65.52%)
[Epoch 19] Summarizing hook timing...
[HOOK_TIMING_SUMMARY] epoch=19 no hook timing samples
[Epoch 19] Hook timing summary done

[Epoch 20] Training... (lr=0.000007)
[Epoch 20] Train Loss: 1.0512, Acc: 63.84%  |  Val Loss: 1.0447, Acc: 64.56%  |  Time: 2.5s
[Epoch 20] Summarizing hook timing...
[HOOK_TIMING_SUMMARY] epoch=20 no hook timing samples
[Epoch 20] Hook timing summary done

================================================================================
Done in 67.0s | Best val acc: 65.52%
Epoch times: mean=2.7s  min=2.5s  max=5.9s
================================================================================
=== Finished training: backend=mpi, hook=None, zfp_rate=none, status=0 at Fri May 22 01:38:42 PM UTC 2026 ===
=== Starting training: backend=mpi, hook=ring, zfp_rate=none at Fri May 22 01:38:42 PM UTC 2026 ===

================================================================================
DISTRIBUTED TRAINING LAUNCHER
================================================================================
  Model:      wide_resnet50_2 (pretrained)
  Dataset:    cifar10 (10 classes)
  Backend:    mpi
  Algorithm:  ring
  Epochs:     20
  Batch/rank: 128
  LR:         0.001
================================================================================


================================================================================
Distributed Training: WIDE_RESNET50_2 on CIFAR10
Backend: MPI, Algorithm: ring
================================================================================
Ranks: 8, Epochs: 20, Batch/rank: 128, Effective batch: 1024
LR: 0.001, Device: cuda:0

[Setup] Model on cuda:0, wrapped in DDP (static_graph=True)
[Setup] Hook registered: mpi/ring

================================================================================
DISTRIBUTED TRAINING LAUNCHER
================================================================================
  Model:      wide_resnet50_2 (pretrained)
  Dataset:    cifar10 (10 classes)
  Backend:    mpi
  Algorithm:  ring
  Epochs:     20
  Batch/rank: 128
  LR:         0.001
================================================================================

[Data] Train batches: 49, Val batches: 10


[Epoch 1] Training... (lr=0.000001)

================================================================================
DISTRIBUTED TRAINING LAUNCHER
================================================================================
  Model:      wide_resnet50_2 (pretrained)
  Dataset:    cifar10 (10 classes)
  Backend:    mpi
  Algorithm:  ring
  Epochs:     20
  Batch/rank: 128
  LR:         0.001
================================================================================


================================================================================
DISTRIBUTED TRAINING LAUNCHER
================================================================================
  Model:      wide_resnet50_2 (pretrained)
  Dataset:    cifar10 (10 classes)
  Backend:    mpi
  Algorithm:  ring
  Epochs:     20
  Batch/rank: 128
  LR:         0.001
================================================================================


================================================================================
DISTRIBUTED TRAINING LAUNCHER
================================================================================
  Model:      wide_resnet50_2 (pretrained)
  Dataset:    cifar10 (10 classes)
  Backend:    mpi
  Algorithm:  ring
  Epochs:     20
  Batch/rank: 128
  LR:         0.001
================================================================================


================================================================================
DISTRIBUTED TRAINING LAUNCHER
================================================================================
  Model:      wide_resnet50_2 (pretrained)
  Dataset:    cifar10 (10 classes)
  Backend:    mpi
  Algorithm:  ring
  Epochs:     20
  Batch/rank: 128
  LR:         0.001
================================================================================


================================================================================
DISTRIBUTED TRAINING LAUNCHER
================================================================================
  Model:      wide_resnet50_2 (pretrained)
  Dataset:    cifar10 (10 classes)
  Backend:    mpi
  Algorithm:  ring
  Epochs:     20
  Batch/rank: 128
  LR:         0.001
================================================================================


================================================================================
DISTRIBUTED TRAINING LAUNCHER
================================================================================
  Model:      wide_resnet50_2 (pretrained)
  Dataset:    cifar10 (10 classes)
  Backend:    mpi
  Algorithm:  ring
  Epochs:     20
  Batch/rank: 128
  LR:         0.001
================================================================================

[Epoch 1] Train Loss: 2.3677, Acc: 9.97%  |  Val Loss: 2.5392, Acc: 10.88%  |  Time: 4.4s
  -> Best model saved (10.88%)
[Epoch 1] Summarizing hook timing...

[HOOK_TIMING_SUMMARY] epoch=1
[HOOK_WORK_SUMMARY] label=mpi:ring calls=378 work_total_ms=2099.621 work_mean_ms=5.555 work_min_ms=2.682 work_max_ms=69.355
[HOOK_TAIL_SUMMARY] label=mpi:ring steps=50 tail_total_ms=1582.216 tail_mean_ms=31.644 tail_min_ms=8.783 tail_max_ms=89.215
[Epoch 1] Hook timing summary done

[Epoch 2] Training... (lr=0.001000)
[Epoch 2] Train Loss: 2.2646, Acc: 16.70%  |  Val Loss: 5.0976, Acc: 25.76%  |  Time: 3.1s
  -> Best model saved (25.76%)
[Epoch 2] Summarizing hook timing...

[HOOK_TIMING_SUMMARY] epoch=2
[HOOK_WORK_SUMMARY] label=mpi:ring calls=392 work_total_ms=1964.642 work_mean_ms=5.012 work_min_ms=2.723 work_max_ms=9.305
[HOOK_TAIL_SUMMARY] label=mpi:ring steps=49 tail_total_ms=1504.936 tail_mean_ms=30.713 tail_min_ms=27.270 tail_max_ms=34.599
[Epoch 2] Hook timing summary done

[Epoch 3] Training... (lr=0.000993)
[Epoch 3] Train Loss: 2.0948, Acc: 27.79%  |  Val Loss: 3.1732, Acc: 35.84%  |  Time: 3.2s
  -> Best model saved (35.84%)
[Epoch 3] Summarizing hook timing...

[HOOK_TIMING_SUMMARY] epoch=3
[HOOK_WORK_SUMMARY] label=mpi:ring calls=392 work_total_ms=2091.003 work_mean_ms=5.334 work_min_ms=2.712 work_max_ms=11.291
[HOOK_TAIL_SUMMARY] label=mpi:ring steps=49 tail_total_ms=1651.929 tail_mean_ms=33.713 tail_min_ms=31.321 tail_max_ms=35.403
[Epoch 3] Hook timing summary done

[Epoch 4] Training... (lr=0.000973)
[Epoch 4] Train Loss: 1.8834, Acc: 36.50%  |  Val Loss: 1.9742, Acc: 43.12%  |  Time: 3.2s
  -> Best model saved (43.12%)
[Epoch 4] Summarizing hook timing...

[HOOK_TIMING_SUMMARY] epoch=4
[HOOK_WORK_SUMMARY] label=mpi:ring calls=392 work_total_ms=2099.358 work_mean_ms=5.356 work_min_ms=2.710 work_max_ms=11.388
[HOOK_TAIL_SUMMARY] label=mpi:ring steps=49 tail_total_ms=1684.730 tail_mean_ms=34.382 tail_min_ms=30.011 tail_max_ms=35.943
[Epoch 4] Hook timing summary done

[Epoch 5] Training... (lr=0.000940)
[Epoch 5] Train Loss: 1.7131, Acc: 42.59%  |  Val Loss: 1.6704, Acc: 49.12%  |  Time: 3.2s
  -> Best model saved (49.12%)
[Epoch 5] Summarizing hook timing...

[HOOK_TIMING_SUMMARY] epoch=5
[HOOK_WORK_SUMMARY] label=mpi:ring calls=392 work_total_ms=2092.545 work_mean_ms=5.338 work_min_ms=2.723 work_max_ms=11.385
[HOOK_TAIL_SUMMARY] label=mpi:ring steps=49 tail_total_ms=1652.740 tail_mean_ms=33.729 tail_min_ms=30.856 tail_max_ms=35.080
[Epoch 5] Hook timing summary done

[Epoch 6] Training... (lr=0.000895)
[Epoch 6] Train Loss: 1.5698, Acc: 46.78%  |  Val Loss: 1.5011, Acc: 52.00%  |  Time: 3.2s
  -> Best model saved (52.00%)
[Epoch 6] Summarizing hook timing...

[HOOK_TIMING_SUMMARY] epoch=6
[HOOK_WORK_SUMMARY] label=mpi:ring calls=392 work_total_ms=2084.853 work_mean_ms=5.319 work_min_ms=2.706 work_max_ms=11.148
[HOOK_TAIL_SUMMARY] label=mpi:ring steps=49 tail_total_ms=1635.578 tail_mean_ms=33.379 tail_min_ms=28.066 tail_max_ms=35.167
[Epoch 6] Hook timing summary done

[Epoch 7] Training... (lr=0.000839)
[Epoch 7] Train Loss: 1.4346, Acc: 51.22%  |  Val Loss: 1.4163, Acc: 55.60%  |  Time: 3.2s
  -> Best model saved (55.60%)
[Epoch 7] Summarizing hook timing...

[HOOK_TIMING_SUMMARY] epoch=7
[HOOK_WORK_SUMMARY] label=mpi:ring calls=392 work_total_ms=2120.262 work_mean_ms=5.409 work_min_ms=2.710 work_max_ms=13.802
[HOOK_TAIL_SUMMARY] label=mpi:ring steps=49 tail_total_ms=1704.558 tail_mean_ms=34.787 tail_min_ms=30.162 tail_max_ms=38.716
[Epoch 7] Hook timing summary done

[Epoch 8] Training... (lr=0.000773)
[Epoch 8] Train Loss: 1.3639, Acc: 53.34%  |  Val Loss: 1.3235, Acc: 57.28%  |  Time: 3.2s
  -> Best model saved (57.28%)
[Epoch 8] Summarizing hook timing...

[HOOK_TIMING_SUMMARY] epoch=8
[HOOK_WORK_SUMMARY] label=mpi:ring calls=392 work_total_ms=2064.837 work_mean_ms=5.267 work_min_ms=2.709 work_max_ms=10.651
[HOOK_TAIL_SUMMARY] label=mpi:ring steps=49 tail_total_ms=1611.647 tail_mean_ms=32.891 tail_min_ms=28.022 tail_max_ms=34.161
[Epoch 8] Hook timing summary done

[Epoch 9] Training... (lr=0.000701)
[Epoch 9] Train Loss: 1.2517, Acc: 56.56%  |  Val Loss: 1.2253, Acc: 59.92%  |  Time: 3.2s
  -> Best model saved (59.92%)
[Epoch 9] Summarizing hook timing...

[HOOK_TIMING_SUMMARY] epoch=9
[HOOK_WORK_SUMMARY] label=mpi:ring calls=392 work_total_ms=2098.897 work_mean_ms=5.354 work_min_ms=2.699 work_max_ms=11.509
[HOOK_TAIL_SUMMARY] label=mpi:ring steps=49 tail_total_ms=1648.530 tail_mean_ms=33.643 tail_min_ms=27.513 tail_max_ms=35.196
[Epoch 9] Hook timing summary done

[Epoch 10] Training... (lr=0.000623)
[Epoch 10] Train Loss: 1.2015, Acc: 58.16%  |  Val Loss: 1.1931, Acc: 61.68%  |  Time: 3.2s
  -> Best model saved (61.68%)
[Epoch 10] Summarizing hook timing...

[HOOK_TIMING_SUMMARY] epoch=10
[HOOK_WORK_SUMMARY] label=mpi:ring calls=392 work_total_ms=2093.771 work_mean_ms=5.341 work_min_ms=2.719 work_max_ms=11.296
[HOOK_TAIL_SUMMARY] label=mpi:ring steps=49 tail_total_ms=1661.748 tail_mean_ms=33.913 tail_min_ms=30.722 tail_max_ms=35.265
[Epoch 10] Hook timing summary done

[Epoch 11] Training... (lr=0.000541)
[Epoch 11] Train Loss: 1.1550, Acc: 59.47%  |  Val Loss: 1.1433, Acc: 60.88%  |  Time: 3.2s
[Epoch 11] Summarizing hook timing...

[HOOK_TIMING_SUMMARY] epoch=11
[HOOK_WORK_SUMMARY] label=mpi:ring calls=392 work_total_ms=2088.848 work_mean_ms=5.329 work_min_ms=2.679 work_max_ms=11.326
[HOOK_TAIL_SUMMARY] label=mpi:ring steps=49 tail_total_ms=1637.362 tail_mean_ms=33.416 tail_min_ms=29.751 tail_max_ms=35.135
[Epoch 11] Hook timing summary done

[Epoch 12] Training... (lr=0.000459)
[Epoch 12] Train Loss: 1.1204, Acc: 61.25%  |  Val Loss: 1.1255, Acc: 63.68%  |  Time: 3.2s
  -> Best model saved (63.68%)
[Epoch 12] Summarizing hook timing...

[HOOK_TIMING_SUMMARY] epoch=12
[HOOK_WORK_SUMMARY] label=mpi:ring calls=392 work_total_ms=2109.794 work_mean_ms=5.382 work_min_ms=2.705 work_max_ms=20.001
[HOOK_TAIL_SUMMARY] label=mpi:ring steps=49 tail_total_ms=1671.470 tail_mean_ms=34.112 tail_min_ms=31.955 tail_max_ms=44.847
[Epoch 12] Hook timing summary done

[Epoch 13] Training... (lr=0.000377)
[Epoch 13] Train Loss: 1.0901, Acc: 62.16%  |  Val Loss: 1.1071, Acc: 63.28%  |  Time: 3.2s
[Epoch 13] Summarizing hook timing...

[HOOK_TIMING_SUMMARY] epoch=13
[HOOK_WORK_SUMMARY] label=mpi:ring calls=392 work_total_ms=2097.527 work_mean_ms=5.351 work_min_ms=2.728 work_max_ms=11.215
[HOOK_TAIL_SUMMARY] label=mpi:ring steps=49 tail_total_ms=1669.411 tail_mean_ms=34.070 tail_min_ms=31.235 tail_max_ms=35.501
[Epoch 13] Hook timing summary done

[Epoch 14] Training... (lr=0.000299)
[Epoch 14] Train Loss: 1.1061, Acc: 60.98%  |  Val Loss: 1.0772, Acc: 63.92%  |  Time: 3.2s
  -> Best model saved (63.92%)
[Epoch 14] Summarizing hook timing...

[HOOK_TIMING_SUMMARY] epoch=14
[HOOK_WORK_SUMMARY] label=mpi:ring calls=392 work_total_ms=2099.894 work_mean_ms=5.357 work_min_ms=2.699 work_max_ms=14.458
[HOOK_TAIL_SUMMARY] label=mpi:ring steps=49 tail_total_ms=1688.687 tail_mean_ms=34.463 tail_min_ms=33.345 tail_max_ms=40.662
[Epoch 14] Hook timing summary done

[Epoch 15] Training... (lr=0.000227)
[Epoch 15] Train Loss: 1.0722, Acc: 62.72%  |  Val Loss: 1.0602, Acc: 64.80%  |  Time: 3.2s
  -> Best model saved (64.80%)
[Epoch 15] Summarizing hook timing...

[HOOK_TIMING_SUMMARY] epoch=15
[HOOK_WORK_SUMMARY] label=mpi:ring calls=392 work_total_ms=2122.313 work_mean_ms=5.414 work_min_ms=2.702 work_max_ms=11.793
[HOOK_TAIL_SUMMARY] label=mpi:ring steps=49 tail_total_ms=1713.349 tail_mean_ms=34.966 tail_min_ms=32.700 tail_max_ms=36.105
[Epoch 15] Hook timing summary done

[Epoch 16] Training... (lr=0.000161)
[Epoch 16] Train Loss: 1.0497, Acc: 63.94%  |  Val Loss: 1.0650, Acc: 64.48%  |  Time: 3.2s
[Epoch 16] Summarizing hook timing...

[HOOK_TIMING_SUMMARY] epoch=16
[HOOK_WORK_SUMMARY] label=mpi:ring calls=392 work_total_ms=2094.216 work_mean_ms=5.342 work_min_ms=2.712 work_max_ms=11.247
[HOOK_TAIL_SUMMARY] label=mpi:ring steps=49 tail_total_ms=1660.048 tail_mean_ms=33.879 tail_min_ms=31.380 tail_max_ms=35.354
[Epoch 16] Hook timing summary done

[Epoch 17] Training... (lr=0.000105)
[Epoch 17] Train Loss: 1.0658, Acc: 63.34%  |  Val Loss: 1.0439, Acc: 65.20%  |  Time: 3.3s
  -> Best model saved (65.20%)
[Epoch 17] Summarizing hook timing...

[HOOK_TIMING_SUMMARY] epoch=17
[HOOK_WORK_SUMMARY] label=mpi:ring calls=392 work_total_ms=2098.594 work_mean_ms=5.354 work_min_ms=2.680 work_max_ms=22.357
[HOOK_TAIL_SUMMARY] label=mpi:ring steps=49 tail_total_ms=1667.574 tail_mean_ms=34.032 tail_min_ms=31.312 tail_max_ms=47.540
[Epoch 17] Hook timing summary done

[Epoch 18] Training... (lr=0.000060)
[Epoch 18] Train Loss: 1.0557, Acc: 62.93%  |  Val Loss: 1.0661, Acc: 65.92%  |  Time: 3.2s
  -> Best model saved (65.92%)
[Epoch 18] Summarizing hook timing...

[HOOK_TIMING_SUMMARY] epoch=18
[HOOK_WORK_SUMMARY] label=mpi:ring calls=392 work_total_ms=2090.620 work_mean_ms=5.333 work_min_ms=2.711 work_max_ms=11.259
[HOOK_TAIL_SUMMARY] label=mpi:ring steps=49 tail_total_ms=1662.535 tail_mean_ms=33.929 tail_min_ms=31.140 tail_max_ms=35.029
[Epoch 18] Hook timing summary done

[Epoch 19] Training... (lr=0.000027)
[Epoch 19] Train Loss: 1.0308, Acc: 64.34%  |  Val Loss: 1.0425, Acc: 65.20%  |  Time: 3.2s
[Epoch 19] Summarizing hook timing...

[HOOK_TIMING_SUMMARY] epoch=19
[HOOK_WORK_SUMMARY] label=mpi:ring calls=392 work_total_ms=2092.956 work_mean_ms=5.339 work_min_ms=2.704 work_max_ms=11.327
[HOOK_TAIL_SUMMARY] label=mpi:ring steps=49 tail_total_ms=1675.929 tail_mean_ms=34.203 tail_min_ms=30.921 tail_max_ms=35.538
[Epoch 19] Hook timing summary done

[Epoch 20] Training... (lr=0.000007)
[Epoch 20] Train Loss: 1.0410, Acc: 64.61%  |  Val Loss: 1.0695, Acc: 66.00%  |  Time: 3.2s
  -> Best model saved (66.00%)
[Epoch 20] Summarizing hook timing...

[HOOK_TIMING_SUMMARY] epoch=20
[HOOK_WORK_SUMMARY] label=mpi:ring calls=392 work_total_ms=2095.678 work_mean_ms=5.346 work_min_ms=2.703 work_max_ms=18.301
[HOOK_TAIL_SUMMARY] label=mpi:ring steps=49 tail_total_ms=1659.516 tail_mean_ms=33.868 tail_min_ms=30.957 tail_max_ms=43.505
[Epoch 20] Hook timing summary done

================================================================================
Done in 79.5s | Best val acc: 66.00%
Epoch times: mean=3.3s  min=3.1s  max=4.4s
================================================================================
=== Finished training: backend=mpi, hook=ring, zfp_rate=none, status=0 at Fri May 22 01:40:12 PM UTC 2026 ===
=== Starting training: backend=mpi, hook=ring_zfp_naive, zfp_rate=16 at Fri May 22 01:40:12 PM UTC 2026 ===

================================================================================
DISTRIBUTED TRAINING LAUNCHER
================================================================================
  Model:      wide_resnet50_2 (pretrained)
  Dataset:    cifar10 (10 classes)
  Backend:    mpi
  Algorithm:  ring_zfp_naive
  ZFP rate:   16
  Epochs:     20
  Batch/rank: 128
  LR:         0.001
================================================================================


================================================================================
Distributed Training: WIDE_RESNET50_2 on CIFAR10
Backend: MPI, Algorithm: ring_zfp_naive
================================================================================
Ranks: 8, Epochs: 20, Batch/rank: 128, Effective batch: 1024
LR: 0.001, Device: cuda:0

[Setup] Model on cuda:0, wrapped in DDP (static_graph=True)
[Setup] Hook registered: mpi/ring_zfp_naive

================================================================================
DISTRIBUTED TRAINING LAUNCHER
================================================================================
  Model:      wide_resnet50_2 (pretrained)
  Dataset:    cifar10 (10 classes)
  Backend:    mpi
  Algorithm:  ring_zfp_naive
  ZFP rate:   16
  Epochs:     20
  Batch/rank: 128
  LR:         0.001
================================================================================

[Data] Train batches: 49, Val batches: 10


[Epoch 1] Training... (lr=0.000001)

================================================================================
DISTRIBUTED TRAINING LAUNCHER
================================================================================
  Model:      wide_resnet50_2 (pretrained)
  Dataset:    cifar10 (10 classes)
  Backend:    mpi
  Algorithm:  ring_zfp_naive
  ZFP rate:   16
  Epochs:     20
  Batch/rank: 128
  LR:         0.001
================================================================================


================================================================================
DISTRIBUTED TRAINING LAUNCHER
================================================================================
  Model:      wide_resnet50_2 (pretrained)
  Dataset:    cifar10 (10 classes)
  Backend:    mpi
  Algorithm:  ring_zfp_naive
  ZFP rate:   16
  Epochs:     20
  Batch/rank: 128
  LR:         0.001
================================================================================


================================================================================
DISTRIBUTED TRAINING LAUNCHER
================================================================================
  Model:      wide_resnet50_2 (pretrained)
  Dataset:    cifar10 (10 classes)
  Backend:    mpi
  Algorithm:  ring_zfp_naive
  ZFP rate:   16
  Epochs:     20
  Batch/rank: 128
  LR:         0.001
================================================================================


================================================================================
DISTRIBUTED TRAINING LAUNCHER
================================================================================
  Model:      wide_resnet50_2 (pretrained)
  Dataset:    cifar10 (10 classes)
  Backend:    mpi
  Algorithm:  ring_zfp_naive
  ZFP rate:   16
  Epochs:     20
  Batch/rank: 128
  LR:         0.001
================================================================================


================================================================================
DISTRIBUTED TRAINING LAUNCHER
================================================================================
  Model:      wide_resnet50_2 (pretrained)
  Dataset:    cifar10 (10 classes)
  Backend:    mpi
  Algorithm:  ring_zfp_naive
  ZFP rate:   16
  Epochs:     20
  Batch/rank: 128
  LR:         0.001
================================================================================


================================================================================
DISTRIBUTED TRAINING LAUNCHER
================================================================================
  Model:      wide_resnet50_2 (pretrained)
  Dataset:    cifar10 (10 classes)
  Backend:    mpi
  Algorithm:  ring_zfp_naive
  ZFP rate:   16
  Epochs:     20
  Batch/rank: 128
  LR:         0.001
================================================================================

[Epoch 1] Train Loss: 2.3677, Acc: 9.98%  |  Val Loss: 2.5392, Acc: 10.96%  |  Time: 5.0s
  -> Best model saved (10.96%)
[Epoch 1] Summarizing hook timing...

[HOOK_TIMING_SUMMARY] epoch=1
[HOOK_WORK_SUMMARY] label=mpi:ring_zfp_naive:rate16 calls=378 work_total_ms=2629.817 work_mean_ms=6.957 work_min_ms=4.208 work_max_ms=63.949
[HOOK_TAIL_SUMMARY] label=mpi:ring_zfp_naive:rate16 steps=50 tail_total_ms=2115.809 tail_mean_ms=42.316 tail_min_ms=6.715 tail_max_ms=181.254
[Epoch 1] Hook timing summary done

[Epoch 2] Training... (lr=0.001000)
[Epoch 2] Train Loss: 2.2636, Acc: 16.85%  |  Val Loss: 15.3340, Acc: 24.16%  |  Time: 3.7s
  -> Best model saved (24.16%)
[Epoch 2] Summarizing hook timing...

[HOOK_TIMING_SUMMARY] epoch=2
[HOOK_WORK_SUMMARY] label=mpi:ring_zfp_naive:rate16 calls=392 work_total_ms=2468.860 work_mean_ms=6.298 work_min_ms=4.182 work_max_ms=12.939
[HOOK_TAIL_SUMMARY] label=mpi:ring_zfp_naive:rate16 steps=49 tail_total_ms=1974.114 tail_mean_ms=40.288 tail_min_ms=36.679 tail_max_ms=45.337
[Epoch 2] Hook timing summary done

[Epoch 3] Training... (lr=0.000993)
[Epoch 3] Train Loss: 2.0704, Acc: 28.59%  |  Val Loss: 1.9862, Acc: 36.96%  |  Time: 3.6s
  -> Best model saved (36.96%)
[Epoch 3] Summarizing hook timing...

[HOOK_TIMING_SUMMARY] epoch=3
[HOOK_WORK_SUMMARY] label=mpi:ring_zfp_naive:rate16 calls=392 work_total_ms=2456.457 work_mean_ms=6.266 work_min_ms=4.183 work_max_ms=10.138
[HOOK_TAIL_SUMMARY] label=mpi:ring_zfp_naive:rate16 steps=49 tail_total_ms=1958.777 tail_mean_ms=39.975 tail_min_ms=38.141 tail_max_ms=40.629
[Epoch 3] Hook timing summary done

[Epoch 4] Training... (lr=0.000973)
[Epoch 4] Train Loss: 1.8615, Acc: 37.66%  |  Val Loss: 1.7529, Acc: 42.40%  |  Time: 3.6s
  -> Best model saved (42.40%)
[Epoch 4] Summarizing hook timing...

[HOOK_TIMING_SUMMARY] epoch=4
[HOOK_WORK_SUMMARY] label=mpi:ring_zfp_naive:rate16 calls=392 work_total_ms=2479.704 work_mean_ms=6.326 work_min_ms=4.186 work_max_ms=10.177
[HOOK_TAIL_SUMMARY] label=mpi:ring_zfp_naive:rate16 steps=49 tail_total_ms=2003.154 tail_mean_ms=40.881 tail_min_ms=37.172 tail_max_ms=41.525
[Epoch 4] Hook timing summary done

[Epoch 5] Training... (lr=0.000940)
[Epoch 5] Train Loss: 1.6803, Acc: 43.14%  |  Val Loss: 1.5745, Acc: 48.32%  |  Time: 3.6s
  -> Best model saved (48.32%)
[Epoch 5] Summarizing hook timing...

[HOOK_TIMING_SUMMARY] epoch=5
[HOOK_WORK_SUMMARY] label=mpi:ring_zfp_naive:rate16 calls=392 work_total_ms=2467.667 work_mean_ms=6.295 work_min_ms=4.223 work_max_ms=10.027
[HOOK_TAIL_SUMMARY] label=mpi:ring_zfp_naive:rate16 steps=49 tail_total_ms=1988.387 tail_mean_ms=40.579 tail_min_ms=37.423 tail_max_ms=41.746
[Epoch 5] Hook timing summary done

[Epoch 6] Training... (lr=0.000895)
[Epoch 6] Train Loss: 1.5517, Acc: 48.14%  |  Val Loss: 1.4419, Acc: 52.88%  |  Time: 3.6s
  -> Best model saved (52.88%)
[Epoch 6] Summarizing hook timing...

[HOOK_TIMING_SUMMARY] epoch=6
[HOOK_WORK_SUMMARY] label=mpi:ring_zfp_naive:rate16 calls=392 work_total_ms=2468.649 work_mean_ms=6.298 work_min_ms=4.192 work_max_ms=10.682
[HOOK_TAIL_SUMMARY] label=mpi:ring_zfp_naive:rate16 steps=49 tail_total_ms=1986.743 tail_mean_ms=40.546 tail_min_ms=37.228 tail_max_ms=41.745
[Epoch 6] Hook timing summary done

[Epoch 7] Training... (lr=0.000839)
[Epoch 7] Train Loss: 1.4039, Acc: 52.18%  |  Val Loss: 1.3513, Acc: 56.72%  |  Time: 3.6s
  -> Best model saved (56.72%)
[Epoch 7] Summarizing hook timing...

[HOOK_TIMING_SUMMARY] epoch=7
[HOOK_WORK_SUMMARY] label=mpi:ring_zfp_naive:rate16 calls=392 work_total_ms=2484.039 work_mean_ms=6.337 work_min_ms=4.177 work_max_ms=10.437
[HOOK_TAIL_SUMMARY] label=mpi:ring_zfp_naive:rate16 steps=49 tail_total_ms=1992.499 tail_mean_ms=40.663 tail_min_ms=32.664 tail_max_ms=41.942
[Epoch 7] Hook timing summary done

[Epoch 8] Training... (lr=0.000773)
[Epoch 8] Train Loss: 1.3431, Acc: 54.27%  |  Val Loss: 1.3005, Acc: 58.80%  |  Time: 3.6s
  -> Best model saved (58.80%)
[Epoch 8] Summarizing hook timing...

[HOOK_TIMING_SUMMARY] epoch=8
[HOOK_WORK_SUMMARY] label=mpi:ring_zfp_naive:rate16 calls=392 work_total_ms=2466.293 work_mean_ms=6.292 work_min_ms=4.193 work_max_ms=10.050
[HOOK_TAIL_SUMMARY] label=mpi:ring_zfp_naive:rate16 steps=49 tail_total_ms=1970.264 tail_mean_ms=40.209 tail_min_ms=37.550 tail_max_ms=41.393
[Epoch 8] Hook timing summary done

[Epoch 9] Training... (lr=0.000701)
[Epoch 9] Train Loss: 1.2374, Acc: 57.07%  |  Val Loss: 1.2280, Acc: 60.56%  |  Time: 3.6s
  -> Best model saved (60.56%)
[Epoch 9] Summarizing hook timing...

[HOOK_TIMING_SUMMARY] epoch=9
[HOOK_WORK_SUMMARY] label=mpi:ring_zfp_naive:rate16 calls=392 work_total_ms=2469.918 work_mean_ms=6.301 work_min_ms=4.201 work_max_ms=10.160
[HOOK_TAIL_SUMMARY] label=mpi:ring_zfp_naive:rate16 steps=49 tail_total_ms=1992.911 tail_mean_ms=40.672 tail_min_ms=37.745 tail_max_ms=41.496
[Epoch 9] Hook timing summary done

[Epoch 10] Training... (lr=0.000623)
[Epoch 10] Train Loss: 1.1773, Acc: 58.46%  |  Val Loss: 1.1841, Acc: 61.28%  |  Time: 3.6s
  -> Best model saved (61.28%)
[Epoch 10] Summarizing hook timing...

[HOOK_TIMING_SUMMARY] epoch=10
[HOOK_WORK_SUMMARY] label=mpi:ring_zfp_naive:rate16 calls=392 work_total_ms=2462.884 work_mean_ms=6.283 work_min_ms=4.189 work_max_ms=10.318
[HOOK_TAIL_SUMMARY] label=mpi:ring_zfp_naive:rate16 steps=49 tail_total_ms=1996.590 tail_mean_ms=40.747 tail_min_ms=39.164 tail_max_ms=46.543
[Epoch 10] Hook timing summary done

[Epoch 11] Training... (lr=0.000541)
[Epoch 11] Train Loss: 1.1410, Acc: 59.98%  |  Val Loss: 1.1414, Acc: 63.12%  |  Time: 3.6s
  -> Best model saved (63.12%)
[Epoch 11] Summarizing hook timing...

[HOOK_TIMING_SUMMARY] epoch=11
[HOOK_WORK_SUMMARY] label=mpi:ring_zfp_naive:rate16 calls=392 work_total_ms=2469.817 work_mean_ms=6.301 work_min_ms=4.210 work_max_ms=10.301
[HOOK_TAIL_SUMMARY] label=mpi:ring_zfp_naive:rate16 steps=49 tail_total_ms=1977.457 tail_mean_ms=40.356 tail_min_ms=38.444 tail_max_ms=41.099
[Epoch 11] Hook timing summary done

[Epoch 12] Training... (lr=0.000459)
[Epoch 12] Train Loss: 1.1069, Acc: 61.76%  |  Val Loss: 1.1046, Acc: 63.12%  |  Time: 3.6s
[Epoch 12] Summarizing hook timing...

[HOOK_TIMING_SUMMARY] epoch=12
[HOOK_WORK_SUMMARY] label=mpi:ring_zfp_naive:rate16 calls=392 work_total_ms=2494.249 work_mean_ms=6.363 work_min_ms=4.193 work_max_ms=10.753
[HOOK_TAIL_SUMMARY] label=mpi:ring_zfp_naive:rate16 steps=49 tail_total_ms=2014.286 tail_mean_ms=41.108 tail_min_ms=37.891 tail_max_ms=41.996
[Epoch 12] Hook timing summary done

[Epoch 13] Training... (lr=0.000377)
[Epoch 13] Train Loss: 1.0677, Acc: 63.17%  |  Val Loss: 1.1152, Acc: 63.52%  |  Time: 3.6s
  -> Best model saved (63.52%)
[Epoch 13] Summarizing hook timing...

[HOOK_TIMING_SUMMARY] epoch=13
[HOOK_WORK_SUMMARY] label=mpi:ring_zfp_naive:rate16 calls=392 work_total_ms=2484.404 work_mean_ms=6.338 work_min_ms=4.198 work_max_ms=16.975
[HOOK_TAIL_SUMMARY] label=mpi:ring_zfp_naive:rate16 steps=49 tail_total_ms=1987.633 tail_mean_ms=40.564 tail_min_ms=38.230 tail_max_ms=50.083
[Epoch 13] Hook timing summary done

[Epoch 14] Training... (lr=0.000299)
[Epoch 14] Train Loss: 1.0938, Acc: 61.44%  |  Val Loss: 1.1486, Acc: 64.32%  |  Time: 3.6s
  -> Best model saved (64.32%)
[Epoch 14] Summarizing hook timing...

[HOOK_TIMING_SUMMARY] epoch=14
[HOOK_WORK_SUMMARY] label=mpi:ring_zfp_naive:rate16 calls=392 work_total_ms=2493.019 work_mean_ms=6.360 work_min_ms=4.195 work_max_ms=10.819
[HOOK_TAIL_SUMMARY] label=mpi:ring_zfp_naive:rate16 steps=49 tail_total_ms=2042.337 tail_mean_ms=41.680 tail_min_ms=37.237 tail_max_ms=42.470
[Epoch 14] Hook timing summary done

[Epoch 15] Training... (lr=0.000227)
[Epoch 15] Train Loss: 1.0603, Acc: 63.31%  |  Val Loss: 1.0599, Acc: 64.16%  |  Time: 3.7s
[Epoch 15] Summarizing hook timing...

[HOOK_TIMING_SUMMARY] epoch=15
[HOOK_WORK_SUMMARY] label=mpi:ring_zfp_naive:rate16 calls=392 work_total_ms=2510.241 work_mean_ms=6.404 work_min_ms=4.171 work_max_ms=11.200
[HOOK_TAIL_SUMMARY] label=mpi:ring_zfp_naive:rate16 steps=49 tail_total_ms=2060.309 tail_mean_ms=42.047 tail_min_ms=38.797 tail_max_ms=43.152
[Epoch 15] Hook timing summary done

[Epoch 16] Training... (lr=0.000161)
[Epoch 16] Train Loss: 1.0312, Acc: 64.56%  |  Val Loss: 1.0601, Acc: 64.80%  |  Time: 3.7s
  -> Best model saved (64.80%)
[Epoch 16] Summarizing hook timing...

[HOOK_TIMING_SUMMARY] epoch=16
[HOOK_WORK_SUMMARY] label=mpi:ring_zfp_naive:rate16 calls=392 work_total_ms=2487.099 work_mean_ms=6.345 work_min_ms=4.205 work_max_ms=31.666
[HOOK_TAIL_SUMMARY] label=mpi:ring_zfp_naive:rate16 steps=49 tail_total_ms=2012.503 tail_mean_ms=41.071 tail_min_ms=38.697 tail_max_ms=63.806
[Epoch 16] Hook timing summary done

[Epoch 17] Training... (lr=0.000105)
[Epoch 17] Train Loss: 1.0468, Acc: 64.02%  |  Val Loss: 1.0232, Acc: 64.64%  |  Time: 3.6s
[Epoch 17] Summarizing hook timing...

[HOOK_TIMING_SUMMARY] epoch=17
[HOOK_WORK_SUMMARY] label=mpi:ring_zfp_naive:rate16 calls=392 work_total_ms=2505.102 work_mean_ms=6.391 work_min_ms=4.179 work_max_ms=10.881
[HOOK_TAIL_SUMMARY] label=mpi:ring_zfp_naive:rate16 steps=49 tail_total_ms=2046.197 tail_mean_ms=41.759 tail_min_ms=32.110 tail_max_ms=42.788
[Epoch 17] Hook timing summary done

[Epoch 18] Training... (lr=0.000060)
[Epoch 18] Train Loss: 1.0356, Acc: 63.60%  |  Val Loss: 1.0269, Acc: 65.44%  |  Time: 3.6s
  -> Best model saved (65.44%)
[Epoch 18] Summarizing hook timing...

[HOOK_TIMING_SUMMARY] epoch=18
[HOOK_WORK_SUMMARY] label=mpi:ring_zfp_naive:rate16 calls=392 work_total_ms=2503.680 work_mean_ms=6.387 work_min_ms=4.193 work_max_ms=12.431
[HOOK_TAIL_SUMMARY] label=mpi:ring_zfp_naive:rate16 steps=49 tail_total_ms=2052.331 tail_mean_ms=41.884 tail_min_ms=39.947 tail_max_ms=44.695
[Epoch 18] Hook timing summary done

[Epoch 19] Training... (lr=0.000027)
[Epoch 19] Train Loss: 1.0166, Acc: 64.67%  |  Val Loss: 1.0339, Acc: 65.20%  |  Time: 3.6s
[Epoch 19] Summarizing hook timing...

[HOOK_TIMING_SUMMARY] epoch=19
[HOOK_WORK_SUMMARY] label=mpi:ring_zfp_naive:rate16 calls=392 work_total_ms=2506.508 work_mean_ms=6.394 work_min_ms=4.196 work_max_ms=11.006
[HOOK_TAIL_SUMMARY] label=mpi:ring_zfp_naive:rate16 steps=49 tail_total_ms=2055.273 tail_mean_ms=41.944 tail_min_ms=38.348 tail_max_ms=42.714
[Epoch 19] Hook timing summary done

[Epoch 20] Training... (lr=0.000007)
[Epoch 20] Train Loss: 1.0252, Acc: 64.86%  |  Val Loss: 1.0338, Acc: 64.72%  |  Time: 3.7s
[Epoch 20] Summarizing hook timing...

[HOOK_TIMING_SUMMARY] epoch=20
[HOOK_WORK_SUMMARY] label=mpi:ring_zfp_naive:rate16 calls=392 work_total_ms=2529.093 work_mean_ms=6.452 work_min_ms=4.177 work_max_ms=15.456
[HOOK_TAIL_SUMMARY] label=mpi:ring_zfp_naive:rate16 steps=49 tail_total_ms=2074.493 tail_mean_ms=42.337 tail_min_ms=40.526 tail_max_ms=47.607
[Epoch 20] Hook timing summary done

================================================================================
Done in 87.3s | Best val acc: 65.44%
Epoch times: mean=3.7s  min=3.6s  max=5.0s
================================================================================
=== Finished training: backend=mpi, hook=ring_zfp_naive, zfp_rate=16, status=0 at Fri May 22 01:41:49 PM UTC 2026 ===
=== Starting training: backend=mpi, hook=ring_zfp_online_coll, zfp_rate=16 at Fri May 22 01:41:49 PM UTC 2026 ===

================================================================================
DISTRIBUTED TRAINING LAUNCHER
================================================================================
  Model:      wide_resnet50_2 (pretrained)
  Dataset:    cifar10 (10 classes)
  Backend:    mpi
  Algorithm:  ring_zfp_online_coll
  ZFP rate:   16
  Epochs:     20
  Batch/rank: 128
  LR:         0.001
================================================================================


================================================================================
Distributed Training: WIDE_RESNET50_2 on CIFAR10
Backend: MPI, Algorithm: ring_zfp_online_coll
================================================================================
Ranks: 8, Epochs: 20, Batch/rank: 128, Effective batch: 1024
LR: 0.001, Device: cuda:0

[Setup] Model on cuda:0, wrapped in DDP (static_graph=True)
[Setup] Hook registered: mpi/ring_zfp_online_coll

================================================================================
DISTRIBUTED TRAINING LAUNCHER
================================================================================
  Model:      wide_resnet50_2 (pretrained)
  Dataset:    cifar10 (10 classes)
  Backend:    mpi
  Algorithm:  ring_zfp_online_coll
  ZFP rate:   16
  Epochs:     20
  Batch/rank: 128
  LR:         0.001
================================================================================


================================================================================
DISTRIBUTED TRAINING LAUNCHER
================================================================================
  Model:      wide_resnet50_2 (pretrained)
  Dataset:    cifar10 (10 classes)
  Backend:    mpi
  Algorithm:  ring_zfp_online_coll
  ZFP rate:   16
  Epochs:     20
  Batch/rank: 128
  LR:         0.001
================================================================================


================================================================================
DISTRIBUTED TRAINING LAUNCHER
================================================================================
  Model:      wide_resnet50_2 (pretrained)
  Dataset:    cifar10 (10 classes)
  Backend:    mpi
  Algorithm:  ring_zfp_online_coll
  ZFP rate:   16
  Epochs:     20
  Batch/rank: 128
  LR:         0.001
================================================================================


================================================================================
DISTRIBUTED TRAINING LAUNCHER
================================================================================
  Model:      wide_resnet50_2 (pretrained)
  Dataset:    cifar10 (10 classes)
  Backend:    mpi
  Algorithm:  ring_zfp_online_coll
  ZFP rate:   16
  Epochs:     20
  Batch/rank: 128
  LR:         0.001
================================================================================


================================================================================
DISTRIBUTED TRAINING LAUNCHER
================================================================================
  Model:      wide_resnet50_2 (pretrained)
  Dataset:    cifar10 (10 classes)
  Backend:    mpi
  Algorithm:  ring_zfp_online_coll
  ZFP rate:   16
  Epochs:     20
  Batch/rank: 128
  LR:         0.001
================================================================================

[Data] Train batches: 49, Val batches: 10


[Epoch 1] Training... (lr=0.000001)

================================================================================
DISTRIBUTED TRAINING LAUNCHER
================================================================================
  Model:      wide_resnet50_2 (pretrained)
  Dataset:    cifar10 (10 classes)
  Backend:    mpi
  Algorithm:  ring_zfp_online_coll
  ZFP rate:   16
  Epochs:     20
  Batch/rank: 128
  LR:         0.001
================================================================================


================================================================================
DISTRIBUTED TRAINING LAUNCHER
================================================================================
  Model:      wide_resnet50_2 (pretrained)
  Dataset:    cifar10 (10 classes)
  Backend:    mpi
  Algorithm:  ring_zfp_online_coll
  ZFP rate:   16
  Epochs:     20
  Batch/rank: 128
  LR:         0.001
================================================================================

[Epoch 1] Train Loss: 2.3677, Acc: 9.94%  |  Val Loss: 2.5393, Acc: 10.88%  |  Time: 4.1s
  -> Best model saved (10.88%)
[Epoch 1] Summarizing hook timing...

[HOOK_TIMING_SUMMARY] epoch=1
[HOOK_WORK_SUMMARY] label=mpi:ring_zfp_online_coll:rate16 calls=378 work_total_ms=1694.786 work_mean_ms=4.484 work_min_ms=2.553 work_max_ms=51.405
[HOOK_TAIL_SUMMARY] label=mpi:ring_zfp_online_coll:rate16 steps=50 tail_total_ms=1223.920 tail_mean_ms=24.478 tail_min_ms=10.830 tail_max_ms=165.858
[Epoch 1] Hook timing summary done

[Epoch 2] Training... (lr=0.001000)
[Epoch 2] Train Loss: 2.2639, Acc: 16.38%  |  Val Loss: 8.4514, Acc: 24.72%  |  Time: 2.7s
  -> Best model saved (24.72%)
[Epoch 2] Summarizing hook timing...

[HOOK_TIMING_SUMMARY] epoch=2
[HOOK_WORK_SUMMARY] label=mpi:ring_zfp_online_coll:rate16 calls=392 work_total_ms=1545.008 work_mean_ms=3.941 work_min_ms=2.580 work_max_ms=8.396
[HOOK_TAIL_SUMMARY] label=mpi:ring_zfp_online_coll:rate16 steps=49 tail_total_ms=1037.053 tail_mean_ms=21.164 tail_min_ms=18.625 tail_max_ms=26.742
[Epoch 2] Hook timing summary done

[Epoch 3] Training... (lr=0.000993)
[Epoch 3] Train Loss: 2.0843, Acc: 27.63%  |  Val Loss: 2.0358, Acc: 37.12%  |  Time: 2.7s
  -> Best model saved (37.12%)
[Epoch 3] Summarizing hook timing...

[HOOK_TIMING_SUMMARY] epoch=3
[HOOK_WORK_SUMMARY] label=mpi:ring_zfp_online_coll:rate16 calls=392 work_total_ms=1574.548 work_mean_ms=4.017 work_min_ms=2.557 work_max_ms=5.875
[HOOK_TAIL_SUMMARY] label=mpi:ring_zfp_online_coll:rate16 steps=49 tail_total_ms=1106.977 tail_mean_ms=22.591 tail_min_ms=18.216 tail_max_ms=23.316
[Epoch 3] Hook timing summary done

[Epoch 4] Training... (lr=0.000973)
[Epoch 4] Train Loss: 1.8683, Acc: 36.85%  |  Val Loss: 1.7778, Acc: 43.52%  |  Time: 2.7s
  -> Best model saved (43.52%)
[Epoch 4] Summarizing hook timing...

[HOOK_TIMING_SUMMARY] epoch=4
[HOOK_WORK_SUMMARY] label=mpi:ring_zfp_online_coll:rate16 calls=392 work_total_ms=1565.556 work_mean_ms=3.994 work_min_ms=2.559 work_max_ms=6.236
[HOOK_TAIL_SUMMARY] label=mpi:ring_zfp_online_coll:rate16 steps=49 tail_total_ms=1097.482 tail_mean_ms=22.398 tail_min_ms=18.818 tail_max_ms=23.170
[Epoch 4] Hook timing summary done

[Epoch 5] Training... (lr=0.000940)
[Epoch 5] Train Loss: 1.6899, Acc: 43.17%  |  Val Loss: 1.5800, Acc: 49.52%  |  Time: 2.7s
  -> Best model saved (49.52%)
[Epoch 5] Summarizing hook timing...

[HOOK_TIMING_SUMMARY] epoch=5
[HOOK_WORK_SUMMARY] label=mpi:ring_zfp_online_coll:rate16 calls=392 work_total_ms=1564.908 work_mean_ms=3.992 work_min_ms=2.533 work_max_ms=5.918
[HOOK_TAIL_SUMMARY] label=mpi:ring_zfp_online_coll:rate16 steps=49 tail_total_ms=1101.943 tail_mean_ms=22.489 tail_min_ms=19.464 tail_max_ms=23.158
[Epoch 5] Hook timing summary done

[Epoch 6] Training... (lr=0.000895)
[Epoch 6] Train Loss: 1.5592, Acc: 47.57%  |  Val Loss: 1.4712, Acc: 53.20%  |  Time: 2.7s
  -> Best model saved (53.20%)
[Epoch 6] Summarizing hook timing...

[HOOK_TIMING_SUMMARY] epoch=6
[HOOK_WORK_SUMMARY] label=mpi:ring_zfp_online_coll:rate16 calls=392 work_total_ms=1537.760 work_mean_ms=3.923 work_min_ms=2.562 work_max_ms=6.087
[HOOK_TAIL_SUMMARY] label=mpi:ring_zfp_online_coll:rate16 steps=49 tail_total_ms=1050.607 tail_mean_ms=21.441 tail_min_ms=18.529 tail_max_ms=22.252
[Epoch 6] Hook timing summary done

[Epoch 7] Training... (lr=0.000839)
[Epoch 7] Train Loss: 1.4247, Acc: 51.42%  |  Val Loss: 1.3857, Acc: 54.96%  |  Time: 2.7s
  -> Best model saved (54.96%)
[Epoch 7] Summarizing hook timing...

[HOOK_TIMING_SUMMARY] epoch=7
[HOOK_WORK_SUMMARY] label=mpi:ring_zfp_online_coll:rate16 calls=392 work_total_ms=1565.927 work_mean_ms=3.995 work_min_ms=2.533 work_max_ms=6.049
[HOOK_TAIL_SUMMARY] label=mpi:ring_zfp_online_coll:rate16 steps=49 tail_total_ms=1100.600 tail_mean_ms=22.461 tail_min_ms=18.733 tail_max_ms=24.421
[Epoch 7] Hook timing summary done

[Epoch 8] Training... (lr=0.000773)
[Epoch 8] Train Loss: 1.3613, Acc: 53.95%  |  Val Loss: 1.3053, Acc: 57.84%  |  Time: 2.7s
  -> Best model saved (57.84%)
[Epoch 8] Summarizing hook timing...

[HOOK_TIMING_SUMMARY] epoch=8
[HOOK_WORK_SUMMARY] label=mpi:ring_zfp_online_coll:rate16 calls=392 work_total_ms=1577.192 work_mean_ms=4.023 work_min_ms=2.535 work_max_ms=5.784
[HOOK_TAIL_SUMMARY] label=mpi:ring_zfp_online_coll:rate16 steps=49 tail_total_ms=1115.823 tail_mean_ms=22.772 tail_min_ms=18.969 tail_max_ms=23.645
[Epoch 8] Hook timing summary done

[Epoch 9] Training... (lr=0.000701)
[Epoch 9] Train Loss: 1.2513, Acc: 57.01%  |  Val Loss: 1.2263, Acc: 59.92%  |  Time: 2.7s
  -> Best model saved (59.92%)
[Epoch 9] Summarizing hook timing...

[HOOK_TIMING_SUMMARY] epoch=9
[HOOK_WORK_SUMMARY] label=mpi:ring_zfp_online_coll:rate16 calls=392 work_total_ms=1544.128 work_mean_ms=3.939 work_min_ms=2.543 work_max_ms=5.969
[HOOK_TAIL_SUMMARY] label=mpi:ring_zfp_online_coll:rate16 steps=49 tail_total_ms=1061.148 tail_mean_ms=21.656 tail_min_ms=18.531 tail_max_ms=22.542
[Epoch 9] Hook timing summary done

[Epoch 10] Training... (lr=0.000623)
[Epoch 10] Train Loss: 1.2033, Acc: 58.29%  |  Val Loss: 1.1873, Acc: 62.08%  |  Time: 2.7s
  -> Best model saved (62.08%)
[Epoch 10] Summarizing hook timing...

[HOOK_TIMING_SUMMARY] epoch=10
[HOOK_WORK_SUMMARY] label=mpi:ring_zfp_online_coll:rate16 calls=392 work_total_ms=1538.306 work_mean_ms=3.924 work_min_ms=2.529 work_max_ms=6.101
[HOOK_TAIL_SUMMARY] label=mpi:ring_zfp_online_coll:rate16 steps=49 tail_total_ms=1050.949 tail_mean_ms=21.448 tail_min_ms=18.452 tail_max_ms=22.524
[Epoch 10] Hook timing summary done

[Epoch 11] Training... (lr=0.000541)
[Epoch 11] Train Loss: 1.1505, Acc: 59.70%  |  Val Loss: 1.1351, Acc: 61.52%  |  Time: 2.7s
[Epoch 11] Summarizing hook timing...

[HOOK_TIMING_SUMMARY] epoch=11
[HOOK_WORK_SUMMARY] label=mpi:ring_zfp_online_coll:rate16 calls=392 work_total_ms=1573.952 work_mean_ms=4.015 work_min_ms=2.550 work_max_ms=6.097
[HOOK_TAIL_SUMMARY] label=mpi:ring_zfp_online_coll:rate16 steps=49 tail_total_ms=1112.517 tail_mean_ms=22.704 tail_min_ms=18.548 tail_max_ms=23.642
[Epoch 11] Hook timing summary done

[Epoch 12] Training... (lr=0.000459)
[Epoch 12] Train Loss: 1.1218, Acc: 61.41%  |  Val Loss: 1.1100, Acc: 64.08%  |  Time: 2.7s
  -> Best model saved (64.08%)
[Epoch 12] Summarizing hook timing...

[HOOK_TIMING_SUMMARY] epoch=12
[HOOK_WORK_SUMMARY] label=mpi:ring_zfp_online_coll:rate16 calls=392 work_total_ms=1544.395 work_mean_ms=3.940 work_min_ms=2.548 work_max_ms=6.264
[HOOK_TAIL_SUMMARY] label=mpi:ring_zfp_online_coll:rate16 steps=49 tail_total_ms=1062.381 tail_mean_ms=21.681 tail_min_ms=20.639 tail_max_ms=22.683
[Epoch 12] Hook timing summary done

[Epoch 13] Training... (lr=0.000377)
[Epoch 13] Train Loss: 1.0906, Acc: 62.21%  |  Val Loss: 1.0854, Acc: 64.16%  |  Time: 2.7s
  -> Best model saved (64.16%)
[Epoch 13] Summarizing hook timing...

[HOOK_TIMING_SUMMARY] epoch=13
[HOOK_WORK_SUMMARY] label=mpi:ring_zfp_online_coll:rate16 calls=392 work_total_ms=1570.712 work_mean_ms=4.007 work_min_ms=2.538 work_max_ms=5.757
[HOOK_TAIL_SUMMARY] label=mpi:ring_zfp_online_coll:rate16 steps=49 tail_total_ms=1109.906 tail_mean_ms=22.651 tail_min_ms=18.797 tail_max_ms=23.569
[Epoch 13] Hook timing summary done

[Epoch 14] Training... (lr=0.000299)
[Epoch 14] Train Loss: 1.1009, Acc: 60.88%  |  Val Loss: 1.0548, Acc: 65.20%  |  Time: 2.7s
  -> Best model saved (65.20%)
[Epoch 14] Summarizing hook timing...

[HOOK_TIMING_SUMMARY] epoch=14
[HOOK_WORK_SUMMARY] label=mpi:ring_zfp_online_coll:rate16 calls=392 work_total_ms=1579.161 work_mean_ms=4.028 work_min_ms=2.551 work_max_ms=6.097
[HOOK_TAIL_SUMMARY] label=mpi:ring_zfp_online_coll:rate16 steps=49 tail_total_ms=1115.436 tail_mean_ms=22.764 tail_min_ms=18.283 tail_max_ms=23.853
[Epoch 14] Hook timing summary done

[Epoch 15] Training... (lr=0.000227)
[Epoch 15] Train Loss: 1.0678, Acc: 63.26%  |  Val Loss: 1.0609, Acc: 64.48%  |  Time: 2.7s
[Epoch 15] Summarizing hook timing...

[HOOK_TIMING_SUMMARY] epoch=15
[HOOK_WORK_SUMMARY] label=mpi:ring_zfp_online_coll:rate16 calls=392 work_total_ms=1575.646 work_mean_ms=4.020 work_min_ms=2.538 work_max_ms=6.324
[HOOK_TAIL_SUMMARY] label=mpi:ring_zfp_online_coll:rate16 steps=49 tail_total_ms=1113.874 tail_mean_ms=22.732 tail_min_ms=19.062 tail_max_ms=23.488
[Epoch 15] Hook timing summary done

[Epoch 16] Training... (lr=0.000161)
[Epoch 16] Train Loss: 1.0467, Acc: 63.86%  |  Val Loss: 1.0498, Acc: 65.68%  |  Time: 2.7s
  -> Best model saved (65.68%)
[Epoch 16] Summarizing hook timing...

[HOOK_TIMING_SUMMARY] epoch=16
[HOOK_WORK_SUMMARY] label=mpi:ring_zfp_online_coll:rate16 calls=392 work_total_ms=1586.045 work_mean_ms=4.046 work_min_ms=2.548 work_max_ms=19.446
[HOOK_TAIL_SUMMARY] label=mpi:ring_zfp_online_coll:rate16 steps=49 tail_total_ms=1125.727 tail_mean_ms=22.974 tail_min_ms=21.897 tail_max_ms=36.899
[Epoch 16] Hook timing summary done

[Epoch 17] Training... (lr=0.000105)
[Epoch 17] Train Loss: 1.0630, Acc: 63.25%  |  Val Loss: 1.0405, Acc: 65.84%  |  Time: 2.7s
  -> Best model saved (65.84%)
[Epoch 17] Summarizing hook timing...

[HOOK_TIMING_SUMMARY] epoch=17
[HOOK_WORK_SUMMARY] label=mpi:ring_zfp_online_coll:rate16 calls=392 work_total_ms=1562.827 work_mean_ms=3.987 work_min_ms=2.516 work_max_ms=7.407
[HOOK_TAIL_SUMMARY] label=mpi:ring_zfp_online_coll:rate16 steps=49 tail_total_ms=1098.912 tail_mean_ms=22.427 tail_min_ms=19.005 tail_max_ms=25.274
[Epoch 17] Hook timing summary done

[Epoch 18] Training... (lr=0.000060)
[Epoch 18] Train Loss: 1.0523, Acc: 63.09%  |  Val Loss: 1.0574, Acc: 66.08%  |  Time: 2.7s
  -> Best model saved (66.08%)
[Epoch 18] Summarizing hook timing...

[HOOK_TIMING_SUMMARY] epoch=18
[HOOK_WORK_SUMMARY] label=mpi:ring_zfp_online_coll:rate16 calls=392 work_total_ms=1531.799 work_mean_ms=3.908 work_min_ms=2.531 work_max_ms=6.196
[HOOK_TAIL_SUMMARY] label=mpi:ring_zfp_online_coll:rate16 steps=49 tail_total_ms=1058.023 tail_mean_ms=21.592 tail_min_ms=20.496 tail_max_ms=30.822
[Epoch 18] Hook timing summary done

[Epoch 19] Training... (lr=0.000027)
[Epoch 19] Train Loss: 1.0295, Acc: 64.32%  |  Val Loss: 1.0302, Acc: 66.16%  |  Time: 2.7s
  -> Best model saved (66.16%)
[Epoch 19] Summarizing hook timing...

[HOOK_TIMING_SUMMARY] epoch=19
[HOOK_WORK_SUMMARY] label=mpi:ring_zfp_online_coll:rate16 calls=392 work_total_ms=1529.425 work_mean_ms=3.902 work_min_ms=2.554 work_max_ms=6.195
[HOOK_TAIL_SUMMARY] label=mpi:ring_zfp_online_coll:rate16 steps=49 tail_total_ms=1044.067 tail_mean_ms=21.307 tail_min_ms=19.356 tail_max_ms=21.894
[Epoch 19] Hook timing summary done

[Epoch 20] Training... (lr=0.000007)
[Epoch 20] Train Loss: 1.0467, Acc: 64.19%  |  Val Loss: 1.0717, Acc: 66.08%  |  Time: 2.7s
[Epoch 20] Summarizing hook timing...

[HOOK_TIMING_SUMMARY] epoch=20
[HOOK_WORK_SUMMARY] label=mpi:ring_zfp_online_coll:rate16 calls=392 work_total_ms=1526.370 work_mean_ms=3.894 work_min_ms=2.518 work_max_ms=6.005
[HOOK_TAIL_SUMMARY] label=mpi:ring_zfp_online_coll:rate16 steps=49 tail_total_ms=1039.931 tail_mean_ms=21.223 tail_min_ms=19.271 tail_max_ms=22.315
[Epoch 20] Hook timing summary done

================================================================================
Done in 70.4s | Best val acc: 66.16%
Epoch times: mean=2.8s  min=2.7s  max=4.1s
================================================================================
=== Finished training: backend=mpi, hook=ring_zfp_online_coll, zfp_rate=16, status=0 at Fri May 22 01:43:10 PM UTC 2026 ===
=== Starting training: backend=mpi, hook=ring_zfp_online_coll, zfp_rate=10 at Fri May 22 01:43:10 PM UTC 2026 ===

================================================================================
DISTRIBUTED TRAINING LAUNCHER
================================================================================
  Model:      wide_resnet50_2 (pretrained)
  Dataset:    cifar10 (10 classes)
  Backend:    mpi
  Algorithm:  ring_zfp_online_coll
  ZFP rate:   10
  Epochs:     20
  Batch/rank: 128
  LR:         0.001
================================================================================


================================================================================
Distributed Training: WIDE_RESNET50_2 on CIFAR10
Backend: MPI, Algorithm: ring_zfp_online_coll
================================================================================
Ranks: 8, Epochs: 20, Batch/rank: 128, Effective batch: 1024
LR: 0.001, Device: cuda:0

[Setup] Model on cuda:0, wrapped in DDP (static_graph=True)
[Setup] Hook registered: mpi/ring_zfp_online_coll

================================================================================
DISTRIBUTED TRAINING LAUNCHER
================================================================================
  Model:      wide_resnet50_2 (pretrained)
  Dataset:    cifar10 (10 classes)
  Backend:    mpi
  Algorithm:  ring_zfp_online_coll
  ZFP rate:   10
  Epochs:     20
  Batch/rank: 128
  LR:         0.001
================================================================================


================================================================================
DISTRIBUTED TRAINING LAUNCHER
================================================================================
  Model:      wide_resnet50_2 (pretrained)
  Dataset:    cifar10 (10 classes)
  Backend:    mpi
  Algorithm:  ring_zfp_online_coll
  ZFP rate:   10
  Epochs:     20
  Batch/rank: 128
  LR:         0.001
================================================================================

[Data] Train batches: 49, Val batches: 10


[Epoch 1] Training... (lr=0.000001)

================================================================================
DISTRIBUTED TRAINING LAUNCHER
================================================================================
  Model:      wide_resnet50_2 (pretrained)
  Dataset:    cifar10 (10 classes)
  Backend:    mpi
  Algorithm:  ring_zfp_online_coll
  ZFP rate:   10
  Epochs:     20
  Batch/rank: 128
  LR:         0.001
================================================================================


================================================================================
DISTRIBUTED TRAINING LAUNCHER
================================================================================
  Model:      wide_resnet50_2 (pretrained)
  Dataset:    cifar10 (10 classes)
  Backend:    mpi
  Algorithm:  ring_zfp_online_coll
  ZFP rate:   10
  Epochs:     20
  Batch/rank: 128
  LR:         0.001
================================================================================


================================================================================
DISTRIBUTED TRAINING LAUNCHER
================================================================================
  Model:      wide_resnet50_2 (pretrained)
  Dataset:    cifar10 (10 classes)
  Backend:    mpi
  Algorithm:  ring_zfp_online_coll
  ZFP rate:   10
  Epochs:     20
  Batch/rank: 128
  LR:         0.001
================================================================================


================================================================================
DISTRIBUTED TRAINING LAUNCHER
================================================================================
  Model:      wide_resnet50_2 (pretrained)
  Dataset:    cifar10 (10 classes)
  Backend:    mpi
  Algorithm:  ring_zfp_online_coll
  ZFP rate:   10
  Epochs:     20
  Batch/rank: 128
  LR:         0.001
================================================================================


================================================================================
DISTRIBUTED TRAINING LAUNCHER
================================================================================
  Model:      wide_resnet50_2 (pretrained)
  Dataset:    cifar10 (10 classes)
  Backend:    mpi
  Algorithm:  ring_zfp_online_coll
  ZFP rate:   10
  Epochs:     20
  Batch/rank: 128
  LR:         0.001
================================================================================

[Epoch 1] Train Loss: 2.3677, Acc: 9.97%  |  Val Loss: 2.5388, Acc: 10.88%  |  Time: 3.9s
  -> Best model saved (10.88%)
[Epoch 1] Summarizing hook timing...

[HOOK_TIMING_SUMMARY] epoch=1
[HOOK_WORK_SUMMARY] label=mpi:ring_zfp_online_coll:rate10 calls=378 work_total_ms=1413.804 work_mean_ms=3.740 work_min_ms=2.403 work_max_ms=23.065
[HOOK_TAIL_SUMMARY] label=mpi:ring_zfp_online_coll:rate10 steps=50 tail_total_ms=976.245 tail_mean_ms=19.525 tail_min_ms=8.302 tail_max_ms=134.510
[Epoch 1] Hook timing summary done

[Epoch 2] Training... (lr=0.001000)
[Epoch 2] Train Loss: 2.2595, Acc: 16.91%  |  Val Loss: 7.8135, Acc: 26.40%  |  Time: 2.5s
  -> Best model saved (26.40%)
[Epoch 2] Summarizing hook timing...

[HOOK_TIMING_SUMMARY] epoch=2
[HOOK_WORK_SUMMARY] label=mpi:ring_zfp_online_coll:rate10 calls=392 work_total_ms=1360.274 work_mean_ms=3.470 work_min_ms=2.396 work_max_ms=13.761
[HOOK_TAIL_SUMMARY] label=mpi:ring_zfp_online_coll:rate10 steps=49 tail_total_ms=852.929 tail_mean_ms=17.407 tail_min_ms=14.725 tail_max_ms=28.035
[Epoch 2] Hook timing summary done

[Epoch 3] Training... (lr=0.000993)
[Epoch 3] Train Loss: 2.0608, Acc: 29.47%  |  Val Loss: 2.0959, Acc: 37.76%  |  Time: 2.5s
  -> Best model saved (37.76%)
[Epoch 3] Summarizing hook timing...

[HOOK_TIMING_SUMMARY] epoch=3
[HOOK_WORK_SUMMARY] label=mpi:ring_zfp_online_coll:rate10 calls=392 work_total_ms=1335.510 work_mean_ms=3.407 work_min_ms=2.356 work_max_ms=4.831
[HOOK_TAIL_SUMMARY] label=mpi:ring_zfp_online_coll:rate10 steps=49 tail_total_ms=822.254 tail_mean_ms=16.781 tail_min_ms=14.074 tail_max_ms=17.773
[Epoch 3] Hook timing summary done

[Epoch 4] Training... (lr=0.000973)
[Epoch 4] Train Loss: 1.8509, Acc: 37.98%  |  Val Loss: 1.8606, Acc: 43.52%  |  Time: 2.5s
  -> Best model saved (43.52%)
[Epoch 4] Summarizing hook timing...

[HOOK_TIMING_SUMMARY] epoch=4
[HOOK_WORK_SUMMARY] label=mpi:ring_zfp_online_coll:rate10 calls=392 work_total_ms=1333.223 work_mean_ms=3.401 work_min_ms=2.387 work_max_ms=4.756
[HOOK_TAIL_SUMMARY] label=mpi:ring_zfp_online_coll:rate10 steps=49 tail_total_ms=819.086 tail_mean_ms=16.716 tail_min_ms=13.167 tail_max_ms=17.370
[Epoch 4] Hook timing summary done

[Epoch 5] Training... (lr=0.000940)
[Epoch 5] Train Loss: 1.6692, Acc: 44.58%  |  Val Loss: 1.6401, Acc: 50.16%  |  Time: 2.5s
  -> Best model saved (50.16%)
[Epoch 5] Summarizing hook timing...

[HOOK_TIMING_SUMMARY] epoch=5
[HOOK_WORK_SUMMARY] label=mpi:ring_zfp_online_coll:rate10 calls=392 work_total_ms=1351.947 work_mean_ms=3.449 work_min_ms=2.369 work_max_ms=5.077
[HOOK_TAIL_SUMMARY] label=mpi:ring_zfp_online_coll:rate10 steps=49 tail_total_ms=843.292 tail_mean_ms=17.210 tail_min_ms=14.721 tail_max_ms=18.504
[Epoch 5] Hook timing summary done

[Epoch 6] Training... (lr=0.000895)
[Epoch 6] Train Loss: 1.5412, Acc: 47.50%  |  Val Loss: 1.4978, Acc: 54.32%  |  Time: 2.5s
  -> Best model saved (54.32%)
[Epoch 6] Summarizing hook timing...

[HOOK_TIMING_SUMMARY] epoch=6
[HOOK_WORK_SUMMARY] label=mpi:ring_zfp_online_coll:rate10 calls=392 work_total_ms=1362.520 work_mean_ms=3.476 work_min_ms=2.372 work_max_ms=5.248
[HOOK_TAIL_SUMMARY] label=mpi:ring_zfp_online_coll:rate10 steps=49 tail_total_ms=874.611 tail_mean_ms=17.849 tail_min_ms=14.657 tail_max_ms=19.356
[Epoch 6] Hook timing summary done

[Epoch 7] Training... (lr=0.000839)
[Epoch 7] Train Loss: 1.4018, Acc: 51.94%  |  Val Loss: 1.3880, Acc: 56.24%  |  Time: 2.5s
  -> Best model saved (56.24%)
[Epoch 7] Summarizing hook timing...

[HOOK_TIMING_SUMMARY] epoch=7
[HOOK_WORK_SUMMARY] label=mpi:ring_zfp_online_coll:rate10 calls=392 work_total_ms=1341.520 work_mean_ms=3.422 work_min_ms=2.404 work_max_ms=4.908
[HOOK_TAIL_SUMMARY] label=mpi:ring_zfp_online_coll:rate10 steps=49 tail_total_ms=824.529 tail_mean_ms=16.827 tail_min_ms=13.715 tail_max_ms=17.509
[Epoch 7] Hook timing summary done

[Epoch 8] Training... (lr=0.000773)
[Epoch 8] Train Loss: 1.3342, Acc: 54.26%  |  Val Loss: 1.2940, Acc: 57.68%  |  Time: 2.5s
  -> Best model saved (57.68%)
[Epoch 8] Summarizing hook timing...

[HOOK_TIMING_SUMMARY] epoch=8
[HOOK_WORK_SUMMARY] label=mpi:ring_zfp_online_coll:rate10 calls=392 work_total_ms=1336.375 work_mean_ms=3.409 work_min_ms=2.387 work_max_ms=4.814
[HOOK_TAIL_SUMMARY] label=mpi:ring_zfp_online_coll:rate10 steps=49 tail_total_ms=837.219 tail_mean_ms=17.086 tail_min_ms=13.463 tail_max_ms=18.137
[Epoch 8] Hook timing summary done

[Epoch 9] Training... (lr=0.000701)
[Epoch 9] Train Loss: 1.2246, Acc: 57.84%  |  Val Loss: 1.2005, Acc: 59.60%  |  Time: 2.5s
  -> Best model saved (59.60%)
[Epoch 9] Summarizing hook timing...

[HOOK_TIMING_SUMMARY] epoch=9
[HOOK_WORK_SUMMARY] label=mpi:ring_zfp_online_coll:rate10 calls=392 work_total_ms=1366.245 work_mean_ms=3.485 work_min_ms=2.370 work_max_ms=4.805
[HOOK_TAIL_SUMMARY] label=mpi:ring_zfp_online_coll:rate10 steps=49 tail_total_ms=894.972 tail_mean_ms=18.265 tail_min_ms=14.412 tail_max_ms=18.990
[Epoch 9] Hook timing summary done

[Epoch 10] Training... (lr=0.000623)
[Epoch 10] Train Loss: 1.1747, Acc: 58.64%  |  Val Loss: 1.1756, Acc: 61.28%  |  Time: 2.5s
  -> Best model saved (61.28%)
[Epoch 10] Summarizing hook timing...

[HOOK_TIMING_SUMMARY] epoch=10
[HOOK_WORK_SUMMARY] label=mpi:ring_zfp_online_coll:rate10 calls=392 work_total_ms=1363.221 work_mean_ms=3.478 work_min_ms=2.395 work_max_ms=5.169
[HOOK_TAIL_SUMMARY] label=mpi:ring_zfp_online_coll:rate10 steps=49 tail_total_ms=869.979 tail_mean_ms=17.755 tail_min_ms=14.718 tail_max_ms=18.427
[Epoch 10] Hook timing summary done

[Epoch 11] Training... (lr=0.000541)
[Epoch 11] Train Loss: 1.1314, Acc: 60.38%  |  Val Loss: 1.1239, Acc: 62.80%  |  Time: 2.5s
  -> Best model saved (62.80%)
[Epoch 11] Summarizing hook timing...

[HOOK_TIMING_SUMMARY] epoch=11
[HOOK_WORK_SUMMARY] label=mpi:ring_zfp_online_coll:rate10 calls=392 work_total_ms=1366.840 work_mean_ms=3.487 work_min_ms=2.354 work_max_ms=4.785
[HOOK_TAIL_SUMMARY] label=mpi:ring_zfp_online_coll:rate10 steps=49 tail_total_ms=892.696 tail_mean_ms=18.218 tail_min_ms=15.759 tail_max_ms=18.972
[Epoch 11] Hook timing summary done

[Epoch 12] Training... (lr=0.000459)
[Epoch 12] Train Loss: 1.1032, Acc: 62.10%  |  Val Loss: 1.0960, Acc: 63.92%  |  Time: 2.5s
  -> Best model saved (63.92%)
[Epoch 12] Summarizing hook timing...

[HOOK_TIMING_SUMMARY] epoch=12
[HOOK_WORK_SUMMARY] label=mpi:ring_zfp_online_coll:rate10 calls=392 work_total_ms=1361.320 work_mean_ms=3.473 work_min_ms=2.379 work_max_ms=4.774
[HOOK_TAIL_SUMMARY] label=mpi:ring_zfp_online_coll:rate10 steps=49 tail_total_ms=851.769 tail_mean_ms=17.383 tail_min_ms=14.226 tail_max_ms=18.418
[Epoch 12] Hook timing summary done

[Epoch 13] Training... (lr=0.000377)
[Epoch 13] Train Loss: 1.0699, Acc: 63.15%  |  Val Loss: 1.0855, Acc: 63.68%  |  Time: 2.5s
[Epoch 13] Summarizing hook timing...

[HOOK_TIMING_SUMMARY] epoch=13
[HOOK_WORK_SUMMARY] label=mpi:ring_zfp_online_coll:rate10 calls=392 work_total_ms=1346.299 work_mean_ms=3.434 work_min_ms=2.389 work_max_ms=4.829
[HOOK_TAIL_SUMMARY] label=mpi:ring_zfp_online_coll:rate10 steps=49 tail_total_ms=849.849 tail_mean_ms=17.344 tail_min_ms=13.869 tail_max_ms=18.247
[Epoch 13] Hook timing summary done

[Epoch 14] Training... (lr=0.000299)
[Epoch 14] Train Loss: 1.0809, Acc: 61.81%  |  Val Loss: 1.0496, Acc: 65.68%  |  Time: 2.5s
  -> Best model saved (65.68%)
[Epoch 14] Summarizing hook timing...

[HOOK_TIMING_SUMMARY] epoch=14
[HOOK_WORK_SUMMARY] label=mpi:ring_zfp_online_coll:rate10 calls=392 work_total_ms=1390.255 work_mean_ms=3.547 work_min_ms=2.415 work_max_ms=30.035
[HOOK_TAIL_SUMMARY] label=mpi:ring_zfp_online_coll:rate10 steps=49 tail_total_ms=882.452 tail_mean_ms=18.009 tail_min_ms=16.362 tail_max_ms=45.179
[Epoch 14] Hook timing summary done

[Epoch 15] Training... (lr=0.000227)
[Epoch 15] Train Loss: 1.0491, Acc: 63.74%  |  Val Loss: 1.0500, Acc: 65.44%  |  Time: 2.5s
[Epoch 15] Summarizing hook timing...

[HOOK_TIMING_SUMMARY] epoch=15
[HOOK_WORK_SUMMARY] label=mpi:ring_zfp_online_coll:rate10 calls=392 work_total_ms=1373.985 work_mean_ms=3.505 work_min_ms=2.367 work_max_ms=4.894
[HOOK_TAIL_SUMMARY] label=mpi:ring_zfp_online_coll:rate10 steps=49 tail_total_ms=900.133 tail_mean_ms=18.370 tail_min_ms=13.768 tail_max_ms=19.072
[Epoch 15] Hook timing summary done

[Epoch 16] Training... (lr=0.000161)
[Epoch 16] Train Loss: 1.0324, Acc: 64.43%  |  Val Loss: 1.0528, Acc: 64.64%  |  Time: 2.5s
[Epoch 16] Summarizing hook timing...

[HOOK_TIMING_SUMMARY] epoch=16
[HOOK_WORK_SUMMARY] label=mpi:ring_zfp_online_coll:rate10 calls=392 work_total_ms=1391.177 work_mean_ms=3.549 work_min_ms=2.394 work_max_ms=10.680
[HOOK_TAIL_SUMMARY] label=mpi:ring_zfp_online_coll:rate10 steps=49 tail_total_ms=922.538 tail_mean_ms=18.827 tail_min_ms=17.884 tail_max_ms=24.727
[Epoch 16] Hook timing summary done

[Epoch 17] Training... (lr=0.000105)
[Epoch 17] Train Loss: 1.0514, Acc: 64.32%  |  Val Loss: 1.0215, Acc: 65.60%  |  Time: 2.5s
[Epoch 17] Summarizing hook timing...

[HOOK_TIMING_SUMMARY] epoch=17
[HOOK_WORK_SUMMARY] label=mpi:ring_zfp_online_coll:rate10 calls=392 work_total_ms=1383.770 work_mean_ms=3.530 work_min_ms=2.368 work_max_ms=21.343
[HOOK_TAIL_SUMMARY] label=mpi:ring_zfp_online_coll:rate10 steps=49 tail_total_ms=908.971 tail_mean_ms=18.550 tail_min_ms=16.460 tail_max_ms=34.797
[Epoch 17] Hook timing summary done

[Epoch 18] Training... (lr=0.000060)
[Epoch 18] Train Loss: 1.0340, Acc: 63.84%  |  Val Loss: 1.0316, Acc: 65.76%  |  Time: 2.5s
  -> Best model saved (65.76%)
[Epoch 18] Summarizing hook timing...

[HOOK_TIMING_SUMMARY] epoch=18
[HOOK_WORK_SUMMARY] label=mpi:ring_zfp_online_coll:rate10 calls=392 work_total_ms=1365.647 work_mean_ms=3.484 work_min_ms=2.418 work_max_ms=13.411
[HOOK_TAIL_SUMMARY] label=mpi:ring_zfp_online_coll:rate10 steps=49 tail_total_ms=869.073 tail_mean_ms=17.736 tail_min_ms=15.839 tail_max_ms=27.394
[Epoch 18] Hook timing summary done

[Epoch 19] Training... (lr=0.000027)
[Epoch 19] Train Loss: 1.0091, Acc: 65.14%  |  Val Loss: 1.0198, Acc: 65.84%  |  Time: 2.5s
  -> Best model saved (65.84%)
[Epoch 19] Summarizing hook timing...

[HOOK_TIMING_SUMMARY] epoch=19
[HOOK_WORK_SUMMARY] label=mpi:ring_zfp_online_coll:rate10 calls=392 work_total_ms=1376.511 work_mean_ms=3.512 work_min_ms=2.374 work_max_ms=4.632
[HOOK_TAIL_SUMMARY] label=mpi:ring_zfp_online_coll:rate10 steps=49 tail_total_ms=896.638 tail_mean_ms=18.299 tail_min_ms=14.327 tail_max_ms=19.151
[Epoch 19] Hook timing summary done

[Epoch 20] Training... (lr=0.000007)
[Epoch 20] Train Loss: 1.0275, Acc: 65.06%  |  Val Loss: 1.0524, Acc: 64.96%  |  Time: 2.5s
[Epoch 20] Summarizing hook timing...

[HOOK_TIMING_SUMMARY] epoch=20
[HOOK_WORK_SUMMARY] label=mpi:ring_zfp_online_coll:rate10 calls=392 work_total_ms=1375.765 work_mean_ms=3.510 work_min_ms=2.390 work_max_ms=11.296
[HOOK_TAIL_SUMMARY] label=mpi:ring_zfp_online_coll:rate10 steps=49 tail_total_ms=883.417 tail_mean_ms=18.029 tail_min_ms=16.851 tail_max_ms=26.825
[Epoch 20] Hook timing summary done

================================================================================
Done in 64.9s | Best val acc: 65.84%
Epoch times: mean=2.6s  min=2.5s  max=3.9s
================================================================================
=== Finished training: backend=mpi, hook=ring_zfp_online_coll, zfp_rate=10, status=0 at Fri May 22 01:44:25 PM UTC 2026 ===
=== Job finished: Fri May 22 01:44:25 PM UTC 2026 ===
