=== Job started: Thu May 21 12:50:41 PM UTC 2026 ===
=== Node: x3104c0s19b1n0 ===

The following have been reloaded with a version change:
  1) gcc-native/14 => gcc-native/13


The following have been reloaded with a version change:
  1) gcc-native/13 => gcc-native/14.2

[INFO] GTL preloaded: /opt/cray/pe/mpich/9.0.1/ofi/nvidia/23.3/lib/libmpi_gtl_cuda.so
=============================================
  Polaris DDP + Eagle PyTorch + Cray MPICH
=============================================
Node              : x3104c0s19b1n0
ZFP_HOME          : /home/mrest/mpiAllReduceCompressed/zfp-install
GTL               : /opt/cray/pe/mpich/9.0.1/ofi/nvidia/23.3/lib/libmpi_gtl_cuda.so
MPICH_GPU_SUPPORT : 1

PyTorch version   : 2.8.0a0+gitba56102
PyTorch location  : /lus/eagle/projects/UIC-HPC/mrest/pytorch_mpi_build/src/pytorch/torch/__init__.py
CUDA available    : True 4
MPI available     : True
mpi4py            : MPI VERSION    : CRAY MPICH version 9.0.1.498 (ANL base 4.1.2)
mpi4py rank test  : rank 0 OK
=============================================
=== Starting training: backend=mpi, hook=ring at Thu May 21 12:51:16 PM UTC 2026 ===

================================================================================
DISTRIBUTED TRAINING LAUNCHER
================================================================================
  Model:      wide_resnet50_2 (pretrained)
  Dataset:    cifar10 (10 classes)
  Backend:    mpi
  Algorithm:  ring
  Epochs:     20
  Batch/rank: 128
  LR:         0.001
================================================================================


================================================================================
Distributed Training: WIDE_RESNET50_2 on CIFAR10
Backend: MPI, Algorithm: ring
================================================================================
Ranks: 8, Epochs: 20, Batch/rank: 128, Effective batch: 1024
LR: 0.001, Device: cuda:0

[Setup] Model on cuda:0, wrapped in DDP (static_graph=True)
[Setup] Hook registered: mpi/ring

================================================================================
DISTRIBUTED TRAINING LAUNCHER
================================================================================
  Model:      wide_resnet50_2 (pretrained)
  Dataset:    cifar10 (10 classes)
  Backend:    mpi
  Algorithm:  ring
  Epochs:     20
  Batch/rank: 128
  LR:         0.001
================================================================================


================================================================================
DISTRIBUTED TRAINING LAUNCHER
================================================================================
  Model:      wide_resnet50_2 (pretrained)
  Dataset:    cifar10 (10 classes)
  Backend:    mpi
  Algorithm:  ring
  Epochs:     20
  Batch/rank: 128
  LR:         0.001
================================================================================


================================================================================
DISTRIBUTED TRAINING LAUNCHER
================================================================================
  Model:      wide_resnet50_2 (pretrained)
  Dataset:    cifar10 (10 classes)
  Backend:    mpi
  Algorithm:  ring
  Epochs:     20
  Batch/rank: 128
  LR:         0.001
================================================================================


================================================================================
DISTRIBUTED TRAINING LAUNCHER
================================================================================
  Model:      wide_resnet50_2 (pretrained)
  Dataset:    cifar10 (10 classes)
  Backend:    mpi
  Algorithm:  ring
  Epochs:     20
  Batch/rank: 128
  LR:         0.001
================================================================================


================================================================================
DISTRIBUTED TRAINING LAUNCHER
================================================================================
  Model:      wide_resnet50_2 (pretrained)
  Dataset:    cifar10 (10 classes)
  Backend:    mpi
  Algorithm:  ring
  Epochs:     20
  Batch/rank: 128
  LR:         0.001
================================================================================


================================================================================
DISTRIBUTED TRAINING LAUNCHER
================================================================================
  Model:      wide_resnet50_2 (pretrained)
  Dataset:    cifar10 (10 classes)
  Backend:    mpi
  Algorithm:  ring
  Epochs:     20
  Batch/rank: 128
  LR:         0.001
================================================================================

[Data] Train batches: 49, Val batches: 10


[Epoch 1] Training... (lr=0.000001)

================================================================================
DISTRIBUTED TRAINING LAUNCHER
================================================================================
  Model:      wide_resnet50_2 (pretrained)
  Dataset:    cifar10 (10 classes)
  Backend:    mpi
  Algorithm:  ring
  Epochs:     20
  Batch/rank: 128
  LR:         0.001
================================================================================

[Epoch 1] Train Loss: 2.3677, Acc: 9.98%  |  Val Loss: 2.5391, Acc: 10.96%  |  Time: 8.0s
  -> Best model saved (10.96%)

[Epoch 2] Training... (lr=0.001000)
[Epoch 2] Train Loss: 2.2661, Acc: 16.42%  |  Val Loss: 5.7939, Acc: 24.16%  |  Time: 3.4s
  -> Best model saved (24.16%)

[Epoch 3] Training... (lr=0.000993)
[Epoch 3] Train Loss: 2.0991, Acc: 27.33%  |  Val Loss: 3.5295, Acc: 35.20%  |  Time: 3.4s
  -> Best model saved (35.20%)

[Epoch 4] Training... (lr=0.000973)
[Epoch 4] Train Loss: 1.8938, Acc: 36.72%  |  Val Loss: 2.0968, Acc: 42.72%  |  Time: 3.4s
  -> Best model saved (42.72%)

[Epoch 5] Training... (lr=0.000940)
[Epoch 5] Train Loss: 1.7050, Acc: 43.41%  |  Val Loss: 1.6191, Acc: 47.28%  |  Time: 3.4s
  -> Best model saved (47.28%)

[Epoch 6] Training... (lr=0.000895)
[Epoch 6] Train Loss: 1.5781, Acc: 46.62%  |  Val Loss: 1.5176, Acc: 52.24%  |  Time: 3.4s
  -> Best model saved (52.24%)

[Epoch 7] Training... (lr=0.000839)
[Epoch 7] Train Loss: 1.4346, Acc: 51.18%  |  Val Loss: 1.4387, Acc: 55.04%  |  Time: 3.4s
  -> Best model saved (55.04%)

[Epoch 8] Training... (lr=0.000773)
[Epoch 8] Train Loss: 1.3733, Acc: 53.02%  |  Val Loss: 1.3672, Acc: 57.12%  |  Time: 3.4s
  -> Best model saved (57.12%)

[Epoch 9] Training... (lr=0.000701)
[Epoch 9] Train Loss: 1.2592, Acc: 56.85%  |  Val Loss: 1.2437, Acc: 58.72%  |  Time: 3.4s
  -> Best model saved (58.72%)

[Epoch 10] Training... (lr=0.000623)
[Epoch 10] Train Loss: 1.2110, Acc: 57.63%  |  Val Loss: 1.2152, Acc: 60.40%  |  Time: 3.4s
  -> Best model saved (60.40%)

[Epoch 11] Training... (lr=0.000541)
[Epoch 11] Train Loss: 1.1602, Acc: 59.26%  |  Val Loss: 1.1526, Acc: 60.96%  |  Time: 3.4s
  -> Best model saved (60.96%)

[Epoch 12] Training... (lr=0.000459)
[Epoch 12] Train Loss: 1.1248, Acc: 61.30%  |  Val Loss: 1.1238, Acc: 62.80%  |  Time: 3.4s
  -> Best model saved (62.80%)

[Epoch 13] Training... (lr=0.000377)
[Epoch 13] Train Loss: 1.0964, Acc: 61.92%  |  Val Loss: 1.1040, Acc: 62.96%  |  Time: 3.4s
  -> Best model saved (62.96%)

[Epoch 14] Training... (lr=0.000299)
[Epoch 14] Train Loss: 1.1074, Acc: 60.54%  |  Val Loss: 1.0719, Acc: 64.00%  |  Time: 3.4s
  -> Best model saved (64.00%)

[Epoch 15] Training... (lr=0.000227)
[Epoch 15] Train Loss: 1.0768, Acc: 62.83%  |  Val Loss: 1.0738, Acc: 64.48%  |  Time: 3.4s
  -> Best model saved (64.48%)

[Epoch 16] Training... (lr=0.000161)
[Epoch 16] Train Loss: 1.0576, Acc: 63.20%  |  Val Loss: 1.0624, Acc: 64.24%  |  Time: 3.4s

[Epoch 17] Training... (lr=0.000105)
[Epoch 17] Train Loss: 1.0618, Acc: 63.36%  |  Val Loss: 1.0622, Acc: 64.64%  |  Time: 3.4s
  -> Best model saved (64.64%)

[Epoch 18] Training... (lr=0.000060)
[Epoch 18] Train Loss: 1.0558, Acc: 62.66%  |  Val Loss: 1.0619, Acc: 65.60%  |  Time: 3.4s
  -> Best model saved (65.60%)

[Epoch 19] Training... (lr=0.000027)
[Epoch 19] Train Loss: 1.0335, Acc: 64.27%  |  Val Loss: 1.0432, Acc: 65.44%  |  Time: 3.4s

[Epoch 20] Training... (lr=0.000007)
[Epoch 20] Train Loss: 1.0483, Acc: 63.73%  |  Val Loss: 1.1000, Acc: 64.96%  |  Time: 3.4s

================================================================================
Done in 86.8s | Best val acc: 65.60%
Epoch times: mean=3.6s  min=3.4s  max=8.0s
================================================================================
=== Finished training: backend=mpi, hook=ring, status=0 at Thu May 21 12:53:03 PM UTC 2026 ===
=== Starting training: backend=mpi, hook=recursive_doubling at Thu May 21 12:53:03 PM UTC 2026 ===

================================================================================
DISTRIBUTED TRAINING LAUNCHER
================================================================================
  Model:      wide_resnet50_2 (pretrained)
  Dataset:    cifar10 (10 classes)
  Backend:    mpi
  Algorithm:  recursive_doubling
  Epochs:     20
  Batch/rank: 128
  LR:         0.001
================================================================================


================================================================================
Distributed Training: WIDE_RESNET50_2 on CIFAR10
Backend: MPI, Algorithm: recursive_doubling
================================================================================
Ranks: 8, Epochs: 20, Batch/rank: 128, Effective batch: 1024
LR: 0.001, Device: cuda:0

[Setup] Model on cuda:0, wrapped in DDP (static_graph=True)
[Setup] Hook registered: mpi/recursive_doubling

================================================================================
DISTRIBUTED TRAINING LAUNCHER
================================================================================
  Model:      wide_resnet50_2 (pretrained)
  Dataset:    cifar10 (10 classes)
  Backend:    mpi
  Algorithm:  recursive_doubling
  Epochs:     20
  Batch/rank: 128
  LR:         0.001
================================================================================


================================================================================
DISTRIBUTED TRAINING LAUNCHER
================================================================================
  Model:      wide_resnet50_2 (pretrained)
  Dataset:    cifar10 (10 classes)
  Backend:    mpi
  Algorithm:  recursive_doubling
  Epochs:     20
  Batch/rank: 128
  LR:         0.001
================================================================================


================================================================================
DISTRIBUTED TRAINING LAUNCHER
================================================================================
  Model:      wide_resnet50_2 (pretrained)
  Dataset:    cifar10 (10 classes)
  Backend:    mpi
  Algorithm:  recursive_doubling
  Epochs:     20
  Batch/rank: 128
  LR:         0.001
================================================================================

[Data] Train batches: 49, Val batches: 10


[Epoch 1] Training... (lr=0.000001)

================================================================================
DISTRIBUTED TRAINING LAUNCHER
================================================================================
  Model:      wide_resnet50_2 (pretrained)
  Dataset:    cifar10 (10 classes)
  Backend:    mpi
  Algorithm:  recursive_doubling
  Epochs:     20
  Batch/rank: 128
  LR:         0.001
================================================================================


================================================================================
DISTRIBUTED TRAINING LAUNCHER
================================================================================
  Model:      wide_resnet50_2 (pretrained)
  Dataset:    cifar10 (10 classes)
  Backend:    mpi
  Algorithm:  recursive_doubling
  Epochs:     20
  Batch/rank: 128
  LR:         0.001
================================================================================


================================================================================
DISTRIBUTED TRAINING LAUNCHER
================================================================================
  Model:      wide_resnet50_2 (pretrained)
  Dataset:    cifar10 (10 classes)
  Backend:    mpi
  Algorithm:  recursive_doubling
  Epochs:     20
  Batch/rank: 128
  LR:         0.001
================================================================================


================================================================================
DISTRIBUTED TRAINING LAUNCHER
================================================================================
  Model:      wide_resnet50_2 (pretrained)
  Dataset:    cifar10 (10 classes)
  Backend:    mpi
  Algorithm:  recursive_doubling
  Epochs:     20
  Batch/rank: 128
  LR:         0.001
================================================================================

[Epoch 1] Train Loss: 2.3676, Acc: 9.98%  |  Val Loss: 2.5392, Acc: 10.96%  |  Time: 5.9s
  -> Best model saved (10.96%)

[Epoch 2] Training... (lr=0.001000)
[Epoch 2] Train Loss: 2.2637, Acc: 16.48%  |  Val Loss: 10.1377, Acc: 24.56%  |  Time: 4.7s
  -> Best model saved (24.56%)

[Epoch 3] Training... (lr=0.000993)
[Epoch 3] Train Loss: 2.0859, Acc: 28.05%  |  Val Loss: 2.1493, Acc: 36.72%  |  Time: 4.8s
  -> Best model saved (36.72%)

[Epoch 4] Training... (lr=0.000973)
[Epoch 4] Train Loss: 1.8747, Acc: 37.17%  |  Val Loss: 1.7852, Acc: 42.56%  |  Time: 4.7s
  -> Best model saved (42.56%)

[Epoch 5] Training... (lr=0.000940)
[Epoch 5] Train Loss: 1.6925, Acc: 43.33%  |  Val Loss: 1.6031, Acc: 48.96%  |  Time: 4.8s
  -> Best model saved (48.96%)

[Epoch 6] Training... (lr=0.000895)
[Epoch 6] Train Loss: 1.5589, Acc: 47.38%  |  Val Loss: 1.4751, Acc: 53.20%  |  Time: 4.8s
  -> Best model saved (53.20%)

[Epoch 7] Training... (lr=0.000839)
[Epoch 7] Train Loss: 1.4191, Acc: 52.18%  |  Val Loss: 1.4023, Acc: 56.32%  |  Time: 4.8s
  -> Best model saved (56.32%)

[Epoch 8] Training... (lr=0.000773)
[Epoch 8] Train Loss: 1.3533, Acc: 53.74%  |  Val Loss: 1.3390, Acc: 57.84%  |  Time: 4.8s
  -> Best model saved (57.84%)

[Epoch 9] Training... (lr=0.000701)
[Epoch 9] Train Loss: 1.2376, Acc: 57.52%  |  Val Loss: 1.2211, Acc: 59.84%  |  Time: 4.7s
  -> Best model saved (59.84%)

[Epoch 10] Training... (lr=0.000623)
[Epoch 10] Train Loss: 1.1928, Acc: 58.38%  |  Val Loss: 1.1992, Acc: 62.32%  |  Time: 4.8s
  -> Best model saved (62.32%)

[Epoch 11] Training... (lr=0.000541)
[Epoch 11] Train Loss: 1.1440, Acc: 59.94%  |  Val Loss: 1.1347, Acc: 61.60%  |  Time: 4.8s

[Epoch 12] Training... (lr=0.000459)
[Epoch 12] Train Loss: 1.1099, Acc: 61.44%  |  Val Loss: 1.1160, Acc: 64.32%  |  Time: 4.8s
  -> Best model saved (64.32%)

[Epoch 13] Training... (lr=0.000377)
[Epoch 13] Train Loss: 1.0803, Acc: 62.64%  |  Val Loss: 1.0863, Acc: 63.76%  |  Time: 4.8s

[Epoch 14] Training... (lr=0.000299)
[Epoch 14] Train Loss: 1.0941, Acc: 61.34%  |  Val Loss: 1.0613, Acc: 64.64%  |  Time: 4.8s
  -> Best model saved (64.64%)

[Epoch 15] Training... (lr=0.000227)
[Epoch 15] Train Loss: 1.0624, Acc: 63.62%  |  Val Loss: 1.0536, Acc: 64.32%  |  Time: 4.8s

[Epoch 16] Training... (lr=0.000161)
[Epoch 16] Train Loss: 1.0406, Acc: 64.08%  |  Val Loss: 1.0529, Acc: 64.80%  |  Time: 4.8s
  -> Best model saved (64.80%)

[Epoch 17] Training... (lr=0.000105)
[Epoch 17] Train Loss: 1.0552, Acc: 63.50%  |  Val Loss: 1.0347, Acc: 65.44%  |  Time: 4.8s
  -> Best model saved (65.44%)

[Epoch 18] Training... (lr=0.000060)
[Epoch 18] Train Loss: 1.0441, Acc: 63.58%  |  Val Loss: 1.0462, Acc: 66.16%  |  Time: 4.8s
  -> Best model saved (66.16%)

[Epoch 19] Training... (lr=0.000027)
[Epoch 19] Train Loss: 1.0218, Acc: 64.77%  |  Val Loss: 1.0256, Acc: 65.76%  |  Time: 4.8s

[Epoch 20] Training... (lr=0.000007)
[Epoch 20] Train Loss: 1.0370, Acc: 64.82%  |  Val Loss: 1.0682, Acc: 65.44%  |  Time: 4.8s

================================================================================
Done in 109.7s | Best val acc: 66.16%
Epoch times: mean=4.8s  min=4.7s  max=5.9s
================================================================================
=== Finished training: backend=mpi, hook=recursive_doubling, status=0 at Thu May 21 12:55:02 PM UTC 2026 ===
=== Starting training: backend=mpi, hook=ring_zfp_naive at Thu May 21 12:55:02 PM UTC 2026 ===

================================================================================
DISTRIBUTED TRAINING LAUNCHER
================================================================================
  Model:      wide_resnet50_2 (pretrained)
  Dataset:    cifar10 (10 classes)
  Backend:    mpi
  Algorithm:  ring_zfp_naive
  Epochs:     20
  Batch/rank: 128
  LR:         0.001
================================================================================


================================================================================
Distributed Training: WIDE_RESNET50_2 on CIFAR10
Backend: MPI, Algorithm: ring_zfp_naive
================================================================================
Ranks: 8, Epochs: 20, Batch/rank: 128, Effective batch: 1024
LR: 0.001, Device: cuda:0

[Setup] Model on cuda:0, wrapped in DDP (static_graph=True)
[Setup] Hook registered: mpi/ring_zfp_naive

================================================================================
DISTRIBUTED TRAINING LAUNCHER
================================================================================
  Model:      wide_resnet50_2 (pretrained)
  Dataset:    cifar10 (10 classes)
  Backend:    mpi
  Algorithm:  ring_zfp_naive
  Epochs:     20
  Batch/rank: 128
  LR:         0.001
================================================================================

[Data] Train batches: 49, Val batches: 10


[Epoch 1] Training... (lr=0.000001)

================================================================================
DISTRIBUTED TRAINING LAUNCHER
================================================================================
  Model:      wide_resnet50_2 (pretrained)
  Dataset:    cifar10 (10 classes)
  Backend:    mpi
  Algorithm:  ring_zfp_naive
  Epochs:     20
  Batch/rank: 128
  LR:         0.001
================================================================================


================================================================================
DISTRIBUTED TRAINING LAUNCHER
================================================================================
  Model:      wide_resnet50_2 (pretrained)
  Dataset:    cifar10 (10 classes)
  Backend:    mpi
  Algorithm:  ring_zfp_naive
  Epochs:     20
  Batch/rank: 128
  LR:         0.001
================================================================================


================================================================================
DISTRIBUTED TRAINING LAUNCHER
================================================================================
  Model:      wide_resnet50_2 (pretrained)
  Dataset:    cifar10 (10 classes)
  Backend:    mpi
  Algorithm:  ring_zfp_naive
  Epochs:     20
  Batch/rank: 128
  LR:         0.001
================================================================================


================================================================================
DISTRIBUTED TRAINING LAUNCHER
================================================================================
  Model:      wide_resnet50_2 (pretrained)
  Dataset:    cifar10 (10 classes)
  Backend:    mpi
  Algorithm:  ring_zfp_naive
  Epochs:     20
  Batch/rank: 128
  LR:         0.001
================================================================================


================================================================================
DISTRIBUTED TRAINING LAUNCHER
================================================================================
  Model:      wide_resnet50_2 (pretrained)
  Dataset:    cifar10 (10 classes)
  Backend:    mpi
  Algorithm:  ring_zfp_naive
  Epochs:     20
  Batch/rank: 128
  LR:         0.001
================================================================================


================================================================================
DISTRIBUTED TRAINING LAUNCHER
================================================================================
  Model:      wide_resnet50_2 (pretrained)
  Dataset:    cifar10 (10 classes)
  Backend:    mpi
  Algorithm:  ring_zfp_naive
  Epochs:     20
  Batch/rank: 128
  LR:         0.001
================================================================================

[Epoch 1] Train Loss: 2.3677, Acc: 10.00%  |  Val Loss: 2.5391, Acc: 10.88%  |  Time: 113.0s
  -> Best model saved (10.88%)

[Epoch 2] Training... (lr=0.001000)
[Epoch 2] Train Loss: 2.2599, Acc: 16.75%  |  Val Loss: 6.2306, Acc: 24.96%  |  Time: 3.4s
  -> Best model saved (24.96%)

[Epoch 3] Training... (lr=0.000993)
[Epoch 3] Train Loss: 2.0552, Acc: 29.04%  |  Val Loss: 2.0425, Acc: 38.16%  |  Time: 3.4s
  -> Best model saved (38.16%)

[Epoch 4] Training... (lr=0.000973)
[Epoch 4] Train Loss: 1.8412, Acc: 38.18%  |  Val Loss: 1.7759, Acc: 44.56%  |  Time: 3.4s
  -> Best model saved (44.56%)

[Epoch 5] Training... (lr=0.000940)
[Epoch 5] Train Loss: 1.6657, Acc: 44.42%  |  Val Loss: 1.5745, Acc: 48.64%  |  Time: 3.4s
  -> Best model saved (48.64%)

[Epoch 6] Training... (lr=0.000895)
[Epoch 6] Train Loss: 1.5366, Acc: 48.11%  |  Val Loss: 1.4754, Acc: 53.52%  |  Time: 3.4s
  -> Best model saved (53.52%)

[Epoch 7] Training... (lr=0.000839)
[Epoch 7] Train Loss: 1.3909, Acc: 52.35%  |  Val Loss: 1.3722, Acc: 56.08%  |  Time: 3.4s
  -> Best model saved (56.08%)

[Epoch 8] Training... (lr=0.000773)
[Epoch 8] Train Loss: 1.3309, Acc: 54.50%  |  Val Loss: 1.3011, Acc: 57.36%  |  Time: 3.4s
  -> Best model saved (57.36%)

[Epoch 9] Training... (lr=0.000701)
[Epoch 9] Train Loss: 1.2199, Acc: 57.95%  |  Val Loss: 1.1999, Acc: 60.08%  |  Time: 3.4s
  -> Best model saved (60.08%)

[Epoch 10] Training... (lr=0.000623)
[Epoch 10] Train Loss: 1.1745, Acc: 58.96%  |  Val Loss: 1.1735, Acc: 61.28%  |  Time: 3.4s
  -> Best model saved (61.28%)

[Epoch 11] Training... (lr=0.000541)
[Epoch 11] Train Loss: 1.1305, Acc: 60.66%  |  Val Loss: 1.1221, Acc: 61.12%  |  Time: 3.4s

[Epoch 12] Training... (lr=0.000459)
[Epoch 12] Train Loss: 1.0988, Acc: 62.16%  |  Val Loss: 1.1076, Acc: 63.44%  |  Time: 3.4s
  -> Best model saved (63.44%)

[Epoch 13] Training... (lr=0.000377)
[Epoch 13] Train Loss: 1.0734, Acc: 62.98%  |  Val Loss: 1.0856, Acc: 63.44%  |  Time: 3.4s

[Epoch 14] Training... (lr=0.000299)
[Epoch 14] Train Loss: 1.0766, Acc: 62.02%  |  Val Loss: 1.0542, Acc: 64.16%  |  Time: 3.5s
  -> Best model saved (64.16%)

[Epoch 15] Training... (lr=0.000227)
[Epoch 15] Train Loss: 1.0447, Acc: 64.26%  |  Val Loss: 1.0453, Acc: 65.12%  |  Time: 3.4s
  -> Best model saved (65.12%)

[Epoch 16] Training... (lr=0.000161)
[Epoch 16] Train Loss: 1.0272, Acc: 64.35%  |  Val Loss: 1.0447, Acc: 64.32%  |  Time: 3.4s

[Epoch 17] Training... (lr=0.000105)
[Epoch 17] Train Loss: 1.0445, Acc: 63.86%  |  Val Loss: 1.0291, Acc: 65.44%  |  Time: 3.5s
  -> Best model saved (65.44%)

[Epoch 18] Training... (lr=0.000060)
[Epoch 18] Train Loss: 1.0306, Acc: 63.82%  |  Val Loss: 1.0431, Acc: 65.68%  |  Time: 3.4s
  -> Best model saved (65.68%)

[Epoch 19] Training... (lr=0.000027)
[Epoch 19] Train Loss: 1.0096, Acc: 65.34%  |  Val Loss: 1.0177, Acc: 64.96%  |  Time: 3.4s

[Epoch 20] Training... (lr=0.000007)
[Epoch 20] Train Loss: 1.0265, Acc: 64.86%  |  Val Loss: 1.0444, Acc: 65.44%  |  Time: 3.5s

================================================================================
Done in 191.4s | Best val acc: 65.68%
Epoch times: mean=8.9s  min=3.4s  max=113.0s
================================================================================
=== Finished training: backend=mpi, hook=ring_zfp_naive, status=0 at Thu May 21 12:58:23 PM UTC 2026 ===
=== Starting training: backend=mpi, hook=recursive_doubling_zfp_naive at Thu May 21 12:58:23 PM UTC 2026 ===

================================================================================
DISTRIBUTED TRAINING LAUNCHER
================================================================================
  Model:      wide_resnet50_2 (pretrained)
  Dataset:    cifar10 (10 classes)
  Backend:    mpi
  Algorithm:  recursive_doubling_zfp_naive
  Epochs:     20
  Batch/rank: 128
  LR:         0.001
================================================================================


================================================================================
Distributed Training: WIDE_RESNET50_2 on CIFAR10
Backend: MPI, Algorithm: recursive_doubling_zfp_naive
================================================================================
Ranks: 8, Epochs: 20, Batch/rank: 128, Effective batch: 1024
LR: 0.001, Device: cuda:0

[Setup] Model on cuda:0, wrapped in DDP (static_graph=True)
[Setup] Hook registered: mpi/recursive_doubling_zfp_naive

================================================================================
DISTRIBUTED TRAINING LAUNCHER
================================================================================
  Model:      wide_resnet50_2 (pretrained)
  Dataset:    cifar10 (10 classes)
  Backend:    mpi
  Algorithm:  recursive_doubling_zfp_naive
  Epochs:     20
  Batch/rank: 128
  LR:         0.001
================================================================================

[Data] Train batches: 49, Val batches: 10


[Epoch 1] Training... (lr=0.000001)

================================================================================
DISTRIBUTED TRAINING LAUNCHER
================================================================================
  Model:      wide_resnet50_2 (pretrained)
  Dataset:    cifar10 (10 classes)
  Backend:    mpi
  Algorithm:  recursive_doubling_zfp_naive
  Epochs:     20
  Batch/rank: 128
  LR:         0.001
================================================================================


================================================================================
DISTRIBUTED TRAINING LAUNCHER
================================================================================
  Model:      wide_resnet50_2 (pretrained)
  Dataset:    cifar10 (10 classes)
  Backend:    mpi
  Algorithm:  recursive_doubling_zfp_naive
  Epochs:     20
  Batch/rank: 128
  LR:         0.001
================================================================================


================================================================================
DISTRIBUTED TRAINING LAUNCHER
================================================================================
  Model:      wide_resnet50_2 (pretrained)
  Dataset:    cifar10 (10 classes)
  Backend:    mpi
  Algorithm:  recursive_doubling_zfp_naive
  Epochs:     20
  Batch/rank: 128
  LR:         0.001
================================================================================


================================================================================
DISTRIBUTED TRAINING LAUNCHER
================================================================================
  Model:      wide_resnet50_2 (pretrained)
  Dataset:    cifar10 (10 classes)
  Backend:    mpi
  Algorithm:  recursive_doubling_zfp_naive
  Epochs:     20
  Batch/rank: 128
  LR:         0.001
================================================================================


================================================================================
DISTRIBUTED TRAINING LAUNCHER
================================================================================
  Model:      wide_resnet50_2 (pretrained)
  Dataset:    cifar10 (10 classes)
  Backend:    mpi
  Algorithm:  recursive_doubling_zfp_naive
  Epochs:     20
  Batch/rank: 128
  LR:         0.001
================================================================================


================================================================================
DISTRIBUTED TRAINING LAUNCHER
================================================================================
  Model:      wide_resnet50_2 (pretrained)
  Dataset:    cifar10 (10 classes)
  Backend:    mpi
  Algorithm:  recursive_doubling_zfp_naive
  Epochs:     20
  Batch/rank: 128
  LR:         0.001
================================================================================

[Epoch 1] Train Loss: 2.3677, Acc: 9.97%  |  Val Loss: 2.5390, Acc: 10.88%  |  Time: 4.7s
  -> Best model saved (10.88%)

[Epoch 2] Training... (lr=0.001000)
[Epoch 2] Train Loss: 2.2600, Acc: 17.47%  |  Val Loss: 5.3850, Acc: 25.92%  |  Time: 3.3s
  -> Best model saved (25.92%)

[Epoch 3] Training... (lr=0.000993)
[Epoch 3] Train Loss: 2.0615, Acc: 28.96%  |  Val Loss: 2.0849, Acc: 38.08%  |  Time: 3.3s
  -> Best model saved (38.08%)

[Epoch 4] Training... (lr=0.000973)
[Epoch 4] Train Loss: 1.8526, Acc: 37.55%  |  Val Loss: 1.9435, Acc: 43.92%  |  Time: 3.3s
  -> Best model saved (43.92%)

[Epoch 5] Training... (lr=0.000940)
[Epoch 5] Train Loss: 1.6697, Acc: 44.21%  |  Val Loss: 1.5988, Acc: 49.60%  |  Time: 3.3s
  -> Best model saved (49.60%)

[Epoch 6] Training... (lr=0.000895)
[Epoch 6] Train Loss: 1.5445, Acc: 47.66%  |  Val Loss: 1.4892, Acc: 53.36%  |  Time: 3.3s
  -> Best model saved (53.36%)

[Epoch 7] Training... (lr=0.000839)
[Epoch 7] Train Loss: 1.4063, Acc: 52.32%  |  Val Loss: 1.4228, Acc: 57.44%  |  Time: 3.3s
  -> Best model saved (57.44%)

[Epoch 8] Training... (lr=0.000773)
[Epoch 8] Train Loss: 1.3355, Acc: 54.21%  |  Val Loss: 1.3031, Acc: 58.40%  |  Time: 3.3s
  -> Best model saved (58.40%)

[Epoch 9] Training... (lr=0.000701)
[Epoch 9] Train Loss: 1.2252, Acc: 57.73%  |  Val Loss: 1.2081, Acc: 60.08%  |  Time: 3.3s
  -> Best model saved (60.08%)

[Epoch 10] Training... (lr=0.000623)
[Epoch 10] Train Loss: 1.1764, Acc: 59.02%  |  Val Loss: 1.1888, Acc: 61.84%  |  Time: 3.3s
  -> Best model saved (61.84%)

[Epoch 11] Training... (lr=0.000541)
[Epoch 11] Train Loss: 1.1342, Acc: 60.50%  |  Val Loss: 1.1226, Acc: 62.48%  |  Time: 3.3s
  -> Best model saved (62.48%)

[Epoch 12] Training... (lr=0.000459)
[Epoch 12] Train Loss: 1.0994, Acc: 62.46%  |  Val Loss: 1.1074, Acc: 64.24%  |  Time: 3.3s
  -> Best model saved (64.24%)

[Epoch 13] Training... (lr=0.000377)
[Epoch 13] Train Loss: 1.0708, Acc: 62.98%  |  Val Loss: 1.0822, Acc: 64.64%  |  Time: 3.2s
  -> Best model saved (64.64%)

[Epoch 14] Training... (lr=0.000299)
[Epoch 14] Train Loss: 1.0839, Acc: 61.57%  |  Val Loss: 1.0570, Acc: 64.40%  |  Time: 3.3s

[Epoch 15] Training... (lr=0.000227)
[Epoch 15] Train Loss: 1.0521, Acc: 63.63%  |  Val Loss: 1.0432, Acc: 64.64%  |  Time: 3.3s

[Epoch 16] Training... (lr=0.000161)
[Epoch 16] Train Loss: 1.0323, Acc: 64.37%  |  Val Loss: 1.0474, Acc: 65.04%  |  Time: 3.3s
  -> Best model saved (65.04%)

[Epoch 17] Training... (lr=0.000105)
[Epoch 17] Train Loss: 1.0520, Acc: 64.06%  |  Val Loss: 1.0237, Acc: 65.28%  |  Time: 3.3s
  -> Best model saved (65.28%)

[Epoch 18] Training... (lr=0.000060)
[Epoch 18] Train Loss: 1.0351, Acc: 63.74%  |  Val Loss: 1.0399, Acc: 66.24%  |  Time: 3.3s
  -> Best model saved (66.24%)

[Epoch 19] Training... (lr=0.000027)
[Epoch 19] Train Loss: 1.0120, Acc: 65.07%  |  Val Loss: 1.0231, Acc: 65.52%  |  Time: 3.3s

[Epoch 20] Training... (lr=0.000007)
[Epoch 20] Train Loss: 1.0257, Acc: 65.01%  |  Val Loss: 1.0572, Acc: 65.52%  |  Time: 3.3s

================================================================================
Done in 81.4s | Best val acc: 66.24%
Epoch times: mean=3.4s  min=3.2s  max=4.7s
================================================================================
=== Finished training: backend=mpi, hook=recursive_doubling_zfp_naive, status=0 at Thu May 21 12:59:53 PM UTC 2026 ===
=== Starting training: backend=mpi, hook=ring_zfp_online_coll at Thu May 21 12:59:53 PM UTC 2026 ===

================================================================================
DISTRIBUTED TRAINING LAUNCHER
================================================================================
  Model:      wide_resnet50_2 (pretrained)
  Dataset:    cifar10 (10 classes)
  Backend:    mpi
  Algorithm:  ring_zfp_online_coll
  Epochs:     20
  Batch/rank: 128
  LR:         0.001
================================================================================


================================================================================
Distributed Training: WIDE_RESNET50_2 on CIFAR10
Backend: MPI, Algorithm: ring_zfp_online_coll
================================================================================
Ranks: 8, Epochs: 20, Batch/rank: 128, Effective batch: 1024
LR: 0.001, Device: cuda:0

[Setup] Model on cuda:0, wrapped in DDP (static_graph=True)
[Setup] Hook registered: mpi/ring_zfp_online_coll

================================================================================
DISTRIBUTED TRAINING LAUNCHER
================================================================================
  Model:      wide_resnet50_2 (pretrained)
  Dataset:    cifar10 (10 classes)
  Backend:    mpi
  Algorithm:  ring_zfp_online_coll
  Epochs:     20
  Batch/rank: 128
  LR:         0.001
================================================================================


================================================================================
DISTRIBUTED TRAINING LAUNCHER
================================================================================
  Model:      wide_resnet50_2 (pretrained)
  Dataset:    cifar10 (10 classes)
  Backend:    mpi
  Algorithm:  ring_zfp_online_coll
  Epochs:     20
  Batch/rank: 128
  LR:         0.001
================================================================================


================================================================================
DISTRIBUTED TRAINING LAUNCHER
================================================================================
  Model:      wide_resnet50_2 (pretrained)
  Dataset:    cifar10 (10 classes)
  Backend:    mpi
  Algorithm:  ring_zfp_online_coll
  Epochs:     20
  Batch/rank: 128
  LR:         0.001
================================================================================


================================================================================
DISTRIBUTED TRAINING LAUNCHER
================================================================================
  Model:      wide_resnet50_2 (pretrained)
  Dataset:    cifar10 (10 classes)
  Backend:    mpi
  Algorithm:  ring_zfp_online_coll
  Epochs:     20
  Batch/rank: 128
  LR:         0.001
================================================================================


================================================================================
DISTRIBUTED TRAINING LAUNCHER
================================================================================
  Model:      wide_resnet50_2 (pretrained)
  Dataset:    cifar10 (10 classes)
  Backend:    mpi
  Algorithm:  ring_zfp_online_coll
  Epochs:     20
  Batch/rank: 128
  LR:         0.001
================================================================================


================================================================================
DISTRIBUTED TRAINING LAUNCHER
================================================================================
  Model:      wide_resnet50_2 (pretrained)
  Dataset:    cifar10 (10 classes)
  Backend:    mpi
  Algorithm:  ring_zfp_online_coll
  Epochs:     20
  Batch/rank: 128
  LR:         0.001
================================================================================


================================================================================
DISTRIBUTED TRAINING LAUNCHER
================================================================================
  Model:      wide_resnet50_2 (pretrained)
  Dataset:    cifar10 (10 classes)
  Backend:    mpi
  Algorithm:  ring_zfp_online_coll
  Epochs:     20
  Batch/rank: 128
  LR:         0.001
================================================================================

[Data] Train batches: 49, Val batches: 10


[Epoch 1] Training... (lr=0.000001)
[Epoch 1] Train Loss: 2.3676, Acc: 10.00%  |  Val Loss: 2.5393, Acc: 10.80%  |  Time: 5.0s
  -> Best model saved (10.80%)

[Epoch 2] Training... (lr=0.001000)
[Epoch 2] Train Loss: 2.2592, Acc: 16.80%  |  Val Loss: 7.5576, Acc: 25.04%  |  Time: 3.7s
  -> Best model saved (25.04%)

[Epoch 3] Training... (lr=0.000993)
[Epoch 3] Train Loss: 2.0712, Acc: 29.15%  |  Val Loss: 2.1811, Acc: 37.44%  |  Time: 3.7s
  -> Best model saved (37.44%)

[Epoch 4] Training... (lr=0.000973)
[Epoch 4] Train Loss: 1.8585, Acc: 37.70%  |  Val Loss: 1.9270, Acc: 44.00%  |  Time: 3.7s
  -> Best model saved (44.00%)

[Epoch 5] Training... (lr=0.000940)
[Epoch 5] Train Loss: 1.6783, Acc: 44.00%  |  Val Loss: 1.6055, Acc: 49.44%  |  Time: 3.7s
  -> Best model saved (49.44%)

[Epoch 6] Training... (lr=0.000895)
[Epoch 6] Train Loss: 1.5426, Acc: 47.74%  |  Val Loss: 1.5141, Acc: 54.00%  |  Time: 3.6s
  -> Best model saved (54.00%)

[Epoch 7] Training... (lr=0.000839)
[Epoch 7] Train Loss: 1.3999, Acc: 52.56%  |  Val Loss: 1.3567, Acc: 56.00%  |  Time: 3.7s
  -> Best model saved (56.00%)

[Epoch 8] Training... (lr=0.000773)
[Epoch 8] Train Loss: 1.3353, Acc: 53.73%  |  Val Loss: 1.2536, Acc: 57.76%  |  Time: 3.7s
  -> Best model saved (57.76%)

[Epoch 9] Training... (lr=0.000701)
[Epoch 9] Train Loss: 1.2251, Acc: 57.68%  |  Val Loss: 1.1900, Acc: 59.52%  |  Time: 3.7s
  -> Best model saved (59.52%)

[Epoch 10] Training... (lr=0.000623)
[Epoch 10] Train Loss: 1.1728, Acc: 58.96%  |  Val Loss: 1.1531, Acc: 61.76%  |  Time: 3.7s
  -> Best model saved (61.76%)

[Epoch 11] Training... (lr=0.000541)
[Epoch 11] Train Loss: 1.1292, Acc: 60.64%  |  Val Loss: 1.1133, Acc: 62.56%  |  Time: 3.7s
  -> Best model saved (62.56%)

[Epoch 12] Training... (lr=0.000459)
[Epoch 12] Train Loss: 1.0955, Acc: 62.37%  |  Val Loss: 1.0824, Acc: 63.76%  |  Time: 3.6s
  -> Best model saved (63.76%)

[Epoch 13] Training... (lr=0.000377)
[Epoch 13] Train Loss: 1.0647, Acc: 62.96%  |  Val Loss: 1.0660, Acc: 63.28%  |  Time: 3.6s

[Epoch 14] Training... (lr=0.000299)
[Epoch 14] Train Loss: 1.0713, Acc: 62.10%  |  Val Loss: 1.0286, Acc: 65.12%  |  Time: 3.6s
  -> Best model saved (65.12%)

[Epoch 15] Training... (lr=0.000227)
[Epoch 15] Train Loss: 1.0466, Acc: 63.54%  |  Val Loss: 1.0229, Acc: 64.96%  |  Time: 3.6s

[Epoch 16] Training... (lr=0.000161)
[Epoch 16] Train Loss: 1.0248, Acc: 64.58%  |  Val Loss: 1.0286, Acc: 64.80%  |  Time: 3.7s

[Epoch 17] Training... (lr=0.000105)
[Epoch 17] Train Loss: 1.0480, Acc: 64.24%  |  Val Loss: 1.0066, Acc: 66.40%  |  Time: 3.7s
  -> Best model saved (66.40%)

[Epoch 18] Training... (lr=0.000060)
[Epoch 18] Train Loss: 1.0272, Acc: 64.22%  |  Val Loss: 1.0091, Acc: 66.24%  |  Time: 3.7s

[Epoch 19] Training... (lr=0.000027)
[Epoch 19] Train Loss: 1.0089, Acc: 65.57%  |  Val Loss: 1.0124, Acc: 66.16%  |  Time: 3.7s

[Epoch 20] Training... (lr=0.000007)
[Epoch 20] Train Loss: 1.0221, Acc: 64.96%  |  Val Loss: 1.0329, Acc: 65.20%  |  Time: 3.7s

================================================================================
Done in 86.7s | Best val acc: 66.40%
Epoch times: mean=3.7s  min=3.6s  max=5.0s
================================================================================
=== Finished training: backend=mpi, hook=ring_zfp_online_coll, status=0 at Thu May 21 01:01:29 PM UTC 2026 ===
=== Starting training: backend=mpi, hook=recursive_doubling_zfp_online_coll at Thu May 21 01:01:29 PM UTC 2026 ===

================================================================================
DISTRIBUTED TRAINING LAUNCHER
================================================================================
  Model:      wide_resnet50_2 (pretrained)
  Dataset:    cifar10 (10 classes)
  Backend:    mpi
  Algorithm:  recursive_doubling_zfp_online_coll
  Epochs:     20
  Batch/rank: 128
  LR:         0.001
================================================================================


================================================================================
Distributed Training: WIDE_RESNET50_2 on CIFAR10
Backend: MPI, Algorithm: recursive_doubling_zfp_online_coll
================================================================================
Ranks: 8, Epochs: 20, Batch/rank: 128, Effective batch: 1024
LR: 0.001, Device: cuda:0

[Setup] Model on cuda:0, wrapped in DDP (static_graph=True)
[Setup] Hook registered: mpi/recursive_doubling_zfp_online_coll

================================================================================
DISTRIBUTED TRAINING LAUNCHER
================================================================================
  Model:      wide_resnet50_2 (pretrained)
  Dataset:    cifar10 (10 classes)
  Backend:    mpi
  Algorithm:  recursive_doubling_zfp_online_coll
  Epochs:     20
  Batch/rank: 128
  LR:         0.001
================================================================================


================================================================================
DISTRIBUTED TRAINING LAUNCHER
================================================================================
  Model:      wide_resnet50_2 (pretrained)
  Dataset:    cifar10 (10 classes)
  Backend:    mpi
  Algorithm:  recursive_doubling_zfp_online_coll
  Epochs:     20
  Batch/rank: 128
  LR:         0.001
================================================================================


================================================================================
DISTRIBUTED TRAINING LAUNCHER
================================================================================
  Model:      wide_resnet50_2 (pretrained)
  Dataset:    cifar10 (10 classes)
  Backend:    mpi
  Algorithm:  recursive_doubling_zfp_online_coll
  Epochs:     20
  Batch/rank: 128
  LR:         0.001
================================================================================


================================================================================
DISTRIBUTED TRAINING LAUNCHER
================================================================================
  Model:      wide_resnet50_2 (pretrained)
  Dataset:    cifar10 (10 classes)
  Backend:    mpi
  Algorithm:  recursive_doubling_zfp_online_coll
  Epochs:     20
  Batch/rank: 128
  LR:         0.001
================================================================================


================================================================================
DISTRIBUTED TRAINING LAUNCHER
================================================================================
  Model:      wide_resnet50_2 (pretrained)
  Dataset:    cifar10 (10 classes)
  Backend:    mpi
  Algorithm:  recursive_doubling_zfp_online_coll
  Epochs:     20
  Batch/rank: 128
  LR:         0.001
================================================================================

[Data] Train batches: 49, Val batches: 10


================================================================================
DISTRIBUTED TRAINING LAUNCHER
================================================================================
  Model:      wide_resnet50_2 (pretrained)
  Dataset:    cifar10 (10 classes)
  Backend:    mpi
  Algorithm:  recursive_doubling_zfp_online_coll
  Epochs:     20
  Batch/rank: 128
  LR:         0.001
================================================================================


[Epoch 1] Training... (lr=0.000001)

================================================================================
DISTRIBUTED TRAINING LAUNCHER
================================================================================
  Model:      wide_resnet50_2 (pretrained)
  Dataset:    cifar10 (10 classes)
  Backend:    mpi
  Algorithm:  recursive_doubling_zfp_online_coll
  Epochs:     20
  Batch/rank: 128
  LR:         0.001
================================================================================

[Epoch 1] Train Loss: 2.3677, Acc: 10.03%  |  Val Loss: 2.5395, Acc: 10.80%  |  Time: 4.6s
  -> Best model saved (10.80%)

[Epoch 2] Training... (lr=0.001000)
[Epoch 2] Train Loss: 2.2608, Acc: 16.72%  |  Val Loss: 3.4728, Acc: 25.52%  |  Time: 3.3s
  -> Best model saved (25.52%)

[Epoch 3] Training... (lr=0.000993)
[Epoch 3] Train Loss: 2.0560, Acc: 29.12%  |  Val Loss: 1.9828, Acc: 37.52%  |  Time: 3.2s
  -> Best model saved (37.52%)

[Epoch 4] Training... (lr=0.000973)
[Epoch 4] Train Loss: 1.8428, Acc: 38.24%  |  Val Loss: 1.7786, Acc: 43.60%  |  Time: 3.2s
  -> Best model saved (43.60%)

[Epoch 5] Training... (lr=0.000940)
[Epoch 5] Train Loss: 1.6634, Acc: 44.45%  |  Val Loss: 1.5882, Acc: 50.00%  |  Time: 3.2s
  -> Best model saved (50.00%)

[Epoch 6] Training... (lr=0.000895)
[Epoch 6] Train Loss: 1.5429, Acc: 47.84%  |  Val Loss: 1.4569, Acc: 53.44%  |  Time: 3.2s
  -> Best model saved (53.44%)

[Epoch 7] Training... (lr=0.000839)
[Epoch 7] Train Loss: 1.3995, Acc: 52.45%  |  Val Loss: 1.3769, Acc: 57.04%  |  Time: 3.2s
  -> Best model saved (57.04%)

[Epoch 8] Training... (lr=0.000773)
[Epoch 8] Train Loss: 1.3366, Acc: 54.05%  |  Val Loss: 1.3002, Acc: 58.56%  |  Time: 3.2s
  -> Best model saved (58.56%)

[Epoch 9] Training... (lr=0.000701)
[Epoch 9] Train Loss: 1.2242, Acc: 57.94%  |  Val Loss: 1.2103, Acc: 59.84%  |  Time: 3.2s
  -> Best model saved (59.84%)

[Epoch 10] Training... (lr=0.000623)
[Epoch 10] Train Loss: 1.1804, Acc: 58.46%  |  Val Loss: 1.1764, Acc: 61.68%  |  Time: 3.2s
  -> Best model saved (61.68%)

[Epoch 11] Training... (lr=0.000541)
[Epoch 11] Train Loss: 1.1379, Acc: 60.10%  |  Val Loss: 1.1139, Acc: 62.40%  |  Time: 3.2s
  -> Best model saved (62.40%)

[Epoch 12] Training... (lr=0.000459)
[Epoch 12] Train Loss: 1.1018, Acc: 62.54%  |  Val Loss: 1.1027, Acc: 63.76%  |  Time: 3.2s
  -> Best model saved (63.76%)

[Epoch 13] Training... (lr=0.000377)
[Epoch 13] Train Loss: 1.0732, Acc: 62.77%  |  Val Loss: 1.0768, Acc: 64.48%  |  Time: 3.2s
  -> Best model saved (64.48%)

[Epoch 14] Training... (lr=0.000299)
[Epoch 14] Train Loss: 1.0864, Acc: 61.73%  |  Val Loss: 1.0480, Acc: 65.68%  |  Time: 3.2s
  -> Best model saved (65.68%)

[Epoch 15] Training... (lr=0.000227)
[Epoch 15] Train Loss: 1.0547, Acc: 63.97%  |  Val Loss: 1.0366, Acc: 65.20%  |  Time: 3.2s

[Epoch 16] Training... (lr=0.000161)
[Epoch 16] Train Loss: 1.0345, Acc: 63.86%  |  Val Loss: 1.0376, Acc: 65.60%  |  Time: 3.2s

[Epoch 17] Training... (lr=0.000105)
[Epoch 17] Train Loss: 1.0519, Acc: 63.78%  |  Val Loss: 1.0153, Acc: 65.60%  |  Time: 3.3s

[Epoch 18] Training... (lr=0.000060)
[Epoch 18] Train Loss: 1.0392, Acc: 63.17%  |  Val Loss: 1.0232, Acc: 66.24%  |  Time: 3.3s
  -> Best model saved (66.24%)

[Epoch 19] Training... (lr=0.000027)
[Epoch 19] Train Loss: 1.0162, Acc: 64.78%  |  Val Loss: 1.0137, Acc: 66.08%  |  Time: 3.2s

[Epoch 20] Training... (lr=0.000007)
[Epoch 20] Train Loss: 1.0298, Acc: 64.88%  |  Val Loss: 1.0398, Acc: 65.04%  |  Time: 3.3s

================================================================================
Done in 79.1s | Best val acc: 66.24%
Epoch times: mean=3.3s  min=3.2s  max=4.6s
================================================================================
=== Finished training: backend=mpi, hook=recursive_doubling_zfp_online_coll, status=0 at Thu May 21 01:02:57 PM UTC 2026 ===
=== Starting training: backend=mpi, hook=None at Thu May 21 01:02:57 PM UTC 2026 ===

================================================================================
DISTRIBUTED TRAINING LAUNCHER
================================================================================
  Model:      wide_resnet50_2 (pretrained)
  Dataset:    cifar10 (10 classes)
  Backend:    mpi
  Algorithm:  built-in (no hook)
  Epochs:     20
  Batch/rank: 128
  LR:         0.001
================================================================================


================================================================================
Distributed Training: WIDE_RESNET50_2 on CIFAR10
Backend: MPI, Algorithm: built-in (no hook)
================================================================================
Ranks: 8, Epochs: 20, Batch/rank: 128, Effective batch: 1024
LR: 0.001, Device: cuda:0

[Setup] Model on cuda:0, wrapped in DDP (static_graph=True)
[Setup] No hook — using DDP built-in MPI allreduce

================================================================================
DISTRIBUTED TRAINING LAUNCHER
================================================================================
  Model:      wide_resnet50_2 (pretrained)
  Dataset:    cifar10 (10 classes)
  Backend:    mpi
  Algorithm:  built-in (no hook)
  Epochs:     20
  Batch/rank: 128
  LR:         0.001
================================================================================


================================================================================
DISTRIBUTED TRAINING LAUNCHER
================================================================================
  Model:      wide_resnet50_2 (pretrained)
  Dataset:    cifar10 (10 classes)
  Backend:    mpi
  Algorithm:  built-in (no hook)
  Epochs:     20
  Batch/rank: 128
  LR:         0.001
================================================================================


================================================================================
DISTRIBUTED TRAINING LAUNCHER
================================================================================
  Model:      wide_resnet50_2 (pretrained)
  Dataset:    cifar10 (10 classes)
  Backend:    mpi
  Algorithm:  built-in (no hook)
  Epochs:     20
  Batch/rank: 128
  LR:         0.001
================================================================================


================================================================================
DISTRIBUTED TRAINING LAUNCHER
================================================================================
  Model:      wide_resnet50_2 (pretrained)
  Dataset:    cifar10 (10 classes)
  Backend:    mpi
  Algorithm:  built-in (no hook)
  Epochs:     20
  Batch/rank: 128
  LR:         0.001
================================================================================


================================================================================
DISTRIBUTED TRAINING LAUNCHER
================================================================================
  Model:      wide_resnet50_2 (pretrained)
  Dataset:    cifar10 (10 classes)
  Backend:    mpi
  Algorithm:  built-in (no hook)
  Epochs:     20
  Batch/rank: 128
  LR:         0.001
================================================================================

[Data] Train batches: 49, Val batches: 10


[Epoch 1] Training... (lr=0.000001)

================================================================================
DISTRIBUTED TRAINING LAUNCHER
================================================================================
  Model:      wide_resnet50_2 (pretrained)
  Dataset:    cifar10 (10 classes)
  Backend:    mpi
  Algorithm:  built-in (no hook)
  Epochs:     20
  Batch/rank: 128
  LR:         0.001
================================================================================


================================================================================
DISTRIBUTED TRAINING LAUNCHER
================================================================================
  Model:      wide_resnet50_2 (pretrained)
  Dataset:    cifar10 (10 classes)
  Backend:    mpi
  Algorithm:  built-in (no hook)
  Epochs:     20
  Batch/rank: 128
  LR:         0.001
================================================================================

[Epoch 1] Train Loss: 2.3677, Acc: 10.02%  |  Val Loss: 2.5392, Acc: 11.04%  |  Time: 4.0s
  -> Best model saved (11.04%)

[Epoch 2] Training... (lr=0.001000)
[Epoch 2] Train Loss: 2.2599, Acc: 17.26%  |  Val Loss: 3.7116, Acc: 26.16%  |  Time: 2.6s
  -> Best model saved (26.16%)

[Epoch 3] Training... (lr=0.000993)
[Epoch 3] Train Loss: 2.0631, Acc: 28.96%  |  Val Loss: 2.0563, Acc: 37.52%  |  Time: 2.5s
  -> Best model saved (37.52%)

[Epoch 4] Training... (lr=0.000973)
[Epoch 4] Train Loss: 1.8490, Acc: 37.92%  |  Val Loss: 1.8312, Acc: 44.24%  |  Time: 2.6s
  -> Best model saved (44.24%)

[Epoch 5] Training... (lr=0.000940)
[Epoch 5] Train Loss: 1.6739, Acc: 44.43%  |  Val Loss: 1.5894, Acc: 50.16%  |  Time: 2.5s
  -> Best model saved (50.16%)

[Epoch 6] Training... (lr=0.000895)
[Epoch 6] Train Loss: 1.5515, Acc: 47.47%  |  Val Loss: 1.4816, Acc: 52.72%  |  Time: 2.5s
  -> Best model saved (52.72%)

[Epoch 7] Training... (lr=0.000839)
[Epoch 7] Train Loss: 1.4097, Acc: 51.74%  |  Val Loss: 1.4030, Acc: 55.52%  |  Time: 2.6s
  -> Best model saved (55.52%)

[Epoch 8] Training... (lr=0.000773)
[Epoch 8] Train Loss: 1.3483, Acc: 53.98%  |  Val Loss: 1.3420, Acc: 57.60%  |  Time: 2.5s
  -> Best model saved (57.60%)

[Epoch 9] Training... (lr=0.000701)
[Epoch 9] Train Loss: 1.2410, Acc: 57.18%  |  Val Loss: 1.2182, Acc: 59.44%  |  Time: 2.6s
  -> Best model saved (59.44%)

[Epoch 10] Training... (lr=0.000623)
[Epoch 10] Train Loss: 1.1920, Acc: 58.26%  |  Val Loss: 1.1982, Acc: 60.24%  |  Time: 2.5s
  -> Best model saved (60.24%)

[Epoch 11] Training... (lr=0.000541)
[Epoch 11] Train Loss: 1.1470, Acc: 59.73%  |  Val Loss: 1.1368, Acc: 61.60%  |  Time: 2.5s
  -> Best model saved (61.60%)

[Epoch 12] Training... (lr=0.000459)
[Epoch 12] Train Loss: 1.1133, Acc: 61.36%  |  Val Loss: 1.1207, Acc: 63.20%  |  Time: 2.6s
  -> Best model saved (63.20%)

[Epoch 13] Training... (lr=0.000377)
[Epoch 13] Train Loss: 1.0826, Acc: 62.18%  |  Val Loss: 1.1001, Acc: 63.68%  |  Time: 2.5s
  -> Best model saved (63.68%)

[Epoch 14] Training... (lr=0.000299)
[Epoch 14] Train Loss: 1.0959, Acc: 61.39%  |  Val Loss: 1.0708, Acc: 64.48%  |  Time: 2.6s
  -> Best model saved (64.48%)

[Epoch 15] Training... (lr=0.000227)
[Epoch 15] Train Loss: 1.0607, Acc: 63.41%  |  Val Loss: 1.0636, Acc: 64.40%  |  Time: 2.5s

[Epoch 16] Training... (lr=0.000161)
[Epoch 16] Train Loss: 1.0430, Acc: 64.18%  |  Val Loss: 1.0550, Acc: 64.88%  |  Time: 2.6s
  -> Best model saved (64.88%)

[Epoch 17] Training... (lr=0.000105)
[Epoch 17] Train Loss: 1.0566, Acc: 63.36%  |  Val Loss: 1.0486, Acc: 65.44%  |  Time: 2.5s
  -> Best model saved (65.44%)

[Epoch 18] Training... (lr=0.000060)
[Epoch 18] Train Loss: 1.0452, Acc: 63.46%  |  Val Loss: 1.0575, Acc: 65.76%  |  Time: 2.6s
  -> Best model saved (65.76%)

[Epoch 19] Training... (lr=0.000027)
[Epoch 19] Train Loss: 1.0182, Acc: 64.82%  |  Val Loss: 1.0363, Acc: 64.48%  |  Time: 2.5s

[Epoch 20] Training... (lr=0.000007)
[Epoch 20] Train Loss: 1.0384, Acc: 63.90%  |  Val Loss: 1.0790, Acc: 65.28%  |  Time: 2.6s

================================================================================
Done in 67.4s | Best val acc: 65.76%
Epoch times: mean=2.6s  min=2.5s  max=4.0s
================================================================================
=== Finished training: backend=mpi, hook=None, status=0 at Thu May 21 01:04:14 PM UTC 2026 ===
=== Job finished: Thu May 21 01:04:14 PM UTC 2026 ===
