=== Job started: Fri May 22 03:46:52 PM UTC 2026 ===
=== Node: x3004c0s37b0n0 ===

The following have been reloaded with a version change:
  1) gcc-native/14 => gcc-native/13


The following have been reloaded with a version change:
  1) gcc-native/13 => gcc-native/14.2

[INFO] GTL preloaded: /opt/cray/pe/mpich/9.0.1/ofi/nvidia/23.3/lib/libmpi_gtl_cuda.so
=============================================
  Polaris DDP + Eagle PyTorch + Cray MPICH
=============================================
Node              : x3004c0s37b0n0
ZFP_HOME          : /home/mrest/mpiAllReduceCompressed/zfp-install
GTL               : /opt/cray/pe/mpich/9.0.1/ofi/nvidia/23.3/lib/libmpi_gtl_cuda.so
MPICH_GPU_SUPPORT : 1

PyTorch version   : 2.8.0a0+gitba56102
PyTorch location  : /lus/eagle/projects/UIC-HPC/mrest/pytorch_mpi_build/src/pytorch/torch/__init__.py
CUDA available    : True 4
MPI available     : True
mpi4py            : MPI VERSION    : CRAY MPICH version 9.0.1.498 (ANL base 4.1.2)
mpi4py rank test  : rank 0 OK
=============================================
=== Starting training: backend=mpi, hook=recursive_doubling, zfp_rate=none at Fri May 22 03:47:25 PM UTC 2026 ===

================================================================================
DISTRIBUTED TRAINING LAUNCHER
================================================================================
  Model:      wide_resnet50_2 (pretrained)
  Dataset:    cifar10 (10 classes)
  Backend:    mpi
  Algorithm:  recursive_doubling
  Epochs:     20
  Batch/rank: 128
  LR:         0.001
================================================================================


================================================================================
Distributed Training: WIDE_RESNET50_2 on CIFAR10
Backend: MPI, Algorithm: recursive_doubling
================================================================================
Ranks: 16, Epochs: 20, Batch/rank: 128, Effective batch: 2048
LR: 0.001, Device: cuda:0

[Setup] Model on cuda:0, wrapped in DDP (static_graph=True)
[Setup] Hook registered: mpi/recursive_doubling
[Data] Train batches: 24, Val batches: 5


[Epoch 1] Training... (lr=0.000001)

================================================================================
DISTRIBUTED TRAINING LAUNCHER
================================================================================
  Model:      wide_resnet50_2 (pretrained)
  Dataset:    cifar10 (10 classes)
  Backend:    mpi
  Algorithm:  recursive_doubling
  Epochs:     20
  Batch/rank: 128
  LR:         0.001
================================================================================


================================================================================
DISTRIBUTED TRAINING LAUNCHER
================================================================================
  Model:      wide_resnet50_2 (pretrained)
  Dataset:    cifar10 (10 classes)
  Backend:    mpi
  Algorithm:  recursive_doubling
  Epochs:     20
  Batch/rank: 128
  LR:         0.001
================================================================================


================================================================================
DISTRIBUTED TRAINING LAUNCHER
================================================================================
  Model:      wide_resnet50_2 (pretrained)
  Dataset:    cifar10 (10 classes)
  Backend:    mpi
  Algorithm:  recursive_doubling
  Epochs:     20
  Batch/rank: 128
  LR:         0.001
================================================================================


================================================================================
DISTRIBUTED TRAINING LAUNCHER
================================================================================
  Model:      wide_resnet50_2 (pretrained)
  Dataset:    cifar10 (10 classes)
  Backend:    mpi
  Algorithm:  recursive_doubling
  Epochs:     20
  Batch/rank: 128
  LR:         0.001
================================================================================


================================================================================
DISTRIBUTED TRAINING LAUNCHER
================================================================================
  Model:      wide_resnet50_2 (pretrained)
  Dataset:    cifar10 (10 classes)
  Backend:    mpi
  Algorithm:  recursive_doubling
  Epochs:     20
  Batch/rank: 128
  LR:         0.001
================================================================================


================================================================================
DISTRIBUTED TRAINING LAUNCHER
================================================================================
  Model:      wide_resnet50_2 (pretrained)
  Dataset:    cifar10 (10 classes)
  Backend:    mpi
  Algorithm:  recursive_doubling
  Epochs:     20
  Batch/rank: 128
  LR:         0.001
================================================================================


================================================================================
DISTRIBUTED TRAINING LAUNCHER
================================================================================
  Model:      wide_resnet50_2 (pretrained)
  Dataset:    cifar10 (10 classes)
  Backend:    mpi
  Algorithm:  recursive_doubling
  Epochs:     20
  Batch/rank: 128
  LR:         0.001
================================================================================


================================================================================
DISTRIBUTED TRAINING LAUNCHER
================================================================================
  Model:      wide_resnet50_2 (pretrained)
  Dataset:    cifar10 (10 classes)
  Backend:    mpi
  Algorithm:  recursive_doubling
  Epochs:     20
  Batch/rank: 128
  LR:         0.001
================================================================================


================================================================================
DISTRIBUTED TRAINING LAUNCHER
================================================================================
  Model:      wide_resnet50_2 (pretrained)
  Dataset:    cifar10 (10 classes)
  Backend:    mpi
  Algorithm:  recursive_doubling
  Epochs:     20
  Batch/rank: 128
  LR:         0.001
================================================================================


================================================================================
DISTRIBUTED TRAINING LAUNCHER
================================================================================
  Model:      wide_resnet50_2 (pretrained)
  Dataset:    cifar10 (10 classes)
  Backend:    mpi
  Algorithm:  recursive_doubling
  Epochs:     20
  Batch/rank: 128
  LR:         0.001
================================================================================


================================================================================
DISTRIBUTED TRAINING LAUNCHER
================================================================================
  Model:      wide_resnet50_2 (pretrained)
  Dataset:    cifar10 (10 classes)
  Backend:    mpi
  Algorithm:  recursive_doubling
  Epochs:     20
  Batch/rank: 128
  LR:         0.001
================================================================================


================================================================================
DISTRIBUTED TRAINING LAUNCHER
================================================================================
  Model:      wide_resnet50_2 (pretrained)
  Dataset:    cifar10 (10 classes)
  Backend:    mpi
  Algorithm:  recursive_doubling
  Epochs:     20
  Batch/rank: 128
  LR:         0.001
================================================================================


================================================================================
DISTRIBUTED TRAINING LAUNCHER
================================================================================
  Model:      wide_resnet50_2 (pretrained)
  Dataset:    cifar10 (10 classes)
  Backend:    mpi
  Algorithm:  recursive_doubling
  Epochs:     20
  Batch/rank: 128
  LR:         0.001
================================================================================


================================================================================
DISTRIBUTED TRAINING LAUNCHER
================================================================================
  Model:      wide_resnet50_2 (pretrained)
  Dataset:    cifar10 (10 classes)
  Backend:    mpi
  Algorithm:  recursive_doubling
  Epochs:     20
  Batch/rank: 128
  LR:         0.001
================================================================================


================================================================================
DISTRIBUTED TRAINING LAUNCHER
================================================================================
  Model:      wide_resnet50_2 (pretrained)
  Dataset:    cifar10 (10 classes)
  Backend:    mpi
  Algorithm:  recursive_doubling
  Epochs:     20
  Batch/rank: 128
  LR:         0.001
================================================================================

  Batch [5/24] Loss: 2.3619, Acc: 8.28%
  Batch [10/24] Loss: 2.3726, Acc: 9.69%
  Batch [15/24] Loss: 2.3633, Acc: 10.16%
  Batch [20/24] Loss: 2.3697, Acc: 9.77%
[Epoch 1] Train Loss: 2.3712, Acc: 9.54%  |  Val Loss: 2.4004, Acc: 9.28%  |  Time: 7.5s
  -> Best model saved (9.28%)
[Epoch 1] Summarizing hook timing...

[HOOK_TIMING_SUMMARY] epoch=1
[HOOK_WORK_SUMMARY] label=mpi:recursive_doubling calls=178 work_total_ms=3237.580 work_mean_ms=18.189 work_min_ms=4.894 work_max_ms=158.544
[HOOK_TAIL_SUMMARY] label=mpi:recursive_doubling steps=25 tail_total_ms=3050.148 tail_mean_ms=122.006 tail_min_ms=7.539 tail_max_ms=158.698
[Epoch 1] Hook timing summary done

[Epoch 2] Training... (lr=0.001000)
  Batch [5/24] Loss: 2.3711, Acc: 9.38%
  Batch [10/24] Loss: 2.3538, Acc: 10.31%
  Batch [15/24] Loss: 2.3349, Acc: 11.51%
  Batch [20/24] Loss: 2.3227, Acc: 11.91%
[Epoch 2] Train Loss: 2.3097, Acc: 12.60%  |  Val Loss: 2.2615, Acc: 18.72%  |  Time: 4.0s
  -> Best model saved (18.72%)
[Epoch 2] Summarizing hook timing...

[HOOK_TIMING_SUMMARY] epoch=2
[HOOK_WORK_SUMMARY] label=mpi:recursive_doubling calls=192 work_total_ms=3292.329 work_mean_ms=17.148 work_min_ms=5.043 work_max_ms=41.586
[HOOK_TAIL_SUMMARY] label=mpi:recursive_doubling steps=24 tail_total_ms=3082.146 tail_mean_ms=128.423 tail_min_ms=114.285 tail_max_ms=135.855
[Epoch 2] Hook timing summary done

[Epoch 3] Training... (lr=0.000993)
  Batch [5/24] Loss: 2.2464, Acc: 17.81%
  Batch [10/24] Loss: 2.2368, Acc: 18.36%
  Batch [15/24] Loss: 2.2334, Acc: 18.28%
  Batch [20/24] Loss: 2.2181, Acc: 18.79%
[Epoch 3] Train Loss: 2.2082, Acc: 19.53%  |  Val Loss: 2.2438, Acc: 25.28%  |  Time: 4.1s
  -> Best model saved (25.28%)
[Epoch 3] Summarizing hook timing...

[HOOK_TIMING_SUMMARY] epoch=3
[HOOK_WORK_SUMMARY] label=mpi:recursive_doubling calls=192 work_total_ms=3321.178 work_mean_ms=17.298 work_min_ms=6.448 work_max_ms=40.897
[HOOK_TAIL_SUMMARY] label=mpi:recursive_doubling steps=24 tail_total_ms=3112.501 tail_mean_ms=129.688 tail_min_ms=116.820 tail_max_ms=137.085
[Epoch 3] Hook timing summary done

[Epoch 4] Training... (lr=0.000973)
  Batch [5/24] Loss: 2.1434, Acc: 23.91%
  Batch [10/24] Loss: 2.1509, Acc: 23.52%
  Batch [15/24] Loss: 2.1468, Acc: 24.69%
  Batch [20/24] Loss: 2.1425, Acc: 25.20%
[Epoch 4] Train Loss: 2.1294, Acc: 26.20%  |  Val Loss: 2.1212, Acc: 30.88%  |  Time: 4.1s
  -> Best model saved (30.88%)
[Epoch 4] Summarizing hook timing...

[HOOK_TIMING_SUMMARY] epoch=4
[HOOK_WORK_SUMMARY] label=mpi:recursive_doubling calls=192 work_total_ms=3311.049 work_mean_ms=17.245 work_min_ms=6.487 work_max_ms=40.772
[HOOK_TAIL_SUMMARY] label=mpi:recursive_doubling steps=24 tail_total_ms=3095.739 tail_mean_ms=128.989 tail_min_ms=121.543 tail_max_ms=136.509
[Epoch 4] Hook timing summary done

[Epoch 5] Training... (lr=0.000940)
  Batch [5/24] Loss: 2.0701, Acc: 28.44%
  Batch [10/24] Loss: 2.0390, Acc: 29.84%
  Batch [15/24] Loss: 2.0393, Acc: 29.32%
  Batch [20/24] Loss: 2.0260, Acc: 30.51%
[Epoch 5] Train Loss: 2.0087, Acc: 31.18%  |  Val Loss: 2.0589, Acc: 36.80%  |  Time: 4.1s
  -> Best model saved (36.80%)
[Epoch 5] Summarizing hook timing...

[HOOK_TIMING_SUMMARY] epoch=5
[HOOK_WORK_SUMMARY] label=mpi:recursive_doubling calls=192 work_total_ms=3334.832 work_mean_ms=17.369 work_min_ms=6.730 work_max_ms=42.667
[HOOK_TAIL_SUMMARY] label=mpi:recursive_doubling steps=24 tail_total_ms=3120.372 tail_mean_ms=130.016 tail_min_ms=122.507 tail_max_ms=136.772
[Epoch 5] Hook timing summary done

[Epoch 6] Training... (lr=0.000895)
  Batch [5/24] Loss: 1.9839, Acc: 32.19%
  Batch [10/24] Loss: 1.9553, Acc: 33.98%
  Batch [15/24] Loss: 1.9314, Acc: 35.26%
  Batch [20/24] Loss: 1.9296, Acc: 35.08%
[Epoch 6] Train Loss: 1.9269, Acc: 35.51%  |  Val Loss: 1.8529, Acc: 39.52%  |  Time: 4.1s
  -> Best model saved (39.52%)
[Epoch 6] Summarizing hook timing...

[HOOK_TIMING_SUMMARY] epoch=6
[HOOK_WORK_SUMMARY] label=mpi:recursive_doubling calls=192 work_total_ms=3305.350 work_mean_ms=17.215 work_min_ms=6.803 work_max_ms=41.937
[HOOK_TAIL_SUMMARY] label=mpi:recursive_doubling steps=24 tail_total_ms=3094.066 tail_mean_ms=128.919 tail_min_ms=120.505 tail_max_ms=136.437
[Epoch 6] Hook timing summary done

[Epoch 7] Training... (lr=0.000839)
  Batch [5/24] Loss: 1.8676, Acc: 35.78%
  Batch [10/24] Loss: 1.8583, Acc: 36.72%
  Batch [15/24] Loss: 1.8557, Acc: 38.28%
  Batch [20/24] Loss: 1.8402, Acc: 38.91%
[Epoch 7] Train Loss: 1.8302, Acc: 39.13%  |  Val Loss: 1.7791, Acc: 43.20%  |  Time: 4.1s
  -> Best model saved (43.20%)
[Epoch 7] Summarizing hook timing...

[HOOK_TIMING_SUMMARY] epoch=7
[HOOK_WORK_SUMMARY] label=mpi:recursive_doubling calls=192 work_total_ms=3326.123 work_mean_ms=17.324 work_min_ms=6.353 work_max_ms=44.502
[HOOK_TAIL_SUMMARY] label=mpi:recursive_doubling steps=24 tail_total_ms=3110.138 tail_mean_ms=129.589 tail_min_ms=116.832 tail_max_ms=135.455
[Epoch 7] Hook timing summary done

[Epoch 8] Training... (lr=0.000773)
  Batch [5/24] Loss: 1.7291, Acc: 43.91%
  Batch [10/24] Loss: 1.7421, Acc: 42.81%
  Batch [15/24] Loss: 1.7444, Acc: 42.08%
  Batch [20/24] Loss: 1.7430, Acc: 42.07%
[Epoch 8] Train Loss: 1.7496, Acc: 41.37%  |  Val Loss: 1.6680, Acc: 45.44%  |  Time: 4.1s
  -> Best model saved (45.44%)
[Epoch 8] Summarizing hook timing...

[HOOK_TIMING_SUMMARY] epoch=8
[HOOK_WORK_SUMMARY] label=mpi:recursive_doubling calls=192 work_total_ms=3309.175 work_mean_ms=17.235 work_min_ms=6.764 work_max_ms=37.675
[HOOK_TAIL_SUMMARY] label=mpi:recursive_doubling steps=24 tail_total_ms=3100.501 tail_mean_ms=129.188 tail_min_ms=117.934 tail_max_ms=137.035
[Epoch 8] Hook timing summary done

[Epoch 9] Training... (lr=0.000701)
  Batch [5/24] Loss: 1.7304, Acc: 40.78%
  Batch [10/24] Loss: 1.7106, Acc: 42.27%
  Batch [15/24] Loss: 1.6787, Acc: 44.27%
  Batch [20/24] Loss: 1.6722, Acc: 44.34%
[Epoch 9] Train Loss: 1.6746, Acc: 43.95%  |  Val Loss: 1.5944, Acc: 47.04%  |  Time: 4.1s
  -> Best model saved (47.04%)
[Epoch 9] Summarizing hook timing...

[HOOK_TIMING_SUMMARY] epoch=9
[HOOK_WORK_SUMMARY] label=mpi:recursive_doubling calls=192 work_total_ms=3290.131 work_mean_ms=17.136 work_min_ms=6.759 work_max_ms=42.207
[HOOK_TAIL_SUMMARY] label=mpi:recursive_doubling steps=24 tail_total_ms=3077.816 tail_mean_ms=128.242 tail_min_ms=122.156 tail_max_ms=134.838
[Epoch 9] Hook timing summary done

[Epoch 10] Training... (lr=0.000623)
  Batch [5/24] Loss: 1.6143, Acc: 46.72%
  Batch [10/24] Loss: 1.6139, Acc: 46.33%
  Batch [15/24] Loss: 1.6225, Acc: 45.47%
  Batch [20/24] Loss: 1.6124, Acc: 45.59%
[Epoch 10] Train Loss: 1.6095, Acc: 45.54%  |  Val Loss: 1.5402, Acc: 47.52%  |  Time: 4.1s
  -> Best model saved (47.52%)
[Epoch 10] Summarizing hook timing...

[HOOK_TIMING_SUMMARY] epoch=10
[HOOK_WORK_SUMMARY] label=mpi:recursive_doubling calls=192 work_total_ms=3335.096 work_mean_ms=17.370 work_min_ms=6.881 work_max_ms=41.060
[HOOK_TAIL_SUMMARY] label=mpi:recursive_doubling steps=24 tail_total_ms=3119.974 tail_mean_ms=129.999 tail_min_ms=118.671 tail_max_ms=135.897
[Epoch 10] Hook timing summary done

[Epoch 11] Training... (lr=0.000541)
  Batch [5/24] Loss: 1.5172, Acc: 52.81%
  Batch [10/24] Loss: 1.5600, Acc: 49.22%
  Batch [15/24] Loss: 1.5630, Acc: 48.28%
  Batch [20/24] Loss: 1.5652, Acc: 47.46%
[Epoch 11] Train Loss: 1.5672, Acc: 47.17%  |  Val Loss: 1.4969, Acc: 48.64%  |  Time: 4.1s
  -> Best model saved (48.64%)
[Epoch 11] Summarizing hook timing...

[HOOK_TIMING_SUMMARY] epoch=11
[HOOK_WORK_SUMMARY] label=mpi:recursive_doubling calls=192 work_total_ms=3326.046 work_mean_ms=17.323 work_min_ms=6.304 work_max_ms=36.738
[HOOK_TAIL_SUMMARY] label=mpi:recursive_doubling steps=24 tail_total_ms=3110.728 tail_mean_ms=129.614 tail_min_ms=119.077 tail_max_ms=136.565
[Epoch 11] Hook timing summary done

[Epoch 12] Training... (lr=0.000459)
  Batch [5/24] Loss: 1.5361, Acc: 48.44%
  Batch [10/24] Loss: 1.5824, Acc: 46.02%
  Batch [15/24] Loss: 1.5561, Acc: 46.88%
  Batch [20/24] Loss: 1.5450, Acc: 47.54%
[Epoch 12] Train Loss: 1.5384, Acc: 47.72%  |  Val Loss: 1.4638, Acc: 50.24%  |  Time: 4.1s
  -> Best model saved (50.24%)
[Epoch 12] Summarizing hook timing...

[HOOK_TIMING_SUMMARY] epoch=12
[HOOK_WORK_SUMMARY] label=mpi:recursive_doubling calls=192 work_total_ms=3326.584 work_mean_ms=17.326 work_min_ms=6.767 work_max_ms=41.613
[HOOK_TAIL_SUMMARY] label=mpi:recursive_doubling steps=24 tail_total_ms=3112.142 tail_mean_ms=129.673 tail_min_ms=124.969 tail_max_ms=134.604
[Epoch 12] Hook timing summary done

[Epoch 13] Training... (lr=0.000377)
  Batch [5/24] Loss: 1.5226, Acc: 49.22%
  Batch [10/24] Loss: 1.5320, Acc: 46.95%
  Batch [15/24] Loss: 1.5325, Acc: 47.66%
  Batch [20/24] Loss: 1.5106, Acc: 48.59%
[Epoch 13] Train Loss: 1.4947, Acc: 49.61%  |  Val Loss: 1.4282, Acc: 51.68%  |  Time: 4.1s
  -> Best model saved (51.68%)
[Epoch 13] Summarizing hook timing...

[HOOK_TIMING_SUMMARY] epoch=13
[HOOK_WORK_SUMMARY] label=mpi:recursive_doubling calls=192 work_total_ms=3350.076 work_mean_ms=17.448 work_min_ms=6.686 work_max_ms=42.366
[HOOK_TAIL_SUMMARY] label=mpi:recursive_doubling steps=24 tail_total_ms=3143.061 tail_mean_ms=130.961 tail_min_ms=124.106 tail_max_ms=138.470
[Epoch 13] Hook timing summary done

[Epoch 14] Training... (lr=0.000299)
  Batch [5/24] Loss: 1.5062, Acc: 47.97%
  Batch [10/24] Loss: 1.5083, Acc: 47.97%
  Batch [15/24] Loss: 1.5148, Acc: 48.07%
  Batch [20/24] Loss: 1.4981, Acc: 48.87%
[Epoch 14] Train Loss: 1.5017, Acc: 48.44%  |  Val Loss: 1.3987, Acc: 52.80%  |  Time: 4.1s
  -> Best model saved (52.80%)
[Epoch 14] Summarizing hook timing...

[HOOK_TIMING_SUMMARY] epoch=14
[HOOK_WORK_SUMMARY] label=mpi:recursive_doubling calls=192 work_total_ms=3337.452 work_mean_ms=17.383 work_min_ms=6.663 work_max_ms=41.559
[HOOK_TAIL_SUMMARY] label=mpi:recursive_doubling steps=24 tail_total_ms=3136.591 tail_mean_ms=130.691 tail_min_ms=119.407 tail_max_ms=136.610
[Epoch 14] Hook timing summary done

[Epoch 15] Training... (lr=0.000227)
  Batch [5/24] Loss: 1.5468, Acc: 47.97%
  Batch [10/24] Loss: 1.5341, Acc: 47.50%
  Batch [15/24] Loss: 1.5271, Acc: 47.92%
  Batch [20/24] Loss: 1.5084, Acc: 48.59%
[Epoch 15] Train Loss: 1.5019, Acc: 48.80%  |  Val Loss: 1.4116, Acc: 53.76%  |  Time: 4.1s
  -> Best model saved (53.76%)
[Epoch 15] Summarizing hook timing...

[HOOK_TIMING_SUMMARY] epoch=15
[HOOK_WORK_SUMMARY] label=mpi:recursive_doubling calls=192 work_total_ms=3312.438 work_mean_ms=17.252 work_min_ms=6.781 work_max_ms=42.767
[HOOK_TAIL_SUMMARY] label=mpi:recursive_doubling steps=24 tail_total_ms=3112.828 tail_mean_ms=129.701 tail_min_ms=119.734 tail_max_ms=136.632
[Epoch 15] Hook timing summary done

[Epoch 16] Training... (lr=0.000161)
  Batch [5/24] Loss: 1.4611, Acc: 50.62%
  Batch [10/24] Loss: 1.4523, Acc: 50.47%
  Batch [15/24] Loss: 1.4494, Acc: 50.57%
  Batch [20/24] Loss: 1.4581, Acc: 50.31%
[Epoch 16] Train Loss: 1.4546, Acc: 50.55%  |  Val Loss: 1.4004, Acc: 52.48%  |  Time: 4.3s
[Epoch 16] Summarizing hook timing...

[HOOK_TIMING_SUMMARY] epoch=16
[HOOK_WORK_SUMMARY] label=mpi:recursive_doubling calls=192 work_total_ms=3352.212 work_mean_ms=17.459 work_min_ms=6.645 work_max_ms=43.787
[HOOK_TAIL_SUMMARY] label=mpi:recursive_doubling steps=24 tail_total_ms=3147.226 tail_mean_ms=131.134 tail_min_ms=118.542 tail_max_ms=140.128
[Epoch 16] Hook timing summary done

[Epoch 17] Training... (lr=0.000105)
  Batch [5/24] Loss: 1.4680, Acc: 49.53%
  Batch [10/24] Loss: 1.4391, Acc: 50.39%
  Batch [15/24] Loss: 1.4223, Acc: 50.73%
  Batch [20/24] Loss: 1.4142, Acc: 51.60%
[Epoch 17] Train Loss: 1.4317, Acc: 51.43%  |  Val Loss: 1.3885, Acc: 52.96%  |  Time: 4.2s
[Epoch 17] Summarizing hook timing...

[HOOK_TIMING_SUMMARY] epoch=17
[HOOK_WORK_SUMMARY] label=mpi:recursive_doubling calls=192 work_total_ms=3348.538 work_mean_ms=17.440 work_min_ms=4.703 work_max_ms=41.734
[HOOK_TAIL_SUMMARY] label=mpi:recursive_doubling steps=24 tail_total_ms=3128.227 tail_mean_ms=130.343 tail_min_ms=109.828 tail_max_ms=137.579
[Epoch 17] Hook timing summary done

[Epoch 18] Training... (lr=0.000060)
  Batch [5/24] Loss: 1.4730, Acc: 50.00%
  Batch [10/24] Loss: 1.4745, Acc: 50.31%
  Batch [15/24] Loss: 1.4614, Acc: 50.57%
  Batch [20/24] Loss: 1.4722, Acc: 50.59%
[Epoch 18] Train Loss: 1.4724, Acc: 50.20%  |  Val Loss: 1.3796, Acc: 53.44%  |  Time: 4.2s
[Epoch 18] Summarizing hook timing...

[HOOK_TIMING_SUMMARY] epoch=18
[HOOK_WORK_SUMMARY] label=mpi:recursive_doubling calls=192 work_total_ms=3403.850 work_mean_ms=17.728 work_min_ms=6.596 work_max_ms=53.470
[HOOK_TAIL_SUMMARY] label=mpi:recursive_doubling steps=24 tail_total_ms=3196.508 tail_mean_ms=133.188 tail_min_ms=124.487 tail_max_ms=174.959
[Epoch 18] Hook timing summary done

[Epoch 19] Training... (lr=0.000027)
  Batch [5/24] Loss: 1.4355, Acc: 50.78%
  Batch [10/24] Loss: 1.4740, Acc: 50.47%
  Batch [15/24] Loss: 1.4683, Acc: 50.42%
  Batch [20/24] Loss: 1.4651, Acc: 50.94%
[Epoch 19] Train Loss: 1.4636, Acc: 50.85%  |  Val Loss: 1.3779, Acc: 53.60%  |  Time: 4.1s
[Epoch 19] Summarizing hook timing...

[HOOK_TIMING_SUMMARY] epoch=19
[HOOK_WORK_SUMMARY] label=mpi:recursive_doubling calls=192 work_total_ms=3355.436 work_mean_ms=17.476 work_min_ms=6.798 work_max_ms=41.469
[HOOK_TAIL_SUMMARY] label=mpi:recursive_doubling steps=24 tail_total_ms=3146.131 tail_mean_ms=131.089 tail_min_ms=118.459 tail_max_ms=169.107
[Epoch 19] Hook timing summary done

[Epoch 20] Training... (lr=0.000007)
  Batch [5/24] Loss: 1.4493, Acc: 49.69%
  Batch [10/24] Loss: 1.4528, Acc: 50.86%
  Batch [15/24] Loss: 1.4568, Acc: 50.10%
  Batch [20/24] Loss: 1.4587, Acc: 50.35%
[Epoch 20] Train Loss: 1.4643, Acc: 50.23%  |  Val Loss: 1.3800, Acc: 53.44%  |  Time: 4.2s
[Epoch 20] Summarizing hook timing...

[HOOK_TIMING_SUMMARY] epoch=20
[HOOK_WORK_SUMMARY] label=mpi:recursive_doubling calls=192 work_total_ms=3410.928 work_mean_ms=17.765 work_min_ms=6.599 work_max_ms=60.121
[HOOK_TAIL_SUMMARY] label=mpi:recursive_doubling steps=24 tail_total_ms=3201.675 tail_mean_ms=133.403 tail_min_ms=125.464 tail_max_ms=176.739
[Epoch 20] Hook timing summary done

================================================================================
Done in 98.6s | Best val acc: 53.76%
Epoch times: mean=4.3s  min=4.0s  max=7.5s
================================================================================
=== Finished training: backend=mpi, hook=recursive_doubling, zfp_rate=none, status=0 at Fri May 22 03:49:25 PM UTC 2026 ===
=== Starting training: backend=mpi, hook=recursive_doubling_zfp_naive, zfp_rate=16 at Fri May 22 03:49:25 PM UTC 2026 ===

================================================================================
DISTRIBUTED TRAINING LAUNCHER
================================================================================
  Model:      wide_resnet50_2 (pretrained)
  Dataset:    cifar10 (10 classes)
  Backend:    mpi
  Algorithm:  recursive_doubling_zfp_naive
  ZFP rate:   16
  Epochs:     20
  Batch/rank: 128
  LR:         0.001
================================================================================


================================================================================
Distributed Training: WIDE_RESNET50_2 on CIFAR10
Backend: MPI, Algorithm: recursive_doubling_zfp_naive
================================================================================
Ranks: 16, Epochs: 20, Batch/rank: 128, Effective batch: 2048
LR: 0.001, Device: cuda:0

[Setup] Model on cuda:0, wrapped in DDP (static_graph=True)
[Setup] Hook registered: mpi/recursive_doubling_zfp_naive

================================================================================
DISTRIBUTED TRAINING LAUNCHER
================================================================================
  Model:      wide_resnet50_2 (pretrained)
  Dataset:    cifar10 (10 classes)
  Backend:    mpi
  Algorithm:  recursive_doubling_zfp_naive
  ZFP rate:   16
  Epochs:     20
  Batch/rank: 128
  LR:         0.001
================================================================================


================================================================================
DISTRIBUTED TRAINING LAUNCHER
================================================================================
  Model:      wide_resnet50_2 (pretrained)
  Dataset:    cifar10 (10 classes)
  Backend:    mpi
  Algorithm:  recursive_doubling_zfp_naive
  ZFP rate:   16
  Epochs:     20
  Batch/rank: 128
  LR:         0.001
================================================================================


================================================================================
DISTRIBUTED TRAINING LAUNCHER
================================================================================
  Model:      wide_resnet50_2 (pretrained)
  Dataset:    cifar10 (10 classes)
  Backend:    mpi
  Algorithm:  recursive_doubling_zfp_naive
  ZFP rate:   16
  Epochs:     20
  Batch/rank: 128
  LR:         0.001
================================================================================

[Data] Train batches: 24, Val batches: 5


[Epoch 1] Training... (lr=0.000001)

================================================================================
DISTRIBUTED TRAINING LAUNCHER
================================================================================
  Model:      wide_resnet50_2 (pretrained)
  Dataset:    cifar10 (10 classes)
  Backend:    mpi
  Algorithm:  recursive_doubling_zfp_naive
  ZFP rate:   16
  Epochs:     20
  Batch/rank: 128
  LR:         0.001
================================================================================


================================================================================
DISTRIBUTED TRAINING LAUNCHER
================================================================================
  Model:      wide_resnet50_2 (pretrained)
  Dataset:    cifar10 (10 classes)
  Backend:    mpi
  Algorithm:  recursive_doubling_zfp_naive
  ZFP rate:   16
  Epochs:     20
  Batch/rank: 128
  LR:         0.001
================================================================================


================================================================================
DISTRIBUTED TRAINING LAUNCHER
================================================================================
  Model:      wide_resnet50_2 (pretrained)
  Dataset:    cifar10 (10 classes)
  Backend:    mpi
  Algorithm:  recursive_doubling_zfp_naive
  ZFP rate:   16
  Epochs:     20
  Batch/rank: 128
  LR:         0.001
================================================================================


================================================================================
DISTRIBUTED TRAINING LAUNCHER
================================================================================
  Model:      wide_resnet50_2 (pretrained)
  Dataset:    cifar10 (10 classes)
  Backend:    mpi
  Algorithm:  recursive_doubling_zfp_naive
  ZFP rate:   16
  Epochs:     20
  Batch/rank: 128
  LR:         0.001
================================================================================


================================================================================
DISTRIBUTED TRAINING LAUNCHER
================================================================================
  Model:      wide_resnet50_2 (pretrained)
  Dataset:    cifar10 (10 classes)
  Backend:    mpi
  Algorithm:  recursive_doubling_zfp_naive
  ZFP rate:   16
  Epochs:     20
  Batch/rank: 128
  LR:         0.001
================================================================================


================================================================================
DISTRIBUTED TRAINING LAUNCHER
================================================================================
  Model:      wide_resnet50_2 (pretrained)
  Dataset:    cifar10 (10 classes)
  Backend:    mpi
  Algorithm:  recursive_doubling_zfp_naive
  ZFP rate:   16
  Epochs:     20
  Batch/rank: 128
  LR:         0.001
================================================================================


================================================================================
DISTRIBUTED TRAINING LAUNCHER
================================================================================
  Model:      wide_resnet50_2 (pretrained)
  Dataset:    cifar10 (10 classes)
  Backend:    mpi
  Algorithm:  recursive_doubling_zfp_naive
  ZFP rate:   16
  Epochs:     20
  Batch/rank: 128
  LR:         0.001
================================================================================


================================================================================
DISTRIBUTED TRAINING LAUNCHER
================================================================================
  Model:      wide_resnet50_2 (pretrained)
  Dataset:    cifar10 (10 classes)
  Backend:    mpi
  Algorithm:  recursive_doubling_zfp_naive
  ZFP rate:   16
  Epochs:     20
  Batch/rank: 128
  LR:         0.001
================================================================================


================================================================================
DISTRIBUTED TRAINING LAUNCHER
================================================================================
  Model:      wide_resnet50_2 (pretrained)
  Dataset:    cifar10 (10 classes)
  Backend:    mpi
  Algorithm:  recursive_doubling_zfp_naive
  ZFP rate:   16
  Epochs:     20
  Batch/rank: 128
  LR:         0.001
================================================================================


================================================================================
DISTRIBUTED TRAINING LAUNCHER
================================================================================
  Model:      wide_resnet50_2 (pretrained)
  Dataset:    cifar10 (10 classes)
  Backend:    mpi
  Algorithm:  recursive_doubling_zfp_naive
  ZFP rate:   16
  Epochs:     20
  Batch/rank: 128
  LR:         0.001
================================================================================


================================================================================
DISTRIBUTED TRAINING LAUNCHER
================================================================================
  Model:      wide_resnet50_2 (pretrained)
  Dataset:    cifar10 (10 classes)
  Backend:    mpi
  Algorithm:  recursive_doubling_zfp_naive
  ZFP rate:   16
  Epochs:     20
  Batch/rank: 128
  LR:         0.001
================================================================================


================================================================================
DISTRIBUTED TRAINING LAUNCHER
================================================================================
  Model:      wide_resnet50_2 (pretrained)
  Dataset:    cifar10 (10 classes)
  Backend:    mpi
  Algorithm:  recursive_doubling_zfp_naive
  ZFP rate:   16
  Epochs:     20
  Batch/rank: 128
  LR:         0.001
================================================================================

  Batch [5/24] Loss: 2.3618, Acc: 8.28%
  Batch [10/24] Loss: 2.3725, Acc: 9.84%
  Batch [15/24] Loss: 2.3633, Acc: 10.16%
  Batch [20/24] Loss: 2.3697, Acc: 9.77%
[Epoch 1] Train Loss: 2.3712, Acc: 9.51%  |  Val Loss: 2.4006, Acc: 9.28%  |  Time: 3.9s
  -> Best model saved (9.28%)
[Epoch 1] Summarizing hook timing...

[HOOK_TIMING_SUMMARY] epoch=1
[HOOK_WORK_SUMMARY] label=mpi:recursive_doubling_zfp_naive:rate16 calls=178 work_total_ms=2112.787 work_mean_ms=11.870 work_min_ms=5.173 work_max_ms=179.639
[HOOK_TAIL_SUMMARY] label=mpi:recursive_doubling_zfp_naive:rate16 steps=25 tail_total_ms=1966.711 tail_mean_ms=78.668 tail_min_ms=8.492 tail_max_ms=228.197
[Epoch 1] Hook timing summary done

[Epoch 2] Training... (lr=0.001000)
  Batch [5/24] Loss: 2.3712, Acc: 9.69%
  Batch [10/24] Loss: 2.3534, Acc: 10.86%
  Batch [15/24] Loss: 2.3333, Acc: 11.88%
  Batch [20/24] Loss: 2.3214, Acc: 12.42%
[Epoch 2] Train Loss: 2.3091, Acc: 13.02%  |  Val Loss: 2.2475, Acc: 19.20%  |  Time: 2.8s
  -> Best model saved (19.20%)
[Epoch 2] Summarizing hook timing...

[HOOK_TIMING_SUMMARY] epoch=2
[HOOK_WORK_SUMMARY] label=mpi:recursive_doubling_zfp_naive:rate16 calls=192 work_total_ms=1997.199 work_mean_ms=10.402 work_min_ms=5.148 work_max_ms=19.706
[HOOK_TAIL_SUMMARY] label=mpi:recursive_doubling_zfp_naive:rate16 steps=24 tail_total_ms=1773.426 tail_mean_ms=73.893 tail_min_ms=69.854 tail_max_ms=76.370
[Epoch 2] Hook timing summary done

[Epoch 3] Training... (lr=0.000993)
  Batch [5/24] Loss: 2.2494, Acc: 17.66%
  Batch [10/24] Loss: 2.2338, Acc: 19.38%
  Batch [15/24] Loss: 2.2330, Acc: 19.48%
  Batch [20/24] Loss: 2.2165, Acc: 20.16%
[Epoch 3] Train Loss: 2.2069, Acc: 20.80%  |  Val Loss: 2.4287, Acc: 24.80%  |  Time: 2.8s
  -> Best model saved (24.80%)
[Epoch 3] Summarizing hook timing...

[HOOK_TIMING_SUMMARY] epoch=3
[HOOK_WORK_SUMMARY] label=mpi:recursive_doubling_zfp_naive:rate16 calls=192 work_total_ms=2007.503 work_mean_ms=10.456 work_min_ms=5.393 work_max_ms=20.925
[HOOK_TAIL_SUMMARY] label=mpi:recursive_doubling_zfp_naive:rate16 steps=24 tail_total_ms=1785.794 tail_mean_ms=74.408 tail_min_ms=69.706 tail_max_ms=76.914
[Epoch 3] Hook timing summary done

[Epoch 4] Training... (lr=0.000973)
  Batch [5/24] Loss: 2.1423, Acc: 23.91%
  Batch [10/24] Loss: 2.1535, Acc: 23.52%
  Batch [15/24] Loss: 2.1488, Acc: 24.90%
  Batch [20/24] Loss: 2.1432, Acc: 25.59%
[Epoch 4] Train Loss: 2.1306, Acc: 26.46%  |  Val Loss: 2.1101, Acc: 32.32%  |  Time: 2.8s
  -> Best model saved (32.32%)
[Epoch 4] Summarizing hook timing...

[HOOK_TIMING_SUMMARY] epoch=4
[HOOK_WORK_SUMMARY] label=mpi:recursive_doubling_zfp_naive:rate16 calls=192 work_total_ms=1996.800 work_mean_ms=10.400 work_min_ms=5.162 work_max_ms=20.934
[HOOK_TAIL_SUMMARY] label=mpi:recursive_doubling_zfp_naive:rate16 steps=24 tail_total_ms=1772.584 tail_mean_ms=73.858 tail_min_ms=68.732 tail_max_ms=75.751
[Epoch 4] Hook timing summary done

[Epoch 5] Training... (lr=0.000940)
  Batch [5/24] Loss: 2.0772, Acc: 30.00%
  Batch [10/24] Loss: 2.0431, Acc: 30.94%
  Batch [15/24] Loss: 2.0427, Acc: 29.95%
  Batch [20/24] Loss: 2.0343, Acc: 30.70%
[Epoch 5] Train Loss: 2.0170, Acc: 31.61%  |  Val Loss: 2.0514, Acc: 36.00%  |  Time: 2.8s
  -> Best model saved (36.00%)
[Epoch 5] Summarizing hook timing...

[HOOK_TIMING_SUMMARY] epoch=5
[HOOK_WORK_SUMMARY] label=mpi:recursive_doubling_zfp_naive:rate16 calls=192 work_total_ms=2011.050 work_mean_ms=10.474 work_min_ms=5.239 work_max_ms=22.055
[HOOK_TAIL_SUMMARY] label=mpi:recursive_doubling_zfp_naive:rate16 steps=24 tail_total_ms=1796.201 tail_mean_ms=74.842 tail_min_ms=69.617 tail_max_ms=77.392
[Epoch 5] Hook timing summary done

[Epoch 6] Training... (lr=0.000895)
  Batch [5/24] Loss: 1.9896, Acc: 31.72%
  Batch [10/24] Loss: 1.9577, Acc: 33.98%
  Batch [15/24] Loss: 1.9343, Acc: 35.42%
  Batch [20/24] Loss: 1.9335, Acc: 34.80%
[Epoch 6] Train Loss: 1.9298, Acc: 35.22%  |  Val Loss: 1.8524, Acc: 39.36%  |  Time: 2.8s
  -> Best model saved (39.36%)
[Epoch 6] Summarizing hook timing...

[HOOK_TIMING_SUMMARY] epoch=6
[HOOK_WORK_SUMMARY] label=mpi:recursive_doubling_zfp_naive:rate16 calls=192 work_total_ms=2018.929 work_mean_ms=10.515 work_min_ms=5.469 work_max_ms=21.090
[HOOK_TAIL_SUMMARY] label=mpi:recursive_doubling_zfp_naive:rate16 steps=24 tail_total_ms=1816.073 tail_mean_ms=75.670 tail_min_ms=73.013 tail_max_ms=77.451
[Epoch 6] Hook timing summary done

[Epoch 7] Training... (lr=0.000839)
  Batch [5/24] Loss: 1.8688, Acc: 36.56%
  Batch [10/24] Loss: 1.8651, Acc: 37.27%
  Batch [15/24] Loss: 1.8675, Acc: 37.50%
  Batch [20/24] Loss: 1.8528, Acc: 38.40%
[Epoch 7] Train Loss: 1.8387, Acc: 38.87%  |  Val Loss: 1.7764, Acc: 42.88%  |  Time: 2.8s
  -> Best model saved (42.88%)
[Epoch 7] Summarizing hook timing...

[HOOK_TIMING_SUMMARY] epoch=7
[HOOK_WORK_SUMMARY] label=mpi:recursive_doubling_zfp_naive:rate16 calls=192 work_total_ms=2024.093 work_mean_ms=10.542 work_min_ms=5.216 work_max_ms=20.214
[HOOK_TAIL_SUMMARY] label=mpi:recursive_doubling_zfp_naive:rate16 steps=24 tail_total_ms=1820.081 tail_mean_ms=75.837 tail_min_ms=72.422 tail_max_ms=77.193
[Epoch 7] Hook timing summary done

[Epoch 8] Training... (lr=0.000773)
  Batch [5/24] Loss: 1.7250, Acc: 43.75%
  Batch [10/24] Loss: 1.7439, Acc: 43.28%
  Batch [15/24] Loss: 1.7460, Acc: 42.60%
  Batch [20/24] Loss: 1.7490, Acc: 42.11%
[Epoch 8] Train Loss: 1.7560, Acc: 41.47%  |  Val Loss: 1.6703, Acc: 45.44%  |  Time: 2.8s
  -> Best model saved (45.44%)
[Epoch 8] Summarizing hook timing...

[HOOK_TIMING_SUMMARY] epoch=8
[HOOK_WORK_SUMMARY] label=mpi:recursive_doubling_zfp_naive:rate16 calls=192 work_total_ms=2006.282 work_mean_ms=10.449 work_min_ms=5.421 work_max_ms=20.100
[HOOK_TAIL_SUMMARY] label=mpi:recursive_doubling_zfp_naive:rate16 steps=24 tail_total_ms=1791.888 tail_mean_ms=74.662 tail_min_ms=70.500 tail_max_ms=76.210
[Epoch 8] Hook timing summary done

[Epoch 9] Training... (lr=0.000701)
  Batch [5/24] Loss: 1.7380, Acc: 40.00%
  Batch [10/24] Loss: 1.7121, Acc: 41.72%
  Batch [15/24] Loss: 1.6795, Acc: 43.59%
  Batch [20/24] Loss: 1.6764, Acc: 43.87%
[Epoch 9] Train Loss: 1.6786, Acc: 43.85%  |  Val Loss: 1.5974, Acc: 46.88%  |  Time: 2.8s
  -> Best model saved (46.88%)
[Epoch 9] Summarizing hook timing...

[HOOK_TIMING_SUMMARY] epoch=9
[HOOK_WORK_SUMMARY] label=mpi:recursive_doubling_zfp_naive:rate16 calls=192 work_total_ms=2001.522 work_mean_ms=10.425 work_min_ms=5.272 work_max_ms=21.075
[HOOK_TAIL_SUMMARY] label=mpi:recursive_doubling_zfp_naive:rate16 steps=24 tail_total_ms=1785.961 tail_mean_ms=74.415 tail_min_ms=69.991 tail_max_ms=76.379
[Epoch 9] Hook timing summary done

[Epoch 10] Training... (lr=0.000623)
  Batch [5/24] Loss: 1.6291, Acc: 46.41%
  Batch [10/24] Loss: 1.6231, Acc: 45.55%
  Batch [15/24] Loss: 1.6262, Acc: 45.47%
  Batch [20/24] Loss: 1.6150, Acc: 45.90%
[Epoch 10] Train Loss: 1.6107, Acc: 45.93%  |  Val Loss: 1.5466, Acc: 48.00%  |  Time: 2.8s
  -> Best model saved (48.00%)
[Epoch 10] Summarizing hook timing...

[HOOK_TIMING_SUMMARY] epoch=10
[HOOK_WORK_SUMMARY] label=mpi:recursive_doubling_zfp_naive:rate16 calls=192 work_total_ms=2028.464 work_mean_ms=10.565 work_min_ms=5.309 work_max_ms=19.253
[HOOK_TAIL_SUMMARY] label=mpi:recursive_doubling_zfp_naive:rate16 steps=24 tail_total_ms=1822.079 tail_mean_ms=75.920 tail_min_ms=71.236 tail_max_ms=78.087
[Epoch 10] Hook timing summary done

[Epoch 11] Training... (lr=0.000541)
  Batch [5/24] Loss: 1.5271, Acc: 51.09%
  Batch [10/24] Loss: 1.5642, Acc: 49.22%
  Batch [15/24] Loss: 1.5700, Acc: 48.75%
  Batch [20/24] Loss: 1.5712, Acc: 48.01%
[Epoch 11] Train Loss: 1.5724, Acc: 47.36%  |  Val Loss: 1.5020, Acc: 48.96%  |  Time: 2.8s
  -> Best model saved (48.96%)
[Epoch 11] Summarizing hook timing...

[HOOK_TIMING_SUMMARY] epoch=11
[HOOK_WORK_SUMMARY] label=mpi:recursive_doubling_zfp_naive:rate16 calls=192 work_total_ms=1991.996 work_mean_ms=10.375 work_min_ms=4.342 work_max_ms=19.897
[HOOK_TAIL_SUMMARY] label=mpi:recursive_doubling_zfp_naive:rate16 steps=24 tail_total_ms=1790.067 tail_mean_ms=74.586 tail_min_ms=72.249 tail_max_ms=80.179
[Epoch 11] Hook timing summary done

[Epoch 12] Training... (lr=0.000459)
  Batch [5/24] Loss: 1.5353, Acc: 47.66%
  Batch [10/24] Loss: 1.5866, Acc: 46.41%
  Batch [15/24] Loss: 1.5607, Acc: 47.19%
  Batch [20/24] Loss: 1.5483, Acc: 47.58%
[Epoch 12] Train Loss: 1.5469, Acc: 47.82%  |  Val Loss: 1.4688, Acc: 51.20%  |  Time: 2.8s
  -> Best model saved (51.20%)
[Epoch 12] Summarizing hook timing...

[HOOK_TIMING_SUMMARY] epoch=12
[HOOK_WORK_SUMMARY] label=mpi:recursive_doubling_zfp_naive:rate16 calls=192 work_total_ms=2013.928 work_mean_ms=10.489 work_min_ms=5.432 work_max_ms=20.729
[HOOK_TAIL_SUMMARY] label=mpi:recursive_doubling_zfp_naive:rate16 steps=24 tail_total_ms=1800.573 tail_mean_ms=75.024 tail_min_ms=70.080 tail_max_ms=76.133
[Epoch 12] Hook timing summary done

[Epoch 13] Training... (lr=0.000377)
  Batch [5/24] Loss: 1.5174, Acc: 49.38%
  Batch [10/24] Loss: 1.5308, Acc: 47.42%
  Batch [15/24] Loss: 1.5281, Acc: 47.81%
  Batch [20/24] Loss: 1.5104, Acc: 48.71%
[Epoch 13] Train Loss: 1.4955, Acc: 49.71%  |  Val Loss: 1.4311, Acc: 50.40%  |  Time: 2.8s
[Epoch 13] Summarizing hook timing...

[HOOK_TIMING_SUMMARY] epoch=13
[HOOK_WORK_SUMMARY] label=mpi:recursive_doubling_zfp_naive:rate16 calls=192 work_total_ms=2024.534 work_mean_ms=10.544 work_min_ms=5.373 work_max_ms=23.092
[HOOK_TAIL_SUMMARY] label=mpi:recursive_doubling_zfp_naive:rate16 steps=24 tail_total_ms=1819.209 tail_mean_ms=75.800 tail_min_ms=71.819 tail_max_ms=78.262
[Epoch 13] Hook timing summary done

[Epoch 14] Training... (lr=0.000299)
  Batch [5/24] Loss: 1.5091, Acc: 47.19%
  Batch [10/24] Loss: 1.5109, Acc: 47.27%
  Batch [15/24] Loss: 1.5200, Acc: 47.81%
  Batch [20/24] Loss: 1.5052, Acc: 48.83%
[Epoch 14] Train Loss: 1.5102, Acc: 48.27%  |  Val Loss: 1.4082, Acc: 52.96%  |  Time: 2.8s
  -> Best model saved (52.96%)
[Epoch 14] Summarizing hook timing...

[HOOK_TIMING_SUMMARY] epoch=14
[HOOK_WORK_SUMMARY] label=mpi:recursive_doubling_zfp_naive:rate16 calls=192 work_total_ms=2047.572 work_mean_ms=10.664 work_min_ms=5.174 work_max_ms=42.922
[HOOK_TAIL_SUMMARY] label=mpi:recursive_doubling_zfp_naive:rate16 steps=24 tail_total_ms=1831.537 tail_mean_ms=76.314 tail_min_ms=73.425 tail_max_ms=108.253
[Epoch 14] Hook timing summary done

[Epoch 15] Training... (lr=0.000227)
  Batch [5/24] Loss: 1.5428, Acc: 47.97%
  Batch [10/24] Loss: 1.5295, Acc: 47.58%
  Batch [15/24] Loss: 1.5184, Acc: 48.96%
  Batch [20/24] Loss: 1.5042, Acc: 49.38%
[Epoch 15] Train Loss: 1.4994, Acc: 49.80%  |  Val Loss: 1.4173, Acc: 53.44%  |  Time: 2.8s
  -> Best model saved (53.44%)
[Epoch 15] Summarizing hook timing...

[HOOK_TIMING_SUMMARY] epoch=15
[HOOK_WORK_SUMMARY] label=mpi:recursive_doubling_zfp_naive:rate16 calls=192 work_total_ms=2012.873 work_mean_ms=10.484 work_min_ms=5.276 work_max_ms=20.807
[HOOK_TAIL_SUMMARY] label=mpi:recursive_doubling_zfp_naive:rate16 steps=24 tail_total_ms=1794.265 tail_mean_ms=74.761 tail_min_ms=69.310 tail_max_ms=76.117
[Epoch 15] Hook timing summary done

[Epoch 16] Training... (lr=0.000161)
  Batch [5/24] Loss: 1.4538, Acc: 51.25%
  Batch [10/24] Loss: 1.4499, Acc: 50.47%
  Batch [15/24] Loss: 1.4480, Acc: 50.47%
  Batch [20/24] Loss: 1.4569, Acc: 50.04%
[Epoch 16] Train Loss: 1.4571, Acc: 50.36%  |  Val Loss: 1.4008, Acc: 52.80%  |  Time: 2.8s
[Epoch 16] Summarizing hook timing...

[HOOK_TIMING_SUMMARY] epoch=16
[HOOK_WORK_SUMMARY] label=mpi:recursive_doubling_zfp_naive:rate16 calls=192 work_total_ms=2001.561 work_mean_ms=10.425 work_min_ms=5.431 work_max_ms=19.461
[HOOK_TAIL_SUMMARY] label=mpi:recursive_doubling_zfp_naive:rate16 steps=24 tail_total_ms=1776.756 tail_mean_ms=74.032 tail_min_ms=69.037 tail_max_ms=76.304
[Epoch 16] Hook timing summary done

[Epoch 17] Training... (lr=0.000105)
  Batch [5/24] Loss: 1.4667, Acc: 49.06%
  Batch [10/24] Loss: 1.4414, Acc: 50.78%
  Batch [15/24] Loss: 1.4262, Acc: 51.04%
  Batch [20/24] Loss: 1.4160, Acc: 51.76%
[Epoch 17] Train Loss: 1.4334, Acc: 51.53%  |  Val Loss: 1.3833, Acc: 52.64%  |  Time: 2.8s
[Epoch 17] Summarizing hook timing...

[HOOK_TIMING_SUMMARY] epoch=17
[HOOK_WORK_SUMMARY] label=mpi:recursive_doubling_zfp_naive:rate16 calls=192 work_total_ms=2045.018 work_mean_ms=10.651 work_min_ms=5.317 work_max_ms=32.604
[HOOK_TAIL_SUMMARY] label=mpi:recursive_doubling_zfp_naive:rate16 steps=24 tail_total_ms=1827.812 tail_mean_ms=76.159 tail_min_ms=72.969 tail_max_ms=98.958
[Epoch 17] Hook timing summary done

[Epoch 18] Training... (lr=0.000060)
  Batch [5/24] Loss: 1.4688, Acc: 51.09%
  Batch [10/24] Loss: 1.4778, Acc: 50.78%
  Batch [15/24] Loss: 1.4618, Acc: 50.78%
  Batch [20/24] Loss: 1.4751, Acc: 50.35%
[Epoch 18] Train Loss: 1.4753, Acc: 50.00%  |  Val Loss: 1.3846, Acc: 53.44%  |  Time: 2.8s
[Epoch 18] Summarizing hook timing...

[HOOK_TIMING_SUMMARY] epoch=18
[HOOK_WORK_SUMMARY] label=mpi:recursive_doubling_zfp_naive:rate16 calls=192 work_total_ms=2053.085 work_mean_ms=10.693 work_min_ms=5.222 work_max_ms=41.957
[HOOK_TAIL_SUMMARY] label=mpi:recursive_doubling_zfp_naive:rate16 steps=24 tail_total_ms=1836.983 tail_mean_ms=76.541 tail_min_ms=72.942 tail_max_ms=109.764
[Epoch 18] Hook timing summary done

[Epoch 19] Training... (lr=0.000027)
  Batch [5/24] Loss: 1.4307, Acc: 49.53%
  Batch [10/24] Loss: 1.4744, Acc: 48.98%
  Batch [15/24] Loss: 1.4680, Acc: 49.01%
  Batch [20/24] Loss: 1.4648, Acc: 49.61%
[Epoch 19] Train Loss: 1.4627, Acc: 50.07%  |  Val Loss: 1.3807, Acc: 54.08%  |  Time: 2.8s
  -> Best model saved (54.08%)
[Epoch 19] Summarizing hook timing...

[HOOK_TIMING_SUMMARY] epoch=19
[HOOK_WORK_SUMMARY] label=mpi:recursive_doubling_zfp_naive:rate16 calls=192 work_total_ms=2042.418 work_mean_ms=10.638 work_min_ms=5.338 work_max_ms=38.190
[HOOK_TAIL_SUMMARY] label=mpi:recursive_doubling_zfp_naive:rate16 steps=24 tail_total_ms=1824.731 tail_mean_ms=76.030 tail_min_ms=72.580 tail_max_ms=104.261
[Epoch 19] Hook timing summary done

[Epoch 20] Training... (lr=0.000007)
  Batch [5/24] Loss: 1.4552, Acc: 48.75%
  Batch [10/24] Loss: 1.4573, Acc: 50.31%
  Batch [15/24] Loss: 1.4556, Acc: 50.05%
  Batch [20/24] Loss: 1.4580, Acc: 49.96%
[Epoch 20] Train Loss: 1.4625, Acc: 49.51%  |  Val Loss: 1.3749, Acc: 52.64%  |  Time: 2.8s
[Epoch 20] Summarizing hook timing...

[HOOK_TIMING_SUMMARY] epoch=20
[HOOK_WORK_SUMMARY] label=mpi:recursive_doubling_zfp_naive:rate16 calls=192 work_total_ms=2009.317 work_mean_ms=10.465 work_min_ms=5.265 work_max_ms=20.086
[HOOK_TAIL_SUMMARY] label=mpi:recursive_doubling_zfp_naive:rate16 steps=24 tail_total_ms=1801.256 tail_mean_ms=75.052 tail_min_ms=69.184 tail_max_ms=81.608
[Epoch 20] Hook timing summary done

================================================================================
Done in 69.9s | Best val acc: 54.08%
Epoch times: mean=2.8s  min=2.8s  max=3.9s
================================================================================
=== Finished training: backend=mpi, hook=recursive_doubling_zfp_naive, zfp_rate=16, status=0 at Fri May 22 03:50:45 PM UTC 2026 ===
=== Starting training: backend=mpi, hook=recursive_doubling_zfp_online_coll, zfp_rate=16 at Fri May 22 03:50:45 PM UTC 2026 ===

================================================================================
DISTRIBUTED TRAINING LAUNCHER
================================================================================
  Model:      wide_resnet50_2 (pretrained)
  Dataset:    cifar10 (10 classes)
  Backend:    mpi
  Algorithm:  recursive_doubling_zfp_online_coll
  ZFP rate:   16
  Epochs:     20
  Batch/rank: 128
  LR:         0.001
================================================================================


================================================================================
Distributed Training: WIDE_RESNET50_2 on CIFAR10
Backend: MPI, Algorithm: recursive_doubling_zfp_online_coll
================================================================================
Ranks: 16, Epochs: 20, Batch/rank: 128, Effective batch: 2048
LR: 0.001, Device: cuda:0

[Setup] Model on cuda:0, wrapped in DDP (static_graph=True)
[Setup] Hook registered: mpi/recursive_doubling_zfp_online_coll

================================================================================
DISTRIBUTED TRAINING LAUNCHER
================================================================================
  Model:      wide_resnet50_2 (pretrained)
  Dataset:    cifar10 (10 classes)
  Backend:    mpi
  Algorithm:  recursive_doubling_zfp_online_coll
  ZFP rate:   16
  Epochs:     20
  Batch/rank: 128
  LR:         0.001
================================================================================


================================================================================
DISTRIBUTED TRAINING LAUNCHER
================================================================================
  Model:      wide_resnet50_2 (pretrained)
  Dataset:    cifar10 (10 classes)
  Backend:    mpi
  Algorithm:  recursive_doubling_zfp_online_coll
  ZFP rate:   16
  Epochs:     20
  Batch/rank: 128
  LR:         0.001
================================================================================


================================================================================
DISTRIBUTED TRAINING LAUNCHER
================================================================================
  Model:      wide_resnet50_2 (pretrained)
  Dataset:    cifar10 (10 classes)
  Backend:    mpi
  Algorithm:  recursive_doubling_zfp_online_coll
  ZFP rate:   16
  Epochs:     20
  Batch/rank: 128
  LR:         0.001
================================================================================


================================================================================
DISTRIBUTED TRAINING LAUNCHER
================================================================================
  Model:      wide_resnet50_2 (pretrained)
  Dataset:    cifar10 (10 classes)
  Backend:    mpi
  Algorithm:  recursive_doubling_zfp_online_coll
  ZFP rate:   16
  Epochs:     20
  Batch/rank: 128
  LR:         0.001
================================================================================


================================================================================
DISTRIBUTED TRAINING LAUNCHER
================================================================================
  Model:      wide_resnet50_2 (pretrained)
  Dataset:    cifar10 (10 classes)
  Backend:    mpi
  Algorithm:  recursive_doubling_zfp_online_coll
  ZFP rate:   16
  Epochs:     20
  Batch/rank: 128
  LR:         0.001
================================================================================


================================================================================
DISTRIBUTED TRAINING LAUNCHER
================================================================================
  Model:      wide_resnet50_2 (pretrained)
  Dataset:    cifar10 (10 classes)
  Backend:    mpi
  Algorithm:  recursive_doubling_zfp_online_coll
  ZFP rate:   16
  Epochs:     20
  Batch/rank: 128
  LR:         0.001
================================================================================


================================================================================
DISTRIBUTED TRAINING LAUNCHER
================================================================================
  Model:      wide_resnet50_2 (pretrained)
  Dataset:    cifar10 (10 classes)
  Backend:    mpi
  Algorithm:  recursive_doubling_zfp_online_coll
  ZFP rate:   16
  Epochs:     20
  Batch/rank: 128
  LR:         0.001
================================================================================


================================================================================
DISTRIBUTED TRAINING LAUNCHER
================================================================================
  Model:      wide_resnet50_2 (pretrained)
  Dataset:    cifar10 (10 classes)
  Backend:    mpi
  Algorithm:  recursive_doubling_zfp_online_coll
  ZFP rate:   16
  Epochs:     20
  Batch/rank: 128
  LR:         0.001
================================================================================


================================================================================
DISTRIBUTED TRAINING LAUNCHER
================================================================================
  Model:      wide_resnet50_2 (pretrained)
  Dataset:    cifar10 (10 classes)
  Backend:    mpi
  Algorithm:  recursive_doubling_zfp_online_coll
  ZFP rate:   16
  Epochs:     20
  Batch/rank: 128
  LR:         0.001
================================================================================


================================================================================
DISTRIBUTED TRAINING LAUNCHER
================================================================================
  Model:      wide_resnet50_2 (pretrained)
  Dataset:    cifar10 (10 classes)
  Backend:    mpi
  Algorithm:  recursive_doubling_zfp_online_coll
  ZFP rate:   16
  Epochs:     20
  Batch/rank: 128
  LR:         0.001
================================================================================


================================================================================
DISTRIBUTED TRAINING LAUNCHER
================================================================================
  Model:      wide_resnet50_2 (pretrained)
  Dataset:    cifar10 (10 classes)
  Backend:    mpi
  Algorithm:  recursive_doubling_zfp_online_coll
  ZFP rate:   16
  Epochs:     20
  Batch/rank: 128
  LR:         0.001
================================================================================


================================================================================
DISTRIBUTED TRAINING LAUNCHER
================================================================================
  Model:      wide_resnet50_2 (pretrained)
  Dataset:    cifar10 (10 classes)
  Backend:    mpi
  Algorithm:  recursive_doubling_zfp_online_coll
  ZFP rate:   16
  Epochs:     20
  Batch/rank: 128
  LR:         0.001
================================================================================


================================================================================
DISTRIBUTED TRAINING LAUNCHER
================================================================================
  Model:      wide_resnet50_2 (pretrained)
  Dataset:    cifar10 (10 classes)
  Backend:    mpi
  Algorithm:  recursive_doubling_zfp_online_coll
  ZFP rate:   16
  Epochs:     20
  Batch/rank: 128
  LR:         0.001
================================================================================


================================================================================
DISTRIBUTED TRAINING LAUNCHER
================================================================================
  Model:      wide_resnet50_2 (pretrained)
  Dataset:    cifar10 (10 classes)
  Backend:    mpi
  Algorithm:  recursive_doubling_zfp_online_coll
  ZFP rate:   16
  Epochs:     20
  Batch/rank: 128
  LR:         0.001
================================================================================


================================================================================
DISTRIBUTED TRAINING LAUNCHER
================================================================================
  Model:      wide_resnet50_2 (pretrained)
  Dataset:    cifar10 (10 classes)
  Backend:    mpi
  Algorithm:  recursive_doubling_zfp_online_coll
  ZFP rate:   16
  Epochs:     20
  Batch/rank: 128
  LR:         0.001
================================================================================

[Data] Train batches: 24, Val batches: 5


[Epoch 1] Training... (lr=0.000001)
  Batch [5/24] Loss: 2.3619, Acc: 8.28%
  Batch [10/24] Loss: 2.3727, Acc: 9.69%
  Batch [15/24] Loss: 2.3634, Acc: 10.16%
  Batch [20/24] Loss: 2.3697, Acc: 9.77%
[Epoch 1] Train Loss: 2.3712, Acc: 9.54%  |  Val Loss: 2.4004, Acc: 9.28%  |  Time: 3.9s
  -> Best model saved (9.28%)
[Epoch 1] Summarizing hook timing...

[HOOK_TIMING_SUMMARY] epoch=1
[HOOK_WORK_SUMMARY] label=mpi:recursive_doubling_zfp_online_coll:rate16 calls=178 work_total_ms=2122.569 work_mean_ms=11.925 work_min_ms=4.151 work_max_ms=97.756
[HOOK_TAIL_SUMMARY] label=mpi:recursive_doubling_zfp_online_coll:rate16 steps=25 tail_total_ms=2036.619 tail_mean_ms=81.465 tail_min_ms=10.779 tail_max_ms=188.335
[Epoch 1] Hook timing summary done

[Epoch 2] Training... (lr=0.001000)
  Batch [5/24] Loss: 2.3709, Acc: 10.16%
  Batch [10/24] Loss: 2.3531, Acc: 10.94%
  Batch [15/24] Loss: 2.3346, Acc: 11.88%
  Batch [20/24] Loss: 2.3221, Acc: 12.54%
[Epoch 2] Train Loss: 2.3102, Acc: 13.15%  |  Val Loss: 2.2613, Acc: 18.88%  |  Time: 2.9s
  -> Best model saved (18.88%)
[Epoch 2] Summarizing hook timing...

[HOOK_TIMING_SUMMARY] epoch=2
[HOOK_WORK_SUMMARY] label=mpi:recursive_doubling_zfp_online_coll:rate16 calls=192 work_total_ms=2108.974 work_mean_ms=10.984 work_min_ms=4.167 work_max_ms=23.432
[HOOK_TAIL_SUMMARY] label=mpi:recursive_doubling_zfp_online_coll:rate16 steps=24 tail_total_ms=1889.680 tail_mean_ms=78.737 tail_min_ms=69.873 tail_max_ms=87.097
[Epoch 2] Hook timing summary done

[Epoch 3] Training... (lr=0.000993)
  Batch [5/24] Loss: 2.2471, Acc: 18.28%
  Batch [10/24] Loss: 2.2412, Acc: 18.05%
  Batch [15/24] Loss: 2.2363, Acc: 18.28%
  Batch [20/24] Loss: 2.2200, Acc: 19.06%
[Epoch 3] Train Loss: 2.2080, Acc: 19.79%  |  Val Loss: 2.2220, Acc: 26.56%  |  Time: 3.0s
  -> Best model saved (26.56%)
[Epoch 3] Summarizing hook timing...

[HOOK_TIMING_SUMMARY] epoch=3
[HOOK_WORK_SUMMARY] label=mpi:recursive_doubling_zfp_online_coll:rate16 calls=192 work_total_ms=2194.191 work_mean_ms=11.428 work_min_ms=4.467 work_max_ms=26.425
[HOOK_TAIL_SUMMARY] label=mpi:recursive_doubling_zfp_online_coll:rate16 steps=24 tail_total_ms=1981.992 tail_mean_ms=82.583 tail_min_ms=72.948 tail_max_ms=92.392
[Epoch 3] Hook timing summary done

[Epoch 4] Training... (lr=0.000973)
  Batch [5/24] Loss: 2.1392, Acc: 24.53%
  Batch [10/24] Loss: 2.1463, Acc: 24.22%
  Batch [15/24] Loss: 2.1418, Acc: 25.73%
  Batch [20/24] Loss: 2.1384, Acc: 26.33%
[Epoch 4] Train Loss: 2.1270, Acc: 27.34%  |  Val Loss: 2.0907, Acc: 33.44%  |  Time: 3.0s
  -> Best model saved (33.44%)
[Epoch 4] Summarizing hook timing...

[HOOK_TIMING_SUMMARY] epoch=4
[HOOK_WORK_SUMMARY] label=mpi:recursive_doubling_zfp_online_coll:rate16 calls=192 work_total_ms=2192.076 work_mean_ms=11.417 work_min_ms=4.418 work_max_ms=26.296
[HOOK_TAIL_SUMMARY] label=mpi:recursive_doubling_zfp_online_coll:rate16 steps=24 tail_total_ms=1979.705 tail_mean_ms=82.488 tail_min_ms=77.454 tail_max_ms=92.257
[Epoch 4] Hook timing summary done

[Epoch 5] Training... (lr=0.000940)
  Batch [5/24] Loss: 2.0429, Acc: 30.78%
  Batch [10/24] Loss: 2.0238, Acc: 30.78%
  Batch [15/24] Loss: 2.0231, Acc: 30.89%
  Batch [20/24] Loss: 2.0126, Acc: 31.52%
[Epoch 5] Train Loss: 1.9976, Acc: 32.45%  |  Val Loss: 1.9851, Acc: 36.80%  |  Time: 3.0s
  -> Best model saved (36.80%)
[Epoch 5] Summarizing hook timing...

[HOOK_TIMING_SUMMARY] epoch=5
[HOOK_WORK_SUMMARY] label=mpi:recursive_doubling_zfp_online_coll:rate16 calls=192 work_total_ms=2185.676 work_mean_ms=11.384 work_min_ms=4.218 work_max_ms=26.673
[HOOK_TAIL_SUMMARY] label=mpi:recursive_doubling_zfp_online_coll:rate16 steps=24 tail_total_ms=1964.754 tail_mean_ms=81.865 tail_min_ms=73.220 tail_max_ms=92.226
[Epoch 5] Hook timing summary done

[Epoch 6] Training... (lr=0.000895)
  Batch [5/24] Loss: 1.9704, Acc: 31.72%
  Batch [10/24] Loss: 1.9449, Acc: 34.61%
  Batch [15/24] Loss: 1.9260, Acc: 35.36%
  Batch [20/24] Loss: 1.9259, Acc: 35.12%
[Epoch 6] Train Loss: 1.9224, Acc: 35.45%  |  Val Loss: 1.8420, Acc: 40.96%  |  Time: 3.0s
  -> Best model saved (40.96%)
[Epoch 6] Summarizing hook timing...

[HOOK_TIMING_SUMMARY] epoch=6
[HOOK_WORK_SUMMARY] label=mpi:recursive_doubling_zfp_online_coll:rate16 calls=192 work_total_ms=2211.608 work_mean_ms=11.519 work_min_ms=4.315 work_max_ms=25.248
[HOOK_TAIL_SUMMARY] label=mpi:recursive_doubling_zfp_online_coll:rate16 steps=24 tail_total_ms=2000.277 tail_mean_ms=83.345 tail_min_ms=76.674 tail_max_ms=92.507
[Epoch 6] Hook timing summary done

[Epoch 7] Training... (lr=0.000839)
  Batch [5/24] Loss: 1.8699, Acc: 36.41%
  Batch [10/24] Loss: 1.8622, Acc: 36.88%
  Batch [15/24] Loss: 1.8690, Acc: 37.60%
  Batch [20/24] Loss: 1.8485, Acc: 38.20%
[Epoch 7] Train Loss: 1.8403, Acc: 38.74%  |  Val Loss: 1.7861, Acc: 44.32%  |  Time: 3.0s
  -> Best model saved (44.32%)
[Epoch 7] Summarizing hook timing...

[HOOK_TIMING_SUMMARY] epoch=7
[HOOK_WORK_SUMMARY] label=mpi:recursive_doubling_zfp_online_coll:rate16 calls=192 work_total_ms=2199.017 work_mean_ms=11.453 work_min_ms=4.888 work_max_ms=21.750
[HOOK_TAIL_SUMMARY] label=mpi:recursive_doubling_zfp_online_coll:rate16 steps=24 tail_total_ms=1985.413 tail_mean_ms=82.726 tail_min_ms=73.360 tail_max_ms=90.965
[Epoch 7] Hook timing summary done

[Epoch 8] Training... (lr=0.000773)
  Batch [5/24] Loss: 1.7253, Acc: 43.91%
  Batch [10/24] Loss: 1.7370, Acc: 43.67%
  Batch [15/24] Loss: 1.7373, Acc: 43.28%
  Batch [20/24] Loss: 1.7354, Acc: 43.05%
[Epoch 8] Train Loss: 1.7447, Acc: 42.32%  |  Val Loss: 1.6635, Acc: 45.92%  |  Time: 2.9s
  -> Best model saved (45.92%)
[Epoch 8] Summarizing hook timing...

[HOOK_TIMING_SUMMARY] epoch=8
[HOOK_WORK_SUMMARY] label=mpi:recursive_doubling_zfp_online_coll:rate16 calls=192 work_total_ms=2099.423 work_mean_ms=10.934 work_min_ms=4.214 work_max_ms=26.883
[HOOK_TAIL_SUMMARY] label=mpi:recursive_doubling_zfp_online_coll:rate16 steps=24 tail_total_ms=1878.649 tail_mean_ms=78.277 tail_min_ms=71.058 tail_max_ms=84.488
[Epoch 8] Hook timing summary done

[Epoch 9] Training... (lr=0.000701)
  Batch [5/24] Loss: 1.7235, Acc: 41.56%
  Batch [10/24] Loss: 1.7064, Acc: 42.89%
  Batch [15/24] Loss: 1.6749, Acc: 44.27%
  Batch [20/24] Loss: 1.6709, Acc: 44.10%
[Epoch 9] Train Loss: 1.6731, Acc: 43.98%  |  Val Loss: 1.5888, Acc: 48.00%  |  Time: 2.9s
  -> Best model saved (48.00%)
[Epoch 9] Summarizing hook timing...

[HOOK_TIMING_SUMMARY] epoch=9
[HOOK_WORK_SUMMARY] label=mpi:recursive_doubling_zfp_online_coll:rate16 calls=192 work_total_ms=2131.051 work_mean_ms=11.099 work_min_ms=3.896 work_max_ms=26.556
[HOOK_TAIL_SUMMARY] label=mpi:recursive_doubling_zfp_online_coll:rate16 steps=24 tail_total_ms=1911.649 tail_mean_ms=79.652 tail_min_ms=73.549 tail_max_ms=89.742
[Epoch 9] Hook timing summary done

[Epoch 10] Training... (lr=0.000623)
  Batch [5/24] Loss: 1.6311, Acc: 45.62%
  Batch [10/24] Loss: 1.6199, Acc: 45.39%
  Batch [15/24] Loss: 1.6285, Acc: 44.79%
  Batch [20/24] Loss: 1.6141, Acc: 45.23%
[Epoch 10] Train Loss: 1.6103, Acc: 45.38%  |  Val Loss: 1.5384, Acc: 48.96%  |  Time: 3.0s
  -> Best model saved (48.96%)
[Epoch 10] Summarizing hook timing...

[HOOK_TIMING_SUMMARY] epoch=10
[HOOK_WORK_SUMMARY] label=mpi:recursive_doubling_zfp_online_coll:rate16 calls=192 work_total_ms=2181.759 work_mean_ms=11.363 work_min_ms=4.522 work_max_ms=26.116
[HOOK_TAIL_SUMMARY] label=mpi:recursive_doubling_zfp_online_coll:rate16 steps=24 tail_total_ms=1960.476 tail_mean_ms=81.687 tail_min_ms=70.958 tail_max_ms=92.954
[Epoch 10] Hook timing summary done

[Epoch 11] Training... (lr=0.000541)
  Batch [5/24] Loss: 1.5158, Acc: 53.12%
  Batch [10/24] Loss: 1.5599, Acc: 50.08%
  Batch [15/24] Loss: 1.5655, Acc: 48.96%
  Batch [20/24] Loss: 1.5646, Acc: 47.81%
[Epoch 11] Train Loss: 1.5659, Acc: 47.23%  |  Val Loss: 1.4973, Acc: 49.28%  |  Time: 3.0s
  -> Best model saved (49.28%)
[Epoch 11] Summarizing hook timing...

[HOOK_TIMING_SUMMARY] epoch=11
[HOOK_WORK_SUMMARY] label=mpi:recursive_doubling_zfp_online_coll:rate16 calls=192 work_total_ms=2180.423 work_mean_ms=11.356 work_min_ms=4.450 work_max_ms=26.442
[HOOK_TAIL_SUMMARY] label=mpi:recursive_doubling_zfp_online_coll:rate16 steps=24 tail_total_ms=1959.824 tail_mean_ms=81.659 tail_min_ms=72.175 tail_max_ms=89.655
[Epoch 11] Hook timing summary done

[Epoch 12] Training... (lr=0.000459)
  Batch [5/24] Loss: 1.5287, Acc: 47.03%
  Batch [10/24] Loss: 1.5801, Acc: 45.70%
  Batch [15/24] Loss: 1.5568, Acc: 46.72%
  Batch [20/24] Loss: 1.5442, Acc: 47.50%
[Epoch 12] Train Loss: 1.5418, Acc: 47.79%  |  Val Loss: 1.4650, Acc: 52.80%  |  Time: 3.0s
  -> Best model saved (52.80%)
[Epoch 12] Summarizing hook timing...

[HOOK_TIMING_SUMMARY] epoch=12
[HOOK_WORK_SUMMARY] label=mpi:recursive_doubling_zfp_online_coll:rate16 calls=192 work_total_ms=2171.958 work_mean_ms=11.312 work_min_ms=3.077 work_max_ms=27.579
[HOOK_TAIL_SUMMARY] label=mpi:recursive_doubling_zfp_online_coll:rate16 steps=24 tail_total_ms=1962.024 tail_mean_ms=81.751 tail_min_ms=73.954 tail_max_ms=93.156
[Epoch 12] Hook timing summary done

[Epoch 13] Training... (lr=0.000377)
  Batch [5/24] Loss: 1.5094, Acc: 51.09%
  Batch [10/24] Loss: 1.5276, Acc: 48.91%
  Batch [15/24] Loss: 1.5250, Acc: 49.32%
  Batch [20/24] Loss: 1.5061, Acc: 49.84%
[Epoch 13] Train Loss: 1.4894, Acc: 50.46%  |  Val Loss: 1.4337, Acc: 52.00%  |  Time: 3.0s
[Epoch 13] Summarizing hook timing...

[HOOK_TIMING_SUMMARY] epoch=13
[HOOK_WORK_SUMMARY] label=mpi:recursive_doubling_zfp_online_coll:rate16 calls=192 work_total_ms=2162.558 work_mean_ms=11.263 work_min_ms=3.564 work_max_ms=26.591
[HOOK_TAIL_SUMMARY] label=mpi:recursive_doubling_zfp_online_coll:rate16 steps=24 tail_total_ms=1950.127 tail_mean_ms=81.255 tail_min_ms=70.162 tail_max_ms=89.307
[Epoch 13] Hook timing summary done

[Epoch 14] Training... (lr=0.000299)
  Batch [5/24] Loss: 1.5252, Acc: 47.81%
  Batch [10/24] Loss: 1.5154, Acc: 47.81%
  Batch [15/24] Loss: 1.5228, Acc: 48.33%
  Batch [20/24] Loss: 1.5074, Acc: 49.26%
[Epoch 14] Train Loss: 1.5113, Acc: 48.60%  |  Val Loss: 1.3994, Acc: 53.12%  |  Time: 2.9s
  -> Best model saved (53.12%)
[Epoch 14] Summarizing hook timing...

[HOOK_TIMING_SUMMARY] epoch=14
[HOOK_WORK_SUMMARY] label=mpi:recursive_doubling_zfp_online_coll:rate16 calls=192 work_total_ms=2114.670 work_mean_ms=11.014 work_min_ms=4.202 work_max_ms=25.216
[HOOK_TAIL_SUMMARY] label=mpi:recursive_doubling_zfp_online_coll:rate16 steps=24 tail_total_ms=1896.218 tail_mean_ms=79.009 tail_min_ms=73.511 tail_max_ms=98.268
[Epoch 14] Hook timing summary done

[Epoch 15] Training... (lr=0.000227)
  Batch [5/24] Loss: 1.5480, Acc: 49.84%
  Batch [10/24] Loss: 1.5392, Acc: 48.91%
  Batch [15/24] Loss: 1.5297, Acc: 49.53%
  Batch [20/24] Loss: 1.5094, Acc: 50.08%
[Epoch 15] Train Loss: 1.5010, Acc: 50.23%  |  Val Loss: 1.4203, Acc: 53.92%  |  Time: 3.0s
  -> Best model saved (53.92%)
[Epoch 15] Summarizing hook timing...

[HOOK_TIMING_SUMMARY] epoch=15
[HOOK_WORK_SUMMARY] label=mpi:recursive_doubling_zfp_online_coll:rate16 calls=192 work_total_ms=2191.256 work_mean_ms=11.413 work_min_ms=4.700 work_max_ms=26.391
[HOOK_TAIL_SUMMARY] label=mpi:recursive_doubling_zfp_online_coll:rate16 steps=24 tail_total_ms=1964.648 tail_mean_ms=81.860 tail_min_ms=70.547 tail_max_ms=93.117
[Epoch 15] Hook timing summary done

[Epoch 16] Training... (lr=0.000161)
  Batch [5/24] Loss: 1.4581, Acc: 51.56%
  Batch [10/24] Loss: 1.4504, Acc: 51.33%
  Batch [15/24] Loss: 1.4491, Acc: 51.51%
  Batch [20/24] Loss: 1.4583, Acc: 50.98%
[Epoch 16] Train Loss: 1.4567, Acc: 51.07%  |  Val Loss: 1.3962, Acc: 52.64%  |  Time: 2.9s
[Epoch 16] Summarizing hook timing...

[HOOK_TIMING_SUMMARY] epoch=16
[HOOK_WORK_SUMMARY] label=mpi:recursive_doubling_zfp_online_coll:rate16 calls=192 work_total_ms=2142.531 work_mean_ms=11.159 work_min_ms=4.264 work_max_ms=26.845
[HOOK_TAIL_SUMMARY] label=mpi:recursive_doubling_zfp_online_coll:rate16 steps=24 tail_total_ms=1918.327 tail_mean_ms=79.930 tail_min_ms=73.626 tail_max_ms=91.932
[Epoch 16] Hook timing summary done

[Epoch 17] Training... (lr=0.000105)
  Batch [5/24] Loss: 1.4696, Acc: 49.22%
  Batch [10/24] Loss: 1.4420, Acc: 50.23%
  Batch [15/24] Loss: 1.4268, Acc: 50.99%
  Batch [20/24] Loss: 1.4156, Acc: 51.99%
[Epoch 17] Train Loss: 1.4325, Acc: 51.53%  |  Val Loss: 1.3835, Acc: 53.28%  |  Time: 3.0s
[Epoch 17] Summarizing hook timing...

[HOOK_TIMING_SUMMARY] epoch=17
[HOOK_WORK_SUMMARY] label=mpi:recursive_doubling_zfp_online_coll:rate16 calls=192 work_total_ms=2235.116 work_mean_ms=11.641 work_min_ms=4.535 work_max_ms=50.067
[HOOK_TAIL_SUMMARY] label=mpi:recursive_doubling_zfp_online_coll:rate16 steps=24 tail_total_ms=2021.459 tail_mean_ms=84.227 tail_min_ms=74.380 tail_max_ms=126.532
[Epoch 17] Hook timing summary done

[Epoch 18] Training... (lr=0.000060)
  Batch [5/24] Loss: 1.4596, Acc: 50.00%
  Batch [10/24] Loss: 1.4658, Acc: 50.16%
  Batch [15/24] Loss: 1.4543, Acc: 50.57%
  Batch [20/24] Loss: 1.4673, Acc: 50.78%
[Epoch 18] Train Loss: 1.4675, Acc: 50.55%  |  Val Loss: 1.3840, Acc: 54.56%  |  Time: 3.0s
  -> Best model saved (54.56%)
[Epoch 18] Summarizing hook timing...

[HOOK_TIMING_SUMMARY] epoch=18
[HOOK_WORK_SUMMARY] label=mpi:recursive_doubling_zfp_online_coll:rate16 calls=192 work_total_ms=2153.895 work_mean_ms=11.218 work_min_ms=4.519 work_max_ms=46.798
[HOOK_TAIL_SUMMARY] label=mpi:recursive_doubling_zfp_online_coll:rate16 steps=24 tail_total_ms=1932.908 tail_mean_ms=80.538 tail_min_ms=72.140 tail_max_ms=113.553
[Epoch 18] Hook timing summary done

[Epoch 19] Training... (lr=0.000027)
  Batch [5/24] Loss: 1.4453, Acc: 51.88%
  Batch [10/24] Loss: 1.4799, Acc: 50.55%
  Batch [15/24] Loss: 1.4723, Acc: 50.36%
  Batch [20/24] Loss: 1.4698, Acc: 50.66%
[Epoch 19] Train Loss: 1.4682, Acc: 50.52%  |  Val Loss: 1.3760, Acc: 53.92%  |  Time: 3.0s
[Epoch 19] Summarizing hook timing...

[HOOK_TIMING_SUMMARY] epoch=19
[HOOK_WORK_SUMMARY] label=mpi:recursive_doubling_zfp_online_coll:rate16 calls=192 work_total_ms=2219.353 work_mean_ms=11.559 work_min_ms=4.614 work_max_ms=27.180
[HOOK_TAIL_SUMMARY] label=mpi:recursive_doubling_zfp_online_coll:rate16 steps=24 tail_total_ms=2005.868 tail_mean_ms=83.578 tail_min_ms=74.642 tail_max_ms=90.116
[Epoch 19] Hook timing summary done

[Epoch 20] Training... (lr=0.000007)
  Batch [5/24] Loss: 1.4477, Acc: 49.84%
  Batch [10/24] Loss: 1.4552, Acc: 50.86%
  Batch [15/24] Loss: 1.4548, Acc: 50.52%
  Batch [20/24] Loss: 1.4574, Acc: 50.51%
[Epoch 20] Train Loss: 1.4628, Acc: 50.29%  |  Val Loss: 1.3754, Acc: 53.60%  |  Time: 2.9s
[Epoch 20] Summarizing hook timing...

[HOOK_TIMING_SUMMARY] epoch=20
[HOOK_WORK_SUMMARY] label=mpi:recursive_doubling_zfp_online_coll:rate16 calls=192 work_total_ms=2128.206 work_mean_ms=11.084 work_min_ms=4.726 work_max_ms=51.306
[HOOK_TAIL_SUMMARY] label=mpi:recursive_doubling_zfp_online_coll:rate16 steps=24 tail_total_ms=1913.474 tail_mean_ms=79.728 tail_min_ms=71.808 tail_max_ms=120.795
[Epoch 20] Hook timing summary done

================================================================================
Done in 73.2s | Best val acc: 54.56%
Epoch times: mean=3.0s  min=2.9s  max=3.9s
================================================================================
=== Finished training: backend=mpi, hook=recursive_doubling_zfp_online_coll, zfp_rate=16, status=0 at Fri May 22 03:52:09 PM UTC 2026 ===
=== Starting training: backend=mpi, hook=recursive_doubling_zfp_online_coll, zfp_rate=8 at Fri May 22 03:52:09 PM UTC 2026 ===

================================================================================
DISTRIBUTED TRAINING LAUNCHER
================================================================================
  Model:      wide_resnet50_2 (pretrained)
  Dataset:    cifar10 (10 classes)
  Backend:    mpi
  Algorithm:  recursive_doubling_zfp_online_coll
  ZFP rate:   8
  Epochs:     20
  Batch/rank: 128
  LR:         0.001
================================================================================


================================================================================
Distributed Training: WIDE_RESNET50_2 on CIFAR10
Backend: MPI, Algorithm: recursive_doubling_zfp_online_coll
================================================================================
Ranks: 16, Epochs: 20, Batch/rank: 128, Effective batch: 2048
LR: 0.001, Device: cuda:0

[Setup] Model on cuda:0, wrapped in DDP (static_graph=True)
[Setup] Hook registered: mpi/recursive_doubling_zfp_online_coll

================================================================================
DISTRIBUTED TRAINING LAUNCHER
================================================================================
  Model:      wide_resnet50_2 (pretrained)
  Dataset:    cifar10 (10 classes)
  Backend:    mpi
  Algorithm:  recursive_doubling_zfp_online_coll
  ZFP rate:   8
  Epochs:     20
  Batch/rank: 128
  LR:         0.001
================================================================================


================================================================================
DISTRIBUTED TRAINING LAUNCHER
================================================================================
  Model:      wide_resnet50_2 (pretrained)
  Dataset:    cifar10 (10 classes)
  Backend:    mpi
  Algorithm:  recursive_doubling_zfp_online_coll
  ZFP rate:   8
  Epochs:     20
  Batch/rank: 128
  LR:         0.001
================================================================================


================================================================================
DISTRIBUTED TRAINING LAUNCHER
================================================================================
  Model:      wide_resnet50_2 (pretrained)
  Dataset:    cifar10 (10 classes)
  Backend:    mpi
  Algorithm:  recursive_doubling_zfp_online_coll
  ZFP rate:   8
  Epochs:     20
  Batch/rank: 128
  LR:         0.001
================================================================================


================================================================================
DISTRIBUTED TRAINING LAUNCHER
================================================================================
  Model:      wide_resnet50_2 (pretrained)
  Dataset:    cifar10 (10 classes)
  Backend:    mpi
  Algorithm:  recursive_doubling_zfp_online_coll
  ZFP rate:   8
  Epochs:     20
  Batch/rank: 128
  LR:         0.001
================================================================================


================================================================================
DISTRIBUTED TRAINING LAUNCHER
================================================================================
  Model:      wide_resnet50_2 (pretrained)
  Dataset:    cifar10 (10 classes)
  Backend:    mpi
  Algorithm:  recursive_doubling_zfp_online_coll
  ZFP rate:   8
  Epochs:     20
  Batch/rank: 128
  LR:         0.001
================================================================================


================================================================================
DISTRIBUTED TRAINING LAUNCHER
================================================================================
  Model:      wide_resnet50_2 (pretrained)
  Dataset:    cifar10 (10 classes)
  Backend:    mpi
  Algorithm:  recursive_doubling_zfp_online_coll
  ZFP rate:   8
  Epochs:     20
  Batch/rank: 128
  LR:         0.001
================================================================================


================================================================================
DISTRIBUTED TRAINING LAUNCHER
================================================================================
  Model:      wide_resnet50_2 (pretrained)
  Dataset:    cifar10 (10 classes)
  Backend:    mpi
  Algorithm:  recursive_doubling_zfp_online_coll
  ZFP rate:   8
  Epochs:     20
  Batch/rank: 128
  LR:         0.001
================================================================================


================================================================================
DISTRIBUTED TRAINING LAUNCHER
================================================================================
  Model:      wide_resnet50_2 (pretrained)
  Dataset:    cifar10 (10 classes)
  Backend:    mpi
  Algorithm:  recursive_doubling_zfp_online_coll
  ZFP rate:   8
  Epochs:     20
  Batch/rank: 128
  LR:         0.001
================================================================================


================================================================================
DISTRIBUTED TRAINING LAUNCHER
================================================================================
  Model:      wide_resnet50_2 (pretrained)
  Dataset:    cifar10 (10 classes)
  Backend:    mpi
  Algorithm:  recursive_doubling_zfp_online_coll
  ZFP rate:   8
  Epochs:     20
  Batch/rank: 128
  LR:         0.001
================================================================================


================================================================================
DISTRIBUTED TRAINING LAUNCHER
================================================================================
  Model:      wide_resnet50_2 (pretrained)
  Dataset:    cifar10 (10 classes)
  Backend:    mpi
  Algorithm:  recursive_doubling_zfp_online_coll
  ZFP rate:   8
  Epochs:     20
  Batch/rank: 128
  LR:         0.001
================================================================================


================================================================================
DISTRIBUTED TRAINING LAUNCHER
================================================================================
  Model:      wide_resnet50_2 (pretrained)
  Dataset:    cifar10 (10 classes)
  Backend:    mpi
  Algorithm:  recursive_doubling_zfp_online_coll
  ZFP rate:   8
  Epochs:     20
  Batch/rank: 128
  LR:         0.001
================================================================================


================================================================================
DISTRIBUTED TRAINING LAUNCHER
================================================================================
  Model:      wide_resnet50_2 (pretrained)
  Dataset:    cifar10 (10 classes)
  Backend:    mpi
  Algorithm:  recursive_doubling_zfp_online_coll
  ZFP rate:   8
  Epochs:     20
  Batch/rank: 128
  LR:         0.001
================================================================================

[Data] Train batches: 24, Val batches: 5


[Epoch 1] Training... (lr=0.000001)

================================================================================
DISTRIBUTED TRAINING LAUNCHER
================================================================================
  Model:      wide_resnet50_2 (pretrained)
  Dataset:    cifar10 (10 classes)
  Backend:    mpi
  Algorithm:  recursive_doubling_zfp_online_coll
  ZFP rate:   8
  Epochs:     20
  Batch/rank: 128
  LR:         0.001
================================================================================


================================================================================
DISTRIBUTED TRAINING LAUNCHER
================================================================================
  Model:      wide_resnet50_2 (pretrained)
  Dataset:    cifar10 (10 classes)
  Backend:    mpi
  Algorithm:  recursive_doubling_zfp_online_coll
  ZFP rate:   8
  Epochs:     20
  Batch/rank: 128
  LR:         0.001
================================================================================


================================================================================
DISTRIBUTED TRAINING LAUNCHER
================================================================================
  Model:      wide_resnet50_2 (pretrained)
  Dataset:    cifar10 (10 classes)
  Backend:    mpi
  Algorithm:  recursive_doubling_zfp_online_coll
  ZFP rate:   8
  Epochs:     20
  Batch/rank: 128
  LR:         0.001
================================================================================

  Batch [5/24] Loss: 2.3618, Acc: 8.28%
  Batch [10/24] Loss: 2.3725, Acc: 9.77%
  Batch [15/24] Loss: 2.3633, Acc: 10.16%
  Batch [20/24] Loss: 2.3697, Acc: 9.77%
[Epoch 1] Train Loss: 2.3712, Acc: 9.54%  |  Val Loss: 2.4005, Acc: 9.28%  |  Time: 3.1s
  -> Best model saved (9.28%)
[Epoch 1] Summarizing hook timing...

[HOOK_TIMING_SUMMARY] epoch=1
[HOOK_WORK_SUMMARY] label=mpi:recursive_doubling_zfp_online_coll:rate8 calls=178 work_total_ms=1321.012 work_mean_ms=7.421 work_min_ms=3.230 work_max_ms=68.933
[HOOK_TAIL_SUMMARY] label=mpi:recursive_doubling_zfp_online_coll:rate8 steps=25 tail_total_ms=1240.591 tail_mean_ms=49.624 tail_min_ms=11.347 tail_max_ms=183.223
[Epoch 1] Hook timing summary done

[Epoch 2] Training... (lr=0.001000)
  Batch [5/24] Loss: 2.3718, Acc: 8.75%
  Batch [10/24] Loss: 2.3552, Acc: 9.22%
  Batch [15/24] Loss: 2.3349, Acc: 10.36%
  Batch [20/24] Loss: 2.3234, Acc: 11.41%
[Epoch 2] Train Loss: 2.3101, Acc: 12.30%  |  Val Loss: 2.2783, Acc: 15.84%  |  Time: 2.1s
  -> Best model saved (15.84%)
[Epoch 2] Summarizing hook timing...

[HOOK_TIMING_SUMMARY] epoch=2
[HOOK_WORK_SUMMARY] label=mpi:recursive_doubling_zfp_online_coll:rate8 calls=192 work_total_ms=1304.760 work_mean_ms=6.796 work_min_ms=3.398 work_max_ms=12.133
[HOOK_TAIL_SUMMARY] label=mpi:recursive_doubling_zfp_online_coll:rate8 steps=24 tail_total_ms=1078.897 tail_mean_ms=44.954 tail_min_ms=40.486 tail_max_ms=48.490
[Epoch 2] Hook timing summary done

[Epoch 3] Training... (lr=0.000993)
  Batch [5/24] Loss: 2.2579, Acc: 15.31%
  Batch [10/24] Loss: 2.2402, Acc: 17.81%
  Batch [15/24] Loss: 2.2367, Acc: 18.44%
  Batch [20/24] Loss: 2.2209, Acc: 18.98%
[Epoch 3] Train Loss: 2.2115, Acc: 19.37%  |  Val Loss: 2.4146, Acc: 24.16%  |  Time: 2.1s
  -> Best model saved (24.16%)
[Epoch 3] Summarizing hook timing...

[HOOK_TIMING_SUMMARY] epoch=3
[HOOK_WORK_SUMMARY] label=mpi:recursive_doubling_zfp_online_coll:rate8 calls=192 work_total_ms=1292.496 work_mean_ms=6.732 work_min_ms=3.452 work_max_ms=12.166
[HOOK_TAIL_SUMMARY] label=mpi:recursive_doubling_zfp_online_coll:rate8 steps=24 tail_total_ms=1070.398 tail_mean_ms=44.600 tail_min_ms=40.710 tail_max_ms=46.708
[Epoch 3] Hook timing summary done

[Epoch 4] Training... (lr=0.000973)
  Batch [5/24] Loss: 2.1511, Acc: 24.22%
  Batch [10/24] Loss: 2.1579, Acc: 23.98%
  Batch [15/24] Loss: 2.1538, Acc: 25.16%
  Batch [20/24] Loss: 2.1476, Acc: 25.70%
[Epoch 4] Train Loss: 2.1349, Acc: 26.76%  |  Val Loss: 2.1150, Acc: 32.00%  |  Time: 2.0s
  -> Best model saved (32.00%)
[Epoch 4] Summarizing hook timing...

[HOOK_TIMING_SUMMARY] epoch=4
[HOOK_WORK_SUMMARY] label=mpi:recursive_doubling_zfp_online_coll:rate8 calls=192 work_total_ms=1280.849 work_mean_ms=6.671 work_min_ms=3.163 work_max_ms=12.551
[HOOK_TAIL_SUMMARY] label=mpi:recursive_doubling_zfp_online_coll:rate8 steps=24 tail_total_ms=1053.696 tail_mean_ms=43.904 tail_min_ms=42.412 tail_max_ms=44.871
[Epoch 4] Hook timing summary done

[Epoch 5] Training... (lr=0.000940)
  Batch [5/24] Loss: 2.0845, Acc: 29.69%
  Batch [10/24] Loss: 2.0401, Acc: 30.47%
  Batch [15/24] Loss: 2.0371, Acc: 29.95%
  Batch [20/24] Loss: 2.0247, Acc: 30.70%
[Epoch 5] Train Loss: 2.0095, Acc: 31.32%  |  Val Loss: 2.0076, Acc: 36.96%  |  Time: 2.1s
  -> Best model saved (36.96%)
[Epoch 5] Summarizing hook timing...

[HOOK_TIMING_SUMMARY] epoch=5
[HOOK_WORK_SUMMARY] label=mpi:recursive_doubling_zfp_online_coll:rate8 calls=192 work_total_ms=1302.757 work_mean_ms=6.785 work_min_ms=3.219 work_max_ms=13.332
[HOOK_TAIL_SUMMARY] label=mpi:recursive_doubling_zfp_online_coll:rate8 steps=24 tail_total_ms=1089.424 tail_mean_ms=45.393 tail_min_ms=43.670 tail_max_ms=47.908
[Epoch 5] Hook timing summary done

[Epoch 6] Training... (lr=0.000895)
  Batch [5/24] Loss: 1.9791, Acc: 32.03%
  Batch [10/24] Loss: 1.9527, Acc: 33.91%
  Batch [15/24] Loss: 1.9312, Acc: 35.05%
  Batch [20/24] Loss: 1.9281, Acc: 34.61%
[Epoch 6] Train Loss: 1.9248, Acc: 34.96%  |  Val Loss: 1.8416, Acc: 39.84%  |  Time: 2.1s
  -> Best model saved (39.84%)
[Epoch 6] Summarizing hook timing...

[HOOK_TIMING_SUMMARY] epoch=6
[HOOK_WORK_SUMMARY] label=mpi:recursive_doubling_zfp_online_coll:rate8 calls=192 work_total_ms=1306.495 work_mean_ms=6.805 work_min_ms=3.361 work_max_ms=14.793
[HOOK_TAIL_SUMMARY] label=mpi:recursive_doubling_zfp_online_coll:rate8 steps=24 tail_total_ms=1094.384 tail_mean_ms=45.599 tail_min_ms=42.983 tail_max_ms=48.861
[Epoch 6] Hook timing summary done

[Epoch 7] Training... (lr=0.000839)
  Batch [5/24] Loss: 1.8758, Acc: 36.09%
  Batch [10/24] Loss: 1.8672, Acc: 36.41%
  Batch [15/24] Loss: 1.8717, Acc: 37.24%
  Batch [20/24] Loss: 1.8531, Acc: 38.20%
[Epoch 7] Train Loss: 1.8407, Acc: 38.44%  |  Val Loss: 1.7780, Acc: 42.56%  |  Time: 2.1s
  -> Best model saved (42.56%)
[Epoch 7] Summarizing hook timing...

[HOOK_TIMING_SUMMARY] epoch=7
[HOOK_WORK_SUMMARY] label=mpi:recursive_doubling_zfp_online_coll:rate8 calls=192 work_total_ms=1301.328 work_mean_ms=6.778 work_min_ms=3.325 work_max_ms=12.719
[HOOK_TAIL_SUMMARY] label=mpi:recursive_doubling_zfp_online_coll:rate8 steps=24 tail_total_ms=1088.068 tail_mean_ms=45.336 tail_min_ms=43.443 tail_max_ms=47.494
[Epoch 7] Hook timing summary done

[Epoch 8] Training... (lr=0.000773)
  Batch [5/24] Loss: 1.7258, Acc: 44.38%
  Batch [10/24] Loss: 1.7404, Acc: 44.06%
  Batch [15/24] Loss: 1.7403, Acc: 43.23%
  Batch [20/24] Loss: 1.7348, Acc: 43.20%
[Epoch 8] Train Loss: 1.7440, Acc: 42.45%  |  Val Loss: 1.6603, Acc: 44.96%  |  Time: 2.0s
  -> Best model saved (44.96%)
[Epoch 8] Summarizing hook timing...

[HOOK_TIMING_SUMMARY] epoch=8
[HOOK_WORK_SUMMARY] label=mpi:recursive_doubling_zfp_online_coll:rate8 calls=192 work_total_ms=1301.639 work_mean_ms=6.779 work_min_ms=3.297 work_max_ms=12.715
[HOOK_TAIL_SUMMARY] label=mpi:recursive_doubling_zfp_online_coll:rate8 steps=24 tail_total_ms=1088.483 tail_mean_ms=45.353 tail_min_ms=43.043 tail_max_ms=48.841
[Epoch 8] Hook timing summary done

[Epoch 9] Training... (lr=0.000701)
  Batch [5/24] Loss: 1.7265, Acc: 40.78%
  Batch [10/24] Loss: 1.7063, Acc: 42.42%
  Batch [15/24] Loss: 1.6747, Acc: 44.17%
  Batch [20/24] Loss: 1.6693, Acc: 44.38%
[Epoch 9] Train Loss: 1.6712, Acc: 44.24%  |  Val Loss: 1.5884, Acc: 46.40%  |  Time: 2.0s
  -> Best model saved (46.40%)
[Epoch 9] Summarizing hook timing...

[HOOK_TIMING_SUMMARY] epoch=9
[HOOK_WORK_SUMMARY] label=mpi:recursive_doubling_zfp_online_coll:rate8 calls=192 work_total_ms=1294.589 work_mean_ms=6.743 work_min_ms=3.324 work_max_ms=12.785
[HOOK_TAIL_SUMMARY] label=mpi:recursive_doubling_zfp_online_coll:rate8 steps=24 tail_total_ms=1081.013 tail_mean_ms=45.042 tail_min_ms=42.296 tail_max_ms=47.495
[Epoch 9] Hook timing summary done

[Epoch 10] Training... (lr=0.000623)
  Batch [5/24] Loss: 1.6283, Acc: 47.66%
  Batch [10/24] Loss: 1.6200, Acc: 46.64%
  Batch [15/24] Loss: 1.6260, Acc: 46.20%
  Batch [20/24] Loss: 1.6155, Acc: 46.52%
[Epoch 10] Train Loss: 1.6095, Acc: 46.45%  |  Val Loss: 1.5387, Acc: 48.80%  |  Time: 2.1s
  -> Best model saved (48.80%)
[Epoch 10] Summarizing hook timing...

[HOOK_TIMING_SUMMARY] epoch=10
[HOOK_WORK_SUMMARY] label=mpi:recursive_doubling_zfp_online_coll:rate8 calls=192 work_total_ms=1273.457 work_mean_ms=6.633 work_min_ms=2.743 work_max_ms=13.869
[HOOK_TAIL_SUMMARY] label=mpi:recursive_doubling_zfp_online_coll:rate8 steps=24 tail_total_ms=1052.796 tail_mean_ms=43.867 tail_min_ms=41.278 tail_max_ms=48.165
[Epoch 10] Hook timing summary done

[Epoch 11] Training... (lr=0.000541)
  Batch [5/24] Loss: 1.5132, Acc: 50.62%
  Batch [10/24] Loss: 1.5561, Acc: 48.75%
  Batch [15/24] Loss: 1.5635, Acc: 48.18%
  Batch [20/24] Loss: 1.5646, Acc: 47.58%
[Epoch 11] Train Loss: 1.5652, Acc: 47.04%  |  Val Loss: 1.4945, Acc: 49.28%  |  Time: 2.1s
  -> Best model saved (49.28%)
[Epoch 11] Summarizing hook timing...

[HOOK_TIMING_SUMMARY] epoch=11
[HOOK_WORK_SUMMARY] label=mpi:recursive_doubling_zfp_online_coll:rate8 calls=192 work_total_ms=1277.548 work_mean_ms=6.654 work_min_ms=3.117 work_max_ms=12.879
[HOOK_TAIL_SUMMARY] label=mpi:recursive_doubling_zfp_online_coll:rate8 steps=24 tail_total_ms=1048.525 tail_mean_ms=43.689 tail_min_ms=40.115 tail_max_ms=47.227
[Epoch 11] Hook timing summary done

[Epoch 12] Training... (lr=0.000459)
  Batch [5/24] Loss: 1.5305, Acc: 48.59%
  Batch [10/24] Loss: 1.5799, Acc: 46.02%
  Batch [15/24] Loss: 1.5536, Acc: 46.98%
  Batch [20/24] Loss: 1.5412, Acc: 47.46%
[Epoch 12] Train Loss: 1.5382, Acc: 47.85%  |  Val Loss: 1.4614, Acc: 51.04%  |  Time: 2.1s
  -> Best model saved (51.04%)
[Epoch 12] Summarizing hook timing...

[HOOK_TIMING_SUMMARY] epoch=12
[HOOK_WORK_SUMMARY] label=mpi:recursive_doubling_zfp_online_coll:rate8 calls=192 work_total_ms=1294.770 work_mean_ms=6.744 work_min_ms=3.370 work_max_ms=12.511
[HOOK_TAIL_SUMMARY] label=mpi:recursive_doubling_zfp_online_coll:rate8 steps=24 tail_total_ms=1074.937 tail_mean_ms=44.789 tail_min_ms=40.686 tail_max_ms=47.527
[Epoch 12] Hook timing summary done

[Epoch 13] Training... (lr=0.000377)
  Batch [5/24] Loss: 1.5240, Acc: 50.31%
  Batch [10/24] Loss: 1.5289, Acc: 47.97%
  Batch [15/24] Loss: 1.5250, Acc: 48.44%
  Batch [20/24] Loss: 1.5061, Acc: 49.38%
[Epoch 13] Train Loss: 1.4914, Acc: 50.33%  |  Val Loss: 1.4284, Acc: 52.32%  |  Time: 2.1s
  -> Best model saved (52.32%)
[Epoch 13] Summarizing hook timing...

[HOOK_TIMING_SUMMARY] epoch=13
[HOOK_WORK_SUMMARY] label=mpi:recursive_doubling_zfp_online_coll:rate8 calls=192 work_total_ms=1293.824 work_mean_ms=6.739 work_min_ms=3.154 work_max_ms=12.790
[HOOK_TAIL_SUMMARY] label=mpi:recursive_doubling_zfp_online_coll:rate8 steps=24 tail_total_ms=1069.257 tail_mean_ms=44.552 tail_min_ms=39.042 tail_max_ms=46.991
[Epoch 13] Hook timing summary done

[Epoch 14] Training... (lr=0.000299)
  Batch [5/24] Loss: 1.5020, Acc: 48.59%
  Batch [10/24] Loss: 1.5030, Acc: 48.67%
  Batch [15/24] Loss: 1.5112, Acc: 48.70%
  Batch [20/24] Loss: 1.4961, Acc: 49.53%
[Epoch 14] Train Loss: 1.5013, Acc: 48.99%  |  Val Loss: 1.3991, Acc: 52.96%  |  Time: 2.1s
  -> Best model saved (52.96%)
[Epoch 14] Summarizing hook timing...

[HOOK_TIMING_SUMMARY] epoch=14
[HOOK_WORK_SUMMARY] label=mpi:recursive_doubling_zfp_online_coll:rate8 calls=192 work_total_ms=1278.308 work_mean_ms=6.658 work_min_ms=3.154 work_max_ms=13.659
[HOOK_TAIL_SUMMARY] label=mpi:recursive_doubling_zfp_online_coll:rate8 steps=24 tail_total_ms=1056.349 tail_mean_ms=44.015 tail_min_ms=42.494 tail_max_ms=46.169
[Epoch 14] Hook timing summary done

[Epoch 15] Training... (lr=0.000227)
  Batch [5/24] Loss: 1.5342, Acc: 48.59%
  Batch [10/24] Loss: 1.5266, Acc: 48.44%
  Batch [15/24] Loss: 1.5237, Acc: 48.91%
  Batch [20/24] Loss: 1.5064, Acc: 49.53%
[Epoch 15] Train Loss: 1.4999, Acc: 49.80%  |  Val Loss: 1.4048, Acc: 53.76%  |  Time: 2.1s
  -> Best model saved (53.76%)
[Epoch 15] Summarizing hook timing...

[HOOK_TIMING_SUMMARY] epoch=15
[HOOK_WORK_SUMMARY] label=mpi:recursive_doubling_zfp_online_coll:rate8 calls=192 work_total_ms=1294.941 work_mean_ms=6.744 work_min_ms=2.317 work_max_ms=14.930
[HOOK_TAIL_SUMMARY] label=mpi:recursive_doubling_zfp_online_coll:rate8 steps=24 tail_total_ms=1084.909 tail_mean_ms=45.205 tail_min_ms=43.116 tail_max_ms=52.579
[Epoch 15] Hook timing summary done

[Epoch 16] Training... (lr=0.000161)
  Batch [5/24] Loss: 1.4480, Acc: 52.03%
  Batch [10/24] Loss: 1.4453, Acc: 52.27%
  Batch [15/24] Loss: 1.4420, Acc: 51.56%
  Batch [20/24] Loss: 1.4530, Acc: 50.59%
[Epoch 16] Train Loss: 1.4512, Acc: 50.78%  |  Val Loss: 1.3955, Acc: 52.48%  |  Time: 2.1s
[Epoch 16] Summarizing hook timing...

[HOOK_TIMING_SUMMARY] epoch=16
[HOOK_WORK_SUMMARY] label=mpi:recursive_doubling_zfp_online_coll:rate8 calls=192 work_total_ms=1294.131 work_mean_ms=6.740 work_min_ms=3.292 work_max_ms=13.154
[HOOK_TAIL_SUMMARY] label=mpi:recursive_doubling_zfp_online_coll:rate8 steps=24 tail_total_ms=1070.235 tail_mean_ms=44.593 tail_min_ms=41.790 tail_max_ms=49.596
[Epoch 16] Hook timing summary done

[Epoch 17] Training... (lr=0.000105)
  Batch [5/24] Loss: 1.4571, Acc: 49.53%
  Batch [10/24] Loss: 1.4279, Acc: 50.62%
  Batch [15/24] Loss: 1.4151, Acc: 50.94%
  Batch [20/24] Loss: 1.4074, Acc: 51.88%
[Epoch 17] Train Loss: 1.4253, Acc: 51.46%  |  Val Loss: 1.3815, Acc: 52.96%  |  Time: 2.1s
[Epoch 17] Summarizing hook timing...

[HOOK_TIMING_SUMMARY] epoch=17
[HOOK_WORK_SUMMARY] label=mpi:recursive_doubling_zfp_online_coll:rate8 calls=192 work_total_ms=1353.296 work_mean_ms=7.048 work_min_ms=3.546 work_max_ms=54.638
[HOOK_TAIL_SUMMARY] label=mpi:recursive_doubling_zfp_online_coll:rate8 steps=24 tail_total_ms=1142.168 tail_mean_ms=47.590 tail_min_ms=44.226 tail_max_ms=92.883
[Epoch 17] Hook timing summary done

[Epoch 18] Training... (lr=0.000060)
  Batch [5/24] Loss: 1.4649, Acc: 49.84%
  Batch [10/24] Loss: 1.4732, Acc: 50.00%
  Batch [15/24] Loss: 1.4598, Acc: 50.21%
  Batch [20/24] Loss: 1.4729, Acc: 50.31%
[Epoch 18] Train Loss: 1.4726, Acc: 49.87%  |  Val Loss: 1.3763, Acc: 53.92%  |  Time: 2.1s
  -> Best model saved (53.92%)
[Epoch 18] Summarizing hook timing...

[HOOK_TIMING_SUMMARY] epoch=18
[HOOK_WORK_SUMMARY] label=mpi:recursive_doubling_zfp_online_coll:rate8 calls=192 work_total_ms=1345.961 work_mean_ms=7.010 work_min_ms=3.716 work_max_ms=48.122
[HOOK_TAIL_SUMMARY] label=mpi:recursive_doubling_zfp_online_coll:rate8 steps=24 tail_total_ms=1132.704 tail_mean_ms=47.196 tail_min_ms=43.734 tail_max_ms=87.584
[Epoch 18] Hook timing summary done

[Epoch 19] Training... (lr=0.000027)
  Batch [5/24] Loss: 1.4377, Acc: 50.62%
  Batch [10/24] Loss: 1.4756, Acc: 49.92%
  Batch [15/24] Loss: 1.4690, Acc: 50.10%
  Batch [20/24] Loss: 1.4659, Acc: 50.27%
[Epoch 19] Train Loss: 1.4633, Acc: 50.33%  |  Val Loss: 1.3726, Acc: 53.76%  |  Time: 2.1s
[Epoch 19] Summarizing hook timing...

[HOOK_TIMING_SUMMARY] epoch=19
[HOOK_WORK_SUMMARY] label=mpi:recursive_doubling_zfp_online_coll:rate8 calls=192 work_total_ms=1276.861 work_mean_ms=6.650 work_min_ms=3.265 work_max_ms=12.384
[HOOK_TAIL_SUMMARY] label=mpi:recursive_doubling_zfp_online_coll:rate8 steps=24 tail_total_ms=1055.022 tail_mean_ms=43.959 tail_min_ms=41.117 tail_max_ms=47.216
[Epoch 19] Hook timing summary done

[Epoch 20] Training... (lr=0.000007)
  Batch [5/24] Loss: 1.4545, Acc: 48.59%
  Batch [10/24] Loss: 1.4512, Acc: 50.16%
  Batch [15/24] Loss: 1.4524, Acc: 49.84%
  Batch [20/24] Loss: 1.4550, Acc: 50.00%
[Epoch 20] Train Loss: 1.4596, Acc: 49.90%  |  Val Loss: 1.3735, Acc: 52.64%  |  Time: 2.1s
[Epoch 20] Summarizing hook timing...

[HOOK_TIMING_SUMMARY] epoch=20
[HOOK_WORK_SUMMARY] label=mpi:recursive_doubling_zfp_online_coll:rate8 calls=192 work_total_ms=1340.508 work_mean_ms=6.982 work_min_ms=3.295 work_max_ms=49.233
[HOOK_TAIL_SUMMARY] label=mpi:recursive_doubling_zfp_online_coll:rate8 steps=24 tail_total_ms=1127.850 tail_mean_ms=46.994 tail_min_ms=43.364 tail_max_ms=87.846
[Epoch 20] Hook timing summary done

================================================================================
Done in 56.7s | Best val acc: 53.92%
Epoch times: mean=2.1s  min=2.0s  max=3.1s
================================================================================
=== Finished training: backend=mpi, hook=recursive_doubling_zfp_online_coll, zfp_rate=8, status=0 at Fri May 22 03:53:16 PM UTC 2026 ===
=== Job finished: Fri May 22 03:53:16 PM UTC 2026 ===
