=== Job started: Fri May 22 03:17:23 PM UTC 2026 ===
=== Node: x3208c0s25b0n0 ===

The following have been reloaded with a version change:
  1) gcc-native/14 => gcc-native/13


The following have been reloaded with a version change:
  1) gcc-native/13 => gcc-native/14.2

[INFO] GTL preloaded: /opt/cray/pe/mpich/9.0.1/ofi/nvidia/23.3/lib/libmpi_gtl_cuda.so
=============================================
  Polaris DDP + Eagle PyTorch + Cray MPICH
=============================================
Node              : x3208c0s25b0n0
ZFP_HOME          : /home/mrest/mpiAllReduceCompressed/zfp-install
GTL               : /opt/cray/pe/mpich/9.0.1/ofi/nvidia/23.3/lib/libmpi_gtl_cuda.so
MPICH_GPU_SUPPORT : 1

PyTorch version   : 2.8.0a0+gitba56102
PyTorch location  : /lus/eagle/projects/UIC-HPC/mrest/pytorch_mpi_build/src/pytorch/torch/__init__.py
CUDA available    : True 4
MPI available     : True
mpi4py            : MPI VERSION    : CRAY MPICH version 9.0.1.498 (ANL base 4.1.2)
mpi4py rank test  : rank 0 OK
=============================================
=== Starting training: backend=mpi, hook=ring, zfp_rate=none at Fri May 22 03:17:57 PM UTC 2026 ===

================================================================================
DISTRIBUTED TRAINING LAUNCHER
================================================================================
  Model:      wide_resnet50_2 (pretrained)
  Dataset:    cifar10 (10 classes)
  Backend:    mpi
  Algorithm:  ring
  Epochs:     20
  Batch/rank: 128
  LR:         0.001
================================================================================


================================================================================
Distributed Training: WIDE_RESNET50_2 on CIFAR10
Backend: MPI, Algorithm: ring
================================================================================
Ranks: 16, Epochs: 20, Batch/rank: 128, Effective batch: 2048
LR: 0.001, Device: cuda:0

[Setup] Model on cuda:0, wrapped in DDP (static_graph=True)
[Setup] Hook registered: mpi/ring

================================================================================
DISTRIBUTED TRAINING LAUNCHER
================================================================================
  Model:      wide_resnet50_2 (pretrained)
  Dataset:    cifar10 (10 classes)
  Backend:    mpi
  Algorithm:  ring
  Epochs:     20
  Batch/rank: 128
  LR:         0.001
================================================================================


================================================================================
DISTRIBUTED TRAINING LAUNCHER
================================================================================
  Model:      wide_resnet50_2 (pretrained)
  Dataset:    cifar10 (10 classes)
  Backend:    mpi
  Algorithm:  ring
  Epochs:     20
  Batch/rank: 128
  LR:         0.001
================================================================================


================================================================================
DISTRIBUTED TRAINING LAUNCHER
================================================================================
  Model:      wide_resnet50_2 (pretrained)
  Dataset:    cifar10 (10 classes)
  Backend:    mpi
  Algorithm:  ring
  Epochs:     20
  Batch/rank: 128
  LR:         0.001
================================================================================


================================================================================
DISTRIBUTED TRAINING LAUNCHER
================================================================================
  Model:      wide_resnet50_2 (pretrained)
  Dataset:    cifar10 (10 classes)
  Backend:    mpi
  Algorithm:  ring
  Epochs:     20
  Batch/rank: 128
  LR:         0.001
================================================================================

[Data] Train batches: 24, Val batches: 5


[Epoch 1] Training... (lr=0.000001)

================================================================================
DISTRIBUTED TRAINING LAUNCHER
================================================================================
  Model:      wide_resnet50_2 (pretrained)
  Dataset:    cifar10 (10 classes)
  Backend:    mpi
  Algorithm:  ring
  Epochs:     20
  Batch/rank: 128
  LR:         0.001
================================================================================


================================================================================
DISTRIBUTED TRAINING LAUNCHER
================================================================================
  Model:      wide_resnet50_2 (pretrained)
  Dataset:    cifar10 (10 classes)
  Backend:    mpi
  Algorithm:  ring
  Epochs:     20
  Batch/rank: 128
  LR:         0.001
================================================================================


================================================================================
DISTRIBUTED TRAINING LAUNCHER
================================================================================
  Model:      wide_resnet50_2 (pretrained)
  Dataset:    cifar10 (10 classes)
  Backend:    mpi
  Algorithm:  ring
  Epochs:     20
  Batch/rank: 128
  LR:         0.001
================================================================================


================================================================================
DISTRIBUTED TRAINING LAUNCHER
================================================================================
  Model:      wide_resnet50_2 (pretrained)
  Dataset:    cifar10 (10 classes)
  Backend:    mpi
  Algorithm:  ring
  Epochs:     20
  Batch/rank: 128
  LR:         0.001
================================================================================


================================================================================
DISTRIBUTED TRAINING LAUNCHER
================================================================================
  Model:      wide_resnet50_2 (pretrained)
  Dataset:    cifar10 (10 classes)
  Backend:    mpi
  Algorithm:  ring
  Epochs:     20
  Batch/rank: 128
  LR:         0.001
================================================================================


================================================================================
DISTRIBUTED TRAINING LAUNCHER
================================================================================
  Model:      wide_resnet50_2 (pretrained)
  Dataset:    cifar10 (10 classes)
  Backend:    mpi
  Algorithm:  ring
  Epochs:     20
  Batch/rank: 128
  LR:         0.001
================================================================================


================================================================================
DISTRIBUTED TRAINING LAUNCHER
================================================================================
  Model:      wide_resnet50_2 (pretrained)
  Dataset:    cifar10 (10 classes)
  Backend:    mpi
  Algorithm:  ring
  Epochs:     20
  Batch/rank: 128
  LR:         0.001
================================================================================


================================================================================
DISTRIBUTED TRAINING LAUNCHER
================================================================================
  Model:      wide_resnet50_2 (pretrained)
  Dataset:    cifar10 (10 classes)
  Backend:    mpi
  Algorithm:  ring
  Epochs:     20
  Batch/rank: 128
  LR:         0.001
================================================================================


================================================================================
DISTRIBUTED TRAINING LAUNCHER
================================================================================
  Model:      wide_resnet50_2 (pretrained)
  Dataset:    cifar10 (10 classes)
  Backend:    mpi
  Algorithm:  ring
  Epochs:     20
  Batch/rank: 128
  LR:         0.001
================================================================================


================================================================================
DISTRIBUTED TRAINING LAUNCHER
================================================================================
  Model:      wide_resnet50_2 (pretrained)
  Dataset:    cifar10 (10 classes)
  Backend:    mpi
  Algorithm:  ring
  Epochs:     20
  Batch/rank: 128
  LR:         0.001
================================================================================


================================================================================
DISTRIBUTED TRAINING LAUNCHER
================================================================================
  Model:      wide_resnet50_2 (pretrained)
  Dataset:    cifar10 (10 classes)
  Backend:    mpi
  Algorithm:  ring
  Epochs:     20
  Batch/rank: 128
  LR:         0.001
================================================================================

  Batch [5/24] Loss: 2.3619, Acc: 8.28%
  Batch [10/24] Loss: 2.3726, Acc: 9.69%
  Batch [15/24] Loss: 2.3633, Acc: 10.16%
  Batch [20/24] Loss: 2.3697, Acc: 9.77%
[Epoch 1] Train Loss: 2.3712, Acc: 9.54%  |  Val Loss: 2.4005, Acc: 9.28%  |  Time: 5.8s
  -> Best model saved (9.28%)
[Epoch 1] Summarizing hook timing...

[HOOK_TIMING_SUMMARY] epoch=1
[HOOK_WORK_SUMMARY] label=mpi:ring calls=178 work_total_ms=1266.450 work_mean_ms=7.115 work_min_ms=3.947 work_max_ms=46.990
[HOOK_TAIL_SUMMARY] label=mpi:ring steps=25 tail_total_ms=1082.709 tail_mean_ms=43.308 tail_min_ms=17.395 tail_max_ms=88.307
[Epoch 1] Hook timing summary done

[Epoch 2] Training... (lr=0.001000)
  Batch [5/24] Loss: 2.3711, Acc: 9.69%
  Batch [10/24] Loss: 2.3539, Acc: 10.70%
  Batch [15/24] Loss: 2.3336, Acc: 11.77%
  Batch [20/24] Loss: 2.3229, Acc: 12.34%
[Epoch 2] Train Loss: 2.3109, Acc: 13.05%  |  Val Loss: 2.2970, Acc: 19.68%  |  Time: 2.1s
  -> Best model saved (19.68%)
[Epoch 2] Summarizing hook timing...

[HOOK_TIMING_SUMMARY] epoch=2
[HOOK_WORK_SUMMARY] label=mpi:ring calls=192 work_total_ms=1253.661 work_mean_ms=6.529 work_min_ms=3.996 work_max_ms=11.405
[HOOK_TAIL_SUMMARY] label=mpi:ring steps=24 tail_total_ms=1022.705 tail_mean_ms=42.613 tail_min_ms=38.713 tail_max_ms=45.983
[Epoch 2] Hook timing summary done

[Epoch 3] Training... (lr=0.000993)
  Batch [5/24] Loss: 2.2475, Acc: 16.56%
  Batch [10/24] Loss: 2.2453, Acc: 17.03%
  Batch [15/24] Loss: 2.2389, Acc: 17.50%
  Batch [20/24] Loss: 2.2207, Acc: 18.87%
[Epoch 3] Train Loss: 2.2086, Acc: 19.82%  |  Val Loss: 2.2212, Acc: 27.36%  |  Time: 2.1s
  -> Best model saved (27.36%)
[Epoch 3] Summarizing hook timing...

[HOOK_TIMING_SUMMARY] epoch=3
[HOOK_WORK_SUMMARY] label=mpi:ring calls=192 work_total_ms=1329.304 work_mean_ms=6.923 work_min_ms=4.001 work_max_ms=13.205
[HOOK_TAIL_SUMMARY] label=mpi:ring steps=24 tail_total_ms=1104.314 tail_mean_ms=46.013 tail_min_ms=42.892 tail_max_ms=46.764
[Epoch 3] Hook timing summary done

[Epoch 4] Training... (lr=0.000973)
  Batch [5/24] Loss: 2.1337, Acc: 23.59%
  Batch [10/24] Loss: 2.1417, Acc: 23.83%
  Batch [15/24] Loss: 2.1387, Acc: 25.10%
  Batch [20/24] Loss: 2.1330, Acc: 25.78%
[Epoch 4] Train Loss: 2.1224, Acc: 26.63%  |  Val Loss: 2.0574, Acc: 34.88%  |  Time: 2.1s
  -> Best model saved (34.88%)
[Epoch 4] Summarizing hook timing...

[HOOK_TIMING_SUMMARY] epoch=4
[HOOK_WORK_SUMMARY] label=mpi:ring calls=192 work_total_ms=1343.269 work_mean_ms=6.996 work_min_ms=4.020 work_max_ms=13.266
[HOOK_TAIL_SUMMARY] label=mpi:ring steps=24 tail_total_ms=1118.678 tail_mean_ms=46.612 tail_min_ms=45.415 tail_max_ms=49.288
[Epoch 4] Hook timing summary done

[Epoch 5] Training... (lr=0.000940)
  Batch [5/24] Loss: 2.0337, Acc: 30.62%
  Batch [10/24] Loss: 2.0209, Acc: 31.41%
  Batch [15/24] Loss: 2.0190, Acc: 30.99%
  Batch [20/24] Loss: 2.0096, Acc: 31.56%
[Epoch 5] Train Loss: 1.9951, Acc: 32.32%  |  Val Loss: 1.9590, Acc: 38.08%  |  Time: 2.1s
  -> Best model saved (38.08%)
[Epoch 5] Summarizing hook timing...

[HOOK_TIMING_SUMMARY] epoch=5
[HOOK_WORK_SUMMARY] label=mpi:ring calls=192 work_total_ms=1331.850 work_mean_ms=6.937 work_min_ms=3.976 work_max_ms=13.265
[HOOK_TAIL_SUMMARY] label=mpi:ring steps=24 tail_total_ms=1110.143 tail_mean_ms=46.256 tail_min_ms=44.425 tail_max_ms=48.841
[Epoch 5] Hook timing summary done

[Epoch 6] Training... (lr=0.000895)
  Batch [5/24] Loss: 1.9698, Acc: 32.66%
  Batch [10/24] Loss: 1.9437, Acc: 35.39%
  Batch [15/24] Loss: 1.9248, Acc: 35.42%
  Batch [20/24] Loss: 1.9263, Acc: 34.84%
[Epoch 6] Train Loss: 1.9223, Acc: 35.32%  |  Val Loss: 1.8413, Acc: 39.84%  |  Time: 2.1s
  -> Best model saved (39.84%)
[Epoch 6] Summarizing hook timing...

[HOOK_TIMING_SUMMARY] epoch=6
[HOOK_WORK_SUMMARY] label=mpi:ring calls=192 work_total_ms=1347.244 work_mean_ms=7.017 work_min_ms=3.964 work_max_ms=13.690
[HOOK_TAIL_SUMMARY] label=mpi:ring steps=24 tail_total_ms=1144.053 tail_mean_ms=47.669 tail_min_ms=46.334 tail_max_ms=48.391
[Epoch 6] Hook timing summary done

[Epoch 7] Training... (lr=0.000839)
  Batch [5/24] Loss: 1.8671, Acc: 35.31%
  Batch [10/24] Loss: 1.8647, Acc: 36.56%
  Batch [15/24] Loss: 1.8634, Acc: 36.88%
  Batch [20/24] Loss: 1.8463, Acc: 37.77%
[Epoch 7] Train Loss: 1.8343, Acc: 38.41%  |  Val Loss: 1.7585, Acc: 42.72%  |  Time: 2.1s
  -> Best model saved (42.72%)
[Epoch 7] Summarizing hook timing...

[HOOK_TIMING_SUMMARY] epoch=7
[HOOK_WORK_SUMMARY] label=mpi:ring calls=192 work_total_ms=1372.418 work_mean_ms=7.148 work_min_ms=3.974 work_max_ms=14.214
[HOOK_TAIL_SUMMARY] label=mpi:ring steps=24 tail_total_ms=1167.566 tail_mean_ms=48.649 tail_min_ms=47.314 tail_max_ms=50.754
[Epoch 7] Hook timing summary done

[Epoch 8] Training... (lr=0.000773)
  Batch [5/24] Loss: 1.7264, Acc: 45.16%
  Batch [10/24] Loss: 1.7319, Acc: 44.69%
  Batch [15/24] Loss: 1.7333, Acc: 43.91%
  Batch [20/24] Loss: 1.7301, Acc: 43.44%
[Epoch 8] Train Loss: 1.7394, Acc: 42.68%  |  Val Loss: 1.6575, Acc: 46.08%  |  Time: 2.1s
  -> Best model saved (46.08%)
[Epoch 8] Summarizing hook timing...

[HOOK_TIMING_SUMMARY] epoch=8
[HOOK_WORK_SUMMARY] label=mpi:ring calls=192 work_total_ms=1346.757 work_mean_ms=7.014 work_min_ms=3.953 work_max_ms=13.742
[HOOK_TAIL_SUMMARY] label=mpi:ring steps=24 tail_total_ms=1140.868 tail_mean_ms=47.536 tail_min_ms=44.810 tail_max_ms=50.120
[Epoch 8] Hook timing summary done

[Epoch 9] Training... (lr=0.000701)
  Batch [5/24] Loss: 1.7203, Acc: 40.47%
  Batch [10/24] Loss: 1.7020, Acc: 42.50%
  Batch [15/24] Loss: 1.6705, Acc: 44.17%
  Batch [20/24] Loss: 1.6687, Acc: 43.95%
[Epoch 9] Train Loss: 1.6710, Acc: 44.04%  |  Val Loss: 1.5854, Acc: 48.00%  |  Time: 2.1s
  -> Best model saved (48.00%)
[Epoch 9] Summarizing hook timing...

[HOOK_TIMING_SUMMARY] epoch=9
[HOOK_WORK_SUMMARY] label=mpi:ring calls=192 work_total_ms=1344.752 work_mean_ms=7.004 work_min_ms=3.952 work_max_ms=14.023
[HOOK_TAIL_SUMMARY] label=mpi:ring steps=24 tail_total_ms=1140.546 tail_mean_ms=47.523 tail_min_ms=45.936 tail_max_ms=48.818
[Epoch 9] Hook timing summary done

[Epoch 10] Training... (lr=0.000623)
  Batch [5/24] Loss: 1.6340, Acc: 45.78%
  Batch [10/24] Loss: 1.6233, Acc: 45.62%
  Batch [15/24] Loss: 1.6250, Acc: 45.10%
  Batch [20/24] Loss: 1.6116, Acc: 45.59%
[Epoch 10] Train Loss: 1.6065, Acc: 45.96%  |  Val Loss: 1.5358, Acc: 49.44%  |  Time: 2.1s
  -> Best model saved (49.44%)
[Epoch 10] Summarizing hook timing...

[HOOK_TIMING_SUMMARY] epoch=10
[HOOK_WORK_SUMMARY] label=mpi:ring calls=192 work_total_ms=1352.258 work_mean_ms=7.043 work_min_ms=4.009 work_max_ms=13.515
[HOOK_TAIL_SUMMARY] label=mpi:ring steps=24 tail_total_ms=1137.760 tail_mean_ms=47.407 tail_min_ms=45.977 tail_max_ms=49.993
[Epoch 10] Hook timing summary done

[Epoch 11] Training... (lr=0.000541)
  Batch [5/24] Loss: 1.5132, Acc: 52.19%
  Batch [10/24] Loss: 1.5579, Acc: 49.61%
  Batch [15/24] Loss: 1.5645, Acc: 48.33%
  Batch [20/24] Loss: 1.5643, Acc: 48.05%
[Epoch 11] Train Loss: 1.5666, Acc: 47.40%  |  Val Loss: 1.4941, Acc: 50.08%  |  Time: 2.1s
  -> Best model saved (50.08%)
[Epoch 11] Summarizing hook timing...

[HOOK_TIMING_SUMMARY] epoch=11
[HOOK_WORK_SUMMARY] label=mpi:ring calls=192 work_total_ms=1339.339 work_mean_ms=6.976 work_min_ms=3.976 work_max_ms=13.643
[HOOK_TAIL_SUMMARY] label=mpi:ring steps=24 tail_total_ms=1124.161 tail_mean_ms=46.840 tail_min_ms=44.577 tail_max_ms=47.798
[Epoch 11] Hook timing summary done

[Epoch 12] Training... (lr=0.000459)
  Batch [5/24] Loss: 1.5257, Acc: 46.88%
  Batch [10/24] Loss: 1.5761, Acc: 45.70%
  Batch [15/24] Loss: 1.5566, Acc: 46.61%
  Batch [20/24] Loss: 1.5446, Acc: 47.03%
[Epoch 12] Train Loss: 1.5416, Acc: 47.07%  |  Val Loss: 1.4590, Acc: 51.84%  |  Time: 2.1s
  -> Best model saved (51.84%)
[Epoch 12] Summarizing hook timing...

[HOOK_TIMING_SUMMARY] epoch=12
[HOOK_WORK_SUMMARY] label=mpi:ring calls=192 work_total_ms=1361.418 work_mean_ms=7.091 work_min_ms=3.992 work_max_ms=13.858
[HOOK_TAIL_SUMMARY] label=mpi:ring steps=24 tail_total_ms=1147.067 tail_mean_ms=47.794 tail_min_ms=46.301 tail_max_ms=49.918
[Epoch 12] Hook timing summary done

[Epoch 13] Training... (lr=0.000377)
  Batch [5/24] Loss: 1.5113, Acc: 51.09%
  Batch [10/24] Loss: 1.5340, Acc: 47.34%
  Batch [15/24] Loss: 1.5260, Acc: 48.07%
  Batch [20/24] Loss: 1.5058, Acc: 49.22%
[Epoch 13] Train Loss: 1.4912, Acc: 50.07%  |  Val Loss: 1.4321, Acc: 51.52%  |  Time: 2.1s
[Epoch 13] Summarizing hook timing...

[HOOK_TIMING_SUMMARY] epoch=13
[HOOK_WORK_SUMMARY] label=mpi:ring calls=192 work_total_ms=1344.545 work_mean_ms=7.003 work_min_ms=3.997 work_max_ms=13.387
[HOOK_TAIL_SUMMARY] label=mpi:ring steps=24 tail_total_ms=1130.955 tail_mean_ms=47.123 tail_min_ms=44.959 tail_max_ms=49.253
[Epoch 13] Hook timing summary done

[Epoch 14] Training... (lr=0.000299)
  Batch [5/24] Loss: 1.5081, Acc: 47.66%
  Batch [10/24] Loss: 1.5061, Acc: 47.11%
  Batch [15/24] Loss: 1.5164, Acc: 47.45%
  Batch [20/24] Loss: 1.5012, Acc: 48.36%
[Epoch 14] Train Loss: 1.5060, Acc: 48.14%  |  Val Loss: 1.4017, Acc: 52.96%  |  Time: 2.1s
  -> Best model saved (52.96%)
[Epoch 14] Summarizing hook timing...

[HOOK_TIMING_SUMMARY] epoch=14
[HOOK_WORK_SUMMARY] label=mpi:ring calls=192 work_total_ms=1345.227 work_mean_ms=7.006 work_min_ms=3.977 work_max_ms=28.328
[HOOK_TAIL_SUMMARY] label=mpi:ring steps=24 tail_total_ms=1137.230 tail_mean_ms=47.385 tail_min_ms=45.312 tail_max_ms=63.138
[Epoch 14] Hook timing summary done

[Epoch 15] Training... (lr=0.000227)
  Batch [5/24] Loss: 1.5318, Acc: 49.06%
  Batch [10/24] Loss: 1.5308, Acc: 48.20%
  Batch [15/24] Loss: 1.5189, Acc: 48.80%
  Batch [20/24] Loss: 1.5014, Acc: 49.22%
[Epoch 15] Train Loss: 1.4963, Acc: 49.51%  |  Val Loss: 1.4090, Acc: 53.28%  |  Time: 2.1s
  -> Best model saved (53.28%)
[Epoch 15] Summarizing hook timing...

[HOOK_TIMING_SUMMARY] epoch=15
[HOOK_WORK_SUMMARY] label=mpi:ring calls=192 work_total_ms=1346.456 work_mean_ms=7.013 work_min_ms=4.016 work_max_ms=13.716
[HOOK_TAIL_SUMMARY] label=mpi:ring steps=24 tail_total_ms=1130.563 tail_mean_ms=47.107 tail_min_ms=44.943 tail_max_ms=48.801
[Epoch 15] Hook timing summary done

[Epoch 16] Training... (lr=0.000161)
  Batch [5/24] Loss: 1.4476, Acc: 52.50%
  Batch [10/24] Loss: 1.4409, Acc: 52.19%
  Batch [15/24] Loss: 1.4430, Acc: 51.56%
  Batch [20/24] Loss: 1.4532, Acc: 50.98%
[Epoch 16] Train Loss: 1.4519, Acc: 51.50%  |  Val Loss: 1.3970, Acc: 53.28%  |  Time: 2.1s
[Epoch 16] Summarizing hook timing...

[HOOK_TIMING_SUMMARY] epoch=16
[HOOK_WORK_SUMMARY] label=mpi:ring calls=192 work_total_ms=1353.660 work_mean_ms=7.050 work_min_ms=3.983 work_max_ms=13.984
[HOOK_TAIL_SUMMARY] label=mpi:ring steps=24 tail_total_ms=1139.499 tail_mean_ms=47.479 tail_min_ms=44.777 tail_max_ms=49.375
[Epoch 16] Hook timing summary done

[Epoch 17] Training... (lr=0.000105)
  Batch [5/24] Loss: 1.4744, Acc: 49.06%
  Batch [10/24] Loss: 1.4400, Acc: 49.84%
  Batch [15/24] Loss: 1.4247, Acc: 50.47%
  Batch [20/24] Loss: 1.4139, Acc: 51.02%
[Epoch 17] Train Loss: 1.4325, Acc: 50.42%  |  Val Loss: 1.3817, Acc: 53.76%  |  Time: 2.1s
  -> Best model saved (53.76%)
[Epoch 17] Summarizing hook timing...

[HOOK_TIMING_SUMMARY] epoch=17
[HOOK_WORK_SUMMARY] label=mpi:ring calls=192 work_total_ms=1344.549 work_mean_ms=7.003 work_min_ms=3.998 work_max_ms=27.547
[HOOK_TAIL_SUMMARY] label=mpi:ring steps=24 tail_total_ms=1131.286 tail_mean_ms=47.137 tail_min_ms=45.716 tail_max_ms=62.380
[Epoch 17] Hook timing summary done

[Epoch 18] Training... (lr=0.000060)
  Batch [5/24] Loss: 1.4629, Acc: 50.47%
  Batch [10/24] Loss: 1.4615, Acc: 50.78%
  Batch [15/24] Loss: 1.4511, Acc: 50.68%
  Batch [20/24] Loss: 1.4646, Acc: 50.78%
[Epoch 18] Train Loss: 1.4653, Acc: 50.72%  |  Val Loss: 1.3819, Acc: 53.76%  |  Time: 2.1s
[Epoch 18] Summarizing hook timing...

[HOOK_TIMING_SUMMARY] epoch=18
[HOOK_WORK_SUMMARY] label=mpi:ring calls=192 work_total_ms=1338.701 work_mean_ms=6.972 work_min_ms=3.980 work_max_ms=13.292
[HOOK_TAIL_SUMMARY] label=mpi:ring steps=24 tail_total_ms=1114.299 tail_mean_ms=46.429 tail_min_ms=44.369 tail_max_ms=48.537
[Epoch 18] Hook timing summary done

[Epoch 19] Training... (lr=0.000027)
  Batch [5/24] Loss: 1.4342, Acc: 51.56%
  Batch [10/24] Loss: 1.4784, Acc: 50.39%
  Batch [15/24] Loss: 1.4665, Acc: 51.09%
  Batch [20/24] Loss: 1.4665, Acc: 51.21%
[Epoch 19] Train Loss: 1.4650, Acc: 51.11%  |  Val Loss: 1.3760, Acc: 53.92%  |  Time: 2.1s
  -> Best model saved (53.92%)
[Epoch 19] Summarizing hook timing...

[HOOK_TIMING_SUMMARY] epoch=19
[HOOK_WORK_SUMMARY] label=mpi:ring calls=192 work_total_ms=1339.711 work_mean_ms=6.978 work_min_ms=3.978 work_max_ms=23.863
[HOOK_TAIL_SUMMARY] label=mpi:ring steps=24 tail_total_ms=1122.792 tail_mean_ms=46.783 tail_min_ms=45.401 tail_max_ms=57.753
[Epoch 19] Hook timing summary done

[Epoch 20] Training... (lr=0.000007)
  Batch [5/24] Loss: 1.4487, Acc: 49.84%
  Batch [10/24] Loss: 1.4515, Acc: 50.62%
  Batch [15/24] Loss: 1.4494, Acc: 50.47%
  Batch [20/24] Loss: 1.4537, Acc: 50.51%
[Epoch 20] Train Loss: 1.4569, Acc: 50.46%  |  Val Loss: 1.3718, Acc: 52.96%  |  Time: 2.1s
[Epoch 20] Summarizing hook timing...

[HOOK_TIMING_SUMMARY] epoch=20
[HOOK_WORK_SUMMARY] label=mpi:ring calls=192 work_total_ms=1325.907 work_mean_ms=6.906 work_min_ms=3.991 work_max_ms=12.868
[HOOK_TAIL_SUMMARY] label=mpi:ring steps=24 tail_total_ms=1109.118 tail_mean_ms=46.213 tail_min_ms=45.525 tail_max_ms=47.428
[Epoch 20] Hook timing summary done

================================================================================
Done in 60.0s | Best val acc: 53.92%
Epoch times: mean=2.3s  min=2.1s  max=5.8s
================================================================================
=== Finished training: backend=mpi, hook=ring, zfp_rate=none, status=0 at Fri May 22 03:19:22 PM UTC 2026 ===
=== Job finished: Fri May 22 03:19:22 PM UTC 2026 ===
