=== Job started: Fri May 22 03:38:40 PM UTC 2026 ===
=== Node: x3205c0s13b0n0 ===

The following have been reloaded with a version change:
  1) gcc-native/14 => gcc-native/13


The following have been reloaded with a version change:
  1) gcc-native/13 => gcc-native/14.2

[INFO] GTL preloaded: /opt/cray/pe/mpich/9.0.1/ofi/nvidia/23.3/lib/libmpi_gtl_cuda.so
=============================================
  Polaris DDP + Eagle PyTorch + Cray MPICH
=============================================
Node              : x3205c0s13b0n0
ZFP_HOME          : /home/mrest/mpiAllReduceCompressed/zfp-install
GTL               : /opt/cray/pe/mpich/9.0.1/ofi/nvidia/23.3/lib/libmpi_gtl_cuda.so
MPICH_GPU_SUPPORT : 1

PyTorch version   : 2.8.0a0+gitba56102
PyTorch location  : /lus/eagle/projects/UIC-HPC/mrest/pytorch_mpi_build/src/pytorch/torch/__init__.py
CUDA available    : True 4
MPI available     : True
mpi4py            : MPI VERSION    : CRAY MPICH version 9.0.1.498 (ANL base 4.1.2)
mpi4py rank test  : rank 0 OK
=============================================
=== Starting training: backend=mpi, hook=ring_zfp_naive, zfp_rate=16 at Fri May 22 03:39:14 PM UTC 2026 ===

================================================================================
DISTRIBUTED TRAINING LAUNCHER
================================================================================
  Model:      wide_resnet50_2 (pretrained)
  Dataset:    cifar10 (10 classes)
  Backend:    mpi
  Algorithm:  ring_zfp_naive
  ZFP rate:   16
  Epochs:     20
  Batch/rank: 128
  LR:         0.001
================================================================================


================================================================================
Distributed Training: WIDE_RESNET50_2 on CIFAR10
Backend: MPI, Algorithm: ring_zfp_naive
================================================================================
Ranks: 16, Epochs: 20, Batch/rank: 128, Effective batch: 2048
LR: 0.001, Device: cuda:0

[Setup] Model on cuda:0, wrapped in DDP (static_graph=True)
[Setup] Hook registered: mpi/ring_zfp_naive

================================================================================
DISTRIBUTED TRAINING LAUNCHER
================================================================================
  Model:      wide_resnet50_2 (pretrained)
  Dataset:    cifar10 (10 classes)
  Backend:    mpi
  Algorithm:  ring_zfp_naive
  ZFP rate:   16
  Epochs:     20
  Batch/rank: 128
  LR:         0.001
================================================================================


================================================================================
DISTRIBUTED TRAINING LAUNCHER
================================================================================
  Model:      wide_resnet50_2 (pretrained)
  Dataset:    cifar10 (10 classes)
  Backend:    mpi
  Algorithm:  ring_zfp_naive
  ZFP rate:   16
  Epochs:     20
  Batch/rank: 128
  LR:         0.001
================================================================================


================================================================================
DISTRIBUTED TRAINING LAUNCHER
================================================================================
  Model:      wide_resnet50_2 (pretrained)
  Dataset:    cifar10 (10 classes)
  Backend:    mpi
  Algorithm:  ring_zfp_naive
  ZFP rate:   16
  Epochs:     20
  Batch/rank: 128
  LR:         0.001
================================================================================

[Data] Train batches: 24, Val batches: 5


[Epoch 1] Training... (lr=0.000001)

================================================================================
DISTRIBUTED TRAINING LAUNCHER
================================================================================
  Model:      wide_resnet50_2 (pretrained)
  Dataset:    cifar10 (10 classes)
  Backend:    mpi
  Algorithm:  ring_zfp_naive
  ZFP rate:   16
  Epochs:     20
  Batch/rank: 128
  LR:         0.001
================================================================================


================================================================================
DISTRIBUTED TRAINING LAUNCHER
================================================================================
  Model:      wide_resnet50_2 (pretrained)
  Dataset:    cifar10 (10 classes)
  Backend:    mpi
  Algorithm:  ring_zfp_naive
  ZFP rate:   16
  Epochs:     20
  Batch/rank: 128
  LR:         0.001
================================================================================


================================================================================
DISTRIBUTED TRAINING LAUNCHER
================================================================================
  Model:      wide_resnet50_2 (pretrained)
  Dataset:    cifar10 (10 classes)
  Backend:    mpi
  Algorithm:  ring_zfp_naive
  ZFP rate:   16
  Epochs:     20
  Batch/rank: 128
  LR:         0.001
================================================================================


================================================================================
DISTRIBUTED TRAINING LAUNCHER
================================================================================
  Model:      wide_resnet50_2 (pretrained)
  Dataset:    cifar10 (10 classes)
  Backend:    mpi
  Algorithm:  ring_zfp_naive
  ZFP rate:   16
  Epochs:     20
  Batch/rank: 128
  LR:         0.001
================================================================================


================================================================================
DISTRIBUTED TRAINING LAUNCHER
================================================================================
  Model:      wide_resnet50_2 (pretrained)
  Dataset:    cifar10 (10 classes)
  Backend:    mpi
  Algorithm:  ring_zfp_naive
  ZFP rate:   16
  Epochs:     20
  Batch/rank: 128
  LR:         0.001
================================================================================


================================================================================
DISTRIBUTED TRAINING LAUNCHER
================================================================================
  Model:      wide_resnet50_2 (pretrained)
  Dataset:    cifar10 (10 classes)
  Backend:    mpi
  Algorithm:  ring_zfp_naive
  ZFP rate:   16
  Epochs:     20
  Batch/rank: 128
  LR:         0.001
================================================================================


================================================================================
DISTRIBUTED TRAINING LAUNCHER
================================================================================
  Model:      wide_resnet50_2 (pretrained)
  Dataset:    cifar10 (10 classes)
  Backend:    mpi
  Algorithm:  ring_zfp_naive
  ZFP rate:   16
  Epochs:     20
  Batch/rank: 128
  LR:         0.001
================================================================================


================================================================================
DISTRIBUTED TRAINING LAUNCHER
================================================================================
  Model:      wide_resnet50_2 (pretrained)
  Dataset:    cifar10 (10 classes)
  Backend:    mpi
  Algorithm:  ring_zfp_naive
  ZFP rate:   16
  Epochs:     20
  Batch/rank: 128
  LR:         0.001
================================================================================


================================================================================
DISTRIBUTED TRAINING LAUNCHER
================================================================================
  Model:      wide_resnet50_2 (pretrained)
  Dataset:    cifar10 (10 classes)
  Backend:    mpi
  Algorithm:  ring_zfp_naive
  ZFP rate:   16
  Epochs:     20
  Batch/rank: 128
  LR:         0.001
================================================================================


================================================================================
DISTRIBUTED TRAINING LAUNCHER
================================================================================
  Model:      wide_resnet50_2 (pretrained)
  Dataset:    cifar10 (10 classes)
  Backend:    mpi
  Algorithm:  ring_zfp_naive
  ZFP rate:   16
  Epochs:     20
  Batch/rank: 128
  LR:         0.001
================================================================================


================================================================================
DISTRIBUTED TRAINING LAUNCHER
================================================================================
  Model:      wide_resnet50_2 (pretrained)
  Dataset:    cifar10 (10 classes)
  Backend:    mpi
  Algorithm:  ring_zfp_naive
  ZFP rate:   16
  Epochs:     20
  Batch/rank: 128
  LR:         0.001
================================================================================


================================================================================
DISTRIBUTED TRAINING LAUNCHER
================================================================================
  Model:      wide_resnet50_2 (pretrained)
  Dataset:    cifar10 (10 classes)
  Backend:    mpi
  Algorithm:  ring_zfp_naive
  ZFP rate:   16
  Epochs:     20
  Batch/rank: 128
  LR:         0.001
================================================================================

  Batch [5/24] Loss: 2.3619, Acc: 8.28%
  Batch [10/24] Loss: 2.3726, Acc: 9.69%
  Batch [15/24] Loss: 2.3633, Acc: 10.16%
  Batch [20/24] Loss: 2.3697, Acc: 9.77%
[Epoch 1] Train Loss: 2.3712, Acc: 9.54%  |  Val Loss: 2.4005, Acc: 9.28%  |  Time: 7.7s
  -> Best model saved (9.28%)
[Epoch 1] Summarizing hook timing...

[HOOK_TIMING_SUMMARY] epoch=1
[HOOK_WORK_SUMMARY] label=mpi:ring_zfp_naive:rate16 calls=178 work_total_ms=2781.620 work_mean_ms=15.627 work_min_ms=11.926 work_max_ms=59.650
[HOOK_TAIL_SUMMARY] label=mpi:ring_zfp_naive:rate16 steps=25 tail_total_ms=2729.317 tail_mean_ms=109.173 tail_min_ms=29.238 tail_max_ms=199.031
[Epoch 1] Hook timing summary done

[Epoch 2] Training... (lr=0.001000)
  Batch [5/24] Loss: 2.3714, Acc: 8.91%
  Batch [10/24] Loss: 2.3548, Acc: 10.39%
  Batch [15/24] Loss: 2.3357, Acc: 11.41%
  Batch [20/24] Loss: 2.3232, Acc: 11.95%
[Epoch 2] Train Loss: 2.3101, Acc: 12.57%  |  Val Loss: 2.2691, Acc: 19.04%  |  Time: 3.7s
  -> Best model saved (19.04%)
[Epoch 2] Summarizing hook timing...

[HOOK_TIMING_SUMMARY] epoch=2
[HOOK_WORK_SUMMARY] label=mpi:ring_zfp_naive:rate16 calls=192 work_total_ms=2895.386 work_mean_ms=15.080 work_min_ms=11.976 work_max_ms=21.636
[HOOK_TAIL_SUMMARY] label=mpi:ring_zfp_naive:rate16 steps=24 tail_total_ms=2662.445 tail_mean_ms=110.935 tail_min_ms=102.145 tail_max_ms=114.914
[Epoch 2] Hook timing summary done

[Epoch 3] Training... (lr=0.000993)
  Batch [5/24] Loss: 2.2473, Acc: 17.34%
  Batch [10/24] Loss: 2.2389, Acc: 18.05%
  Batch [15/24] Loss: 2.2341, Acc: 18.02%
  Batch [20/24] Loss: 2.2187, Acc: 18.55%
[Epoch 3] Train Loss: 2.2071, Acc: 19.34%  |  Val Loss: 2.2567, Acc: 26.08%  |  Time: 3.8s
  -> Best model saved (26.08%)
[Epoch 3] Summarizing hook timing...

[HOOK_TIMING_SUMMARY] epoch=3
[HOOK_WORK_SUMMARY] label=mpi:ring_zfp_naive:rate16 calls=192 work_total_ms=2992.472 work_mean_ms=15.586 work_min_ms=12.288 work_max_ms=26.812
[HOOK_TAIL_SUMMARY] label=mpi:ring_zfp_naive:rate16 steps=24 tail_total_ms=2765.610 tail_mean_ms=115.234 tail_min_ms=111.191 tail_max_ms=121.916
[Epoch 3] Hook timing summary done

[Epoch 4] Training... (lr=0.000973)
  Batch [5/24] Loss: 2.1336, Acc: 25.16%
  Batch [10/24] Loss: 2.1400, Acc: 24.53%
  Batch [15/24] Loss: 2.1372, Acc: 25.62%
  Batch [20/24] Loss: 2.1325, Acc: 26.21%
[Epoch 4] Train Loss: 2.1220, Acc: 27.05%  |  Val Loss: 2.0674, Acc: 32.96%  |  Time: 3.8s
  -> Best model saved (32.96%)
[Epoch 4] Summarizing hook timing...

[HOOK_TIMING_SUMMARY] epoch=4
[HOOK_WORK_SUMMARY] label=mpi:ring_zfp_naive:rate16 calls=192 work_total_ms=2969.380 work_mean_ms=15.466 work_min_ms=12.250 work_max_ms=21.798
[HOOK_TAIL_SUMMARY] label=mpi:ring_zfp_naive:rate16 steps=24 tail_total_ms=2752.762 tail_mean_ms=114.698 tail_min_ms=110.932 tail_max_ms=116.488
[Epoch 4] Hook timing summary done

[Epoch 5] Training... (lr=0.000940)
  Batch [5/24] Loss: 2.0435, Acc: 31.41%
  Batch [10/24] Loss: 2.0213, Acc: 31.33%
  Batch [15/24] Loss: 2.0193, Acc: 30.94%
  Batch [20/24] Loss: 2.0075, Acc: 31.99%
[Epoch 5] Train Loss: 1.9927, Acc: 32.42%  |  Val Loss: 1.9688, Acc: 36.64%  |  Time: 3.8s
  -> Best model saved (36.64%)
[Epoch 5] Summarizing hook timing...

[HOOK_TIMING_SUMMARY] epoch=5
[HOOK_WORK_SUMMARY] label=mpi:ring_zfp_naive:rate16 calls=192 work_total_ms=3002.381 work_mean_ms=15.637 work_min_ms=12.277 work_max_ms=23.356
[HOOK_TAIL_SUMMARY] label=mpi:ring_zfp_naive:rate16 steps=24 tail_total_ms=2793.920 tail_mean_ms=116.413 tail_min_ms=114.258 tail_max_ms=118.484
[Epoch 5] Hook timing summary done

[Epoch 6] Training... (lr=0.000895)
  Batch [5/24] Loss: 1.9655, Acc: 32.34%
  Batch [10/24] Loss: 1.9457, Acc: 34.69%
  Batch [15/24] Loss: 1.9253, Acc: 35.47%
  Batch [20/24] Loss: 1.9254, Acc: 35.08%
[Epoch 6] Train Loss: 1.9232, Acc: 35.77%  |  Val Loss: 1.8369, Acc: 41.28%  |  Time: 3.8s
  -> Best model saved (41.28%)
[Epoch 6] Summarizing hook timing...

[HOOK_TIMING_SUMMARY] epoch=6
[HOOK_WORK_SUMMARY] label=mpi:ring_zfp_naive:rate16 calls=192 work_total_ms=2992.279 work_mean_ms=15.585 work_min_ms=12.281 work_max_ms=21.984
[HOOK_TAIL_SUMMARY] label=mpi:ring_zfp_naive:rate16 steps=24 tail_total_ms=2773.933 tail_mean_ms=115.581 tail_min_ms=113.129 tail_max_ms=122.196
[Epoch 6] Hook timing summary done

[Epoch 7] Training... (lr=0.000839)
  Batch [5/24] Loss: 1.8744, Acc: 35.94%
  Batch [10/24] Loss: 1.8624, Acc: 37.27%
  Batch [15/24] Loss: 1.8596, Acc: 37.55%
  Batch [20/24] Loss: 1.8427, Acc: 38.12%
[Epoch 7] Train Loss: 1.8291, Acc: 38.80%  |  Val Loss: 1.7445, Acc: 42.72%  |  Time: 3.8s
  -> Best model saved (42.72%)
[Epoch 7] Summarizing hook timing...

[HOOK_TIMING_SUMMARY] epoch=7
[HOOK_WORK_SUMMARY] label=mpi:ring_zfp_naive:rate16 calls=192 work_total_ms=2983.840 work_mean_ms=15.541 work_min_ms=12.254 work_max_ms=21.662
[HOOK_TAIL_SUMMARY] label=mpi:ring_zfp_naive:rate16 steps=24 tail_total_ms=2767.884 tail_mean_ms=115.328 tail_min_ms=111.616 tail_max_ms=118.749
[Epoch 7] Hook timing summary done

[Epoch 8] Training... (lr=0.000773)
  Batch [5/24] Loss: 1.7274, Acc: 43.91%
  Batch [10/24] Loss: 1.7365, Acc: 43.52%
  Batch [15/24] Loss: 1.7410, Acc: 42.19%
  Batch [20/24] Loss: 1.7371, Acc: 42.34%
[Epoch 8] Train Loss: 1.7450, Acc: 41.60%  |  Val Loss: 1.6567, Acc: 45.28%  |  Time: 3.8s
  -> Best model saved (45.28%)
[Epoch 8] Summarizing hook timing...

[HOOK_TIMING_SUMMARY] epoch=8
[HOOK_WORK_SUMMARY] label=mpi:ring_zfp_naive:rate16 calls=192 work_total_ms=2992.402 work_mean_ms=15.585 work_min_ms=12.302 work_max_ms=23.498
[HOOK_TAIL_SUMMARY] label=mpi:ring_zfp_naive:rate16 steps=24 tail_total_ms=2775.246 tail_mean_ms=115.635 tail_min_ms=113.086 tail_max_ms=119.059
[Epoch 8] Hook timing summary done

[Epoch 9] Training... (lr=0.000701)
  Batch [5/24] Loss: 1.7166, Acc: 41.56%
  Batch [10/24] Loss: 1.7031, Acc: 42.89%
  Batch [15/24] Loss: 1.6736, Acc: 44.58%
  Batch [20/24] Loss: 1.6691, Acc: 44.61%
[Epoch 9] Train Loss: 1.6709, Acc: 44.37%  |  Val Loss: 1.5874, Acc: 47.04%  |  Time: 3.8s
  -> Best model saved (47.04%)
[Epoch 9] Summarizing hook timing...

[HOOK_TIMING_SUMMARY] epoch=9
[HOOK_WORK_SUMMARY] label=mpi:ring_zfp_naive:rate16 calls=192 work_total_ms=3003.077 work_mean_ms=15.641 work_min_ms=12.442 work_max_ms=23.016
[HOOK_TAIL_SUMMARY] label=mpi:ring_zfp_naive:rate16 steps=24 tail_total_ms=2794.278 tail_mean_ms=116.428 tail_min_ms=114.911 tail_max_ms=117.439
[Epoch 9] Hook timing summary done

[Epoch 10] Training... (lr=0.000623)
  Batch [5/24] Loss: 1.6182, Acc: 47.19%
  Batch [10/24] Loss: 1.6138, Acc: 46.25%
  Batch [15/24] Loss: 1.6215, Acc: 45.47%
  Batch [20/24] Loss: 1.6088, Acc: 45.82%
[Epoch 10] Train Loss: 1.6047, Acc: 45.96%  |  Val Loss: 1.5439, Acc: 48.64%  |  Time: 3.8s
  -> Best model saved (48.64%)
[Epoch 10] Summarizing hook timing...

[HOOK_TIMING_SUMMARY] epoch=10
[HOOK_WORK_SUMMARY] label=mpi:ring_zfp_naive:rate16 calls=192 work_total_ms=3048.597 work_mean_ms=15.878 work_min_ms=12.351 work_max_ms=32.079
[HOOK_TAIL_SUMMARY] label=mpi:ring_zfp_naive:rate16 steps=24 tail_total_ms=2841.800 tail_mean_ms=118.408 tail_min_ms=115.182 tail_max_ms=151.871
[Epoch 10] Hook timing summary done

[Epoch 11] Training... (lr=0.000541)
  Batch [5/24] Loss: 1.5098, Acc: 50.94%
  Batch [10/24] Loss: 1.5494, Acc: 48.75%
  Batch [15/24] Loss: 1.5579, Acc: 47.86%
  Batch [20/24] Loss: 1.5599, Acc: 47.54%
[Epoch 11] Train Loss: 1.5618, Acc: 46.81%  |  Val Loss: 1.4986, Acc: 49.44%  |  Time: 3.8s
  -> Best model saved (49.44%)
[Epoch 11] Summarizing hook timing...

[HOOK_TIMING_SUMMARY] epoch=11
[HOOK_WORK_SUMMARY] label=mpi:ring_zfp_naive:rate16 calls=192 work_total_ms=2999.609 work_mean_ms=15.623 work_min_ms=12.278 work_max_ms=22.696
[HOOK_TAIL_SUMMARY] label=mpi:ring_zfp_naive:rate16 steps=24 tail_total_ms=2781.226 tail_mean_ms=115.884 tail_min_ms=112.974 tail_max_ms=132.976
[Epoch 11] Hook timing summary done

[Epoch 12] Training... (lr=0.000459)
  Batch [5/24] Loss: 1.5291, Acc: 47.81%
  Batch [10/24] Loss: 1.5750, Acc: 45.55%
  Batch [15/24] Loss: 1.5499, Acc: 46.46%
  Batch [20/24] Loss: 1.5412, Acc: 47.19%
[Epoch 12] Train Loss: 1.5378, Acc: 47.27%  |  Val Loss: 1.4602, Acc: 50.88%  |  Time: 3.8s
  -> Best model saved (50.88%)
[Epoch 12] Summarizing hook timing...

[HOOK_TIMING_SUMMARY] epoch=12
[HOOK_WORK_SUMMARY] label=mpi:ring_zfp_naive:rate16 calls=192 work_total_ms=3024.813 work_mean_ms=15.754 work_min_ms=12.319 work_max_ms=31.289
[HOOK_TAIL_SUMMARY] label=mpi:ring_zfp_naive:rate16 steps=24 tail_total_ms=2801.509 tail_mean_ms=116.730 tail_min_ms=111.408 tail_max_ms=134.567
[Epoch 12] Hook timing summary done

[Epoch 13] Training... (lr=0.000377)
  Batch [5/24] Loss: 1.5171, Acc: 49.06%
  Batch [10/24] Loss: 1.5327, Acc: 47.58%
  Batch [15/24] Loss: 1.5275, Acc: 48.33%
  Batch [20/24] Loss: 1.5076, Acc: 49.10%
[Epoch 13] Train Loss: 1.4916, Acc: 49.93%  |  Val Loss: 1.4298, Acc: 52.00%  |  Time: 3.8s
  -> Best model saved (52.00%)
[Epoch 13] Summarizing hook timing...

[HOOK_TIMING_SUMMARY] epoch=13
[HOOK_WORK_SUMMARY] label=mpi:ring_zfp_naive:rate16 calls=192 work_total_ms=3025.871 work_mean_ms=15.760 work_min_ms=12.358 work_max_ms=27.765
[HOOK_TAIL_SUMMARY] label=mpi:ring_zfp_naive:rate16 steps=24 tail_total_ms=2799.929 tail_mean_ms=116.664 tail_min_ms=110.667 tail_max_ms=143.321
[Epoch 13] Hook timing summary done

[Epoch 14] Training... (lr=0.000299)
  Batch [5/24] Loss: 1.5004, Acc: 48.28%
  Batch [10/24] Loss: 1.5012, Acc: 48.44%
  Batch [15/24] Loss: 1.5089, Acc: 48.54%
  Batch [20/24] Loss: 1.4945, Acc: 49.41%
[Epoch 14] Train Loss: 1.4983, Acc: 48.86%  |  Val Loss: 1.3992, Acc: 53.44%  |  Time: 3.8s
  -> Best model saved (53.44%)
[Epoch 14] Summarizing hook timing...

[HOOK_TIMING_SUMMARY] epoch=14
[HOOK_WORK_SUMMARY] label=mpi:ring_zfp_naive:rate16 calls=192 work_total_ms=2979.429 work_mean_ms=15.518 work_min_ms=12.312 work_max_ms=22.059
[HOOK_TAIL_SUMMARY] label=mpi:ring_zfp_naive:rate16 steps=24 tail_total_ms=2754.944 tail_mean_ms=114.789 tail_min_ms=110.553 tail_max_ms=116.511
[Epoch 14] Hook timing summary done

[Epoch 15] Training... (lr=0.000227)
  Batch [5/24] Loss: 1.5395, Acc: 47.50%
  Batch [10/24] Loss: 1.5334, Acc: 47.81%
  Batch [15/24] Loss: 1.5273, Acc: 48.44%
  Batch [20/24] Loss: 1.5095, Acc: 49.30%
[Epoch 15] Train Loss: 1.5043, Acc: 49.28%  |  Val Loss: 1.4073, Acc: 53.28%  |  Time: 3.8s
[Epoch 15] Summarizing hook timing...

[HOOK_TIMING_SUMMARY] epoch=15
[HOOK_WORK_SUMMARY] label=mpi:ring_zfp_naive:rate16 calls=192 work_total_ms=2992.481 work_mean_ms=15.586 work_min_ms=12.386 work_max_ms=22.937
[HOOK_TAIL_SUMMARY] label=mpi:ring_zfp_naive:rate16 steps=24 tail_total_ms=2773.492 tail_mean_ms=115.562 tail_min_ms=112.795 tail_max_ms=117.183
[Epoch 15] Hook timing summary done

[Epoch 16] Training... (lr=0.000161)
  Batch [5/24] Loss: 1.4545, Acc: 51.25%
  Batch [10/24] Loss: 1.4500, Acc: 51.17%
  Batch [15/24] Loss: 1.4511, Acc: 50.89%
  Batch [20/24] Loss: 1.4562, Acc: 50.39%
[Epoch 16] Train Loss: 1.4529, Acc: 50.68%  |  Val Loss: 1.4001, Acc: 52.96%  |  Time: 3.8s
[Epoch 16] Summarizing hook timing...

[HOOK_TIMING_SUMMARY] epoch=16
[HOOK_WORK_SUMMARY] label=mpi:ring_zfp_naive:rate16 calls=192 work_total_ms=3021.230 work_mean_ms=15.736 work_min_ms=12.260 work_max_ms=30.291
[HOOK_TAIL_SUMMARY] label=mpi:ring_zfp_naive:rate16 steps=24 tail_total_ms=2801.593 tail_mean_ms=116.733 tail_min_ms=113.724 tail_max_ms=144.130
[Epoch 16] Hook timing summary done

[Epoch 17] Training... (lr=0.000105)
  Batch [5/24] Loss: 1.4668, Acc: 49.69%
  Batch [10/24] Loss: 1.4370, Acc: 50.00%
  Batch [15/24] Loss: 1.4223, Acc: 50.36%
  Batch [20/24] Loss: 1.4131, Acc: 51.13%
[Epoch 17] Train Loss: 1.4306, Acc: 50.81%  |  Val Loss: 1.3838, Acc: 52.96%  |  Time: 3.8s
[Epoch 17] Summarizing hook timing...

[HOOK_TIMING_SUMMARY] epoch=17
[HOOK_WORK_SUMMARY] label=mpi:ring_zfp_naive:rate16 calls=192 work_total_ms=2995.917 work_mean_ms=15.604 work_min_ms=12.184 work_max_ms=25.164
[HOOK_TAIL_SUMMARY] label=mpi:ring_zfp_naive:rate16 steps=24 tail_total_ms=2775.275 tail_mean_ms=115.636 tail_min_ms=113.893 tail_max_ms=121.114
[Epoch 17] Hook timing summary done

[Epoch 18] Training... (lr=0.000060)
  Batch [5/24] Loss: 1.4609, Acc: 50.94%
  Batch [10/24] Loss: 1.4625, Acc: 51.25%
  Batch [15/24] Loss: 1.4522, Acc: 50.94%
  Batch [20/24] Loss: 1.4670, Acc: 50.74%
[Epoch 18] Train Loss: 1.4676, Acc: 50.33%  |  Val Loss: 1.3840, Acc: 53.28%  |  Time: 3.8s
[Epoch 18] Summarizing hook timing...

[HOOK_TIMING_SUMMARY] epoch=18
[HOOK_WORK_SUMMARY] label=mpi:ring_zfp_naive:rate16 calls=192 work_total_ms=3021.814 work_mean_ms=15.739 work_min_ms=12.273 work_max_ms=31.682
[HOOK_TAIL_SUMMARY] label=mpi:ring_zfp_naive:rate16 steps=24 tail_total_ms=2801.720 tail_mean_ms=116.738 tail_min_ms=113.043 tail_max_ms=148.433
[Epoch 18] Hook timing summary done

[Epoch 19] Training... (lr=0.000027)
  Batch [5/24] Loss: 1.4378, Acc: 50.47%
  Batch [10/24] Loss: 1.4764, Acc: 50.08%
  Batch [15/24] Loss: 1.4672, Acc: 50.36%
  Batch [20/24] Loss: 1.4651, Acc: 50.59%
[Epoch 19] Train Loss: 1.4628, Acc: 50.49%  |  Val Loss: 1.3754, Acc: 55.04%  |  Time: 3.8s
  -> Best model saved (55.04%)
[Epoch 19] Summarizing hook timing...

[HOOK_TIMING_SUMMARY] epoch=19
[HOOK_WORK_SUMMARY] label=mpi:ring_zfp_naive:rate16 calls=192 work_total_ms=3012.411 work_mean_ms=15.690 work_min_ms=12.235 work_max_ms=26.438
[HOOK_TAIL_SUMMARY] label=mpi:ring_zfp_naive:rate16 steps=24 tail_total_ms=2790.562 tail_mean_ms=116.273 tail_min_ms=112.511 tail_max_ms=130.954
[Epoch 19] Hook timing summary done

[Epoch 20] Training... (lr=0.000007)
  Batch [5/24] Loss: 1.4453, Acc: 49.38%
  Batch [10/24] Loss: 1.4500, Acc: 50.86%
  Batch [15/24] Loss: 1.4535, Acc: 50.68%
  Batch [20/24] Loss: 1.4574, Acc: 50.47%
[Epoch 20] Train Loss: 1.4617, Acc: 50.29%  |  Val Loss: 1.3796, Acc: 53.28%  |  Time: 3.8s
[Epoch 20] Summarizing hook timing...

[HOOK_TIMING_SUMMARY] epoch=20
[HOOK_WORK_SUMMARY] label=mpi:ring_zfp_naive:rate16 calls=192 work_total_ms=2994.704 work_mean_ms=15.597 work_min_ms=12.296 work_max_ms=29.968
[HOOK_TAIL_SUMMARY] label=mpi:ring_zfp_naive:rate16 steps=24 tail_total_ms=2766.613 tail_mean_ms=115.276 tail_min_ms=109.803 tail_max_ms=138.019
[Epoch 20] Hook timing summary done

================================================================================
Done in 93.0s | Best val acc: 55.04%
Epoch times: mean=4.0s  min=3.7s  max=7.7s
================================================================================
=== Finished training: backend=mpi, hook=ring_zfp_naive, zfp_rate=16, status=0 at Fri May 22 03:41:09 PM UTC 2026 ===
=== Starting training: backend=mpi, hook=ring_zfp_online_coll, zfp_rate=16 at Fri May 22 03:41:09 PM UTC 2026 ===

================================================================================
DISTRIBUTED TRAINING LAUNCHER
================================================================================
  Model:      wide_resnet50_2 (pretrained)
  Dataset:    cifar10 (10 classes)
  Backend:    mpi
  Algorithm:  ring_zfp_online_coll
  ZFP rate:   16
  Epochs:     20
  Batch/rank: 128
  LR:         0.001
================================================================================


================================================================================
Distributed Training: WIDE_RESNET50_2 on CIFAR10
Backend: MPI, Algorithm: ring_zfp_online_coll
================================================================================
Ranks: 16, Epochs: 20, Batch/rank: 128, Effective batch: 2048
LR: 0.001, Device: cuda:0

[Setup] Model on cuda:0, wrapped in DDP (static_graph=True)
[Setup] Hook registered: mpi/ring_zfp_online_coll

================================================================================
DISTRIBUTED TRAINING LAUNCHER
================================================================================
  Model:      wide_resnet50_2 (pretrained)
  Dataset:    cifar10 (10 classes)
  Backend:    mpi
  Algorithm:  ring_zfp_online_coll
  ZFP rate:   16
  Epochs:     20
  Batch/rank: 128
  LR:         0.001
================================================================================


================================================================================
DISTRIBUTED TRAINING LAUNCHER
================================================================================
  Model:      wide_resnet50_2 (pretrained)
  Dataset:    cifar10 (10 classes)
  Backend:    mpi
  Algorithm:  ring_zfp_online_coll
  ZFP rate:   16
  Epochs:     20
  Batch/rank: 128
  LR:         0.001
================================================================================


================================================================================
DISTRIBUTED TRAINING LAUNCHER
================================================================================
  Model:      wide_resnet50_2 (pretrained)
  Dataset:    cifar10 (10 classes)
  Backend:    mpi
  Algorithm:  ring_zfp_online_coll
  ZFP rate:   16
  Epochs:     20
  Batch/rank: 128
  LR:         0.001
================================================================================


================================================================================
DISTRIBUTED TRAINING LAUNCHER
================================================================================
  Model:      wide_resnet50_2 (pretrained)
  Dataset:    cifar10 (10 classes)
  Backend:    mpi
  Algorithm:  ring_zfp_online_coll
  ZFP rate:   16
  Epochs:     20
  Batch/rank: 128
  LR:         0.001
================================================================================


================================================================================
DISTRIBUTED TRAINING LAUNCHER
================================================================================
  Model:      wide_resnet50_2 (pretrained)
  Dataset:    cifar10 (10 classes)
  Backend:    mpi
  Algorithm:  ring_zfp_online_coll
  ZFP rate:   16
  Epochs:     20
  Batch/rank: 128
  LR:         0.001
================================================================================


================================================================================
DISTRIBUTED TRAINING LAUNCHER
================================================================================
  Model:      wide_resnet50_2 (pretrained)
  Dataset:    cifar10 (10 classes)
  Backend:    mpi
  Algorithm:  ring_zfp_online_coll
  ZFP rate:   16
  Epochs:     20
  Batch/rank: 128
  LR:         0.001
================================================================================


================================================================================
DISTRIBUTED TRAINING LAUNCHER
================================================================================
  Model:      wide_resnet50_2 (pretrained)
  Dataset:    cifar10 (10 classes)
  Backend:    mpi
  Algorithm:  ring_zfp_online_coll
  ZFP rate:   16
  Epochs:     20
  Batch/rank: 128
  LR:         0.001
================================================================================


================================================================================
DISTRIBUTED TRAINING LAUNCHER
================================================================================
  Model:      wide_resnet50_2 (pretrained)
  Dataset:    cifar10 (10 classes)
  Backend:    mpi
  Algorithm:  ring_zfp_online_coll
  ZFP rate:   16
  Epochs:     20
  Batch/rank: 128
  LR:         0.001
================================================================================


================================================================================
DISTRIBUTED TRAINING LAUNCHER
================================================================================
  Model:      wide_resnet50_2 (pretrained)
  Dataset:    cifar10 (10 classes)
  Backend:    mpi
  Algorithm:  ring_zfp_online_coll
  ZFP rate:   16
  Epochs:     20
  Batch/rank: 128
  LR:         0.001
================================================================================


================================================================================
DISTRIBUTED TRAINING LAUNCHER
================================================================================
  Model:      wide_resnet50_2 (pretrained)
  Dataset:    cifar10 (10 classes)
  Backend:    mpi
  Algorithm:  ring_zfp_online_coll
  ZFP rate:   16
  Epochs:     20
  Batch/rank: 128
  LR:         0.001
================================================================================

[Data] Train batches: 24, Val batches: 5


[Epoch 1] Training... (lr=0.000001)

================================================================================
DISTRIBUTED TRAINING LAUNCHER
================================================================================
  Model:      wide_resnet50_2 (pretrained)
  Dataset:    cifar10 (10 classes)
  Backend:    mpi
  Algorithm:  ring_zfp_online_coll
  ZFP rate:   16
  Epochs:     20
  Batch/rank: 128
  LR:         0.001
================================================================================


================================================================================
DISTRIBUTED TRAINING LAUNCHER
================================================================================
  Model:      wide_resnet50_2 (pretrained)
  Dataset:    cifar10 (10 classes)
  Backend:    mpi
  Algorithm:  ring_zfp_online_coll
  ZFP rate:   16
  Epochs:     20
  Batch/rank: 128
  LR:         0.001
================================================================================


================================================================================
DISTRIBUTED TRAINING LAUNCHER
================================================================================
  Model:      wide_resnet50_2 (pretrained)
  Dataset:    cifar10 (10 classes)
  Backend:    mpi
  Algorithm:  ring_zfp_online_coll
  ZFP rate:   16
  Epochs:     20
  Batch/rank: 128
  LR:         0.001
================================================================================


================================================================================
DISTRIBUTED TRAINING LAUNCHER
================================================================================
  Model:      wide_resnet50_2 (pretrained)
  Dataset:    cifar10 (10 classes)
  Backend:    mpi
  Algorithm:  ring_zfp_online_coll
  ZFP rate:   16
  Epochs:     20
  Batch/rank: 128
  LR:         0.001
================================================================================


================================================================================
DISTRIBUTED TRAINING LAUNCHER
================================================================================
  Model:      wide_resnet50_2 (pretrained)
  Dataset:    cifar10 (10 classes)
  Backend:    mpi
  Algorithm:  ring_zfp_online_coll
  ZFP rate:   16
  Epochs:     20
  Batch/rank: 128
  LR:         0.001
================================================================================

  Batch [5/24] Loss: 2.3619, Acc: 8.28%
  Batch [10/24] Loss: 2.3725, Acc: 9.69%
  Batch [15/24] Loss: 2.3633, Acc: 10.16%
  Batch [20/24] Loss: 2.3696, Acc: 9.77%
[Epoch 1] Train Loss: 2.3712, Acc: 9.54%  |  Val Loss: 2.4006, Acc: 9.28%  |  Time: 4.1s
  -> Best model saved (9.28%)
[Epoch 1] Summarizing hook timing...

[HOOK_TIMING_SUMMARY] epoch=1
[HOOK_WORK_SUMMARY] label=mpi:ring_zfp_online_coll:rate16 calls=178 work_total_ms=2307.806 work_mean_ms=12.965 work_min_ms=9.198 work_max_ms=70.237
[HOOK_TAIL_SUMMARY] label=mpi:ring_zfp_online_coll:rate16 steps=25 tail_total_ms=2218.519 tail_mean_ms=88.741 tail_min_ms=21.443 tail_max_ms=170.468
[Epoch 1] Hook timing summary done

[Epoch 2] Training... (lr=0.001000)
  Batch [5/24] Loss: 2.3714, Acc: 8.91%
  Batch [10/24] Loss: 2.3537, Acc: 10.55%
  Batch [15/24] Loss: 2.3350, Acc: 11.56%
  Batch [20/24] Loss: 2.3223, Acc: 12.03%
[Epoch 2] Train Loss: 2.3110, Acc: 12.73%  |  Val Loss: 2.2704, Acc: 18.24%  |  Time: 3.2s
  -> Best model saved (18.24%)
[Epoch 2] Summarizing hook timing...

[HOOK_TIMING_SUMMARY] epoch=2
[HOOK_WORK_SUMMARY] label=mpi:ring_zfp_online_coll:rate16 calls=192 work_total_ms=2365.816 work_mean_ms=12.322 work_min_ms=9.186 work_max_ms=26.013
[HOOK_TAIL_SUMMARY] label=mpi:ring_zfp_online_coll:rate16 steps=24 tail_total_ms=2134.858 tail_mean_ms=88.952 tail_min_ms=83.086 tail_max_ms=113.350
[Epoch 2] Hook timing summary done

[Epoch 3] Training... (lr=0.000993)
  Batch [5/24] Loss: 2.2455, Acc: 19.38%
  Batch [10/24] Loss: 2.2405, Acc: 18.91%
  Batch [15/24] Loss: 2.2360, Acc: 18.96%
  Batch [20/24] Loss: 2.2190, Acc: 19.38%
[Epoch 3] Train Loss: 2.2071, Acc: 19.89%  |  Val Loss: 2.1555, Acc: 26.56%  |  Time: 3.2s
  -> Best model saved (26.56%)
[Epoch 3] Summarizing hook timing...

[HOOK_TIMING_SUMMARY] epoch=3
[HOOK_WORK_SUMMARY] label=mpi:ring_zfp_online_coll:rate16 calls=192 work_total_ms=2418.344 work_mean_ms=12.596 work_min_ms=9.706 work_max_ms=19.435
[HOOK_TAIL_SUMMARY] label=mpi:ring_zfp_online_coll:rate16 steps=24 tail_total_ms=2188.861 tail_mean_ms=91.203 tail_min_ms=83.931 tail_max_ms=107.496
[Epoch 3] Hook timing summary done

[Epoch 4] Training... (lr=0.000973)
  Batch [5/24] Loss: 2.1406, Acc: 23.75%
  Batch [10/24] Loss: 2.1420, Acc: 24.22%
  Batch [15/24] Loss: 2.1383, Acc: 25.31%
  Batch [20/24] Loss: 2.1304, Acc: 26.17%
[Epoch 4] Train Loss: 2.1194, Acc: 27.54%  |  Val Loss: 2.0482, Acc: 33.92%  |  Time: 3.2s
  -> Best model saved (33.92%)
[Epoch 4] Summarizing hook timing...

[HOOK_TIMING_SUMMARY] epoch=4
[HOOK_WORK_SUMMARY] label=mpi:ring_zfp_online_coll:rate16 calls=192 work_total_ms=2392.599 work_mean_ms=12.461 work_min_ms=9.694 work_max_ms=16.399
[HOOK_TAIL_SUMMARY] label=mpi:ring_zfp_online_coll:rate16 steps=24 tail_total_ms=2162.775 tail_mean_ms=90.116 tail_min_ms=86.149 tail_max_ms=98.539
[Epoch 4] Hook timing summary done

[Epoch 5] Training... (lr=0.000940)
  Batch [5/24] Loss: 2.0470, Acc: 31.25%
  Batch [10/24] Loss: 2.0195, Acc: 31.56%
  Batch [15/24] Loss: 2.0171, Acc: 31.25%
  Batch [20/24] Loss: 2.0053, Acc: 31.84%
[Epoch 5] Train Loss: 1.9902, Acc: 32.49%  |  Val Loss: 1.9520, Acc: 36.32%  |  Time: 3.2s
  -> Best model saved (36.32%)
[Epoch 5] Summarizing hook timing...

[HOOK_TIMING_SUMMARY] epoch=5
[HOOK_WORK_SUMMARY] label=mpi:ring_zfp_online_coll:rate16 calls=192 work_total_ms=2405.884 work_mean_ms=12.531 work_min_ms=9.673 work_max_ms=18.274
[HOOK_TAIL_SUMMARY] label=mpi:ring_zfp_online_coll:rate16 steps=24 tail_total_ms=2174.364 tail_mean_ms=90.598 tail_min_ms=85.412 tail_max_ms=98.319
[Epoch 5] Hook timing summary done

[Epoch 6] Training... (lr=0.000895)
  Batch [5/24] Loss: 1.9617, Acc: 33.28%
  Batch [10/24] Loss: 1.9409, Acc: 35.00%
  Batch [15/24] Loss: 1.9208, Acc: 35.83%
  Batch [20/24] Loss: 1.9218, Acc: 35.66%
[Epoch 6] Train Loss: 1.9179, Acc: 36.20%  |  Val Loss: 1.8292, Acc: 39.84%  |  Time: 3.2s
  -> Best model saved (39.84%)
[Epoch 6] Summarizing hook timing...

[HOOK_TIMING_SUMMARY] epoch=6
[HOOK_WORK_SUMMARY] label=mpi:ring_zfp_online_coll:rate16 calls=192 work_total_ms=2397.058 work_mean_ms=12.485 work_min_ms=9.710 work_max_ms=17.349
[HOOK_TAIL_SUMMARY] label=mpi:ring_zfp_online_coll:rate16 steps=24 tail_total_ms=2166.724 tail_mean_ms=90.280 tail_min_ms=84.586 tail_max_ms=92.776
[Epoch 6] Hook timing summary done

[Epoch 7] Training... (lr=0.000839)
  Batch [5/24] Loss: 1.8693, Acc: 37.19%
  Batch [10/24] Loss: 1.8546, Acc: 38.05%
  Batch [15/24] Loss: 1.8495, Acc: 39.11%
  Batch [20/24] Loss: 1.8341, Acc: 39.49%
[Epoch 7] Train Loss: 1.8212, Acc: 40.10%  |  Val Loss: 1.7378, Acc: 42.56%  |  Time: 3.2s
  -> Best model saved (42.56%)
[Epoch 7] Summarizing hook timing...

[HOOK_TIMING_SUMMARY] epoch=7
[HOOK_WORK_SUMMARY] label=mpi:ring_zfp_online_coll:rate16 calls=192 work_total_ms=2412.649 work_mean_ms=12.566 work_min_ms=9.776 work_max_ms=17.188
[HOOK_TAIL_SUMMARY] label=mpi:ring_zfp_online_coll:rate16 steps=24 tail_total_ms=2184.288 tail_mean_ms=91.012 tail_min_ms=85.764 tail_max_ms=92.775
[Epoch 7] Hook timing summary done

[Epoch 8] Training... (lr=0.000773)
  Batch [5/24] Loss: 1.7150, Acc: 44.69%
  Batch [10/24] Loss: 1.7262, Acc: 44.22%
  Batch [15/24] Loss: 1.7315, Acc: 42.97%
  Batch [20/24] Loss: 1.7314, Acc: 42.50%
[Epoch 8] Train Loss: 1.7376, Acc: 41.80%  |  Val Loss: 1.6504, Acc: 44.80%  |  Time: 3.2s
  -> Best model saved (44.80%)
[Epoch 8] Summarizing hook timing...

[HOOK_TIMING_SUMMARY] epoch=8
[HOOK_WORK_SUMMARY] label=mpi:ring_zfp_online_coll:rate16 calls=192 work_total_ms=2393.108 work_mean_ms=12.464 work_min_ms=9.682 work_max_ms=22.979
[HOOK_TAIL_SUMMARY] label=mpi:ring_zfp_online_coll:rate16 steps=24 tail_total_ms=2164.034 tail_mean_ms=90.168 tail_min_ms=84.889 tail_max_ms=112.176
[Epoch 8] Hook timing summary done

[Epoch 9] Training... (lr=0.000701)
  Batch [5/24] Loss: 1.7125, Acc: 41.41%
  Batch [10/24] Loss: 1.6955, Acc: 43.52%
  Batch [15/24] Loss: 1.6661, Acc: 44.84%
  Batch [20/24] Loss: 1.6604, Acc: 44.73%
[Epoch 9] Train Loss: 1.6645, Acc: 44.56%  |  Val Loss: 1.5799, Acc: 46.88%  |  Time: 3.2s
  -> Best model saved (46.88%)
[Epoch 9] Summarizing hook timing...

[HOOK_TIMING_SUMMARY] epoch=9
[HOOK_WORK_SUMMARY] label=mpi:ring_zfp_online_coll:rate16 calls=192 work_total_ms=2383.719 work_mean_ms=12.415 work_min_ms=9.761 work_max_ms=16.534
[HOOK_TAIL_SUMMARY] label=mpi:ring_zfp_online_coll:rate16 steps=24 tail_total_ms=2166.847 tail_mean_ms=90.285 tail_min_ms=87.515 tail_max_ms=98.933
[Epoch 9] Hook timing summary done

[Epoch 10] Training... (lr=0.000623)
  Batch [5/24] Loss: 1.6110, Acc: 46.72%
  Batch [10/24] Loss: 1.6074, Acc: 46.64%
  Batch [15/24] Loss: 1.6124, Acc: 46.30%
  Batch [20/24] Loss: 1.5967, Acc: 46.52%
[Epoch 10] Train Loss: 1.5926, Acc: 46.74%  |  Val Loss: 1.5359, Acc: 49.12%  |  Time: 3.2s
  -> Best model saved (49.12%)
[Epoch 10] Summarizing hook timing...

[HOOK_TIMING_SUMMARY] epoch=10
[HOOK_WORK_SUMMARY] label=mpi:ring_zfp_online_coll:rate16 calls=192 work_total_ms=2395.137 work_mean_ms=12.475 work_min_ms=9.737 work_max_ms=16.956
[HOOK_TAIL_SUMMARY] label=mpi:ring_zfp_online_coll:rate16 steps=24 tail_total_ms=2166.134 tail_mean_ms=90.256 tail_min_ms=87.549 tail_max_ms=92.453
[Epoch 10] Hook timing summary done

[Epoch 11] Training... (lr=0.000541)
  Batch [5/24] Loss: 1.5079, Acc: 50.78%
  Batch [10/24] Loss: 1.5402, Acc: 49.69%
  Batch [15/24] Loss: 1.5486, Acc: 48.96%
  Batch [20/24] Loss: 1.5517, Acc: 48.05%
[Epoch 11] Train Loss: 1.5545, Acc: 47.62%  |  Val Loss: 1.4932, Acc: 49.60%  |  Time: 3.2s
  -> Best model saved (49.60%)
[Epoch 11] Summarizing hook timing...

[HOOK_TIMING_SUMMARY] epoch=11
[HOOK_WORK_SUMMARY] label=mpi:ring_zfp_online_coll:rate16 calls=192 work_total_ms=2414.586 work_mean_ms=12.576 work_min_ms=9.614 work_max_ms=17.996
[HOOK_TAIL_SUMMARY] label=mpi:ring_zfp_online_coll:rate16 steps=24 tail_total_ms=2198.157 tail_mean_ms=91.590 tail_min_ms=87.398 tail_max_ms=96.503
[Epoch 11] Hook timing summary done

[Epoch 12] Training... (lr=0.000459)
  Batch [5/24] Loss: 1.5200, Acc: 48.28%
  Batch [10/24] Loss: 1.5678, Acc: 46.17%
  Batch [15/24] Loss: 1.5439, Acc: 47.40%
  Batch [20/24] Loss: 1.5365, Acc: 48.16%
[Epoch 12] Train Loss: 1.5323, Acc: 48.57%  |  Val Loss: 1.4523, Acc: 51.84%  |  Time: 3.2s
  -> Best model saved (51.84%)
[Epoch 12] Summarizing hook timing...

[HOOK_TIMING_SUMMARY] epoch=12
[HOOK_WORK_SUMMARY] label=mpi:ring_zfp_online_coll:rate16 calls=192 work_total_ms=2453.384 work_mean_ms=12.778 work_min_ms=9.684 work_max_ms=27.106
[HOOK_TAIL_SUMMARY] label=mpi:ring_zfp_online_coll:rate16 steps=24 tail_total_ms=2237.936 tail_mean_ms=93.247 tail_min_ms=86.754 tail_max_ms=126.238
[Epoch 12] Hook timing summary done

[Epoch 13] Training... (lr=0.000377)
  Batch [5/24] Loss: 1.5102, Acc: 50.78%
  Batch [10/24] Loss: 1.5207, Acc: 48.67%
  Batch [15/24] Loss: 1.5172, Acc: 49.06%
  Batch [20/24] Loss: 1.4970, Acc: 49.73%
[Epoch 13] Train Loss: 1.4810, Acc: 50.59%  |  Val Loss: 1.4173, Acc: 52.96%  |  Time: 3.2s
  -> Best model saved (52.96%)
[Epoch 13] Summarizing hook timing...

[HOOK_TIMING_SUMMARY] epoch=13
[HOOK_WORK_SUMMARY] label=mpi:ring_zfp_online_coll:rate16 calls=192 work_total_ms=2393.132 work_mean_ms=12.464 work_min_ms=9.675 work_max_ms=16.805
[HOOK_TAIL_SUMMARY] label=mpi:ring_zfp_online_coll:rate16 steps=24 tail_total_ms=2165.335 tail_mean_ms=90.222 tail_min_ms=86.919 tail_max_ms=92.462
[Epoch 13] Hook timing summary done

[Epoch 14] Training... (lr=0.000299)
  Batch [5/24] Loss: 1.4938, Acc: 47.66%
  Batch [10/24] Loss: 1.4994, Acc: 47.97%
  Batch [15/24] Loss: 1.5013, Acc: 48.39%
  Batch [20/24] Loss: 1.4857, Acc: 49.84%
[Epoch 14] Train Loss: 1.4899, Acc: 49.41%  |  Val Loss: 1.3925, Acc: 53.92%  |  Time: 3.2s
  -> Best model saved (53.92%)
[Epoch 14] Summarizing hook timing...

[HOOK_TIMING_SUMMARY] epoch=14
[HOOK_WORK_SUMMARY] label=mpi:ring_zfp_online_coll:rate16 calls=192 work_total_ms=2397.006 work_mean_ms=12.484 work_min_ms=9.447 work_max_ms=16.935
[HOOK_TAIL_SUMMARY] label=mpi:ring_zfp_online_coll:rate16 steps=24 tail_total_ms=2178.072 tail_mean_ms=90.753 tail_min_ms=86.655 tail_max_ms=92.161
[Epoch 14] Hook timing summary done

[Epoch 15] Training... (lr=0.000227)
  Batch [5/24] Loss: 1.5318, Acc: 49.69%
  Batch [10/24] Loss: 1.5236, Acc: 48.67%
  Batch [15/24] Loss: 1.5163, Acc: 49.22%
  Batch [20/24] Loss: 1.4957, Acc: 49.65%
[Epoch 15] Train Loss: 1.4887, Acc: 49.93%  |  Val Loss: 1.3937, Acc: 53.76%  |  Time: 3.2s
[Epoch 15] Summarizing hook timing...

[HOOK_TIMING_SUMMARY] epoch=15
[HOOK_WORK_SUMMARY] label=mpi:ring_zfp_online_coll:rate16 calls=192 work_total_ms=2426.722 work_mean_ms=12.639 work_min_ms=9.638 work_max_ms=18.740
[HOOK_TAIL_SUMMARY] label=mpi:ring_zfp_online_coll:rate16 steps=24 tail_total_ms=2211.550 tail_mean_ms=92.148 tail_min_ms=86.016 tail_max_ms=94.649
[Epoch 15] Hook timing summary done

[Epoch 16] Training... (lr=0.000161)
  Batch [5/24] Loss: 1.4575, Acc: 50.00%
  Batch [10/24] Loss: 1.4503, Acc: 50.00%
  Batch [15/24] Loss: 1.4454, Acc: 50.21%
  Batch [20/24] Loss: 1.4466, Acc: 50.04%
[Epoch 16] Train Loss: 1.4445, Acc: 50.39%  |  Val Loss: 1.3902, Acc: 53.12%  |  Time: 3.2s
[Epoch 16] Summarizing hook timing...

[HOOK_TIMING_SUMMARY] epoch=16
[HOOK_WORK_SUMMARY] label=mpi:ring_zfp_online_coll:rate16 calls=192 work_total_ms=2449.342 work_mean_ms=12.757 work_min_ms=9.405 work_max_ms=31.067
[HOOK_TAIL_SUMMARY] label=mpi:ring_zfp_online_coll:rate16 steps=24 tail_total_ms=2236.237 tail_mean_ms=93.177 tail_min_ms=88.890 tail_max_ms=123.377
[Epoch 16] Hook timing summary done

[Epoch 17] Training... (lr=0.000105)
  Batch [5/24] Loss: 1.4488, Acc: 49.06%
  Batch [10/24] Loss: 1.4198, Acc: 50.39%
  Batch [15/24] Loss: 1.4056, Acc: 50.78%
  Batch [20/24] Loss: 1.3972, Acc: 51.76%
[Epoch 17] Train Loss: 1.4154, Acc: 51.53%  |  Val Loss: 1.3731, Acc: 53.76%  |  Time: 3.2s
[Epoch 17] Summarizing hook timing...

[HOOK_TIMING_SUMMARY] epoch=17
[HOOK_WORK_SUMMARY] label=mpi:ring_zfp_online_coll:rate16 calls=192 work_total_ms=2442.157 work_mean_ms=12.720 work_min_ms=9.444 work_max_ms=23.310
[HOOK_TAIL_SUMMARY] label=mpi:ring_zfp_online_coll:rate16 steps=24 tail_total_ms=2226.991 tail_mean_ms=92.791 tail_min_ms=89.916 tail_max_ms=106.952
[Epoch 17] Hook timing summary done

[Epoch 18] Training... (lr=0.000060)
  Batch [5/24] Loss: 1.4506, Acc: 50.00%
  Batch [10/24] Loss: 1.4568, Acc: 50.23%
  Batch [15/24] Loss: 1.4466, Acc: 50.68%
  Batch [20/24] Loss: 1.4593, Acc: 50.78%
[Epoch 18] Train Loss: 1.4575, Acc: 50.55%  |  Val Loss: 1.3729, Acc: 53.44%  |  Time: 3.2s
[Epoch 18] Summarizing hook timing...

[HOOK_TIMING_SUMMARY] epoch=18
[HOOK_WORK_SUMMARY] label=mpi:ring_zfp_online_coll:rate16 calls=192 work_total_ms=2412.313 work_mean_ms=12.564 work_min_ms=9.645 work_max_ms=25.832
[HOOK_TAIL_SUMMARY] label=mpi:ring_zfp_online_coll:rate16 steps=24 tail_total_ms=2197.153 tail_mean_ms=91.548 tail_min_ms=89.535 tail_max_ms=102.197
[Epoch 18] Hook timing summary done

[Epoch 19] Training... (lr=0.000027)
  Batch [5/24] Loss: 1.4176, Acc: 50.47%
  Batch [10/24] Loss: 1.4603, Acc: 50.31%
  Batch [15/24] Loss: 1.4542, Acc: 50.36%
  Batch [20/24] Loss: 1.4450, Acc: 50.59%
[Epoch 19] Train Loss: 1.4430, Acc: 50.65%  |  Val Loss: 1.3626, Acc: 54.08%  |  Time: 3.3s
  -> Best model saved (54.08%)
[Epoch 19] Summarizing hook timing...

[HOOK_TIMING_SUMMARY] epoch=19
[HOOK_WORK_SUMMARY] label=mpi:ring_zfp_online_coll:rate16 calls=192 work_total_ms=2452.997 work_mean_ms=12.776 work_min_ms=9.677 work_max_ms=30.153
[HOOK_TAIL_SUMMARY] label=mpi:ring_zfp_online_coll:rate16 steps=24 tail_total_ms=2228.974 tail_mean_ms=92.874 tail_min_ms=89.373 tail_max_ms=114.514
[Epoch 19] Hook timing summary done

[Epoch 20] Training... (lr=0.000007)
  Batch [5/24] Loss: 1.4418, Acc: 49.38%
  Batch [10/24] Loss: 1.4396, Acc: 50.94%
  Batch [15/24] Loss: 1.4418, Acc: 50.73%
  Batch [20/24] Loss: 1.4461, Acc: 50.47%
[Epoch 20] Train Loss: 1.4499, Acc: 50.13%  |  Val Loss: 1.3655, Acc: 53.92%  |  Time: 3.3s
[Epoch 20] Summarizing hook timing...

[HOOK_TIMING_SUMMARY] epoch=20
[HOOK_WORK_SUMMARY] label=mpi:ring_zfp_online_coll:rate16 calls=192 work_total_ms=2451.197 work_mean_ms=12.767 work_min_ms=9.845 work_max_ms=27.960
[HOOK_TAIL_SUMMARY] label=mpi:ring_zfp_online_coll:rate16 steps=24 tail_total_ms=2225.480 tail_mean_ms=92.728 tail_min_ms=86.878 tail_max_ms=122.050
[Epoch 20] Hook timing summary done

================================================================================
Done in 78.3s | Best val acc: 54.08%
Epoch times: mean=3.3s  min=3.2s  max=4.1s
================================================================================
=== Finished training: backend=mpi, hook=ring_zfp_online_coll, zfp_rate=16, status=0 at Fri May 22 03:42:38 PM UTC 2026 ===
=== Starting training: backend=mpi, hook=ring_zfp_online_coll, zfp_rate=10 at Fri May 22 03:42:38 PM UTC 2026 ===

================================================================================
DISTRIBUTED TRAINING LAUNCHER
================================================================================
  Model:      wide_resnet50_2 (pretrained)
  Dataset:    cifar10 (10 classes)
  Backend:    mpi
  Algorithm:  ring_zfp_online_coll
  ZFP rate:   10
  Epochs:     20
  Batch/rank: 128
  LR:         0.001
================================================================================


================================================================================
Distributed Training: WIDE_RESNET50_2 on CIFAR10
Backend: MPI, Algorithm: ring_zfp_online_coll
================================================================================
Ranks: 16, Epochs: 20, Batch/rank: 128, Effective batch: 2048
LR: 0.001, Device: cuda:0

[Setup] Model on cuda:0, wrapped in DDP (static_graph=True)
[Setup] Hook registered: mpi/ring_zfp_online_coll

================================================================================
DISTRIBUTED TRAINING LAUNCHER
================================================================================
  Model:      wide_resnet50_2 (pretrained)
  Dataset:    cifar10 (10 classes)
  Backend:    mpi
  Algorithm:  ring_zfp_online_coll
  ZFP rate:   10
  Epochs:     20
  Batch/rank: 128
  LR:         0.001
================================================================================


================================================================================
DISTRIBUTED TRAINING LAUNCHER
================================================================================
  Model:      wide_resnet50_2 (pretrained)
  Dataset:    cifar10 (10 classes)
  Backend:    mpi
  Algorithm:  ring_zfp_online_coll
  ZFP rate:   10
  Epochs:     20
  Batch/rank: 128
  LR:         0.001
================================================================================


================================================================================
DISTRIBUTED TRAINING LAUNCHER
================================================================================
  Model:      wide_resnet50_2 (pretrained)
  Dataset:    cifar10 (10 classes)
  Backend:    mpi
  Algorithm:  ring_zfp_online_coll
  ZFP rate:   10
  Epochs:     20
  Batch/rank: 128
  LR:         0.001
================================================================================


================================================================================
DISTRIBUTED TRAINING LAUNCHER
================================================================================
  Model:      wide_resnet50_2 (pretrained)
  Dataset:    cifar10 (10 classes)
  Backend:    mpi
  Algorithm:  ring_zfp_online_coll
  ZFP rate:   10
  Epochs:     20
  Batch/rank: 128
  LR:         0.001
================================================================================


================================================================================
DISTRIBUTED TRAINING LAUNCHER
================================================================================
  Model:      wide_resnet50_2 (pretrained)
  Dataset:    cifar10 (10 classes)
  Backend:    mpi
  Algorithm:  ring_zfp_online_coll
  ZFP rate:   10
  Epochs:     20
  Batch/rank: 128
  LR:         0.001
================================================================================


================================================================================
DISTRIBUTED TRAINING LAUNCHER
================================================================================
  Model:      wide_resnet50_2 (pretrained)
  Dataset:    cifar10 (10 classes)
  Backend:    mpi
  Algorithm:  ring_zfp_online_coll
  ZFP rate:   10
  Epochs:     20
  Batch/rank: 128
  LR:         0.001
================================================================================


================================================================================
DISTRIBUTED TRAINING LAUNCHER
================================================================================
  Model:      wide_resnet50_2 (pretrained)
  Dataset:    cifar10 (10 classes)
  Backend:    mpi
  Algorithm:  ring_zfp_online_coll
  ZFP rate:   10
  Epochs:     20
  Batch/rank: 128
  LR:         0.001
================================================================================


================================================================================
DISTRIBUTED TRAINING LAUNCHER
================================================================================
  Model:      wide_resnet50_2 (pretrained)
  Dataset:    cifar10 (10 classes)
  Backend:    mpi
  Algorithm:  ring_zfp_online_coll
  ZFP rate:   10
  Epochs:     20
  Batch/rank: 128
  LR:         0.001
================================================================================


================================================================================
DISTRIBUTED TRAINING LAUNCHER
================================================================================
  Model:      wide_resnet50_2 (pretrained)
  Dataset:    cifar10 (10 classes)
  Backend:    mpi
  Algorithm:  ring_zfp_online_coll
  ZFP rate:   10
  Epochs:     20
  Batch/rank: 128
  LR:         0.001
================================================================================


================================================================================
DISTRIBUTED TRAINING LAUNCHER
================================================================================
  Model:      wide_resnet50_2 (pretrained)
  Dataset:    cifar10 (10 classes)
  Backend:    mpi
  Algorithm:  ring_zfp_online_coll
  ZFP rate:   10
  Epochs:     20
  Batch/rank: 128
  LR:         0.001
================================================================================


================================================================================
DISTRIBUTED TRAINING LAUNCHER
================================================================================
  Model:      wide_resnet50_2 (pretrained)
  Dataset:    cifar10 (10 classes)
  Backend:    mpi
  Algorithm:  ring_zfp_online_coll
  ZFP rate:   10
  Epochs:     20
  Batch/rank: 128
  LR:         0.001
================================================================================


================================================================================
DISTRIBUTED TRAINING LAUNCHER
================================================================================
  Model:      wide_resnet50_2 (pretrained)
  Dataset:    cifar10 (10 classes)
  Backend:    mpi
  Algorithm:  ring_zfp_online_coll
  ZFP rate:   10
  Epochs:     20
  Batch/rank: 128
  LR:         0.001
================================================================================


================================================================================
DISTRIBUTED TRAINING LAUNCHER
================================================================================
  Model:      wide_resnet50_2 (pretrained)
  Dataset:    cifar10 (10 classes)
  Backend:    mpi
  Algorithm:  ring_zfp_online_coll
  ZFP rate:   10
  Epochs:     20
  Batch/rank: 128
  LR:         0.001
================================================================================


================================================================================
DISTRIBUTED TRAINING LAUNCHER
================================================================================
  Model:      wide_resnet50_2 (pretrained)
  Dataset:    cifar10 (10 classes)
  Backend:    mpi
  Algorithm:  ring_zfp_online_coll
  ZFP rate:   10
  Epochs:     20
  Batch/rank: 128
  LR:         0.001
================================================================================

[Data] Train batches: 24, Val batches: 5


[Epoch 1] Training... (lr=0.000001)

================================================================================
DISTRIBUTED TRAINING LAUNCHER
================================================================================
  Model:      wide_resnet50_2 (pretrained)
  Dataset:    cifar10 (10 classes)
  Backend:    mpi
  Algorithm:  ring_zfp_online_coll
  ZFP rate:   10
  Epochs:     20
  Batch/rank: 128
  LR:         0.001
================================================================================

  Batch [5/24] Loss: 2.3618, Acc: 8.28%
  Batch [10/24] Loss: 2.3725, Acc: 9.77%
  Batch [15/24] Loss: 2.3633, Acc: 10.10%
  Batch [20/24] Loss: 2.3697, Acc: 9.73%
[Epoch 1] Train Loss: 2.3712, Acc: 9.51%  |  Val Loss: 2.4005, Acc: 9.28%  |  Time: 3.9s
  -> Best model saved (9.28%)
[Epoch 1] Summarizing hook timing...

[HOOK_TIMING_SUMMARY] epoch=1
[HOOK_WORK_SUMMARY] label=mpi:ring_zfp_online_coll:rate10 calls=178 work_total_ms=2047.905 work_mean_ms=11.505 work_min_ms=7.019 work_max_ms=57.745
[HOOK_TAIL_SUMMARY] label=mpi:ring_zfp_online_coll:rate10 steps=25 tail_total_ms=1951.586 tail_mean_ms=78.063 tail_min_ms=17.781 tail_max_ms=174.828
[Epoch 1] Hook timing summary done

[Epoch 2] Training... (lr=0.001000)
  Batch [5/24] Loss: 2.3707, Acc: 10.00%
  Batch [10/24] Loss: 2.3537, Acc: 11.33%
  Batch [15/24] Loss: 2.3349, Acc: 12.24%
  Batch [20/24] Loss: 2.3219, Acc: 12.46%
[Epoch 2] Train Loss: 2.3098, Acc: 13.12%  |  Val Loss: 2.2542, Acc: 18.72%  |  Time: 3.0s
  -> Best model saved (18.72%)
[Epoch 2] Summarizing hook timing...

[HOOK_TIMING_SUMMARY] epoch=2
[HOOK_WORK_SUMMARY] label=mpi:ring_zfp_online_coll:rate10 calls=192 work_total_ms=2145.522 work_mean_ms=11.175 work_min_ms=7.083 work_max_ms=14.098
[HOOK_TAIL_SUMMARY] label=mpi:ring_zfp_online_coll:rate10 steps=24 tail_total_ms=1919.706 tail_mean_ms=79.988 tail_min_ms=73.764 tail_max_ms=83.479
[Epoch 2] Hook timing summary done

[Epoch 3] Training... (lr=0.000993)
  Batch [5/24] Loss: 2.2453, Acc: 19.06%
  Batch [10/24] Loss: 2.2388, Acc: 19.14%
  Batch [15/24] Loss: 2.2318, Acc: 19.22%
  Batch [20/24] Loss: 2.2155, Acc: 19.53%
[Epoch 3] Train Loss: 2.2021, Acc: 20.21%  |  Val Loss: 2.1965, Acc: 27.36%  |  Time: 3.0s
  -> Best model saved (27.36%)
[Epoch 3] Summarizing hook timing...

[HOOK_TIMING_SUMMARY] epoch=3
[HOOK_WORK_SUMMARY] label=mpi:ring_zfp_online_coll:rate10 calls=192 work_total_ms=2192.520 work_mean_ms=11.419 work_min_ms=7.127 work_max_ms=14.834
[HOOK_TAIL_SUMMARY] label=mpi:ring_zfp_online_coll:rate10 steps=24 tail_total_ms=1970.444 tail_mean_ms=82.102 tail_min_ms=76.169 tail_max_ms=85.291
[Epoch 3] Hook timing summary done

[Epoch 4] Training... (lr=0.000973)
  Batch [5/24] Loss: 2.1372, Acc: 25.47%
  Batch [10/24] Loss: 2.1396, Acc: 25.08%
  Batch [15/24] Loss: 2.1355, Acc: 26.30%
  Batch [20/24] Loss: 2.1296, Acc: 26.80%
[Epoch 4] Train Loss: 2.1187, Acc: 27.73%  |  Val Loss: 2.0476, Acc: 33.60%  |  Time: 3.0s
  -> Best model saved (33.60%)
[Epoch 4] Summarizing hook timing...

[HOOK_TIMING_SUMMARY] epoch=4
[HOOK_WORK_SUMMARY] label=mpi:ring_zfp_online_coll:rate10 calls=192 work_total_ms=2201.030 work_mean_ms=11.464 work_min_ms=7.191 work_max_ms=15.218
[HOOK_TAIL_SUMMARY] label=mpi:ring_zfp_online_coll:rate10 steps=24 tail_total_ms=1973.057 tail_mean_ms=82.211 tail_min_ms=76.761 tail_max_ms=86.023
[Epoch 4] Hook timing summary done

[Epoch 5] Training... (lr=0.000940)
  Batch [5/24] Loss: 2.0467, Acc: 31.72%
  Batch [10/24] Loss: 2.0193, Acc: 31.95%
  Batch [15/24] Loss: 2.0168, Acc: 31.61%
  Batch [20/24] Loss: 2.0045, Acc: 32.30%
[Epoch 5] Train Loss: 1.9895, Acc: 32.81%  |  Val Loss: 1.9564, Acc: 37.28%  |  Time: 3.0s
  -> Best model saved (37.28%)
[Epoch 5] Summarizing hook timing...

[HOOK_TIMING_SUMMARY] epoch=5
[HOOK_WORK_SUMMARY] label=mpi:ring_zfp_online_coll:rate10 calls=192 work_total_ms=2211.471 work_mean_ms=11.518 work_min_ms=7.224 work_max_ms=24.405
[HOOK_TAIL_SUMMARY] label=mpi:ring_zfp_online_coll:rate10 steps=24 tail_total_ms=1995.258 tail_mean_ms=83.136 tail_min_ms=79.703 tail_max_ms=108.802
[Epoch 5] Hook timing summary done

[Epoch 6] Training... (lr=0.000895)
  Batch [5/24] Loss: 1.9619, Acc: 32.34%
  Batch [10/24] Loss: 1.9373, Acc: 35.08%
  Batch [15/24] Loss: 1.9187, Acc: 35.36%
  Batch [20/24] Loss: 1.9187, Acc: 35.08%
[Epoch 6] Train Loss: 1.9156, Acc: 35.71%  |  Val Loss: 1.8291, Acc: 39.68%  |  Time: 3.0s
  -> Best model saved (39.68%)
[Epoch 6] Summarizing hook timing...

[HOOK_TIMING_SUMMARY] epoch=6
[HOOK_WORK_SUMMARY] label=mpi:ring_zfp_online_coll:rate10 calls=192 work_total_ms=2176.891 work_mean_ms=11.338 work_min_ms=7.183 work_max_ms=14.453
[HOOK_TAIL_SUMMARY] label=mpi:ring_zfp_online_coll:rate10 steps=24 tail_total_ms=1949.825 tail_mean_ms=81.243 tail_min_ms=75.858 tail_max_ms=84.523
[Epoch 6] Hook timing summary done

[Epoch 7] Training... (lr=0.000839)
  Batch [5/24] Loss: 1.8739, Acc: 36.72%
  Batch [10/24] Loss: 1.8555, Acc: 37.81%
  Batch [15/24] Loss: 1.8521, Acc: 38.54%
  Batch [20/24] Loss: 1.8360, Acc: 39.10%
[Epoch 7] Train Loss: 1.8250, Acc: 39.68%  |  Val Loss: 1.7562, Acc: 43.68%  |  Time: 3.0s
  -> Best model saved (43.68%)
[Epoch 7] Summarizing hook timing...

[HOOK_TIMING_SUMMARY] epoch=7
[HOOK_WORK_SUMMARY] label=mpi:ring_zfp_online_coll:rate10 calls=192 work_total_ms=2189.646 work_mean_ms=11.404 work_min_ms=7.041 work_max_ms=15.586
[HOOK_TAIL_SUMMARY] label=mpi:ring_zfp_online_coll:rate10 steps=24 tail_total_ms=1966.236 tail_mean_ms=81.926 tail_min_ms=75.435 tail_max_ms=84.438
[Epoch 7] Hook timing summary done

[Epoch 8] Training... (lr=0.000773)
  Batch [5/24] Loss: 1.7157, Acc: 44.22%
  Batch [10/24] Loss: 1.7261, Acc: 43.75%
  Batch [15/24] Loss: 1.7311, Acc: 42.81%
  Batch [20/24] Loss: 1.7278, Acc: 42.66%
[Epoch 8] Train Loss: 1.7344, Acc: 42.25%  |  Val Loss: 1.6477, Acc: 46.40%  |  Time: 3.0s
  -> Best model saved (46.40%)
[Epoch 8] Summarizing hook timing...

[HOOK_TIMING_SUMMARY] epoch=8
[HOOK_WORK_SUMMARY] label=mpi:ring_zfp_online_coll:rate10 calls=192 work_total_ms=2173.954 work_mean_ms=11.323 work_min_ms=7.200 work_max_ms=14.454
[HOOK_TAIL_SUMMARY] label=mpi:ring_zfp_online_coll:rate10 steps=24 tail_total_ms=1946.294 tail_mean_ms=81.096 tail_min_ms=76.074 tail_max_ms=83.996
[Epoch 8] Hook timing summary done

[Epoch 9] Training... (lr=0.000701)
  Batch [5/24] Loss: 1.7139, Acc: 40.94%
  Batch [10/24] Loss: 1.6959, Acc: 42.66%
  Batch [15/24] Loss: 1.6649, Acc: 44.69%
  Batch [20/24] Loss: 1.6596, Acc: 44.53%
[Epoch 9] Train Loss: 1.6624, Acc: 44.17%  |  Val Loss: 1.5749, Acc: 47.52%  |  Time: 3.0s
  -> Best model saved (47.52%)
[Epoch 9] Summarizing hook timing...

[HOOK_TIMING_SUMMARY] epoch=9
[HOOK_WORK_SUMMARY] label=mpi:ring_zfp_online_coll:rate10 calls=192 work_total_ms=2209.234 work_mean_ms=11.506 work_min_ms=7.239 work_max_ms=25.152
[HOOK_TAIL_SUMMARY] label=mpi:ring_zfp_online_coll:rate10 steps=24 tail_total_ms=1982.429 tail_mean_ms=82.601 tail_min_ms=76.554 tail_max_ms=114.909
[Epoch 9] Hook timing summary done

[Epoch 10] Training... (lr=0.000623)
  Batch [5/24] Loss: 1.6174, Acc: 48.28%
  Batch [10/24] Loss: 1.6084, Acc: 47.34%
  Batch [15/24] Loss: 1.6106, Acc: 46.46%
  Batch [20/24] Loss: 1.5967, Acc: 46.72%
[Epoch 10] Train Loss: 1.5922, Acc: 46.52%  |  Val Loss: 1.5292, Acc: 48.64%  |  Time: 3.0s
  -> Best model saved (48.64%)
[Epoch 10] Summarizing hook timing...

[HOOK_TIMING_SUMMARY] epoch=10
[HOOK_WORK_SUMMARY] label=mpi:ring_zfp_online_coll:rate10 calls=192 work_total_ms=2235.498 work_mean_ms=11.643 work_min_ms=7.222 work_max_ms=21.727
[HOOK_TAIL_SUMMARY] label=mpi:ring_zfp_online_coll:rate10 steps=24 tail_total_ms=2016.923 tail_mean_ms=84.038 tail_min_ms=75.808 tail_max_ms=113.495
[Epoch 10] Hook timing summary done

[Epoch 11] Training... (lr=0.000541)
  Batch [5/24] Loss: 1.5008, Acc: 51.56%
  Batch [10/24] Loss: 1.5384, Acc: 49.53%
  Batch [15/24] Loss: 1.5454, Acc: 48.39%
  Batch [20/24] Loss: 1.5500, Acc: 48.01%
[Epoch 11] Train Loss: 1.5508, Acc: 47.62%  |  Val Loss: 1.4882, Acc: 49.28%  |  Time: 3.0s
  -> Best model saved (49.28%)
[Epoch 11] Summarizing hook timing...

[HOOK_TIMING_SUMMARY] epoch=11
[HOOK_WORK_SUMMARY] label=mpi:ring_zfp_online_coll:rate10 calls=192 work_total_ms=2160.460 work_mean_ms=11.252 work_min_ms=7.058 work_max_ms=14.053
[HOOK_TAIL_SUMMARY] label=mpi:ring_zfp_online_coll:rate10 steps=24 tail_total_ms=1935.675 tail_mean_ms=80.653 tail_min_ms=78.336 tail_max_ms=82.115
[Epoch 11] Hook timing summary done

[Epoch 12] Training... (lr=0.000459)
  Batch [5/24] Loss: 1.5252, Acc: 47.81%
  Batch [10/24] Loss: 1.5702, Acc: 46.25%
  Batch [15/24] Loss: 1.5456, Acc: 47.14%
  Batch [20/24] Loss: 1.5342, Acc: 48.05%
[Epoch 12] Train Loss: 1.5296, Acc: 48.34%  |  Val Loss: 1.4480, Acc: 50.72%  |  Time: 3.0s
  -> Best model saved (50.72%)
[Epoch 12] Summarizing hook timing...

[HOOK_TIMING_SUMMARY] epoch=12
[HOOK_WORK_SUMMARY] label=mpi:ring_zfp_online_coll:rate10 calls=192 work_total_ms=2188.040 work_mean_ms=11.396 work_min_ms=7.221 work_max_ms=17.177
[HOOK_TAIL_SUMMARY] label=mpi:ring_zfp_online_coll:rate10 steps=24 tail_total_ms=1960.853 tail_mean_ms=81.702 tail_min_ms=76.652 tail_max_ms=88.262
[Epoch 12] Hook timing summary done

[Epoch 13] Training... (lr=0.000377)
  Batch [5/24] Loss: 1.5196, Acc: 50.16%
  Batch [10/24] Loss: 1.5217, Acc: 48.59%
  Batch [15/24] Loss: 1.5165, Acc: 48.91%
  Batch [20/24] Loss: 1.4969, Acc: 49.73%
[Epoch 13] Train Loss: 1.4795, Acc: 50.59%  |  Val Loss: 1.4127, Acc: 52.80%  |  Time: 3.0s
  -> Best model saved (52.80%)
[Epoch 13] Summarizing hook timing...

[HOOK_TIMING_SUMMARY] epoch=13
[HOOK_WORK_SUMMARY] label=mpi:ring_zfp_online_coll:rate10 calls=192 work_total_ms=2190.365 work_mean_ms=11.408 work_min_ms=7.203 work_max_ms=16.333
[HOOK_TAIL_SUMMARY] label=mpi:ring_zfp_online_coll:rate10 steps=24 tail_total_ms=1964.680 tail_mean_ms=81.862 tail_min_ms=76.577 tail_max_ms=85.752
[Epoch 13] Hook timing summary done

[Epoch 14] Training... (lr=0.000299)
  Batch [5/24] Loss: 1.4959, Acc: 49.69%
  Batch [10/24] Loss: 1.4956, Acc: 49.06%
  Batch [15/24] Loss: 1.5001, Acc: 49.27%
  Batch [20/24] Loss: 1.4843, Acc: 49.96%
[Epoch 14] Train Loss: 1.4885, Acc: 49.45%  |  Val Loss: 1.3871, Acc: 53.28%  |  Time: 3.0s
  -> Best model saved (53.28%)
[Epoch 14] Summarizing hook timing...

[HOOK_TIMING_SUMMARY] epoch=14
[HOOK_WORK_SUMMARY] label=mpi:ring_zfp_online_coll:rate10 calls=192 work_total_ms=2188.741 work_mean_ms=11.400 work_min_ms=7.046 work_max_ms=15.428
[HOOK_TAIL_SUMMARY] label=mpi:ring_zfp_online_coll:rate10 steps=24 tail_total_ms=1972.108 tail_mean_ms=82.171 tail_min_ms=75.462 tail_max_ms=86.076
[Epoch 14] Hook timing summary done

[Epoch 15] Training... (lr=0.000227)
  Batch [5/24] Loss: 1.5290, Acc: 48.44%
  Batch [10/24] Loss: 1.5164, Acc: 48.28%
  Batch [15/24] Loss: 1.5093, Acc: 49.17%
  Batch [20/24] Loss: 1.4910, Acc: 50.08%
[Epoch 15] Train Loss: 1.4869, Acc: 50.20%  |  Val Loss: 1.3900, Acc: 54.72%  |  Time: 3.0s
  -> Best model saved (54.72%)
[Epoch 15] Summarizing hook timing...

[HOOK_TIMING_SUMMARY] epoch=15
[HOOK_WORK_SUMMARY] label=mpi:ring_zfp_online_coll:rate10 calls=192 work_total_ms=2186.633 work_mean_ms=11.389 work_min_ms=7.194 work_max_ms=14.761
[HOOK_TAIL_SUMMARY] label=mpi:ring_zfp_online_coll:rate10 steps=24 tail_total_ms=1968.531 tail_mean_ms=82.022 tail_min_ms=76.464 tail_max_ms=84.320
[Epoch 15] Hook timing summary done

[Epoch 16] Training... (lr=0.000161)
  Batch [5/24] Loss: 1.4450, Acc: 51.88%
  Batch [10/24] Loss: 1.4411, Acc: 51.33%
  Batch [15/24] Loss: 1.4389, Acc: 51.25%
  Batch [20/24] Loss: 1.4448, Acc: 50.59%
[Epoch 16] Train Loss: 1.4419, Acc: 50.78%  |  Val Loss: 1.3819, Acc: 52.48%  |  Time: 3.0s
[Epoch 16] Summarizing hook timing...

[HOOK_TIMING_SUMMARY] epoch=16
[HOOK_WORK_SUMMARY] label=mpi:ring_zfp_online_coll:rate10 calls=192 work_total_ms=2166.599 work_mean_ms=11.284 work_min_ms=7.116 work_max_ms=13.972
[HOOK_TAIL_SUMMARY] label=mpi:ring_zfp_online_coll:rate10 steps=24 tail_total_ms=1938.184 tail_mean_ms=80.758 tail_min_ms=76.180 tail_max_ms=82.472
[Epoch 16] Hook timing summary done

[Epoch 17] Training... (lr=0.000105)
  Batch [5/24] Loss: 1.4424, Acc: 51.41%
  Batch [10/24] Loss: 1.4159, Acc: 51.80%
  Batch [15/24] Loss: 1.4025, Acc: 51.98%
  Batch [20/24] Loss: 1.3935, Acc: 52.73%
[Epoch 17] Train Loss: 1.4122, Acc: 52.18%  |  Val Loss: 1.3669, Acc: 53.44%  |  Time: 3.0s
[Epoch 17] Summarizing hook timing...

[HOOK_TIMING_SUMMARY] epoch=17
[HOOK_WORK_SUMMARY] label=mpi:ring_zfp_online_coll:rate10 calls=192 work_total_ms=2226.261 work_mean_ms=11.595 work_min_ms=7.202 work_max_ms=20.707
[HOOK_TAIL_SUMMARY] label=mpi:ring_zfp_online_coll:rate10 steps=24 tail_total_ms=2010.414 tail_mean_ms=83.767 tail_min_ms=79.757 tail_max_ms=105.441
[Epoch 17] Hook timing summary done

[Epoch 18] Training... (lr=0.000060)
  Batch [5/24] Loss: 1.4411, Acc: 50.94%
  Batch [10/24] Loss: 1.4555, Acc: 50.94%
  Batch [15/24] Loss: 1.4466, Acc: 50.73%
  Batch [20/24] Loss: 1.4605, Acc: 50.27%
[Epoch 18] Train Loss: 1.4594, Acc: 50.07%  |  Val Loss: 1.3609, Acc: 54.88%  |  Time: 3.0s
  -> Best model saved (54.88%)
[Epoch 18] Summarizing hook timing...

[HOOK_TIMING_SUMMARY] epoch=18
[HOOK_WORK_SUMMARY] label=mpi:ring_zfp_online_coll:rate10 calls=192 work_total_ms=2213.673 work_mean_ms=11.530 work_min_ms=7.168 work_max_ms=21.919
[HOOK_TAIL_SUMMARY] label=mpi:ring_zfp_online_coll:rate10 steps=24 tail_total_ms=1981.176 tail_mean_ms=82.549 tail_min_ms=78.752 tail_max_ms=112.394
[Epoch 18] Hook timing summary done

[Epoch 19] Training... (lr=0.000027)
  Batch [5/24] Loss: 1.4082, Acc: 51.41%
  Batch [10/24] Loss: 1.4557, Acc: 50.78%
  Batch [15/24] Loss: 1.4507, Acc: 50.57%
  Batch [20/24] Loss: 1.4493, Acc: 50.66%
[Epoch 19] Train Loss: 1.4471, Acc: 50.62%  |  Val Loss: 1.3575, Acc: 55.04%  |  Time: 3.0s
  -> Best model saved (55.04%)
[Epoch 19] Summarizing hook timing...

[HOOK_TIMING_SUMMARY] epoch=19
[HOOK_WORK_SUMMARY] label=mpi:ring_zfp_online_coll:rate10 calls=192 work_total_ms=2199.212 work_mean_ms=11.454 work_min_ms=7.101 work_max_ms=15.581
[HOOK_TAIL_SUMMARY] label=mpi:ring_zfp_online_coll:rate10 steps=24 tail_total_ms=1981.094 tail_mean_ms=82.546 tail_min_ms=75.782 tail_max_ms=84.539
[Epoch 19] Hook timing summary done

[Epoch 20] Training... (lr=0.000007)
  Batch [5/24] Loss: 1.4390, Acc: 48.91%
  Batch [10/24] Loss: 1.4359, Acc: 50.62%
  Batch [15/24] Loss: 1.4366, Acc: 50.52%
  Batch [20/24] Loss: 1.4422, Acc: 50.47%
[Epoch 20] Train Loss: 1.4471, Acc: 50.39%  |  Val Loss: 1.3598, Acc: 53.44%  |  Time: 3.0s
[Epoch 20] Summarizing hook timing...

[HOOK_TIMING_SUMMARY] epoch=20
[HOOK_WORK_SUMMARY] label=mpi:ring_zfp_online_coll:rate10 calls=192 work_total_ms=2173.418 work_mean_ms=11.320 work_min_ms=6.978 work_max_ms=15.427
[HOOK_TAIL_SUMMARY] label=mpi:ring_zfp_online_coll:rate10 steps=24 tail_total_ms=1957.440 tail_mean_ms=81.560 tail_min_ms=79.117 tail_max_ms=87.735
[Epoch 20] Hook timing summary done

================================================================================
Done in 75.9s | Best val acc: 55.04%
Epoch times: mean=3.0s  min=3.0s  max=3.9s
================================================================================
=== Finished training: backend=mpi, hook=ring_zfp_online_coll, zfp_rate=10, status=0 at Fri May 22 03:44:05 PM UTC 2026 ===
=== Job finished: Fri May 22 03:44:05 PM UTC 2026 ===
