
================================================================================
Distributed Training: WIDE_RESNET50_2 on CIFAR10
Backend: MPI, Algorithm: ring_zfp_online_coll
================================================================================
Ranks: 16, Epochs: 20, Batch/rank: 128, Effective batch: 2048
LR: 0.001, Device: cuda:0

[Setup] Model on cuda:0, wrapped in DDP (static_graph=True)
[Setup] Hook registered: mpi/ring_zfp_online_coll
[Data] Train batches: 24, Val batches: 5


[Epoch 1] Training... (lr=0.000001)
  Batch [5/24] Loss: 2.3619, Acc: 8.28%
  Batch [10/24] Loss: 2.3725, Acc: 9.69%
  Batch [15/24] Loss: 2.3633, Acc: 10.16%
  Batch [20/24] Loss: 2.3696, Acc: 9.77%
[Epoch 1] Train Loss: 2.3712, Acc: 9.54%  |  Val Loss: 2.4006, Acc: 9.28%  |  Time: 4.1s
  -> Best model saved (9.28%)
[Epoch 1] Summarizing hook timing...

[HOOK_TIMING_SUMMARY] epoch=1
[HOOK_WORK_SUMMARY] label=mpi:ring_zfp_online_coll:rate16 calls=178 work_total_ms=2307.806 work_mean_ms=12.965 work_min_ms=9.198 work_max_ms=70.237
[HOOK_TAIL_SUMMARY] label=mpi:ring_zfp_online_coll:rate16 steps=25 tail_total_ms=2218.519 tail_mean_ms=88.741 tail_min_ms=21.443 tail_max_ms=170.468
[Epoch 1] Hook timing summary done

[Epoch 2] Training... (lr=0.001000)
  Batch [5/24] Loss: 2.3714, Acc: 8.91%
  Batch [10/24] Loss: 2.3537, Acc: 10.55%
  Batch [15/24] Loss: 2.3350, Acc: 11.56%
  Batch [20/24] Loss: 2.3223, Acc: 12.03%
[Epoch 2] Train Loss: 2.3110, Acc: 12.73%  |  Val Loss: 2.2704, Acc: 18.24%  |  Time: 3.2s
  -> Best model saved (18.24%)
[Epoch 2] Summarizing hook timing...

[HOOK_TIMING_SUMMARY] epoch=2
[HOOK_WORK_SUMMARY] label=mpi:ring_zfp_online_coll:rate16 calls=192 work_total_ms=2365.816 work_mean_ms=12.322 work_min_ms=9.186 work_max_ms=26.013
[HOOK_TAIL_SUMMARY] label=mpi:ring_zfp_online_coll:rate16 steps=24 tail_total_ms=2134.858 tail_mean_ms=88.952 tail_min_ms=83.086 tail_max_ms=113.350
[Epoch 2] Hook timing summary done

[Epoch 3] Training... (lr=0.000993)
  Batch [5/24] Loss: 2.2455, Acc: 19.38%
  Batch [10/24] Loss: 2.2405, Acc: 18.91%
  Batch [15/24] Loss: 2.2360, Acc: 18.96%
  Batch [20/24] Loss: 2.2190, Acc: 19.38%
[Epoch 3] Train Loss: 2.2071, Acc: 19.89%  |  Val Loss: 2.1555, Acc: 26.56%  |  Time: 3.2s
  -> Best model saved (26.56%)
[Epoch 3] Summarizing hook timing...

[HOOK_TIMING_SUMMARY] epoch=3
[HOOK_WORK_SUMMARY] label=mpi:ring_zfp_online_coll:rate16 calls=192 work_total_ms=2418.344 work_mean_ms=12.596 work_min_ms=9.706 work_max_ms=19.435
[HOOK_TAIL_SUMMARY] label=mpi:ring_zfp_online_coll:rate16 steps=24 tail_total_ms=2188.861 tail_mean_ms=91.203 tail_min_ms=83.931 tail_max_ms=107.496
[Epoch 3] Hook timing summary done

[Epoch 4] Training... (lr=0.000973)
  Batch [5/24] Loss: 2.1406, Acc: 23.75%
  Batch [10/24] Loss: 2.1420, Acc: 24.22%
  Batch [15/24] Loss: 2.1383, Acc: 25.31%
  Batch [20/24] Loss: 2.1304, Acc: 26.17%
[Epoch 4] Train Loss: 2.1194, Acc: 27.54%  |  Val Loss: 2.0482, Acc: 33.92%  |  Time: 3.2s
  -> Best model saved (33.92%)
[Epoch 4] Summarizing hook timing...

[HOOK_TIMING_SUMMARY] epoch=4
[HOOK_WORK_SUMMARY] label=mpi:ring_zfp_online_coll:rate16 calls=192 work_total_ms=2392.599 work_mean_ms=12.461 work_min_ms=9.694 work_max_ms=16.399
[HOOK_TAIL_SUMMARY] label=mpi:ring_zfp_online_coll:rate16 steps=24 tail_total_ms=2162.775 tail_mean_ms=90.116 tail_min_ms=86.149 tail_max_ms=98.539
[Epoch 4] Hook timing summary done

[Epoch 5] Training... (lr=0.000940)
  Batch [5/24] Loss: 2.0470, Acc: 31.25%
  Batch [10/24] Loss: 2.0195, Acc: 31.56%
  Batch [15/24] Loss: 2.0171, Acc: 31.25%
  Batch [20/24] Loss: 2.0053, Acc: 31.84%
[Epoch 5] Train Loss: 1.9902, Acc: 32.49%  |  Val Loss: 1.9520, Acc: 36.32%  |  Time: 3.2s
  -> Best model saved (36.32%)
[Epoch 5] Summarizing hook timing...

[HOOK_TIMING_SUMMARY] epoch=5
[HOOK_WORK_SUMMARY] label=mpi:ring_zfp_online_coll:rate16 calls=192 work_total_ms=2405.884 work_mean_ms=12.531 work_min_ms=9.673 work_max_ms=18.274
[HOOK_TAIL_SUMMARY] label=mpi:ring_zfp_online_coll:rate16 steps=24 tail_total_ms=2174.364 tail_mean_ms=90.598 tail_min_ms=85.412 tail_max_ms=98.319
[Epoch 5] Hook timing summary done

[Epoch 6] Training... (lr=0.000895)
  Batch [5/24] Loss: 1.9617, Acc: 33.28%
  Batch [10/24] Loss: 1.9409, Acc: 35.00%
  Batch [15/24] Loss: 1.9208, Acc: 35.83%
  Batch [20/24] Loss: 1.9218, Acc: 35.66%
[Epoch 6] Train Loss: 1.9179, Acc: 36.20%  |  Val Loss: 1.8292, Acc: 39.84%  |  Time: 3.2s
  -> Best model saved (39.84%)
[Epoch 6] Summarizing hook timing...

[HOOK_TIMING_SUMMARY] epoch=6
[HOOK_WORK_SUMMARY] label=mpi:ring_zfp_online_coll:rate16 calls=192 work_total_ms=2397.058 work_mean_ms=12.485 work_min_ms=9.710 work_max_ms=17.349
[HOOK_TAIL_SUMMARY] label=mpi:ring_zfp_online_coll:rate16 steps=24 tail_total_ms=2166.724 tail_mean_ms=90.280 tail_min_ms=84.586 tail_max_ms=92.776
[Epoch 6] Hook timing summary done

[Epoch 7] Training... (lr=0.000839)
  Batch [5/24] Loss: 1.8693, Acc: 37.19%
  Batch [10/24] Loss: 1.8546, Acc: 38.05%
  Batch [15/24] Loss: 1.8495, Acc: 39.11%
  Batch [20/24] Loss: 1.8341, Acc: 39.49%
[Epoch 7] Train Loss: 1.8212, Acc: 40.10%  |  Val Loss: 1.7378, Acc: 42.56%  |  Time: 3.2s
  -> Best model saved (42.56%)
[Epoch 7] Summarizing hook timing...

[HOOK_TIMING_SUMMARY] epoch=7
[HOOK_WORK_SUMMARY] label=mpi:ring_zfp_online_coll:rate16 calls=192 work_total_ms=2412.649 work_mean_ms=12.566 work_min_ms=9.776 work_max_ms=17.188
[HOOK_TAIL_SUMMARY] label=mpi:ring_zfp_online_coll:rate16 steps=24 tail_total_ms=2184.288 tail_mean_ms=91.012 tail_min_ms=85.764 tail_max_ms=92.775
[Epoch 7] Hook timing summary done

[Epoch 8] Training... (lr=0.000773)
  Batch [5/24] Loss: 1.7150, Acc: 44.69%
  Batch [10/24] Loss: 1.7262, Acc: 44.22%
  Batch [15/24] Loss: 1.7315, Acc: 42.97%
  Batch [20/24] Loss: 1.7314, Acc: 42.50%
[Epoch 8] Train Loss: 1.7376, Acc: 41.80%  |  Val Loss: 1.6504, Acc: 44.80%  |  Time: 3.2s
  -> Best model saved (44.80%)
[Epoch 8] Summarizing hook timing...

[HOOK_TIMING_SUMMARY] epoch=8
[HOOK_WORK_SUMMARY] label=mpi:ring_zfp_online_coll:rate16 calls=192 work_total_ms=2393.108 work_mean_ms=12.464 work_min_ms=9.682 work_max_ms=22.979
[HOOK_TAIL_SUMMARY] label=mpi:ring_zfp_online_coll:rate16 steps=24 tail_total_ms=2164.034 tail_mean_ms=90.168 tail_min_ms=84.889 tail_max_ms=112.176
[Epoch 8] Hook timing summary done

[Epoch 9] Training... (lr=0.000701)
  Batch [5/24] Loss: 1.7125, Acc: 41.41%
  Batch [10/24] Loss: 1.6955, Acc: 43.52%
  Batch [15/24] Loss: 1.6661, Acc: 44.84%
  Batch [20/24] Loss: 1.6604, Acc: 44.73%
[Epoch 9] Train Loss: 1.6645, Acc: 44.56%  |  Val Loss: 1.5799, Acc: 46.88%  |  Time: 3.2s
  -> Best model saved (46.88%)
[Epoch 9] Summarizing hook timing...

[HOOK_TIMING_SUMMARY] epoch=9
[HOOK_WORK_SUMMARY] label=mpi:ring_zfp_online_coll:rate16 calls=192 work_total_ms=2383.719 work_mean_ms=12.415 work_min_ms=9.761 work_max_ms=16.534
[HOOK_TAIL_SUMMARY] label=mpi:ring_zfp_online_coll:rate16 steps=24 tail_total_ms=2166.847 tail_mean_ms=90.285 tail_min_ms=87.515 tail_max_ms=98.933
[Epoch 9] Hook timing summary done

[Epoch 10] Training... (lr=0.000623)
  Batch [5/24] Loss: 1.6110, Acc: 46.72%
  Batch [10/24] Loss: 1.6074, Acc: 46.64%
  Batch [15/24] Loss: 1.6124, Acc: 46.30%
  Batch [20/24] Loss: 1.5967, Acc: 46.52%
[Epoch 10] Train Loss: 1.5926, Acc: 46.74%  |  Val Loss: 1.5359, Acc: 49.12%  |  Time: 3.2s
  -> Best model saved (49.12%)
[Epoch 10] Summarizing hook timing...

[HOOK_TIMING_SUMMARY] epoch=10
[HOOK_WORK_SUMMARY] label=mpi:ring_zfp_online_coll:rate16 calls=192 work_total_ms=2395.137 work_mean_ms=12.475 work_min_ms=9.737 work_max_ms=16.956
[HOOK_TAIL_SUMMARY] label=mpi:ring_zfp_online_coll:rate16 steps=24 tail_total_ms=2166.134 tail_mean_ms=90.256 tail_min_ms=87.549 tail_max_ms=92.453
[Epoch 10] Hook timing summary done

[Epoch 11] Training... (lr=0.000541)
  Batch [5/24] Loss: 1.5079, Acc: 50.78%
  Batch [10/24] Loss: 1.5402, Acc: 49.69%
  Batch [15/24] Loss: 1.5486, Acc: 48.96%
  Batch [20/24] Loss: 1.5517, Acc: 48.05%
[Epoch 11] Train Loss: 1.5545, Acc: 47.62%  |  Val Loss: 1.4932, Acc: 49.60%  |  Time: 3.2s
  -> Best model saved (49.60%)
[Epoch 11] Summarizing hook timing...

[HOOK_TIMING_SUMMARY] epoch=11
[HOOK_WORK_SUMMARY] label=mpi:ring_zfp_online_coll:rate16 calls=192 work_total_ms=2414.586 work_mean_ms=12.576 work_min_ms=9.614 work_max_ms=17.996
[HOOK_TAIL_SUMMARY] label=mpi:ring_zfp_online_coll:rate16 steps=24 tail_total_ms=2198.157 tail_mean_ms=91.590 tail_min_ms=87.398 tail_max_ms=96.503
[Epoch 11] Hook timing summary done

[Epoch 12] Training... (lr=0.000459)
  Batch [5/24] Loss: 1.5200, Acc: 48.28%
  Batch [10/24] Loss: 1.5678, Acc: 46.17%
  Batch [15/24] Loss: 1.5439, Acc: 47.40%
  Batch [20/24] Loss: 1.5365, Acc: 48.16%
[Epoch 12] Train Loss: 1.5323, Acc: 48.57%  |  Val Loss: 1.4523, Acc: 51.84%  |  Time: 3.2s
  -> Best model saved (51.84%)
[Epoch 12] Summarizing hook timing...

[HOOK_TIMING_SUMMARY] epoch=12
[HOOK_WORK_SUMMARY] label=mpi:ring_zfp_online_coll:rate16 calls=192 work_total_ms=2453.384 work_mean_ms=12.778 work_min_ms=9.684 work_max_ms=27.106
[HOOK_TAIL_SUMMARY] label=mpi:ring_zfp_online_coll:rate16 steps=24 tail_total_ms=2237.936 tail_mean_ms=93.247 tail_min_ms=86.754 tail_max_ms=126.238
[Epoch 12] Hook timing summary done

[Epoch 13] Training... (lr=0.000377)
  Batch [5/24] Loss: 1.5102, Acc: 50.78%
  Batch [10/24] Loss: 1.5207, Acc: 48.67%
  Batch [15/24] Loss: 1.5172, Acc: 49.06%
  Batch [20/24] Loss: 1.4970, Acc: 49.73%
[Epoch 13] Train Loss: 1.4810, Acc: 50.59%  |  Val Loss: 1.4173, Acc: 52.96%  |  Time: 3.2s
  -> Best model saved (52.96%)
[Epoch 13] Summarizing hook timing...

[HOOK_TIMING_SUMMARY] epoch=13
[HOOK_WORK_SUMMARY] label=mpi:ring_zfp_online_coll:rate16 calls=192 work_total_ms=2393.132 work_mean_ms=12.464 work_min_ms=9.675 work_max_ms=16.805
[HOOK_TAIL_SUMMARY] label=mpi:ring_zfp_online_coll:rate16 steps=24 tail_total_ms=2165.335 tail_mean_ms=90.222 tail_min_ms=86.919 tail_max_ms=92.462
[Epoch 13] Hook timing summary done

[Epoch 14] Training... (lr=0.000299)
  Batch [5/24] Loss: 1.4938, Acc: 47.66%
  Batch [10/24] Loss: 1.4994, Acc: 47.97%
  Batch [15/24] Loss: 1.5013, Acc: 48.39%
  Batch [20/24] Loss: 1.4857, Acc: 49.84%
[Epoch 14] Train Loss: 1.4899, Acc: 49.41%  |  Val Loss: 1.3925, Acc: 53.92%  |  Time: 3.2s
  -> Best model saved (53.92%)
[Epoch 14] Summarizing hook timing...

[HOOK_TIMING_SUMMARY] epoch=14
[HOOK_WORK_SUMMARY] label=mpi:ring_zfp_online_coll:rate16 calls=192 work_total_ms=2397.006 work_mean_ms=12.484 work_min_ms=9.447 work_max_ms=16.935
[HOOK_TAIL_SUMMARY] label=mpi:ring_zfp_online_coll:rate16 steps=24 tail_total_ms=2178.072 tail_mean_ms=90.753 tail_min_ms=86.655 tail_max_ms=92.161
[Epoch 14] Hook timing summary done

[Epoch 15] Training... (lr=0.000227)
  Batch [5/24] Loss: 1.5318, Acc: 49.69%
  Batch [10/24] Loss: 1.5236, Acc: 48.67%
  Batch [15/24] Loss: 1.5163, Acc: 49.22%
  Batch [20/24] Loss: 1.4957, Acc: 49.65%
[Epoch 15] Train Loss: 1.4887, Acc: 49.93%  |  Val Loss: 1.3937, Acc: 53.76%  |  Time: 3.2s
[Epoch 15] Summarizing hook timing...

[HOOK_TIMING_SUMMARY] epoch=15
[HOOK_WORK_SUMMARY] label=mpi:ring_zfp_online_coll:rate16 calls=192 work_total_ms=2426.722 work_mean_ms=12.639 work_min_ms=9.638 work_max_ms=18.740
[HOOK_TAIL_SUMMARY] label=mpi:ring_zfp_online_coll:rate16 steps=24 tail_total_ms=2211.550 tail_mean_ms=92.148 tail_min_ms=86.016 tail_max_ms=94.649
[Epoch 15] Hook timing summary done

[Epoch 16] Training... (lr=0.000161)
  Batch [5/24] Loss: 1.4575, Acc: 50.00%
  Batch [10/24] Loss: 1.4503, Acc: 50.00%
  Batch [15/24] Loss: 1.4454, Acc: 50.21%
  Batch [20/24] Loss: 1.4466, Acc: 50.04%
[Epoch 16] Train Loss: 1.4445, Acc: 50.39%  |  Val Loss: 1.3902, Acc: 53.12%  |  Time: 3.2s
[Epoch 16] Summarizing hook timing...

[HOOK_TIMING_SUMMARY] epoch=16
[HOOK_WORK_SUMMARY] label=mpi:ring_zfp_online_coll:rate16 calls=192 work_total_ms=2449.342 work_mean_ms=12.757 work_min_ms=9.405 work_max_ms=31.067
[HOOK_TAIL_SUMMARY] label=mpi:ring_zfp_online_coll:rate16 steps=24 tail_total_ms=2236.237 tail_mean_ms=93.177 tail_min_ms=88.890 tail_max_ms=123.377
[Epoch 16] Hook timing summary done

[Epoch 17] Training... (lr=0.000105)
  Batch [5/24] Loss: 1.4488, Acc: 49.06%
  Batch [10/24] Loss: 1.4198, Acc: 50.39%
  Batch [15/24] Loss: 1.4056, Acc: 50.78%
  Batch [20/24] Loss: 1.3972, Acc: 51.76%
[Epoch 17] Train Loss: 1.4154, Acc: 51.53%  |  Val Loss: 1.3731, Acc: 53.76%  |  Time: 3.2s
[Epoch 17] Summarizing hook timing...

[HOOK_TIMING_SUMMARY] epoch=17
[HOOK_WORK_SUMMARY] label=mpi:ring_zfp_online_coll:rate16 calls=192 work_total_ms=2442.157 work_mean_ms=12.720 work_min_ms=9.444 work_max_ms=23.310
[HOOK_TAIL_SUMMARY] label=mpi:ring_zfp_online_coll:rate16 steps=24 tail_total_ms=2226.991 tail_mean_ms=92.791 tail_min_ms=89.916 tail_max_ms=106.952
[Epoch 17] Hook timing summary done

[Epoch 18] Training... (lr=0.000060)
  Batch [5/24] Loss: 1.4506, Acc: 50.00%
  Batch [10/24] Loss: 1.4568, Acc: 50.23%
  Batch [15/24] Loss: 1.4466, Acc: 50.68%
  Batch [20/24] Loss: 1.4593, Acc: 50.78%
[Epoch 18] Train Loss: 1.4575, Acc: 50.55%  |  Val Loss: 1.3729, Acc: 53.44%  |  Time: 3.2s
[Epoch 18] Summarizing hook timing...

[HOOK_TIMING_SUMMARY] epoch=18
[HOOK_WORK_SUMMARY] label=mpi:ring_zfp_online_coll:rate16 calls=192 work_total_ms=2412.313 work_mean_ms=12.564 work_min_ms=9.645 work_max_ms=25.832
[HOOK_TAIL_SUMMARY] label=mpi:ring_zfp_online_coll:rate16 steps=24 tail_total_ms=2197.153 tail_mean_ms=91.548 tail_min_ms=89.535 tail_max_ms=102.197
[Epoch 18] Hook timing summary done

[Epoch 19] Training... (lr=0.000027)
  Batch [5/24] Loss: 1.4176, Acc: 50.47%
  Batch [10/24] Loss: 1.4603, Acc: 50.31%
  Batch [15/24] Loss: 1.4542, Acc: 50.36%
  Batch [20/24] Loss: 1.4450, Acc: 50.59%
[Epoch 19] Train Loss: 1.4430, Acc: 50.65%  |  Val Loss: 1.3626, Acc: 54.08%  |  Time: 3.3s
  -> Best model saved (54.08%)
[Epoch 19] Summarizing hook timing...

[HOOK_TIMING_SUMMARY] epoch=19
[HOOK_WORK_SUMMARY] label=mpi:ring_zfp_online_coll:rate16 calls=192 work_total_ms=2452.997 work_mean_ms=12.776 work_min_ms=9.677 work_max_ms=30.153
[HOOK_TAIL_SUMMARY] label=mpi:ring_zfp_online_coll:rate16 steps=24 tail_total_ms=2228.974 tail_mean_ms=92.874 tail_min_ms=89.373 tail_max_ms=114.514
[Epoch 19] Hook timing summary done

[Epoch 20] Training... (lr=0.000007)
  Batch [5/24] Loss: 1.4418, Acc: 49.38%
  Batch [10/24] Loss: 1.4396, Acc: 50.94%
  Batch [15/24] Loss: 1.4418, Acc: 50.73%
  Batch [20/24] Loss: 1.4461, Acc: 50.47%
[Epoch 20] Train Loss: 1.4499, Acc: 50.13%  |  Val Loss: 1.3655, Acc: 53.92%  |  Time: 3.3s
[Epoch 20] Summarizing hook timing...

[HOOK_TIMING_SUMMARY] epoch=20
[HOOK_WORK_SUMMARY] label=mpi:ring_zfp_online_coll:rate16 calls=192 work_total_ms=2451.197 work_mean_ms=12.767 work_min_ms=9.845 work_max_ms=27.960
[HOOK_TAIL_SUMMARY] label=mpi:ring_zfp_online_coll:rate16 steps=24 tail_total_ms=2225.480 tail_mean_ms=92.728 tail_min_ms=86.878 tail_max_ms=122.050
[Epoch 20] Hook timing summary done

================================================================================
Done in 78.3s | Best val acc: 54.08%
Epoch times: mean=3.3s  min=3.2s  max=4.1s
================================================================================
