
================================================================================
Distributed Training: WIDE_RESNET50_2 on CIFAR10
Backend: MPI, Algorithm: ring_zfp_naive
================================================================================
Ranks: 16, Epochs: 20, Batch/rank: 128, Effective batch: 2048
LR: 0.001, Device: cuda:0

[Setup] Model on cuda:0, wrapped in DDP (static_graph=True)
[Setup] Hook registered: mpi/ring_zfp_naive
[Data] Train batches: 24, Val batches: 5


[Epoch 1] Training... (lr=0.000001)
  Batch [5/24] Loss: 2.3619, Acc: 8.28%
  Batch [10/24] Loss: 2.3726, Acc: 9.69%
  Batch [15/24] Loss: 2.3633, Acc: 10.16%
  Batch [20/24] Loss: 2.3697, Acc: 9.77%
[Epoch 1] Train Loss: 2.3712, Acc: 9.54%  |  Val Loss: 2.4005, Acc: 9.28%  |  Time: 7.7s
  -> Best model saved (9.28%)
[Epoch 1] Summarizing hook timing...

[HOOK_TIMING_SUMMARY] epoch=1
[HOOK_WORK_SUMMARY] label=mpi:ring_zfp_naive:rate16 calls=178 work_total_ms=2781.620 work_mean_ms=15.627 work_min_ms=11.926 work_max_ms=59.650
[HOOK_TAIL_SUMMARY] label=mpi:ring_zfp_naive:rate16 steps=25 tail_total_ms=2729.317 tail_mean_ms=109.173 tail_min_ms=29.238 tail_max_ms=199.031
[Epoch 1] Hook timing summary done

[Epoch 2] Training... (lr=0.001000)
  Batch [5/24] Loss: 2.3714, Acc: 8.91%
  Batch [10/24] Loss: 2.3548, Acc: 10.39%
  Batch [15/24] Loss: 2.3357, Acc: 11.41%
  Batch [20/24] Loss: 2.3232, Acc: 11.95%
[Epoch 2] Train Loss: 2.3101, Acc: 12.57%  |  Val Loss: 2.2691, Acc: 19.04%  |  Time: 3.7s
  -> Best model saved (19.04%)
[Epoch 2] Summarizing hook timing...

[HOOK_TIMING_SUMMARY] epoch=2
[HOOK_WORK_SUMMARY] label=mpi:ring_zfp_naive:rate16 calls=192 work_total_ms=2895.386 work_mean_ms=15.080 work_min_ms=11.976 work_max_ms=21.636
[HOOK_TAIL_SUMMARY] label=mpi:ring_zfp_naive:rate16 steps=24 tail_total_ms=2662.445 tail_mean_ms=110.935 tail_min_ms=102.145 tail_max_ms=114.914
[Epoch 2] Hook timing summary done

[Epoch 3] Training... (lr=0.000993)
  Batch [5/24] Loss: 2.2473, Acc: 17.34%
  Batch [10/24] Loss: 2.2389, Acc: 18.05%
  Batch [15/24] Loss: 2.2341, Acc: 18.02%
  Batch [20/24] Loss: 2.2187, Acc: 18.55%
[Epoch 3] Train Loss: 2.2071, Acc: 19.34%  |  Val Loss: 2.2567, Acc: 26.08%  |  Time: 3.8s
  -> Best model saved (26.08%)
[Epoch 3] Summarizing hook timing...

[HOOK_TIMING_SUMMARY] epoch=3
[HOOK_WORK_SUMMARY] label=mpi:ring_zfp_naive:rate16 calls=192 work_total_ms=2992.472 work_mean_ms=15.586 work_min_ms=12.288 work_max_ms=26.812
[HOOK_TAIL_SUMMARY] label=mpi:ring_zfp_naive:rate16 steps=24 tail_total_ms=2765.610 tail_mean_ms=115.234 tail_min_ms=111.191 tail_max_ms=121.916
[Epoch 3] Hook timing summary done

[Epoch 4] Training... (lr=0.000973)
  Batch [5/24] Loss: 2.1336, Acc: 25.16%
  Batch [10/24] Loss: 2.1400, Acc: 24.53%
  Batch [15/24] Loss: 2.1372, Acc: 25.62%
  Batch [20/24] Loss: 2.1325, Acc: 26.21%
[Epoch 4] Train Loss: 2.1220, Acc: 27.05%  |  Val Loss: 2.0674, Acc: 32.96%  |  Time: 3.8s
  -> Best model saved (32.96%)
[Epoch 4] Summarizing hook timing...

[HOOK_TIMING_SUMMARY] epoch=4
[HOOK_WORK_SUMMARY] label=mpi:ring_zfp_naive:rate16 calls=192 work_total_ms=2969.380 work_mean_ms=15.466 work_min_ms=12.250 work_max_ms=21.798
[HOOK_TAIL_SUMMARY] label=mpi:ring_zfp_naive:rate16 steps=24 tail_total_ms=2752.762 tail_mean_ms=114.698 tail_min_ms=110.932 tail_max_ms=116.488
[Epoch 4] Hook timing summary done

[Epoch 5] Training... (lr=0.000940)
  Batch [5/24] Loss: 2.0435, Acc: 31.41%
  Batch [10/24] Loss: 2.0213, Acc: 31.33%
  Batch [15/24] Loss: 2.0193, Acc: 30.94%
  Batch [20/24] Loss: 2.0075, Acc: 31.99%
[Epoch 5] Train Loss: 1.9927, Acc: 32.42%  |  Val Loss: 1.9688, Acc: 36.64%  |  Time: 3.8s
  -> Best model saved (36.64%)
[Epoch 5] Summarizing hook timing...

[HOOK_TIMING_SUMMARY] epoch=5
[HOOK_WORK_SUMMARY] label=mpi:ring_zfp_naive:rate16 calls=192 work_total_ms=3002.381 work_mean_ms=15.637 work_min_ms=12.277 work_max_ms=23.356
[HOOK_TAIL_SUMMARY] label=mpi:ring_zfp_naive:rate16 steps=24 tail_total_ms=2793.920 tail_mean_ms=116.413 tail_min_ms=114.258 tail_max_ms=118.484
[Epoch 5] Hook timing summary done

[Epoch 6] Training... (lr=0.000895)
  Batch [5/24] Loss: 1.9655, Acc: 32.34%
  Batch [10/24] Loss: 1.9457, Acc: 34.69%
  Batch [15/24] Loss: 1.9253, Acc: 35.47%
  Batch [20/24] Loss: 1.9254, Acc: 35.08%
[Epoch 6] Train Loss: 1.9232, Acc: 35.77%  |  Val Loss: 1.8369, Acc: 41.28%  |  Time: 3.8s
  -> Best model saved (41.28%)
[Epoch 6] Summarizing hook timing...

[HOOK_TIMING_SUMMARY] epoch=6
[HOOK_WORK_SUMMARY] label=mpi:ring_zfp_naive:rate16 calls=192 work_total_ms=2992.279 work_mean_ms=15.585 work_min_ms=12.281 work_max_ms=21.984
[HOOK_TAIL_SUMMARY] label=mpi:ring_zfp_naive:rate16 steps=24 tail_total_ms=2773.933 tail_mean_ms=115.581 tail_min_ms=113.129 tail_max_ms=122.196
[Epoch 6] Hook timing summary done

[Epoch 7] Training... (lr=0.000839)
  Batch [5/24] Loss: 1.8744, Acc: 35.94%
  Batch [10/24] Loss: 1.8624, Acc: 37.27%
  Batch [15/24] Loss: 1.8596, Acc: 37.55%
  Batch [20/24] Loss: 1.8427, Acc: 38.12%
[Epoch 7] Train Loss: 1.8291, Acc: 38.80%  |  Val Loss: 1.7445, Acc: 42.72%  |  Time: 3.8s
  -> Best model saved (42.72%)
[Epoch 7] Summarizing hook timing...

[HOOK_TIMING_SUMMARY] epoch=7
[HOOK_WORK_SUMMARY] label=mpi:ring_zfp_naive:rate16 calls=192 work_total_ms=2983.840 work_mean_ms=15.541 work_min_ms=12.254 work_max_ms=21.662
[HOOK_TAIL_SUMMARY] label=mpi:ring_zfp_naive:rate16 steps=24 tail_total_ms=2767.884 tail_mean_ms=115.328 tail_min_ms=111.616 tail_max_ms=118.749
[Epoch 7] Hook timing summary done

[Epoch 8] Training... (lr=0.000773)
  Batch [5/24] Loss: 1.7274, Acc: 43.91%
  Batch [10/24] Loss: 1.7365, Acc: 43.52%
  Batch [15/24] Loss: 1.7410, Acc: 42.19%
  Batch [20/24] Loss: 1.7371, Acc: 42.34%
[Epoch 8] Train Loss: 1.7450, Acc: 41.60%  |  Val Loss: 1.6567, Acc: 45.28%  |  Time: 3.8s
  -> Best model saved (45.28%)
[Epoch 8] Summarizing hook timing...

[HOOK_TIMING_SUMMARY] epoch=8
[HOOK_WORK_SUMMARY] label=mpi:ring_zfp_naive:rate16 calls=192 work_total_ms=2992.402 work_mean_ms=15.585 work_min_ms=12.302 work_max_ms=23.498
[HOOK_TAIL_SUMMARY] label=mpi:ring_zfp_naive:rate16 steps=24 tail_total_ms=2775.246 tail_mean_ms=115.635 tail_min_ms=113.086 tail_max_ms=119.059
[Epoch 8] Hook timing summary done

[Epoch 9] Training... (lr=0.000701)
  Batch [5/24] Loss: 1.7166, Acc: 41.56%
  Batch [10/24] Loss: 1.7031, Acc: 42.89%
  Batch [15/24] Loss: 1.6736, Acc: 44.58%
  Batch [20/24] Loss: 1.6691, Acc: 44.61%
[Epoch 9] Train Loss: 1.6709, Acc: 44.37%  |  Val Loss: 1.5874, Acc: 47.04%  |  Time: 3.8s
  -> Best model saved (47.04%)
[Epoch 9] Summarizing hook timing...

[HOOK_TIMING_SUMMARY] epoch=9
[HOOK_WORK_SUMMARY] label=mpi:ring_zfp_naive:rate16 calls=192 work_total_ms=3003.077 work_mean_ms=15.641 work_min_ms=12.442 work_max_ms=23.016
[HOOK_TAIL_SUMMARY] label=mpi:ring_zfp_naive:rate16 steps=24 tail_total_ms=2794.278 tail_mean_ms=116.428 tail_min_ms=114.911 tail_max_ms=117.439
[Epoch 9] Hook timing summary done

[Epoch 10] Training... (lr=0.000623)
  Batch [5/24] Loss: 1.6182, Acc: 47.19%
  Batch [10/24] Loss: 1.6138, Acc: 46.25%
  Batch [15/24] Loss: 1.6215, Acc: 45.47%
  Batch [20/24] Loss: 1.6088, Acc: 45.82%
[Epoch 10] Train Loss: 1.6047, Acc: 45.96%  |  Val Loss: 1.5439, Acc: 48.64%  |  Time: 3.8s
  -> Best model saved (48.64%)
[Epoch 10] Summarizing hook timing...

[HOOK_TIMING_SUMMARY] epoch=10
[HOOK_WORK_SUMMARY] label=mpi:ring_zfp_naive:rate16 calls=192 work_total_ms=3048.597 work_mean_ms=15.878 work_min_ms=12.351 work_max_ms=32.079
[HOOK_TAIL_SUMMARY] label=mpi:ring_zfp_naive:rate16 steps=24 tail_total_ms=2841.800 tail_mean_ms=118.408 tail_min_ms=115.182 tail_max_ms=151.871
[Epoch 10] Hook timing summary done

[Epoch 11] Training... (lr=0.000541)
  Batch [5/24] Loss: 1.5098, Acc: 50.94%
  Batch [10/24] Loss: 1.5494, Acc: 48.75%
  Batch [15/24] Loss: 1.5579, Acc: 47.86%
  Batch [20/24] Loss: 1.5599, Acc: 47.54%
[Epoch 11] Train Loss: 1.5618, Acc: 46.81%  |  Val Loss: 1.4986, Acc: 49.44%  |  Time: 3.8s
  -> Best model saved (49.44%)
[Epoch 11] Summarizing hook timing...

[HOOK_TIMING_SUMMARY] epoch=11
[HOOK_WORK_SUMMARY] label=mpi:ring_zfp_naive:rate16 calls=192 work_total_ms=2999.609 work_mean_ms=15.623 work_min_ms=12.278 work_max_ms=22.696
[HOOK_TAIL_SUMMARY] label=mpi:ring_zfp_naive:rate16 steps=24 tail_total_ms=2781.226 tail_mean_ms=115.884 tail_min_ms=112.974 tail_max_ms=132.976
[Epoch 11] Hook timing summary done

[Epoch 12] Training... (lr=0.000459)
  Batch [5/24] Loss: 1.5291, Acc: 47.81%
  Batch [10/24] Loss: 1.5750, Acc: 45.55%
  Batch [15/24] Loss: 1.5499, Acc: 46.46%
  Batch [20/24] Loss: 1.5412, Acc: 47.19%
[Epoch 12] Train Loss: 1.5378, Acc: 47.27%  |  Val Loss: 1.4602, Acc: 50.88%  |  Time: 3.8s
  -> Best model saved (50.88%)
[Epoch 12] Summarizing hook timing...

[HOOK_TIMING_SUMMARY] epoch=12
[HOOK_WORK_SUMMARY] label=mpi:ring_zfp_naive:rate16 calls=192 work_total_ms=3024.813 work_mean_ms=15.754 work_min_ms=12.319 work_max_ms=31.289
[HOOK_TAIL_SUMMARY] label=mpi:ring_zfp_naive:rate16 steps=24 tail_total_ms=2801.509 tail_mean_ms=116.730 tail_min_ms=111.408 tail_max_ms=134.567
[Epoch 12] Hook timing summary done

[Epoch 13] Training... (lr=0.000377)
  Batch [5/24] Loss: 1.5171, Acc: 49.06%
  Batch [10/24] Loss: 1.5327, Acc: 47.58%
  Batch [15/24] Loss: 1.5275, Acc: 48.33%
  Batch [20/24] Loss: 1.5076, Acc: 49.10%
[Epoch 13] Train Loss: 1.4916, Acc: 49.93%  |  Val Loss: 1.4298, Acc: 52.00%  |  Time: 3.8s
  -> Best model saved (52.00%)
[Epoch 13] Summarizing hook timing...

[HOOK_TIMING_SUMMARY] epoch=13
[HOOK_WORK_SUMMARY] label=mpi:ring_zfp_naive:rate16 calls=192 work_total_ms=3025.871 work_mean_ms=15.760 work_min_ms=12.358 work_max_ms=27.765
[HOOK_TAIL_SUMMARY] label=mpi:ring_zfp_naive:rate16 steps=24 tail_total_ms=2799.929 tail_mean_ms=116.664 tail_min_ms=110.667 tail_max_ms=143.321
[Epoch 13] Hook timing summary done

[Epoch 14] Training... (lr=0.000299)
  Batch [5/24] Loss: 1.5004, Acc: 48.28%
  Batch [10/24] Loss: 1.5012, Acc: 48.44%
  Batch [15/24] Loss: 1.5089, Acc: 48.54%
  Batch [20/24] Loss: 1.4945, Acc: 49.41%
[Epoch 14] Train Loss: 1.4983, Acc: 48.86%  |  Val Loss: 1.3992, Acc: 53.44%  |  Time: 3.8s
  -> Best model saved (53.44%)
[Epoch 14] Summarizing hook timing...

[HOOK_TIMING_SUMMARY] epoch=14
[HOOK_WORK_SUMMARY] label=mpi:ring_zfp_naive:rate16 calls=192 work_total_ms=2979.429 work_mean_ms=15.518 work_min_ms=12.312 work_max_ms=22.059
[HOOK_TAIL_SUMMARY] label=mpi:ring_zfp_naive:rate16 steps=24 tail_total_ms=2754.944 tail_mean_ms=114.789 tail_min_ms=110.553 tail_max_ms=116.511
[Epoch 14] Hook timing summary done

[Epoch 15] Training... (lr=0.000227)
  Batch [5/24] Loss: 1.5395, Acc: 47.50%
  Batch [10/24] Loss: 1.5334, Acc: 47.81%
  Batch [15/24] Loss: 1.5273, Acc: 48.44%
  Batch [20/24] Loss: 1.5095, Acc: 49.30%
[Epoch 15] Train Loss: 1.5043, Acc: 49.28%  |  Val Loss: 1.4073, Acc: 53.28%  |  Time: 3.8s
[Epoch 15] Summarizing hook timing...

[HOOK_TIMING_SUMMARY] epoch=15
[HOOK_WORK_SUMMARY] label=mpi:ring_zfp_naive:rate16 calls=192 work_total_ms=2992.481 work_mean_ms=15.586 work_min_ms=12.386 work_max_ms=22.937
[HOOK_TAIL_SUMMARY] label=mpi:ring_zfp_naive:rate16 steps=24 tail_total_ms=2773.492 tail_mean_ms=115.562 tail_min_ms=112.795 tail_max_ms=117.183
[Epoch 15] Hook timing summary done

[Epoch 16] Training... (lr=0.000161)
  Batch [5/24] Loss: 1.4545, Acc: 51.25%
  Batch [10/24] Loss: 1.4500, Acc: 51.17%
  Batch [15/24] Loss: 1.4511, Acc: 50.89%
  Batch [20/24] Loss: 1.4562, Acc: 50.39%
[Epoch 16] Train Loss: 1.4529, Acc: 50.68%  |  Val Loss: 1.4001, Acc: 52.96%  |  Time: 3.8s
[Epoch 16] Summarizing hook timing...

[HOOK_TIMING_SUMMARY] epoch=16
[HOOK_WORK_SUMMARY] label=mpi:ring_zfp_naive:rate16 calls=192 work_total_ms=3021.230 work_mean_ms=15.736 work_min_ms=12.260 work_max_ms=30.291
[HOOK_TAIL_SUMMARY] label=mpi:ring_zfp_naive:rate16 steps=24 tail_total_ms=2801.593 tail_mean_ms=116.733 tail_min_ms=113.724 tail_max_ms=144.130
[Epoch 16] Hook timing summary done

[Epoch 17] Training... (lr=0.000105)
  Batch [5/24] Loss: 1.4668, Acc: 49.69%
  Batch [10/24] Loss: 1.4370, Acc: 50.00%
  Batch [15/24] Loss: 1.4223, Acc: 50.36%
  Batch [20/24] Loss: 1.4131, Acc: 51.13%
[Epoch 17] Train Loss: 1.4306, Acc: 50.81%  |  Val Loss: 1.3838, Acc: 52.96%  |  Time: 3.8s
[Epoch 17] Summarizing hook timing...

[HOOK_TIMING_SUMMARY] epoch=17
[HOOK_WORK_SUMMARY] label=mpi:ring_zfp_naive:rate16 calls=192 work_total_ms=2995.917 work_mean_ms=15.604 work_min_ms=12.184 work_max_ms=25.164
[HOOK_TAIL_SUMMARY] label=mpi:ring_zfp_naive:rate16 steps=24 tail_total_ms=2775.275 tail_mean_ms=115.636 tail_min_ms=113.893 tail_max_ms=121.114
[Epoch 17] Hook timing summary done

[Epoch 18] Training... (lr=0.000060)
  Batch [5/24] Loss: 1.4609, Acc: 50.94%
  Batch [10/24] Loss: 1.4625, Acc: 51.25%
  Batch [15/24] Loss: 1.4522, Acc: 50.94%
  Batch [20/24] Loss: 1.4670, Acc: 50.74%
[Epoch 18] Train Loss: 1.4676, Acc: 50.33%  |  Val Loss: 1.3840, Acc: 53.28%  |  Time: 3.8s
[Epoch 18] Summarizing hook timing...

[HOOK_TIMING_SUMMARY] epoch=18
[HOOK_WORK_SUMMARY] label=mpi:ring_zfp_naive:rate16 calls=192 work_total_ms=3021.814 work_mean_ms=15.739 work_min_ms=12.273 work_max_ms=31.682
[HOOK_TAIL_SUMMARY] label=mpi:ring_zfp_naive:rate16 steps=24 tail_total_ms=2801.720 tail_mean_ms=116.738 tail_min_ms=113.043 tail_max_ms=148.433
[Epoch 18] Hook timing summary done

[Epoch 19] Training... (lr=0.000027)
  Batch [5/24] Loss: 1.4378, Acc: 50.47%
  Batch [10/24] Loss: 1.4764, Acc: 50.08%
  Batch [15/24] Loss: 1.4672, Acc: 50.36%
  Batch [20/24] Loss: 1.4651, Acc: 50.59%
[Epoch 19] Train Loss: 1.4628, Acc: 50.49%  |  Val Loss: 1.3754, Acc: 55.04%  |  Time: 3.8s
  -> Best model saved (55.04%)
[Epoch 19] Summarizing hook timing...

[HOOK_TIMING_SUMMARY] epoch=19
[HOOK_WORK_SUMMARY] label=mpi:ring_zfp_naive:rate16 calls=192 work_total_ms=3012.411 work_mean_ms=15.690 work_min_ms=12.235 work_max_ms=26.438
[HOOK_TAIL_SUMMARY] label=mpi:ring_zfp_naive:rate16 steps=24 tail_total_ms=2790.562 tail_mean_ms=116.273 tail_min_ms=112.511 tail_max_ms=130.954
[Epoch 19] Hook timing summary done

[Epoch 20] Training... (lr=0.000007)
  Batch [5/24] Loss: 1.4453, Acc: 49.38%
  Batch [10/24] Loss: 1.4500, Acc: 50.86%
  Batch [15/24] Loss: 1.4535, Acc: 50.68%
  Batch [20/24] Loss: 1.4574, Acc: 50.47%
[Epoch 20] Train Loss: 1.4617, Acc: 50.29%  |  Val Loss: 1.3796, Acc: 53.28%  |  Time: 3.8s
[Epoch 20] Summarizing hook timing...

[HOOK_TIMING_SUMMARY] epoch=20
[HOOK_WORK_SUMMARY] label=mpi:ring_zfp_naive:rate16 calls=192 work_total_ms=2994.704 work_mean_ms=15.597 work_min_ms=12.296 work_max_ms=29.968
[HOOK_TAIL_SUMMARY] label=mpi:ring_zfp_naive:rate16 steps=24 tail_total_ms=2766.613 tail_mean_ms=115.276 tail_min_ms=109.803 tail_max_ms=138.019
[Epoch 20] Hook timing summary done

================================================================================
Done in 93.0s | Best val acc: 55.04%
Epoch times: mean=4.0s  min=3.7s  max=7.7s
================================================================================
