
================================================================================
Distributed Training: WIDE_RESNET50_2 on CIFAR10
Backend: MPI, Algorithm: recursive_doubling_zfp_naive
================================================================================
Ranks: 16, Epochs: 20, Batch/rank: 128, Effective batch: 2048
LR: 0.001, Device: cuda:0

[Setup] Model on cuda:0, wrapped in DDP (static_graph=True)
[Setup] Hook registered: mpi/recursive_doubling_zfp_naive
[Data] Train batches: 24, Val batches: 5


[Epoch 1] Training... (lr=0.000001)
  Batch [5/24] Loss: 2.3618, Acc: 8.28%
  Batch [10/24] Loss: 2.3725, Acc: 9.84%
  Batch [15/24] Loss: 2.3633, Acc: 10.16%
  Batch [20/24] Loss: 2.3697, Acc: 9.77%
[Epoch 1] Train Loss: 2.3712, Acc: 9.51%  |  Val Loss: 2.4006, Acc: 9.28%  |  Time: 3.9s
  -> Best model saved (9.28%)
[Epoch 1] Summarizing hook timing...

[HOOK_TIMING_SUMMARY] epoch=1
[HOOK_WORK_SUMMARY] label=mpi:recursive_doubling_zfp_naive:rate16 calls=178 work_total_ms=2112.787 work_mean_ms=11.870 work_min_ms=5.173 work_max_ms=179.639
[HOOK_TAIL_SUMMARY] label=mpi:recursive_doubling_zfp_naive:rate16 steps=25 tail_total_ms=1966.711 tail_mean_ms=78.668 tail_min_ms=8.492 tail_max_ms=228.197
[Epoch 1] Hook timing summary done

[Epoch 2] Training... (lr=0.001000)
  Batch [5/24] Loss: 2.3712, Acc: 9.69%
  Batch [10/24] Loss: 2.3534, Acc: 10.86%
  Batch [15/24] Loss: 2.3333, Acc: 11.88%
  Batch [20/24] Loss: 2.3214, Acc: 12.42%
[Epoch 2] Train Loss: 2.3091, Acc: 13.02%  |  Val Loss: 2.2475, Acc: 19.20%  |  Time: 2.8s
  -> Best model saved (19.20%)
[Epoch 2] Summarizing hook timing...

[HOOK_TIMING_SUMMARY] epoch=2
[HOOK_WORK_SUMMARY] label=mpi:recursive_doubling_zfp_naive:rate16 calls=192 work_total_ms=1997.199 work_mean_ms=10.402 work_min_ms=5.148 work_max_ms=19.706
[HOOK_TAIL_SUMMARY] label=mpi:recursive_doubling_zfp_naive:rate16 steps=24 tail_total_ms=1773.426 tail_mean_ms=73.893 tail_min_ms=69.854 tail_max_ms=76.370
[Epoch 2] Hook timing summary done

[Epoch 3] Training... (lr=0.000993)
  Batch [5/24] Loss: 2.2494, Acc: 17.66%
  Batch [10/24] Loss: 2.2338, Acc: 19.38%
  Batch [15/24] Loss: 2.2330, Acc: 19.48%
  Batch [20/24] Loss: 2.2165, Acc: 20.16%
[Epoch 3] Train Loss: 2.2069, Acc: 20.80%  |  Val Loss: 2.4287, Acc: 24.80%  |  Time: 2.8s
  -> Best model saved (24.80%)
[Epoch 3] Summarizing hook timing...

[HOOK_TIMING_SUMMARY] epoch=3
[HOOK_WORK_SUMMARY] label=mpi:recursive_doubling_zfp_naive:rate16 calls=192 work_total_ms=2007.503 work_mean_ms=10.456 work_min_ms=5.393 work_max_ms=20.925
[HOOK_TAIL_SUMMARY] label=mpi:recursive_doubling_zfp_naive:rate16 steps=24 tail_total_ms=1785.794 tail_mean_ms=74.408 tail_min_ms=69.706 tail_max_ms=76.914
[Epoch 3] Hook timing summary done

[Epoch 4] Training... (lr=0.000973)
  Batch [5/24] Loss: 2.1423, Acc: 23.91%
  Batch [10/24] Loss: 2.1535, Acc: 23.52%
  Batch [15/24] Loss: 2.1488, Acc: 24.90%
  Batch [20/24] Loss: 2.1432, Acc: 25.59%
[Epoch 4] Train Loss: 2.1306, Acc: 26.46%  |  Val Loss: 2.1101, Acc: 32.32%  |  Time: 2.8s
  -> Best model saved (32.32%)
[Epoch 4] Summarizing hook timing...

[HOOK_TIMING_SUMMARY] epoch=4
[HOOK_WORK_SUMMARY] label=mpi:recursive_doubling_zfp_naive:rate16 calls=192 work_total_ms=1996.800 work_mean_ms=10.400 work_min_ms=5.162 work_max_ms=20.934
[HOOK_TAIL_SUMMARY] label=mpi:recursive_doubling_zfp_naive:rate16 steps=24 tail_total_ms=1772.584 tail_mean_ms=73.858 tail_min_ms=68.732 tail_max_ms=75.751
[Epoch 4] Hook timing summary done

[Epoch 5] Training... (lr=0.000940)
  Batch [5/24] Loss: 2.0772, Acc: 30.00%
  Batch [10/24] Loss: 2.0431, Acc: 30.94%
  Batch [15/24] Loss: 2.0427, Acc: 29.95%
  Batch [20/24] Loss: 2.0343, Acc: 30.70%
[Epoch 5] Train Loss: 2.0170, Acc: 31.61%  |  Val Loss: 2.0514, Acc: 36.00%  |  Time: 2.8s
  -> Best model saved (36.00%)
[Epoch 5] Summarizing hook timing...

[HOOK_TIMING_SUMMARY] epoch=5
[HOOK_WORK_SUMMARY] label=mpi:recursive_doubling_zfp_naive:rate16 calls=192 work_total_ms=2011.050 work_mean_ms=10.474 work_min_ms=5.239 work_max_ms=22.055
[HOOK_TAIL_SUMMARY] label=mpi:recursive_doubling_zfp_naive:rate16 steps=24 tail_total_ms=1796.201 tail_mean_ms=74.842 tail_min_ms=69.617 tail_max_ms=77.392
[Epoch 5] Hook timing summary done

[Epoch 6] Training... (lr=0.000895)
  Batch [5/24] Loss: 1.9896, Acc: 31.72%
  Batch [10/24] Loss: 1.9577, Acc: 33.98%
  Batch [15/24] Loss: 1.9343, Acc: 35.42%
  Batch [20/24] Loss: 1.9335, Acc: 34.80%
[Epoch 6] Train Loss: 1.9298, Acc: 35.22%  |  Val Loss: 1.8524, Acc: 39.36%  |  Time: 2.8s
  -> Best model saved (39.36%)
[Epoch 6] Summarizing hook timing...

[HOOK_TIMING_SUMMARY] epoch=6
[HOOK_WORK_SUMMARY] label=mpi:recursive_doubling_zfp_naive:rate16 calls=192 work_total_ms=2018.929 work_mean_ms=10.515 work_min_ms=5.469 work_max_ms=21.090
[HOOK_TAIL_SUMMARY] label=mpi:recursive_doubling_zfp_naive:rate16 steps=24 tail_total_ms=1816.073 tail_mean_ms=75.670 tail_min_ms=73.013 tail_max_ms=77.451
[Epoch 6] Hook timing summary done

[Epoch 7] Training... (lr=0.000839)
  Batch [5/24] Loss: 1.8688, Acc: 36.56%
  Batch [10/24] Loss: 1.8651, Acc: 37.27%
  Batch [15/24] Loss: 1.8675, Acc: 37.50%
  Batch [20/24] Loss: 1.8528, Acc: 38.40%
[Epoch 7] Train Loss: 1.8387, Acc: 38.87%  |  Val Loss: 1.7764, Acc: 42.88%  |  Time: 2.8s
  -> Best model saved (42.88%)
[Epoch 7] Summarizing hook timing...

[HOOK_TIMING_SUMMARY] epoch=7
[HOOK_WORK_SUMMARY] label=mpi:recursive_doubling_zfp_naive:rate16 calls=192 work_total_ms=2024.093 work_mean_ms=10.542 work_min_ms=5.216 work_max_ms=20.214
[HOOK_TAIL_SUMMARY] label=mpi:recursive_doubling_zfp_naive:rate16 steps=24 tail_total_ms=1820.081 tail_mean_ms=75.837 tail_min_ms=72.422 tail_max_ms=77.193
[Epoch 7] Hook timing summary done

[Epoch 8] Training... (lr=0.000773)
  Batch [5/24] Loss: 1.7250, Acc: 43.75%
  Batch [10/24] Loss: 1.7439, Acc: 43.28%
  Batch [15/24] Loss: 1.7460, Acc: 42.60%
  Batch [20/24] Loss: 1.7490, Acc: 42.11%
[Epoch 8] Train Loss: 1.7560, Acc: 41.47%  |  Val Loss: 1.6703, Acc: 45.44%  |  Time: 2.8s
  -> Best model saved (45.44%)
[Epoch 8] Summarizing hook timing...

[HOOK_TIMING_SUMMARY] epoch=8
[HOOK_WORK_SUMMARY] label=mpi:recursive_doubling_zfp_naive:rate16 calls=192 work_total_ms=2006.282 work_mean_ms=10.449 work_min_ms=5.421 work_max_ms=20.100
[HOOK_TAIL_SUMMARY] label=mpi:recursive_doubling_zfp_naive:rate16 steps=24 tail_total_ms=1791.888 tail_mean_ms=74.662 tail_min_ms=70.500 tail_max_ms=76.210
[Epoch 8] Hook timing summary done

[Epoch 9] Training... (lr=0.000701)
  Batch [5/24] Loss: 1.7380, Acc: 40.00%
  Batch [10/24] Loss: 1.7121, Acc: 41.72%
  Batch [15/24] Loss: 1.6795, Acc: 43.59%
  Batch [20/24] Loss: 1.6764, Acc: 43.87%
[Epoch 9] Train Loss: 1.6786, Acc: 43.85%  |  Val Loss: 1.5974, Acc: 46.88%  |  Time: 2.8s
  -> Best model saved (46.88%)
[Epoch 9] Summarizing hook timing...

[HOOK_TIMING_SUMMARY] epoch=9
[HOOK_WORK_SUMMARY] label=mpi:recursive_doubling_zfp_naive:rate16 calls=192 work_total_ms=2001.522 work_mean_ms=10.425 work_min_ms=5.272 work_max_ms=21.075
[HOOK_TAIL_SUMMARY] label=mpi:recursive_doubling_zfp_naive:rate16 steps=24 tail_total_ms=1785.961 tail_mean_ms=74.415 tail_min_ms=69.991 tail_max_ms=76.379
[Epoch 9] Hook timing summary done

[Epoch 10] Training... (lr=0.000623)
  Batch [5/24] Loss: 1.6291, Acc: 46.41%
  Batch [10/24] Loss: 1.6231, Acc: 45.55%
  Batch [15/24] Loss: 1.6262, Acc: 45.47%
  Batch [20/24] Loss: 1.6150, Acc: 45.90%
[Epoch 10] Train Loss: 1.6107, Acc: 45.93%  |  Val Loss: 1.5466, Acc: 48.00%  |  Time: 2.8s
  -> Best model saved (48.00%)
[Epoch 10] Summarizing hook timing...

[HOOK_TIMING_SUMMARY] epoch=10
[HOOK_WORK_SUMMARY] label=mpi:recursive_doubling_zfp_naive:rate16 calls=192 work_total_ms=2028.464 work_mean_ms=10.565 work_min_ms=5.309 work_max_ms=19.253
[HOOK_TAIL_SUMMARY] label=mpi:recursive_doubling_zfp_naive:rate16 steps=24 tail_total_ms=1822.079 tail_mean_ms=75.920 tail_min_ms=71.236 tail_max_ms=78.087
[Epoch 10] Hook timing summary done

[Epoch 11] Training... (lr=0.000541)
  Batch [5/24] Loss: 1.5271, Acc: 51.09%
  Batch [10/24] Loss: 1.5642, Acc: 49.22%
  Batch [15/24] Loss: 1.5700, Acc: 48.75%
  Batch [20/24] Loss: 1.5712, Acc: 48.01%
[Epoch 11] Train Loss: 1.5724, Acc: 47.36%  |  Val Loss: 1.5020, Acc: 48.96%  |  Time: 2.8s
  -> Best model saved (48.96%)
[Epoch 11] Summarizing hook timing...

[HOOK_TIMING_SUMMARY] epoch=11
[HOOK_WORK_SUMMARY] label=mpi:recursive_doubling_zfp_naive:rate16 calls=192 work_total_ms=1991.996 work_mean_ms=10.375 work_min_ms=4.342 work_max_ms=19.897
[HOOK_TAIL_SUMMARY] label=mpi:recursive_doubling_zfp_naive:rate16 steps=24 tail_total_ms=1790.067 tail_mean_ms=74.586 tail_min_ms=72.249 tail_max_ms=80.179
[Epoch 11] Hook timing summary done

[Epoch 12] Training... (lr=0.000459)
  Batch [5/24] Loss: 1.5353, Acc: 47.66%
  Batch [10/24] Loss: 1.5866, Acc: 46.41%
  Batch [15/24] Loss: 1.5607, Acc: 47.19%
  Batch [20/24] Loss: 1.5483, Acc: 47.58%
[Epoch 12] Train Loss: 1.5469, Acc: 47.82%  |  Val Loss: 1.4688, Acc: 51.20%  |  Time: 2.8s
  -> Best model saved (51.20%)
[Epoch 12] Summarizing hook timing...

[HOOK_TIMING_SUMMARY] epoch=12
[HOOK_WORK_SUMMARY] label=mpi:recursive_doubling_zfp_naive:rate16 calls=192 work_total_ms=2013.928 work_mean_ms=10.489 work_min_ms=5.432 work_max_ms=20.729
[HOOK_TAIL_SUMMARY] label=mpi:recursive_doubling_zfp_naive:rate16 steps=24 tail_total_ms=1800.573 tail_mean_ms=75.024 tail_min_ms=70.080 tail_max_ms=76.133
[Epoch 12] Hook timing summary done

[Epoch 13] Training... (lr=0.000377)
  Batch [5/24] Loss: 1.5174, Acc: 49.38%
  Batch [10/24] Loss: 1.5308, Acc: 47.42%
  Batch [15/24] Loss: 1.5281, Acc: 47.81%
  Batch [20/24] Loss: 1.5104, Acc: 48.71%
[Epoch 13] Train Loss: 1.4955, Acc: 49.71%  |  Val Loss: 1.4311, Acc: 50.40%  |  Time: 2.8s
[Epoch 13] Summarizing hook timing...

[HOOK_TIMING_SUMMARY] epoch=13
[HOOK_WORK_SUMMARY] label=mpi:recursive_doubling_zfp_naive:rate16 calls=192 work_total_ms=2024.534 work_mean_ms=10.544 work_min_ms=5.373 work_max_ms=23.092
[HOOK_TAIL_SUMMARY] label=mpi:recursive_doubling_zfp_naive:rate16 steps=24 tail_total_ms=1819.209 tail_mean_ms=75.800 tail_min_ms=71.819 tail_max_ms=78.262
[Epoch 13] Hook timing summary done

[Epoch 14] Training... (lr=0.000299)
  Batch [5/24] Loss: 1.5091, Acc: 47.19%
  Batch [10/24] Loss: 1.5109, Acc: 47.27%
  Batch [15/24] Loss: 1.5200, Acc: 47.81%
  Batch [20/24] Loss: 1.5052, Acc: 48.83%
[Epoch 14] Train Loss: 1.5102, Acc: 48.27%  |  Val Loss: 1.4082, Acc: 52.96%  |  Time: 2.8s
  -> Best model saved (52.96%)
[Epoch 14] Summarizing hook timing...

[HOOK_TIMING_SUMMARY] epoch=14
[HOOK_WORK_SUMMARY] label=mpi:recursive_doubling_zfp_naive:rate16 calls=192 work_total_ms=2047.572 work_mean_ms=10.664 work_min_ms=5.174 work_max_ms=42.922
[HOOK_TAIL_SUMMARY] label=mpi:recursive_doubling_zfp_naive:rate16 steps=24 tail_total_ms=1831.537 tail_mean_ms=76.314 tail_min_ms=73.425 tail_max_ms=108.253
[Epoch 14] Hook timing summary done

[Epoch 15] Training... (lr=0.000227)
  Batch [5/24] Loss: 1.5428, Acc: 47.97%
  Batch [10/24] Loss: 1.5295, Acc: 47.58%
  Batch [15/24] Loss: 1.5184, Acc: 48.96%
  Batch [20/24] Loss: 1.5042, Acc: 49.38%
[Epoch 15] Train Loss: 1.4994, Acc: 49.80%  |  Val Loss: 1.4173, Acc: 53.44%  |  Time: 2.8s
  -> Best model saved (53.44%)
[Epoch 15] Summarizing hook timing...

[HOOK_TIMING_SUMMARY] epoch=15
[HOOK_WORK_SUMMARY] label=mpi:recursive_doubling_zfp_naive:rate16 calls=192 work_total_ms=2012.873 work_mean_ms=10.484 work_min_ms=5.276 work_max_ms=20.807
[HOOK_TAIL_SUMMARY] label=mpi:recursive_doubling_zfp_naive:rate16 steps=24 tail_total_ms=1794.265 tail_mean_ms=74.761 tail_min_ms=69.310 tail_max_ms=76.117
[Epoch 15] Hook timing summary done

[Epoch 16] Training... (lr=0.000161)
  Batch [5/24] Loss: 1.4538, Acc: 51.25%
  Batch [10/24] Loss: 1.4499, Acc: 50.47%
  Batch [15/24] Loss: 1.4480, Acc: 50.47%
  Batch [20/24] Loss: 1.4569, Acc: 50.04%
[Epoch 16] Train Loss: 1.4571, Acc: 50.36%  |  Val Loss: 1.4008, Acc: 52.80%  |  Time: 2.8s
[Epoch 16] Summarizing hook timing...

[HOOK_TIMING_SUMMARY] epoch=16
[HOOK_WORK_SUMMARY] label=mpi:recursive_doubling_zfp_naive:rate16 calls=192 work_total_ms=2001.561 work_mean_ms=10.425 work_min_ms=5.431 work_max_ms=19.461
[HOOK_TAIL_SUMMARY] label=mpi:recursive_doubling_zfp_naive:rate16 steps=24 tail_total_ms=1776.756 tail_mean_ms=74.032 tail_min_ms=69.037 tail_max_ms=76.304
[Epoch 16] Hook timing summary done

[Epoch 17] Training... (lr=0.000105)
  Batch [5/24] Loss: 1.4667, Acc: 49.06%
  Batch [10/24] Loss: 1.4414, Acc: 50.78%
  Batch [15/24] Loss: 1.4262, Acc: 51.04%
  Batch [20/24] Loss: 1.4160, Acc: 51.76%
[Epoch 17] Train Loss: 1.4334, Acc: 51.53%  |  Val Loss: 1.3833, Acc: 52.64%  |  Time: 2.8s
[Epoch 17] Summarizing hook timing...

[HOOK_TIMING_SUMMARY] epoch=17
[HOOK_WORK_SUMMARY] label=mpi:recursive_doubling_zfp_naive:rate16 calls=192 work_total_ms=2045.018 work_mean_ms=10.651 work_min_ms=5.317 work_max_ms=32.604
[HOOK_TAIL_SUMMARY] label=mpi:recursive_doubling_zfp_naive:rate16 steps=24 tail_total_ms=1827.812 tail_mean_ms=76.159 tail_min_ms=72.969 tail_max_ms=98.958
[Epoch 17] Hook timing summary done

[Epoch 18] Training... (lr=0.000060)
  Batch [5/24] Loss: 1.4688, Acc: 51.09%
  Batch [10/24] Loss: 1.4778, Acc: 50.78%
  Batch [15/24] Loss: 1.4618, Acc: 50.78%
  Batch [20/24] Loss: 1.4751, Acc: 50.35%
[Epoch 18] Train Loss: 1.4753, Acc: 50.00%  |  Val Loss: 1.3846, Acc: 53.44%  |  Time: 2.8s
[Epoch 18] Summarizing hook timing...

[HOOK_TIMING_SUMMARY] epoch=18
[HOOK_WORK_SUMMARY] label=mpi:recursive_doubling_zfp_naive:rate16 calls=192 work_total_ms=2053.085 work_mean_ms=10.693 work_min_ms=5.222 work_max_ms=41.957
[HOOK_TAIL_SUMMARY] label=mpi:recursive_doubling_zfp_naive:rate16 steps=24 tail_total_ms=1836.983 tail_mean_ms=76.541 tail_min_ms=72.942 tail_max_ms=109.764
[Epoch 18] Hook timing summary done

[Epoch 19] Training... (lr=0.000027)
  Batch [5/24] Loss: 1.4307, Acc: 49.53%
  Batch [10/24] Loss: 1.4744, Acc: 48.98%
  Batch [15/24] Loss: 1.4680, Acc: 49.01%
  Batch [20/24] Loss: 1.4648, Acc: 49.61%
[Epoch 19] Train Loss: 1.4627, Acc: 50.07%  |  Val Loss: 1.3807, Acc: 54.08%  |  Time: 2.8s
  -> Best model saved (54.08%)
[Epoch 19] Summarizing hook timing...

[HOOK_TIMING_SUMMARY] epoch=19
[HOOK_WORK_SUMMARY] label=mpi:recursive_doubling_zfp_naive:rate16 calls=192 work_total_ms=2042.418 work_mean_ms=10.638 work_min_ms=5.338 work_max_ms=38.190
[HOOK_TAIL_SUMMARY] label=mpi:recursive_doubling_zfp_naive:rate16 steps=24 tail_total_ms=1824.731 tail_mean_ms=76.030 tail_min_ms=72.580 tail_max_ms=104.261
[Epoch 19] Hook timing summary done

[Epoch 20] Training... (lr=0.000007)
  Batch [5/24] Loss: 1.4552, Acc: 48.75%
  Batch [10/24] Loss: 1.4573, Acc: 50.31%
  Batch [15/24] Loss: 1.4556, Acc: 50.05%
  Batch [20/24] Loss: 1.4580, Acc: 49.96%
[Epoch 20] Train Loss: 1.4625, Acc: 49.51%  |  Val Loss: 1.3749, Acc: 52.64%  |  Time: 2.8s
[Epoch 20] Summarizing hook timing...

[HOOK_TIMING_SUMMARY] epoch=20
[HOOK_WORK_SUMMARY] label=mpi:recursive_doubling_zfp_naive:rate16 calls=192 work_total_ms=2009.317 work_mean_ms=10.465 work_min_ms=5.265 work_max_ms=20.086
[HOOK_TAIL_SUMMARY] label=mpi:recursive_doubling_zfp_naive:rate16 steps=24 tail_total_ms=1801.256 tail_mean_ms=75.052 tail_min_ms=69.184 tail_max_ms=81.608
[Epoch 20] Hook timing summary done

================================================================================
Done in 69.9s | Best val acc: 54.08%
Epoch times: mean=2.8s  min=2.8s  max=3.9s
================================================================================
