
================================================================================
Distributed Training: WIDE_RESNET50_2 on CIFAR10
Backend: MPI, Algorithm: built-in (no hook)
================================================================================
Ranks: 16, Epochs: 20, Batch/rank: 128, Effective batch: 2048
LR: 0.001, Device: cuda:0

[Setup] Model on cuda:0, wrapped in DDP (static_graph=True)
[Setup] No hook — using DDP built-in MPI allreduce
[Data] Train batches: 25, Val batches: 5


[Epoch 1] Training... (lr=0.000001)
[Epoch 1] Train Loss: 2.3717, Acc: 9.50%  |  Val Loss: 2.3934, Acc: 9.76%  |  Time: 4.8s
  -> Best model saved (9.76%)
[Epoch 1] Summarizing hook timing...
[HOOK_TIMING_SUMMARY] epoch=1 no hook timing samples
[Epoch 1] Hook timing summary done

[Epoch 2] Training... (lr=0.001000)
[Epoch 2] Train Loss: 2.3085, Acc: 12.64%  |  Val Loss: 2.3049, Acc: 17.28%  |  Time: 1.8s
  -> Best model saved (17.28%)
[Epoch 2] Summarizing hook timing...
[HOOK_TIMING_SUMMARY] epoch=2 no hook timing samples
[Epoch 2] Hook timing summary done

[Epoch 3] Training... (lr=0.000993)
[Epoch 3] Train Loss: 2.2029, Acc: 20.45%  |  Val Loss: 2.1750, Acc: 26.24%  |  Time: 1.8s
  -> Best model saved (26.24%)
[Epoch 3] Summarizing hook timing...
[HOOK_TIMING_SUMMARY] epoch=3 no hook timing samples
[Epoch 3] Hook timing summary done

[Epoch 4] Training... (lr=0.000973)
[Epoch 4] Train Loss: 2.1181, Acc: 27.01%  |  Val Loss: 2.2240, Acc: 31.20%  |  Time: 1.8s
  -> Best model saved (31.20%)
[Epoch 4] Summarizing hook timing...
[HOOK_TIMING_SUMMARY] epoch=4 no hook timing samples
[Epoch 4] Hook timing summary done

[Epoch 5] Training... (lr=0.000940)
[Epoch 5] Train Loss: 1.9911, Acc: 32.77%  |  Val Loss: 2.0702, Acc: 36.48%  |  Time: 1.8s
  -> Best model saved (36.48%)
[Epoch 5] Summarizing hook timing...
[HOOK_TIMING_SUMMARY] epoch=5 no hook timing samples
[Epoch 5] Hook timing summary done

[Epoch 6] Training... (lr=0.000895)
[Epoch 6] Train Loss: 1.9130, Acc: 35.55%  |  Val Loss: 1.8710, Acc: 40.48%  |  Time: 1.8s
  -> Best model saved (40.48%)
[Epoch 6] Summarizing hook timing...
[HOOK_TIMING_SUMMARY] epoch=6 no hook timing samples
[Epoch 6] Hook timing summary done

[Epoch 7] Training... (lr=0.000839)
[Epoch 7] Train Loss: 1.8191, Acc: 39.65%  |  Val Loss: 1.7850, Acc: 42.40%  |  Time: 1.8s
  -> Best model saved (42.40%)
[Epoch 7] Summarizing hook timing...
[HOOK_TIMING_SUMMARY] epoch=7 no hook timing samples
[Epoch 7] Hook timing summary done

[Epoch 8] Training... (lr=0.000773)
[Epoch 8] Train Loss: 1.7284, Acc: 42.37%  |  Val Loss: 1.6437, Acc: 46.08%  |  Time: 1.8s
  -> Best model saved (46.08%)
[Epoch 8] Summarizing hook timing...
[HOOK_TIMING_SUMMARY] epoch=8 no hook timing samples
[Epoch 8] Hook timing summary done

[Epoch 9] Training... (lr=0.000701)
[Epoch 9] Train Loss: 1.6503, Acc: 44.22%  |  Val Loss: 1.5867, Acc: 47.52%  |  Time: 1.8s
  -> Best model saved (47.52%)
[Epoch 9] Summarizing hook timing...
[HOOK_TIMING_SUMMARY] epoch=9 no hook timing samples
[Epoch 9] Hook timing summary done

[Epoch 10] Training... (lr=0.000623)
[Epoch 10] Train Loss: 1.5931, Acc: 46.66%  |  Val Loss: 1.5363, Acc: 48.48%  |  Time: 1.8s
  -> Best model saved (48.48%)
[Epoch 10] Summarizing hook timing...
[HOOK_TIMING_SUMMARY] epoch=10 no hook timing samples
[Epoch 10] Hook timing summary done

[Epoch 11] Training... (lr=0.000541)
[Epoch 11] Train Loss: 1.5527, Acc: 47.62%  |  Val Loss: 1.4819, Acc: 49.44%  |  Time: 1.8s
  -> Best model saved (49.44%)
[Epoch 11] Summarizing hook timing...
[HOOK_TIMING_SUMMARY] epoch=11 no hook timing samples
[Epoch 11] Hook timing summary done

[Epoch 12] Training... (lr=0.000459)
[Epoch 12] Train Loss: 1.5134, Acc: 49.25%  |  Val Loss: 1.4470, Acc: 51.84%  |  Time: 1.8s
  -> Best model saved (51.84%)
[Epoch 12] Summarizing hook timing...
[HOOK_TIMING_SUMMARY] epoch=12 no hook timing samples
[Epoch 12] Hook timing summary done

[Epoch 13] Training... (lr=0.000377)
[Epoch 13] Train Loss: 1.4686, Acc: 50.69%  |  Val Loss: 1.4137, Acc: 52.00%  |  Time: 1.8s
  -> Best model saved (52.00%)
[Epoch 13] Summarizing hook timing...
[HOOK_TIMING_SUMMARY] epoch=13 no hook timing samples
[Epoch 13] Hook timing summary done

[Epoch 14] Training... (lr=0.000299)
[Epoch 14] Train Loss: 1.4848, Acc: 49.22%  |  Val Loss: 1.3880, Acc: 52.64%  |  Time: 1.8s
  -> Best model saved (52.64%)
[Epoch 14] Summarizing hook timing...
[HOOK_TIMING_SUMMARY] epoch=14 no hook timing samples
[Epoch 14] Hook timing summary done

[Epoch 15] Training... (lr=0.000227)
[Epoch 15] Train Loss: 1.4741, Acc: 49.82%  |  Val Loss: 1.3949, Acc: 53.60%  |  Time: 1.8s
  -> Best model saved (53.60%)
[Epoch 15] Summarizing hook timing...
[HOOK_TIMING_SUMMARY] epoch=15 no hook timing samples
[Epoch 15] Hook timing summary done

[Epoch 16] Training... (lr=0.000161)
[Epoch 16] Train Loss: 1.4379, Acc: 51.10%  |  Val Loss: 1.3863, Acc: 52.96%  |  Time: 1.8s
[Epoch 16] Summarizing hook timing...
[HOOK_TIMING_SUMMARY] epoch=16 no hook timing samples
[Epoch 16] Hook timing summary done

[Epoch 17] Training... (lr=0.000105)
[Epoch 17] Train Loss: 1.4197, Acc: 51.84%  |  Val Loss: 1.3767, Acc: 54.24%  |  Time: 1.8s
  -> Best model saved (54.24%)
[Epoch 17] Summarizing hook timing...
[HOOK_TIMING_SUMMARY] epoch=17 no hook timing samples
[Epoch 17] Hook timing summary done

[Epoch 18] Training... (lr=0.000060)
[Epoch 18] Train Loss: 1.4477, Acc: 50.56%  |  Val Loss: 1.3708, Acc: 53.76%  |  Time: 1.8s
[Epoch 18] Summarizing hook timing...
[HOOK_TIMING_SUMMARY] epoch=18 no hook timing samples
[Epoch 18] Hook timing summary done

[Epoch 19] Training... (lr=0.000027)
[Epoch 19] Train Loss: 1.4448, Acc: 50.78%  |  Val Loss: 1.3585, Acc: 54.40%  |  Time: 1.8s
  -> Best model saved (54.40%)
[Epoch 19] Summarizing hook timing...
[HOOK_TIMING_SUMMARY] epoch=19 no hook timing samples
[Epoch 19] Hook timing summary done

[Epoch 20] Training... (lr=0.000007)
[Epoch 20] Train Loss: 1.4388, Acc: 50.30%  |  Val Loss: 1.3536, Acc: 53.92%  |  Time: 1.8s
[Epoch 20] Summarizing hook timing...
[HOOK_TIMING_SUMMARY] epoch=20 no hook timing samples
[Epoch 20] Hook timing summary done

================================================================================
Done in 53.4s | Best val acc: 54.40%
Epoch times: mean=1.9s  min=1.8s  max=4.8s
================================================================================
