=== Job started: Thu May 21 06:26:32 PM UTC 2026 ===
=== Node: x3111c0s31b0n0 ===

The following have been reloaded with a version change:
  1) gcc-native/14 => gcc-native/13


The following have been reloaded with a version change:
  1) gcc-native/13 => gcc-native/14.2

[INFO] GTL preloaded: /opt/cray/pe/mpich/9.0.1/ofi/nvidia/23.3/lib/libmpi_gtl_cuda.so
=============================================
  Polaris DDP + Eagle PyTorch + Cray MPICH
=============================================
Node              : x3111c0s31b0n0
ZFP_HOME          : /home/mrest/mpiAllReduceCompressed/zfp-install
GTL               : /opt/cray/pe/mpich/9.0.1/ofi/nvidia/23.3/lib/libmpi_gtl_cuda.so
MPICH_GPU_SUPPORT : 1

PyTorch version   : 2.8.0a0+gitba56102
PyTorch location  : /lus/eagle/projects/UIC-HPC/mrest/pytorch_mpi_build/src/pytorch/torch/__init__.py
CUDA available    : True 4
MPI available     : True
mpi4py            : MPI VERSION    : CRAY MPICH version 9.0.1.498 (ANL base 4.1.2)
mpi4py rank test  : rank 0 OK
=============================================
=== Starting training: backend=mpi, hook=ring_async at Thu May 21 06:26:45 PM UTC 2026 ===

================================================================================
DISTRIBUTED TRAINING LAUNCHER
================================================================================
  Model:      wide_resnet50_2 (pretrained)
  Dataset:    cifar10 (10 classes)
  Backend:    mpi
  Algorithm:  ring_async
  Epochs:     20
  Batch/rank: 16
  LR:         0.001
================================================================================


================================================================================
Distributed Training: WIDE_RESNET50_2 on CIFAR10
Backend: MPI, Algorithm: ring_async
================================================================================
Ranks: 8, Epochs: 20, Batch/rank: 16, Effective batch: 128
LR: 0.001, Device: cuda:0

[Setup] Model on cuda:0, wrapped in DDP (static_graph=True)
[Setup] Hook registered: mpi/ring_async

================================================================================
DISTRIBUTED TRAINING LAUNCHER
================================================================================
  Model:      wide_resnet50_2 (pretrained)
  Dataset:    cifar10 (10 classes)
  Backend:    mpi
  Algorithm:  ring_async
  Epochs:     20
  Batch/rank: 16
  LR:         0.001
================================================================================


================================================================================
DISTRIBUTED TRAINING LAUNCHER
================================================================================
  Model:      wide_resnet50_2 (pretrained)
  Dataset:    cifar10 (10 classes)
  Backend:    mpi
  Algorithm:  ring_async
  Epochs:     20
  Batch/rank: 16
  LR:         0.001
================================================================================

[Data] Train batches: 391, Val batches: 79


[Epoch 1] Training... (lr=0.000001)

================================================================================
DISTRIBUTED TRAINING LAUNCHER
================================================================================
  Model:      wide_resnet50_2 (pretrained)
  Dataset:    cifar10 (10 classes)
  Backend:    mpi
  Algorithm:  ring_async
  Epochs:     20
  Batch/rank: 16
  LR:         0.001
================================================================================


================================================================================
DISTRIBUTED TRAINING LAUNCHER
================================================================================
  Model:      wide_resnet50_2 (pretrained)
  Dataset:    cifar10 (10 classes)
  Backend:    mpi
  Algorithm:  ring_async
  Epochs:     20
  Batch/rank: 16
  LR:         0.001
================================================================================


================================================================================
DISTRIBUTED TRAINING LAUNCHER
================================================================================
  Model:      wide_resnet50_2 (pretrained)
  Dataset:    cifar10 (10 classes)
  Backend:    mpi
  Algorithm:  ring_async
  Epochs:     20
  Batch/rank: 16
  LR:         0.001
================================================================================


================================================================================
DISTRIBUTED TRAINING LAUNCHER
================================================================================
  Model:      wide_resnet50_2 (pretrained)
  Dataset:    cifar10 (10 classes)
  Backend:    mpi
  Algorithm:  ring_async
  Epochs:     20
  Batch/rank: 16
  LR:         0.001
================================================================================


================================================================================
DISTRIBUTED TRAINING LAUNCHER
================================================================================
  Model:      wide_resnet50_2 (pretrained)
  Dataset:    cifar10 (10 classes)
  Backend:    mpi
  Algorithm:  ring_async
  Epochs:     20
  Batch/rank: 16
  LR:         0.001
================================================================================

  Batch [50/391] Loss: 2.3763, Acc: 10.12%
  Batch [100/391] Loss: 2.3735, Acc: 9.88%
  Batch [150/391] Loss: 2.3697, Acc: 10.12%
  Batch [200/391] Loss: 2.3708, Acc: 9.72%
  Batch [250/391] Loss: 2.3683, Acc: 9.80%
  Batch [300/391] Loss: 2.3728, Acc: 9.77%
  Batch [350/391] Loss: 2.3683, Acc: 10.09%
[Epoch 1] Train Loss: 2.3721, Acc: 10.06%  |  Val Loss: 7274.3137, Acc: 9.76%  |  Time: 21.4s
  -> Best model saved (9.76%)
[Epoch 1] Summarizing hook timing...

[HOOK_TIMING_SUMMARY] epoch=1
[HOOK_TIMING_SUMMARY] label=mpi:ring_async calls=3114 work_mean_ms=4.734 work_min_ms=2.681 work_max_ms=53.757
[Epoch 1] Hook timing summary done

[Epoch 2] Training... (lr=0.001000)
  Batch [50/391] Loss: 2.2568, Acc: 17.25%
  Batch [100/391] Loss: 2.1614, Acc: 22.19%
  Batch [150/391] Loss: 2.1079, Acc: 24.25%
  Batch [200/391] Loss: 2.0327, Acc: 26.94%
  Batch [250/391] Loss: 1.9742, Acc: 29.18%
  Batch [300/391] Loss: 1.9140, Acc: 30.88%
  Batch [350/391] Loss: 1.8614, Acc: 32.96%
[Epoch 2] Train Loss: 1.8305, Acc: 34.32%  |  Val Loss: 2.7190, Acc: 55.44%  |  Time: 20.0s
  -> Best model saved (55.44%)
[Epoch 2] Summarizing hook timing...

[HOOK_TIMING_SUMMARY] epoch=2
[HOOK_TIMING_SUMMARY] label=mpi:ring_async calls=3128 work_mean_ms=4.700 work_min_ms=2.672 work_max_ms=7.767
[Epoch 2] Hook timing summary done

[Epoch 3] Training... (lr=0.000993)
  Batch [50/391] Loss: 1.4344, Acc: 49.88%
  Batch [100/391] Loss: 1.4255, Acc: 48.94%
  Batch [150/391] Loss: 1.3771, Acc: 51.25%
  Batch [200/391] Loss: 1.3499, Acc: 52.62%
  Batch [250/391] Loss: 1.3260, Acc: 53.52%
  Batch [300/391] Loss: 1.3146, Acc: 53.90%
  Batch [350/391] Loss: 1.2979, Acc: 54.36%
[Epoch 3] Train Loss: 1.2913, Acc: 54.80%  |  Val Loss: 0.9966, Acc: 67.60%  |  Time: 20.3s
  -> Best model saved (67.60%)
[Epoch 3] Summarizing hook timing...

[HOOK_TIMING_SUMMARY] epoch=3
[HOOK_TIMING_SUMMARY] label=mpi:ring_async calls=3128 work_mean_ms=4.713 work_min_ms=2.676 work_max_ms=8.035
[Epoch 3] Hook timing summary done

[Epoch 4] Training... (lr=0.000973)
  Batch [50/391] Loss: 1.1661, Acc: 58.75%
  Batch [100/391] Loss: 1.1884, Acc: 58.50%
  Batch [150/391] Loss: 1.1688, Acc: 59.00%
  Batch [200/391] Loss: 1.1700, Acc: 59.34%
  Batch [250/391] Loss: 1.1551, Acc: 59.50%
  Batch [300/391] Loss: 1.1581, Acc: 59.60%
  Batch [350/391] Loss: 1.1492, Acc: 59.98%
[Epoch 4] Train Loss: 1.1364, Acc: 60.18%  |  Val Loss: 0.8147, Acc: 74.00%  |  Time: 20.4s
  -> Best model saved (74.00%)
[Epoch 4] Summarizing hook timing...

[HOOK_TIMING_SUMMARY] epoch=4
[HOOK_TIMING_SUMMARY] label=mpi:ring_async calls=3128 work_mean_ms=4.697 work_min_ms=2.678 work_max_ms=7.793
[Epoch 4] Hook timing summary done

[Epoch 5] Training... (lr=0.000940)
  Batch [50/391] Loss: 1.1013, Acc: 61.50%
  Batch [100/391] Loss: 1.0799, Acc: 62.06%
  Batch [150/391] Loss: 1.0549, Acc: 62.92%
  Batch [200/391] Loss: 1.0437, Acc: 63.53%
  Batch [250/391] Loss: 1.0395, Acc: 63.60%
  Batch [300/391] Loss: 1.0382, Acc: 63.65%
  Batch [350/391] Loss: 1.0415, Acc: 63.50%
[Epoch 5] Train Loss: 1.0370, Acc: 63.60%  |  Val Loss: 0.7283, Acc: 76.96%  |  Time: 20.3s
  -> Best model saved (76.96%)
[Epoch 5] Summarizing hook timing...

[HOOK_TIMING_SUMMARY] epoch=5
[HOOK_TIMING_SUMMARY] label=mpi:ring_async calls=3128 work_mean_ms=4.745 work_min_ms=2.696 work_max_ms=7.880
[Epoch 5] Hook timing summary done

[Epoch 6] Training... (lr=0.000895)
  Batch [50/391] Loss: 0.9752, Acc: 64.75%
  Batch [100/391] Loss: 0.9673, Acc: 65.56%
  Batch [150/391] Loss: 0.9735, Acc: 65.58%
  Batch [200/391] Loss: 0.9566, Acc: 66.00%
  Batch [250/391] Loss: 0.9512, Acc: 66.15%
  Batch [300/391] Loss: 0.9529, Acc: 66.38%
  Batch [350/391] Loss: 0.9541, Acc: 66.43%
[Epoch 6] Train Loss: 0.9517, Acc: 66.80%  |  Val Loss: 0.6719, Acc: 78.56%  |  Time: 20.2s
  -> Best model saved (78.56%)
[Epoch 6] Summarizing hook timing...

[HOOK_TIMING_SUMMARY] epoch=6
[HOOK_TIMING_SUMMARY] label=mpi:ring_async calls=3128 work_mean_ms=4.752 work_min_ms=2.688 work_max_ms=7.548
[Epoch 6] Hook timing summary done

[Epoch 7] Training... (lr=0.000839)
  Batch [50/391] Loss: 0.8838, Acc: 68.38%
  Batch [100/391] Loss: 0.8636, Acc: 69.56%
  Batch [150/391] Loss: 0.8726, Acc: 69.79%
  Batch [200/391] Loss: 0.8597, Acc: 70.34%
  Batch [250/391] Loss: 0.8642, Acc: 70.03%
  Batch [300/391] Loss: 0.8518, Acc: 70.56%
  Batch [350/391] Loss: 0.8506, Acc: 70.64%
[Epoch 7] Train Loss: 0.8529, Acc: 70.67%  |  Val Loss: 0.6073, Acc: 80.24%  |  Time: 20.2s
  -> Best model saved (80.24%)
[Epoch 7] Summarizing hook timing...

[HOOK_TIMING_SUMMARY] epoch=7
[HOOK_TIMING_SUMMARY] label=mpi:ring_async calls=3128 work_mean_ms=4.754 work_min_ms=2.691 work_max_ms=8.873
[Epoch 7] Hook timing summary done

[Epoch 8] Training... (lr=0.000773)
  Batch [50/391] Loss: 0.8692, Acc: 67.75%
  Batch [100/391] Loss: 0.8405, Acc: 69.62%
  Batch [150/391] Loss: 0.8558, Acc: 69.54%
  Batch [200/391] Loss: 0.8556, Acc: 69.94%
  Batch [250/391] Loss: 0.8529, Acc: 70.12%
  Batch [300/391] Loss: 0.8461, Acc: 70.52%
  Batch [350/391] Loss: 0.8522, Acc: 70.46%
[Epoch 8] Train Loss: 0.8525, Acc: 70.62%  |  Val Loss: 0.5989, Acc: 79.92%  |  Time: 20.4s
[Epoch 8] Summarizing hook timing...

[HOOK_TIMING_SUMMARY] epoch=8
[HOOK_TIMING_SUMMARY] label=mpi:ring_async calls=3128 work_mean_ms=4.811 work_min_ms=2.686 work_max_ms=8.681
[Epoch 8] Hook timing summary done

[Epoch 9] Training... (lr=0.000701)
  Batch [50/391] Loss: 0.8794, Acc: 68.62%
  Batch [100/391] Loss: 0.8661, Acc: 69.81%
  Batch [150/391] Loss: 0.8446, Acc: 70.33%
  Batch [200/391] Loss: 0.8289, Acc: 70.94%
  Batch [250/391] Loss: 0.8225, Acc: 71.35%
  Batch [300/391] Loss: 0.8223, Acc: 71.29%
  Batch [350/391] Loss: 0.8247, Acc: 71.25%
[Epoch 9] Train Loss: 0.8251, Acc: 71.34%  |  Val Loss: 0.5856, Acc: 81.44%  |  Time: 20.1s
  -> Best model saved (81.44%)
[Epoch 9] Summarizing hook timing...

[HOOK_TIMING_SUMMARY] epoch=9
[HOOK_TIMING_SUMMARY] label=mpi:ring_async calls=3128 work_mean_ms=4.698 work_min_ms=2.674 work_max_ms=13.783
[Epoch 9] Hook timing summary done

[Epoch 10] Training... (lr=0.000623)
  Batch [50/391] Loss: 0.7440, Acc: 73.12%
  Batch [100/391] Loss: 0.7568, Acc: 73.00%
  Batch [150/391] Loss: 0.7547, Acc: 73.08%
  Batch [200/391] Loss: 0.7668, Acc: 73.06%
  Batch [250/391] Loss: 0.7712, Acc: 72.97%
  Batch [300/391] Loss: 0.7796, Acc: 72.85%
  Batch [350/391] Loss: 0.7804, Acc: 72.91%
[Epoch 10] Train Loss: 0.7720, Acc: 73.30%  |  Val Loss: 0.6003, Acc: 81.84%  |  Time: 20.3s
  -> Best model saved (81.84%)
[Epoch 10] Summarizing hook timing...

[HOOK_TIMING_SUMMARY] epoch=10
[HOOK_TIMING_SUMMARY] label=mpi:ring_async calls=3128 work_mean_ms=4.684 work_min_ms=2.697 work_max_ms=7.820
[Epoch 10] Hook timing summary done

[Epoch 11] Training... (lr=0.000541)
  Batch [50/391] Loss: 0.7186, Acc: 74.75%
  Batch [100/391] Loss: 0.7471, Acc: 73.69%
  Batch [150/391] Loss: 0.7754, Acc: 72.79%
  Batch [200/391] Loss: 0.7745, Acc: 72.62%
  Batch [250/391] Loss: 0.7769, Acc: 72.33%
  Batch [300/391] Loss: 0.7683, Acc: 72.50%
  Batch [350/391] Loss: 0.7564, Acc: 73.09%
[Epoch 11] Train Loss: 0.7581, Acc: 72.94%  |  Val Loss: 0.5589, Acc: 81.76%  |  Time: 20.2s
[Epoch 11] Summarizing hook timing...

[HOOK_TIMING_SUMMARY] epoch=11
[HOOK_TIMING_SUMMARY] label=mpi:ring_async calls=3128 work_mean_ms=4.704 work_min_ms=2.685 work_max_ms=7.976
[Epoch 11] Hook timing summary done

[Epoch 12] Training... (lr=0.000459)
  Batch [50/391] Loss: 0.7356, Acc: 74.88%
  Batch [100/391] Loss: 0.7146, Acc: 74.50%
  Batch [150/391] Loss: 0.7147, Acc: 74.88%
  Batch [200/391] Loss: 0.7119, Acc: 74.94%
  Batch [250/391] Loss: 0.7130, Acc: 74.92%
  Batch [300/391] Loss: 0.7126, Acc: 75.08%
  Batch [350/391] Loss: 0.7136, Acc: 75.00%
[Epoch 12] Train Loss: 0.7120, Acc: 75.04%  |  Val Loss: 0.5206, Acc: 83.12%  |  Time: 20.2s
  -> Best model saved (83.12%)
[Epoch 12] Summarizing hook timing...

[HOOK_TIMING_SUMMARY] epoch=12
[HOOK_TIMING_SUMMARY] label=mpi:ring_async calls=3128 work_mean_ms=4.762 work_min_ms=2.684 work_max_ms=19.330
[Epoch 12] Hook timing summary done

[Epoch 13] Training... (lr=0.000377)
  Batch [50/391] Loss: 0.7352, Acc: 74.12%
  Batch [100/391] Loss: 0.7002, Acc: 75.31%
  Batch [150/391] Loss: 0.6897, Acc: 76.21%
  Batch [200/391] Loss: 0.7019, Acc: 75.28%
  Batch [250/391] Loss: 0.6953, Acc: 75.25%
  Batch [300/391] Loss: 0.6948, Acc: 75.29%
  Batch [350/391] Loss: 0.6902, Acc: 75.38%
[Epoch 13] Train Loss: 0.6952, Acc: 75.28%  |  Val Loss: 0.5453, Acc: 82.32%  |  Time: 20.3s
[Epoch 13] Summarizing hook timing...

[HOOK_TIMING_SUMMARY] epoch=13
[HOOK_TIMING_SUMMARY] label=mpi:ring_async calls=3128 work_mean_ms=4.776 work_min_ms=2.686 work_max_ms=7.983
[Epoch 13] Hook timing summary done

[Epoch 14] Training... (lr=0.000299)
  Batch [50/391] Loss: 0.7089, Acc: 75.38%
  Batch [100/391] Loss: 0.7420, Acc: 74.12%
  Batch [150/391] Loss: 0.7413, Acc: 73.92%
  Batch [200/391] Loss: 0.7352, Acc: 74.25%
  Batch [250/391] Loss: 0.7345, Acc: 74.67%
  Batch [300/391] Loss: 0.7450, Acc: 74.31%
  Batch [350/391] Loss: 0.7353, Acc: 74.71%
[Epoch 14] Train Loss: 0.7364, Acc: 74.61%  |  Val Loss: 0.7070, Acc: 80.64%  |  Time: 20.3s
[Epoch 14] Summarizing hook timing...

[HOOK_TIMING_SUMMARY] epoch=14
[HOOK_TIMING_SUMMARY] label=mpi:ring_async calls=3128 work_mean_ms=4.769 work_min_ms=2.689 work_max_ms=14.666
[Epoch 14] Hook timing summary done

[Epoch 15] Training... (lr=0.000227)
  Batch [50/391] Loss: 0.6732, Acc: 76.62%
  Batch [100/391] Loss: 0.6861, Acc: 76.38%
  Batch [150/391] Loss: 0.6658, Acc: 77.38%
  Batch [200/391] Loss: 0.6681, Acc: 77.34%
  Batch [250/391] Loss: 0.6663, Acc: 77.17%
  Batch [300/391] Loss: 0.6741, Acc: 76.77%
  Batch [350/391] Loss: 0.6770, Acc: 76.75%
[Epoch 15] Train Loss: 0.6760, Acc: 76.82%  |  Val Loss: 0.7412, Acc: 81.12%  |  Time: 20.2s
[Epoch 15] Summarizing hook timing...

[HOOK_TIMING_SUMMARY] epoch=15
[HOOK_TIMING_SUMMARY] label=mpi:ring_async calls=3128 work_mean_ms=4.754 work_min_ms=2.691 work_max_ms=18.121
[Epoch 15] Hook timing summary done

[Epoch 16] Training... (lr=0.000161)
  Batch [50/391] Loss: 0.6838, Acc: 76.38%
  Batch [100/391] Loss: 0.6657, Acc: 77.12%
  Batch [150/391] Loss: 0.6621, Acc: 77.62%
  Batch [200/391] Loss: 0.6727, Acc: 77.53%
  Batch [250/391] Loss: 0.6677, Acc: 77.62%
  Batch [300/391] Loss: 0.6661, Acc: 77.60%
  Batch [350/391] Loss: 0.6744, Acc: 77.14%
[Epoch 16] Train Loss: 0.6770, Acc: 76.88%  |  Val Loss: 0.7286, Acc: 80.96%  |  Time: 20.2s
[Epoch 16] Summarizing hook timing...

[HOOK_TIMING_SUMMARY] epoch=16
[HOOK_TIMING_SUMMARY] label=mpi:ring_async calls=3128 work_mean_ms=4.719 work_min_ms=2.681 work_max_ms=16.187
[Epoch 16] Hook timing summary done

[Epoch 17] Training... (lr=0.000105)
  Batch [50/391] Loss: 0.6081, Acc: 77.88%
  Batch [100/391] Loss: 0.5898, Acc: 79.56%
  Batch [150/391] Loss: 0.6316, Acc: 78.42%
  Batch [200/391] Loss: 0.6437, Acc: 78.34%
  Batch [250/391] Loss: 0.6467, Acc: 78.15%
  Batch [300/391] Loss: 0.6531, Acc: 77.83%
  Batch [350/391] Loss: 0.6505, Acc: 77.96%
[Epoch 17] Train Loss: 0.6630, Acc: 77.62%  |  Val Loss: 0.9101, Acc: 81.52%  |  Time: 20.3s
[Epoch 17] Summarizing hook timing...

[HOOK_TIMING_SUMMARY] epoch=17
[HOOK_TIMING_SUMMARY] label=mpi:ring_async calls=3128 work_mean_ms=4.681 work_min_ms=2.664 work_max_ms=10.606
[Epoch 17] Hook timing summary done

[Epoch 18] Training... (lr=0.000060)
  Batch [50/391] Loss: 0.6206, Acc: 77.12%
  Batch [100/391] Loss: 0.6569, Acc: 77.69%
  Batch [150/391] Loss: 0.6488, Acc: 77.96%
  Batch [200/391] Loss: 0.6494, Acc: 77.75%
  Batch [250/391] Loss: 0.6596, Acc: 77.38%
  Batch [300/391] Loss: 0.6605, Acc: 77.12%
  Batch [350/391] Loss: 0.6624, Acc: 77.21%
[Epoch 18] Train Loss: 0.6598, Acc: 77.46%  |  Val Loss: 0.5638, Acc: 81.76%  |  Time: 20.2s
[Epoch 18] Summarizing hook timing...

[HOOK_TIMING_SUMMARY] epoch=18
[HOOK_TIMING_SUMMARY] label=mpi:ring_async calls=3128 work_mean_ms=4.706 work_min_ms=2.681 work_max_ms=20.643
[Epoch 18] Hook timing summary done

[Epoch 19] Training... (lr=0.000027)
  Batch [50/391] Loss: 0.6057, Acc: 78.50%
  Batch [100/391] Loss: 0.6379, Acc: 78.00%
  Batch [150/391] Loss: 0.6240, Acc: 78.33%
  Batch [200/391] Loss: 0.6315, Acc: 78.09%
  Batch [250/391] Loss: 0.6369, Acc: 77.92%
  Batch [300/391] Loss: 0.6439, Acc: 77.71%
  Batch [350/391] Loss: 0.6462, Acc: 77.48%
[Epoch 19] Train Loss: 0.6484, Acc: 77.33%  |  Val Loss: 0.5988, Acc: 82.56%  |  Time: 20.1s
[Epoch 19] Summarizing hook timing...

[HOOK_TIMING_SUMMARY] epoch=19
[HOOK_TIMING_SUMMARY] label=mpi:ring_async calls=3128 work_mean_ms=4.680 work_min_ms=2.691 work_max_ms=10.527
[Epoch 19] Hook timing summary done

[Epoch 20] Training... (lr=0.000007)
  Batch [50/391] Loss: 0.6291, Acc: 76.50%
  Batch [100/391] Loss: 0.6544, Acc: 76.06%
  Batch [150/391] Loss: 0.6625, Acc: 75.92%
  Batch [200/391] Loss: 0.6609, Acc: 76.06%
  Batch [250/391] Loss: 0.6560, Acc: 76.65%
  Batch [300/391] Loss: 0.6587, Acc: 76.83%
  Batch [350/391] Loss: 0.6588, Acc: 76.91%
[Epoch 20] Train Loss: 0.6596, Acc: 76.78%  |  Val Loss: 0.6053, Acc: 82.80%  |  Time: 20.0s
[Epoch 20] Summarizing hook timing...

[HOOK_TIMING_SUMMARY] epoch=20
[HOOK_TIMING_SUMMARY] label=mpi:ring_async calls=3128 work_mean_ms=4.676 work_min_ms=2.681 work_max_ms=8.104
[Epoch 20] Hook timing summary done

================================================================================
Done in 414.7s | Best val acc: 83.12%
Epoch times: mean=20.3s  min=20.0s  max=21.4s
================================================================================
=== Finished training: backend=mpi, hook=ring_async, status=0 at Thu May 21 06:33:54 PM UTC 2026 ===
=== Starting training: backend=mpi, hook=ring at Thu May 21 06:33:54 PM UTC 2026 ===

================================================================================
DISTRIBUTED TRAINING LAUNCHER
================================================================================
  Model:      wide_resnet50_2 (pretrained)
  Dataset:    cifar10 (10 classes)
  Backend:    mpi
  Algorithm:  ring
  Epochs:     20
  Batch/rank: 16
  LR:         0.001
================================================================================


================================================================================
Distributed Training: WIDE_RESNET50_2 on CIFAR10
Backend: MPI, Algorithm: ring
================================================================================
Ranks: 8, Epochs: 20, Batch/rank: 16, Effective batch: 128
LR: 0.001, Device: cuda:0

[Setup] Model on cuda:0, wrapped in DDP (static_graph=True)
[Setup] Hook registered: mpi/ring

================================================================================
DISTRIBUTED TRAINING LAUNCHER
================================================================================
  Model:      wide_resnet50_2 (pretrained)
  Dataset:    cifar10 (10 classes)
  Backend:    mpi
  Algorithm:  ring
  Epochs:     20
  Batch/rank: 16
  LR:         0.001
================================================================================


================================================================================
DISTRIBUTED TRAINING LAUNCHER
================================================================================
  Model:      wide_resnet50_2 (pretrained)
  Dataset:    cifar10 (10 classes)
  Backend:    mpi
  Algorithm:  ring
  Epochs:     20
  Batch/rank: 16
  LR:         0.001
================================================================================


================================================================================
DISTRIBUTED TRAINING LAUNCHER
================================================================================
  Model:      wide_resnet50_2 (pretrained)
  Dataset:    cifar10 (10 classes)
  Backend:    mpi
  Algorithm:  ring
  Epochs:     20
  Batch/rank: 16
  LR:         0.001
================================================================================


================================================================================
DISTRIBUTED TRAINING LAUNCHER
================================================================================
  Model:      wide_resnet50_2 (pretrained)
  Dataset:    cifar10 (10 classes)
  Backend:    mpi
  Algorithm:  ring
  Epochs:     20
  Batch/rank: 16
  LR:         0.001
================================================================================


================================================================================
DISTRIBUTED TRAINING LAUNCHER
================================================================================
  Model:      wide_resnet50_2 (pretrained)
  Dataset:    cifar10 (10 classes)
  Backend:    mpi
  Algorithm:  ring
  Epochs:     20
  Batch/rank: 16
  LR:         0.001
================================================================================


================================================================================
DISTRIBUTED TRAINING LAUNCHER
================================================================================
  Model:      wide_resnet50_2 (pretrained)
  Dataset:    cifar10 (10 classes)
  Backend:    mpi
  Algorithm:  ring
  Epochs:     20
  Batch/rank: 16
  LR:         0.001
================================================================================


================================================================================
DISTRIBUTED TRAINING LAUNCHER
================================================================================
  Model:      wide_resnet50_2 (pretrained)
  Dataset:    cifar10 (10 classes)
  Backend:    mpi
  Algorithm:  ring
  Epochs:     20
  Batch/rank: 16
  LR:         0.001
================================================================================

[Data] Train batches: 391, Val batches: 79


[Epoch 1] Training... (lr=0.000001)
  Batch [50/391] Loss: 2.3764, Acc: 10.00%
  Batch [100/391] Loss: 2.3737, Acc: 9.81%
  Batch [150/391] Loss: 2.3700, Acc: 10.04%
  Batch [200/391] Loss: 2.3712, Acc: 9.75%
  Batch [250/391] Loss: 2.3683, Acc: 9.78%
  Batch [300/391] Loss: 2.3726, Acc: 9.67%
  Batch [350/391] Loss: 2.3680, Acc: 10.02%
[Epoch 1] Train Loss: 2.3719, Acc: 10.03%  |  Val Loss: 7643.7468, Acc: 10.40%  |  Time: 24.5s
  -> Best model saved (10.40%)
[Epoch 1] Summarizing hook timing...

[HOOK_TIMING_SUMMARY] epoch=1
[HOOK_TIMING_SUMMARY] label=mpi:ring calls=3114 work_mean_ms=4.649 work_min_ms=1.889 work_max_ms=41.083
[Epoch 1] Hook timing summary done

[Epoch 2] Training... (lr=0.001000)
  Batch [50/391] Loss: 2.2844, Acc: 15.88%
  Batch [100/391] Loss: 2.1997, Acc: 20.56%
  Batch [150/391] Loss: 2.1227, Acc: 23.83%
  Batch [200/391] Loss: 2.0524, Acc: 27.12%
  Batch [250/391] Loss: 1.9878, Acc: 29.70%
  Batch [300/391] Loss: 1.9211, Acc: 32.21%
  Batch [350/391] Loss: 1.8691, Acc: 34.02%
[Epoch 2] Train Loss: 1.8376, Acc: 35.30%  |  Val Loss: 43.6069, Acc: 52.40%  |  Time: 23.4s
  -> Best model saved (52.40%)
[Epoch 2] Summarizing hook timing...

[HOOK_TIMING_SUMMARY] epoch=2
[HOOK_TIMING_SUMMARY] label=mpi:ring calls=3128 work_mean_ms=4.640 work_min_ms=2.011 work_max_ms=8.509
[Epoch 2] Hook timing summary done

[Epoch 3] Training... (lr=0.000993)
  Batch [50/391] Loss: 1.3974, Acc: 52.00%
  Batch [100/391] Loss: 1.3957, Acc: 52.12%
  Batch [150/391] Loss: 1.3487, Acc: 53.29%
  Batch [200/391] Loss: 1.3210, Acc: 54.47%
  Batch [250/391] Loss: 1.3025, Acc: 55.20%
  Batch [300/391] Loss: 1.2842, Acc: 55.88%
  Batch [350/391] Loss: 1.2705, Acc: 56.25%
[Epoch 3] Train Loss: 1.2608, Acc: 56.59%  |  Val Loss: 6.3046, Acc: 64.40%  |  Time: 23.5s
  -> Best model saved (64.40%)
[Epoch 3] Summarizing hook timing...

[HOOK_TIMING_SUMMARY] epoch=3
[HOOK_TIMING_SUMMARY] label=mpi:ring calls=3128 work_mean_ms=4.649 work_min_ms=1.910 work_max_ms=8.549
[Epoch 3] Hook timing summary done

[Epoch 4] Training... (lr=0.000973)
  Batch [50/391] Loss: 1.0923, Acc: 62.38%
  Batch [100/391] Loss: 1.1078, Acc: 62.31%
  Batch [150/391] Loss: 1.0990, Acc: 62.54%
  Batch [200/391] Loss: 1.0920, Acc: 62.69%
  Batch [250/391] Loss: 1.0883, Acc: 62.67%
  Batch [300/391] Loss: 1.0862, Acc: 62.90%
  Batch [350/391] Loss: 1.0802, Acc: 62.93%
[Epoch 4] Train Loss: 1.0718, Acc: 63.09%  |  Val Loss: 5.3368, Acc: 70.08%  |  Time: 23.4s
  -> Best model saved (70.08%)
[Epoch 4] Summarizing hook timing...

[HOOK_TIMING_SUMMARY] epoch=4
[HOOK_TIMING_SUMMARY] label=mpi:ring calls=3128 work_mean_ms=4.566 work_min_ms=1.842 work_max_ms=8.211
[Epoch 4] Hook timing summary done

[Epoch 5] Training... (lr=0.000940)
  Batch [50/391] Loss: 0.9650, Acc: 64.88%
  Batch [100/391] Loss: 0.9813, Acc: 66.19%
  Batch [150/391] Loss: 0.9604, Acc: 67.17%
  Batch [200/391] Loss: 0.9529, Acc: 67.41%
  Batch [250/391] Loss: 0.9483, Acc: 67.58%
  Batch [300/391] Loss: 0.9451, Acc: 67.77%
  Batch [350/391] Loss: 0.9471, Acc: 67.93%
[Epoch 5] Train Loss: 0.9473, Acc: 68.10%  |  Val Loss: 3.3139, Acc: 75.44%  |  Time: 23.4s
  -> Best model saved (75.44%)
[Epoch 5] Summarizing hook timing...

[HOOK_TIMING_SUMMARY] epoch=5
[HOOK_TIMING_SUMMARY] label=mpi:ring calls=3128 work_mean_ms=4.698 work_min_ms=1.895 work_max_ms=8.474
[Epoch 5] Hook timing summary done

[Epoch 6] Training... (lr=0.000895)
  Batch [50/391] Loss: 0.9351, Acc: 67.12%
  Batch [100/391] Loss: 0.9178, Acc: 68.56%
  Batch [150/391] Loss: 0.9333, Acc: 68.00%
  Batch [200/391] Loss: 0.9269, Acc: 67.94%
  Batch [250/391] Loss: 0.9222, Acc: 68.12%
  Batch [300/391] Loss: 0.9210, Acc: 68.31%
  Batch [350/391] Loss: 0.9261, Acc: 68.25%
[Epoch 6] Train Loss: 0.9220, Acc: 68.42%  |  Val Loss: 2.2909, Acc: 76.32%  |  Time: 23.4s
  -> Best model saved (76.32%)
[Epoch 6] Summarizing hook timing...

[HOOK_TIMING_SUMMARY] epoch=6
[HOOK_TIMING_SUMMARY] label=mpi:ring calls=3128 work_mean_ms=4.611 work_min_ms=1.876 work_max_ms=8.420
[Epoch 6] Hook timing summary done

[Epoch 7] Training... (lr=0.000839)
  Batch [50/391] Loss: 0.8417, Acc: 71.38%
  Batch [100/391] Loss: 0.8066, Acc: 71.94%
  Batch [150/391] Loss: 0.8095, Acc: 72.50%
  Batch [200/391] Loss: 0.8099, Acc: 72.31%
  Batch [250/391] Loss: 0.8144, Acc: 71.92%
  Batch [300/391] Loss: 0.8028, Acc: 72.19%
  Batch [350/391] Loss: 0.7937, Acc: 72.80%
[Epoch 7] Train Loss: 0.7967, Acc: 72.70%  |  Val Loss: 1.1417, Acc: 78.08%  |  Time: 23.4s
  -> Best model saved (78.08%)
[Epoch 7] Summarizing hook timing...

[HOOK_TIMING_SUMMARY] epoch=7
[HOOK_TIMING_SUMMARY] label=mpi:ring calls=3128 work_mean_ms=4.740 work_min_ms=2.383 work_max_ms=8.253
[Epoch 7] Hook timing summary done

[Epoch 8] Training... (lr=0.000773)
  Batch [50/391] Loss: 0.8541, Acc: 69.88%
  Batch [100/391] Loss: 0.7958, Acc: 72.69%
  Batch [150/391] Loss: 0.8172, Acc: 72.04%
  Batch [200/391] Loss: 0.8136, Acc: 72.44%
  Batch [250/391] Loss: 0.8217, Acc: 72.03%
  Batch [300/391] Loss: 0.8137, Acc: 72.19%
  Batch [350/391] Loss: 0.8118, Acc: 72.20%
[Epoch 8] Train Loss: 0.8099, Acc: 72.29%  |  Val Loss: 0.8028, Acc: 77.92%  |  Time: 23.4s
[Epoch 8] Summarizing hook timing...

[HOOK_TIMING_SUMMARY] epoch=8
[HOOK_TIMING_SUMMARY] label=mpi:ring calls=3128 work_mean_ms=4.650 work_min_ms=1.928 work_max_ms=8.502
[Epoch 8] Hook timing summary done

[Epoch 9] Training... (lr=0.000701)
  Batch [50/391] Loss: 0.8227, Acc: 71.88%
  Batch [100/391] Loss: 0.8182, Acc: 71.81%
  Batch [150/391] Loss: 0.8013, Acc: 71.88%
  Batch [200/391] Loss: 0.7820, Acc: 72.59%
  Batch [250/391] Loss: 0.7773, Acc: 73.12%
  Batch [300/391] Loss: 0.7705, Acc: 73.44%
  Batch [350/391] Loss: 0.7703, Acc: 73.59%
[Epoch 9] Train Loss: 0.7683, Acc: 73.86%  |  Val Loss: 1.2148, Acc: 80.08%  |  Time: 23.5s
  -> Best model saved (80.08%)
[Epoch 9] Summarizing hook timing...

[HOOK_TIMING_SUMMARY] epoch=9
[HOOK_TIMING_SUMMARY] label=mpi:ring calls=3128 work_mean_ms=4.755 work_min_ms=2.415 work_max_ms=25.894
[Epoch 9] Hook timing summary done

[Epoch 10] Training... (lr=0.000623)
  Batch [50/391] Loss: 0.7151, Acc: 74.25%
  Batch [100/391] Loss: 0.7310, Acc: 74.06%
  Batch [150/391] Loss: 0.7127, Acc: 74.62%
  Batch [200/391] Loss: 0.7272, Acc: 74.78%
  Batch [250/391] Loss: 0.7299, Acc: 74.83%
  Batch [300/391] Loss: 0.7312, Acc: 75.08%
  Batch [350/391] Loss: 0.7314, Acc: 75.30%
[Epoch 10] Train Loss: 0.7238, Acc: 75.49%  |  Val Loss: 1.0690, Acc: 80.96%  |  Time: 23.5s
  -> Best model saved (80.96%)
[Epoch 10] Summarizing hook timing...

[HOOK_TIMING_SUMMARY] epoch=10
[HOOK_TIMING_SUMMARY] label=mpi:ring calls=3128 work_mean_ms=4.748 work_min_ms=1.926 work_max_ms=8.313
[Epoch 10] Hook timing summary done

[Epoch 11] Training... (lr=0.000541)
  Batch [50/391] Loss: 0.7004, Acc: 77.62%
  Batch [100/391] Loss: 0.7133, Acc: 76.69%
  Batch [150/391] Loss: 0.7229, Acc: 76.00%
  Batch [200/391] Loss: 0.7326, Acc: 75.75%
  Batch [250/391] Loss: 0.7248, Acc: 75.90%
  Batch [300/391] Loss: 0.7185, Acc: 76.00%
  Batch [350/391] Loss: 0.7063, Acc: 76.55%
[Epoch 11] Train Loss: 0.7047, Acc: 76.50%  |  Val Loss: 1.1119, Acc: 78.64%  |  Time: 23.3s
[Epoch 11] Summarizing hook timing...

[HOOK_TIMING_SUMMARY] epoch=11
[HOOK_TIMING_SUMMARY] label=mpi:ring calls=3128 work_mean_ms=4.700 work_min_ms=2.324 work_max_ms=8.564
[Epoch 11] Hook timing summary done

[Epoch 12] Training... (lr=0.000459)
  Batch [50/391] Loss: 0.6895, Acc: 76.50%
  Batch [100/391] Loss: 0.6817, Acc: 76.19%
  Batch [150/391] Loss: 0.6788, Acc: 76.46%
  Batch [200/391] Loss: 0.6833, Acc: 76.78%
  Batch [250/391] Loss: 0.6712, Acc: 76.92%
  Batch [300/391] Loss: 0.6764, Acc: 76.90%
  Batch [350/391] Loss: 0.6763, Acc: 76.88%
[Epoch 12] Train Loss: 0.6733, Acc: 77.06%  |  Val Loss: 1.0252, Acc: 80.64%  |  Time: 23.4s
[Epoch 12] Summarizing hook timing...

[HOOK_TIMING_SUMMARY] epoch=12
[HOOK_TIMING_SUMMARY] label=mpi:ring calls=3128 work_mean_ms=4.720 work_min_ms=1.867 work_max_ms=26.845
[Epoch 12] Hook timing summary done

[Epoch 13] Training... (lr=0.000377)
  Batch [50/391] Loss: 0.6840, Acc: 78.38%
  Batch [100/391] Loss: 0.6482, Acc: 78.88%
  Batch [150/391] Loss: 0.6449, Acc: 78.88%
  Batch [200/391] Loss: 0.6587, Acc: 78.25%
  Batch [250/391] Loss: 0.6496, Acc: 78.70%
  Batch [300/391] Loss: 0.6517, Acc: 78.42%
  Batch [350/391] Loss: 0.6465, Acc: 78.43%
[Epoch 13] Train Loss: 0.6494, Acc: 78.26%  |  Val Loss: 0.7366, Acc: 80.32%  |  Time: 23.5s
[Epoch 13] Summarizing hook timing...

[HOOK_TIMING_SUMMARY] epoch=13
[HOOK_TIMING_SUMMARY] label=mpi:ring calls=3128 work_mean_ms=4.645 work_min_ms=1.872 work_max_ms=15.401
[Epoch 13] Hook timing summary done

[Epoch 14] Training... (lr=0.000299)
  Batch [50/391] Loss: 0.6910, Acc: 76.00%
  Batch [100/391] Loss: 0.7050, Acc: 75.75%
  Batch [150/391] Loss: 0.6985, Acc: 76.33%
  Batch [200/391] Loss: 0.6948, Acc: 76.59%
  Batch [250/391] Loss: 0.6847, Acc: 77.05%
  Batch [300/391] Loss: 0.6937, Acc: 76.50%
  Batch [350/391] Loss: 0.6909, Acc: 76.54%
[Epoch 14] Train Loss: 0.6865, Acc: 76.66%  |  Val Loss: 1.0192, Acc: 82.80%  |  Time: 23.4s
  -> Best model saved (82.80%)
[Epoch 14] Summarizing hook timing...

[HOOK_TIMING_SUMMARY] epoch=14
[HOOK_TIMING_SUMMARY] label=mpi:ring calls=3128 work_mean_ms=4.601 work_min_ms=1.853 work_max_ms=26.640
[Epoch 14] Hook timing summary done

[Epoch 15] Training... (lr=0.000227)
  Batch [50/391] Loss: 0.6101, Acc: 79.00%
  Batch [100/391] Loss: 0.6357, Acc: 77.94%
  Batch [150/391] Loss: 0.6102, Acc: 79.50%
  Batch [200/391] Loss: 0.6169, Acc: 79.16%
  Batch [250/391] Loss: 0.6110, Acc: 79.33%
  Batch [300/391] Loss: 0.6251, Acc: 78.75%
  Batch [350/391] Loss: 0.6252, Acc: 78.64%
[Epoch 15] Train Loss: 0.6221, Acc: 78.64%  |  Val Loss: 1.2331, Acc: 82.00%  |  Time: 23.5s
[Epoch 15] Summarizing hook timing...

[HOOK_TIMING_SUMMARY] epoch=15
[HOOK_TIMING_SUMMARY] label=mpi:ring calls=3128 work_mean_ms=4.644 work_min_ms=1.864 work_max_ms=8.201
[Epoch 15] Hook timing summary done

[Epoch 16] Training... (lr=0.000161)
  Batch [50/391] Loss: 0.6683, Acc: 77.88%
  Batch [100/391] Loss: 0.6185, Acc: 78.75%
  Batch [150/391] Loss: 0.6119, Acc: 79.12%
  Batch [200/391] Loss: 0.6167, Acc: 79.12%
  Batch [250/391] Loss: 0.6194, Acc: 79.25%
  Batch [300/391] Loss: 0.6211, Acc: 79.10%
  Batch [350/391] Loss: 0.6268, Acc: 78.98%
[Epoch 16] Train Loss: 0.6324, Acc: 78.56%  |  Val Loss: 1.5928, Acc: 83.12%  |  Time: 23.5s
  -> Best model saved (83.12%)
[Epoch 16] Summarizing hook timing...

[HOOK_TIMING_SUMMARY] epoch=16
[HOOK_TIMING_SUMMARY] label=mpi:ring calls=3128 work_mean_ms=4.761 work_min_ms=2.564 work_max_ms=17.644
[Epoch 16] Hook timing summary done

[Epoch 17] Training... (lr=0.000105)
  Batch [50/391] Loss: 0.5623, Acc: 80.00%
  Batch [100/391] Loss: 0.5377, Acc: 81.44%
  Batch [150/391] Loss: 0.5807, Acc: 79.88%
  Batch [200/391] Loss: 0.5928, Acc: 79.25%
  Batch [250/391] Loss: 0.5987, Acc: 79.35%
  Batch [300/391] Loss: 0.6079, Acc: 79.04%
  Batch [350/391] Loss: 0.6081, Acc: 78.98%
[Epoch 17] Train Loss: 0.6190, Acc: 78.53%  |  Val Loss: 1.2234, Acc: 82.16%  |  Time: 23.5s
[Epoch 17] Summarizing hook timing...

[HOOK_TIMING_SUMMARY] epoch=17
[HOOK_TIMING_SUMMARY] label=mpi:ring calls=3128 work_mean_ms=4.785 work_min_ms=2.461 work_max_ms=8.569
[Epoch 17] Hook timing summary done

[Epoch 18] Training... (lr=0.000060)
  Batch [50/391] Loss: 0.6028, Acc: 80.50%
  Batch [100/391] Loss: 0.6159, Acc: 80.12%
  Batch [150/391] Loss: 0.6123, Acc: 79.58%
  Batch [200/391] Loss: 0.6139, Acc: 79.41%
  Batch [250/391] Loss: 0.6316, Acc: 78.90%
  Batch [300/391] Loss: 0.6313, Acc: 78.54%
  Batch [350/391] Loss: 0.6292, Acc: 78.52%
[Epoch 18] Train Loss: 0.6246, Acc: 78.77%  |  Val Loss: 1.4028, Acc: 83.92%  |  Time: 23.4s
  -> Best model saved (83.92%)
[Epoch 18] Summarizing hook timing...

[HOOK_TIMING_SUMMARY] epoch=18
[HOOK_TIMING_SUMMARY] label=mpi:ring calls=3128 work_mean_ms=4.756 work_min_ms=2.516 work_max_ms=16.909
[Epoch 18] Hook timing summary done

[Epoch 19] Training... (lr=0.000027)
  Batch [50/391] Loss: 0.5478, Acc: 80.75%
  Batch [100/391] Loss: 0.5944, Acc: 78.88%
  Batch [150/391] Loss: 0.5863, Acc: 79.42%
  Batch [200/391] Loss: 0.6029, Acc: 79.38%
  Batch [250/391] Loss: 0.6081, Acc: 79.53%
  Batch [300/391] Loss: 0.6168, Acc: 78.79%
  Batch [350/391] Loss: 0.6110, Acc: 78.66%
[Epoch 19] Train Loss: 0.6132, Acc: 78.59%  |  Val Loss: 1.6918, Acc: 82.08%  |  Time: 23.5s
[Epoch 19] Summarizing hook timing...

[HOOK_TIMING_SUMMARY] epoch=19
[HOOK_TIMING_SUMMARY] label=mpi:ring calls=3128 work_mean_ms=4.649 work_min_ms=1.913 work_max_ms=8.534
[Epoch 19] Hook timing summary done

[Epoch 20] Training... (lr=0.000007)
  Batch [50/391] Loss: 0.5925, Acc: 78.00%
  Batch [100/391] Loss: 0.6260, Acc: 77.38%
  Batch [150/391] Loss: 0.6220, Acc: 78.25%
  Batch [200/391] Loss: 0.6233, Acc: 78.16%
  Batch [250/391] Loss: 0.6156, Acc: 78.50%
  Batch [300/391] Loss: 0.6145, Acc: 78.62%
  Batch [350/391] Loss: 0.6097, Acc: 78.88%
[Epoch 20] Train Loss: 0.6109, Acc: 78.85%  |  Val Loss: 1.3685, Acc: 82.96%  |  Time: 23.3s
[Epoch 20] Summarizing hook timing...

[HOOK_TIMING_SUMMARY] epoch=20
[HOOK_TIMING_SUMMARY] label=mpi:ring calls=3128 work_mean_ms=4.581 work_min_ms=1.864 work_max_ms=24.268
[Epoch 20] Hook timing summary done

================================================================================
Done in 480.2s | Best val acc: 83.92%
Epoch times: mean=23.5s  min=23.3s  max=24.5s
================================================================================
=== Finished training: backend=mpi, hook=ring, status=0 at Thu May 21 06:42:04 PM UTC 2026 ===
=== Job finished: Thu May 21 06:42:04 PM UTC 2026 ===
