
================================================================================
Distributed Training: RESNEXT101_32X8D on CIFAR10
Backend: MPI, Algorithm: recursive_doubling
================================================================================
Ranks: 4, Epochs: 20, Batch/rank: 128, Effective batch: 512
LR: 0.001, Device: cuda:0

[Setup] Model on cuda:0, wrapped in DDP (static_graph=True)
[Setup] Hook registered: mpi/recursive_doubling
[Data] Train batches: 98, Val batches: 20


[Epoch 1] Training... (lr=0.000001)
  Batch [50/98] Loss: 2.3110, Acc: 11.09%
[Epoch 1] Train Loss: 2.3110, Acc: 10.95%  |  Val Loss: 2.3159, Acc: 10.80%  |  Time: 24.1s
  -> Best model saved (10.80%)
[Epoch 1] Summarizing hook timing...

[HOOK_TIMING_SUMMARY] epoch=1
[HOOK_WORK_SUMMARY] label=mpi:recursive_doubling calls=1250 work_total_ms=14628.717 work_mean_ms=11.703 work_min_ms=0.367 work_max_ms=138.032
[HOOK_TAIL_SUMMARY] label=mpi:recursive_doubling steps=99 tail_total_ms=8519.913 tail_mean_ms=86.060 tail_min_ms=10.677 tail_max_ms=138.145
[Epoch 1] Hook timing summary done

[Epoch 2] Training... (lr=0.000201)
  Batch [50/98] Loss: 2.3049, Acc: 11.89%
[Epoch 2] Train Loss: 2.2965, Acc: 12.78%  |  Val Loss: 2.2754, Acc: 16.48%  |  Time: 18.3s
  -> Best model saved (16.48%)
[Epoch 2] Summarizing hook timing...

[HOOK_TIMING_SUMMARY] epoch=2
[HOOK_WORK_SUMMARY] label=mpi:recursive_doubling calls=1274 work_total_ms=14808.214 work_mean_ms=11.623 work_min_ms=0.365 work_max_ms=138.052
[HOOK_TAIL_SUMMARY] label=mpi:recursive_doubling steps=98 tail_total_ms=8547.481 tail_mean_ms=87.219 tail_min_ms=73.726 tail_max_ms=88.663
[Epoch 2] Hook timing summary done

[Epoch 3] Training... (lr=0.000401)
  Batch [50/98] Loss: 2.2672, Acc: 16.61%
[Epoch 3] Train Loss: 2.2503, Acc: 18.67%  |  Val Loss: 2.2070, Acc: 24.96%  |  Time: 18.3s
  -> Best model saved (24.96%)
[Epoch 3] Summarizing hook timing...

[HOOK_TIMING_SUMMARY] epoch=3
[HOOK_WORK_SUMMARY] label=mpi:recursive_doubling calls=1274 work_total_ms=14816.715 work_mean_ms=11.630 work_min_ms=0.369 work_max_ms=138.000
[HOOK_TAIL_SUMMARY] label=mpi:recursive_doubling steps=98 tail_total_ms=8509.749 tail_mean_ms=86.834 tail_min_ms=73.487 tail_max_ms=87.453
[Epoch 3] Hook timing summary done

[Epoch 4] Training... (lr=0.000600)
  Batch [50/98] Loss: 2.1940, Acc: 25.47%
[Epoch 4] Train Loss: 2.1674, Acc: 27.66%  |  Val Loss: 2.0971, Acc: 33.92%  |  Time: 18.2s
  -> Best model saved (33.92%)
[Epoch 4] Summarizing hook timing...

[HOOK_TIMING_SUMMARY] epoch=4
[HOOK_WORK_SUMMARY] label=mpi:recursive_doubling calls=1274 work_total_ms=14864.342 work_mean_ms=11.667 work_min_ms=0.376 work_max_ms=138.171
[HOOK_TAIL_SUMMARY] label=mpi:recursive_doubling steps=98 tail_total_ms=8545.943 tail_mean_ms=87.203 tail_min_ms=73.810 tail_max_ms=87.984
[Epoch 4] Hook timing summary done

[Epoch 5] Training... (lr=0.000800)
  Batch [50/98] Loss: 2.0716, Acc: 34.45%
[Epoch 5] Train Loss: 2.0431, Acc: 35.30%  |  Val Loss: 1.9508, Acc: 39.96%  |  Time: 18.3s
  -> Best model saved (39.96%)
[Epoch 5] Summarizing hook timing...

[HOOK_TIMING_SUMMARY] epoch=5
[HOOK_WORK_SUMMARY] label=mpi:recursive_doubling calls=1274 work_total_ms=14859.973 work_mean_ms=11.664 work_min_ms=0.368 work_max_ms=138.230
[HOOK_TAIL_SUMMARY] label=mpi:recursive_doubling steps=98 tail_total_ms=8546.797 tail_mean_ms=87.212 tail_min_ms=74.091 tail_max_ms=88.295
[Epoch 5] Hook timing summary done

[Epoch 6] Training... (lr=0.001000)
  Batch [50/98] Loss: 1.9235, Acc: 40.12%
[Epoch 6] Train Loss: 1.8812, Acc: 41.52%  |  Val Loss: 1.7690, Acc: 46.44%  |  Time: 18.3s
  -> Best model saved (46.44%)
[Epoch 6] Summarizing hook timing...

[HOOK_TIMING_SUMMARY] epoch=6
[HOOK_WORK_SUMMARY] label=mpi:recursive_doubling calls=1274 work_total_ms=14775.779 work_mean_ms=11.598 work_min_ms=0.370 work_max_ms=138.057
[HOOK_TAIL_SUMMARY] label=mpi:recursive_doubling steps=98 tail_total_ms=8484.519 tail_mean_ms=86.577 tail_min_ms=73.412 tail_max_ms=87.171
[Epoch 6] Hook timing summary done

[Epoch 7] Training... (lr=0.000989)
  Batch [50/98] Loss: 1.7601, Acc: 45.75%
[Epoch 7] Train Loss: 1.7203, Acc: 47.13%  |  Val Loss: 1.6080, Acc: 51.40%  |  Time: 18.3s
  -> Best model saved (51.40%)
[Epoch 7] Summarizing hook timing...

[HOOK_TIMING_SUMMARY] epoch=7
[HOOK_WORK_SUMMARY] label=mpi:recursive_doubling calls=1274 work_total_ms=14876.748 work_mean_ms=11.677 work_min_ms=0.362 work_max_ms=138.087
[HOOK_TAIL_SUMMARY] label=mpi:recursive_doubling steps=98 tail_total_ms=8561.363 tail_mean_ms=87.361 tail_min_ms=74.172 tail_max_ms=88.113
[Epoch 7] Hook timing summary done

[Epoch 8] Training... (lr=0.000957)
  Batch [50/98] Loss: 1.6038, Acc: 50.62%
[Epoch 8] Train Loss: 1.5704, Acc: 51.61%  |  Val Loss: 1.4744, Acc: 55.40%  |  Time: 18.2s
  -> Best model saved (55.40%)
[Epoch 8] Summarizing hook timing...

[HOOK_TIMING_SUMMARY] epoch=8
[HOOK_WORK_SUMMARY] label=mpi:recursive_doubling calls=1274 work_total_ms=14812.266 work_mean_ms=11.627 work_min_ms=0.371 work_max_ms=138.189
[HOOK_TAIL_SUMMARY] label=mpi:recursive_doubling steps=98 tail_total_ms=8500.245 tail_mean_ms=86.737 tail_min_ms=74.183 tail_max_ms=87.812
[Epoch 8] Hook timing summary done

[Epoch 9] Training... (lr=0.000905)
  Batch [50/98] Loss: 1.4721, Acc: 53.61%
[Epoch 9] Train Loss: 1.4338, Acc: 55.10%  |  Val Loss: 1.3462, Acc: 59.08%  |  Time: 18.3s
  -> Best model saved (59.08%)
[Epoch 9] Summarizing hook timing...

[HOOK_TIMING_SUMMARY] epoch=9
[HOOK_WORK_SUMMARY] label=mpi:recursive_doubling calls=1274 work_total_ms=14798.728 work_mean_ms=11.616 work_min_ms=0.370 work_max_ms=138.143
[HOOK_TAIL_SUMMARY] label=mpi:recursive_doubling steps=98 tail_total_ms=8479.942 tail_mean_ms=86.530 tail_min_ms=73.499 tail_max_ms=86.977
[Epoch 9] Hook timing summary done

[Epoch 10] Training... (lr=0.000835)
  Batch [50/98] Loss: 1.3354, Acc: 57.80%
[Epoch 10] Train Loss: 1.3183, Acc: 58.46%  |  Val Loss: 1.2467, Acc: 61.56%  |  Time: 18.2s
  -> Best model saved (61.56%)
[Epoch 10] Summarizing hook timing...

[HOOK_TIMING_SUMMARY] epoch=10
[HOOK_WORK_SUMMARY] label=mpi:recursive_doubling calls=1274 work_total_ms=14799.984 work_mean_ms=11.617 work_min_ms=0.371 work_max_ms=137.945
[HOOK_TAIL_SUMMARY] label=mpi:recursive_doubling steps=98 tail_total_ms=8509.482 tail_mean_ms=86.831 tail_min_ms=73.490 tail_max_ms=87.423
[Epoch 10] Hook timing summary done

[Epoch 11] Training... (lr=0.000750)
  Batch [50/98] Loss: 1.2562, Acc: 60.03%
[Epoch 11] Train Loss: 1.2231, Acc: 61.33%  |  Val Loss: 1.1592, Acc: 63.60%  |  Time: 18.2s
  -> Best model saved (63.60%)
[Epoch 11] Summarizing hook timing...

[HOOK_TIMING_SUMMARY] epoch=11
[HOOK_WORK_SUMMARY] label=mpi:recursive_doubling calls=1274 work_total_ms=14764.409 work_mean_ms=11.589 work_min_ms=0.371 work_max_ms=137.984
[HOOK_TAIL_SUMMARY] label=mpi:recursive_doubling steps=98 tail_total_ms=8479.814 tail_mean_ms=86.529 tail_min_ms=73.938 tail_max_ms=87.424
[Epoch 11] Hook timing summary done

[Epoch 12] Training... (lr=0.000655)
  Batch [50/98] Loss: 1.1635, Acc: 63.06%
[Epoch 12] Train Loss: 1.1471, Acc: 63.68%  |  Val Loss: 1.0849, Acc: 66.04%  |  Time: 18.2s
  -> Best model saved (66.04%)
[Epoch 12] Summarizing hook timing...

[HOOK_TIMING_SUMMARY] epoch=12
[HOOK_WORK_SUMMARY] label=mpi:recursive_doubling calls=1274 work_total_ms=14893.599 work_mean_ms=11.690 work_min_ms=0.365 work_max_ms=138.259
[HOOK_TAIL_SUMMARY] label=mpi:recursive_doubling steps=98 tail_total_ms=8557.535 tail_mean_ms=87.322 tail_min_ms=74.346 tail_max_ms=87.879
[Epoch 12] Hook timing summary done

[Epoch 13] Training... (lr=0.000552)
  Batch [50/98] Loss: 1.1072, Acc: 64.25%
[Epoch 13] Train Loss: 1.0855, Acc: 65.22%  |  Val Loss: 1.0382, Acc: 67.84%  |  Time: 18.2s
  -> Best model saved (67.84%)
[Epoch 13] Summarizing hook timing...

[HOOK_TIMING_SUMMARY] epoch=13
[HOOK_WORK_SUMMARY] label=mpi:recursive_doubling calls=1274 work_total_ms=14817.849 work_mean_ms=11.631 work_min_ms=0.369 work_max_ms=138.244
[HOOK_TAIL_SUMMARY] label=mpi:recursive_doubling steps=98 tail_total_ms=8503.530 tail_mean_ms=86.771 tail_min_ms=73.910 tail_max_ms=87.511
[Epoch 13] Hook timing summary done

[Epoch 14] Training... (lr=0.000448)
  Batch [50/98] Loss: 1.0483, Acc: 66.61%
[Epoch 14] Train Loss: 1.0412, Acc: 66.58%  |  Val Loss: 0.9883, Acc: 69.08%  |  Time: 18.2s
  -> Best model saved (69.08%)
[Epoch 14] Summarizing hook timing...

[HOOK_TIMING_SUMMARY] epoch=14
[HOOK_WORK_SUMMARY] label=mpi:recursive_doubling calls=1274 work_total_ms=14768.974 work_mean_ms=11.593 work_min_ms=0.373 work_max_ms=137.897
[HOOK_TAIL_SUMMARY] label=mpi:recursive_doubling steps=98 tail_total_ms=8482.201 tail_mean_ms=86.553 tail_min_ms=73.405 tail_max_ms=87.028
[Epoch 14] Hook timing summary done

[Epoch 15] Training... (lr=0.000345)
  Batch [50/98] Loss: 1.0326, Acc: 66.59%
[Epoch 15] Train Loss: 1.0188, Acc: 66.76%  |  Val Loss: 0.9585, Acc: 70.52%  |  Time: 18.3s
  -> Best model saved (70.52%)
[Epoch 15] Summarizing hook timing...

[HOOK_TIMING_SUMMARY] epoch=15
[HOOK_WORK_SUMMARY] label=mpi:recursive_doubling calls=1274 work_total_ms=14806.586 work_mean_ms=11.622 work_min_ms=0.370 work_max_ms=137.925
[HOOK_TAIL_SUMMARY] label=mpi:recursive_doubling steps=98 tail_total_ms=8510.910 tail_mean_ms=86.846 tail_min_ms=73.396 tail_max_ms=88.575
[Epoch 15] Hook timing summary done

[Epoch 16] Training... (lr=0.000250)
  Batch [50/98] Loss: 0.9865, Acc: 68.05%
[Epoch 16] Train Loss: 0.9767, Acc: 68.53%  |  Val Loss: 0.9367, Acc: 71.24%  |  Time: 18.3s
  -> Best model saved (71.24%)
[Epoch 16] Summarizing hook timing...

[HOOK_TIMING_SUMMARY] epoch=16
[HOOK_WORK_SUMMARY] label=mpi:recursive_doubling calls=1274 work_total_ms=14846.233 work_mean_ms=11.653 work_min_ms=0.375 work_max_ms=138.240
[HOOK_TAIL_SUMMARY] label=mpi:recursive_doubling steps=98 tail_total_ms=8535.925 tail_mean_ms=87.101 tail_min_ms=74.138 tail_max_ms=88.011
[Epoch 16] Hook timing summary done

[Epoch 17] Training... (lr=0.000165)
  Batch [50/98] Loss: 0.9749, Acc: 68.02%
[Epoch 17] Train Loss: 0.9700, Acc: 68.22%  |  Val Loss: 0.9268, Acc: 71.40%  |  Time: 18.2s
  -> Best model saved (71.40%)
[Epoch 17] Summarizing hook timing...

[HOOK_TIMING_SUMMARY] epoch=17
[HOOK_WORK_SUMMARY] label=mpi:recursive_doubling calls=1274 work_total_ms=14825.845 work_mean_ms=11.637 work_min_ms=0.365 work_max_ms=138.098
[HOOK_TAIL_SUMMARY] label=mpi:recursive_doubling steps=98 tail_total_ms=8507.302 tail_mean_ms=86.809 tail_min_ms=73.523 tail_max_ms=87.584
[Epoch 17] Hook timing summary done

[Epoch 18] Training... (lr=0.000095)
  Batch [50/98] Loss: 0.9533, Acc: 69.28%
[Epoch 18] Train Loss: 0.9632, Acc: 68.68%  |  Val Loss: 0.9265, Acc: 71.60%  |  Time: 18.2s
  -> Best model saved (71.60%)
[Epoch 18] Summarizing hook timing...

[HOOK_TIMING_SUMMARY] epoch=18
[HOOK_WORK_SUMMARY] label=mpi:recursive_doubling calls=1274 work_total_ms=14885.938 work_mean_ms=11.684 work_min_ms=0.363 work_max_ms=138.325
[HOOK_TAIL_SUMMARY] label=mpi:recursive_doubling steps=98 tail_total_ms=8565.032 tail_mean_ms=87.398 tail_min_ms=74.517 tail_max_ms=88.779
[Epoch 18] Hook timing summary done

[Epoch 19] Training... (lr=0.000043)
  Batch [50/98] Loss: 0.9579, Acc: 69.16%
[Epoch 19] Train Loss: 0.9543, Acc: 69.44%  |  Val Loss: 0.9171, Acc: 71.80%  |  Time: 18.2s
  -> Best model saved (71.80%)
[Epoch 19] Summarizing hook timing...

[HOOK_TIMING_SUMMARY] epoch=19
[HOOK_WORK_SUMMARY] label=mpi:recursive_doubling calls=1274 work_total_ms=14780.906 work_mean_ms=11.602 work_min_ms=0.375 work_max_ms=137.911
[HOOK_TAIL_SUMMARY] label=mpi:recursive_doubling steps=98 tail_total_ms=8488.063 tail_mean_ms=86.613 tail_min_ms=73.365 tail_max_ms=87.186
[Epoch 19] Hook timing summary done

[Epoch 20] Training... (lr=0.000011)
  Batch [50/98] Loss: 0.9308, Acc: 69.69%
[Epoch 20] Train Loss: 0.9528, Acc: 68.72%  |  Val Loss: 0.9148, Acc: 71.92%  |  Time: 18.2s
  -> Best model saved (71.92%)
[Epoch 20] Summarizing hook timing...

[HOOK_TIMING_SUMMARY] epoch=20
[HOOK_WORK_SUMMARY] label=mpi:recursive_doubling calls=1274 work_total_ms=14849.415 work_mean_ms=11.656 work_min_ms=0.371 work_max_ms=138.129
[HOOK_TAIL_SUMMARY] label=mpi:recursive_doubling steps=98 tail_total_ms=8532.995 tail_mean_ms=87.071 tail_min_ms=73.977 tail_max_ms=88.030
[Epoch 20] Hook timing summary done

================================================================================
Done in 393.5s | Best val acc: 71.92%
Epoch times: mean=18.5s  min=18.2s  max=24.1s
================================================================================
