
================================================================================
Distributed Training: RESNEXT101_32X8D on CIFAR10
Backend: MPI, Algorithm: ring_zfp_online_coll
================================================================================
Ranks: 4, Epochs: 20, Batch/rank: 128, Effective batch: 512
LR: 0.001, Device: cuda:0

[Setup] Model on cuda:0, wrapped in DDP (static_graph=True)
[Setup] Hook registered: mpi/ring_zfp_online_coll
[Data] Train batches: 98, Val batches: 20


[Epoch 1] Training... (lr=0.000001)
  Batch [50/98] Loss: 2.3110, Acc: 11.09%
[Epoch 1] Train Loss: 2.3109, Acc: 10.94%  |  Val Loss: 2.3159, Acc: 10.76%  |  Time: 21.6s
  -> Best model saved (10.76%)
[Epoch 1] Summarizing hook timing...

[HOOK_TIMING_SUMMARY] epoch=1
[HOOK_WORK_SUMMARY] label=mpi:ring_zfp_online_coll:rate16 calls=1250 work_total_ms=15325.399 work_mean_ms=12.260 work_min_ms=1.024 work_max_ms=138.026
[HOOK_TAIL_SUMMARY] label=mpi:ring_zfp_online_coll:rate16 steps=99 tail_total_ms=9252.742 tail_mean_ms=93.462 tail_min_ms=1.836 tail_max_ms=138.037
[Epoch 1] Hook timing summary done

[Epoch 2] Training... (lr=0.000201)
  Batch [50/98] Loss: 2.3048, Acc: 11.97%
[Epoch 2] Train Loss: 2.2966, Acc: 12.75%  |  Val Loss: 2.2764, Acc: 15.88%  |  Time: 18.9s
  -> Best model saved (15.88%)
[Epoch 2] Summarizing hook timing...

[HOOK_TIMING_SUMMARY] epoch=2
[HOOK_WORK_SUMMARY] label=mpi:ring_zfp_online_coll:rate16 calls=1274 work_total_ms=15434.184 work_mean_ms=12.115 work_min_ms=1.044 work_max_ms=137.865
[HOOK_TAIL_SUMMARY] label=mpi:ring_zfp_online_coll:rate16 steps=98 tail_total_ms=9193.323 tail_mean_ms=93.809 tail_min_ms=83.054 tail_max_ms=94.898
[Epoch 2] Hook timing summary done

[Epoch 3] Training... (lr=0.000401)
  Batch [50/98] Loss: 2.2669, Acc: 16.89%
[Epoch 3] Train Loss: 2.2504, Acc: 18.90%  |  Val Loss: 2.2098, Acc: 24.76%  |  Time: 19.0s
  -> Best model saved (24.76%)
[Epoch 3] Summarizing hook timing...

[HOOK_TIMING_SUMMARY] epoch=3
[HOOK_WORK_SUMMARY] label=mpi:ring_zfp_online_coll:rate16 calls=1274 work_total_ms=15441.602 work_mean_ms=12.121 work_min_ms=1.039 work_max_ms=137.964
[HOOK_TAIL_SUMMARY] label=mpi:ring_zfp_online_coll:rate16 steps=98 tail_total_ms=9176.297 tail_mean_ms=93.636 tail_min_ms=82.656 tail_max_ms=95.038
[Epoch 3] Hook timing summary done

[Epoch 4] Training... (lr=0.000600)
  Batch [50/98] Loss: 2.1942, Acc: 25.27%
[Epoch 4] Train Loss: 2.1667, Acc: 27.76%  |  Val Loss: 2.1001, Acc: 32.60%  |  Time: 19.0s
  -> Best model saved (32.60%)
[Epoch 4] Summarizing hook timing...

[HOOK_TIMING_SUMMARY] epoch=4
[HOOK_WORK_SUMMARY] label=mpi:ring_zfp_online_coll:rate16 calls=1274 work_total_ms=15456.922 work_mean_ms=12.133 work_min_ms=1.035 work_max_ms=137.918
[HOOK_TAIL_SUMMARY] label=mpi:ring_zfp_online_coll:rate16 steps=98 tail_total_ms=9199.757 tail_mean_ms=93.875 tail_min_ms=83.471 tail_max_ms=95.165
[Epoch 4] Hook timing summary done

[Epoch 5] Training... (lr=0.000800)
  Batch [50/98] Loss: 2.0736, Acc: 34.23%
[Epoch 5] Train Loss: 2.0432, Acc: 35.52%  |  Val Loss: 1.9430, Acc: 41.32%  |  Time: 19.0s
  -> Best model saved (41.32%)
[Epoch 5] Summarizing hook timing...

[HOOK_TIMING_SUMMARY] epoch=5
[HOOK_WORK_SUMMARY] label=mpi:ring_zfp_online_coll:rate16 calls=1274 work_total_ms=15536.462 work_mean_ms=12.195 work_min_ms=1.038 work_max_ms=137.924
[HOOK_TAIL_SUMMARY] label=mpi:ring_zfp_online_coll:rate16 steps=98 tail_total_ms=9264.180 tail_mean_ms=94.532 tail_min_ms=83.465 tail_max_ms=95.100
[Epoch 5] Hook timing summary done

[Epoch 6] Training... (lr=0.001000)
  Batch [50/98] Loss: 1.9184, Acc: 40.91%
[Epoch 6] Train Loss: 1.8730, Acc: 42.01%  |  Val Loss: 1.7613, Acc: 46.76%  |  Time: 19.0s
  -> Best model saved (46.76%)
[Epoch 6] Summarizing hook timing...

[HOOK_TIMING_SUMMARY] epoch=6
[HOOK_WORK_SUMMARY] label=mpi:ring_zfp_online_coll:rate16 calls=1274 work_total_ms=15457.475 work_mean_ms=12.133 work_min_ms=1.031 work_max_ms=137.877
[HOOK_TAIL_SUMMARY] label=mpi:ring_zfp_online_coll:rate16 steps=98 tail_total_ms=9203.264 tail_mean_ms=93.911 tail_min_ms=83.130 tail_max_ms=95.071
[Epoch 6] Hook timing summary done

[Epoch 7] Training... (lr=0.000989)
  Batch [50/98] Loss: 1.7502, Acc: 46.42%
[Epoch 7] Train Loss: 1.7067, Acc: 47.52%  |  Val Loss: 1.6049, Acc: 51.16%  |  Time: 19.0s
  -> Best model saved (51.16%)
[Epoch 7] Summarizing hook timing...

[HOOK_TIMING_SUMMARY] epoch=7
[HOOK_WORK_SUMMARY] label=mpi:ring_zfp_online_coll:rate16 calls=1274 work_total_ms=15461.921 work_mean_ms=12.137 work_min_ms=1.012 work_max_ms=137.821
[HOOK_TAIL_SUMMARY] label=mpi:ring_zfp_online_coll:rate16 steps=98 tail_total_ms=9213.109 tail_mean_ms=94.011 tail_min_ms=83.582 tail_max_ms=94.940
[Epoch 7] Hook timing summary done

[Epoch 8] Training... (lr=0.000957)
  Batch [50/98] Loss: 1.5878, Acc: 50.52%
[Epoch 8] Train Loss: 1.5531, Acc: 51.40%  |  Val Loss: 1.4624, Acc: 54.48%  |  Time: 19.0s
  -> Best model saved (54.48%)
[Epoch 8] Summarizing hook timing...

[HOOK_TIMING_SUMMARY] epoch=8
[HOOK_WORK_SUMMARY] label=mpi:ring_zfp_online_coll:rate16 calls=1274 work_total_ms=15485.630 work_mean_ms=12.155 work_min_ms=1.029 work_max_ms=137.847
[HOOK_TAIL_SUMMARY] label=mpi:ring_zfp_online_coll:rate16 steps=98 tail_total_ms=9218.690 tail_mean_ms=94.068 tail_min_ms=83.405 tail_max_ms=94.999
[Epoch 8] Hook timing summary done

[Epoch 9] Training... (lr=0.000905)
  Batch [50/98] Loss: 1.4573, Acc: 54.55%
[Epoch 9] Train Loss: 1.4141, Acc: 55.48%  |  Val Loss: 1.3211, Acc: 59.00%  |  Time: 19.0s
  -> Best model saved (59.00%)
[Epoch 9] Summarizing hook timing...

[HOOK_TIMING_SUMMARY] epoch=9
[HOOK_WORK_SUMMARY] label=mpi:ring_zfp_online_coll:rate16 calls=1274 work_total_ms=15508.281 work_mean_ms=12.173 work_min_ms=1.041 work_max_ms=137.853
[HOOK_TAIL_SUMMARY] label=mpi:ring_zfp_online_coll:rate16 steps=98 tail_total_ms=9243.251 tail_mean_ms=94.319 tail_min_ms=83.246 tail_max_ms=95.198
[Epoch 9] Hook timing summary done

[Epoch 10] Training... (lr=0.000835)
  Batch [50/98] Loss: 1.3226, Acc: 58.16%
[Epoch 10] Train Loss: 1.2971, Acc: 59.16%  |  Val Loss: 1.2271, Acc: 61.88%  |  Time: 19.0s
  -> Best model saved (61.88%)
[Epoch 10] Summarizing hook timing...

[HOOK_TIMING_SUMMARY] epoch=10
[HOOK_WORK_SUMMARY] label=mpi:ring_zfp_online_coll:rate16 calls=1274 work_total_ms=15432.468 work_mean_ms=12.113 work_min_ms=1.019 work_max_ms=137.809
[HOOK_TAIL_SUMMARY] label=mpi:ring_zfp_online_coll:rate16 steps=98 tail_total_ms=9183.779 tail_mean_ms=93.712 tail_min_ms=82.564 tail_max_ms=94.975
[Epoch 10] Hook timing summary done

[Epoch 11] Training... (lr=0.000750)
  Batch [50/98] Loss: 1.2270, Acc: 61.42%
[Epoch 11] Train Loss: 1.1977, Acc: 62.00%  |  Val Loss: 1.1335, Acc: 65.00%  |  Time: 19.0s
  -> Best model saved (65.00%)
[Epoch 11] Summarizing hook timing...

[HOOK_TIMING_SUMMARY] epoch=11
[HOOK_WORK_SUMMARY] label=mpi:ring_zfp_online_coll:rate16 calls=1274 work_total_ms=15403.252 work_mean_ms=12.090 work_min_ms=1.029 work_max_ms=137.578
[HOOK_TAIL_SUMMARY] label=mpi:ring_zfp_online_coll:rate16 steps=98 tail_total_ms=9167.823 tail_mean_ms=93.549 tail_min_ms=82.866 tail_max_ms=94.895
[Epoch 11] Hook timing summary done

[Epoch 12] Training... (lr=0.000655)
  Batch [50/98] Loss: 1.1412, Acc: 63.55%
[Epoch 12] Train Loss: 1.1243, Acc: 64.20%  |  Val Loss: 1.0540, Acc: 67.24%  |  Time: 19.0s
  -> Best model saved (67.24%)
[Epoch 12] Summarizing hook timing...

[HOOK_TIMING_SUMMARY] epoch=12
[HOOK_WORK_SUMMARY] label=mpi:ring_zfp_online_coll:rate16 calls=1274 work_total_ms=15490.813 work_mean_ms=12.159 work_min_ms=1.042 work_max_ms=137.718
[HOOK_TAIL_SUMMARY] label=mpi:ring_zfp_online_coll:rate16 steps=98 tail_total_ms=9238.265 tail_mean_ms=94.268 tail_min_ms=83.134 tail_max_ms=95.000
[Epoch 12] Hook timing summary done

[Epoch 13] Training... (lr=0.000552)
  Batch [50/98] Loss: 1.0892, Acc: 65.00%
[Epoch 13] Train Loss: 1.0627, Acc: 65.72%  |  Val Loss: 1.0100, Acc: 67.96%  |  Time: 19.0s
  -> Best model saved (67.96%)
[Epoch 13] Summarizing hook timing...

[HOOK_TIMING_SUMMARY] epoch=13
[HOOK_WORK_SUMMARY] label=mpi:ring_zfp_online_coll:rate16 calls=1274 work_total_ms=15449.328 work_mean_ms=12.127 work_min_ms=1.008 work_max_ms=137.689
[HOOK_TAIL_SUMMARY] label=mpi:ring_zfp_online_coll:rate16 steps=98 tail_total_ms=9198.619 tail_mean_ms=93.863 tail_min_ms=82.384 tail_max_ms=95.018
[Epoch 13] Hook timing summary done

[Epoch 14] Training... (lr=0.000448)
  Batch [50/98] Loss: 1.0255, Acc: 66.95%
[Epoch 14] Train Loss: 1.0197, Acc: 67.21%  |  Val Loss: 0.9660, Acc: 70.60%  |  Time: 18.9s
  -> Best model saved (70.60%)
[Epoch 14] Summarizing hook timing...

[HOOK_TIMING_SUMMARY] epoch=14
[HOOK_WORK_SUMMARY] label=mpi:ring_zfp_online_coll:rate16 calls=1274 work_total_ms=15449.543 work_mean_ms=12.127 work_min_ms=1.033 work_max_ms=137.932
[HOOK_TAIL_SUMMARY] label=mpi:ring_zfp_online_coll:rate16 steps=98 tail_total_ms=9181.152 tail_mean_ms=93.685 tail_min_ms=83.082 tail_max_ms=95.035
[Epoch 14] Hook timing summary done

[Epoch 15] Training... (lr=0.000345)
  Batch [50/98] Loss: 1.0106, Acc: 67.16%
[Epoch 15] Train Loss: 0.9960, Acc: 67.50%  |  Val Loss: 0.9386, Acc: 70.44%  |  Time: 19.0s
[Epoch 15] Summarizing hook timing...

[HOOK_TIMING_SUMMARY] epoch=15
[HOOK_WORK_SUMMARY] label=mpi:ring_zfp_online_coll:rate16 calls=1274 work_total_ms=15500.917 work_mean_ms=12.167 work_min_ms=1.024 work_max_ms=138.055
[HOOK_TAIL_SUMMARY] label=mpi:ring_zfp_online_coll:rate16 steps=98 tail_total_ms=9235.531 tail_mean_ms=94.240 tail_min_ms=83.064 tail_max_ms=95.379
[Epoch 15] Hook timing summary done

[Epoch 16] Training... (lr=0.000250)
  Batch [50/98] Loss: 0.9651, Acc: 68.98%
[Epoch 16] Train Loss: 0.9574, Acc: 69.33%  |  Val Loss: 0.9121, Acc: 71.64%  |  Time: 19.0s
  -> Best model saved (71.64%)
[Epoch 16] Summarizing hook timing...

[HOOK_TIMING_SUMMARY] epoch=16
[HOOK_WORK_SUMMARY] label=mpi:ring_zfp_online_coll:rate16 calls=1274 work_total_ms=15528.545 work_mean_ms=12.189 work_min_ms=1.029 work_max_ms=146.913
[HOOK_TAIL_SUMMARY] label=mpi:ring_zfp_online_coll:rate16 steps=98 tail_total_ms=9264.607 tail_mean_ms=94.537 tail_min_ms=82.337 tail_max_ms=136.282
[Epoch 16] Hook timing summary done

[Epoch 17] Training... (lr=0.000165)
  Batch [50/98] Loss: 0.9520, Acc: 69.11%
[Epoch 17] Train Loss: 0.9485, Acc: 69.15%  |  Val Loss: 0.9044, Acc: 71.60%  |  Time: 18.9s
[Epoch 17] Summarizing hook timing...

[HOOK_TIMING_SUMMARY] epoch=17
[HOOK_WORK_SUMMARY] label=mpi:ring_zfp_online_coll:rate16 calls=1274 work_total_ms=15423.600 work_mean_ms=12.106 work_min_ms=1.020 work_max_ms=137.823
[HOOK_TAIL_SUMMARY] label=mpi:ring_zfp_online_coll:rate16 steps=98 tail_total_ms=9164.497 tail_mean_ms=93.515 tail_min_ms=82.577 tail_max_ms=94.646
[Epoch 17] Hook timing summary done

[Epoch 18] Training... (lr=0.000095)
  Batch [50/98] Loss: 0.9375, Acc: 69.73%
[Epoch 18] Train Loss: 0.9468, Acc: 68.82%  |  Val Loss: 0.9052, Acc: 71.52%  |  Time: 19.0s
[Epoch 18] Summarizing hook timing...

[HOOK_TIMING_SUMMARY] epoch=18
[HOOK_WORK_SUMMARY] label=mpi:ring_zfp_online_coll:rate16 calls=1274 work_total_ms=15408.429 work_mean_ms=12.095 work_min_ms=1.036 work_max_ms=137.679
[HOOK_TAIL_SUMMARY] label=mpi:ring_zfp_online_coll:rate16 steps=98 tail_total_ms=9176.955 tail_mean_ms=93.642 tail_min_ms=82.615 tail_max_ms=107.860
[Epoch 18] Hook timing summary done

[Epoch 19] Training... (lr=0.000043)
  Batch [50/98] Loss: 0.9353, Acc: 69.81%
[Epoch 19] Train Loss: 0.9304, Acc: 69.90%  |  Val Loss: 0.8948, Acc: 72.20%  |  Time: 19.0s
  -> Best model saved (72.20%)
[Epoch 19] Summarizing hook timing...

[HOOK_TIMING_SUMMARY] epoch=19
[HOOK_WORK_SUMMARY] label=mpi:ring_zfp_online_coll:rate16 calls=1274 work_total_ms=15415.318 work_mean_ms=12.100 work_min_ms=1.041 work_max_ms=137.691
[HOOK_TAIL_SUMMARY] label=mpi:ring_zfp_online_coll:rate16 steps=98 tail_total_ms=9175.961 tail_mean_ms=93.632 tail_min_ms=82.557 tail_max_ms=95.053
[Epoch 19] Hook timing summary done

[Epoch 20] Training... (lr=0.000011)
  Batch [50/98] Loss: 0.9161, Acc: 70.16%
[Epoch 20] Train Loss: 0.9352, Acc: 69.70%  |  Val Loss: 0.8897, Acc: 72.28%  |  Time: 19.0s
  -> Best model saved (72.28%)
[Epoch 20] Summarizing hook timing...

[HOOK_TIMING_SUMMARY] epoch=20
[HOOK_WORK_SUMMARY] label=mpi:ring_zfp_online_coll:rate16 calls=1274 work_total_ms=15478.308 work_mean_ms=12.149 work_min_ms=1.033 work_max_ms=137.733
[HOOK_TAIL_SUMMARY] label=mpi:ring_zfp_online_coll:rate16 steps=98 tail_total_ms=9222.558 tail_mean_ms=94.108 tail_min_ms=83.402 tail_max_ms=98.914
[Epoch 20] Hook timing summary done

================================================================================
Done in 401.9s | Best val acc: 72.28%
Epoch times: mean=19.1s  min=18.9s  max=21.6s
================================================================================
