
================================================================================
Distributed Training: RESNEXT101_32X8D on CIFAR10
Backend: MPI, Algorithm: recursive_doubling_zfp_naive
================================================================================
Ranks: 4, Epochs: 20, Batch/rank: 128, Effective batch: 512
LR: 0.001, Device: cuda:0

[Setup] Model on cuda:0, wrapped in DDP (static_graph=True)
[Setup] Hook registered: mpi/recursive_doubling_zfp_naive
[Data] Train batches: 98, Val batches: 20


[Epoch 1] Training... (lr=0.000001)
  Batch [50/98] Loss: 2.3110, Acc: 11.09%
[Epoch 1] Train Loss: 2.3109, Acc: 10.95%  |  Val Loss: 2.3159, Acc: 10.76%  |  Time: 22.2s
  -> Best model saved (10.76%)
[Epoch 1] Summarizing hook timing...

[HOOK_TIMING_SUMMARY] epoch=1
[HOOK_WORK_SUMMARY] label=mpi:recursive_doubling_zfp_naive:rate16 calls=1250 work_total_ms=15741.967 work_mean_ms=12.594 work_min_ms=0.812 work_max_ms=139.421
[HOOK_TAIL_SUMMARY] label=mpi:recursive_doubling_zfp_naive:rate16 steps=99 tail_total_ms=9769.073 tail_mean_ms=98.678 tail_min_ms=1.426 tail_max_ms=139.583
[Epoch 1] Hook timing summary done

[Epoch 2] Training... (lr=0.000201)
  Batch [50/98] Loss: 2.3047, Acc: 11.94%
[Epoch 2] Train Loss: 2.2963, Acc: 12.66%  |  Val Loss: 2.2771, Acc: 16.36%  |  Time: 19.5s
  -> Best model saved (16.36%)
[Epoch 2] Summarizing hook timing...

[HOOK_TIMING_SUMMARY] epoch=2
[HOOK_WORK_SUMMARY] label=mpi:recursive_doubling_zfp_naive:rate16 calls=1274 work_total_ms=16053.757 work_mean_ms=12.601 work_min_ms=0.787 work_max_ms=139.952
[HOOK_TAIL_SUMMARY] label=mpi:recursive_doubling_zfp_naive:rate16 steps=98 tail_total_ms=9749.744 tail_mean_ms=99.487 tail_min_ms=46.863 tail_max_ms=100.928
[Epoch 2] Hook timing summary done

[Epoch 3] Training... (lr=0.000401)
  Batch [50/98] Loss: 2.2666, Acc: 16.75%
[Epoch 3] Train Loss: 2.2500, Acc: 18.94%  |  Val Loss: 2.2065, Acc: 25.52%  |  Time: 19.5s
  -> Best model saved (25.52%)
[Epoch 3] Summarizing hook timing...

[HOOK_TIMING_SUMMARY] epoch=3
[HOOK_WORK_SUMMARY] label=mpi:recursive_doubling_zfp_naive:rate16 calls=1274 work_total_ms=15980.951 work_mean_ms=12.544 work_min_ms=0.799 work_max_ms=139.576
[HOOK_TAIL_SUMMARY] label=mpi:recursive_doubling_zfp_naive:rate16 steps=98 tail_total_ms=9733.442 tail_mean_ms=99.321 tail_min_ms=88.846 tail_max_ms=100.198
[Epoch 3] Hook timing summary done

[Epoch 4] Training... (lr=0.000600)
  Batch [50/98] Loss: 2.1945, Acc: 24.86%
[Epoch 4] Train Loss: 2.1680, Acc: 27.07%  |  Val Loss: 2.0982, Acc: 32.92%  |  Time: 19.5s
  -> Best model saved (32.92%)
[Epoch 4] Summarizing hook timing...

[HOOK_TIMING_SUMMARY] epoch=4
[HOOK_WORK_SUMMARY] label=mpi:recursive_doubling_zfp_naive:rate16 calls=1274 work_total_ms=15958.016 work_mean_ms=12.526 work_min_ms=0.787 work_max_ms=139.107
[HOOK_TAIL_SUMMARY] label=mpi:recursive_doubling_zfp_naive:rate16 steps=98 tail_total_ms=9718.880 tail_mean_ms=99.172 tail_min_ms=87.944 tail_max_ms=100.172
[Epoch 4] Hook timing summary done

[Epoch 5] Training... (lr=0.000800)
  Batch [50/98] Loss: 2.0710, Acc: 34.53%
[Epoch 5] Train Loss: 2.0420, Acc: 35.62%  |  Val Loss: 1.9512, Acc: 40.16%  |  Time: 19.5s
  -> Best model saved (40.16%)
[Epoch 5] Summarizing hook timing...

[HOOK_TIMING_SUMMARY] epoch=5
[HOOK_WORK_SUMMARY] label=mpi:recursive_doubling_zfp_naive:rate16 calls=1274 work_total_ms=16052.009 work_mean_ms=12.600 work_min_ms=0.783 work_max_ms=139.913
[HOOK_TAIL_SUMMARY] label=mpi:recursive_doubling_zfp_naive:rate16 steps=98 tail_total_ms=9784.474 tail_mean_ms=99.842 tail_min_ms=88.613 tail_max_ms=100.524
[Epoch 5] Hook timing summary done

[Epoch 6] Training... (lr=0.001000)
  Batch [50/98] Loss: 1.9177, Acc: 40.34%
[Epoch 6] Train Loss: 1.8793, Acc: 41.47%  |  Val Loss: 1.7644, Acc: 46.36%  |  Time: 19.5s
  -> Best model saved (46.36%)
[Epoch 6] Summarizing hook timing...

[HOOK_TIMING_SUMMARY] epoch=6
[HOOK_WORK_SUMMARY] label=mpi:recursive_doubling_zfp_naive:rate16 calls=1274 work_total_ms=16007.293 work_mean_ms=12.565 work_min_ms=0.795 work_max_ms=139.615
[HOOK_TAIL_SUMMARY] label=mpi:recursive_doubling_zfp_naive:rate16 steps=98 tail_total_ms=9750.655 tail_mean_ms=99.496 tail_min_ms=87.782 tail_max_ms=100.291
[Epoch 6] Hook timing summary done

[Epoch 7] Training... (lr=0.000989)
  Batch [50/98] Loss: 1.7560, Acc: 45.30%
[Epoch 7] Train Loss: 1.7134, Acc: 46.90%  |  Val Loss: 1.5989, Acc: 51.04%  |  Time: 19.5s
  -> Best model saved (51.04%)
[Epoch 7] Summarizing hook timing...

[HOOK_TIMING_SUMMARY] epoch=7
[HOOK_WORK_SUMMARY] label=mpi:recursive_doubling_zfp_naive:rate16 calls=1274 work_total_ms=15945.961 work_mean_ms=12.516 work_min_ms=0.796 work_max_ms=139.474
[HOOK_TAIL_SUMMARY] label=mpi:recursive_doubling_zfp_naive:rate16 steps=98 tail_total_ms=9716.146 tail_mean_ms=99.144 tail_min_ms=87.783 tail_max_ms=100.104
[Epoch 7] Hook timing summary done

[Epoch 8] Training... (lr=0.000957)
  Batch [50/98] Loss: 1.5921, Acc: 50.28%
[Epoch 8] Train Loss: 1.5575, Acc: 51.34%  |  Val Loss: 1.4618, Acc: 55.76%  |  Time: 19.5s
  -> Best model saved (55.76%)
[Epoch 8] Summarizing hook timing...

[HOOK_TIMING_SUMMARY] epoch=8
[HOOK_WORK_SUMMARY] label=mpi:recursive_doubling_zfp_naive:rate16 calls=1274 work_total_ms=16064.026 work_mean_ms=12.609 work_min_ms=0.788 work_max_ms=140.268
[HOOK_TAIL_SUMMARY] label=mpi:recursive_doubling_zfp_naive:rate16 steps=98 tail_total_ms=9793.804 tail_mean_ms=99.937 tail_min_ms=88.769 tail_max_ms=100.697
[Epoch 8] Hook timing summary done

[Epoch 9] Training... (lr=0.000905)
  Batch [50/98] Loss: 1.4610, Acc: 54.72%
[Epoch 9] Train Loss: 1.4239, Acc: 55.66%  |  Val Loss: 1.3370, Acc: 58.88%  |  Time: 19.5s
  -> Best model saved (58.88%)
[Epoch 9] Summarizing hook timing...

[HOOK_TIMING_SUMMARY] epoch=9
[HOOK_WORK_SUMMARY] label=mpi:recursive_doubling_zfp_naive:rate16 calls=1274 work_total_ms=16018.720 work_mean_ms=12.574 work_min_ms=0.797 work_max_ms=139.729
[HOOK_TAIL_SUMMARY] label=mpi:recursive_doubling_zfp_naive:rate16 steps=98 tail_total_ms=9762.023 tail_mean_ms=99.612 tail_min_ms=88.240 tail_max_ms=100.465
[Epoch 9] Hook timing summary done

[Epoch 10] Training... (lr=0.000835)
  Batch [50/98] Loss: 1.3213, Acc: 59.08%
[Epoch 10] Train Loss: 1.3050, Acc: 59.38%  |  Val Loss: 1.2310, Acc: 62.28%  |  Time: 19.5s
  -> Best model saved (62.28%)
[Epoch 10] Summarizing hook timing...

[HOOK_TIMING_SUMMARY] epoch=10
[HOOK_WORK_SUMMARY] label=mpi:recursive_doubling_zfp_naive:rate16 calls=1274 work_total_ms=15896.982 work_mean_ms=12.478 work_min_ms=0.805 work_max_ms=138.291
[HOOK_TAIL_SUMMARY] label=mpi:recursive_doubling_zfp_naive:rate16 steps=98 tail_total_ms=9660.128 tail_mean_ms=98.573 tail_min_ms=87.793 tail_max_ms=99.217
[Epoch 10] Hook timing summary done

[Epoch 11] Training... (lr=0.000750)
  Batch [50/98] Loss: 1.2419, Acc: 60.36%
[Epoch 11] Train Loss: 1.2129, Acc: 61.48%  |  Val Loss: 1.1510, Acc: 65.00%  |  Time: 19.5s
  -> Best model saved (65.00%)
[Epoch 11] Summarizing hook timing...

[HOOK_TIMING_SUMMARY] epoch=11
[HOOK_WORK_SUMMARY] label=mpi:recursive_doubling_zfp_naive:rate16 calls=1274 work_total_ms=15905.324 work_mean_ms=12.485 work_min_ms=0.803 work_max_ms=138.641
[HOOK_TAIL_SUMMARY] label=mpi:recursive_doubling_zfp_naive:rate16 steps=98 tail_total_ms=9691.124 tail_mean_ms=98.889 tail_min_ms=87.748 tail_max_ms=99.476
[Epoch 11] Hook timing summary done

[Epoch 12] Training... (lr=0.000655)
  Batch [50/98] Loss: 1.1482, Acc: 62.86%
[Epoch 12] Train Loss: 1.1347, Acc: 63.68%  |  Val Loss: 1.0733, Acc: 67.24%  |  Time: 19.5s
  -> Best model saved (67.24%)
[Epoch 12] Summarizing hook timing...

[HOOK_TIMING_SUMMARY] epoch=12
[HOOK_WORK_SUMMARY] label=mpi:recursive_doubling_zfp_naive:rate16 calls=1274 work_total_ms=16005.053 work_mean_ms=12.563 work_min_ms=0.801 work_max_ms=139.414
[HOOK_TAIL_SUMMARY] label=mpi:recursive_doubling_zfp_naive:rate16 steps=98 tail_total_ms=9749.693 tail_mean_ms=99.487 tail_min_ms=88.224 tail_max_ms=101.101
[Epoch 12] Hook timing summary done

[Epoch 13] Training... (lr=0.000552)
  Batch [50/98] Loss: 1.0944, Acc: 64.98%
[Epoch 13] Train Loss: 1.0734, Acc: 65.59%  |  Val Loss: 1.0270, Acc: 67.92%  |  Time: 19.5s
  -> Best model saved (67.92%)
[Epoch 13] Summarizing hook timing...

[HOOK_TIMING_SUMMARY] epoch=13
[HOOK_WORK_SUMMARY] label=mpi:recursive_doubling_zfp_naive:rate16 calls=1274 work_total_ms=16047.134 work_mean_ms=12.596 work_min_ms=0.792 work_max_ms=140.077
[HOOK_TAIL_SUMMARY] label=mpi:recursive_doubling_zfp_naive:rate16 steps=98 tail_total_ms=9792.163 tail_mean_ms=99.920 tail_min_ms=87.856 tail_max_ms=100.725
[Epoch 13] Hook timing summary done

[Epoch 14] Training... (lr=0.000448)
  Batch [50/98] Loss: 1.0387, Acc: 66.45%
[Epoch 14] Train Loss: 1.0314, Acc: 66.74%  |  Val Loss: 0.9758, Acc: 69.40%  |  Time: 19.5s
  -> Best model saved (69.40%)
[Epoch 14] Summarizing hook timing...

[HOOK_TIMING_SUMMARY] epoch=14
[HOOK_WORK_SUMMARY] label=mpi:recursive_doubling_zfp_naive:rate16 calls=1274 work_total_ms=16021.226 work_mean_ms=12.576 work_min_ms=0.791 work_max_ms=139.727
[HOOK_TAIL_SUMMARY] label=mpi:recursive_doubling_zfp_naive:rate16 steps=98 tail_total_ms=9774.409 tail_mean_ms=99.739 tail_min_ms=88.152 tail_max_ms=100.429
[Epoch 14] Hook timing summary done

[Epoch 15] Training... (lr=0.000345)
  Batch [50/98] Loss: 1.0238, Acc: 66.77%
[Epoch 15] Train Loss: 1.0069, Acc: 67.11%  |  Val Loss: 0.9464, Acc: 70.36%  |  Time: 19.5s
  -> Best model saved (70.36%)
[Epoch 15] Summarizing hook timing...

[HOOK_TIMING_SUMMARY] epoch=15
[HOOK_WORK_SUMMARY] label=mpi:recursive_doubling_zfp_naive:rate16 calls=1274 work_total_ms=15959.240 work_mean_ms=12.527 work_min_ms=0.799 work_max_ms=139.422
[HOOK_TAIL_SUMMARY] label=mpi:recursive_doubling_zfp_naive:rate16 steps=98 tail_total_ms=9723.367 tail_mean_ms=99.218 tail_min_ms=87.790 tail_max_ms=100.193
[Epoch 15] Hook timing summary done

[Epoch 16] Training... (lr=0.000250)
  Batch [50/98] Loss: 0.9744, Acc: 69.11%
[Epoch 16] Train Loss: 0.9678, Acc: 69.22%  |  Val Loss: 0.9245, Acc: 71.40%  |  Time: 19.5s
  -> Best model saved (71.40%)
[Epoch 16] Summarizing hook timing...

[HOOK_TIMING_SUMMARY] epoch=16
[HOOK_WORK_SUMMARY] label=mpi:recursive_doubling_zfp_naive:rate16 calls=1274 work_total_ms=15980.942 work_mean_ms=12.544 work_min_ms=0.793 work_max_ms=139.518
[HOOK_TAIL_SUMMARY] label=mpi:recursive_doubling_zfp_naive:rate16 steps=98 tail_total_ms=9724.906 tail_mean_ms=99.234 tail_min_ms=88.110 tail_max_ms=100.026
[Epoch 16] Hook timing summary done

[Epoch 17] Training... (lr=0.000165)
  Batch [50/98] Loss: 0.9645, Acc: 68.59%
[Epoch 17] Train Loss: 0.9614, Acc: 68.61%  |  Val Loss: 0.9120, Acc: 71.52%  |  Time: 19.5s
  -> Best model saved (71.52%)
[Epoch 17] Summarizing hook timing...

[HOOK_TIMING_SUMMARY] epoch=17
[HOOK_WORK_SUMMARY] label=mpi:recursive_doubling_zfp_naive:rate16 calls=1274 work_total_ms=16020.293 work_mean_ms=12.575 work_min_ms=0.799 work_max_ms=139.726
[HOOK_TAIL_SUMMARY] label=mpi:recursive_doubling_zfp_naive:rate16 steps=98 tail_total_ms=9761.622 tail_mean_ms=99.608 tail_min_ms=87.989 tail_max_ms=100.309
[Epoch 17] Hook timing summary done

[Epoch 18] Training... (lr=0.000095)
  Batch [50/98] Loss: 0.9442, Acc: 69.19%
[Epoch 18] Train Loss: 0.9555, Acc: 68.65%  |  Val Loss: 0.9130, Acc: 71.32%  |  Time: 19.5s
[Epoch 18] Summarizing hook timing...

[HOOK_TIMING_SUMMARY] epoch=18
[HOOK_WORK_SUMMARY] label=mpi:recursive_doubling_zfp_naive:rate16 calls=1274 work_total_ms=15970.826 work_mean_ms=12.536 work_min_ms=0.800 work_max_ms=139.215
[HOOK_TAIL_SUMMARY] label=mpi:recursive_doubling_zfp_naive:rate16 steps=98 tail_total_ms=9726.756 tail_mean_ms=99.253 tail_min_ms=87.807 tail_max_ms=99.981
[Epoch 18] Hook timing summary done

[Epoch 19] Training... (lr=0.000043)
  Batch [50/98] Loss: 0.9458, Acc: 69.75%
[Epoch 19] Train Loss: 0.9421, Acc: 70.00%  |  Val Loss: 0.9046, Acc: 71.68%  |  Time: 19.5s
  -> Best model saved (71.68%)
[Epoch 19] Summarizing hook timing...

[HOOK_TIMING_SUMMARY] epoch=19
[HOOK_WORK_SUMMARY] label=mpi:recursive_doubling_zfp_naive:rate16 calls=1274 work_total_ms=16085.036 work_mean_ms=12.626 work_min_ms=0.790 work_max_ms=170.882
[HOOK_TAIL_SUMMARY] label=mpi:recursive_doubling_zfp_naive:rate16 steps=98 tail_total_ms=9814.725 tail_mean_ms=100.150 tail_min_ms=88.824 tail_max_ms=137.413
[Epoch 19] Hook timing summary done

[Epoch 20] Training... (lr=0.000011)
  Batch [50/98] Loss: 0.9204, Acc: 69.92%
[Epoch 20] Train Loss: 0.9423, Acc: 69.18%  |  Val Loss: 0.9001, Acc: 72.08%  |  Time: 19.5s
  -> Best model saved (72.08%)
[Epoch 20] Summarizing hook timing...

[HOOK_TIMING_SUMMARY] epoch=20
[HOOK_WORK_SUMMARY] label=mpi:recursive_doubling_zfp_naive:rate16 calls=1274 work_total_ms=16030.953 work_mean_ms=12.583 work_min_ms=0.794 work_max_ms=139.599
[HOOK_TAIL_SUMMARY] label=mpi:recursive_doubling_zfp_naive:rate16 steps=98 tail_total_ms=9776.057 tail_mean_ms=99.756 tail_min_ms=88.658 tail_max_ms=100.350
[Epoch 20] Hook timing summary done

================================================================================
Done in 414.5s | Best val acc: 72.08%
Epoch times: mean=19.6s  min=19.5s  max=22.2s
================================================================================
