
================================================================================
Distributed Training: RESNEXT101_32X8D on CIFAR10
Backend: MPI, Algorithm: built-in (no hook)
================================================================================
Ranks: 4, Epochs: 20, Batch/rank: 128, Effective batch: 512
LR: 0.001, Device: cuda:0

[Setup] Model on cuda:0, wrapped in DDP (static_graph=True)
[Setup] No hook — using DDP built-in MPI allreduce
[Data] Train batches: 98, Val batches: 20


[Epoch 1] Training... (lr=0.000001)
  Batch [50/98] Loss: 2.3110, Acc: 11.12%
[Epoch 1] Train Loss: 2.3109, Acc: 10.93%  |  Val Loss: 2.3159, Acc: 10.80%  |  Time: 21.7s
  -> Best model saved (10.80%)
[Epoch 1] Summarizing hook timing...
[HOOK_TIMING_SUMMARY] epoch=1 no hook timing samples
[Epoch 1] Hook timing summary done

[Epoch 2] Training... (lr=0.000201)
  Batch [50/98] Loss: 2.3005, Acc: 12.55%
[Epoch 2] Train Loss: 2.2872, Acc: 14.06%  |  Val Loss: 2.2667, Acc: 17.00%  |  Time: 17.0s
  -> Best model saved (17.00%)
[Epoch 2] Summarizing hook timing...
[HOOK_TIMING_SUMMARY] epoch=2 no hook timing samples
[Epoch 2] Hook timing summary done

[Epoch 3] Training... (lr=0.000401)
  Batch [50/98] Loss: 2.2465, Acc: 19.30%
[Epoch 3] Train Loss: 2.2243, Acc: 20.94%  |  Val Loss: 2.1887, Acc: 24.56%  |  Time: 17.1s
  -> Best model saved (24.56%)
[Epoch 3] Summarizing hook timing...
[HOOK_TIMING_SUMMARY] epoch=3 no hook timing samples
[Epoch 3] Hook timing summary done

[Epoch 4] Training... (lr=0.000600)
  Batch [50/98] Loss: 2.1688, Acc: 25.56%
[Epoch 4] Train Loss: 2.1506, Acc: 25.51%  |  Val Loss: 2.1214, Acc: 27.48%  |  Time: 17.0s
  -> Best model saved (27.48%)
[Epoch 4] Summarizing hook timing...
[HOOK_TIMING_SUMMARY] epoch=4 no hook timing samples
[Epoch 4] Hook timing summary done

[Epoch 5] Training... (lr=0.000800)
  Batch [50/98] Loss: 2.0877, Acc: 30.50%
[Epoch 5] Train Loss: 2.1042, Acc: 28.82%  |  Val Loss: 2.0982, Acc: 27.52%  |  Time: 17.0s
  -> Best model saved (27.52%)
[Epoch 5] Summarizing hook timing...
[HOOK_TIMING_SUMMARY] epoch=5 no hook timing samples
[Epoch 5] Hook timing summary done

[Epoch 6] Training... (lr=0.001000)
  Batch [50/98] Loss: 2.0375, Acc: 31.39%
[Epoch 6] Train Loss: 2.0451, Acc: 29.94%  |  Val Loss: 2.0635, Acc: 27.84%  |  Time: 17.1s
  -> Best model saved (27.84%)
[Epoch 6] Summarizing hook timing...
[HOOK_TIMING_SUMMARY] epoch=6 no hook timing samples
[Epoch 6] Hook timing summary done

[Epoch 7] Training... (lr=0.000989)
  Batch [50/98] Loss: 1.9747, Acc: 33.78%
[Epoch 7] Train Loss: 1.9746, Acc: 33.33%  |  Val Loss: 1.9586, Acc: 33.64%  |  Time: 17.1s
  -> Best model saved (33.64%)
[Epoch 7] Summarizing hook timing...
[HOOK_TIMING_SUMMARY] epoch=7 no hook timing samples
[Epoch 7] Hook timing summary done

[Epoch 8] Training... (lr=0.000957)
  Batch [50/98] Loss: 1.9316, Acc: 34.62%
[Epoch 8] Train Loss: 1.9318, Acc: 34.41%  |  Val Loss: 1.9467, Acc: 34.04%  |  Time: 17.1s
  -> Best model saved (34.04%)
[Epoch 8] Summarizing hook timing...
[HOOK_TIMING_SUMMARY] epoch=8 no hook timing samples
[Epoch 8] Hook timing summary done

[Epoch 9] Training... (lr=0.000905)
  Batch [50/98] Loss: 1.8786, Acc: 36.61%
[Epoch 9] Train Loss: 1.8771, Acc: 36.36%  |  Val Loss: 1.8305, Acc: 37.36%  |  Time: 17.0s
  -> Best model saved (37.36%)
[Epoch 9] Summarizing hook timing...
[HOOK_TIMING_SUMMARY] epoch=9 no hook timing samples
[Epoch 9] Hook timing summary done

[Epoch 10] Training... (lr=0.000835)
  Batch [50/98] Loss: 1.8316, Acc: 37.20%
[Epoch 10] Train Loss: 1.8299, Acc: 37.34%  |  Val Loss: 1.8244, Acc: 36.72%  |  Time: 17.1s
[Epoch 10] Summarizing hook timing...
[HOOK_TIMING_SUMMARY] epoch=10 no hook timing samples
[Epoch 10] Hook timing summary done

[Epoch 11] Training... (lr=0.000750)
  Batch [50/98] Loss: 1.8044, Acc: 37.95%
[Epoch 11] Train Loss: 1.7871, Acc: 39.00%  |  Val Loss: 1.7586, Acc: 39.72%  |  Time: 17.1s
  -> Best model saved (39.72%)
[Epoch 11] Summarizing hook timing...
[HOOK_TIMING_SUMMARY] epoch=11 no hook timing samples
[Epoch 11] Hook timing summary done

[Epoch 12] Training... (lr=0.000655)
  Batch [50/98] Loss: 1.7707, Acc: 39.97%
[Epoch 12] Train Loss: 1.7649, Acc: 40.43%  |  Val Loss: 1.7235, Acc: 41.80%  |  Time: 17.1s
  -> Best model saved (41.80%)
[Epoch 12] Summarizing hook timing...
[HOOK_TIMING_SUMMARY] epoch=12 no hook timing samples
[Epoch 12] Hook timing summary done

[Epoch 13] Training... (lr=0.000552)
  Batch [50/98] Loss: 1.7277, Acc: 41.95%
[Epoch 13] Train Loss: 1.7168, Acc: 42.70%  |  Val Loss: 1.6671, Acc: 44.60%  |  Time: 17.0s
  -> Best model saved (44.60%)
[Epoch 13] Summarizing hook timing...
[HOOK_TIMING_SUMMARY] epoch=13 no hook timing samples
[Epoch 13] Hook timing summary done

[Epoch 14] Training... (lr=0.000448)
  Batch [50/98] Loss: 1.6874, Acc: 43.55%
[Epoch 14] Train Loss: 1.6830, Acc: 43.75%  |  Val Loss: 1.6435, Acc: 45.16%  |  Time: 17.0s
  -> Best model saved (45.16%)
[Epoch 14] Summarizing hook timing...
[HOOK_TIMING_SUMMARY] epoch=14 no hook timing samples
[Epoch 14] Hook timing summary done

[Epoch 15] Training... (lr=0.000345)
  Batch [50/98] Loss: 1.6802, Acc: 42.86%
[Epoch 15] Train Loss: 1.6708, Acc: 43.70%  |  Val Loss: 1.6295, Acc: 45.36%  |  Time: 17.1s
  -> Best model saved (45.36%)
[Epoch 15] Summarizing hook timing...
[HOOK_TIMING_SUMMARY] epoch=15 no hook timing samples
[Epoch 15] Hook timing summary done

[Epoch 16] Training... (lr=0.000250)
  Batch [50/98] Loss: 1.6660, Acc: 43.78%
[Epoch 16] Train Loss: 1.6541, Acc: 44.59%  |  Val Loss: 1.6195, Acc: 46.56%  |  Time: 17.0s
  -> Best model saved (46.56%)
[Epoch 16] Summarizing hook timing...
[HOOK_TIMING_SUMMARY] epoch=16 no hook timing samples
[Epoch 16] Hook timing summary done

[Epoch 17] Training... (lr=0.000165)
  Batch [50/98] Loss: 1.6573, Acc: 44.70%
[Epoch 17] Train Loss: 1.6469, Acc: 44.81%  |  Val Loss: 1.6078, Acc: 45.68%  |  Time: 17.0s
[Epoch 17] Summarizing hook timing...
[HOOK_TIMING_SUMMARY] epoch=17 no hook timing samples
[Epoch 17] Hook timing summary done

[Epoch 18] Training... (lr=0.000095)
  Batch [50/98] Loss: 1.6397, Acc: 45.11%
[Epoch 18] Train Loss: 1.6438, Acc: 44.48%  |  Val Loss: 1.6017, Acc: 45.64%  |  Time: 17.0s
[Epoch 18] Summarizing hook timing...
[HOOK_TIMING_SUMMARY] epoch=18 no hook timing samples
[Epoch 18] Hook timing summary done

[Epoch 19] Training... (lr=0.000043)
  Batch [50/98] Loss: 1.6409, Acc: 44.34%
[Epoch 19] Train Loss: 1.6393, Acc: 44.47%  |  Val Loss: 1.6051, Acc: 45.68%  |  Time: 17.1s
[Epoch 19] Summarizing hook timing...
[HOOK_TIMING_SUMMARY] epoch=19 no hook timing samples
[Epoch 19] Hook timing summary done

[Epoch 20] Training... (lr=0.000011)
  Batch [50/98] Loss: 1.6151, Acc: 45.78%
[Epoch 20] Train Loss: 1.6281, Acc: 45.42%  |  Val Loss: 1.5935, Acc: 46.44%  |  Time: 17.1s
[Epoch 20] Summarizing hook timing...
[HOOK_TIMING_SUMMARY] epoch=20 no hook timing samples
[Epoch 20] Hook timing summary done

================================================================================
Done in 362.9s | Best val acc: 46.56%
Epoch times: mean=17.3s  min=17.0s  max=21.7s
================================================================================
