
================================================================================
Distributed Training: RESNEXT101_32X8D on CIFAR10
Backend: MPI, Algorithm: recursive_doubling_zfp_online_coll
================================================================================
Ranks: 4, Epochs: 20, Batch/rank: 128, Effective batch: 512
LR: 0.001, Device: cuda:0

[Setup] Model on cuda:0, wrapped in DDP (static_graph=True)
[Setup] Hook registered: mpi/recursive_doubling_zfp_online_coll
[Data] Train batches: 98, Val batches: 20


[Epoch 1] Training... (lr=0.000001)
  Batch [50/98] Loss: 2.3110, Acc: 11.09%
[Epoch 1] Train Loss: 2.3110, Acc: 10.91%  |  Val Loss: 2.3159, Acc: 10.76%  |  Time: 21.6s
  -> Best model saved (10.76%)
[Epoch 1] Summarizing hook timing...

[HOOK_TIMING_SUMMARY] epoch=1
[HOOK_WORK_SUMMARY] label=mpi:recursive_doubling_zfp_online_coll:rate8 calls=1250 work_total_ms=15029.885 work_mean_ms=12.024 work_min_ms=0.569 work_max_ms=138.035
[HOOK_TAIL_SUMMARY] label=mpi:recursive_doubling_zfp_online_coll:rate8 steps=99 tail_total_ms=9068.164 tail_mean_ms=91.598 tail_min_ms=2.623 tail_max_ms=137.779
[Epoch 1] Hook timing summary done

[Epoch 2] Training... (lr=0.000201)
  Batch [50/98] Loss: 2.3049, Acc: 11.72%
[Epoch 2] Train Loss: 2.2965, Acc: 12.64%  |  Val Loss: 2.2780, Acc: 16.60%  |  Time: 18.8s
  -> Best model saved (16.60%)
[Epoch 2] Summarizing hook timing...

[HOOK_TIMING_SUMMARY] epoch=2
[HOOK_WORK_SUMMARY] label=mpi:recursive_doubling_zfp_online_coll:rate8 calls=1274 work_total_ms=15247.070 work_mean_ms=11.968 work_min_ms=0.567 work_max_ms=138.350
[HOOK_TAIL_SUMMARY] label=mpi:recursive_doubling_zfp_online_coll:rate8 steps=98 tail_total_ms=8999.195 tail_mean_ms=91.829 tail_min_ms=78.641 tail_max_ms=93.204
[Epoch 2] Hook timing summary done

[Epoch 3] Training... (lr=0.000401)
  Batch [50/98] Loss: 2.2655, Acc: 16.56%
[Epoch 3] Train Loss: 2.2482, Acc: 18.99%  |  Val Loss: 2.2075, Acc: 25.28%  |  Time: 18.9s
  -> Best model saved (25.28%)
[Epoch 3] Summarizing hook timing...

[HOOK_TIMING_SUMMARY] epoch=3
[HOOK_WORK_SUMMARY] label=mpi:recursive_doubling_zfp_online_coll:rate8 calls=1274 work_total_ms=15270.280 work_mean_ms=11.986 work_min_ms=0.580 work_max_ms=138.065
[HOOK_TAIL_SUMMARY] label=mpi:recursive_doubling_zfp_online_coll:rate8 steps=98 tail_total_ms=8994.296 tail_mean_ms=91.779 tail_min_ms=78.877 tail_max_ms=92.660
[Epoch 3] Hook timing summary done

[Epoch 4] Training... (lr=0.000600)
  Batch [50/98] Loss: 2.1905, Acc: 26.16%
[Epoch 4] Train Loss: 2.1648, Acc: 27.81%  |  Val Loss: 2.0958, Acc: 33.56%  |  Time: 18.8s
  -> Best model saved (33.56%)
[Epoch 4] Summarizing hook timing...

[HOOK_TIMING_SUMMARY] epoch=4
[HOOK_WORK_SUMMARY] label=mpi:recursive_doubling_zfp_online_coll:rate8 calls=1274 work_total_ms=15328.216 work_mean_ms=12.032 work_min_ms=0.579 work_max_ms=138.013
[HOOK_TAIL_SUMMARY] label=mpi:recursive_doubling_zfp_online_coll:rate8 steps=98 tail_total_ms=9047.692 tail_mean_ms=92.323 tail_min_ms=79.276 tail_max_ms=93.019
[Epoch 4] Hook timing summary done

[Epoch 5] Training... (lr=0.000800)
  Batch [50/98] Loss: 2.0683, Acc: 34.80%
[Epoch 5] Train Loss: 2.0387, Acc: 35.78%  |  Val Loss: 1.9468, Acc: 41.32%  |  Time: 18.8s
  -> Best model saved (41.32%)
[Epoch 5] Summarizing hook timing...

[HOOK_TIMING_SUMMARY] epoch=5
[HOOK_WORK_SUMMARY] label=mpi:recursive_doubling_zfp_online_coll:rate8 calls=1274 work_total_ms=15261.849 work_mean_ms=11.979 work_min_ms=0.563 work_max_ms=138.194
[HOOK_TAIL_SUMMARY] label=mpi:recursive_doubling_zfp_online_coll:rate8 steps=98 tail_total_ms=8991.270 tail_mean_ms=91.748 tail_min_ms=78.646 tail_max_ms=92.857
[Epoch 5] Hook timing summary done

[Epoch 6] Training... (lr=0.001000)
  Batch [50/98] Loss: 1.9128, Acc: 40.70%
[Epoch 6] Train Loss: 1.8699, Acc: 41.86%  |  Val Loss: 1.7488, Acc: 47.48%  |  Time: 18.8s
  -> Best model saved (47.48%)
[Epoch 6] Summarizing hook timing...

[HOOK_TIMING_SUMMARY] epoch=6
[HOOK_WORK_SUMMARY] label=mpi:recursive_doubling_zfp_online_coll:rate8 calls=1274 work_total_ms=15276.945 work_mean_ms=11.991 work_min_ms=0.574 work_max_ms=138.008
[HOOK_TAIL_SUMMARY] label=mpi:recursive_doubling_zfp_online_coll:rate8 steps=98 tail_total_ms=9015.836 tail_mean_ms=91.998 tail_min_ms=78.666 tail_max_ms=93.665
[Epoch 6] Hook timing summary done

[Epoch 7] Training... (lr=0.000989)
  Batch [50/98] Loss: 1.7367, Acc: 47.09%
[Epoch 7] Train Loss: 1.6976, Acc: 48.30%  |  Val Loss: 1.5862, Acc: 53.40%  |  Time: 18.8s
  -> Best model saved (53.40%)
[Epoch 7] Summarizing hook timing...

[HOOK_TIMING_SUMMARY] epoch=7
[HOOK_WORK_SUMMARY] label=mpi:recursive_doubling_zfp_online_coll:rate8 calls=1274 work_total_ms=15237.889 work_mean_ms=11.961 work_min_ms=0.569 work_max_ms=138.038
[HOOK_TAIL_SUMMARY] label=mpi:recursive_doubling_zfp_online_coll:rate8 steps=98 tail_total_ms=8972.641 tail_mean_ms=91.558 tail_min_ms=78.827 tail_max_ms=92.401
[Epoch 7] Hook timing summary done

[Epoch 8] Training... (lr=0.000957)
  Batch [50/98] Loss: 1.5869, Acc: 51.28%
[Epoch 8] Train Loss: 1.5488, Acc: 52.14%  |  Val Loss: 1.4465, Acc: 56.40%  |  Time: 18.8s
  -> Best model saved (56.40%)
[Epoch 8] Summarizing hook timing...

[HOOK_TIMING_SUMMARY] epoch=8
[HOOK_WORK_SUMMARY] label=mpi:recursive_doubling_zfp_online_coll:rate8 calls=1274 work_total_ms=15273.759 work_mean_ms=11.989 work_min_ms=0.569 work_max_ms=138.259
[HOOK_TAIL_SUMMARY] label=mpi:recursive_doubling_zfp_online_coll:rate8 steps=98 tail_total_ms=8991.710 tail_mean_ms=91.752 tail_min_ms=78.979 tail_max_ms=92.940
[Epoch 8] Hook timing summary done

[Epoch 9] Training... (lr=0.000905)
  Batch [50/98] Loss: 1.4458, Acc: 55.28%
[Epoch 9] Train Loss: 1.4103, Acc: 56.02%  |  Val Loss: 1.3198, Acc: 60.08%  |  Time: 18.8s
  -> Best model saved (60.08%)
[Epoch 9] Summarizing hook timing...

[HOOK_TIMING_SUMMARY] epoch=9
[HOOK_WORK_SUMMARY] label=mpi:recursive_doubling_zfp_online_coll:rate8 calls=1274 work_total_ms=15264.626 work_mean_ms=11.982 work_min_ms=0.585 work_max_ms=138.214
[HOOK_TAIL_SUMMARY] label=mpi:recursive_doubling_zfp_online_coll:rate8 steps=98 tail_total_ms=8984.861 tail_mean_ms=91.682 tail_min_ms=79.246 tail_max_ms=92.694
[Epoch 9] Hook timing summary done

[Epoch 10] Training... (lr=0.000835)
  Batch [50/98] Loss: 1.3118, Acc: 58.92%
[Epoch 10] Train Loss: 1.2861, Acc: 59.91%  |  Val Loss: 1.2117, Acc: 63.00%  |  Time: 18.7s
  -> Best model saved (63.00%)
[Epoch 10] Summarizing hook timing...

[HOOK_TIMING_SUMMARY] epoch=10
[HOOK_WORK_SUMMARY] label=mpi:recursive_doubling_zfp_online_coll:rate8 calls=1274 work_total_ms=15266.742 work_mean_ms=11.983 work_min_ms=0.576 work_max_ms=138.175
[HOOK_TAIL_SUMMARY] label=mpi:recursive_doubling_zfp_online_coll:rate8 steps=98 tail_total_ms=8984.705 tail_mean_ms=91.681 tail_min_ms=78.860 tail_max_ms=92.430
[Epoch 10] Hook timing summary done

[Epoch 11] Training... (lr=0.000750)
  Batch [50/98] Loss: 1.2315, Acc: 60.77%
[Epoch 11] Train Loss: 1.1989, Acc: 62.11%  |  Val Loss: 1.1251, Acc: 64.96%  |  Time: 18.8s
  -> Best model saved (64.96%)
[Epoch 11] Summarizing hook timing...

[HOOK_TIMING_SUMMARY] epoch=11
[HOOK_WORK_SUMMARY] label=mpi:recursive_doubling_zfp_online_coll:rate8 calls=1274 work_total_ms=15307.290 work_mean_ms=12.015 work_min_ms=0.581 work_max_ms=138.165
[HOOK_TAIL_SUMMARY] label=mpi:recursive_doubling_zfp_online_coll:rate8 steps=98 tail_total_ms=9026.592 tail_mean_ms=92.108 tail_min_ms=78.901 tail_max_ms=92.820
[Epoch 11] Hook timing summary done

[Epoch 12] Training... (lr=0.000655)
  Batch [50/98] Loss: 1.1364, Acc: 63.88%
[Epoch 12] Train Loss: 1.1212, Acc: 64.42%  |  Val Loss: 1.0537, Acc: 67.48%  |  Time: 18.8s
  -> Best model saved (67.48%)
[Epoch 12] Summarizing hook timing...

[HOOK_TIMING_SUMMARY] epoch=12
[HOOK_WORK_SUMMARY] label=mpi:recursive_doubling_zfp_online_coll:rate8 calls=1274 work_total_ms=15272.060 work_mean_ms=11.987 work_min_ms=0.581 work_max_ms=138.071
[HOOK_TAIL_SUMMARY] label=mpi:recursive_doubling_zfp_online_coll:rate8 steps=98 tail_total_ms=9002.461 tail_mean_ms=91.862 tail_min_ms=78.799 tail_max_ms=92.669
[Epoch 12] Hook timing summary done

[Epoch 13] Training... (lr=0.000552)
  Batch [50/98] Loss: 1.0738, Acc: 65.41%
[Epoch 13] Train Loss: 1.0601, Acc: 65.82%  |  Val Loss: 1.0074, Acc: 68.96%  |  Time: 18.8s
  -> Best model saved (68.96%)
[Epoch 13] Summarizing hook timing...

[HOOK_TIMING_SUMMARY] epoch=13
[HOOK_WORK_SUMMARY] label=mpi:recursive_doubling_zfp_online_coll:rate8 calls=1274 work_total_ms=15324.413 work_mean_ms=12.029 work_min_ms=0.577 work_max_ms=138.030
[HOOK_TAIL_SUMMARY] label=mpi:recursive_doubling_zfp_online_coll:rate8 steps=98 tail_total_ms=9049.083 tail_mean_ms=92.338 tail_min_ms=79.665 tail_max_ms=92.906
[Epoch 13] Hook timing summary done

[Epoch 14] Training... (lr=0.000448)
  Batch [50/98] Loss: 1.0217, Acc: 67.33%
[Epoch 14] Train Loss: 1.0190, Acc: 67.45%  |  Val Loss: 0.9595, Acc: 70.88%  |  Time: 18.8s
  -> Best model saved (70.88%)
[Epoch 14] Summarizing hook timing...

[HOOK_TIMING_SUMMARY] epoch=14
[HOOK_WORK_SUMMARY] label=mpi:recursive_doubling_zfp_online_coll:rate8 calls=1274 work_total_ms=15263.969 work_mean_ms=11.981 work_min_ms=0.577 work_max_ms=138.259
[HOOK_TAIL_SUMMARY] label=mpi:recursive_doubling_zfp_online_coll:rate8 steps=98 tail_total_ms=8985.476 tail_mean_ms=91.689 tail_min_ms=79.044 tail_max_ms=92.546
[Epoch 14] Hook timing summary done

[Epoch 15] Training... (lr=0.000345)
  Batch [50/98] Loss: 1.0086, Acc: 67.05%
[Epoch 15] Train Loss: 0.9945, Acc: 67.50%  |  Val Loss: 0.9321, Acc: 71.40%  |  Time: 18.8s
  -> Best model saved (71.40%)
[Epoch 15] Summarizing hook timing...

[HOOK_TIMING_SUMMARY] epoch=15
[HOOK_WORK_SUMMARY] label=mpi:recursive_doubling_zfp_online_coll:rate8 calls=1274 work_total_ms=15292.780 work_mean_ms=12.004 work_min_ms=0.587 work_max_ms=138.265
[HOOK_TAIL_SUMMARY] label=mpi:recursive_doubling_zfp_online_coll:rate8 steps=98 tail_total_ms=9010.849 tail_mean_ms=91.947 tail_min_ms=78.962 tail_max_ms=92.649
[Epoch 15] Hook timing summary done

[Epoch 16] Training... (lr=0.000250)
  Batch [50/98] Loss: 0.9601, Acc: 69.12%
[Epoch 16] Train Loss: 0.9602, Acc: 69.27%  |  Val Loss: 0.9106, Acc: 71.84%  |  Time: 18.8s
  -> Best model saved (71.84%)
[Epoch 16] Summarizing hook timing...

[HOOK_TIMING_SUMMARY] epoch=16
[HOOK_WORK_SUMMARY] label=mpi:recursive_doubling_zfp_online_coll:rate8 calls=1274 work_total_ms=15221.751 work_mean_ms=11.948 work_min_ms=0.582 work_max_ms=137.923
[HOOK_TAIL_SUMMARY] label=mpi:recursive_doubling_zfp_online_coll:rate8 steps=98 tail_total_ms=8981.049 tail_mean_ms=91.643 tail_min_ms=79.030 tail_max_ms=92.459
[Epoch 16] Hook timing summary done

[Epoch 17] Training... (lr=0.000165)
  Batch [50/98] Loss: 0.9485, Acc: 69.05%
[Epoch 17] Train Loss: 0.9480, Acc: 68.92%  |  Val Loss: 0.9021, Acc: 72.60%  |  Time: 18.8s
  -> Best model saved (72.60%)
[Epoch 17] Summarizing hook timing...

[HOOK_TIMING_SUMMARY] epoch=17
[HOOK_WORK_SUMMARY] label=mpi:recursive_doubling_zfp_online_coll:rate8 calls=1274 work_total_ms=15242.387 work_mean_ms=11.964 work_min_ms=0.589 work_max_ms=138.071
[HOOK_TAIL_SUMMARY] label=mpi:recursive_doubling_zfp_online_coll:rate8 steps=98 tail_total_ms=8985.452 tail_mean_ms=91.688 tail_min_ms=79.191 tail_max_ms=92.653
[Epoch 17] Hook timing summary done

[Epoch 18] Training... (lr=0.000095)
  Batch [50/98] Loss: 0.9409, Acc: 69.78%
[Epoch 18] Train Loss: 0.9460, Acc: 69.18%  |  Val Loss: 0.8972, Acc: 72.08%  |  Time: 18.8s
[Epoch 18] Summarizing hook timing...

[HOOK_TIMING_SUMMARY] epoch=18
[HOOK_WORK_SUMMARY] label=mpi:recursive_doubling_zfp_online_coll:rate8 calls=1274 work_total_ms=15325.520 work_mean_ms=12.029 work_min_ms=0.566 work_max_ms=138.363
[HOOK_TAIL_SUMMARY] label=mpi:recursive_doubling_zfp_online_coll:rate8 steps=98 tail_total_ms=9025.862 tail_mean_ms=92.101 tail_min_ms=78.937 tail_max_ms=93.062
[Epoch 18] Hook timing summary done

[Epoch 19] Training... (lr=0.000043)
  Batch [50/98] Loss: 0.9358, Acc: 70.02%
[Epoch 19] Train Loss: 0.9344, Acc: 69.84%  |  Val Loss: 0.8908, Acc: 72.40%  |  Time: 18.8s
[Epoch 19] Summarizing hook timing...

[HOOK_TIMING_SUMMARY] epoch=19
[HOOK_WORK_SUMMARY] label=mpi:recursive_doubling_zfp_online_coll:rate8 calls=1274 work_total_ms=15340.240 work_mean_ms=12.041 work_min_ms=0.584 work_max_ms=138.090
[HOOK_TAIL_SUMMARY] label=mpi:recursive_doubling_zfp_online_coll:rate8 steps=98 tail_total_ms=9064.517 tail_mean_ms=92.495 tail_min_ms=79.272 tail_max_ms=109.140
[Epoch 19] Hook timing summary done

[Epoch 20] Training... (lr=0.000011)
  Batch [50/98] Loss: 0.9166, Acc: 70.39%
[Epoch 20] Train Loss: 0.9346, Acc: 69.72%  |  Val Loss: 0.8876, Acc: 72.84%  |  Time: 18.8s
  -> Best model saved (72.84%)
[Epoch 20] Summarizing hook timing...

[HOOK_TIMING_SUMMARY] epoch=20
[HOOK_WORK_SUMMARY] label=mpi:recursive_doubling_zfp_online_coll:rate8 calls=1274 work_total_ms=15248.601 work_mean_ms=11.969 work_min_ms=0.579 work_max_ms=137.790
[HOOK_TAIL_SUMMARY] label=mpi:recursive_doubling_zfp_online_coll:rate8 steps=98 tail_total_ms=8998.913 tail_mean_ms=91.826 tail_min_ms=78.667 tail_max_ms=117.236
[Epoch 20] Hook timing summary done

================================================================================
Done in 399.3s | Best val acc: 72.84%
Epoch times: mean=18.9s  min=18.7s  max=21.6s
================================================================================
