
================================================================================
Distributed Training: RESNEXT101_32X8D on CIFAR10
Backend: MPI, Algorithm: ring
================================================================================
Ranks: 4, Epochs: 20, Batch/rank: 128, Effective batch: 512
LR: 0.001, Device: cuda:0

[Setup] Model on cuda:0, wrapped in DDP (static_graph=True)
[Setup] Hook registered: mpi/ring
[Data] Train batches: 98, Val batches: 20


[Epoch 1] Training... (lr=0.000001)
  Batch [50/98] Loss: 2.3111, Acc: 11.06%
[Epoch 1] Train Loss: 2.3110, Acc: 10.91%  |  Val Loss: 2.3159, Acc: 10.72%  |  Time: 20.9s
  -> Best model saved (10.72%)
[Epoch 1] Summarizing hook timing...

[HOOK_TIMING_SUMMARY] epoch=1
[HOOK_WORK_SUMMARY] label=mpi:ring calls=1250 work_total_ms=14730.857 work_mean_ms=11.785 work_min_ms=0.721 work_max_ms=138.846
[HOOK_TAIL_SUMMARY] label=mpi:ring steps=99 tail_total_ms=8596.445 tail_mean_ms=86.833 tail_min_ms=3.207 tail_max_ms=138.831
[Epoch 1] Hook timing summary done

[Epoch 2] Training... (lr=0.000201)
  Batch [50/98] Loss: 2.3050, Acc: 12.00%
[Epoch 2] Train Loss: 2.2965, Acc: 12.77%  |  Val Loss: 2.2767, Acc: 16.04%  |  Time: 18.3s
  -> Best model saved (16.04%)
[Epoch 2] Summarizing hook timing...

[HOOK_TIMING_SUMMARY] epoch=2
[HOOK_WORK_SUMMARY] label=mpi:ring calls=1274 work_total_ms=14908.917 work_mean_ms=11.702 work_min_ms=0.699 work_max_ms=139.813
[HOOK_TAIL_SUMMARY] label=mpi:ring steps=98 tail_total_ms=8637.995 tail_mean_ms=88.143 tail_min_ms=74.763 tail_max_ms=89.737
[Epoch 2] Hook timing summary done

[Epoch 3] Training... (lr=0.000401)
  Batch [50/98] Loss: 2.2669, Acc: 16.59%
[Epoch 3] Train Loss: 2.2503, Acc: 18.86%  |  Val Loss: 2.2108, Acc: 24.44%  |  Time: 18.3s
  -> Best model saved (24.44%)
[Epoch 3] Summarizing hook timing...

[HOOK_TIMING_SUMMARY] epoch=3
[HOOK_WORK_SUMMARY] label=mpi:ring calls=1274 work_total_ms=14849.409 work_mean_ms=11.656 work_min_ms=0.708 work_max_ms=138.162
[HOOK_TAIL_SUMMARY] label=mpi:ring steps=98 tail_total_ms=8583.674 tail_mean_ms=87.589 tail_min_ms=75.046 tail_max_ms=88.023
[Epoch 3] Hook timing summary done

[Epoch 4] Training... (lr=0.000600)
  Batch [50/98] Loss: 2.1926, Acc: 25.22%
[Epoch 4] Train Loss: 2.1668, Acc: 27.25%  |  Val Loss: 2.0955, Acc: 33.68%  |  Time: 18.3s
  -> Best model saved (33.68%)
[Epoch 4] Summarizing hook timing...

[HOOK_TIMING_SUMMARY] epoch=4
[HOOK_WORK_SUMMARY] label=mpi:ring calls=1274 work_total_ms=14915.105 work_mean_ms=11.707 work_min_ms=0.716 work_max_ms=138.839
[HOOK_TAIL_SUMMARY] label=mpi:ring steps=98 tail_total_ms=8609.756 tail_mean_ms=87.855 tail_min_ms=74.915 tail_max_ms=88.258
[Epoch 4] Hook timing summary done

[Epoch 5] Training... (lr=0.000800)
  Batch [50/98] Loss: 2.0706, Acc: 34.73%
[Epoch 5] Train Loss: 2.0413, Acc: 35.81%  |  Val Loss: 1.9449, Acc: 40.08%  |  Time: 18.3s
  -> Best model saved (40.08%)
[Epoch 5] Summarizing hook timing...

[HOOK_TIMING_SUMMARY] epoch=5
[HOOK_WORK_SUMMARY] label=mpi:ring calls=1274 work_total_ms=14912.282 work_mean_ms=11.705 work_min_ms=0.714 work_max_ms=138.883
[HOOK_TAIL_SUMMARY] label=mpi:ring steps=98 tail_total_ms=8601.644 tail_mean_ms=87.772 tail_min_ms=74.731 tail_max_ms=88.299
[Epoch 5] Hook timing summary done

[Epoch 6] Training... (lr=0.001000)
  Batch [50/98] Loss: 1.9223, Acc: 40.02%
[Epoch 6] Train Loss: 1.8798, Acc: 41.75%  |  Val Loss: 1.7612, Acc: 46.72%  |  Time: 18.4s
  -> Best model saved (46.72%)
[Epoch 6] Summarizing hook timing...

[HOOK_TIMING_SUMMARY] epoch=6
[HOOK_WORK_SUMMARY] label=mpi:ring calls=1274 work_total_ms=14943.612 work_mean_ms=11.730 work_min_ms=0.705 work_max_ms=139.540
[HOOK_TAIL_SUMMARY] label=mpi:ring steps=98 tail_total_ms=8655.805 tail_mean_ms=88.325 tail_min_ms=75.614 tail_max_ms=88.957
[Epoch 6] Hook timing summary done

[Epoch 7] Training... (lr=0.000989)
  Batch [50/98] Loss: 1.7511, Acc: 46.28%
[Epoch 7] Train Loss: 1.7109, Acc: 47.38%  |  Val Loss: 1.6098, Acc: 50.60%  |  Time: 18.4s
  -> Best model saved (50.60%)
[Epoch 7] Summarizing hook timing...

[HOOK_TIMING_SUMMARY] epoch=7
[HOOK_WORK_SUMMARY] label=mpi:ring calls=1274 work_total_ms=14915.187 work_mean_ms=11.707 work_min_ms=0.710 work_max_ms=139.251
[HOOK_TAIL_SUMMARY] label=mpi:ring steps=98 tail_total_ms=8620.320 tail_mean_ms=87.962 tail_min_ms=75.299 tail_max_ms=88.773
[Epoch 7] Hook timing summary done

[Epoch 8] Training... (lr=0.000957)
  Batch [50/98] Loss: 1.5935, Acc: 50.62%
[Epoch 8] Train Loss: 1.5586, Acc: 51.66%  |  Val Loss: 1.4688, Acc: 54.92%  |  Time: 18.3s
  -> Best model saved (54.92%)
[Epoch 8] Summarizing hook timing...

[HOOK_TIMING_SUMMARY] epoch=8
[HOOK_WORK_SUMMARY] label=mpi:ring calls=1274 work_total_ms=14829.695 work_mean_ms=11.640 work_min_ms=0.710 work_max_ms=138.206
[HOOK_TAIL_SUMMARY] label=mpi:ring steps=98 tail_total_ms=8569.989 tail_mean_ms=87.449 tail_min_ms=74.573 tail_max_ms=88.072
[Epoch 8] Hook timing summary done

[Epoch 9] Training... (lr=0.000905)
  Batch [50/98] Loss: 1.4631, Acc: 54.38%
[Epoch 9] Train Loss: 1.4247, Acc: 55.54%  |  Val Loss: 1.3355, Acc: 58.88%  |  Time: 18.4s
  -> Best model saved (58.88%)
[Epoch 9] Summarizing hook timing...

[HOOK_TIMING_SUMMARY] epoch=9
[HOOK_WORK_SUMMARY] label=mpi:ring calls=1274 work_total_ms=14942.004 work_mean_ms=11.728 work_min_ms=0.700 work_max_ms=139.594
[HOOK_TAIL_SUMMARY] label=mpi:ring steps=98 tail_total_ms=8650.526 tail_mean_ms=88.271 tail_min_ms=75.306 tail_max_ms=89.176
[Epoch 9] Hook timing summary done

[Epoch 10] Training... (lr=0.000835)
  Batch [50/98] Loss: 1.3273, Acc: 58.17%
[Epoch 10] Train Loss: 1.3062, Acc: 58.93%  |  Val Loss: 1.2389, Acc: 62.56%  |  Time: 18.3s
  -> Best model saved (62.56%)
[Epoch 10] Summarizing hook timing...

[HOOK_TIMING_SUMMARY] epoch=10
[HOOK_WORK_SUMMARY] label=mpi:ring calls=1274 work_total_ms=14948.336 work_mean_ms=11.733 work_min_ms=0.708 work_max_ms=139.272
[HOOK_TAIL_SUMMARY] label=mpi:ring steps=98 tail_total_ms=8636.539 tail_mean_ms=88.128 tail_min_ms=76.123 tail_max_ms=88.860
[Epoch 10] Hook timing summary done

[Epoch 11] Training... (lr=0.000750)
  Batch [50/98] Loss: 1.2432, Acc: 60.64%
[Epoch 11] Train Loss: 1.2102, Acc: 61.79%  |  Val Loss: 1.1475, Acc: 64.24%  |  Time: 18.4s
  -> Best model saved (64.24%)
[Epoch 11] Summarizing hook timing...

[HOOK_TIMING_SUMMARY] epoch=11
[HOOK_WORK_SUMMARY] label=mpi:ring calls=1274 work_total_ms=14981.420 work_mean_ms=11.759 work_min_ms=0.727 work_max_ms=139.531
[HOOK_TAIL_SUMMARY] label=mpi:ring steps=98 tail_total_ms=8670.507 tail_mean_ms=88.475 tail_min_ms=75.471 tail_max_ms=88.959
[Epoch 11] Hook timing summary done

[Epoch 12] Training... (lr=0.000655)
  Batch [50/98] Loss: 1.1512, Acc: 63.05%
[Epoch 12] Train Loss: 1.1367, Acc: 63.69%  |  Val Loss: 1.0738, Acc: 67.24%  |  Time: 18.3s
  -> Best model saved (67.24%)
[Epoch 12] Summarizing hook timing...

[HOOK_TIMING_SUMMARY] epoch=12
[HOOK_WORK_SUMMARY] label=mpi:ring calls=1274 work_total_ms=14869.558 work_mean_ms=11.672 work_min_ms=0.698 work_max_ms=139.106
[HOOK_TAIL_SUMMARY] label=mpi:ring steps=98 tail_total_ms=8581.104 tail_mean_ms=87.562 tail_min_ms=74.512 tail_max_ms=88.947
[Epoch 12] Hook timing summary done

[Epoch 13] Training... (lr=0.000552)
  Batch [50/98] Loss: 1.0958, Acc: 64.67%
[Epoch 13] Train Loss: 1.0732, Acc: 65.51%  |  Val Loss: 1.0222, Acc: 67.76%  |  Time: 18.3s
  -> Best model saved (67.76%)
[Epoch 13] Summarizing hook timing...

[HOOK_TIMING_SUMMARY] epoch=13
[HOOK_WORK_SUMMARY] label=mpi:ring calls=1274 work_total_ms=14890.278 work_mean_ms=11.688 work_min_ms=0.706 work_max_ms=138.738
[HOOK_TAIL_SUMMARY] label=mpi:ring steps=98 tail_total_ms=8607.597 tail_mean_ms=87.833 tail_min_ms=75.351 tail_max_ms=88.553
[Epoch 13] Hook timing summary done

[Epoch 14] Training... (lr=0.000448)
  Batch [50/98] Loss: 1.0326, Acc: 67.00%
[Epoch 14] Train Loss: 1.0276, Acc: 66.73%  |  Val Loss: 0.9740, Acc: 69.36%  |  Time: 18.3s
  -> Best model saved (69.36%)
[Epoch 14] Summarizing hook timing...

[HOOK_TIMING_SUMMARY] epoch=14
[HOOK_WORK_SUMMARY] label=mpi:ring calls=1274 work_total_ms=14835.570 work_mean_ms=11.645 work_min_ms=0.721 work_max_ms=137.895
[HOOK_TAIL_SUMMARY] label=mpi:ring steps=98 tail_total_ms=8547.607 tail_mean_ms=87.220 tail_min_ms=74.861 tail_max_ms=87.925
[Epoch 14] Hook timing summary done

[Epoch 15] Training... (lr=0.000345)
  Batch [50/98] Loss: 1.0175, Acc: 66.64%
[Epoch 15] Train Loss: 1.0022, Acc: 67.11%  |  Val Loss: 0.9420, Acc: 70.52%  |  Time: 18.3s
  -> Best model saved (70.52%)
[Epoch 15] Summarizing hook timing...

[HOOK_TIMING_SUMMARY] epoch=15
[HOOK_WORK_SUMMARY] label=mpi:ring calls=1274 work_total_ms=14841.966 work_mean_ms=11.650 work_min_ms=0.705 work_max_ms=139.166
[HOOK_TAIL_SUMMARY] label=mpi:ring steps=98 tail_total_ms=8570.026 tail_mean_ms=87.449 tail_min_ms=74.378 tail_max_ms=89.165
[Epoch 15] Hook timing summary done

[Epoch 16] Training... (lr=0.000250)
  Batch [50/98] Loss: 0.9735, Acc: 68.83%
[Epoch 16] Train Loss: 0.9659, Acc: 69.06%  |  Val Loss: 0.9184, Acc: 71.52%  |  Time: 18.3s
  -> Best model saved (71.52%)
[Epoch 16] Summarizing hook timing...

[HOOK_TIMING_SUMMARY] epoch=16
[HOOK_WORK_SUMMARY] label=mpi:ring calls=1274 work_total_ms=14807.563 work_mean_ms=11.623 work_min_ms=0.715 work_max_ms=137.703
[HOOK_TAIL_SUMMARY] label=mpi:ring steps=98 tail_total_ms=8541.512 tail_mean_ms=87.158 tail_min_ms=74.432 tail_max_ms=87.817
[Epoch 16] Hook timing summary done

[Epoch 17] Training... (lr=0.000165)
  Batch [50/98] Loss: 0.9606, Acc: 68.41%
[Epoch 17] Train Loss: 0.9584, Acc: 68.59%  |  Val Loss: 0.9075, Acc: 71.36%  |  Time: 18.3s
[Epoch 17] Summarizing hook timing...

[HOOK_TIMING_SUMMARY] epoch=17
[HOOK_WORK_SUMMARY] label=mpi:ring calls=1274 work_total_ms=14832.563 work_mean_ms=11.643 work_min_ms=0.675 work_max_ms=138.949
[HOOK_TAIL_SUMMARY] label=mpi:ring steps=98 tail_total_ms=8571.132 tail_mean_ms=87.461 tail_min_ms=74.773 tail_max_ms=88.683
[Epoch 17] Hook timing summary done

[Epoch 18] Training... (lr=0.000095)
  Batch [50/98] Loss: 0.9388, Acc: 69.61%
[Epoch 18] Train Loss: 0.9496, Acc: 68.80%  |  Val Loss: 0.9048, Acc: 71.92%  |  Time: 18.4s
  -> Best model saved (71.92%)
[Epoch 18] Summarizing hook timing...

[HOOK_TIMING_SUMMARY] epoch=18
[HOOK_WORK_SUMMARY] label=mpi:ring calls=1274 work_total_ms=14922.213 work_mean_ms=11.713 work_min_ms=0.698 work_max_ms=139.071
[HOOK_TAIL_SUMMARY] label=mpi:ring steps=98 tail_total_ms=8626.980 tail_mean_ms=88.030 tail_min_ms=74.355 tail_max_ms=89.016
[Epoch 18] Hook timing summary done

[Epoch 19] Training... (lr=0.000043)
  Batch [50/98] Loss: 0.9427, Acc: 69.59%
[Epoch 19] Train Loss: 0.9383, Acc: 69.79%  |  Val Loss: 0.8998, Acc: 71.56%  |  Time: 18.3s
[Epoch 19] Summarizing hook timing...

[HOOK_TIMING_SUMMARY] epoch=19
[HOOK_WORK_SUMMARY] label=mpi:ring calls=1274 work_total_ms=14926.374 work_mean_ms=11.716 work_min_ms=0.716 work_max_ms=138.978
[HOOK_TAIL_SUMMARY] label=mpi:ring steps=98 tail_total_ms=8627.048 tail_mean_ms=88.031 tail_min_ms=75.448 tail_max_ms=88.608
[Epoch 19] Hook timing summary done

[Epoch 20] Training... (lr=0.000011)
  Batch [50/98] Loss: 0.9168, Acc: 70.38%
[Epoch 20] Train Loss: 0.9371, Acc: 69.50%  |  Val Loss: 0.8962, Acc: 72.08%  |  Time: 18.4s
  -> Best model saved (72.08%)
[Epoch 20] Summarizing hook timing...

[HOOK_TIMING_SUMMARY] epoch=20
[HOOK_WORK_SUMMARY] label=mpi:ring calls=1274 work_total_ms=14831.938 work_mean_ms=11.642 work_min_ms=0.710 work_max_ms=159.944
[HOOK_TAIL_SUMMARY] label=mpi:ring steps=98 tail_total_ms=8597.469 tail_mean_ms=87.729 tail_min_ms=74.662 tail_max_ms=118.221
[Epoch 20] Hook timing summary done

================================================================================
Done in 390.4s | Best val acc: 72.08%
Epoch times: mean=18.5s  min=18.3s  max=20.9s
================================================================================
