=== Job started: Wed May 20 02:15:21 PM UTC 2026 ===
=== Node: x3016c0s7b0n0 ===

The following have been reloaded with a version change:
  1) gcc-native/14 => gcc-native/13


The following have been reloaded with a version change:
  1) gcc-native/13 => gcc-native/14.2

=============================================
  Polaris NCCL test — GTL NOT loaded
=============================================
Node              : x3016c0s7b0n0
GTL               : NOT loaded (NCCL test)
MPICH_GPU_SUPPORT : NOT set (NCCL test)

PyTorch version   : 2.8.0
PyTorch location  : /soft/applications/conda/2025-09-28/mconda3/lib/python3.12/site-packages/torch/__init__.py
CUDA available    : True 4
cuDNN             : 91300
MPI available     : True
mpi4py            : MPI VERSION    : CRAY MPICH version 9.0.1.498 (ANL base 4.1.2)
mpi4py rank test  : rank 0 OK
ZFP_HOME          : /home/mrest/mpiAllReduceCompressed/zfp-install
ZFP lib           : lrwxrwxrwx 1 mrest users 11 May 17 22:11 /home/mrest/mpiAllReduceCompressed/zfp-install/lib64/libzfp.so -> libzfp.so.1
ZFP include       : -rw-r--r-- 1 mrest users 35180 May 17 18:17 /home/mrest/mpiAllReduceCompressed/zfp-install/include/zfp.h
=============================================
=== Starting training ===

================================================================================
DISTRIBUTED TRAINING LAUNCHER
================================================================================
  Model:      resnext101_32x8d (CIFAR stem) (pretrained)
  Dataset:    cifar10 (10 classes)
  Backend:    nccl
  Algorithm:  built-in (no hook)
  Epochs:     10
  Batch/rank: 128
  LR:         0.001
================================================================================


================================================================================
Distributed Training: RESNEXT101_32X8D on CIFAR10
Backend: NCCL, Algorithm: built-in (no hook)
================================================================================
Ranks: 4, Epochs: 10, Batch/rank: 128, Effective batch: 512
LR: 0.001, Device: cuda:0

[Setup] Model on cuda:0, wrapped in DDP (static_graph=True)
[Setup] No hook — using DDP built-in NCCL allreduce
[Data] Train batches: 98, Val batches: 20


[Epoch 1] Training... (lr=0.000001)

================================================================================
DISTRIBUTED TRAINING LAUNCHER
================================================================================
  Model:      resnext101_32x8d (CIFAR stem) (pretrained)
  Dataset:    cifar10 (10 classes)
  Backend:    nccl
  Algorithm:  built-in (no hook)
  Epochs:     10
  Batch/rank: 128
  LR:         0.001
================================================================================


================================================================================
DISTRIBUTED TRAINING LAUNCHER
================================================================================
  Model:      resnext101_32x8d (CIFAR stem) (pretrained)
  Dataset:    cifar10 (10 classes)
  Backend:    nccl
  Algorithm:  built-in (no hook)
  Epochs:     10
  Batch/rank: 128
  LR:         0.001
================================================================================


================================================================================
DISTRIBUTED TRAINING LAUNCHER
================================================================================
  Model:      resnext101_32x8d (CIFAR stem) (pretrained)
  Dataset:    cifar10 (10 classes)
  Backend:    nccl
  Algorithm:  built-in (no hook)
  Epochs:     10
  Batch/rank: 128
  LR:         0.001
================================================================================

  Batch [50/98] Loss: 2.3110, Acc: 11.11%
[Epoch 1] Train Loss: 2.3109, Acc: 10.97%  |  Val Loss: 2.3159, Acc: 10.76%  |  Time: 25.0s
  -> Best model saved (10.76%)

[Epoch 2] Training... (lr=0.000201)
  Batch [50/98] Loss: 2.3049, Acc: 11.66%
[Epoch 2] Train Loss: 2.2964, Acc: 12.63%  |  Val Loss: 2.2776, Acc: 15.84%  |  Time: 17.0s
  -> Best model saved (15.84%)

[Epoch 3] Training... (lr=0.000401)
  Batch [50/98] Loss: 2.2656, Acc: 17.00%
[Epoch 3] Train Loss: 2.2491, Acc: 19.06%  |  Val Loss: 2.2074, Acc: 25.40%  |  Time: 17.0s
  -> Best model saved (25.40%)

[Epoch 4] Training... (lr=0.000600)
  Batch [50/98] Loss: 2.1921, Acc: 26.00%
[Epoch 4] Train Loss: 2.1669, Acc: 27.72%  |  Val Loss: 2.0964, Acc: 32.96%  |  Time: 17.0s
  -> Best model saved (32.96%)

[Epoch 5] Training... (lr=0.000800)
  Batch [50/98] Loss: 2.0700, Acc: 35.16%
[Epoch 5] Train Loss: 2.0436, Acc: 35.91%  |  Val Loss: 1.9438, Acc: 40.72%  |  Time: 16.9s
  -> Best model saved (40.72%)

[Epoch 6] Training... (lr=0.001000)
  Batch [50/98] Loss: 1.9183, Acc: 41.14%
[Epoch 6] Train Loss: 1.8751, Acc: 42.25%  |  Val Loss: 1.7644, Acc: 46.68%  |  Time: 17.0s
  -> Best model saved (46.68%)

[Epoch 7] Training... (lr=0.000905)
  Batch [50/98] Loss: 1.7474, Acc: 46.97%
[Epoch 7] Train Loss: 1.7087, Acc: 48.04%  |  Val Loss: 1.6156, Acc: 50.80%  |  Time: 17.0s
  -> Best model saved (50.80%)

[Epoch 8] Training... (lr=0.000655)
  Batch [50/98] Loss: 1.6155, Acc: 49.91%
[Epoch 8] Train Loss: 1.5871, Acc: 51.15%  |  Val Loss: 1.5076, Acc: 54.84%  |  Time: 17.0s
  -> Best model saved (54.84%)

[Epoch 9] Training... (lr=0.000345)
  Batch [50/98] Loss: 1.5211, Acc: 53.11%
[Epoch 9] Train Loss: 1.5020, Acc: 53.66%  |  Val Loss: 1.4544, Acc: 56.32%  |  Time: 17.0s
  -> Best model saved (56.32%)

[Epoch 10] Training... (lr=0.000095)
  Batch [50/98] Loss: 1.4680, Acc: 54.50%
[Epoch 10] Train Loss: 1.4674, Acc: 54.70%  |  Val Loss: 1.4393, Acc: 57.00%  |  Time: 17.0s
  -> Best model saved (57.00%)

================================================================================
Done in 189.3s | Best val acc: 57.00%
Epoch times: mean=17.8s  min=16.9s  max=25.0s
================================================================================
=== Job finished: Wed May 20 02:18:58 PM UTC 2026 ===
