=== Job started: Wed May 20 03:33:08 AM UTC 2026 ===
=== Node: x3204c0s25b1n0 ===

The following have been reloaded with a version change:
  1) gcc-native/14 => gcc-native/13


The following have been reloaded with a version change:
  1) gcc-native/13 => gcc-native/14.2

[INFO] GTL preloaded: /opt/cray/pe/mpich/9.0.1/ofi/nvidia/23.3/lib/libmpi_gtl_cuda.so
=============================================
  Polaris DDP + Eagle PyTorch + Cray MPICH
=============================================
Node              : x3204c0s25b1n0
ZFP_HOME          : /home/mrest/mpiAllReduceCompressed/zfp-install
GTL               : /opt/cray/pe/mpich/9.0.1/ofi/nvidia/23.3/lib/libmpi_gtl_cuda.so
MPICH_GPU_SUPPORT : 1

PyTorch version   : 2.8.0a0+gitba56102
PyTorch location  : /lus/eagle/projects/UIC-HPC/mrest/pytorch_mpi_build/src/pytorch/torch/__init__.py
CUDA available    : True 4
MPI available     : True
mpi4py            : MPI VERSION    : CRAY MPICH version 9.0.1.498 (ANL base 4.1.2)
mpi4py rank test  : rank 0 OK
=============================================
=== Starting training ===

================================================================================
DISTRIBUTED TRAINING LAUNCHER
================================================================================
  Model:      resnext101_32x8d (CIFAR stem) (pretrained)
  Dataset:    cifar10 (10 classes)
  Backend:    mpi
  Algorithm:  built-in (no hook)
  Epochs:     10
  Batch/rank: 128
  LR:         0.001
================================================================================


================================================================================
Distributed Training: RESNEXT101_32X8D on CIFAR10
Backend: MPI, Algorithm: built-in (no hook)
================================================================================
Ranks: 4, Epochs: 10, Batch/rank: 128, Effective batch: 512
LR: 0.001, Device: cuda:0

[Setup] Model on cuda:0, wrapped in DDP (static_graph=True)
[Setup] No hook — using DDP built-in MPI allreduce
[Data] Train batches: 98, Val batches: 20


[Epoch 1] Training... (lr=0.000001)

================================================================================
DISTRIBUTED TRAINING LAUNCHER
================================================================================
  Model:      resnext101_32x8d (CIFAR stem) (pretrained)
  Dataset:    cifar10 (10 classes)
  Backend:    mpi
  Algorithm:  built-in (no hook)
  Epochs:     10
  Batch/rank: 128
  LR:         0.001
================================================================================


================================================================================
DISTRIBUTED TRAINING LAUNCHER
================================================================================
  Model:      resnext101_32x8d (CIFAR stem) (pretrained)
  Dataset:    cifar10 (10 classes)
  Backend:    mpi
  Algorithm:  built-in (no hook)
  Epochs:     10
  Batch/rank: 128
  LR:         0.001
================================================================================


================================================================================
DISTRIBUTED TRAINING LAUNCHER
================================================================================
  Model:      resnext101_32x8d (CIFAR stem) (pretrained)
  Dataset:    cifar10 (10 classes)
  Backend:    mpi
  Algorithm:  built-in (no hook)
  Epochs:     10
  Batch/rank: 128
  LR:         0.001
================================================================================

  Batch [50/98] Loss: 2.3110, Acc: 11.12%
[Epoch 1] Train Loss: 2.3109, Acc: 10.97%  |  Val Loss: 2.3159, Acc: 10.76%  |  Time: 19.8s
  -> Best model saved (10.76%)

[Epoch 2] Training... (lr=0.000201)
  Batch [50/98] Loss: 2.3008, Acc: 12.72%
[Epoch 2] Train Loss: 2.2865, Acc: 14.22%  |  Val Loss: 2.2625, Acc: 17.92%  |  Time: 17.0s
  -> Best model saved (17.92%)

[Epoch 3] Training... (lr=0.000401)
  Batch [50/98] Loss: 2.2437, Acc: 19.22%
[Epoch 3] Train Loss: 2.2213, Acc: 21.10%  |  Val Loss: 2.1851, Acc: 25.12%  |  Time: 17.0s
  -> Best model saved (25.12%)

[Epoch 4] Training... (lr=0.000600)
  Batch [50/98] Loss: 2.1669, Acc: 25.88%
[Epoch 4] Train Loss: 2.1480, Acc: 25.67%  |  Val Loss: 2.1147, Acc: 27.52%  |  Time: 17.1s
  -> Best model saved (27.52%)

[Epoch 5] Training... (lr=0.000800)
  Batch [50/98] Loss: 2.0826, Acc: 29.83%
[Epoch 5] Train Loss: 2.0937, Acc: 28.85%  |  Val Loss: 2.0812, Acc: 28.56%  |  Time: 17.0s
  -> Best model saved (28.56%)

[Epoch 6] Training... (lr=0.001000)
  Batch [50/98] Loss: 2.0267, Acc: 32.41%
[Epoch 6] Train Loss: 2.0387, Acc: 30.63%  |  Val Loss: 2.0632, Acc: 29.12%  |  Time: 17.1s
  -> Best model saved (29.12%)

[Epoch 7] Training... (lr=0.000905)
  Batch [50/98] Loss: 2.0167, Acc: 30.36%
[Epoch 7] Train Loss: 2.0022, Acc: 31.42%  |  Val Loss: 1.9572, Acc: 34.60%  |  Time: 17.0s
  -> Best model saved (34.60%)

[Epoch 8] Training... (lr=0.000655)
  Batch [50/98] Loss: 1.9522, Acc: 34.03%
[Epoch 8] Train Loss: 1.9421, Acc: 34.76%  |  Val Loss: 1.8979, Acc: 39.04%  |  Time: 17.0s
  -> Best model saved (39.04%)

[Epoch 9] Training... (lr=0.000345)
  Batch [50/98] Loss: 1.9091, Acc: 38.30%
[Epoch 9] Train Loss: 1.8984, Acc: 38.92%  |  Val Loss: 1.8402, Acc: 42.60%  |  Time: 17.0s
  -> Best model saved (42.60%)

[Epoch 10] Training... (lr=0.000095)
  Batch [50/98] Loss: 1.8723, Acc: 39.73%
[Epoch 10] Train Loss: 1.8706, Acc: 40.11%  |  Val Loss: 1.8324, Acc: 43.72%  |  Time: 17.0s
  -> Best model saved (43.72%)

================================================================================
Done in 184.2s | Best val acc: 43.72%
Epoch times: mean=17.3s  min=17.0s  max=19.8s
================================================================================
=== Job finished: Wed May 20 03:36:34 AM UTC 2026 ===
=== Job started: Wed May 20 03:42:23 AM UTC 2026 ===
=== Node: x3110c0s31b0n0 ===

The following have been reloaded with a version change:
  1) gcc-native/14 => gcc-native/13


The following have been reloaded with a version change:
  1) gcc-native/13 => gcc-native/14.2

[INFO] GTL preloaded: /opt/cray/pe/mpich/9.0.1/ofi/nvidia/23.3/lib/libmpi_gtl_cuda.so
=============================================
  Polaris DDP + Eagle PyTorch + Cray MPICH
=============================================
Node              : x3110c0s31b0n0
ZFP_HOME          : /home/mrest/mpiAllReduceCompressed/zfp-install
GTL               : /opt/cray/pe/mpich/9.0.1/ofi/nvidia/23.3/lib/libmpi_gtl_cuda.so
MPICH_GPU_SUPPORT : 1

PyTorch version   : 2.8.0a0+gitba56102
PyTorch location  : /lus/eagle/projects/UIC-HPC/mrest/pytorch_mpi_build/src/pytorch/torch/__init__.py
CUDA available    : True 4
MPI available     : True
mpi4py            : MPI VERSION    : CRAY MPICH version 9.0.1.498 (ANL base 4.1.2)
mpi4py rank test  : rank 0 OK
=============================================
=== Starting training ===

================================================================================
DISTRIBUTED TRAINING LAUNCHER
================================================================================
  Model:      resnext101_32x8d (CIFAR stem) (pretrained)
  Dataset:    cifar10 (10 classes)
  Backend:    mpi
  Algorithm:  ring_zfp_online_coll
  Epochs:     10
  Batch/rank: 128
  LR:         0.001
================================================================================


================================================================================
Distributed Training: RESNEXT101_32X8D on CIFAR10
Backend: MPI, Algorithm: ring_zfp_online_coll
================================================================================
Ranks: 4, Epochs: 10, Batch/rank: 128, Effective batch: 512
LR: 0.001, Device: cuda:0

[Setup] Model on cuda:0, wrapped in DDP (static_graph=True)
[Setup] Hook registered: mpi/ring_zfp_online_coll
[Data] Train batches: 98, Val batches: 20


[Epoch 1] Training... (lr=0.000001)

================================================================================
DISTRIBUTED TRAINING LAUNCHER
================================================================================
  Model:      resnext101_32x8d (CIFAR stem) (pretrained)
  Dataset:    cifar10 (10 classes)
  Backend:    mpi
  Algorithm:  ring_zfp_online_coll
  Epochs:     10
  Batch/rank: 128
  LR:         0.001
================================================================================


================================================================================
DISTRIBUTED TRAINING LAUNCHER
================================================================================
  Model:      resnext101_32x8d (CIFAR stem) (pretrained)
  Dataset:    cifar10 (10 classes)
  Backend:    mpi
  Algorithm:  ring_zfp_online_coll
  Epochs:     10
  Batch/rank: 128
  LR:         0.001
================================================================================


================================================================================
DISTRIBUTED TRAINING LAUNCHER
================================================================================
  Model:      resnext101_32x8d (CIFAR stem) (pretrained)
  Dataset:    cifar10 (10 classes)
  Backend:    mpi
  Algorithm:  ring_zfp_online_coll
  Epochs:     10
  Batch/rank: 128
  LR:         0.001
================================================================================

  Batch [50/98] Loss: 2.3110, Acc: 11.09%
[Epoch 1] Train Loss: 2.3109, Acc: 10.95%  |  Val Loss: 2.3159, Acc: 10.72%  |  Time: 23.5s
  -> Best model saved (10.72%)

[Epoch 2] Training... (lr=0.000201)
  Batch [50/98] Loss: 2.3052, Acc: 12.14%
[Epoch 2] Train Loss: 2.2965, Acc: 12.95%  |  Val Loss: 2.2751, Acc: 15.92%  |  Time: 18.6s
  -> Best model saved (15.92%)

[Epoch 3] Training... (lr=0.000401)
  Batch [50/98] Loss: 2.2649, Acc: 16.75%
[Epoch 3] Train Loss: 2.2489, Acc: 18.78%  |  Val Loss: 2.2077, Acc: 24.96%  |  Time: 18.6s
  -> Best model saved (24.96%)

[Epoch 4] Training... (lr=0.000600)
  Batch [50/98] Loss: 2.1911, Acc: 25.98%
[Epoch 4] Train Loss: 2.1662, Acc: 27.73%  |  Val Loss: 2.0981, Acc: 33.60%  |  Time: 18.6s
  -> Best model saved (33.60%)

[Epoch 5] Training... (lr=0.000800)
  Batch [50/98] Loss: 2.0716, Acc: 34.81%
[Epoch 5] Train Loss: 2.0407, Acc: 35.81%  |  Val Loss: 1.9499, Acc: 40.88%  |  Time: 18.6s
  -> Best model saved (40.88%)

[Epoch 6] Training... (lr=0.001000)
  Batch [50/98] Loss: 1.9160, Acc: 41.16%
[Epoch 6] Train Loss: 1.8736, Acc: 42.03%  |  Val Loss: 1.7616, Acc: 47.20%  |  Time: 18.6s
  -> Best model saved (47.20%)

[Epoch 7] Training... (lr=0.000905)
  Batch [50/98] Loss: 1.7510, Acc: 46.56%
[Epoch 7] Train Loss: 1.7118, Acc: 47.98%  |  Val Loss: 1.6246, Acc: 50.68%  |  Time: 18.6s
  -> Best model saved (50.68%)

[Epoch 8] Training... (lr=0.000655)
  Batch [50/98] Loss: 1.6169, Acc: 49.80%
[Epoch 8] Train Loss: 1.5893, Acc: 50.81%  |  Val Loss: 1.5153, Acc: 53.92%  |  Time: 18.6s
  -> Best model saved (53.92%)

[Epoch 9] Training... (lr=0.000345)
  Batch [50/98] Loss: 1.5294, Acc: 53.00%
[Epoch 9] Train Loss: 1.5093, Acc: 53.65%  |  Val Loss: 1.4611, Acc: 55.72%  |  Time: 18.6s
  -> Best model saved (55.72%)

[Epoch 10] Training... (lr=0.000095)
  Batch [50/98] Loss: 1.4733, Acc: 54.47%
[Epoch 10] Train Loss: 1.4727, Acc: 54.59%  |  Val Loss: 1.4479, Acc: 56.36%  |  Time: 18.6s
  -> Best model saved (56.36%)

================================================================================
Done in 202.1s | Best val acc: 56.36%
Epoch times: mean=19.1s  min=18.6s  max=23.5s
================================================================================
=== Job finished: Wed May 20 03:47:29 AM UTC 2026 ===
=== Job started: Wed May 20 01:09:52 PM UTC 2026 ===
=== Node: x3101c0s7b0n0 ===

The following have been reloaded with a version change:
  1) gcc-native/14 => gcc-native/13


The following have been reloaded with a version change:
  1) gcc-native/13 => gcc-native/14.2

[INFO] GTL preloaded: /opt/cray/pe/mpich/9.0.1/ofi/nvidia/23.3/lib/libmpi_gtl_cuda.so
=============================================
  Polaris DDP + Eagle PyTorch + Cray MPICH
=============================================
Node              : x3101c0s7b0n0
ZFP_HOME          : /home/mrest/mpiAllReduceCompressed/zfp-install
GTL               : /opt/cray/pe/mpich/9.0.1/ofi/nvidia/23.3/lib/libmpi_gtl_cuda.so
MPICH_GPU_SUPPORT : 1

PyTorch version   : 2.8.0a0+gitba56102
PyTorch location  : /lus/eagle/projects/UIC-HPC/mrest/pytorch_mpi_build/src/pytorch/torch/__init__.py
CUDA available    : True 4
MPI available     : True
mpi4py            : MPI VERSION    : CRAY MPICH version 9.0.1.498 (ANL base 4.1.2)
mpi4py rank test  : rank 0 OK
=============================================
=== Starting training ===

================================================================================
DISTRIBUTED TRAINING LAUNCHER
================================================================================
  Model:      resnext101_32x8d (CIFAR stem) (pretrained)
  Dataset:    cifar10 (10 classes)
  Backend:    mpi
  Algorithm:  ring
  Epochs:     10
  Batch/rank: 128
  LR:         0.001
================================================================================


================================================================================
Distributed Training: RESNEXT101_32X8D on CIFAR10
Backend: MPI, Algorithm: ring
================================================================================
Ranks: 4, Epochs: 10, Batch/rank: 128, Effective batch: 512
LR: 0.001, Device: cuda:0

[Setup] Model on cuda:0, wrapped in DDP (static_graph=True)
[Setup] Hook registered: mpi/ring
[Data] Train batches: 98, Val batches: 20


[Epoch 1] Training... (lr=0.000001)

================================================================================
DISTRIBUTED TRAINING LAUNCHER
================================================================================
  Model:      resnext101_32x8d (CIFAR stem) (pretrained)
  Dataset:    cifar10 (10 classes)
  Backend:    mpi
  Algorithm:  ring
  Epochs:     10
  Batch/rank: 128
  LR:         0.001
================================================================================


================================================================================
DISTRIBUTED TRAINING LAUNCHER
================================================================================
  Model:      resnext101_32x8d (CIFAR stem) (pretrained)
  Dataset:    cifar10 (10 classes)
  Backend:    mpi
  Algorithm:  ring
  Epochs:     10
  Batch/rank: 128
  LR:         0.001
================================================================================


================================================================================
DISTRIBUTED TRAINING LAUNCHER
================================================================================
  Model:      resnext101_32x8d (CIFAR stem) (pretrained)
  Dataset:    cifar10 (10 classes)
  Backend:    mpi
  Algorithm:  ring
  Epochs:     10
  Batch/rank: 128
  LR:         0.001
================================================================================

  Batch [50/98] Loss: 2.3110, Acc: 11.12%
[Epoch 1] Train Loss: 2.3109, Acc: 10.95%  |  Val Loss: 2.3159, Acc: 10.76%  |  Time: 24.2s
  -> Best model saved (10.76%)

[Epoch 2] Training... (lr=0.000201)
  Batch [50/98] Loss: 2.3050, Acc: 11.86%
[Epoch 2] Train Loss: 2.2966, Acc: 12.72%  |  Val Loss: 2.2758, Acc: 16.56%  |  Time: 18.4s
  -> Best model saved (16.56%)

[Epoch 3] Training... (lr=0.000401)
  Batch [50/98] Loss: 2.2672, Acc: 16.73%
[Epoch 3] Train Loss: 2.2504, Acc: 19.03%  |  Val Loss: 2.2069, Acc: 25.00%  |  Time: 18.4s
  -> Best model saved (25.00%)

[Epoch 4] Training... (lr=0.000600)
  Batch [50/98] Loss: 2.1930, Acc: 25.05%
[Epoch 4] Train Loss: 2.1658, Acc: 27.09%  |  Val Loss: 2.0962, Acc: 32.88%  |  Time: 18.4s
  -> Best model saved (32.88%)

[Epoch 5] Training... (lr=0.000800)
  Batch [50/98] Loss: 2.0699, Acc: 34.58%
[Epoch 5] Train Loss: 2.0399, Acc: 35.66%  |  Val Loss: 1.9508, Acc: 39.84%  |  Time: 18.4s
  -> Best model saved (39.84%)

[Epoch 6] Training... (lr=0.001000)
  Batch [50/98] Loss: 1.9166, Acc: 40.33%
[Epoch 6] Train Loss: 1.8756, Acc: 41.89%  |  Val Loss: 1.7636, Acc: 46.64%  |  Time: 18.4s
  -> Best model saved (46.64%)

[Epoch 7] Training... (lr=0.000905)
  Batch [50/98] Loss: 1.7551, Acc: 46.33%
[Epoch 7] Train Loss: 1.7171, Acc: 47.61%  |  Val Loss: 1.6207, Acc: 50.80%  |  Time: 18.4s
  -> Best model saved (50.80%)

[Epoch 8] Training... (lr=0.000655)
  Batch [50/98] Loss: 1.6130, Acc: 50.14%
[Epoch 8] Train Loss: 1.5925, Acc: 50.65%  |  Val Loss: 1.5191, Acc: 53.56%  |  Time: 18.3s
  -> Best model saved (53.56%)

[Epoch 9] Training... (lr=0.000345)
  Batch [50/98] Loss: 1.5352, Acc: 52.80%
[Epoch 9] Train Loss: 1.5184, Acc: 53.06%  |  Val Loss: 1.4664, Acc: 55.24%  |  Time: 18.4s
  -> Best model saved (55.24%)

[Epoch 10] Training... (lr=0.000095)
  Batch [50/98] Loss: 1.4774, Acc: 54.41%
[Epoch 10] Train Loss: 1.4781, Acc: 54.26%  |  Val Loss: 1.4531, Acc: 55.16%  |  Time: 18.4s

================================================================================
Done in 199.5s | Best val acc: 55.24%
Epoch times: mean=19.0s  min=18.3s  max=24.2s
================================================================================
=== Job finished: Wed May 20 01:14:05 PM UTC 2026 ===
