=== Job started: Wed May 20 02:21:07 PM UTC 2026 ===
=== Node: x3006c0s13b0n0 ===

The following have been reloaded with a version change:
  1) gcc-native/14 => gcc-native/13


The following have been reloaded with a version change:
  1) gcc-native/13 => gcc-native/14.2

=============================================
  Polaris NCCL test — GTL NOT loaded
=============================================
Node              : x3006c0s13b0n0
GTL               : NOT loaded (NCCL test)
MPICH_GPU_SUPPORT : NOT set (NCCL test)

PyTorch version   : 2.8.0
PyTorch location  : /soft/applications/conda/2025-09-28/mconda3/lib/python3.12/site-packages/torch/__init__.py
CUDA available    : True 4
cuDNN             : 91300
MPI available     : True
mpi4py            : MPI VERSION    : CRAY MPICH version 9.0.1.498 (ANL base 4.1.2)
mpi4py rank test  : rank 0 OK
ZFP_HOME          : /home/mrest/mpiAllReduceCompressed/zfp-install
ZFP lib           : lrwxrwxrwx 1 mrest users 11 May 17 22:11 /home/mrest/mpiAllReduceCompressed/zfp-install/lib64/libzfp.so -> libzfp.so.1
ZFP include       : -rw-r--r-- 1 mrest users 35180 May 17 18:17 /home/mrest/mpiAllReduceCompressed/zfp-install/include/zfp.h
=============================================
=== Starting training ===

================================================================================
DISTRIBUTED TRAINING LAUNCHER
================================================================================
  Model:      resnext101_32x8d (CIFAR stem) (pretrained)
  Dataset:    cifar10 (10 classes)
  Backend:    nccl
  Algorithm:  ring
  Epochs:     10
  Batch/rank: 128
  LR:         0.001
================================================================================


================================================================================
Distributed Training: RESNEXT101_32X8D on CIFAR10
Backend: NCCL, Algorithm: ring
================================================================================
Ranks: 4, Epochs: 10, Batch/rank: 128, Effective batch: 512
LR: 0.001, Device: cuda:0

[Setup] Model on cuda:0, wrapped in DDP (static_graph=True)
[Setup] Hook registered: nccl/ring
[Data] Train batches: 98, Val batches: 20


[Epoch 1] Training... (lr=0.000001)

================================================================================
DISTRIBUTED TRAINING LAUNCHER
================================================================================
  Model:      resnext101_32x8d (CIFAR stem) (pretrained)
  Dataset:    cifar10 (10 classes)
  Backend:    nccl
  Algorithm:  ring
  Epochs:     10
  Batch/rank: 128
  LR:         0.001
================================================================================


================================================================================
DISTRIBUTED TRAINING LAUNCHER
================================================================================
  Model:      resnext101_32x8d (CIFAR stem) (pretrained)
  Dataset:    cifar10 (10 classes)
  Backend:    nccl
  Algorithm:  ring
  Epochs:     10
  Batch/rank: 128
  LR:         0.001
================================================================================


================================================================================
DISTRIBUTED TRAINING LAUNCHER
================================================================================
  Model:      resnext101_32x8d (CIFAR stem) (pretrained)
  Dataset:    cifar10 (10 classes)
  Backend:    nccl
  Algorithm:  ring
  Epochs:     10
  Batch/rank: 128
  LR:         0.001
================================================================================

  Batch [50/98] Loss: 2.3110, Acc: 11.11%
[Epoch 1] Train Loss: 2.3109, Acc: 10.94%  |  Val Loss: 2.3159, Acc: 10.72%  |  Time: 27.5s
  -> Best model saved (10.72%)

[Epoch 2] Training... (lr=0.000201)
  Batch [50/98] Loss: 2.3047, Acc: 12.06%
[Epoch 2] Train Loss: 2.2963, Acc: 12.79%  |  Val Loss: 2.2763, Acc: 15.96%  |  Time: 19.0s
  -> Best model saved (15.96%)

[Epoch 3] Training... (lr=0.000401)
  Batch [50/98] Loss: 2.2665, Acc: 16.64%
[Epoch 3] Train Loss: 2.2514, Acc: 18.42%  |  Val Loss: 2.2095, Acc: 25.32%  |  Time: 19.0s
  -> Best model saved (25.32%)

[Epoch 4] Training... (lr=0.000600)
  Batch [50/98] Loss: 2.1944, Acc: 25.67%
[Epoch 4] Train Loss: 2.1684, Acc: 27.62%  |  Val Loss: 2.1025, Acc: 32.28%  |  Time: 19.0s
  -> Best model saved (32.28%)

[Epoch 5] Training... (lr=0.000800)
  Batch [50/98] Loss: 2.0745, Acc: 35.36%
[Epoch 5] Train Loss: 2.0428, Acc: 36.28%  |  Val Loss: 1.9529, Acc: 40.12%  |  Time: 19.0s
  -> Best model saved (40.12%)

[Epoch 6] Training... (lr=0.001000)
  Batch [50/98] Loss: 1.9153, Acc: 41.48%
[Epoch 6] Train Loss: 1.8751, Acc: 42.14%  |  Val Loss: 1.7605, Acc: 46.92%  |  Time: 19.0s
  -> Best model saved (46.92%)

[Epoch 7] Training... (lr=0.000905)
  Batch [50/98] Loss: 1.7401, Acc: 47.02%
[Epoch 7] Train Loss: 1.7031, Acc: 48.19%  |  Val Loss: 1.6090, Acc: 50.96%  |  Time: 19.0s
  -> Best model saved (50.96%)

[Epoch 8] Training... (lr=0.000655)
  Batch [50/98] Loss: 1.6096, Acc: 49.95%
[Epoch 8] Train Loss: 1.5818, Acc: 51.31%  |  Val Loss: 1.5002, Acc: 54.76%  |  Time: 19.0s
  -> Best model saved (54.76%)

[Epoch 9] Training... (lr=0.000345)
  Batch [50/98] Loss: 1.5237, Acc: 52.70%
[Epoch 9] Train Loss: 1.4986, Acc: 53.51%  |  Val Loss: 1.4521, Acc: 56.56%  |  Time: 19.0s
  -> Best model saved (56.56%)

[Epoch 10] Training... (lr=0.000095)
  Batch [50/98] Loss: 1.4653, Acc: 54.72%
[Epoch 10] Train Loss: 1.4618, Acc: 55.00%  |  Val Loss: 1.4341, Acc: 57.24%  |  Time: 19.0s
  -> Best model saved (57.24%)

================================================================================
Done in 209.8s | Best val acc: 57.24%
Epoch times: mean=19.8s  min=19.0s  max=27.5s
================================================================================
=== Job finished: Wed May 20 02:25:15 PM UTC 2026 ===
