
================================================================================
Distributed Training: WIDE_RESNET50_2 on CIFAR10
Backend: MPI, Algorithm: built-in (no hook)
================================================================================
Ranks: 8, Epochs: 20, Batch/rank: 16, Effective batch: 128
LR: 0.001, Device: cuda:0

[Setup] Model on cuda:0, wrapped in DDP (static_graph=True)
[Setup] No hook — using DDP built-in MPI allreduce
[Data] Train batches: 391, Val batches: 79


[Epoch 1] Training... (lr=0.000001)
  Batch [50/391] Loss: 2.3765, Acc: 10.12%
  Batch [100/391] Loss: 2.3738, Acc: 10.00%
  Batch [150/391] Loss: 2.3703, Acc: 10.29%
  Batch [200/391] Loss: 2.3709, Acc: 9.91%
  Batch [250/391] Loss: 2.3685, Acc: 10.00%
  Batch [300/391] Loss: 2.3730, Acc: 9.90%
  Batch [350/391] Loss: 2.3684, Acc: 10.11%
[Epoch 1] Train Loss: 2.3721, Acc: 10.02%  |  Val Loss: 7235.5328, Acc: 9.84%  |  Time: 18.7s
  -> Best model saved (9.84%)
[Epoch 1] Summarizing hook timing...
[HOOK_TIMING_SUMMARY] epoch=1 no hook timing samples
[Epoch 1] Hook timing summary done

[Epoch 2] Training... (lr=0.001000)
  Batch [50/391] Loss: 2.2466, Acc: 18.25%
  Batch [100/391] Loss: 2.1791, Acc: 20.69%
  Batch [150/391] Loss: 2.1201, Acc: 23.75%
  Batch [200/391] Loss: 2.0521, Acc: 26.38%
  Batch [250/391] Loss: 1.9911, Acc: 28.60%
  Batch [300/391] Loss: 1.9268, Acc: 31.04%
  Batch [350/391] Loss: 1.8758, Acc: 32.86%
[Epoch 2] Train Loss: 1.8417, Acc: 34.27%  |  Val Loss: 1.4755, Acc: 53.60%  |  Time: 16.7s
  -> Best model saved (53.60%)
[Epoch 2] Summarizing hook timing...
[HOOK_TIMING_SUMMARY] epoch=2 no hook timing samples
[Epoch 2] Hook timing summary done

[Epoch 3] Training... (lr=0.000993)
  Batch [50/391] Loss: 1.4274, Acc: 49.38%
  Batch [100/391] Loss: 1.4018, Acc: 49.38%
  Batch [150/391] Loss: 1.3659, Acc: 51.71%
  Batch [200/391] Loss: 1.3477, Acc: 53.09%
  Batch [250/391] Loss: 1.3246, Acc: 54.00%
  Batch [300/391] Loss: 1.3128, Acc: 54.69%
  Batch [350/391] Loss: 1.2978, Acc: 55.07%
[Epoch 3] Train Loss: 1.2940, Acc: 55.30%  |  Val Loss: 1.0154, Acc: 66.96%  |  Time: 16.6s
  -> Best model saved (66.96%)
[Epoch 3] Summarizing hook timing...
[HOOK_TIMING_SUMMARY] epoch=3 no hook timing samples
[Epoch 3] Hook timing summary done

[Epoch 4] Training... (lr=0.000973)
  Batch [50/391] Loss: 1.1325, Acc: 61.12%
  Batch [100/391] Loss: 1.1614, Acc: 60.38%
  Batch [150/391] Loss: 1.1409, Acc: 61.21%
  Batch [200/391] Loss: 1.1298, Acc: 61.06%
  Batch [250/391] Loss: 1.1223, Acc: 61.67%
  Batch [300/391] Loss: 1.1177, Acc: 61.52%
  Batch [350/391] Loss: 1.1114, Acc: 62.11%
[Epoch 4] Train Loss: 1.1018, Acc: 62.37%  |  Val Loss: 1.0323, Acc: 72.56%  |  Time: 16.5s
  -> Best model saved (72.56%)
[Epoch 4] Summarizing hook timing...
[HOOK_TIMING_SUMMARY] epoch=4 no hook timing samples
[Epoch 4] Hook timing summary done

[Epoch 5] Training... (lr=0.000940)
  Batch [50/391] Loss: 1.0271, Acc: 64.12%
  Batch [100/391] Loss: 1.0326, Acc: 63.81%
  Batch [150/391] Loss: 1.0079, Acc: 64.58%
  Batch [200/391] Loss: 1.0022, Acc: 64.91%
  Batch [250/391] Loss: 0.9960, Acc: 65.00%
  Batch [300/391] Loss: 0.9942, Acc: 65.06%
  Batch [350/391] Loss: 1.0034, Acc: 64.89%
[Epoch 5] Train Loss: 1.0038, Acc: 64.96%  |  Val Loss: 0.9625, Acc: 74.32%  |  Time: 16.6s
  -> Best model saved (74.32%)
[Epoch 5] Summarizing hook timing...
[HOOK_TIMING_SUMMARY] epoch=5 no hook timing samples
[Epoch 5] Hook timing summary done

[Epoch 6] Training... (lr=0.000895)
  Batch [50/391] Loss: 0.9424, Acc: 66.62%
  Batch [100/391] Loss: 0.9626, Acc: 66.50%
  Batch [150/391] Loss: 0.9970, Acc: 65.00%
  Batch [200/391] Loss: 0.9872, Acc: 65.78%
  Batch [250/391] Loss: 0.9915, Acc: 64.80%
  Batch [300/391] Loss: 0.9906, Acc: 64.98%
  Batch [350/391] Loss: 0.9921, Acc: 65.09%
[Epoch 6] Train Loss: 0.9865, Acc: 65.34%  |  Val Loss: 0.8092, Acc: 75.20%  |  Time: 16.5s
  -> Best model saved (75.20%)
[Epoch 6] Summarizing hook timing...
[HOOK_TIMING_SUMMARY] epoch=6 no hook timing samples
[Epoch 6] Hook timing summary done

[Epoch 7] Training... (lr=0.000839)
  Batch [50/391] Loss: 0.9464, Acc: 66.75%
  Batch [100/391] Loss: 0.8967, Acc: 69.50%
  Batch [150/391] Loss: 0.9048, Acc: 68.71%
  Batch [200/391] Loss: 0.9054, Acc: 68.72%
  Batch [250/391] Loss: 0.9032, Acc: 68.70%
  Batch [300/391] Loss: 0.8903, Acc: 68.92%
  Batch [350/391] Loss: 0.8792, Acc: 69.32%
[Epoch 7] Train Loss: 0.8860, Acc: 69.28%  |  Val Loss: 0.7385, Acc: 78.32%  |  Time: 16.6s
  -> Best model saved (78.32%)
[Epoch 7] Summarizing hook timing...
[HOOK_TIMING_SUMMARY] epoch=7 no hook timing samples
[Epoch 7] Hook timing summary done

[Epoch 8] Training... (lr=0.000773)
  Batch [50/391] Loss: 0.8785, Acc: 70.25%
  Batch [100/391] Loss: 0.8613, Acc: 70.38%
  Batch [150/391] Loss: 0.8887, Acc: 69.08%
  Batch [200/391] Loss: 0.8859, Acc: 69.16%
  Batch [250/391] Loss: 0.8860, Acc: 69.28%
  Batch [300/391] Loss: 0.8933, Acc: 68.90%
  Batch [350/391] Loss: 0.9056, Acc: 68.48%
[Epoch 8] Train Loss: 0.9176, Acc: 67.90%  |  Val Loss: 0.8306, Acc: 74.64%  |  Time: 16.6s
[Epoch 8] Summarizing hook timing...
[HOOK_TIMING_SUMMARY] epoch=8 no hook timing samples
[Epoch 8] Hook timing summary done

[Epoch 9] Training... (lr=0.000701)
  Batch [50/391] Loss: 0.9746, Acc: 65.00%
  Batch [100/391] Loss: 0.9512, Acc: 66.88%
  Batch [150/391] Loss: 0.9431, Acc: 66.71%
  Batch [200/391] Loss: 0.9221, Acc: 67.44%
  Batch [250/391] Loss: 0.9099, Acc: 68.03%
  Batch [300/391] Loss: 0.8997, Acc: 68.46%
  Batch [350/391] Loss: 0.8941, Acc: 68.86%
[Epoch 9] Train Loss: 0.8899, Acc: 68.88%  |  Val Loss: 0.6584, Acc: 78.08%  |  Time: 16.6s
[Epoch 9] Summarizing hook timing...
[HOOK_TIMING_SUMMARY] epoch=9 no hook timing samples
[Epoch 9] Hook timing summary done

[Epoch 10] Training... (lr=0.000623)
  Batch [50/391] Loss: 0.8267, Acc: 70.62%
  Batch [100/391] Loss: 0.8548, Acc: 69.50%
  Batch [150/391] Loss: 0.8392, Acc: 70.29%
  Batch [200/391] Loss: 0.8489, Acc: 70.34%
  Batch [250/391] Loss: 0.8530, Acc: 70.15%
  Batch [300/391] Loss: 0.8537, Acc: 70.04%
  Batch [350/391] Loss: 0.8542, Acc: 70.11%
[Epoch 10] Train Loss: 0.8469, Acc: 70.42%  |  Val Loss: 0.6351, Acc: 79.52%  |  Time: 16.5s
  -> Best model saved (79.52%)
[Epoch 10] Summarizing hook timing...
[HOOK_TIMING_SUMMARY] epoch=10 no hook timing samples
[Epoch 10] Hook timing summary done

[Epoch 11] Training... (lr=0.000541)
  Batch [50/391] Loss: 0.8202, Acc: 70.25%
  Batch [100/391] Loss: 0.8385, Acc: 70.00%
  Batch [150/391] Loss: 0.8289, Acc: 70.83%
  Batch [200/391] Loss: 0.8363, Acc: 70.56%
  Batch [250/391] Loss: 0.8320, Acc: 70.70%
  Batch [300/391] Loss: 0.8211, Acc: 71.02%
  Batch [350/391] Loss: 0.8141, Acc: 71.25%
[Epoch 11] Train Loss: 0.8140, Acc: 71.36%  |  Val Loss: 0.8264, Acc: 76.88%  |  Time: 16.6s
[Epoch 11] Summarizing hook timing...
[HOOK_TIMING_SUMMARY] epoch=11 no hook timing samples
[Epoch 11] Hook timing summary done

[Epoch 12] Training... (lr=0.000459)
  Batch [50/391] Loss: 0.8192, Acc: 70.50%
  Batch [100/391] Loss: 0.7901, Acc: 72.50%
  Batch [150/391] Loss: 0.7985, Acc: 72.25%
  Batch [200/391] Loss: 0.7931, Acc: 72.12%
  Batch [250/391] Loss: 0.7853, Acc: 72.22%
  Batch [300/391] Loss: 0.7889, Acc: 72.50%
  Batch [350/391] Loss: 0.7935, Acc: 72.34%
[Epoch 12] Train Loss: 0.7904, Acc: 72.54%  |  Val Loss: 0.6664, Acc: 79.44%  |  Time: 16.4s
[Epoch 12] Summarizing hook timing...
[HOOK_TIMING_SUMMARY] epoch=12 no hook timing samples
[Epoch 12] Hook timing summary done

[Epoch 13] Training... (lr=0.000377)
  Batch [50/391] Loss: 0.8096, Acc: 70.50%
  Batch [100/391] Loss: 0.7675, Acc: 72.69%
  Batch [150/391] Loss: 0.7644, Acc: 72.83%
  Batch [200/391] Loss: 0.7827, Acc: 72.31%
  Batch [250/391] Loss: 0.7766, Acc: 72.65%
  Batch [300/391] Loss: 0.7782, Acc: 72.60%
  Batch [350/391] Loss: 0.7695, Acc: 72.88%
[Epoch 13] Train Loss: 0.7731, Acc: 72.86%  |  Val Loss: 0.6281, Acc: 80.24%  |  Time: 16.5s
  -> Best model saved (80.24%)
[Epoch 13] Summarizing hook timing...
[HOOK_TIMING_SUMMARY] epoch=13 no hook timing samples
[Epoch 13] Hook timing summary done

[Epoch 14] Training... (lr=0.000299)
  Batch [50/391] Loss: 0.7793, Acc: 71.12%
  Batch [100/391] Loss: 0.7987, Acc: 71.12%
  Batch [150/391] Loss: 0.7862, Acc: 71.96%
  Batch [200/391] Loss: 0.7911, Acc: 72.56%
  Batch [250/391] Loss: 0.7778, Acc: 73.60%
  Batch [300/391] Loss: 0.7824, Acc: 73.06%
  Batch [350/391] Loss: 0.7806, Acc: 73.09%
[Epoch 14] Train Loss: 0.7776, Acc: 73.14%  |  Val Loss: 0.5948, Acc: 80.16%  |  Time: 16.3s
[Epoch 14] Summarizing hook timing...
[HOOK_TIMING_SUMMARY] epoch=14 no hook timing samples
[Epoch 14] Hook timing summary done

[Epoch 15] Training... (lr=0.000227)
  Batch [50/391] Loss: 0.7261, Acc: 75.38%
  Batch [100/391] Loss: 0.7675, Acc: 73.62%
  Batch [150/391] Loss: 0.7363, Acc: 75.00%
  Batch [200/391] Loss: 0.7313, Acc: 75.09%
  Batch [250/391] Loss: 0.7240, Acc: 75.38%
  Batch [300/391] Loss: 0.7352, Acc: 74.85%
  Batch [350/391] Loss: 0.7315, Acc: 74.86%
[Epoch 15] Train Loss: 0.7304, Acc: 74.67%  |  Val Loss: 0.5854, Acc: 80.32%  |  Time: 16.3s
  -> Best model saved (80.32%)
[Epoch 15] Summarizing hook timing...
[HOOK_TIMING_SUMMARY] epoch=15 no hook timing samples
[Epoch 15] Hook timing summary done

[Epoch 16] Training... (lr=0.000161)
  Batch [50/391] Loss: 0.7461, Acc: 75.00%
  Batch [100/391] Loss: 0.7250, Acc: 76.12%
  Batch [150/391] Loss: 0.7152, Acc: 76.33%
  Batch [200/391] Loss: 0.7153, Acc: 76.06%
  Batch [250/391] Loss: 0.7175, Acc: 75.62%
  Batch [300/391] Loss: 0.7180, Acc: 75.60%
  Batch [350/391] Loss: 0.7269, Acc: 75.30%
[Epoch 16] Train Loss: 0.7260, Acc: 75.22%  |  Val Loss: 0.5855, Acc: 80.88%  |  Time: 16.5s
  -> Best model saved (80.88%)
[Epoch 16] Summarizing hook timing...
[HOOK_TIMING_SUMMARY] epoch=16 no hook timing samples
[Epoch 16] Hook timing summary done

[Epoch 17] Training... (lr=0.000105)
  Batch [50/391] Loss: 0.6888, Acc: 76.38%
  Batch [100/391] Loss: 0.6463, Acc: 77.62%
  Batch [150/391] Loss: 0.6833, Acc: 76.29%
  Batch [200/391] Loss: 0.6919, Acc: 76.12%
  Batch [250/391] Loss: 0.6965, Acc: 75.83%
  Batch [300/391] Loss: 0.7064, Acc: 75.35%
  Batch [350/391] Loss: 0.7045, Acc: 75.50%
[Epoch 17] Train Loss: 0.7147, Acc: 75.17%  |  Val Loss: 0.5593, Acc: 82.08%  |  Time: 16.4s
  -> Best model saved (82.08%)
[Epoch 17] Summarizing hook timing...
[HOOK_TIMING_SUMMARY] epoch=17 no hook timing samples
[Epoch 17] Hook timing summary done

[Epoch 18] Training... (lr=0.000060)
  Batch [50/391] Loss: 0.7328, Acc: 75.75%
  Batch [100/391] Loss: 0.7325, Acc: 76.38%
  Batch [150/391] Loss: 0.7227, Acc: 75.96%
  Batch [200/391] Loss: 0.7218, Acc: 76.00%
  Batch [250/391] Loss: 0.7304, Acc: 75.50%
  Batch [300/391] Loss: 0.7326, Acc: 75.10%
  Batch [350/391] Loss: 0.7314, Acc: 75.21%
[Epoch 18] Train Loss: 0.7257, Acc: 75.39%  |  Val Loss: 0.5705, Acc: 81.28%  |  Time: 16.3s
[Epoch 18] Summarizing hook timing...
[HOOK_TIMING_SUMMARY] epoch=18 no hook timing samples
[Epoch 18] Hook timing summary done

[Epoch 19] Training... (lr=0.000027)
  Batch [50/391] Loss: 0.6515, Acc: 76.62%
  Batch [100/391] Loss: 0.6811, Acc: 76.44%
  Batch [150/391] Loss: 0.6827, Acc: 76.29%
  Batch [200/391] Loss: 0.6993, Acc: 76.19%
  Batch [250/391] Loss: 0.7014, Acc: 76.05%
  Batch [300/391] Loss: 0.7021, Acc: 75.60%
  Batch [350/391] Loss: 0.6967, Acc: 75.80%
[Epoch 19] Train Loss: 0.6965, Acc: 75.86%  |  Val Loss: 0.5851, Acc: 80.48%  |  Time: 16.4s
[Epoch 19] Summarizing hook timing...
[HOOK_TIMING_SUMMARY] epoch=19 no hook timing samples
[Epoch 19] Hook timing summary done

[Epoch 20] Training... (lr=0.000007)
  Batch [50/391] Loss: 0.7242, Acc: 73.50%
  Batch [100/391] Loss: 0.7248, Acc: 74.38%
  Batch [150/391] Loss: 0.7215, Acc: 75.08%
  Batch [200/391] Loss: 0.7119, Acc: 75.59%
  Batch [250/391] Loss: 0.7118, Acc: 75.50%
  Batch [300/391] Loss: 0.7130, Acc: 75.38%
  Batch [350/391] Loss: 0.7053, Acc: 75.77%
[Epoch 20] Train Loss: 0.7048, Acc: 75.86%  |  Val Loss: 0.5738, Acc: 81.20%  |  Time: 16.4s
[Epoch 20] Summarizing hook timing...
[HOOK_TIMING_SUMMARY] epoch=20 no hook timing samples
[Epoch 20] Hook timing summary done

================================================================================
Done in 342.4s | Best val acc: 82.08%
Epoch times: mean=16.6s  min=16.3s  max=18.7s
================================================================================
