
================================================================================
Distributed Training: WIDE_RESNET50_2 on CIFAR10
Backend: MPI, Algorithm: ring
================================================================================
Ranks: 8, Epochs: 20, Batch/rank: 16, Effective batch: 128
LR: 0.001, Device: cuda:0

[Setup] Model on cuda:0, wrapped in DDP (static_graph=True)
[Setup] Hook registered: mpi/ring
[Data] Train batches: 391, Val batches: 79


[Epoch 1] Training... (lr=0.000001)
  Batch [50/391] Loss: 2.3765, Acc: 10.00%
  Batch [100/391] Loss: 2.3736, Acc: 9.75%
  Batch [150/391] Loss: 2.3698, Acc: 10.00%
  Batch [200/391] Loss: 2.3712, Acc: 9.66%
  Batch [250/391] Loss: 2.3685, Acc: 9.85%
  Batch [300/391] Loss: 2.3730, Acc: 9.77%
  Batch [350/391] Loss: 2.3684, Acc: 10.12%
[Epoch 1] Train Loss: 2.3720, Acc: 10.08%  |  Val Loss: 7341.5223, Acc: 9.92%  |  Time: 21.4s
  -> Best model saved (9.92%)
[Epoch 1] Summarizing hook timing...

[HOOK_TIMING_SUMMARY] epoch=1
[HOOK_WORK_SUMMARY] label=mpi:ring calls=3114 work_total_ms=14754.752 work_mean_ms=4.738 work_min_ms=2.682 work_max_ms=51.210
[HOOK_TAIL_SUMMARY] label=mpi:ring steps=392 tail_total_ms=11203.209 tail_mean_ms=28.580 tail_min_ms=3.224 tail_max_ms=54.908
[Epoch 1] Hook timing summary done

[Epoch 2] Training... (lr=0.001000)
  Batch [50/391] Loss: 2.2840, Acc: 15.25%
  Batch [100/391] Loss: 2.2088, Acc: 19.12%
  Batch [150/391] Loss: 2.1242, Acc: 23.50%
  Batch [200/391] Loss: 2.0425, Acc: 26.88%
  Batch [250/391] Loss: 1.9808, Acc: 29.43%
  Batch [300/391] Loss: 1.9174, Acc: 31.44%
  Batch [350/391] Loss: 1.8661, Acc: 33.39%
[Epoch 2] Train Loss: 1.8303, Acc: 34.91%  |  Val Loss: 1.9152, Acc: 55.84%  |  Time: 20.2s
  -> Best model saved (55.84%)
[Epoch 2] Summarizing hook timing...

[HOOK_TIMING_SUMMARY] epoch=2
[HOOK_WORK_SUMMARY] label=mpi:ring calls=3128 work_total_ms=14617.061 work_mean_ms=4.673 work_min_ms=2.698 work_max_ms=7.707
[HOOK_TAIL_SUMMARY] label=mpi:ring steps=391 tail_total_ms=11118.765 tail_mean_ms=28.437 tail_min_ms=26.154 tail_max_ms=29.651
[Epoch 2] Hook timing summary done

[Epoch 3] Training... (lr=0.000993)
  Batch [50/391] Loss: 1.4263, Acc: 49.62%
  Batch [100/391] Loss: 1.4036, Acc: 50.19%
  Batch [150/391] Loss: 1.3646, Acc: 52.04%
  Batch [200/391] Loss: 1.3424, Acc: 53.06%
  Batch [250/391] Loss: 1.3330, Acc: 53.38%
  Batch [300/391] Loss: 1.3176, Acc: 53.98%
  Batch [350/391] Loss: 1.2997, Acc: 54.59%
[Epoch 3] Train Loss: 1.2918, Acc: 55.02%  |  Val Loss: 1.0411, Acc: 66.88%  |  Time: 20.4s
  -> Best model saved (66.88%)
[Epoch 3] Summarizing hook timing...

[HOOK_TIMING_SUMMARY] epoch=3
[HOOK_WORK_SUMMARY] label=mpi:ring calls=3128 work_total_ms=14704.254 work_mean_ms=4.701 work_min_ms=2.705 work_max_ms=8.035
[HOOK_TAIL_SUMMARY] label=mpi:ring steps=391 tail_total_ms=11174.416 tail_mean_ms=28.579 tail_min_ms=26.530 tail_max_ms=29.674
[Epoch 3] Hook timing summary done

[Epoch 4] Training... (lr=0.000973)
  Batch [50/391] Loss: 1.1571, Acc: 59.75%
  Batch [100/391] Loss: 1.1535, Acc: 59.50%
  Batch [150/391] Loss: 1.1405, Acc: 60.04%
  Batch [200/391] Loss: 1.1356, Acc: 59.78%
  Batch [250/391] Loss: 1.1234, Acc: 60.52%
  Batch [300/391] Loss: 1.1219, Acc: 60.50%
  Batch [350/391] Loss: 1.1208, Acc: 60.84%
[Epoch 4] Train Loss: 1.1104, Acc: 61.22%  |  Val Loss: 0.8624, Acc: 72.00%  |  Time: 20.0s
  -> Best model saved (72.00%)
[Epoch 4] Summarizing hook timing...

[HOOK_TIMING_SUMMARY] epoch=4
[HOOK_WORK_SUMMARY] label=mpi:ring calls=3128 work_total_ms=14444.583 work_mean_ms=4.618 work_min_ms=2.696 work_max_ms=7.810
[HOOK_TAIL_SUMMARY] label=mpi:ring steps=391 tail_total_ms=10914.186 tail_mean_ms=27.914 tail_min_ms=26.188 tail_max_ms=28.620
[Epoch 4] Hook timing summary done

[Epoch 5] Training... (lr=0.000940)
  Batch [50/391] Loss: 1.0690, Acc: 61.12%
  Batch [100/391] Loss: 1.0508, Acc: 63.00%
  Batch [150/391] Loss: 1.0181, Acc: 63.71%
  Batch [200/391] Loss: 1.0060, Acc: 64.19%
  Batch [250/391] Loss: 1.0070, Acc: 64.20%
  Batch [300/391] Loss: 1.0090, Acc: 64.52%
  Batch [350/391] Loss: 1.0118, Acc: 64.41%
[Epoch 5] Train Loss: 1.0112, Acc: 64.64%  |  Val Loss: 0.8355, Acc: 75.92%  |  Time: 20.1s
  -> Best model saved (75.92%)
[Epoch 5] Summarizing hook timing...

[HOOK_TIMING_SUMMARY] epoch=5
[HOOK_WORK_SUMMARY] label=mpi:ring calls=3128 work_total_ms=14448.602 work_mean_ms=4.619 work_min_ms=2.687 work_max_ms=7.634
[HOOK_TAIL_SUMMARY] label=mpi:ring steps=391 tail_total_ms=10808.140 tail_mean_ms=27.642 tail_min_ms=26.198 tail_max_ms=28.394
[Epoch 5] Hook timing summary done

[Epoch 6] Training... (lr=0.000895)
  Batch [50/391] Loss: 0.9423, Acc: 68.12%
  Batch [100/391] Loss: 0.9193, Acc: 68.62%
  Batch [150/391] Loss: 0.9440, Acc: 67.58%
  Batch [200/391] Loss: 0.9371, Acc: 67.84%
  Batch [250/391] Loss: 0.9345, Acc: 67.62%
  Batch [300/391] Loss: 0.9365, Acc: 67.44%
  Batch [350/391] Loss: 0.9408, Acc: 67.39%
[Epoch 6] Train Loss: 0.9402, Acc: 67.60%  |  Val Loss: 0.9497, Acc: 74.48%  |  Time: 20.3s
[Epoch 6] Summarizing hook timing...

[HOOK_TIMING_SUMMARY] epoch=6
[HOOK_WORK_SUMMARY] label=mpi:ring calls=3128 work_total_ms=14721.669 work_mean_ms=4.706 work_min_ms=2.704 work_max_ms=7.702
[HOOK_TAIL_SUMMARY] label=mpi:ring steps=391 tail_total_ms=11103.536 tail_mean_ms=28.398 tail_min_ms=26.107 tail_max_ms=29.440
[Epoch 6] Hook timing summary done

[Epoch 7] Training... (lr=0.000839)
  Batch [50/391] Loss: 0.8826, Acc: 70.00%
  Batch [100/391] Loss: 0.8590, Acc: 71.31%
  Batch [150/391] Loss: 0.8556, Acc: 71.12%
  Batch [200/391] Loss: 0.8479, Acc: 71.00%
  Batch [250/391] Loss: 0.8484, Acc: 71.00%
  Batch [300/391] Loss: 0.8359, Acc: 71.35%
  Batch [350/391] Loss: 0.8318, Acc: 71.57%
[Epoch 7] Train Loss: 0.8338, Acc: 71.41%  |  Val Loss: 0.8879, Acc: 78.96%  |  Time: 20.3s
  -> Best model saved (78.96%)
[Epoch 7] Summarizing hook timing...

[HOOK_TIMING_SUMMARY] epoch=7
[HOOK_WORK_SUMMARY] label=mpi:ring calls=3128 work_total_ms=14923.191 work_mean_ms=4.771 work_min_ms=2.690 work_max_ms=23.561
[HOOK_TAIL_SUMMARY] label=mpi:ring steps=391 tail_total_ms=11538.149 tail_mean_ms=29.509 tail_min_ms=26.778 tail_max_ms=47.145
[Epoch 7] Hook timing summary done

[Epoch 8] Training... (lr=0.000773)
  Batch [50/391] Loss: 0.8121, Acc: 72.12%
  Batch [100/391] Loss: 0.7788, Acc: 73.12%
  Batch [150/391] Loss: 0.8235, Acc: 71.29%
  Batch [200/391] Loss: 0.8158, Acc: 71.84%
  Batch [250/391] Loss: 0.8280, Acc: 71.22%
  Batch [300/391] Loss: 0.8215, Acc: 71.40%
  Batch [350/391] Loss: 0.8216, Acc: 71.45%
[Epoch 8] Train Loss: 0.8221, Acc: 71.46%  |  Val Loss: 0.8220, Acc: 78.24%  |  Time: 20.1s
[Epoch 8] Summarizing hook timing...

[HOOK_TIMING_SUMMARY] epoch=8
[HOOK_WORK_SUMMARY] label=mpi:ring calls=3128 work_total_ms=14751.083 work_mean_ms=4.716 work_min_ms=2.673 work_max_ms=7.706
[HOOK_TAIL_SUMMARY] label=mpi:ring steps=391 tail_total_ms=11383.742 tail_mean_ms=29.114 tail_min_ms=26.504 tail_max_ms=30.364
[Epoch 8] Hook timing summary done

[Epoch 9] Training... (lr=0.000701)
  Batch [50/391] Loss: 0.8373, Acc: 71.00%
  Batch [100/391] Loss: 0.8266, Acc: 71.44%
  Batch [150/391] Loss: 0.8189, Acc: 71.54%
  Batch [200/391] Loss: 0.8031, Acc: 72.19%
  Batch [250/391] Loss: 0.7987, Acc: 72.45%
  Batch [300/391] Loss: 0.7903, Acc: 72.81%
  Batch [350/391] Loss: 0.7891, Acc: 73.02%
[Epoch 9] Train Loss: 0.7908, Acc: 72.78%  |  Val Loss: 0.7359, Acc: 80.32%  |  Time: 20.3s
  -> Best model saved (80.32%)
[Epoch 9] Summarizing hook timing...

[HOOK_TIMING_SUMMARY] epoch=9
[HOOK_WORK_SUMMARY] label=mpi:ring calls=3128 work_total_ms=14612.630 work_mean_ms=4.672 work_min_ms=2.681 work_max_ms=13.675
[HOOK_TAIL_SUMMARY] label=mpi:ring steps=391 tail_total_ms=11092.138 tail_mean_ms=28.369 tail_min_ms=27.353 tail_max_ms=37.266
[Epoch 9] Hook timing summary done

[Epoch 10] Training... (lr=0.000623)
  Batch [50/391] Loss: 0.7094, Acc: 75.75%
  Batch [100/391] Loss: 0.7408, Acc: 72.88%
  Batch [150/391] Loss: 0.7311, Acc: 73.29%
  Batch [200/391] Loss: 0.7442, Acc: 73.38%
  Batch [250/391] Loss: 0.7442, Acc: 73.62%
  Batch [300/391] Loss: 0.7415, Acc: 73.94%
  Batch [350/391] Loss: 0.7402, Acc: 74.07%
[Epoch 10] Train Loss: 0.7329, Acc: 74.26%  |  Val Loss: 1.0948, Acc: 81.04%  |  Time: 20.4s
  -> Best model saved (81.04%)
[Epoch 10] Summarizing hook timing...

[HOOK_TIMING_SUMMARY] epoch=10
[HOOK_WORK_SUMMARY] label=mpi:ring calls=3128 work_total_ms=14892.166 work_mean_ms=4.761 work_min_ms=2.683 work_max_ms=7.969
[HOOK_TAIL_SUMMARY] label=mpi:ring steps=391 tail_total_ms=11481.514 tail_mean_ms=29.364 tail_min_ms=26.494 tail_max_ms=30.959
[Epoch 10] Hook timing summary done

[Epoch 11] Training... (lr=0.000541)
  Batch [50/391] Loss: 0.7340, Acc: 76.25%
  Batch [100/391] Loss: 0.7441, Acc: 75.12%
  Batch [150/391] Loss: 0.7522, Acc: 74.00%
  Batch [200/391] Loss: 0.7515, Acc: 73.94%
  Batch [250/391] Loss: 0.7370, Acc: 74.70%
  Batch [300/391] Loss: 0.7297, Acc: 75.15%
  Batch [350/391] Loss: 0.7239, Acc: 75.25%
[Epoch 11] Train Loss: 0.7208, Acc: 75.36%  |  Val Loss: 0.8753, Acc: 80.00%  |  Time: 20.0s
[Epoch 11] Summarizing hook timing...

[HOOK_TIMING_SUMMARY] epoch=11
[HOOK_WORK_SUMMARY] label=mpi:ring calls=3128 work_total_ms=14651.121 work_mean_ms=4.684 work_min_ms=2.696 work_max_ms=7.707
[HOOK_TAIL_SUMMARY] label=mpi:ring steps=391 tail_total_ms=11277.849 tail_mean_ms=28.844 tail_min_ms=26.064 tail_max_ms=29.708
[Epoch 11] Hook timing summary done

[Epoch 12] Training... (lr=0.000459)
  Batch [50/391] Loss: 0.7087, Acc: 75.88%
  Batch [100/391] Loss: 0.6953, Acc: 75.88%
  Batch [150/391] Loss: 0.6963, Acc: 75.88%
  Batch [200/391] Loss: 0.6952, Acc: 75.88%
  Batch [250/391] Loss: 0.6910, Acc: 75.78%
  Batch [300/391] Loss: 0.6962, Acc: 75.71%
  Batch [350/391] Loss: 0.6984, Acc: 75.68%
[Epoch 12] Train Loss: 0.6929, Acc: 75.92%  |  Val Loss: 0.6710, Acc: 81.92%  |  Time: 20.2s
  -> Best model saved (81.92%)
[Epoch 12] Summarizing hook timing...

[HOOK_TIMING_SUMMARY] epoch=12
[HOOK_WORK_SUMMARY] label=mpi:ring calls=3128 work_total_ms=14840.658 work_mean_ms=4.744 work_min_ms=2.684 work_max_ms=7.571
[HOOK_TAIL_SUMMARY] label=mpi:ring steps=391 tail_total_ms=11475.578 tail_mean_ms=29.349 tail_min_ms=26.917 tail_max_ms=30.267
[Epoch 12] Hook timing summary done

[Epoch 13] Training... (lr=0.000377)
  Batch [50/391] Loss: 0.7027, Acc: 74.50%
  Batch [100/391] Loss: 0.6809, Acc: 75.75%
  Batch [150/391] Loss: 0.6688, Acc: 76.71%
  Batch [200/391] Loss: 0.6770, Acc: 76.16%
  Batch [250/391] Loss: 0.6701, Acc: 76.30%
  Batch [300/391] Loss: 0.6665, Acc: 76.71%
  Batch [350/391] Loss: 0.6619, Acc: 76.88%
[Epoch 13] Train Loss: 0.6644, Acc: 76.78%  |  Val Loss: 0.7798, Acc: 80.88%  |  Time: 20.2s
[Epoch 13] Summarizing hook timing...

[HOOK_TIMING_SUMMARY] epoch=13
[HOOK_WORK_SUMMARY] label=mpi:ring calls=3128 work_total_ms=14887.563 work_mean_ms=4.759 work_min_ms=2.686 work_max_ms=7.772
[HOOK_TAIL_SUMMARY] label=mpi:ring steps=391 tail_total_ms=11513.518 tail_mean_ms=29.446 tail_min_ms=25.852 tail_max_ms=31.127
[Epoch 13] Hook timing summary done

[Epoch 14] Training... (lr=0.000299)
  Batch [50/391] Loss: 0.6937, Acc: 74.75%
  Batch [100/391] Loss: 0.7083, Acc: 74.94%
  Batch [150/391] Loss: 0.6974, Acc: 75.42%
  Batch [200/391] Loss: 0.6904, Acc: 75.88%
  Batch [250/391] Loss: 0.6860, Acc: 76.38%
  Batch [300/391] Loss: 0.7017, Acc: 75.90%
  Batch [350/391] Loss: 0.6991, Acc: 76.05%
[Epoch 14] Train Loss: 0.6924, Acc: 76.24%  |  Val Loss: 0.7648, Acc: 81.60%  |  Time: 20.2s
[Epoch 14] Summarizing hook timing...

[HOOK_TIMING_SUMMARY] epoch=14
[HOOK_WORK_SUMMARY] label=mpi:ring calls=3128 work_total_ms=14802.304 work_mean_ms=4.732 work_min_ms=2.682 work_max_ms=17.427
[HOOK_TAIL_SUMMARY] label=mpi:ring steps=391 tail_total_ms=11437.209 tail_mean_ms=29.251 tail_min_ms=28.039 tail_max_ms=42.110
[Epoch 14] Hook timing summary done

[Epoch 15] Training... (lr=0.000227)
  Batch [50/391] Loss: 0.6110, Acc: 78.62%
  Batch [100/391] Loss: 0.6716, Acc: 77.06%
  Batch [150/391] Loss: 0.6538, Acc: 77.17%
  Batch [200/391] Loss: 0.6502, Acc: 77.41%
  Batch [250/391] Loss: 0.6452, Acc: 77.58%
  Batch [300/391] Loss: 0.6554, Acc: 77.33%
  Batch [350/391] Loss: 0.6557, Acc: 77.34%
[Epoch 15] Train Loss: 0.6526, Acc: 77.46%  |  Val Loss: 1.1078, Acc: 81.28%  |  Time: 20.2s
[Epoch 15] Summarizing hook timing...

[HOOK_TIMING_SUMMARY] epoch=15
[HOOK_WORK_SUMMARY] label=mpi:ring calls=3128 work_total_ms=14711.303 work_mean_ms=4.703 work_min_ms=2.680 work_max_ms=7.564
[HOOK_TAIL_SUMMARY] label=mpi:ring steps=391 tail_total_ms=11278.176 tail_mean_ms=28.844 tail_min_ms=27.594 tail_max_ms=30.559
[Epoch 15] Hook timing summary done

[Epoch 16] Training... (lr=0.000161)
  Batch [50/391] Loss: 0.6816, Acc: 78.12%
  Batch [100/391] Loss: 0.6461, Acc: 78.69%
  Batch [150/391] Loss: 0.6447, Acc: 78.62%
  Batch [200/391] Loss: 0.6546, Acc: 78.03%
  Batch [250/391] Loss: 0.6485, Acc: 77.83%
  Batch [300/391] Loss: 0.6502, Acc: 77.81%
  Batch [350/391] Loss: 0.6579, Acc: 77.77%
[Epoch 16] Train Loss: 0.6577, Acc: 77.76%  |  Val Loss: 2.1445, Acc: 79.68%  |  Time: 20.3s
[Epoch 16] Summarizing hook timing...

[HOOK_TIMING_SUMMARY] epoch=16
[HOOK_WORK_SUMMARY] label=mpi:ring calls=3128 work_total_ms=14664.912 work_mean_ms=4.688 work_min_ms=2.718 work_max_ms=7.914
[HOOK_TAIL_SUMMARY] label=mpi:ring steps=391 tail_total_ms=11157.962 tail_mean_ms=28.537 tail_min_ms=27.252 tail_max_ms=29.557
[Epoch 16] Hook timing summary done

[Epoch 17] Training... (lr=0.000105)
  Batch [50/391] Loss: 0.6123, Acc: 78.38%
  Batch [100/391] Loss: 0.5927, Acc: 79.19%
  Batch [150/391] Loss: 0.6257, Acc: 78.46%
  Batch [200/391] Loss: 0.6342, Acc: 78.28%
  Batch [250/391] Loss: 0.6387, Acc: 77.97%
  Batch [300/391] Loss: 0.6443, Acc: 77.67%
  Batch [350/391] Loss: 0.6394, Acc: 78.20%
[Epoch 17] Train Loss: 0.6517, Acc: 77.73%  |  Val Loss: 1.7011, Acc: 78.88%  |  Time: 20.0s
[Epoch 17] Summarizing hook timing...

[HOOK_TIMING_SUMMARY] epoch=17
[HOOK_WORK_SUMMARY] label=mpi:ring calls=3128 work_total_ms=14643.227 work_mean_ms=4.681 work_min_ms=2.684 work_max_ms=8.109
[HOOK_TAIL_SUMMARY] label=mpi:ring steps=391 tail_total_ms=11274.114 tail_mean_ms=28.834 tail_min_ms=27.075 tail_max_ms=29.709
[Epoch 17] Hook timing summary done

[Epoch 18] Training... (lr=0.000060)
  Batch [50/391] Loss: 0.6359, Acc: 77.38%
  Batch [100/391] Loss: 0.6367, Acc: 77.62%
  Batch [150/391] Loss: 0.6264, Acc: 78.04%
  Batch [200/391] Loss: 0.6310, Acc: 77.66%
  Batch [250/391] Loss: 0.6470, Acc: 77.45%
  Batch [300/391] Loss: 0.6522, Acc: 77.04%
  Batch [350/391] Loss: 0.6539, Acc: 76.98%
[Epoch 18] Train Loss: 0.6499, Acc: 77.25%  |  Val Loss: 0.9429, Acc: 80.16%  |  Time: 20.0s
[Epoch 18] Summarizing hook timing...

[HOOK_TIMING_SUMMARY] epoch=18
[HOOK_WORK_SUMMARY] label=mpi:ring calls=3128 work_total_ms=14641.474 work_mean_ms=4.681 work_min_ms=2.682 work_max_ms=7.686
[HOOK_TAIL_SUMMARY] label=mpi:ring steps=391 tail_total_ms=11266.019 tail_mean_ms=28.813 tail_min_ms=27.318 tail_max_ms=29.480
[Epoch 18] Hook timing summary done

[Epoch 19] Training... (lr=0.000027)
  Batch [50/391] Loss: 0.5787, Acc: 79.50%
  Batch [100/391] Loss: 0.6225, Acc: 78.06%
  Batch [150/391] Loss: 0.6114, Acc: 78.79%
  Batch [200/391] Loss: 0.6286, Acc: 78.78%
  Batch [250/391] Loss: 0.6321, Acc: 78.65%
  Batch [300/391] Loss: 0.6307, Acc: 78.48%
  Batch [350/391] Loss: 0.6286, Acc: 78.46%
[Epoch 19] Train Loss: 0.6287, Acc: 78.32%  |  Val Loss: 0.8875, Acc: 80.24%  |  Time: 20.3s
[Epoch 19] Summarizing hook timing...

[HOOK_TIMING_SUMMARY] epoch=19
[HOOK_WORK_SUMMARY] label=mpi:ring calls=3128 work_total_ms=14702.141 work_mean_ms=4.700 work_min_ms=2.693 work_max_ms=13.978
[HOOK_TAIL_SUMMARY] label=mpi:ring steps=391 tail_total_ms=11241.154 tail_mean_ms=28.750 tail_min_ms=26.987 tail_max_ms=38.290
[Epoch 19] Hook timing summary done

[Epoch 20] Training... (lr=0.000007)
  Batch [50/391] Loss: 0.6280, Acc: 78.00%
  Batch [100/391] Loss: 0.6446, Acc: 77.75%
  Batch [150/391] Loss: 0.6468, Acc: 77.58%
  Batch [200/391] Loss: 0.6438, Acc: 77.75%
  Batch [250/391] Loss: 0.6423, Acc: 77.85%
  Batch [300/391] Loss: 0.6433, Acc: 77.67%
  Batch [350/391] Loss: 0.6382, Acc: 77.96%
[Epoch 20] Train Loss: 0.6401, Acc: 77.89%  |  Val Loss: 0.8267, Acc: 81.28%  |  Time: 20.3s
[Epoch 20] Summarizing hook timing...

[HOOK_TIMING_SUMMARY] epoch=20
[HOOK_WORK_SUMMARY] label=mpi:ring calls=3128 work_total_ms=14637.048 work_mean_ms=4.679 work_min_ms=2.676 work_max_ms=8.583
[HOOK_TAIL_SUMMARY] label=mpi:ring steps=391 tail_total_ms=11131.772 tail_mean_ms=28.470 tail_min_ms=27.000 tail_max_ms=33.056
[Epoch 20] Hook timing summary done

================================================================================
Done in 413.3s | Best val acc: 81.92%
Epoch times: mean=20.3s  min=20.0s  max=21.4s
================================================================================
