
================================================================================
Distributed Training: WIDE_RESNET50_2 on CIFAR10
Backend: MPI, Algorithm: recursive_doubling
================================================================================
Ranks: 8, Epochs: 20, Batch/rank: 16, Effective batch: 128
LR: 0.001, Device: cuda:0

[Setup] Model on cuda:0, wrapped in DDP (static_graph=True)
[Setup] Hook registered: mpi/recursive_doubling
[Data] Train batches: 391, Val batches: 79


[Epoch 1] Training... (lr=0.000001)
  Batch [50/391] Loss: 2.3764, Acc: 10.12%
  Batch [100/391] Loss: 2.3738, Acc: 9.88%
  Batch [150/391] Loss: 2.3704, Acc: 9.96%
  Batch [200/391] Loss: 2.3713, Acc: 9.75%
  Batch [250/391] Loss: 2.3687, Acc: 9.80%
  Batch [300/391] Loss: 2.3731, Acc: 9.67%
  Batch [350/391] Loss: 2.3684, Acc: 9.93%
[Epoch 1] Train Loss: 2.3721, Acc: 9.94%  |  Val Loss: 7333.9854, Acc: 10.16%  |  Time: 31.5s
  -> Best model saved (10.16%)
[Epoch 1] Summarizing hook timing...

[HOOK_TIMING_SUMMARY] epoch=1
[HOOK_WORK_SUMMARY] label=mpi:recursive_doubling calls=3114 work_total_ms=25007.365 work_mean_ms=8.031 work_min_ms=2.560 work_max_ms=72.128
[HOOK_TAIL_SUMMARY] label=mpi:recursive_doubling steps=392 tail_total_ms=21649.367 tail_mean_ms=55.228 tail_min_ms=4.125 tail_max_ms=76.298
[Epoch 1] Hook timing summary done

[Epoch 2] Training... (lr=0.001000)
  Batch [50/391] Loss: 2.2895, Acc: 14.38%
  Batch [100/391] Loss: 2.2037, Acc: 18.81%
  Batch [150/391] Loss: 2.1249, Acc: 22.50%
  Batch [200/391] Loss: 2.0475, Acc: 25.28%
  Batch [250/391] Loss: 1.9889, Acc: 28.07%
  Batch [300/391] Loss: 1.9293, Acc: 30.29%
  Batch [350/391] Loss: 1.8810, Acc: 32.34%
[Epoch 2] Train Loss: 1.8447, Acc: 34.13%  |  Val Loss: 4.3282, Acc: 55.92%  |  Time: 30.6s
  -> Best model saved (55.92%)
[Epoch 2] Summarizing hook timing...

[HOOK_TIMING_SUMMARY] epoch=2
[HOOK_WORK_SUMMARY] label=mpi:recursive_doubling calls=3128 work_total_ms=24998.346 work_mean_ms=7.992 work_min_ms=2.373 work_max_ms=22.815
[HOOK_TAIL_SUMMARY] label=mpi:recursive_doubling steps=391 tail_total_ms=21655.979 tail_mean_ms=55.386 tail_min_ms=49.259 tail_max_ms=61.031
[Epoch 2] Hook timing summary done

[Epoch 3] Training... (lr=0.000993)
  Batch [50/391] Loss: 1.4351, Acc: 51.00%
  Batch [100/391] Loss: 1.4100, Acc: 50.44%
  Batch [150/391] Loss: 1.3867, Acc: 51.46%
  Batch [200/391] Loss: 1.3518, Acc: 52.56%
  Batch [250/391] Loss: 1.3325, Acc: 53.67%
  Batch [300/391] Loss: 1.3160, Acc: 54.23%
  Batch [350/391] Loss: 1.3034, Acc: 54.80%
[Epoch 3] Train Loss: 1.2945, Acc: 55.06%  |  Val Loss: 0.9971, Acc: 66.64%  |  Time: 30.6s
  -> Best model saved (66.64%)
[Epoch 3] Summarizing hook timing...

[HOOK_TIMING_SUMMARY] epoch=3
[HOOK_WORK_SUMMARY] label=mpi:recursive_doubling calls=3128 work_total_ms=24901.221 work_mean_ms=7.961 work_min_ms=2.466 work_max_ms=23.560
[HOOK_TAIL_SUMMARY] label=mpi:recursive_doubling steps=391 tail_total_ms=21534.537 tail_mean_ms=55.076 tail_min_ms=49.691 tail_max_ms=62.025
[Epoch 3] Hook timing summary done

[Epoch 4] Training... (lr=0.000973)
  Batch [50/391] Loss: 1.1349, Acc: 60.12%
  Batch [100/391] Loss: 1.1600, Acc: 59.31%
  Batch [150/391] Loss: 1.1313, Acc: 60.38%
  Batch [200/391] Loss: 1.1227, Acc: 60.41%
  Batch [250/391] Loss: 1.1082, Acc: 60.90%
  Batch [300/391] Loss: 1.1077, Acc: 60.67%
  Batch [350/391] Loss: 1.1023, Acc: 60.98%
[Epoch 4] Train Loss: 1.0970, Acc: 61.31%  |  Val Loss: 0.8219, Acc: 74.32%  |  Time: 30.6s
  -> Best model saved (74.32%)
[Epoch 4] Summarizing hook timing...

[HOOK_TIMING_SUMMARY] epoch=4
[HOOK_WORK_SUMMARY] label=mpi:recursive_doubling calls=3128 work_total_ms=25170.222 work_mean_ms=8.047 work_min_ms=2.765 work_max_ms=21.939
[HOOK_TAIL_SUMMARY] label=mpi:recursive_doubling steps=391 tail_total_ms=21889.270 tail_mean_ms=55.983 tail_min_ms=49.206 tail_max_ms=61.108
[Epoch 4] Hook timing summary done

[Epoch 5] Training... (lr=0.000940)
  Batch [50/391] Loss: 1.0126, Acc: 63.75%
  Batch [100/391] Loss: 1.0176, Acc: 64.50%
  Batch [150/391] Loss: 0.9895, Acc: 65.46%
  Batch [200/391] Loss: 0.9927, Acc: 65.66%
  Batch [250/391] Loss: 0.9945, Acc: 65.47%
  Batch [300/391] Loss: 0.9912, Acc: 65.73%
  Batch [350/391] Loss: 0.9967, Acc: 65.52%
[Epoch 5] Train Loss: 0.9990, Acc: 65.58%  |  Val Loss: 0.7389, Acc: 76.88%  |  Time: 30.6s
  -> Best model saved (76.88%)
[Epoch 5] Summarizing hook timing...

[HOOK_TIMING_SUMMARY] epoch=5
[HOOK_WORK_SUMMARY] label=mpi:recursive_doubling calls=3128 work_total_ms=25232.039 work_mean_ms=8.067 work_min_ms=2.716 work_max_ms=21.912
[HOOK_TAIL_SUMMARY] label=mpi:recursive_doubling steps=391 tail_total_ms=21994.704 tail_mean_ms=56.252 tail_min_ms=50.147 tail_max_ms=63.592
[Epoch 5] Hook timing summary done

[Epoch 6] Training... (lr=0.000895)
  Batch [50/391] Loss: 0.9265, Acc: 68.62%
  Batch [100/391] Loss: 0.9300, Acc: 68.12%
  Batch [150/391] Loss: 0.9467, Acc: 67.38%
  Batch [200/391] Loss: 0.9325, Acc: 68.41%
  Batch [250/391] Loss: 0.9368, Acc: 67.95%
  Batch [300/391] Loss: 0.9403, Acc: 67.90%
  Batch [350/391] Loss: 0.9459, Acc: 67.70%
[Epoch 6] Train Loss: 0.9433, Acc: 67.70%  |  Val Loss: 0.6547, Acc: 77.68%  |  Time: 30.5s
  -> Best model saved (77.68%)
[Epoch 6] Summarizing hook timing...

[HOOK_TIMING_SUMMARY] epoch=6
[HOOK_WORK_SUMMARY] label=mpi:recursive_doubling calls=3128 work_total_ms=25076.249 work_mean_ms=8.017 work_min_ms=2.757 work_max_ms=22.842
[HOOK_TAIL_SUMMARY] label=mpi:recursive_doubling steps=391 tail_total_ms=21827.140 tail_mean_ms=55.824 tail_min_ms=48.863 tail_max_ms=60.627
[Epoch 6] Hook timing summary done

[Epoch 7] Training... (lr=0.000839)
  Batch [50/391] Loss: 0.8906, Acc: 69.62%
  Batch [100/391] Loss: 0.8565, Acc: 71.19%
  Batch [150/391] Loss: 0.8522, Acc: 70.71%
  Batch [200/391] Loss: 0.8470, Acc: 70.88%
  Batch [250/391] Loss: 0.8451, Acc: 70.65%
  Batch [300/391] Loss: 0.8312, Acc: 71.15%
  Batch [350/391] Loss: 0.8295, Acc: 71.25%
[Epoch 7] Train Loss: 0.8326, Acc: 71.30%  |  Val Loss: 0.6057, Acc: 80.80%  |  Time: 30.7s
  -> Best model saved (80.80%)
[Epoch 7] Summarizing hook timing...

[HOOK_TIMING_SUMMARY] epoch=7
[HOOK_WORK_SUMMARY] label=mpi:recursive_doubling calls=3128 work_total_ms=24914.904 work_mean_ms=7.965 work_min_ms=2.535 work_max_ms=22.842
[HOOK_TAIL_SUMMARY] label=mpi:recursive_doubling steps=391 tail_total_ms=21522.921 tail_mean_ms=55.046 tail_min_ms=49.085 tail_max_ms=62.102
[Epoch 7] Hook timing summary done

[Epoch 8] Training... (lr=0.000773)
  Batch [50/391] Loss: 0.8388, Acc: 70.38%
  Batch [100/391] Loss: 0.8242, Acc: 70.19%
  Batch [150/391] Loss: 0.8540, Acc: 69.58%
  Batch [200/391] Loss: 0.8571, Acc: 69.72%
  Batch [250/391] Loss: 0.8645, Acc: 69.50%
  Batch [300/391] Loss: 0.8533, Acc: 69.79%
  Batch [350/391] Loss: 0.8542, Acc: 69.57%
[Epoch 8] Train Loss: 0.8538, Acc: 69.73%  |  Val Loss: 0.5827, Acc: 80.88%  |  Time: 30.6s
  -> Best model saved (80.88%)
[Epoch 8] Summarizing hook timing...

[HOOK_TIMING_SUMMARY] epoch=8
[HOOK_WORK_SUMMARY] label=mpi:recursive_doubling calls=3128 work_total_ms=25166.378 work_mean_ms=8.046 work_min_ms=2.779 work_max_ms=22.699
[HOOK_TAIL_SUMMARY] label=mpi:recursive_doubling steps=391 tail_total_ms=21903.857 tail_mean_ms=56.020 tail_min_ms=48.972 tail_max_ms=63.971
[Epoch 8] Hook timing summary done

[Epoch 9] Training... (lr=0.000701)
  Batch [50/391] Loss: 0.8453, Acc: 69.00%
  Batch [100/391] Loss: 0.8414, Acc: 69.69%
  Batch [150/391] Loss: 0.8292, Acc: 70.25%
  Batch [200/391] Loss: 0.8148, Acc: 70.59%
  Batch [250/391] Loss: 0.8124, Acc: 70.92%
  Batch [300/391] Loss: 0.8104, Acc: 71.17%
  Batch [350/391] Loss: 0.8105, Acc: 71.04%
[Epoch 9] Train Loss: 0.8057, Acc: 71.14%  |  Val Loss: 0.5515, Acc: 82.56%  |  Time: 30.5s
  -> Best model saved (82.56%)
[Epoch 9] Summarizing hook timing...

[HOOK_TIMING_SUMMARY] epoch=9
[HOOK_WORK_SUMMARY] label=mpi:recursive_doubling calls=3128 work_total_ms=25095.044 work_mean_ms=8.023 work_min_ms=2.618 work_max_ms=23.015
[HOOK_TAIL_SUMMARY] label=mpi:recursive_doubling steps=391 tail_total_ms=21846.547 tail_mean_ms=55.874 tail_min_ms=49.280 tail_max_ms=63.204
[Epoch 9] Hook timing summary done

[Epoch 10] Training... (lr=0.000623)
  Batch [50/391] Loss: 0.7403, Acc: 73.00%
  Batch [100/391] Loss: 0.7856, Acc: 71.81%
  Batch [150/391] Loss: 0.7735, Acc: 72.25%
  Batch [200/391] Loss: 0.7825, Acc: 72.12%
  Batch [250/391] Loss: 0.7831, Acc: 72.28%
  Batch [300/391] Loss: 0.7854, Acc: 72.46%
  Batch [350/391] Loss: 0.7856, Acc: 72.64%
[Epoch 10] Train Loss: 0.7774, Acc: 72.93%  |  Val Loss: 0.5494, Acc: 82.40%  |  Time: 30.5s
[Epoch 10] Summarizing hook timing...

[HOOK_TIMING_SUMMARY] epoch=10
[HOOK_WORK_SUMMARY] label=mpi:recursive_doubling calls=3128 work_total_ms=25028.317 work_mean_ms=8.001 work_min_ms=2.481 work_max_ms=23.778
[HOOK_TAIL_SUMMARY] label=mpi:recursive_doubling steps=391 tail_total_ms=21737.405 tail_mean_ms=55.594 tail_min_ms=50.611 tail_max_ms=62.206
[Epoch 10] Hook timing summary done

[Epoch 11] Training... (lr=0.000541)
  Batch [50/391] Loss: 0.7798, Acc: 73.00%
  Batch [100/391] Loss: 0.7955, Acc: 72.44%
  Batch [150/391] Loss: 0.8069, Acc: 71.62%
  Batch [200/391] Loss: 0.7952, Acc: 71.69%
  Batch [250/391] Loss: 0.7883, Acc: 71.97%
  Batch [300/391] Loss: 0.7838, Acc: 72.08%
  Batch [350/391] Loss: 0.7736, Acc: 72.46%
[Epoch 11] Train Loss: 0.7693, Acc: 72.66%  |  Val Loss: 0.5394, Acc: 82.00%  |  Time: 30.5s
[Epoch 11] Summarizing hook timing...

[HOOK_TIMING_SUMMARY] epoch=11
[HOOK_WORK_SUMMARY] label=mpi:recursive_doubling calls=3128 work_total_ms=25000.281 work_mean_ms=7.992 work_min_ms=2.481 work_max_ms=21.563
[HOOK_TAIL_SUMMARY] label=mpi:recursive_doubling steps=391 tail_total_ms=21667.249 tail_mean_ms=55.415 tail_min_ms=50.050 tail_max_ms=66.743
[Epoch 11] Hook timing summary done

[Epoch 12] Training... (lr=0.000459)
  Batch [50/391] Loss: 0.7336, Acc: 74.25%
  Batch [100/391] Loss: 0.7510, Acc: 72.94%
  Batch [150/391] Loss: 0.7381, Acc: 74.04%
  Batch [200/391] Loss: 0.7424, Acc: 74.19%
  Batch [250/391] Loss: 0.7301, Acc: 74.85%
  Batch [300/391] Loss: 0.7335, Acc: 74.62%
  Batch [350/391] Loss: 0.7320, Acc: 74.41%
[Epoch 12] Train Loss: 0.7284, Acc: 74.46%  |  Val Loss: 0.5140, Acc: 82.48%  |  Time: 30.4s
[Epoch 12] Summarizing hook timing...

[HOOK_TIMING_SUMMARY] epoch=12
[HOOK_WORK_SUMMARY] label=mpi:recursive_doubling calls=3128 work_total_ms=24964.595 work_mean_ms=7.981 work_min_ms=2.486 work_max_ms=23.027
[HOOK_TAIL_SUMMARY] label=mpi:recursive_doubling steps=391 tail_total_ms=21697.770 tail_mean_ms=55.493 tail_min_ms=49.841 tail_max_ms=71.605
[Epoch 12] Hook timing summary done

[Epoch 13] Training... (lr=0.000377)
  Batch [50/391] Loss: 0.7519, Acc: 74.00%
  Batch [100/391] Loss: 0.7008, Acc: 75.50%
  Batch [150/391] Loss: 0.6957, Acc: 75.42%
  Batch [200/391] Loss: 0.7131, Acc: 74.50%
  Batch [250/391] Loss: 0.7043, Acc: 74.85%
  Batch [300/391] Loss: 0.7037, Acc: 74.71%
  Batch [350/391] Loss: 0.7033, Acc: 74.86%
[Epoch 13] Train Loss: 0.7048, Acc: 74.85%  |  Val Loss: 0.5085, Acc: 83.76%  |  Time: 30.6s
  -> Best model saved (83.76%)
[Epoch 13] Summarizing hook timing...

[HOOK_TIMING_SUMMARY] epoch=13
[HOOK_WORK_SUMMARY] label=mpi:recursive_doubling calls=3128 work_total_ms=25192.332 work_mean_ms=8.054 work_min_ms=2.693 work_max_ms=36.981
[HOOK_TAIL_SUMMARY] label=mpi:recursive_doubling steps=391 tail_total_ms=21952.658 tail_mean_ms=56.145 tail_min_ms=50.987 tail_max_ms=84.721
[Epoch 13] Hook timing summary done

[Epoch 14] Training... (lr=0.000299)
  Batch [50/391] Loss: 0.7116, Acc: 73.62%
  Batch [100/391] Loss: 0.7418, Acc: 73.00%
  Batch [150/391] Loss: 0.7333, Acc: 73.33%
  Batch [200/391] Loss: 0.7286, Acc: 73.75%
  Batch [250/391] Loss: 0.7268, Acc: 74.15%
  Batch [300/391] Loss: 0.7393, Acc: 73.46%
  Batch [350/391] Loss: 0.7296, Acc: 73.96%
[Epoch 14] Train Loss: 0.7292, Acc: 73.94%  |  Val Loss: 0.5000, Acc: 82.80%  |  Time: 30.7s
[Epoch 14] Summarizing hook timing...

[HOOK_TIMING_SUMMARY] epoch=14
[HOOK_WORK_SUMMARY] label=mpi:recursive_doubling calls=3128 work_total_ms=25114.182 work_mean_ms=8.029 work_min_ms=2.271 work_max_ms=22.736
[HOOK_TAIL_SUMMARY] label=mpi:recursive_doubling steps=391 tail_total_ms=21768.588 tail_mean_ms=55.674 tail_min_ms=48.336 tail_max_ms=63.407
[Epoch 14] Hook timing summary done

[Epoch 15] Training... (lr=0.000227)
  Batch [50/391] Loss: 0.6944, Acc: 75.50%
  Batch [100/391] Loss: 0.7029, Acc: 74.81%
  Batch [150/391] Loss: 0.6903, Acc: 75.25%
  Batch [200/391] Loss: 0.7001, Acc: 74.97%
  Batch [250/391] Loss: 0.6914, Acc: 75.33%
  Batch [300/391] Loss: 0.6991, Acc: 75.12%
  Batch [350/391] Loss: 0.6991, Acc: 75.16%
[Epoch 15] Train Loss: 0.6947, Acc: 75.25%  |  Val Loss: 0.4865, Acc: 83.76%  |  Time: 30.5s
[Epoch 15] Summarizing hook timing...

[HOOK_TIMING_SUMMARY] epoch=15
[HOOK_WORK_SUMMARY] label=mpi:recursive_doubling calls=3128 work_total_ms=24944.790 work_mean_ms=7.975 work_min_ms=2.561 work_max_ms=38.476
[HOOK_TAIL_SUMMARY] label=mpi:recursive_doubling steps=391 tail_total_ms=21614.089 tail_mean_ms=55.279 tail_min_ms=50.396 tail_max_ms=85.080
[Epoch 15] Hook timing summary done

[Epoch 16] Training... (lr=0.000161)
  Batch [50/391] Loss: 0.7191, Acc: 75.75%
  Batch [100/391] Loss: 0.6811, Acc: 76.75%
  Batch [150/391] Loss: 0.6793, Acc: 76.96%
  Batch [200/391] Loss: 0.6869, Acc: 76.38%
  Batch [250/391] Loss: 0.6825, Acc: 76.50%
  Batch [300/391] Loss: 0.6839, Acc: 76.48%
  Batch [350/391] Loss: 0.6889, Acc: 76.32%
[Epoch 16] Train Loss: 0.6927, Acc: 76.18%  |  Val Loss: 0.4836, Acc: 84.48%  |  Time: 30.5s
  -> Best model saved (84.48%)
[Epoch 16] Summarizing hook timing...

[HOOK_TIMING_SUMMARY] epoch=16
[HOOK_WORK_SUMMARY] label=mpi:recursive_doubling calls=3128 work_total_ms=24944.542 work_mean_ms=7.975 work_min_ms=2.453 work_max_ms=23.667
[HOOK_TAIL_SUMMARY] label=mpi:recursive_doubling steps=391 tail_total_ms=21630.975 tail_mean_ms=55.322 tail_min_ms=49.505 tail_max_ms=70.697
[Epoch 16] Hook timing summary done

[Epoch 17] Training... (lr=0.000105)
  Batch [50/391] Loss: 0.6386, Acc: 77.62%
  Batch [100/391] Loss: 0.6072, Acc: 78.75%
  Batch [150/391] Loss: 0.6468, Acc: 76.92%
  Batch [200/391] Loss: 0.6544, Acc: 76.84%
  Batch [250/391] Loss: 0.6620, Acc: 76.70%
  Batch [300/391] Loss: 0.6722, Acc: 76.21%
  Batch [350/391] Loss: 0.6683, Acc: 76.48%
[Epoch 17] Train Loss: 0.6824, Acc: 76.11%  |  Val Loss: 0.4758, Acc: 84.48%  |  Time: 30.5s
[Epoch 17] Summarizing hook timing...

[HOOK_TIMING_SUMMARY] epoch=17
[HOOK_WORK_SUMMARY] label=mpi:recursive_doubling calls=3128 work_total_ms=25116.739 work_mean_ms=8.030 work_min_ms=2.637 work_max_ms=20.733
[HOOK_TAIL_SUMMARY] label=mpi:recursive_doubling steps=391 tail_total_ms=21832.075 tail_mean_ms=55.837 tail_min_ms=51.353 tail_max_ms=62.126
[Epoch 17] Hook timing summary done

[Epoch 18] Training... (lr=0.000060)
  Batch [50/391] Loss: 0.6558, Acc: 77.12%
  Batch [100/391] Loss: 0.6669, Acc: 77.31%
  Batch [150/391] Loss: 0.6650, Acc: 76.75%
  Batch [200/391] Loss: 0.6735, Acc: 76.47%
  Batch [250/391] Loss: 0.6830, Acc: 76.08%
  Batch [300/391] Loss: 0.6822, Acc: 76.06%
  Batch [350/391] Loss: 0.6883, Acc: 75.86%
[Epoch 18] Train Loss: 0.6828, Acc: 76.10%  |  Val Loss: 0.5040, Acc: 83.12%  |  Time: 30.5s
[Epoch 18] Summarizing hook timing...

[HOOK_TIMING_SUMMARY] epoch=18
[HOOK_WORK_SUMMARY] label=mpi:recursive_doubling calls=3128 work_total_ms=24752.833 work_mean_ms=7.913 work_min_ms=2.402 work_max_ms=35.486
[HOOK_TAIL_SUMMARY] label=mpi:recursive_doubling steps=391 tail_total_ms=21376.491 tail_mean_ms=54.671 tail_min_ms=49.732 tail_max_ms=82.789
[Epoch 18] Hook timing summary done

[Epoch 19] Training... (lr=0.000027)
  Batch [50/391] Loss: 0.6586, Acc: 75.62%
  Batch [100/391] Loss: 0.6801, Acc: 75.69%
  Batch [150/391] Loss: 0.6696, Acc: 76.12%
  Batch [200/391] Loss: 0.6817, Acc: 76.06%
  Batch [250/391] Loss: 0.6755, Acc: 76.10%
  Batch [300/391] Loss: 0.6757, Acc: 75.92%
  Batch [350/391] Loss: 0.6716, Acc: 76.09%
[Epoch 19] Train Loss: 0.6725, Acc: 76.10%  |  Val Loss: 0.4896, Acc: 83.36%  |  Time: 30.6s
[Epoch 19] Summarizing hook timing...

[HOOK_TIMING_SUMMARY] epoch=19
[HOOK_WORK_SUMMARY] label=mpi:recursive_doubling calls=3128 work_total_ms=24946.025 work_mean_ms=7.975 work_min_ms=2.574 work_max_ms=41.831
[HOOK_TAIL_SUMMARY] label=mpi:recursive_doubling steps=391 tail_total_ms=21561.947 tail_mean_ms=55.146 tail_min_ms=50.831 tail_max_ms=89.365
[Epoch 19] Hook timing summary done

[Epoch 20] Training... (lr=0.000007)
  Batch [50/391] Loss: 0.6634, Acc: 76.50%
  Batch [100/391] Loss: 0.6899, Acc: 75.31%
  Batch [150/391] Loss: 0.6869, Acc: 75.88%
  Batch [200/391] Loss: 0.6824, Acc: 76.16%
  Batch [250/391] Loss: 0.6803, Acc: 76.40%
  Batch [300/391] Loss: 0.6775, Acc: 76.35%
  Batch [350/391] Loss: 0.6682, Acc: 76.80%
[Epoch 20] Train Loss: 0.6703, Acc: 76.91%  |  Val Loss: 0.4687, Acc: 84.48%  |  Time: 30.4s
[Epoch 20] Summarizing hook timing...

[HOOK_TIMING_SUMMARY] epoch=20
[HOOK_WORK_SUMMARY] label=mpi:recursive_doubling calls=3128 work_total_ms=24790.356 work_mean_ms=7.925 work_min_ms=2.458 work_max_ms=22.047
[HOOK_TAIL_SUMMARY] label=mpi:recursive_doubling steps=391 tail_total_ms=21485.515 tail_mean_ms=54.950 tail_min_ms=50.201 tail_max_ms=68.793
[Epoch 20] Hook timing summary done

================================================================================
Done in 621.3s | Best val acc: 84.48%
Epoch times: mean=30.6s  min=30.4s  max=31.5s
================================================================================
