
================================================================================
Distributed Training: WIDE_RESNET50_2 on CIFAR10
Backend: MPI, Algorithm: recursive_doubling_zfp_naive
================================================================================
Ranks: 8, Epochs: 20, Batch/rank: 16, Effective batch: 128
LR: 0.001, Device: cuda:0

[Setup] Model on cuda:0, wrapped in DDP (static_graph=True)
[Setup] Hook registered: mpi/recursive_doubling_zfp_naive
[Data] Train batches: 391, Val batches: 79


[Epoch 1] Training... (lr=0.000001)
  Batch [50/391] Loss: 2.3761, Acc: 10.00%
  Batch [100/391] Loss: 2.3737, Acc: 9.81%
  Batch [150/391] Loss: 2.3701, Acc: 10.17%
  Batch [200/391] Loss: 2.3711, Acc: 9.94%
  Batch [250/391] Loss: 2.3690, Acc: 10.05%
  Batch [300/391] Loss: 2.3735, Acc: 9.90%
  Batch [350/391] Loss: 2.3688, Acc: 10.14%
[Epoch 1] Train Loss: 2.3723, Acc: 10.13%  |  Val Loss: 7308.8111, Acc: 10.16%  |  Time: 27.3s
  -> Best model saved (10.16%)
[Epoch 1] Summarizing hook timing...

[HOOK_TIMING_SUMMARY] epoch=1
[HOOK_WORK_SUMMARY] label=mpi:recursive_doubling_zfp_naive:rate16 calls=3114 work_total_ms=20691.572 work_mean_ms=6.645 work_min_ms=2.745 work_max_ms=64.790
[HOOK_TAIL_SUMMARY] label=mpi:recursive_doubling_zfp_naive:rate16 steps=392 tail_total_ms=17339.880 tail_mean_ms=44.234 tail_min_ms=6.687 tail_max_ms=180.559
[Epoch 1] Hook timing summary done

[Epoch 2] Training... (lr=0.001000)
  Batch [50/391] Loss: 2.2673, Acc: 17.50%
  Batch [100/391] Loss: 2.1863, Acc: 20.12%
  Batch [150/391] Loss: 2.1110, Acc: 23.21%
  Batch [200/391] Loss: 2.0245, Acc: 27.00%
  Batch [250/391] Loss: 1.9666, Acc: 29.23%
  Batch [300/391] Loss: 1.9115, Acc: 31.35%
  Batch [350/391] Loss: 1.8651, Acc: 33.23%
[Epoch 2] Train Loss: 1.8369, Acc: 34.42%  |  Val Loss: 3.2392, Acc: 51.92%  |  Time: 26.1s
  -> Best model saved (51.92%)
[Epoch 2] Summarizing hook timing...

[HOOK_TIMING_SUMMARY] epoch=2
[HOOK_WORK_SUMMARY] label=mpi:recursive_doubling_zfp_naive:rate16 calls=3128 work_total_ms=20363.183 work_mean_ms=6.510 work_min_ms=2.821 work_max_ms=15.102
[HOOK_TAIL_SUMMARY] label=mpi:recursive_doubling_zfp_naive:rate16 steps=391 tail_total_ms=16880.720 tail_mean_ms=43.173 tail_min_ms=39.010 tail_max_ms=46.496
[Epoch 2] Hook timing summary done

[Epoch 3] Training... (lr=0.000993)
  Batch [50/391] Loss: 1.5101, Acc: 47.75%
  Batch [100/391] Loss: 1.4494, Acc: 49.00%
  Batch [150/391] Loss: 1.4120, Acc: 50.79%
  Batch [200/391] Loss: 1.3860, Acc: 52.00%
  Batch [250/391] Loss: 1.3605, Acc: 53.08%
  Batch [300/391] Loss: 1.3437, Acc: 53.92%
  Batch [350/391] Loss: 1.3246, Acc: 54.59%
[Epoch 3] Train Loss: 1.3127, Acc: 55.07%  |  Val Loss: 1.0442, Acc: 66.08%  |  Time: 26.2s
  -> Best model saved (66.08%)
[Epoch 3] Summarizing hook timing...

[HOOK_TIMING_SUMMARY] epoch=3
[HOOK_WORK_SUMMARY] label=mpi:recursive_doubling_zfp_naive:rate16 calls=3128 work_total_ms=20301.596 work_mean_ms=6.490 work_min_ms=2.860 work_max_ms=15.528
[HOOK_TAIL_SUMMARY] label=mpi:recursive_doubling_zfp_naive:rate16 steps=391 tail_total_ms=16801.899 tail_mean_ms=42.972 tail_min_ms=40.238 tail_max_ms=45.995
[Epoch 3] Hook timing summary done

[Epoch 4] Training... (lr=0.000973)
  Batch [50/391] Loss: 1.1274, Acc: 62.00%
  Batch [100/391] Loss: 1.1442, Acc: 60.50%
  Batch [150/391] Loss: 1.1244, Acc: 61.67%
  Batch [200/391] Loss: 1.1164, Acc: 61.25%
  Batch [250/391] Loss: 1.1019, Acc: 61.58%
  Batch [300/391] Loss: 1.0961, Acc: 61.83%
  Batch [350/391] Loss: 1.0931, Acc: 62.20%
[Epoch 4] Train Loss: 1.0872, Acc: 62.38%  |  Val Loss: 0.8841, Acc: 72.00%  |  Time: 26.0s
  -> Best model saved (72.00%)
[Epoch 4] Summarizing hook timing...

[HOOK_TIMING_SUMMARY] epoch=4
[HOOK_WORK_SUMMARY] label=mpi:recursive_doubling_zfp_naive:rate16 calls=3128 work_total_ms=20327.335 work_mean_ms=6.499 work_min_ms=2.851 work_max_ms=15.080
[HOOK_TAIL_SUMMARY] label=mpi:recursive_doubling_zfp_naive:rate16 steps=391 tail_total_ms=16900.544 tail_mean_ms=43.224 tail_min_ms=41.374 tail_max_ms=46.957
[Epoch 4] Hook timing summary done

[Epoch 5] Training... (lr=0.000940)
  Batch [50/391] Loss: 1.0421, Acc: 63.75%
  Batch [100/391] Loss: 1.0363, Acc: 64.81%
  Batch [150/391] Loss: 1.0045, Acc: 65.08%
  Batch [200/391] Loss: 0.9902, Acc: 65.81%
  Batch [250/391] Loss: 1.0000, Acc: 65.62%
  Batch [300/391] Loss: 0.9918, Acc: 66.12%
  Batch [350/391] Loss: 0.9971, Acc: 65.82%
[Epoch 5] Train Loss: 0.9934, Acc: 65.95%  |  Val Loss: 0.7890, Acc: 73.28%  |  Time: 26.0s
  -> Best model saved (73.28%)
[Epoch 5] Summarizing hook timing...

[HOOK_TIMING_SUMMARY] epoch=5
[HOOK_WORK_SUMMARY] label=mpi:recursive_doubling_zfp_naive:rate16 calls=3128 work_total_ms=20144.580 work_mean_ms=6.440 work_min_ms=2.718 work_max_ms=15.520
[HOOK_TAIL_SUMMARY] label=mpi:recursive_doubling_zfp_naive:rate16 steps=391 tail_total_ms=16624.559 tail_mean_ms=42.518 tail_min_ms=39.906 tail_max_ms=45.276
[Epoch 5] Hook timing summary done

[Epoch 6] Training... (lr=0.000895)
  Batch [50/391] Loss: 0.9360, Acc: 68.12%
  Batch [100/391] Loss: 0.9250, Acc: 68.69%
  Batch [150/391] Loss: 0.9394, Acc: 67.88%
  Batch [200/391] Loss: 0.9346, Acc: 68.22%
  Batch [250/391] Loss: 0.9362, Acc: 67.55%
  Batch [300/391] Loss: 0.9389, Acc: 67.69%
  Batch [350/391] Loss: 0.9418, Acc: 67.70%
[Epoch 6] Train Loss: 0.9379, Acc: 68.11%  |  Val Loss: 0.7467, Acc: 75.92%  |  Time: 26.1s
  -> Best model saved (75.92%)
[Epoch 6] Summarizing hook timing...

[HOOK_TIMING_SUMMARY] epoch=6
[HOOK_WORK_SUMMARY] label=mpi:recursive_doubling_zfp_naive:rate16 calls=3128 work_total_ms=20307.590 work_mean_ms=6.492 work_min_ms=2.712 work_max_ms=15.286
[HOOK_TAIL_SUMMARY] label=mpi:recursive_doubling_zfp_naive:rate16 steps=391 tail_total_ms=16775.339 tail_mean_ms=42.904 tail_min_ms=40.327 tail_max_ms=47.598
[Epoch 6] Hook timing summary done

[Epoch 7] Training... (lr=0.000839)
  Batch [50/391] Loss: 0.8671, Acc: 70.50%
  Batch [100/391] Loss: 0.8448, Acc: 71.88%
  Batch [150/391] Loss: 0.8510, Acc: 71.33%
  Batch [200/391] Loss: 0.8378, Acc: 72.16%
  Batch [250/391] Loss: 0.8374, Acc: 71.70%
  Batch [300/391] Loss: 0.8278, Acc: 72.29%
  Batch [350/391] Loss: 0.8203, Acc: 72.52%
[Epoch 7] Train Loss: 0.8245, Acc: 72.38%  |  Val Loss: 0.6730, Acc: 78.72%  |  Time: 26.1s
  -> Best model saved (78.72%)
[Epoch 7] Summarizing hook timing...

[HOOK_TIMING_SUMMARY] epoch=7
[HOOK_WORK_SUMMARY] label=mpi:recursive_doubling_zfp_naive:rate16 calls=3128 work_total_ms=20301.562 work_mean_ms=6.490 work_min_ms=2.711 work_max_ms=14.902
[HOOK_TAIL_SUMMARY] label=mpi:recursive_doubling_zfp_naive:rate16 steps=391 tail_total_ms=16774.840 tail_mean_ms=42.902 tail_min_ms=39.697 tail_max_ms=47.204
[Epoch 7] Hook timing summary done

[Epoch 8] Training... (lr=0.000773)
  Batch [50/391] Loss: 0.8304, Acc: 70.25%
  Batch [100/391] Loss: 0.7992, Acc: 71.88%
  Batch [150/391] Loss: 0.8193, Acc: 71.75%
  Batch [200/391] Loss: 0.8273, Acc: 71.81%
  Batch [250/391] Loss: 0.8341, Acc: 71.40%
  Batch [300/391] Loss: 0.8249, Acc: 71.58%
  Batch [350/391] Loss: 0.8304, Acc: 71.43%
[Epoch 8] Train Loss: 0.8309, Acc: 71.73%  |  Val Loss: 0.6422, Acc: 78.64%  |  Time: 26.1s
[Epoch 8] Summarizing hook timing...

[HOOK_TIMING_SUMMARY] epoch=8
[HOOK_WORK_SUMMARY] label=mpi:recursive_doubling_zfp_naive:rate16 calls=3128 work_total_ms=20525.809 work_mean_ms=6.562 work_min_ms=3.118 work_max_ms=15.372
[HOOK_TAIL_SUMMARY] label=mpi:recursive_doubling_zfp_naive:rate16 steps=391 tail_total_ms=17119.871 tail_mean_ms=43.785 tail_min_ms=40.079 tail_max_ms=47.412
[Epoch 8] Hook timing summary done

[Epoch 9] Training... (lr=0.000701)
  Batch [50/391] Loss: 0.8532, Acc: 70.38%
  Batch [100/391] Loss: 0.8459, Acc: 70.00%
  Batch [150/391] Loss: 0.8158, Acc: 71.17%
  Batch [200/391] Loss: 0.7959, Acc: 71.91%
  Batch [250/391] Loss: 0.7879, Acc: 72.42%
  Batch [300/391] Loss: 0.7806, Acc: 73.04%
  Batch [350/391] Loss: 0.7857, Acc: 73.09%
[Epoch 9] Train Loss: 0.7836, Acc: 73.14%  |  Val Loss: 0.6045, Acc: 80.48%  |  Time: 26.0s
  -> Best model saved (80.48%)
[Epoch 9] Summarizing hook timing...

[HOOK_TIMING_SUMMARY] epoch=9
[HOOK_WORK_SUMMARY] label=mpi:recursive_doubling_zfp_naive:rate16 calls=3128 work_total_ms=20502.751 work_mean_ms=6.555 work_min_ms=3.144 work_max_ms=55.533
[HOOK_TAIL_SUMMARY] label=mpi:recursive_doubling_zfp_naive:rate16 steps=391 tail_total_ms=17111.653 tail_mean_ms=43.764 tail_min_ms=42.429 tail_max_ms=93.851
[Epoch 9] Hook timing summary done

[Epoch 10] Training... (lr=0.000623)
  Batch [50/391] Loss: 0.7440, Acc: 73.62%
  Batch [100/391] Loss: 0.7575, Acc: 73.81%
  Batch [150/391] Loss: 0.7365, Acc: 74.38%
  Batch [200/391] Loss: 0.7495, Acc: 74.38%
  Batch [250/391] Loss: 0.7541, Acc: 74.25%
  Batch [300/391] Loss: 0.7608, Acc: 73.92%
  Batch [350/391] Loss: 0.7609, Acc: 73.96%
[Epoch 10] Train Loss: 0.7502, Acc: 74.24%  |  Val Loss: 0.5810, Acc: 80.80%  |  Time: 26.1s
  -> Best model saved (80.80%)
[Epoch 10] Summarizing hook timing...

[HOOK_TIMING_SUMMARY] epoch=10
[HOOK_WORK_SUMMARY] label=mpi:recursive_doubling_zfp_naive:rate16 calls=3128 work_total_ms=20589.654 work_mean_ms=6.582 work_min_ms=3.194 work_max_ms=13.679
[HOOK_TAIL_SUMMARY] label=mpi:recursive_doubling_zfp_naive:rate16 steps=391 tail_total_ms=17195.787 tail_mean_ms=43.979 tail_min_ms=40.242 tail_max_ms=47.003
[Epoch 10] Hook timing summary done

[Epoch 11] Training... (lr=0.000541)
  Batch [50/391] Loss: 0.7518, Acc: 73.38%
  Batch [100/391] Loss: 0.7527, Acc: 73.56%
  Batch [150/391] Loss: 0.7531, Acc: 73.62%
  Batch [200/391] Loss: 0.7478, Acc: 73.84%
  Batch [250/391] Loss: 0.7436, Acc: 74.25%
  Batch [300/391] Loss: 0.7344, Acc: 74.71%
  Batch [350/391] Loss: 0.7288, Acc: 74.98%
[Epoch 11] Train Loss: 0.7267, Acc: 75.15%  |  Val Loss: 0.5627, Acc: 81.52%  |  Time: 26.1s
  -> Best model saved (81.52%)
[Epoch 11] Summarizing hook timing...

[HOOK_TIMING_SUMMARY] epoch=11
[HOOK_WORK_SUMMARY] label=mpi:recursive_doubling_zfp_naive:rate16 calls=3128 work_total_ms=20420.786 work_mean_ms=6.528 work_min_ms=2.666 work_max_ms=14.653
[HOOK_TAIL_SUMMARY] label=mpi:recursive_doubling_zfp_naive:rate16 steps=391 tail_total_ms=16982.703 tail_mean_ms=43.434 tail_min_ms=37.946 tail_max_ms=47.156
[Epoch 11] Hook timing summary done

[Epoch 12] Training... (lr=0.000459)
  Batch [50/391] Loss: 0.7029, Acc: 75.38%
  Batch [100/391] Loss: 0.6829, Acc: 76.12%
  Batch [150/391] Loss: 0.6899, Acc: 76.58%
  Batch [200/391] Loss: 0.6937, Acc: 76.34%
  Batch [250/391] Loss: 0.6858, Acc: 76.62%
  Batch [300/391] Loss: 0.6882, Acc: 76.50%
  Batch [350/391] Loss: 0.6887, Acc: 76.41%
[Epoch 12] Train Loss: 0.6843, Acc: 76.51%  |  Val Loss: 0.5638, Acc: 80.64%  |  Time: 26.2s
[Epoch 12] Summarizing hook timing...

[HOOK_TIMING_SUMMARY] epoch=12
[HOOK_WORK_SUMMARY] label=mpi:recursive_doubling_zfp_naive:rate16 calls=3128 work_total_ms=20645.549 work_mean_ms=6.600 work_min_ms=2.925 work_max_ms=15.630
[HOOK_TAIL_SUMMARY] label=mpi:recursive_doubling_zfp_naive:rate16 steps=391 tail_total_ms=17276.096 tail_mean_ms=44.184 tail_min_ms=40.555 tail_max_ms=47.405
[Epoch 12] Hook timing summary done

[Epoch 13] Training... (lr=0.000377)
  Batch [50/391] Loss: 0.6999, Acc: 76.50%
  Batch [100/391] Loss: 0.6585, Acc: 77.00%
  Batch [150/391] Loss: 0.6515, Acc: 77.46%
  Batch [200/391] Loss: 0.6615, Acc: 77.16%
  Batch [250/391] Loss: 0.6582, Acc: 77.22%
  Batch [300/391] Loss: 0.6581, Acc: 77.21%
  Batch [350/391] Loss: 0.6572, Acc: 77.05%
[Epoch 13] Train Loss: 0.6621, Acc: 76.94%  |  Val Loss: 0.5520, Acc: 81.44%  |  Time: 26.0s
[Epoch 13] Summarizing hook timing...

[HOOK_TIMING_SUMMARY] epoch=13
[HOOK_WORK_SUMMARY] label=mpi:recursive_doubling_zfp_naive:rate16 calls=3128 work_total_ms=20468.194 work_mean_ms=6.544 work_min_ms=2.997 work_max_ms=57.497
[HOOK_TAIL_SUMMARY] label=mpi:recursive_doubling_zfp_naive:rate16 steps=391 tail_total_ms=17115.619 tail_mean_ms=43.774 tail_min_ms=42.221 tail_max_ms=95.989
[Epoch 13] Hook timing summary done

[Epoch 14] Training... (lr=0.000299)
  Batch [50/391] Loss: 0.6942, Acc: 74.75%
  Batch [100/391] Loss: 0.7160, Acc: 74.81%
  Batch [150/391] Loss: 0.7245, Acc: 74.83%
  Batch [200/391] Loss: 0.7234, Acc: 74.88%
  Batch [250/391] Loss: 0.7129, Acc: 75.47%
  Batch [300/391] Loss: 0.7202, Acc: 75.23%
  Batch [350/391] Loss: 0.7132, Acc: 75.43%
[Epoch 14] Train Loss: 0.7089, Acc: 75.68%  |  Val Loss: 0.5619, Acc: 80.80%  |  Time: 26.0s
[Epoch 14] Summarizing hook timing...

[HOOK_TIMING_SUMMARY] epoch=14
[HOOK_WORK_SUMMARY] label=mpi:recursive_doubling_zfp_naive:rate16 calls=3128 work_total_ms=20464.314 work_mean_ms=6.542 work_min_ms=3.281 work_max_ms=31.816
[HOOK_TAIL_SUMMARY] label=mpi:recursive_doubling_zfp_naive:rate16 steps=391 tail_total_ms=17103.893 tail_mean_ms=43.744 tail_min_ms=42.073 tail_max_ms=71.386
[Epoch 14] Hook timing summary done

[Epoch 15] Training... (lr=0.000227)
  Batch [50/391] Loss: 0.6074, Acc: 78.88%
  Batch [100/391] Loss: 0.6755, Acc: 76.81%
  Batch [150/391] Loss: 0.6611, Acc: 77.29%
  Batch [200/391] Loss: 0.6662, Acc: 77.28%
  Batch [250/391] Loss: 0.6556, Acc: 77.67%
  Batch [300/391] Loss: 0.6596, Acc: 77.71%
  Batch [350/391] Loss: 0.6593, Acc: 77.71%
[Epoch 15] Train Loss: 0.6561, Acc: 77.82%  |  Val Loss: 0.5523, Acc: 81.76%  |  Time: 26.1s
  -> Best model saved (81.76%)
[Epoch 15] Summarizing hook timing...

[HOOK_TIMING_SUMMARY] epoch=15
[HOOK_WORK_SUMMARY] label=mpi:recursive_doubling_zfp_naive:rate16 calls=3128 work_total_ms=20194.509 work_mean_ms=6.456 work_min_ms=2.660 work_max_ms=28.895
[HOOK_TAIL_SUMMARY] label=mpi:recursive_doubling_zfp_naive:rate16 steps=391 tail_total_ms=16685.758 tail_mean_ms=42.675 tail_min_ms=41.216 tail_max_ms=67.413
[Epoch 15] Hook timing summary done

[Epoch 16] Training... (lr=0.000161)
  Batch [50/391] Loss: 0.6635, Acc: 76.62%
  Batch [100/391] Loss: 0.6495, Acc: 77.25%
  Batch [150/391] Loss: 0.6411, Acc: 78.42%
  Batch [200/391] Loss: 0.6517, Acc: 77.72%
  Batch [250/391] Loss: 0.6489, Acc: 77.95%
  Batch [300/391] Loss: 0.6519, Acc: 77.56%
  Batch [350/391] Loss: 0.6524, Acc: 77.70%
[Epoch 16] Train Loss: 0.6552, Acc: 77.49%  |  Val Loss: 0.5432, Acc: 82.00%  |  Time: 25.9s
  -> Best model saved (82.00%)
[Epoch 16] Summarizing hook timing...

[HOOK_TIMING_SUMMARY] epoch=16
[HOOK_WORK_SUMMARY] label=mpi:recursive_doubling_zfp_naive:rate16 calls=3128 work_total_ms=20391.604 work_mean_ms=6.519 work_min_ms=2.997 work_max_ms=15.208
[HOOK_TAIL_SUMMARY] label=mpi:recursive_doubling_zfp_naive:rate16 steps=391 tail_total_ms=17034.458 tail_mean_ms=43.566 tail_min_ms=40.937 tail_max_ms=47.272
[Epoch 16] Hook timing summary done

[Epoch 17] Training... (lr=0.000105)
  Batch [50/391] Loss: 0.6101, Acc: 79.00%
  Batch [100/391] Loss: 0.5701, Acc: 80.88%
  Batch [150/391] Loss: 0.6171, Acc: 78.54%
  Batch [200/391] Loss: 0.6270, Acc: 78.09%
  Batch [250/391] Loss: 0.6304, Acc: 78.42%
  Batch [300/391] Loss: 0.6336, Acc: 78.38%
  Batch [350/391] Loss: 0.6311, Acc: 78.71%
[Epoch 17] Train Loss: 0.6439, Acc: 78.00%  |  Val Loss: 0.5460, Acc: 81.84%  |  Time: 26.1s
[Epoch 17] Summarizing hook timing...

[HOOK_TIMING_SUMMARY] epoch=17
[HOOK_WORK_SUMMARY] label=mpi:recursive_doubling_zfp_naive:rate16 calls=3128 work_total_ms=20293.964 work_mean_ms=6.488 work_min_ms=2.879 work_max_ms=13.445
[HOOK_TAIL_SUMMARY] label=mpi:recursive_doubling_zfp_naive:rate16 steps=391 tail_total_ms=16813.811 tail_mean_ms=43.002 tail_min_ms=40.448 tail_max_ms=45.859
[Epoch 17] Hook timing summary done

[Epoch 18] Training... (lr=0.000060)
  Batch [50/391] Loss: 0.6219, Acc: 77.62%
  Batch [100/391] Loss: 0.6477, Acc: 77.44%
  Batch [150/391] Loss: 0.6391, Acc: 78.00%
  Batch [200/391] Loss: 0.6327, Acc: 78.28%
  Batch [250/391] Loss: 0.6399, Acc: 78.03%
  Batch [300/391] Loss: 0.6428, Acc: 78.02%
  Batch [350/391] Loss: 0.6436, Acc: 78.00%
[Epoch 18] Train Loss: 0.6410, Acc: 77.90%  |  Val Loss: 0.5380, Acc: 81.04%  |  Time: 26.1s
[Epoch 18] Summarizing hook timing...

[HOOK_TIMING_SUMMARY] epoch=18
[HOOK_WORK_SUMMARY] label=mpi:recursive_doubling_zfp_naive:rate16 calls=3128 work_total_ms=20430.857 work_mean_ms=6.532 work_min_ms=2.852 work_max_ms=62.312
[HOOK_TAIL_SUMMARY] label=mpi:recursive_doubling_zfp_naive:rate16 steps=391 tail_total_ms=16957.246 tail_mean_ms=43.369 tail_min_ms=41.391 tail_max_ms=100.243
[Epoch 18] Hook timing summary done

[Epoch 19] Training... (lr=0.000027)
  Batch [50/391] Loss: 0.5751, Acc: 80.12%
  Batch [100/391] Loss: 0.6245, Acc: 78.19%
  Batch [150/391] Loss: 0.6202, Acc: 78.38%
  Batch [200/391] Loss: 0.6373, Acc: 78.53%
  Batch [250/391] Loss: 0.6383, Acc: 78.45%
  Batch [300/391] Loss: 0.6436, Acc: 78.25%
  Batch [350/391] Loss: 0.6356, Acc: 78.27%
[Epoch 19] Train Loss: 0.6366, Acc: 78.06%  |  Val Loss: 0.5744, Acc: 80.16%  |  Time: 26.0s
[Epoch 19] Summarizing hook timing...

[HOOK_TIMING_SUMMARY] epoch=19
[HOOK_WORK_SUMMARY] label=mpi:recursive_doubling_zfp_naive:rate16 calls=3128 work_total_ms=20467.602 work_mean_ms=6.543 work_min_ms=3.188 work_max_ms=42.385
[HOOK_TAIL_SUMMARY] label=mpi:recursive_doubling_zfp_naive:rate16 steps=391 tail_total_ms=17066.686 tail_mean_ms=43.649 tail_min_ms=42.167 tail_max_ms=80.926
[Epoch 19] Hook timing summary done

[Epoch 20] Training... (lr=0.000007)
  Batch [50/391] Loss: 0.6341, Acc: 79.00%
  Batch [100/391] Loss: 0.6621, Acc: 76.88%
  Batch [150/391] Loss: 0.6676, Acc: 77.21%
  Batch [200/391] Loss: 0.6680, Acc: 76.97%
  Batch [250/391] Loss: 0.6615, Acc: 77.28%
  Batch [300/391] Loss: 0.6552, Acc: 77.65%
  Batch [350/391] Loss: 0.6468, Acc: 78.05%
[Epoch 20] Train Loss: 0.6530, Acc: 77.82%  |  Val Loss: 0.5241, Acc: 82.64%  |  Time: 26.0s
  -> Best model saved (82.64%)
[Epoch 20] Summarizing hook timing...

[HOOK_TIMING_SUMMARY] epoch=20
[HOOK_WORK_SUMMARY] label=mpi:recursive_doubling_zfp_naive:rate16 calls=3128 work_total_ms=20179.879 work_mean_ms=6.451 work_min_ms=2.702 work_max_ms=42.578
[HOOK_TAIL_SUMMARY] label=mpi:recursive_doubling_zfp_naive:rate16 steps=391 tail_total_ms=16609.491 tail_mean_ms=42.480 tail_min_ms=41.093 tail_max_ms=80.581
[Epoch 20] Hook timing summary done

================================================================================
Done in 533.6s | Best val acc: 82.64%
Epoch times: mean=26.1s  min=25.9s  max=27.3s
================================================================================
