
================================================================================
Distributed Training: WIDE_RESNET50_2 on CIFAR10
Backend: MPI, Algorithm: ring_zfp_online_coll
================================================================================
Ranks: 8, Epochs: 20, Batch/rank: 16, Effective batch: 128
LR: 0.001, Device: cuda:0

[Setup] Model on cuda:0, wrapped in DDP (static_graph=True)
[Setup] Hook registered: mpi/ring_zfp_online_coll
[Data] Train batches: 391, Val batches: 79


[Epoch 1] Training... (lr=0.000001)
  Batch [50/391] Loss: 2.3766, Acc: 9.88%
  Batch [100/391] Loss: 2.3738, Acc: 9.81%
  Batch [150/391] Loss: 2.3703, Acc: 10.08%
  Batch [200/391] Loss: 2.3709, Acc: 9.75%
  Batch [250/391] Loss: 2.3683, Acc: 9.70%
  Batch [300/391] Loss: 2.3726, Acc: 9.60%
  Batch [350/391] Loss: 2.3679, Acc: 9.98%
[Epoch 1] Train Loss: 2.3717, Acc: 9.98%  |  Val Loss: 7482.0952, Acc: 10.08%  |  Time: 18.8s
  -> Best model saved (10.08%)
[Epoch 1] Summarizing hook timing...

[HOOK_TIMING_SUMMARY] epoch=1
[HOOK_WORK_SUMMARY] label=mpi:ring_zfp_online_coll:rate16 calls=3114 work_total_ms=12202.672 work_mean_ms=3.919 work_min_ms=2.519 work_max_ms=38.228
[HOOK_TAIL_SUMMARY] label=mpi:ring_zfp_online_coll:rate16 steps=392 tail_total_ms=8475.416 tail_mean_ms=21.621 tail_min_ms=16.298 tail_max_ms=155.833
[Epoch 1] Hook timing summary done

[Epoch 2] Training... (lr=0.001000)
  Batch [50/391] Loss: 2.2672, Acc: 17.50%
  Batch [100/391] Loss: 2.2049, Acc: 20.69%
  Batch [150/391] Loss: 2.1421, Acc: 23.88%
  Batch [200/391] Loss: 2.0627, Acc: 26.81%
  Batch [250/391] Loss: 1.9952, Acc: 29.27%
  Batch [300/391] Loss: 1.9276, Acc: 31.65%
  Batch [350/391] Loss: 1.8682, Acc: 33.95%
[Epoch 2] Train Loss: 1.8347, Acc: 34.98%  |  Val Loss: 18.9677, Acc: 53.36%  |  Time: 17.5s
  -> Best model saved (53.36%)
[Epoch 2] Summarizing hook timing...

[HOOK_TIMING_SUMMARY] epoch=2
[HOOK_WORK_SUMMARY] label=mpi:ring_zfp_online_coll:rate16 calls=3128 work_total_ms=11996.376 work_mean_ms=3.835 work_min_ms=2.516 work_max_ms=6.891
[HOOK_TAIL_SUMMARY] label=mpi:ring_zfp_online_coll:rate16 steps=391 tail_total_ms=8294.288 tail_mean_ms=21.213 tail_min_ms=18.744 tail_max_ms=23.756
[Epoch 2] Hook timing summary done

[Epoch 3] Training... (lr=0.000993)
  Batch [50/391] Loss: 1.4147, Acc: 52.00%
  Batch [100/391] Loss: 1.3876, Acc: 51.62%
  Batch [150/391] Loss: 1.3407, Acc: 52.88%
  Batch [200/391] Loss: 1.3270, Acc: 52.91%
  Batch [250/391] Loss: 1.3229, Acc: 53.60%
  Batch [300/391] Loss: 1.3093, Acc: 54.40%
  Batch [350/391] Loss: 1.2961, Acc: 54.86%
[Epoch 3] Train Loss: 1.2828, Acc: 55.26%  |  Val Loss: 3.6654, Acc: 65.76%  |  Time: 17.5s
  -> Best model saved (65.76%)
[Epoch 3] Summarizing hook timing...

[HOOK_TIMING_SUMMARY] epoch=3
[HOOK_WORK_SUMMARY] label=mpi:ring_zfp_online_coll:rate16 calls=3128 work_total_ms=12040.311 work_mean_ms=3.849 work_min_ms=2.521 work_max_ms=6.209
[HOOK_TAIL_SUMMARY] label=mpi:ring_zfp_online_coll:rate16 steps=391 tail_total_ms=8377.239 tail_mean_ms=21.425 tail_min_ms=18.543 tail_max_ms=22.360
[Epoch 3] Hook timing summary done

[Epoch 4] Training... (lr=0.000973)
  Batch [50/391] Loss: 1.1651, Acc: 59.50%
  Batch [100/391] Loss: 1.1769, Acc: 59.31%
  Batch [150/391] Loss: 1.1522, Acc: 60.25%
  Batch [200/391] Loss: 1.1468, Acc: 60.31%
  Batch [250/391] Loss: 1.1367, Acc: 60.38%
  Batch [300/391] Loss: 1.1300, Acc: 60.54%
  Batch [350/391] Loss: 1.1232, Acc: 61.00%
[Epoch 4] Train Loss: 1.1117, Acc: 61.22%  |  Val Loss: 1.0903, Acc: 72.48%  |  Time: 17.6s
  -> Best model saved (72.48%)
[Epoch 4] Summarizing hook timing...

[HOOK_TIMING_SUMMARY] epoch=4
[HOOK_WORK_SUMMARY] label=mpi:ring_zfp_online_coll:rate16 calls=3128 work_total_ms=11999.064 work_mean_ms=3.836 work_min_ms=2.523 work_max_ms=6.165
[HOOK_TAIL_SUMMARY] label=mpi:ring_zfp_online_coll:rate16 steps=391 tail_total_ms=8239.860 tail_mean_ms=21.074 tail_min_ms=18.666 tail_max_ms=22.259
[Epoch 4] Hook timing summary done

[Epoch 5] Training... (lr=0.000940)
  Batch [50/391] Loss: 1.0258, Acc: 63.25%
  Batch [100/391] Loss: 1.0196, Acc: 64.00%
  Batch [150/391] Loss: 0.9953, Acc: 65.17%
  Batch [200/391] Loss: 0.9888, Acc: 65.62%
  Batch [250/391] Loss: 0.9980, Acc: 65.58%
  Batch [300/391] Loss: 1.0014, Acc: 65.35%
  Batch [350/391] Loss: 1.0093, Acc: 65.30%
[Epoch 5] Train Loss: 1.0087, Acc: 65.26%  |  Val Loss: 1.2845, Acc: 74.16%  |  Time: 17.6s
  -> Best model saved (74.16%)
[Epoch 5] Summarizing hook timing...

[HOOK_TIMING_SUMMARY] epoch=5
[HOOK_WORK_SUMMARY] label=mpi:ring_zfp_online_coll:rate16 calls=3128 work_total_ms=12080.689 work_mean_ms=3.862 work_min_ms=2.526 work_max_ms=6.392
[HOOK_TAIL_SUMMARY] label=mpi:ring_zfp_online_coll:rate16 steps=391 tail_total_ms=8420.691 tail_mean_ms=21.536 tail_min_ms=19.096 tail_max_ms=22.378
[Epoch 5] Hook timing summary done

[Epoch 6] Training... (lr=0.000895)
  Batch [50/391] Loss: 0.9785, Acc: 66.62%
  Batch [100/391] Loss: 0.9346, Acc: 67.62%
  Batch [150/391] Loss: 0.9480, Acc: 67.46%
  Batch [200/391] Loss: 0.9361, Acc: 67.91%
  Batch [250/391] Loss: 0.9443, Acc: 67.25%
  Batch [300/391] Loss: 0.9478, Acc: 67.35%
  Batch [350/391] Loss: 0.9528, Acc: 67.25%
[Epoch 6] Train Loss: 0.9517, Acc: 67.47%  |  Val Loss: 1.3603, Acc: 76.24%  |  Time: 17.4s
  -> Best model saved (76.24%)
[Epoch 6] Summarizing hook timing...

[HOOK_TIMING_SUMMARY] epoch=6
[HOOK_WORK_SUMMARY] label=mpi:ring_zfp_online_coll:rate16 calls=3128 work_total_ms=11944.253 work_mean_ms=3.818 work_min_ms=2.510 work_max_ms=6.129
[HOOK_TAIL_SUMMARY] label=mpi:ring_zfp_online_coll:rate16 steps=391 tail_total_ms=8298.068 tail_mean_ms=21.223 tail_min_ms=18.568 tail_max_ms=22.019
[Epoch 6] Hook timing summary done

[Epoch 7] Training... (lr=0.000839)
  Batch [50/391] Loss: 0.8843, Acc: 69.38%
  Batch [100/391] Loss: 0.8503, Acc: 70.81%
  Batch [150/391] Loss: 0.8536, Acc: 71.25%
  Batch [200/391] Loss: 0.8465, Acc: 71.53%
  Batch [250/391] Loss: 0.8466, Acc: 71.22%
  Batch [300/391] Loss: 0.8359, Acc: 71.71%
  Batch [350/391] Loss: 0.8310, Acc: 72.11%
[Epoch 7] Train Loss: 0.8336, Acc: 71.90%  |  Val Loss: 1.3436, Acc: 78.80%  |  Time: 17.5s
  -> Best model saved (78.80%)
[Epoch 7] Summarizing hook timing...

[HOOK_TIMING_SUMMARY] epoch=7
[HOOK_WORK_SUMMARY] label=mpi:ring_zfp_online_coll:rate16 calls=3128 work_total_ms=11787.544 work_mean_ms=3.768 work_min_ms=2.512 work_max_ms=6.192
[HOOK_TAIL_SUMMARY] label=mpi:ring_zfp_online_coll:rate16 steps=391 tail_total_ms=7979.690 tail_mean_ms=20.408 tail_min_ms=18.428 tail_max_ms=22.762
[Epoch 7] Hook timing summary done

[Epoch 8] Training... (lr=0.000773)
  Batch [50/391] Loss: 0.8264, Acc: 72.00%
  Batch [100/391] Loss: 0.8114, Acc: 71.75%
  Batch [150/391] Loss: 0.8404, Acc: 71.17%
  Batch [200/391] Loss: 0.8411, Acc: 71.28%
  Batch [250/391] Loss: 0.8415, Acc: 71.28%
  Batch [300/391] Loss: 0.8364, Acc: 71.65%
  Batch [350/391] Loss: 0.8426, Acc: 71.38%
[Epoch 8] Train Loss: 0.8415, Acc: 71.31%  |  Val Loss: 0.8162, Acc: 79.60%  |  Time: 17.5s
  -> Best model saved (79.60%)
[Epoch 8] Summarizing hook timing...

[HOOK_TIMING_SUMMARY] epoch=8
[HOOK_WORK_SUMMARY] label=mpi:ring_zfp_online_coll:rate16 calls=3128 work_total_ms=11791.352 work_mean_ms=3.770 work_min_ms=2.513 work_max_ms=6.350
[HOOK_TAIL_SUMMARY] label=mpi:ring_zfp_online_coll:rate16 steps=391 tail_total_ms=7966.969 tail_mean_ms=20.376 tail_min_ms=18.809 tail_max_ms=21.119
[Epoch 8] Hook timing summary done

[Epoch 9] Training... (lr=0.000701)
  Batch [50/391] Loss: 0.8661, Acc: 69.62%
  Batch [100/391] Loss: 0.8286, Acc: 71.19%
  Batch [150/391] Loss: 0.8241, Acc: 71.42%
  Batch [200/391] Loss: 0.8029, Acc: 72.03%
  Batch [250/391] Loss: 0.8015, Acc: 72.42%
  Batch [300/391] Loss: 0.7923, Acc: 72.81%
  Batch [350/391] Loss: 0.7914, Acc: 72.96%
[Epoch 9] Train Loss: 0.7939, Acc: 72.80%  |  Val Loss: 0.9340, Acc: 79.52%  |  Time: 17.4s
[Epoch 9] Summarizing hook timing...

[HOOK_TIMING_SUMMARY] epoch=9
[HOOK_WORK_SUMMARY] label=mpi:ring_zfp_online_coll:rate16 calls=3128 work_total_ms=11678.297 work_mean_ms=3.733 work_min_ms=2.497 work_max_ms=6.268
[HOOK_TAIL_SUMMARY] label=mpi:ring_zfp_online_coll:rate16 steps=391 tail_total_ms=7861.723 tail_mean_ms=20.107 tail_min_ms=18.364 tail_max_ms=22.797
[Epoch 9] Hook timing summary done

[Epoch 10] Training... (lr=0.000623)
  Batch [50/391] Loss: 0.7300, Acc: 75.38%
  Batch [100/391] Loss: 0.7383, Acc: 75.38%
  Batch [150/391] Loss: 0.7240, Acc: 76.08%
  Batch [200/391] Loss: 0.7381, Acc: 75.62%
  Batch [250/391] Loss: 0.7354, Acc: 75.42%
  Batch [300/391] Loss: 0.7400, Acc: 75.19%
  Batch [350/391] Loss: 0.7428, Acc: 74.96%
[Epoch 10] Train Loss: 0.7393, Acc: 74.99%  |  Val Loss: 0.9105, Acc: 81.52%  |  Time: 17.5s
  -> Best model saved (81.52%)
[Epoch 10] Summarizing hook timing...

[HOOK_TIMING_SUMMARY] epoch=10
[HOOK_WORK_SUMMARY] label=mpi:ring_zfp_online_coll:rate16 calls=3128 work_total_ms=11910.050 work_mean_ms=3.808 work_min_ms=2.490 work_max_ms=6.272
[HOOK_TAIL_SUMMARY] label=mpi:ring_zfp_online_coll:rate16 steps=391 tail_total_ms=8146.011 tail_mean_ms=20.834 tail_min_ms=18.895 tail_max_ms=21.772
[Epoch 10] Hook timing summary done

[Epoch 11] Training... (lr=0.000541)
  Batch [50/391] Loss: 0.7234, Acc: 74.75%
  Batch [100/391] Loss: 0.7557, Acc: 74.81%
  Batch [150/391] Loss: 0.7665, Acc: 73.79%
  Batch [200/391] Loss: 0.7563, Acc: 73.81%
  Batch [250/391] Loss: 0.7459, Acc: 74.60%
  Batch [300/391] Loss: 0.7372, Acc: 74.77%
  Batch [350/391] Loss: 0.7314, Acc: 74.98%
[Epoch 11] Train Loss: 0.7284, Acc: 75.09%  |  Val Loss: 0.8435, Acc: 82.64%  |  Time: 17.5s
  -> Best model saved (82.64%)
[Epoch 11] Summarizing hook timing...

[HOOK_TIMING_SUMMARY] epoch=11
[HOOK_WORK_SUMMARY] label=mpi:ring_zfp_online_coll:rate16 calls=3128 work_total_ms=11710.475 work_mean_ms=3.744 work_min_ms=2.501 work_max_ms=6.275
[HOOK_TAIL_SUMMARY] label=mpi:ring_zfp_online_coll:rate16 steps=391 tail_total_ms=7917.224 tail_mean_ms=20.249 tail_min_ms=18.820 tail_max_ms=21.110
[Epoch 11] Hook timing summary done

[Epoch 12] Training... (lr=0.000459)
  Batch [50/391] Loss: 0.6871, Acc: 76.50%
  Batch [100/391] Loss: 0.6858, Acc: 76.00%
  Batch [150/391] Loss: 0.6871, Acc: 76.29%
  Batch [200/391] Loss: 0.6828, Acc: 76.91%
  Batch [250/391] Loss: 0.6847, Acc: 76.85%
  Batch [300/391] Loss: 0.6831, Acc: 77.04%
  Batch [350/391] Loss: 0.6837, Acc: 77.02%
[Epoch 12] Train Loss: 0.6814, Acc: 76.98%  |  Val Loss: 0.9128, Acc: 83.28%  |  Time: 17.5s
  -> Best model saved (83.28%)
[Epoch 12] Summarizing hook timing...

[HOOK_TIMING_SUMMARY] epoch=12
[HOOK_WORK_SUMMARY] label=mpi:ring_zfp_online_coll:rate16 calls=3128 work_total_ms=12012.054 work_mean_ms=3.840 work_min_ms=2.500 work_max_ms=6.259
[HOOK_TAIL_SUMMARY] label=mpi:ring_zfp_online_coll:rate16 steps=391 tail_total_ms=8359.375 tail_mean_ms=21.379 tail_min_ms=18.868 tail_max_ms=22.253
[Epoch 12] Hook timing summary done

[Epoch 13] Training... (lr=0.000377)
  Batch [50/391] Loss: 0.7014, Acc: 75.00%
  Batch [100/391] Loss: 0.6626, Acc: 77.31%
  Batch [150/391] Loss: 0.6671, Acc: 77.46%
  Batch [200/391] Loss: 0.6804, Acc: 76.81%
  Batch [250/391] Loss: 0.6783, Acc: 76.83%
  Batch [300/391] Loss: 0.6758, Acc: 77.08%
  Batch [350/391] Loss: 0.6757, Acc: 77.18%
[Epoch 13] Train Loss: 0.6736, Acc: 76.99%  |  Val Loss: 1.1186, Acc: 82.72%  |  Time: 17.4s
[Epoch 13] Summarizing hook timing...

[HOOK_TIMING_SUMMARY] epoch=13
[HOOK_WORK_SUMMARY] label=mpi:ring_zfp_online_coll:rate16 calls=3128 work_total_ms=11946.262 work_mean_ms=3.819 work_min_ms=2.506 work_max_ms=8.742
[HOOK_TAIL_SUMMARY] label=mpi:ring_zfp_online_coll:rate16 steps=391 tail_total_ms=8304.620 tail_mean_ms=21.239 tail_min_ms=18.311 tail_max_ms=26.574
[Epoch 13] Hook timing summary done

[Epoch 14] Training... (lr=0.000299)
  Batch [50/391] Loss: 0.6929, Acc: 75.12%
  Batch [100/391] Loss: 0.7126, Acc: 75.88%
  Batch [150/391] Loss: 0.7081, Acc: 76.04%
  Batch [200/391] Loss: 0.7068, Acc: 76.31%
  Batch [250/391] Loss: 0.7006, Acc: 76.50%
  Batch [300/391] Loss: 0.7107, Acc: 75.98%
  Batch [350/391] Loss: 0.7049, Acc: 76.27%
[Epoch 14] Train Loss: 0.7014, Acc: 76.48%  |  Val Loss: 0.8657, Acc: 83.52%  |  Time: 17.5s
  -> Best model saved (83.52%)
[Epoch 14] Summarizing hook timing...

[HOOK_TIMING_SUMMARY] epoch=14
[HOOK_WORK_SUMMARY] label=mpi:ring_zfp_online_coll:rate16 calls=3128 work_total_ms=12029.023 work_mean_ms=3.846 work_min_ms=2.513 work_max_ms=18.164
[HOOK_TAIL_SUMMARY] label=mpi:ring_zfp_online_coll:rate16 steps=391 tail_total_ms=8409.107 tail_mean_ms=21.507 tail_min_ms=20.474 tail_max_ms=35.388
[Epoch 14] Hook timing summary done

[Epoch 15] Training... (lr=0.000227)
  Batch [50/391] Loss: 0.6303, Acc: 78.25%
  Batch [100/391] Loss: 0.6600, Acc: 78.12%
  Batch [150/391] Loss: 0.6390, Acc: 79.29%
  Batch [200/391] Loss: 0.6473, Acc: 79.00%
  Batch [250/391] Loss: 0.6406, Acc: 79.10%
  Batch [300/391] Loss: 0.6511, Acc: 78.77%
  Batch [350/391] Loss: 0.6507, Acc: 78.73%
[Epoch 15] Train Loss: 0.6497, Acc: 78.78%  |  Val Loss: 0.7417, Acc: 83.60%  |  Time: 17.6s
  -> Best model saved (83.60%)
[Epoch 15] Summarizing hook timing...

[HOOK_TIMING_SUMMARY] epoch=15
[HOOK_WORK_SUMMARY] label=mpi:ring_zfp_online_coll:rate16 calls=3128 work_total_ms=11830.988 work_mean_ms=3.782 work_min_ms=2.517 work_max_ms=6.552
[HOOK_TAIL_SUMMARY] label=mpi:ring_zfp_online_coll:rate16 steps=391 tail_total_ms=7987.896 tail_mean_ms=20.429 tail_min_ms=18.395 tail_max_ms=22.204
[Epoch 15] Hook timing summary done

[Epoch 16] Training... (lr=0.000161)
  Batch [50/391] Loss: 0.6901, Acc: 76.88%
  Batch [100/391] Loss: 0.6465, Acc: 78.06%
  Batch [150/391] Loss: 0.6357, Acc: 78.17%
  Batch [200/391] Loss: 0.6412, Acc: 77.91%
  Batch [250/391] Loss: 0.6418, Acc: 77.83%
  Batch [300/391] Loss: 0.6426, Acc: 77.92%
  Batch [350/391] Loss: 0.6501, Acc: 77.66%
[Epoch 16] Train Loss: 0.6523, Acc: 77.58%  |  Val Loss: 1.8133, Acc: 83.76%  |  Time: 17.5s
  -> Best model saved (83.76%)
[Epoch 16] Summarizing hook timing...

[HOOK_TIMING_SUMMARY] epoch=16
[HOOK_WORK_SUMMARY] label=mpi:ring_zfp_online_coll:rate16 calls=3128 work_total_ms=12024.089 work_mean_ms=3.844 work_min_ms=2.509 work_max_ms=8.691
[HOOK_TAIL_SUMMARY] label=mpi:ring_zfp_online_coll:rate16 steps=391 tail_total_ms=8377.259 tail_mean_ms=21.425 tail_min_ms=18.794 tail_max_ms=26.509
[Epoch 16] Hook timing summary done

[Epoch 17] Training... (lr=0.000105)
  Batch [50/391] Loss: 0.5917, Acc: 78.75%
  Batch [100/391] Loss: 0.5669, Acc: 80.31%
  Batch [150/391] Loss: 0.6131, Acc: 78.83%
  Batch [200/391] Loss: 0.6312, Acc: 78.47%
  Batch [250/391] Loss: 0.6423, Acc: 77.95%
  Batch [300/391] Loss: 0.6447, Acc: 77.75%
  Batch [350/391] Loss: 0.6399, Acc: 78.16%
[Epoch 17] Train Loss: 0.6517, Acc: 77.74%  |  Val Loss: 0.8299, Acc: 83.20%  |  Time: 17.5s
[Epoch 17] Summarizing hook timing...

[HOOK_TIMING_SUMMARY] epoch=17
[HOOK_WORK_SUMMARY] label=mpi:ring_zfp_online_coll:rate16 calls=3128 work_total_ms=12031.912 work_mean_ms=3.847 work_min_ms=2.500 work_max_ms=7.328
[HOOK_TAIL_SUMMARY] label=mpi:ring_zfp_online_coll:rate16 steps=391 tail_total_ms=8391.177 tail_mean_ms=21.461 tail_min_ms=18.778 tail_max_ms=23.863
[Epoch 17] Hook timing summary done

[Epoch 18] Training... (lr=0.000060)
  Batch [50/391] Loss: 0.6038, Acc: 80.38%
  Batch [100/391] Loss: 0.6300, Acc: 79.44%
  Batch [150/391] Loss: 0.6224, Acc: 79.54%
  Batch [200/391] Loss: 0.6272, Acc: 79.56%
  Batch [250/391] Loss: 0.6383, Acc: 79.30%
  Batch [300/391] Loss: 0.6411, Acc: 78.81%
  Batch [350/391] Loss: 0.6391, Acc: 78.91%
[Epoch 18] Train Loss: 0.6354, Acc: 78.88%  |  Val Loss: 0.9550, Acc: 83.20%  |  Time: 17.5s
[Epoch 18] Summarizing hook timing...

[HOOK_TIMING_SUMMARY] epoch=18
[HOOK_WORK_SUMMARY] label=mpi:ring_zfp_online_coll:rate16 calls=3128 work_total_ms=11769.833 work_mean_ms=3.763 work_min_ms=2.502 work_max_ms=15.364
[HOOK_TAIL_SUMMARY] label=mpi:ring_zfp_online_coll:rate16 steps=391 tail_total_ms=7956.715 tail_mean_ms=20.350 tail_min_ms=19.562 tail_max_ms=32.461
[Epoch 18] Hook timing summary done

[Epoch 19] Training... (lr=0.000027)
  Batch [50/391] Loss: 0.5916, Acc: 79.38%
  Batch [100/391] Loss: 0.6127, Acc: 78.38%
  Batch [150/391] Loss: 0.6036, Acc: 78.50%
  Batch [200/391] Loss: 0.6189, Acc: 78.59%
  Batch [250/391] Loss: 0.6245, Acc: 78.47%
  Batch [300/391] Loss: 0.6254, Acc: 78.38%
  Batch [350/391] Loss: 0.6200, Acc: 78.48%
[Epoch 19] Train Loss: 0.6229, Acc: 78.32%  |  Val Loss: 1.2823, Acc: 83.60%  |  Time: 17.4s
[Epoch 19] Summarizing hook timing...

[HOOK_TIMING_SUMMARY] epoch=19
[HOOK_WORK_SUMMARY] label=mpi:ring_zfp_online_coll:rate16 calls=3128 work_total_ms=11858.617 work_mean_ms=3.791 work_min_ms=2.513 work_max_ms=11.926
[HOOK_TAIL_SUMMARY] label=mpi:ring_zfp_online_coll:rate16 steps=391 tail_total_ms=8148.601 tail_mean_ms=20.840 tail_min_ms=19.203 tail_max_ms=28.715
[Epoch 19] Hook timing summary done

[Epoch 20] Training... (lr=0.000007)
  Batch [50/391] Loss: 0.5808, Acc: 79.25%
  Batch [100/391] Loss: 0.6409, Acc: 77.69%
  Batch [150/391] Loss: 0.6359, Acc: 78.42%
  Batch [200/391] Loss: 0.6354, Acc: 78.41%
  Batch [250/391] Loss: 0.6298, Acc: 78.67%
  Batch [300/391] Loss: 0.6317, Acc: 78.42%
  Batch [350/391] Loss: 0.6264, Acc: 78.64%
[Epoch 20] Train Loss: 0.6311, Acc: 78.58%  |  Val Loss: 0.8950, Acc: 83.76%  |  Time: 17.4s
[Epoch 20] Summarizing hook timing...

[HOOK_TIMING_SUMMARY] epoch=20
[HOOK_WORK_SUMMARY] label=mpi:ring_zfp_online_coll:rate16 calls=3128 work_total_ms=11776.381 work_mean_ms=3.765 work_min_ms=2.506 work_max_ms=26.760
[HOOK_TAIL_SUMMARY] label=mpi:ring_zfp_online_coll:rate16 steps=391 tail_total_ms=8059.753 tail_mean_ms=20.613 tail_min_ms=19.495 tail_max_ms=43.916
[Epoch 20] Hook timing summary done

================================================================================
Done in 363.5s | Best val acc: 83.76%
Epoch times: mean=17.6s  min=17.4s  max=18.8s
================================================================================
