
================================================================================
Distributed Training: WIDE_RESNET50_2 on CIFAR10
Backend: MPI, Algorithm: ring_zfp_naive
================================================================================
Ranks: 8, Epochs: 20, Batch/rank: 16, Effective batch: 128
LR: 0.001, Device: cuda:0

[Setup] Model on cuda:0, wrapped in DDP (static_graph=True)
[Setup] Hook registered: mpi/ring_zfp_naive
[Data] Train batches: 391, Val batches: 79


[Epoch 1] Training... (lr=0.000001)
  Batch [50/391] Loss: 2.3764, Acc: 9.88%
  Batch [100/391] Loss: 2.3739, Acc: 9.81%
  Batch [150/391] Loss: 2.3702, Acc: 9.92%
  Batch [200/391] Loss: 2.3712, Acc: 9.59%
  Batch [250/391] Loss: 2.3689, Acc: 9.72%
  Batch [300/391] Loss: 2.3733, Acc: 9.65%
  Batch [350/391] Loss: 2.3687, Acc: 9.91%
[Epoch 1] Train Loss: 2.3723, Acc: 9.87%  |  Val Loss: 7317.4049, Acc: 10.00%  |  Time: 25.4s
  -> Best model saved (10.00%)
[Epoch 1] Summarizing hook timing...

[HOOK_TIMING_SUMMARY] epoch=1
[HOOK_WORK_SUMMARY] label=mpi:ring_zfp_naive:rate16 calls=3114 work_total_ms=18816.174 work_mean_ms=6.042 work_min_ms=4.164 work_max_ms=73.830
[HOOK_TAIL_SUMMARY] label=mpi:ring_zfp_naive:rate16 steps=392 tail_total_ms=15116.548 tail_mean_ms=38.563 tail_min_ms=5.801 tail_max_ms=188.671
[Epoch 1] Hook timing summary done

[Epoch 2] Training... (lr=0.001000)
  Batch [50/391] Loss: 2.2717, Acc: 15.25%
  Batch [100/391] Loss: 2.1998, Acc: 19.56%
  Batch [150/391] Loss: 2.1284, Acc: 23.75%
  Batch [200/391] Loss: 2.0540, Acc: 26.53%
  Batch [250/391] Loss: 1.9997, Acc: 28.43%
  Batch [300/391] Loss: 1.9403, Acc: 31.10%
  Batch [350/391] Loss: 1.8900, Acc: 33.34%
[Epoch 2] Train Loss: 1.8588, Acc: 34.61%  |  Val Loss: 2.3435, Acc: 54.72%  |  Time: 24.2s
  -> Best model saved (54.72%)
[Epoch 2] Summarizing hook timing...

[HOOK_TIMING_SUMMARY] epoch=2
[HOOK_WORK_SUMMARY] label=mpi:ring_zfp_naive:rate16 calls=3128 work_total_ms=18700.718 work_mean_ms=5.978 work_min_ms=4.166 work_max_ms=8.609
[HOOK_TAIL_SUMMARY] label=mpi:ring_zfp_naive:rate16 steps=391 tail_total_ms=14934.747 tail_mean_ms=38.196 tail_min_ms=35.383 tail_max_ms=40.225
[Epoch 2] Hook timing summary done

[Epoch 3] Training... (lr=0.000993)
  Batch [50/391] Loss: 1.4839, Acc: 48.25%
  Batch [100/391] Loss: 1.4422, Acc: 50.12%
  Batch [150/391] Loss: 1.4077, Acc: 50.92%
  Batch [200/391] Loss: 1.3712, Acc: 52.66%
  Batch [250/391] Loss: 1.3582, Acc: 53.15%
  Batch [300/391] Loss: 1.3420, Acc: 54.06%
  Batch [350/391] Loss: 1.3264, Acc: 54.77%
[Epoch 3] Train Loss: 1.3152, Acc: 55.04%  |  Val Loss: 1.4078, Acc: 66.72%  |  Time: 24.1s
  -> Best model saved (66.72%)
[Epoch 3] Summarizing hook timing...

[HOOK_TIMING_SUMMARY] epoch=3
[HOOK_WORK_SUMMARY] label=mpi:ring_zfp_naive:rate16 calls=3128 work_total_ms=18308.115 work_mean_ms=5.853 work_min_ms=4.171 work_max_ms=13.425
[HOOK_TAIL_SUMMARY] label=mpi:ring_zfp_naive:rate16 steps=391 tail_total_ms=14438.569 tail_mean_ms=36.927 tail_min_ms=35.720 tail_max_ms=42.222
[Epoch 3] Hook timing summary done

[Epoch 4] Training... (lr=0.000973)
  Batch [50/391] Loss: 1.1540, Acc: 59.00%
  Batch [100/391] Loss: 1.1678, Acc: 58.81%
  Batch [150/391] Loss: 1.1450, Acc: 59.58%
  Batch [200/391] Loss: 1.1361, Acc: 59.97%
  Batch [250/391] Loss: 1.1272, Acc: 60.23%
  Batch [300/391] Loss: 1.1289, Acc: 60.23%
  Batch [350/391] Loss: 1.1267, Acc: 60.46%
[Epoch 4] Train Loss: 1.1138, Acc: 60.70%  |  Val Loss: 2.0840, Acc: 71.76%  |  Time: 24.2s
  -> Best model saved (71.76%)
[Epoch 4] Summarizing hook timing...

[HOOK_TIMING_SUMMARY] epoch=4
[HOOK_WORK_SUMMARY] label=mpi:ring_zfp_naive:rate16 calls=3128 work_total_ms=18724.134 work_mean_ms=5.986 work_min_ms=4.172 work_max_ms=8.184
[HOOK_TAIL_SUMMARY] label=mpi:ring_zfp_naive:rate16 steps=391 tail_total_ms=15028.395 tail_mean_ms=38.436 tail_min_ms=35.915 tail_max_ms=39.310
[Epoch 4] Hook timing summary done

[Epoch 5] Training... (lr=0.000940)
  Batch [50/391] Loss: 1.0673, Acc: 60.88%
  Batch [100/391] Loss: 1.0641, Acc: 62.31%
  Batch [150/391] Loss: 1.0308, Acc: 63.12%
  Batch [200/391] Loss: 1.0185, Acc: 63.50%
  Batch [250/391] Loss: 1.0219, Acc: 63.55%
  Batch [300/391] Loss: 1.0105, Acc: 64.04%
  Batch [350/391] Loss: 1.0128, Acc: 64.14%
[Epoch 5] Train Loss: 1.0101, Acc: 64.08%  |  Val Loss: 0.7570, Acc: 76.88%  |  Time: 24.2s
  -> Best model saved (76.88%)
[Epoch 5] Summarizing hook timing...

[HOOK_TIMING_SUMMARY] epoch=5
[HOOK_WORK_SUMMARY] label=mpi:ring_zfp_naive:rate16 calls=3128 work_total_ms=18793.540 work_mean_ms=6.008 work_min_ms=4.184 work_max_ms=8.322
[HOOK_TAIL_SUMMARY] label=mpi:ring_zfp_naive:rate16 steps=391 tail_total_ms=15117.652 tail_mean_ms=38.664 tail_min_ms=36.140 tail_max_ms=42.504
[Epoch 5] Hook timing summary done

[Epoch 6] Training... (lr=0.000895)
  Batch [50/391] Loss: 0.9821, Acc: 67.00%
  Batch [100/391] Loss: 0.9630, Acc: 66.38%
  Batch [150/391] Loss: 0.9721, Acc: 66.42%
  Batch [200/391] Loss: 0.9596, Acc: 66.84%
  Batch [250/391] Loss: 0.9520, Acc: 66.53%
  Batch [300/391] Loss: 0.9496, Acc: 66.96%
  Batch [350/391] Loss: 0.9584, Acc: 66.98%
[Epoch 6] Train Loss: 0.9519, Acc: 67.34%  |  Val Loss: 0.9476, Acc: 75.12%  |  Time: 24.2s
[Epoch 6] Summarizing hook timing...

[HOOK_TIMING_SUMMARY] epoch=6
[HOOK_WORK_SUMMARY] label=mpi:ring_zfp_naive:rate16 calls=3128 work_total_ms=18604.865 work_mean_ms=5.948 work_min_ms=4.147 work_max_ms=9.066
[HOOK_TAIL_SUMMARY] label=mpi:ring_zfp_naive:rate16 steps=391 tail_total_ms=14800.565 tail_mean_ms=37.853 tail_min_ms=35.528 tail_max_ms=43.873
[Epoch 6] Hook timing summary done

[Epoch 7] Training... (lr=0.000839)
  Batch [50/391] Loss: 0.8936, Acc: 70.00%
  Batch [100/391] Loss: 0.8681, Acc: 70.50%
  Batch [150/391] Loss: 0.8810, Acc: 69.83%
  Batch [200/391] Loss: 0.8729, Acc: 69.81%
  Batch [250/391] Loss: 0.8779, Acc: 69.55%
  Batch [300/391] Loss: 0.8664, Acc: 69.94%
  Batch [350/391] Loss: 0.8630, Acc: 70.02%
[Epoch 7] Train Loss: 0.8645, Acc: 69.97%  |  Val Loss: 0.9557, Acc: 77.68%  |  Time: 24.3s
  -> Best model saved (77.68%)
[Epoch 7] Summarizing hook timing...

[HOOK_TIMING_SUMMARY] epoch=7
[HOOK_WORK_SUMMARY] label=mpi:ring_zfp_naive:rate16 calls=3128 work_total_ms=18767.905 work_mean_ms=6.000 work_min_ms=4.180 work_max_ms=36.994
[HOOK_TAIL_SUMMARY] label=mpi:ring_zfp_naive:rate16 steps=391 tail_total_ms=15067.407 tail_mean_ms=38.536 tail_min_ms=36.964 tail_max_ms=69.194
[Epoch 7] Hook timing summary done

[Epoch 8] Training... (lr=0.000773)
  Batch [50/391] Loss: 0.8374, Acc: 70.00%
  Batch [100/391] Loss: 0.8206, Acc: 70.94%
  Batch [150/391] Loss: 0.8439, Acc: 70.71%
  Batch [200/391] Loss: 0.8446, Acc: 70.94%
  Batch [250/391] Loss: 0.8530, Acc: 70.53%
  Batch [300/391] Loss: 0.8455, Acc: 70.65%
  Batch [350/391] Loss: 0.8516, Acc: 70.30%
[Epoch 8] Train Loss: 0.8524, Acc: 70.48%  |  Val Loss: 0.7265, Acc: 79.28%  |  Time: 24.2s
  -> Best model saved (79.28%)
[Epoch 8] Summarizing hook timing...

[HOOK_TIMING_SUMMARY] epoch=8
[HOOK_WORK_SUMMARY] label=mpi:ring_zfp_naive:rate16 calls=3128 work_total_ms=18688.017 work_mean_ms=5.974 work_min_ms=4.170 work_max_ms=8.321
[HOOK_TAIL_SUMMARY] label=mpi:ring_zfp_naive:rate16 steps=391 tail_total_ms=14988.561 tail_mean_ms=38.334 tail_min_ms=35.396 tail_max_ms=39.022
[Epoch 8] Hook timing summary done

[Epoch 9] Training... (lr=0.000701)
  Batch [50/391] Loss: 0.8577, Acc: 69.88%
  Batch [100/391] Loss: 0.8356, Acc: 70.75%
  Batch [150/391] Loss: 0.8168, Acc: 71.46%
  Batch [200/391] Loss: 0.8024, Acc: 71.94%
  Batch [250/391] Loss: 0.8019, Acc: 72.20%
  Batch [300/391] Loss: 0.7972, Acc: 72.52%
  Batch [350/391] Loss: 0.7961, Acc: 72.70%
[Epoch 9] Train Loss: 0.7925, Acc: 72.94%  |  Val Loss: 0.8065, Acc: 78.40%  |  Time: 24.1s
[Epoch 9] Summarizing hook timing...

[HOOK_TIMING_SUMMARY] epoch=9
[HOOK_WORK_SUMMARY] label=mpi:ring_zfp_naive:rate16 calls=3128 work_total_ms=18610.397 work_mean_ms=5.950 work_min_ms=4.163 work_max_ms=8.159
[HOOK_TAIL_SUMMARY] label=mpi:ring_zfp_naive:rate16 steps=391 tail_total_ms=14891.540 tail_mean_ms=38.086 tail_min_ms=35.528 tail_max_ms=38.929
[Epoch 9] Hook timing summary done

[Epoch 10] Training... (lr=0.000623)
  Batch [50/391] Loss: 0.7088, Acc: 75.12%
  Batch [100/391] Loss: 0.7317, Acc: 74.62%
  Batch [150/391] Loss: 0.7346, Acc: 74.92%
  Batch [200/391] Loss: 0.7530, Acc: 74.53%
  Batch [250/391] Loss: 0.7573, Acc: 74.15%
  Batch [300/391] Loss: 0.7583, Acc: 74.10%
  Batch [350/391] Loss: 0.7606, Acc: 74.14%
[Epoch 10] Train Loss: 0.7557, Acc: 74.35%  |  Val Loss: 1.0427, Acc: 79.76%  |  Time: 24.1s
  -> Best model saved (79.76%)
[Epoch 10] Summarizing hook timing...

[HOOK_TIMING_SUMMARY] epoch=10
[HOOK_WORK_SUMMARY] label=mpi:ring_zfp_naive:rate16 calls=3128 work_total_ms=18657.665 work_mean_ms=5.965 work_min_ms=4.192 work_max_ms=37.572
[HOOK_TAIL_SUMMARY] label=mpi:ring_zfp_naive:rate16 steps=391 tail_total_ms=14978.315 tail_mean_ms=38.308 tail_min_ms=36.701 tail_max_ms=69.912
[Epoch 10] Hook timing summary done

[Epoch 11] Training... (lr=0.000541)
  Batch [50/391] Loss: 0.7147, Acc: 75.25%
  Batch [100/391] Loss: 0.7272, Acc: 76.00%
  Batch [150/391] Loss: 0.7358, Acc: 75.08%
  Batch [200/391] Loss: 0.7407, Acc: 74.78%
  Batch [250/391] Loss: 0.7352, Acc: 74.95%
  Batch [300/391] Loss: 0.7289, Acc: 75.19%
  Batch [350/391] Loss: 0.7225, Acc: 75.34%
[Epoch 11] Train Loss: 0.7186, Acc: 75.47%  |  Val Loss: 0.8722, Acc: 77.76%  |  Time: 24.3s
[Epoch 11] Summarizing hook timing...

[HOOK_TIMING_SUMMARY] epoch=11
[HOOK_WORK_SUMMARY] label=mpi:ring_zfp_naive:rate16 calls=3128 work_total_ms=18463.165 work_mean_ms=5.903 work_min_ms=4.182 work_max_ms=9.646
[HOOK_TAIL_SUMMARY] label=mpi:ring_zfp_naive:rate16 steps=391 tail_total_ms=14604.756 tail_mean_ms=37.352 tail_min_ms=35.288 tail_max_ms=45.694
[Epoch 11] Hook timing summary done

[Epoch 12] Training... (lr=0.000459)
  Batch [50/391] Loss: 0.6705, Acc: 77.88%
  Batch [100/391] Loss: 0.6773, Acc: 76.50%
  Batch [150/391] Loss: 0.6758, Acc: 76.88%
  Batch [200/391] Loss: 0.6732, Acc: 77.00%
  Batch [250/391] Loss: 0.6636, Acc: 77.33%
  Batch [300/391] Loss: 0.6694, Acc: 77.15%
  Batch [350/391] Loss: 0.6750, Acc: 76.95%
[Epoch 12] Train Loss: 0.6736, Acc: 77.12%  |  Val Loss: 0.6874, Acc: 79.04%  |  Time: 24.2s
[Epoch 12] Summarizing hook timing...

[HOOK_TIMING_SUMMARY] epoch=12
[HOOK_WORK_SUMMARY] label=mpi:ring_zfp_naive:rate16 calls=3128 work_total_ms=18606.911 work_mean_ms=5.949 work_min_ms=4.168 work_max_ms=16.534
[HOOK_TAIL_SUMMARY] label=mpi:ring_zfp_naive:rate16 steps=391 tail_total_ms=14866.279 tail_mean_ms=38.021 tail_min_ms=36.233 tail_max_ms=48.815
[Epoch 12] Hook timing summary done

[Epoch 13] Training... (lr=0.000377)
  Batch [50/391] Loss: 0.7065, Acc: 75.62%
  Batch [100/391] Loss: 0.6735, Acc: 77.00%
  Batch [150/391] Loss: 0.6728, Acc: 77.00%
  Batch [200/391] Loss: 0.6797, Acc: 76.53%
  Batch [250/391] Loss: 0.6727, Acc: 76.75%
  Batch [300/391] Loss: 0.6663, Acc: 77.21%
  Batch [350/391] Loss: 0.6612, Acc: 77.38%
[Epoch 13] Train Loss: 0.6637, Acc: 77.26%  |  Val Loss: 0.8044, Acc: 80.00%  |  Time: 24.2s
  -> Best model saved (80.00%)
[Epoch 13] Summarizing hook timing...

[HOOK_TIMING_SUMMARY] epoch=13
[HOOK_WORK_SUMMARY] label=mpi:ring_zfp_naive:rate16 calls=3128 work_total_ms=18609.945 work_mean_ms=5.949 work_min_ms=4.163 work_max_ms=38.738
[HOOK_TAIL_SUMMARY] label=mpi:ring_zfp_naive:rate16 steps=391 tail_total_ms=14887.400 tail_mean_ms=38.075 tail_min_ms=36.343 tail_max_ms=71.982
[Epoch 13] Hook timing summary done

[Epoch 14] Training... (lr=0.000299)
  Batch [50/391] Loss: 0.6816, Acc: 75.12%
  Batch [100/391] Loss: 0.7075, Acc: 74.94%
  Batch [150/391] Loss: 0.6989, Acc: 75.67%
  Batch [200/391] Loss: 0.6921, Acc: 76.25%
  Batch [250/391] Loss: 0.6882, Acc: 76.58%
  Batch [300/391] Loss: 0.7003, Acc: 75.96%
  Batch [350/391] Loss: 0.6982, Acc: 76.04%
[Epoch 14] Train Loss: 0.6950, Acc: 76.18%  |  Val Loss: 0.6986, Acc: 80.32%  |  Time: 24.1s
  -> Best model saved (80.32%)
[Epoch 14] Summarizing hook timing...

[HOOK_TIMING_SUMMARY] epoch=14
[HOOK_WORK_SUMMARY] label=mpi:ring_zfp_naive:rate16 calls=3128 work_total_ms=18600.392 work_mean_ms=5.946 work_min_ms=4.161 work_max_ms=11.143
[HOOK_TAIL_SUMMARY] label=mpi:ring_zfp_naive:rate16 steps=391 tail_total_ms=14889.382 tail_mean_ms=38.080 tail_min_ms=35.991 tail_max_ms=43.580
[Epoch 14] Hook timing summary done

[Epoch 15] Training... (lr=0.000227)
  Batch [50/391] Loss: 0.6153, Acc: 78.62%
  Batch [100/391] Loss: 0.6456, Acc: 77.50%
  Batch [150/391] Loss: 0.6281, Acc: 78.62%
  Batch [200/391] Loss: 0.6346, Acc: 78.34%
  Batch [250/391] Loss: 0.6277, Acc: 78.60%
  Batch [300/391] Loss: 0.6374, Acc: 78.31%
  Batch [350/391] Loss: 0.6405, Acc: 78.12%
[Epoch 15] Train Loss: 0.6400, Acc: 77.97%  |  Val Loss: 0.5862, Acc: 81.28%  |  Time: 24.0s
  -> Best model saved (81.28%)
[Epoch 15] Summarizing hook timing...

[HOOK_TIMING_SUMMARY] epoch=15
[HOOK_WORK_SUMMARY] label=mpi:ring_zfp_naive:rate16 calls=3128 work_total_ms=18548.953 work_mean_ms=5.930 work_min_ms=4.160 work_max_ms=8.153
[HOOK_TAIL_SUMMARY] label=mpi:ring_zfp_naive:rate16 steps=391 tail_total_ms=14801.511 tail_mean_ms=37.856 tail_min_ms=35.722 tail_max_ms=38.819
[Epoch 15] Hook timing summary done

[Epoch 16] Training... (lr=0.000161)
  Batch [50/391] Loss: 0.6692, Acc: 77.38%
  Batch [100/391] Loss: 0.6589, Acc: 77.88%
  Batch [150/391] Loss: 0.6516, Acc: 78.54%
  Batch [200/391] Loss: 0.6519, Acc: 78.16%
  Batch [250/391] Loss: 0.6426, Acc: 78.35%
  Batch [300/391] Loss: 0.6408, Acc: 78.31%
  Batch [350/391] Loss: 0.6459, Acc: 78.05%
[Epoch 16] Train Loss: 0.6491, Acc: 77.95%  |  Val Loss: 2.0500, Acc: 79.84%  |  Time: 24.2s
[Epoch 16] Summarizing hook timing...

[HOOK_TIMING_SUMMARY] epoch=16
[HOOK_WORK_SUMMARY] label=mpi:ring_zfp_naive:rate16 calls=3128 work_total_ms=18756.266 work_mean_ms=5.996 work_min_ms=4.145 work_max_ms=8.285
[HOOK_TAIL_SUMMARY] label=mpi:ring_zfp_naive:rate16 steps=391 tail_total_ms=15081.834 tail_mean_ms=38.572 tail_min_ms=35.811 tail_max_ms=40.004
[Epoch 16] Hook timing summary done

[Epoch 17] Training... (lr=0.000105)
  Batch [50/391] Loss: 0.5904, Acc: 78.88%
  Batch [100/391] Loss: 0.5606, Acc: 80.38%
  Batch [150/391] Loss: 0.5966, Acc: 79.17%
  Batch [200/391] Loss: 0.6062, Acc: 78.41%
  Batch [250/391] Loss: 0.6170, Acc: 78.53%
  Batch [300/391] Loss: 0.6237, Acc: 78.52%
  Batch [350/391] Loss: 0.6201, Acc: 78.77%
[Epoch 17] Train Loss: 0.6307, Acc: 78.40%  |  Val Loss: 0.7246, Acc: 81.60%  |  Time: 24.2s
  -> Best model saved (81.60%)
[Epoch 17] Summarizing hook timing...

[HOOK_TIMING_SUMMARY] epoch=17
[HOOK_WORK_SUMMARY] label=mpi:ring_zfp_naive:rate16 calls=3128 work_total_ms=18745.070 work_mean_ms=5.993 work_min_ms=4.168 work_max_ms=16.425
[HOOK_TAIL_SUMMARY] label=mpi:ring_zfp_naive:rate16 steps=391 tail_total_ms=15097.522 tail_mean_ms=38.613 tail_min_ms=37.444 tail_max_ms=48.495
[Epoch 17] Hook timing summary done

[Epoch 18] Training... (lr=0.000060)
  Batch [50/391] Loss: 0.6125, Acc: 79.00%
  Batch [100/391] Loss: 0.6250, Acc: 78.31%
  Batch [150/391] Loss: 0.6169, Acc: 78.33%
  Batch [200/391] Loss: 0.6185, Acc: 78.38%
  Batch [250/391] Loss: 0.6295, Acc: 78.25%
  Batch [300/391] Loss: 0.6319, Acc: 77.88%
  Batch [350/391] Loss: 0.6352, Acc: 78.02%
[Epoch 18] Train Loss: 0.6319, Acc: 78.22%  |  Val Loss: 0.7604, Acc: 80.96%  |  Time: 24.2s
[Epoch 18] Summarizing hook timing...

[HOOK_TIMING_SUMMARY] epoch=18
[HOOK_WORK_SUMMARY] label=mpi:ring_zfp_naive:rate16 calls=3128 work_total_ms=18410.885 work_mean_ms=5.886 work_min_ms=4.164 work_max_ms=8.420
[HOOK_TAIL_SUMMARY] label=mpi:ring_zfp_naive:rate16 steps=391 tail_total_ms=14583.050 tail_mean_ms=37.297 tail_min_ms=35.292 tail_max_ms=38.226
[Epoch 18] Hook timing summary done

[Epoch 19] Training... (lr=0.000027)
  Batch [50/391] Loss: 0.6058, Acc: 77.62%
  Batch [100/391] Loss: 0.6190, Acc: 78.56%
  Batch [150/391] Loss: 0.6084, Acc: 78.71%
  Batch [200/391] Loss: 0.6244, Acc: 78.69%
  Batch [250/391] Loss: 0.6254, Acc: 78.40%
  Batch [300/391] Loss: 0.6277, Acc: 78.31%
  Batch [350/391] Loss: 0.6235, Acc: 78.48%
[Epoch 19] Train Loss: 0.6243, Acc: 78.37%  |  Val Loss: 1.5837, Acc: 79.68%  |  Time: 24.2s
[Epoch 19] Summarizing hook timing...

[HOOK_TIMING_SUMMARY] epoch=19
[HOOK_WORK_SUMMARY] label=mpi:ring_zfp_naive:rate16 calls=3128 work_total_ms=18484.641 work_mean_ms=5.909 work_min_ms=4.155 work_max_ms=22.000
[HOOK_TAIL_SUMMARY] label=mpi:ring_zfp_naive:rate16 steps=391 tail_total_ms=14667.034 tail_mean_ms=37.512 tail_min_ms=36.573 tail_max_ms=54.138
[Epoch 19] Hook timing summary done

[Epoch 20] Training... (lr=0.000007)
  Batch [50/391] Loss: 0.5922, Acc: 79.00%
  Batch [100/391] Loss: 0.6153, Acc: 78.81%
  Batch [150/391] Loss: 0.6076, Acc: 78.83%
  Batch [200/391] Loss: 0.6247, Acc: 78.12%
  Batch [250/391] Loss: 0.6246, Acc: 78.33%
  Batch [300/391] Loss: 0.6283, Acc: 78.27%
  Batch [350/391] Loss: 0.6256, Acc: 78.52%
[Epoch 20] Train Loss: 0.6265, Acc: 78.50%  |  Val Loss: 0.7277, Acc: 81.44%  |  Time: 24.1s
[Epoch 20] Summarizing hook timing...

[HOOK_TIMING_SUMMARY] epoch=20
[HOOK_WORK_SUMMARY] label=mpi:ring_zfp_naive:rate16 calls=3128 work_total_ms=18682.078 work_mean_ms=5.973 work_min_ms=4.168 work_max_ms=21.118
[HOOK_TAIL_SUMMARY] label=mpi:ring_zfp_naive:rate16 steps=391 tail_total_ms=15005.975 tail_mean_ms=38.378 tail_min_ms=37.621 tail_max_ms=53.729
[Epoch 20] Hook timing summary done

================================================================================
Done in 495.2s | Best val acc: 81.60%
Epoch times: mean=24.2s  min=24.0s  max=25.4s
================================================================================
