=== Job started: Thu May 21 10:55:11 AM UTC 2026 ===
=== Node: x3111c0s13b1n0 ===

The following have been reloaded with a version change:
  1) gcc-native/14 => gcc-native/13


The following have been reloaded with a version change:
  1) gcc-native/13 => gcc-native/14.2

[INFO] GTL preloaded: /opt/cray/pe/mpich/9.0.1/ofi/nvidia/23.3/lib/libmpi_gtl_cuda.so
=============================================
  Polaris DDP + Eagle PyTorch + Cray MPICH
=============================================
Node              : x3111c0s13b1n0
ZFP_HOME          : /home/mrest/mpiAllReduceCompressed/zfp-install
GTL               : /opt/cray/pe/mpich/9.0.1/ofi/nvidia/23.3/lib/libmpi_gtl_cuda.so
MPICH_GPU_SUPPORT : 1

PyTorch version   : 2.8.0a0+gitba56102
PyTorch location  : /lus/eagle/projects/UIC-HPC/mrest/pytorch_mpi_build/src/pytorch/torch/__init__.py
CUDA available    : True 4
MPI available     : True
mpi4py            : MPI VERSION    : CRAY MPICH version 9.0.1.498 (ANL base 4.1.2)
mpi4py rank test  : rank 0 OK
=============================================
=== Starting training: backend=mpi, hook=default at Thu May 21 10:55:47 AM UTC 2026 ===

================================================================================
DISTRIBUTED TRAINING LAUNCHER
================================================================================
  Model:      wide_resnet50_2 (pretrained)
  Dataset:    cifar10 (10 classes)
  Backend:    mpi
  Algorithm:  default
  Epochs:     20
  Batch/rank: 16
  LR:         0.001
================================================================================


================================================================================
Distributed Training: WIDE_RESNET50_2 on CIFAR10
Backend: MPI, Algorithm: default
================================================================================
Ranks: 8, Epochs: 20, Batch/rank: 16, Effective batch: 128
LR: 0.001, Device: cuda:0

[Setup] Model on cuda:0, wrapped in DDP (static_graph=True)
[Setup] Hook registered: mpi/default
[Data] Train batches: 391, Val batches: 79


[Epoch 1] Training... (lr=0.000001)

================================================================================
DISTRIBUTED TRAINING LAUNCHER
================================================================================
  Model:      wide_resnet50_2 (pretrained)
  Dataset:    cifar10 (10 classes)
  Backend:    mpi
  Algorithm:  default
  Epochs:     20
  Batch/rank: 16
  LR:         0.001
================================================================================


================================================================================
DISTRIBUTED TRAINING LAUNCHER
================================================================================
  Model:      wide_resnet50_2 (pretrained)
  Dataset:    cifar10 (10 classes)
  Backend:    mpi
  Algorithm:  default
  Epochs:     20
  Batch/rank: 16
  LR:         0.001
================================================================================


================================================================================
DISTRIBUTED TRAINING LAUNCHER
================================================================================
  Model:      wide_resnet50_2 (pretrained)
  Dataset:    cifar10 (10 classes)
  Backend:    mpi
  Algorithm:  default
  Epochs:     20
  Batch/rank: 16
  LR:         0.001
================================================================================


================================================================================
DISTRIBUTED TRAINING LAUNCHER
================================================================================
  Model:      wide_resnet50_2 (pretrained)
  Dataset:    cifar10 (10 classes)
  Backend:    mpi
  Algorithm:  default
  Epochs:     20
  Batch/rank: 16
  LR:         0.001
================================================================================


================================================================================
DISTRIBUTED TRAINING LAUNCHER
================================================================================
  Model:      wide_resnet50_2 (pretrained)
  Dataset:    cifar10 (10 classes)
  Backend:    mpi
  Algorithm:  default
  Epochs:     20
  Batch/rank: 16
  LR:         0.001
================================================================================


================================================================================
DISTRIBUTED TRAINING LAUNCHER
================================================================================
  Model:      wide_resnet50_2 (pretrained)
  Dataset:    cifar10 (10 classes)
  Backend:    mpi
  Algorithm:  default
  Epochs:     20
  Batch/rank: 16
  LR:         0.001
================================================================================


================================================================================
DISTRIBUTED TRAINING LAUNCHER
================================================================================
  Model:      wide_resnet50_2 (pretrained)
  Dataset:    cifar10 (10 classes)
  Backend:    mpi
  Algorithm:  default
  Epochs:     20
  Batch/rank: 16
  LR:         0.001
================================================================================

  Batch [50/391] Loss: 2.3767, Acc: 10.00%
  Batch [100/391] Loss: 2.3743, Acc: 9.81%
  Batch [150/391] Loss: 2.3709, Acc: 9.96%
  Batch [200/391] Loss: 2.3717, Acc: 9.69%
  Batch [250/391] Loss: 2.3692, Acc: 9.70%
  Batch [300/391] Loss: 2.3738, Acc: 9.62%
  Batch [350/391] Loss: 2.3694, Acc: 9.91%
[Epoch 1] Train Loss: 2.3733, Acc: 9.87%  |  Val Loss: 7333.4942, Acc: 9.92%  |  Time: 22.1s
  -> Best model saved (9.92%)

[Epoch 2] Training... (lr=0.000201)
  Batch [50/391] Loss: 2.4095, Acc: 9.25%
  Batch [100/391] Loss: 2.3932, Acc: 9.69%
  Batch [150/391] Loss: 2.3885, Acc: 9.29%
  Batch [200/391] Loss: 2.3776, Acc: 10.03%
  Batch [250/391] Loss: 2.3779, Acc: 10.03%
  Batch [300/391] Loss: 2.3807, Acc: 9.92%
  Batch [350/391] Loss: 2.3792, Acc: 9.77%
[Epoch 2] Train Loss: 2.3774, Acc: 9.87%  |  Val Loss: 3226.7341, Acc: 11.76%  |  Time: 17.4s
  -> Best model saved (11.76%)

[Epoch 3] Training... (lr=0.000401)
  Batch [50/391] Loss: 2.3522, Acc: 10.88%
  Batch [100/391] Loss: 2.3457, Acc: 12.44%
  Batch [150/391] Loss: 2.3478, Acc: 12.21%
  Batch [200/391] Loss: 2.3439, Acc: 12.19%
  Batch [250/391] Loss: 2.3400, Acc: 12.40%
  Batch [300/391] Loss: 2.3413, Acc: 12.27%
  Batch [350/391] Loss: 2.3396, Acc: 12.16%
[Epoch 3] Train Loss: 2.3400, Acc: 12.10%  |  Val Loss: 5757.6542, Acc: 12.72%  |  Time: 17.4s
  -> Best model saved (12.72%)

[Epoch 4] Training... (lr=0.000600)
  Batch [50/391] Loss: 2.3194, Acc: 12.00%
  Batch [100/391] Loss: 2.3233, Acc: 11.81%
  Batch [150/391] Loss: 2.3110, Acc: 12.62%
  Batch [200/391] Loss: 2.3062, Acc: 12.56%
  Batch [250/391] Loss: 2.3052, Acc: 12.85%
  Batch [300/391] Loss: 2.3090, Acc: 12.69%
  Batch [350/391] Loss: 2.3082, Acc: 12.77%
[Epoch 4] Train Loss: 2.3072, Acc: 12.86%  |  Val Loss: 5849.1250, Acc: 12.96%  |  Time: 17.5s
  -> Best model saved (12.96%)

[Epoch 5] Training... (lr=0.000800)
  Batch [50/391] Loss: 2.2920, Acc: 15.25%
  Batch [100/391] Loss: 2.2859, Acc: 14.56%
  Batch [150/391] Loss: 2.2820, Acc: 14.38%
  Batch [200/391] Loss: 2.2803, Acc: 14.56%
  Batch [250/391] Loss: 2.2740, Acc: 14.70%
  Batch [300/391] Loss: 2.2695, Acc: 15.06%
  Batch [350/391] Loss: 2.2686, Acc: 15.14%
[Epoch 5] Train Loss: 2.2661, Acc: 15.17%  |  Val Loss: 5415.9733, Acc: 15.36%  |  Time: 17.4s
  -> Best model saved (15.36%)

[Epoch 6] Training... (lr=0.001000)
  Batch [50/391] Loss: 2.2314, Acc: 18.50%
  Batch [100/391] Loss: 2.2306, Acc: 17.81%
  Batch [150/391] Loss: 2.2320, Acc: 17.79%
  Batch [200/391] Loss: 2.2277, Acc: 17.78%
  Batch [250/391] Loss: 2.2178, Acc: 18.30%
  Batch [300/391] Loss: 2.2151, Acc: 18.40%
  Batch [350/391] Loss: 2.2155, Acc: 18.57%
[Epoch 6] Train Loss: 2.2133, Acc: 18.66%  |  Val Loss: 2710.8991, Acc: 19.44%  |  Time: 17.4s
  -> Best model saved (19.44%)

[Epoch 7] Training... (lr=0.000989)
  Batch [50/391] Loss: 2.2060, Acc: 19.75%
  Batch [100/391] Loss: 2.1797, Acc: 21.12%
  Batch [150/391] Loss: 2.1658, Acc: 21.50%
  Batch [200/391] Loss: 2.1689, Acc: 21.22%
  Batch [250/391] Loss: 2.1655, Acc: 21.23%
  Batch [300/391] Loss: 2.1587, Acc: 21.56%
  Batch [350/391] Loss: 2.1579, Acc: 21.52%
[Epoch 7] Train Loss: 2.1559, Acc: 22.02%  |  Val Loss: 3727.3257, Acc: 23.92%  |  Time: 17.4s
  -> Best model saved (23.92%)

[Epoch 8] Training... (lr=0.000957)
  Batch [50/391] Loss: 2.1176, Acc: 24.25%
  Batch [100/391] Loss: 2.1199, Acc: 24.12%
  Batch [150/391] Loss: 2.1157, Acc: 25.21%
  Batch [200/391] Loss: 2.1147, Acc: 25.31%
  Batch [250/391] Loss: 2.1123, Acc: 25.60%
  Batch [300/391] Loss: 2.1030, Acc: 25.94%
  Batch [350/391] Loss: 2.0997, Acc: 25.84%
[Epoch 8] Train Loss: 2.0991, Acc: 25.78%  |  Val Loss: 3545.8193, Acc: 26.72%  |  Time: 17.4s
  -> Best model saved (26.72%)

[Epoch 9] Training... (lr=0.000905)
  Batch [50/391] Loss: 2.0656, Acc: 29.12%
  Batch [100/391] Loss: 2.0679, Acc: 27.62%
  Batch [150/391] Loss: 2.0559, Acc: 27.96%
  Batch [200/391] Loss: 2.0581, Acc: 27.94%
  Batch [250/391] Loss: 2.0519, Acc: 27.70%
  Batch [300/391] Loss: 2.0484, Acc: 27.85%
  Batch [350/391] Loss: 2.0470, Acc: 28.32%
[Epoch 9] Train Loss: 2.0461, Acc: 28.32%  |  Val Loss: 5357.7192, Acc: 27.84%  |  Time: 17.4s
  -> Best model saved (27.84%)

[Epoch 10] Training... (lr=0.000835)
  Batch [50/391] Loss: 2.0168, Acc: 29.88%
  Batch [100/391] Loss: 2.0053, Acc: 30.38%
  Batch [150/391] Loss: 2.0086, Acc: 30.08%
  Batch [200/391] Loss: 1.9984, Acc: 30.56%
  Batch [250/391] Loss: 1.9903, Acc: 30.70%
  Batch [300/391] Loss: 1.9857, Acc: 31.00%
  Batch [350/391] Loss: 1.9871, Acc: 30.66%
[Epoch 10] Train Loss: 1.9838, Acc: 30.88%  |  Val Loss: 300.5922, Acc: 30.08%  |  Time: 17.4s
  -> Best model saved (30.08%)

[Epoch 11] Training... (lr=0.000750)
  Batch [50/391] Loss: 1.9818, Acc: 30.12%
  Batch [100/391] Loss: 1.9716, Acc: 31.44%
  Batch [150/391] Loss: 1.9697, Acc: 31.83%
  Batch [200/391] Loss: 1.9655, Acc: 32.41%
  Batch [250/391] Loss: 1.9641, Acc: 31.88%
  Batch [300/391] Loss: 1.9586, Acc: 32.10%
  Batch [350/391] Loss: 1.9559, Acc: 32.05%
[Epoch 11] Train Loss: 1.9522, Acc: 32.42%  |  Val Loss: 552.7740, Acc: 35.04%  |  Time: 17.5s
  -> Best model saved (35.04%)

[Epoch 12] Training... (lr=0.000655)
  Batch [50/391] Loss: 1.9300, Acc: 32.88%
  Batch [100/391] Loss: 1.9221, Acc: 33.56%
  Batch [150/391] Loss: 1.9240, Acc: 34.12%
  Batch [200/391] Loss: 1.9324, Acc: 33.91%
  Batch [250/391] Loss: 1.9240, Acc: 34.50%
  Batch [300/391] Loss: 1.9185, Acc: 34.67%
  Batch [350/391] Loss: 1.9204, Acc: 34.30%
[Epoch 12] Train Loss: 1.9141, Acc: 34.51%  |  Val Loss: 241.9902, Acc: 33.76%  |  Time: 17.4s

[Epoch 13] Training... (lr=0.000552)
  Batch [50/391] Loss: 1.8882, Acc: 35.75%
  Batch [100/391] Loss: 1.8692, Acc: 37.56%
  Batch [150/391] Loss: 1.8749, Acc: 36.58%
  Batch [200/391] Loss: 1.8807, Acc: 36.19%
  Batch [250/391] Loss: 1.8727, Acc: 36.48%
  Batch [300/391] Loss: 1.8724, Acc: 36.00%
  Batch [350/391] Loss: 1.8709, Acc: 35.88%
[Epoch 13] Train Loss: 1.8696, Acc: 35.92%  |  Val Loss: 114.1764, Acc: 36.16%  |  Time: 17.5s
  -> Best model saved (36.16%)

[Epoch 14] Training... (lr=0.000448)
  Batch [50/391] Loss: 1.8958, Acc: 33.62%
  Batch [100/391] Loss: 1.8940, Acc: 33.94%
  Batch [150/391] Loss: 1.8722, Acc: 34.58%
  Batch [200/391] Loss: 1.8680, Acc: 35.03%
  Batch [250/391] Loss: 1.8549, Acc: 35.60%
  Batch [300/391] Loss: 1.8573, Acc: 35.54%
  Batch [350/391] Loss: 1.8575, Acc: 35.54%
[Epoch 14] Train Loss: 1.8559, Acc: 35.81%  |  Val Loss: 1269.8388, Acc: 37.04%  |  Time: 17.4s
  -> Best model saved (37.04%)

[Epoch 15] Training... (lr=0.000345)
  Batch [50/391] Loss: 1.8367, Acc: 34.12%
  Batch [100/391] Loss: 1.8389, Acc: 35.31%
  Batch [150/391] Loss: 1.8455, Acc: 34.96%
  Batch [200/391] Loss: 1.8392, Acc: 34.69%
  Batch [250/391] Loss: 1.8362, Acc: 35.20%
  Batch [300/391] Loss: 1.8343, Acc: 35.77%
  Batch [350/391] Loss: 1.8360, Acc: 36.07%
[Epoch 15] Train Loss: 1.8320, Acc: 36.10%  |  Val Loss: 854.2355, Acc: 38.56%  |  Time: 17.5s
  -> Best model saved (38.56%)

[Epoch 16] Training... (lr=0.000250)
  Batch [50/391] Loss: 1.7939, Acc: 37.62%
  Batch [100/391] Loss: 1.8034, Acc: 37.56%
  Batch [150/391] Loss: 1.7960, Acc: 37.58%
  Batch [200/391] Loss: 1.8074, Acc: 37.03%
  Batch [250/391] Loss: 1.8161, Acc: 36.55%
  Batch [300/391] Loss: 1.8144, Acc: 36.71%
  Batch [350/391] Loss: 1.8159, Acc: 37.05%
[Epoch 16] Train Loss: 1.8184, Acc: 36.86%  |  Val Loss: 2568.7540, Acc: 36.40%  |  Time: 17.4s

[Epoch 17] Training... (lr=0.000165)
  Batch [50/391] Loss: 1.8047, Acc: 39.62%
  Batch [100/391] Loss: 1.7840, Acc: 40.31%
  Batch [150/391] Loss: 1.7875, Acc: 39.25%
  Batch [200/391] Loss: 1.7899, Acc: 39.34%
  Batch [250/391] Loss: 1.7918, Acc: 39.45%
  Batch [300/391] Loss: 1.7929, Acc: 39.21%
  Batch [350/391] Loss: 1.7950, Acc: 39.18%
[Epoch 17] Train Loss: 1.8038, Acc: 38.74%  |  Val Loss: 2095.0157, Acc: 38.16%  |  Time: 17.5s

[Epoch 18] Training... (lr=0.000095)
  Batch [50/391] Loss: 1.7934, Acc: 38.88%
  Batch [100/391] Loss: 1.7950, Acc: 38.69%
  Batch [150/391] Loss: 1.7992, Acc: 38.96%
  Batch [200/391] Loss: 1.7892, Acc: 39.19%
  Batch [250/391] Loss: 1.7931, Acc: 38.75%
  Batch [300/391] Loss: 1.7965, Acc: 38.46%
  Batch [350/391] Loss: 1.7972, Acc: 38.16%
[Epoch 18] Train Loss: 1.7986, Acc: 37.89%  |  Val Loss: 1806.2383, Acc: 37.20%  |  Time: 17.4s

[Epoch 19] Training... (lr=0.000043)
  Batch [50/391] Loss: 1.7542, Acc: 40.50%
  Batch [100/391] Loss: 1.7810, Acc: 38.75%
  Batch [150/391] Loss: 1.7833, Acc: 38.33%
  Batch [200/391] Loss: 1.7878, Acc: 38.16%
  Batch [250/391] Loss: 1.7887, Acc: 38.33%
  Batch [300/391] Loss: 1.7895, Acc: 38.19%
  Batch [350/391] Loss: 1.7850, Acc: 38.66%
[Epoch 19] Train Loss: 1.7837, Acc: 38.88%  |  Val Loss: 860.4227, Acc: 37.84%  |  Time: 17.4s

[Epoch 20] Training... (lr=0.000011)
  Batch [50/391] Loss: 1.8067, Acc: 35.00%
  Batch [100/391] Loss: 1.7865, Acc: 36.88%
  Batch [150/391] Loss: 1.7812, Acc: 37.50%
  Batch [200/391] Loss: 1.7876, Acc: 37.34%
  Batch [250/391] Loss: 1.7888, Acc: 37.80%
  Batch [300/391] Loss: 1.7894, Acc: 37.98%
  Batch [350/391] Loss: 1.7900, Acc: 37.91%
[Epoch 20] Train Loss: 1.7908, Acc: 38.02%  |  Val Loss: 318.9252, Acc: 38.00%  |  Time: 17.4s

================================================================================
Done in 365.2s | Best val acc: 38.56%
Epoch times: mean=17.7s  min=17.4s  max=22.1s
================================================================================
=== Finished training: backend=mpi, hook=default, status=0 at Thu May 21 11:02:17 AM UTC 2026 ===
=== Job finished: Thu May 21 11:02:17 AM UTC 2026 ===
