=== Job started: Sat May 23 10:32:18 PM UTC 2026 ===
=== Node: x3005c0s1b1n0 ===

The following have been reloaded with a version change:
  1) gcc-native/14 => gcc-native/13


The following have been reloaded with a version change:
  1) gcc-native/13 => gcc-native/14.2

[INFO] GTL preloaded: /opt/cray/pe/mpich/9.0.1/ofi/nvidia/23.3/lib/libmpi_gtl_cuda.so
=============================================
  Polaris DDP + Eagle PyTorch + Cray MPICH
=============================================
Node              : x3005c0s1b1n0
ZFP_HOME          : /home/mrest/mpiAllReduceCompressed/zfp-install
GTL               : /opt/cray/pe/mpich/9.0.1/ofi/nvidia/23.3/lib/libmpi_gtl_cuda.so
MPICH_GPU_SUPPORT : 1

PyTorch version   : 2.8.0a0+gitba56102
PyTorch location  : /lus/eagle/projects/UIC-HPC/mrest/pytorch_mpi_build/src/pytorch/torch/__init__.py
CUDA available    : True 4
MPI available     : True
mpi4py            : MPI VERSION    : CRAY MPICH version 9.0.1.498 (ANL base 4.1.2)
mpi4py rank test  : rank 0 OK
=============================================
=== Starting training: backend=mpi, hook=recursive_doubling, zfp_rate=none at Sat May 23 10:32:51 PM UTC 2026 ===

================================================================================
DISTRIBUTED TRAINING LAUNCHER
================================================================================
  Model:      resnext101_32x8d (CIFAR stem) (pretrained)
  Dataset:    cifar10 (10 classes)
  Backend:    mpi
  Algorithm:  recursive_doubling
  Epochs:     20
  Batch/rank: 128
  LR:         0.001
================================================================================


================================================================================
Distributed Training: RESNEXT101_32X8D on CIFAR10
Backend: MPI, Algorithm: recursive_doubling
================================================================================
Ranks: 8, Epochs: 20, Batch/rank: 128, Effective batch: 1024
LR: 0.001, Device: cuda:0

[Setup] Model on cuda:0, wrapped in DDP (static_graph=True)
[Setup] Hook registered: mpi/recursive_doubling

================================================================================
DISTRIBUTED TRAINING LAUNCHER
================================================================================
  Model:      resnext101_32x8d (CIFAR stem) (pretrained)
  Dataset:    cifar10 (10 classes)
  Backend:    mpi
  Algorithm:  recursive_doubling
  Epochs:     20
  Batch/rank: 128
  LR:         0.001
================================================================================


================================================================================
DISTRIBUTED TRAINING LAUNCHER
================================================================================
  Model:      resnext101_32x8d (CIFAR stem) (pretrained)
  Dataset:    cifar10 (10 classes)
  Backend:    mpi
  Algorithm:  recursive_doubling
  Epochs:     20
  Batch/rank: 128
  LR:         0.001
================================================================================


================================================================================
DISTRIBUTED TRAINING LAUNCHER
================================================================================
  Model:      resnext101_32x8d (CIFAR stem) (pretrained)
  Dataset:    cifar10 (10 classes)
  Backend:    mpi
  Algorithm:  recursive_doubling
  Epochs:     20
  Batch/rank: 128
  LR:         0.001
================================================================================


================================================================================
DISTRIBUTED TRAINING LAUNCHER
================================================================================
  Model:      resnext101_32x8d (CIFAR stem) (pretrained)
  Dataset:    cifar10 (10 classes)
  Backend:    mpi
  Algorithm:  recursive_doubling
  Epochs:     20
  Batch/rank: 128
  LR:         0.001
================================================================================

[Data] Train batches: 48, Val batches: 10


[Epoch 1] Training... (lr=0.000001)

================================================================================
DISTRIBUTED TRAINING LAUNCHER
================================================================================
  Model:      resnext101_32x8d (CIFAR stem) (pretrained)
  Dataset:    cifar10 (10 classes)
  Backend:    mpi
  Algorithm:  recursive_doubling
  Epochs:     20
  Batch/rank: 128
  LR:         0.001
================================================================================


================================================================================
DISTRIBUTED TRAINING LAUNCHER
================================================================================
  Model:      resnext101_32x8d (CIFAR stem) (pretrained)
  Dataset:    cifar10 (10 classes)
  Backend:    mpi
  Algorithm:  recursive_doubling
  Epochs:     20
  Batch/rank: 128
  LR:         0.001
================================================================================


================================================================================
DISTRIBUTED TRAINING LAUNCHER
================================================================================
  Model:      resnext101_32x8d (CIFAR stem) (pretrained)
  Dataset:    cifar10 (10 classes)
  Backend:    mpi
  Algorithm:  recursive_doubling
  Epochs:     20
  Batch/rank: 128
  LR:         0.001
================================================================================

[Epoch 1] Train Loss: 2.3194, Acc: 10.50%  |  Val Loss: 2.3229, Acc: 11.04%  |  Time: 16.3s
  -> Best model saved (11.04%)
[Epoch 1] Summarizing hook timing...

[HOOK_TIMING_SUMMARY] epoch=1
[HOOK_WORK_SUMMARY] label=mpi:recursive_doubling calls=600 work_total_ms=10218.830 work_mean_ms=17.031 work_min_ms=1.263 work_max_ms=142.745
[HOOK_TAIL_SUMMARY] label=mpi:recursive_doubling steps=49 tail_total_ms=7396.748 tail_mean_ms=150.954 tail_min_ms=86.208 tail_max_ms=185.974
[Epoch 1] Hook timing summary done

[Epoch 2] Training... (lr=0.000201)
[Epoch 2] Train Loss: 2.3113, Acc: 11.33%  |  Val Loss: 2.3158, Acc: 11.36%  |  Time: 12.4s
  -> Best model saved (11.36%)
[Epoch 2] Summarizing hook timing...

[HOOK_TIMING_SUMMARY] epoch=2
[HOOK_WORK_SUMMARY] label=mpi:recursive_doubling calls=624 work_total_ms=10414.775 work_mean_ms=16.690 work_min_ms=1.271 work_max_ms=141.180
[HOOK_TAIL_SUMMARY] label=mpi:recursive_doubling steps=48 tail_total_ms=7331.107 tail_mean_ms=152.731 tail_min_ms=149.491 tail_max_ms=160.076
[Epoch 2] Hook timing summary done

[Epoch 3] Training... (lr=0.000401)
[Epoch 3] Train Loss: 2.3051, Acc: 11.83%  |  Val Loss: 2.3052, Acc: 12.40%  |  Time: 12.4s
  -> Best model saved (12.40%)
[Epoch 3] Summarizing hook timing...

[HOOK_TIMING_SUMMARY] epoch=3
[HOOK_WORK_SUMMARY] label=mpi:recursive_doubling calls=624 work_total_ms=10390.836 work_mean_ms=16.652 work_min_ms=1.323 work_max_ms=141.230
[HOOK_TAIL_SUMMARY] label=mpi:recursive_doubling steps=48 tail_total_ms=7295.800 tail_mean_ms=151.996 tail_min_ms=149.127 tail_max_ms=157.197
[Epoch 3] Hook timing summary done

[Epoch 4] Training... (lr=0.000600)
[Epoch 4] Train Loss: 2.2879, Acc: 13.75%  |  Val Loss: 2.2880, Acc: 14.00%  |  Time: 12.4s
  -> Best model saved (14.00%)
[Epoch 4] Summarizing hook timing...

[HOOK_TIMING_SUMMARY] epoch=4
[HOOK_WORK_SUMMARY] label=mpi:recursive_doubling calls=624 work_total_ms=10385.923 work_mean_ms=16.644 work_min_ms=1.296 work_max_ms=140.741
[HOOK_TAIL_SUMMARY] label=mpi:recursive_doubling steps=48 tail_total_ms=7296.845 tail_mean_ms=152.018 tail_min_ms=149.595 tail_max_ms=156.014
[Epoch 4] Hook timing summary done

[Epoch 5] Training... (lr=0.000800)
[Epoch 5] Train Loss: 2.2695, Acc: 16.21%  |  Val Loss: 2.2648, Acc: 16.80%  |  Time: 12.4s
  -> Best model saved (16.80%)
[Epoch 5] Summarizing hook timing...

[HOOK_TIMING_SUMMARY] epoch=5
[HOOK_WORK_SUMMARY] label=mpi:recursive_doubling calls=624 work_total_ms=10409.689 work_mean_ms=16.682 work_min_ms=1.338 work_max_ms=140.912
[HOOK_TAIL_SUMMARY] label=mpi:recursive_doubling steps=48 tail_total_ms=7306.600 tail_mean_ms=152.221 tail_min_ms=149.662 tail_max_ms=157.177
[Epoch 5] Hook timing summary done

[Epoch 6] Training... (lr=0.001000)
[Epoch 6] Train Loss: 2.2467, Acc: 18.64%  |  Val Loss: 2.2359, Acc: 20.48%  |  Time: 12.4s
  -> Best model saved (20.48%)
[Epoch 6] Summarizing hook timing...

[HOOK_TIMING_SUMMARY] epoch=6
[HOOK_WORK_SUMMARY] label=mpi:recursive_doubling calls=624 work_total_ms=10334.073 work_mean_ms=16.561 work_min_ms=1.285 work_max_ms=140.471
[HOOK_TAIL_SUMMARY] label=mpi:recursive_doubling steps=48 tail_total_ms=7239.510 tail_mean_ms=150.823 tail_min_ms=148.993 tail_max_ms=153.691
[Epoch 6] Hook timing summary done

[Epoch 7] Training... (lr=0.000989)
[Epoch 7] Train Loss: 2.2212, Acc: 23.03%  |  Val Loss: 2.2081, Acc: 25.68%  |  Time: 12.4s
  -> Best model saved (25.68%)
[Epoch 7] Summarizing hook timing...

[HOOK_TIMING_SUMMARY] epoch=7
[HOOK_WORK_SUMMARY] label=mpi:recursive_doubling calls=624 work_total_ms=10393.473 work_mean_ms=16.656 work_min_ms=1.319 work_max_ms=140.917
[HOOK_TAIL_SUMMARY] label=mpi:recursive_doubling steps=48 tail_total_ms=7291.999 tail_mean_ms=151.917 tail_min_ms=149.475 tail_max_ms=155.481
[Epoch 7] Hook timing summary done

[Epoch 8] Training... (lr=0.000957)
[Epoch 8] Train Loss: 2.1944, Acc: 26.94%  |  Val Loss: 2.1807, Acc: 28.96%  |  Time: 12.4s
  -> Best model saved (28.96%)
[Epoch 8] Summarizing hook timing...

[HOOK_TIMING_SUMMARY] epoch=8
[HOOK_WORK_SUMMARY] label=mpi:recursive_doubling calls=624 work_total_ms=10391.124 work_mean_ms=16.652 work_min_ms=1.306 work_max_ms=140.874
[HOOK_TAIL_SUMMARY] label=mpi:recursive_doubling steps=48 tail_total_ms=7292.495 tail_mean_ms=151.927 tail_min_ms=149.754 tail_max_ms=156.392
[Epoch 8] Hook timing summary done

[Epoch 9] Training... (lr=0.000905)
[Epoch 9] Train Loss: 2.1672, Acc: 30.81%  |  Val Loss: 2.1517, Acc: 33.76%  |  Time: 12.4s
  -> Best model saved (33.76%)
[Epoch 9] Summarizing hook timing...

[HOOK_TIMING_SUMMARY] epoch=9
[HOOK_WORK_SUMMARY] label=mpi:recursive_doubling calls=624 work_total_ms=10413.340 work_mean_ms=16.688 work_min_ms=1.275 work_max_ms=141.096
[HOOK_TAIL_SUMMARY] label=mpi:recursive_doubling steps=48 tail_total_ms=7300.765 tail_mean_ms=152.099 tail_min_ms=149.382 tail_max_ms=156.703
[Epoch 9] Hook timing summary done

[Epoch 10] Training... (lr=0.000835)
[Epoch 10] Train Loss: 2.1396, Acc: 35.17%  |  Val Loss: 2.1292, Acc: 35.92%  |  Time: 12.4s
  -> Best model saved (35.92%)
[Epoch 10] Summarizing hook timing...

[HOOK_TIMING_SUMMARY] epoch=10
[HOOK_WORK_SUMMARY] label=mpi:recursive_doubling calls=624 work_total_ms=10420.324 work_mean_ms=16.699 work_min_ms=1.332 work_max_ms=141.027
[HOOK_TAIL_SUMMARY] label=mpi:recursive_doubling steps=48 tail_total_ms=7321.873 tail_mean_ms=152.539 tail_min_ms=149.002 tail_max_ms=156.873
[Epoch 10] Hook timing summary done

[Epoch 11] Training... (lr=0.000750)
[Epoch 11] Train Loss: 2.1179, Acc: 36.64%  |  Val Loss: 2.1064, Acc: 38.56%  |  Time: 12.4s
  -> Best model saved (38.56%)
[Epoch 11] Summarizing hook timing...

[HOOK_TIMING_SUMMARY] epoch=11
[HOOK_WORK_SUMMARY] label=mpi:recursive_doubling calls=624 work_total_ms=10386.687 work_mean_ms=16.645 work_min_ms=1.288 work_max_ms=141.035
[HOOK_TAIL_SUMMARY] label=mpi:recursive_doubling steps=48 tail_total_ms=7290.872 tail_mean_ms=151.893 tail_min_ms=149.538 tail_max_ms=158.658
[Epoch 11] Hook timing summary done

[Epoch 12] Training... (lr=0.000655)
[Epoch 12] Train Loss: 2.1023, Acc: 38.15%  |  Val Loss: 2.0873, Acc: 41.52%  |  Time: 12.4s
  -> Best model saved (41.52%)
[Epoch 12] Summarizing hook timing...

[HOOK_TIMING_SUMMARY] epoch=12
[HOOK_WORK_SUMMARY] label=mpi:recursive_doubling calls=624 work_total_ms=10386.990 work_mean_ms=16.646 work_min_ms=1.313 work_max_ms=141.322
[HOOK_TAIL_SUMMARY] label=mpi:recursive_doubling steps=48 tail_total_ms=7281.133 tail_mean_ms=151.690 tail_min_ms=148.882 tail_max_ms=159.502
[Epoch 12] Hook timing summary done

[Epoch 13] Training... (lr=0.000552)
[Epoch 13] Train Loss: 2.0783, Acc: 41.73%  |  Val Loss: 2.0707, Acc: 42.32%  |  Time: 12.4s
  -> Best model saved (42.32%)
[Epoch 13] Summarizing hook timing...

[HOOK_TIMING_SUMMARY] epoch=13
[HOOK_WORK_SUMMARY] label=mpi:recursive_doubling calls=624 work_total_ms=10386.646 work_mean_ms=16.645 work_min_ms=1.318 work_max_ms=140.763
[HOOK_TAIL_SUMMARY] label=mpi:recursive_doubling steps=48 tail_total_ms=7287.138 tail_mean_ms=151.815 tail_min_ms=149.383 tail_max_ms=155.769
[Epoch 13] Hook timing summary done

[Epoch 14] Training... (lr=0.000448)
[Epoch 14] Train Loss: 2.0673, Acc: 42.37%  |  Val Loss: 2.0505, Acc: 44.40%  |  Time: 12.4s
  -> Best model saved (44.40%)
[Epoch 14] Summarizing hook timing...

[HOOK_TIMING_SUMMARY] epoch=14
[HOOK_WORK_SUMMARY] label=mpi:recursive_doubling calls=624 work_total_ms=10393.811 work_mean_ms=16.657 work_min_ms=1.257 work_max_ms=141.023
[HOOK_TAIL_SUMMARY] label=mpi:recursive_doubling steps=48 tail_total_ms=7292.495 tail_mean_ms=151.927 tail_min_ms=149.471 tail_max_ms=161.509
[Epoch 14] Hook timing summary done

[Epoch 15] Training... (lr=0.000345)
[Epoch 15] Train Loss: 2.0488, Acc: 44.73%  |  Val Loss: 2.0448, Acc: 44.24%  |  Time: 12.4s
[Epoch 15] Summarizing hook timing...

[HOOK_TIMING_SUMMARY] epoch=15
[HOOK_WORK_SUMMARY] label=mpi:recursive_doubling calls=624 work_total_ms=10379.268 work_mean_ms=16.633 work_min_ms=1.286 work_max_ms=140.673
[HOOK_TAIL_SUMMARY] label=mpi:recursive_doubling steps=48 tail_total_ms=7287.226 tail_mean_ms=151.817 tail_min_ms=149.367 tail_max_ms=157.435
[Epoch 15] Hook timing summary done

[Epoch 16] Training... (lr=0.000250)
[Epoch 16] Train Loss: 2.0396, Acc: 44.87%  |  Val Loss: 2.0339, Acc: 45.28%  |  Time: 12.4s
  -> Best model saved (45.28%)
[Epoch 16] Summarizing hook timing...

[HOOK_TIMING_SUMMARY] epoch=16
[HOOK_WORK_SUMMARY] label=mpi:recursive_doubling calls=624 work_total_ms=10425.078 work_mean_ms=16.707 work_min_ms=1.279 work_max_ms=140.847
[HOOK_TAIL_SUMMARY] label=mpi:recursive_doubling steps=48 tail_total_ms=7324.210 tail_mean_ms=152.588 tail_min_ms=149.347 tail_max_ms=191.224
[Epoch 16] Hook timing summary done

[Epoch 17] Training... (lr=0.000165)
[Epoch 17] Train Loss: 2.0311, Acc: 46.40%  |  Val Loss: 2.0297, Acc: 45.92%  |  Time: 12.4s
  -> Best model saved (45.92%)
[Epoch 17] Summarizing hook timing...

[HOOK_TIMING_SUMMARY] epoch=17
[HOOK_WORK_SUMMARY] label=mpi:recursive_doubling calls=624 work_total_ms=10411.739 work_mean_ms=16.685 work_min_ms=1.298 work_max_ms=141.206
[HOOK_TAIL_SUMMARY] label=mpi:recursive_doubling steps=48 tail_total_ms=7309.201 tail_mean_ms=152.275 tail_min_ms=149.725 tail_max_ms=159.115
[Epoch 17] Hook timing summary done

[Epoch 18] Training... (lr=0.000095)
[Epoch 18] Train Loss: 2.0379, Acc: 45.51%  |  Val Loss: 2.0266, Acc: 46.00%  |  Time: 12.4s
  -> Best model saved (46.00%)
[Epoch 18] Summarizing hook timing...

[HOOK_TIMING_SUMMARY] epoch=18
[HOOK_WORK_SUMMARY] label=mpi:recursive_doubling calls=624 work_total_ms=10350.244 work_mean_ms=16.587 work_min_ms=1.339 work_max_ms=140.578
[HOOK_TAIL_SUMMARY] label=mpi:recursive_doubling steps=48 tail_total_ms=7267.230 tail_mean_ms=151.401 tail_min_ms=149.170 tail_max_ms=156.615
[Epoch 18] Hook timing summary done

[Epoch 19] Training... (lr=0.000043)
[Epoch 19] Train Loss: 2.0294, Acc: 46.24%  |  Val Loss: 2.0265, Acc: 46.40%  |  Time: 12.4s
  -> Best model saved (46.40%)
[Epoch 19] Summarizing hook timing...

[HOOK_TIMING_SUMMARY] epoch=19
[HOOK_WORK_SUMMARY] label=mpi:recursive_doubling calls=624 work_total_ms=10379.008 work_mean_ms=16.633 work_min_ms=1.313 work_max_ms=140.629
[HOOK_TAIL_SUMMARY] label=mpi:recursive_doubling steps=48 tail_total_ms=7287.183 tail_mean_ms=151.816 tail_min_ms=149.459 tail_max_ms=156.575
[Epoch 19] Hook timing summary done

[Epoch 20] Training... (lr=0.000011)
[Epoch 20] Train Loss: 2.0303, Acc: 45.87%  |  Val Loss: 2.0256, Acc: 46.00%  |  Time: 12.4s
[Epoch 20] Summarizing hook timing...

[HOOK_TIMING_SUMMARY] epoch=20
[HOOK_WORK_SUMMARY] label=mpi:recursive_doubling calls=624 work_total_ms=10369.370 work_mean_ms=16.618 work_min_ms=1.226 work_max_ms=140.644
[HOOK_TAIL_SUMMARY] label=mpi:recursive_doubling steps=48 tail_total_ms=7280.404 tail_mean_ms=151.675 tail_min_ms=149.324 tail_max_ms=154.967
[Epoch 20] Hook timing summary done

================================================================================
Done in 272.5s | Best val acc: 46.40%
Epoch times: mean=12.6s  min=12.4s  max=16.3s
================================================================================
=== Finished training: backend=mpi, hook=recursive_doubling, zfp_rate=none, status=0 at Sat May 23 10:37:42 PM UTC 2026 ===
=== Starting training: backend=mpi, hook=recursive_doubling_zfp_naive, zfp_rate=16 at Sat May 23 10:37:42 PM UTC 2026 ===

================================================================================
DISTRIBUTED TRAINING LAUNCHER
================================================================================
  Model:      resnext101_32x8d (CIFAR stem) (pretrained)
  Dataset:    cifar10 (10 classes)
  Backend:    mpi
  Algorithm:  recursive_doubling_zfp_naive
  ZFP rate:   16
  Epochs:     20
  Batch/rank: 128
  LR:         0.001
================================================================================


================================================================================
Distributed Training: RESNEXT101_32X8D on CIFAR10
Backend: MPI, Algorithm: recursive_doubling_zfp_naive
================================================================================
Ranks: 8, Epochs: 20, Batch/rank: 128, Effective batch: 1024
LR: 0.001, Device: cuda:0

[Setup] Model on cuda:0, wrapped in DDP (static_graph=True)
[Setup] Hook registered: mpi/recursive_doubling_zfp_naive
[Data] Train batches: 48, Val batches: 10


[Epoch 1] Training... (lr=0.000001)

================================================================================
DISTRIBUTED TRAINING LAUNCHER
================================================================================
  Model:      resnext101_32x8d (CIFAR stem) (pretrained)
  Dataset:    cifar10 (10 classes)
  Backend:    mpi
  Algorithm:  recursive_doubling_zfp_naive
  ZFP rate:   16
  Epochs:     20
  Batch/rank: 128
  LR:         0.001
================================================================================


================================================================================
DISTRIBUTED TRAINING LAUNCHER
================================================================================
  Model:      resnext101_32x8d (CIFAR stem) (pretrained)
  Dataset:    cifar10 (10 classes)
  Backend:    mpi
  Algorithm:  recursive_doubling_zfp_naive
  ZFP rate:   16
  Epochs:     20
  Batch/rank: 128
  LR:         0.001
================================================================================


================================================================================
DISTRIBUTED TRAINING LAUNCHER
================================================================================
  Model:      resnext101_32x8d (CIFAR stem) (pretrained)
  Dataset:    cifar10 (10 classes)
  Backend:    mpi
  Algorithm:  recursive_doubling_zfp_naive
  ZFP rate:   16
  Epochs:     20
  Batch/rank: 128
  LR:         0.001
================================================================================


================================================================================
DISTRIBUTED TRAINING LAUNCHER
================================================================================
  Model:      resnext101_32x8d (CIFAR stem) (pretrained)
  Dataset:    cifar10 (10 classes)
  Backend:    mpi
  Algorithm:  recursive_doubling_zfp_naive
  ZFP rate:   16
  Epochs:     20
  Batch/rank: 128
  LR:         0.001
================================================================================


================================================================================
DISTRIBUTED TRAINING LAUNCHER
================================================================================
  Model:      resnext101_32x8d (CIFAR stem) (pretrained)
  Dataset:    cifar10 (10 classes)
  Backend:    mpi
  Algorithm:  recursive_doubling_zfp_naive
  ZFP rate:   16
  Epochs:     20
  Batch/rank: 128
  LR:         0.001
================================================================================


================================================================================
DISTRIBUTED TRAINING LAUNCHER
================================================================================
  Model:      resnext101_32x8d (CIFAR stem) (pretrained)
  Dataset:    cifar10 (10 classes)
  Backend:    mpi
  Algorithm:  recursive_doubling_zfp_naive
  ZFP rate:   16
  Epochs:     20
  Batch/rank: 128
  LR:         0.001
================================================================================


================================================================================
DISTRIBUTED TRAINING LAUNCHER
================================================================================
  Model:      resnext101_32x8d (CIFAR stem) (pretrained)
  Dataset:    cifar10 (10 classes)
  Backend:    mpi
  Algorithm:  recursive_doubling_zfp_naive
  ZFP rate:   16
  Epochs:     20
  Batch/rank: 128
  LR:         0.001
================================================================================

[Epoch 1] Train Loss: 2.3194, Acc: 10.50%  |  Val Loss: 2.3229, Acc: 11.04%  |  Time: 13.9s
  -> Best model saved (11.04%)
[Epoch 1] Summarizing hook timing...

[HOOK_TIMING_SUMMARY] epoch=1
[HOOK_WORK_SUMMARY] label=mpi:recursive_doubling_zfp_naive:rate16 calls=600 work_total_ms=9700.974 work_mean_ms=16.168 work_min_ms=1.352 work_max_ms=143.901
[HOOK_TAIL_SUMMARY] label=mpi:recursive_doubling_zfp_naive:rate16 steps=49 tail_total_ms=7013.229 tail_mean_ms=143.127 tail_min_ms=129.833 tail_max_ms=184.413
[Epoch 1] Hook timing summary done

[Epoch 2] Training... (lr=0.000201)
[Epoch 2] Train Loss: 2.3113, Acc: 11.31%  |  Val Loss: 2.3158, Acc: 11.44%  |  Time: 11.9s
  -> Best model saved (11.44%)
[Epoch 2] Summarizing hook timing...

[HOOK_TIMING_SUMMARY] epoch=2
[HOOK_WORK_SUMMARY] label=mpi:recursive_doubling_zfp_naive:rate16 calls=624 work_total_ms=9838.552 work_mean_ms=15.767 work_min_ms=1.293 work_max_ms=141.370
[HOOK_TAIL_SUMMARY] label=mpi:recursive_doubling_zfp_naive:rate16 steps=48 tail_total_ms=6798.360 tail_mean_ms=141.633 tail_min_ms=139.394 tail_max_ms=143.665
[Epoch 2] Hook timing summary done

[Epoch 3] Training... (lr=0.000401)
[Epoch 3] Train Loss: 2.3051, Acc: 11.88%  |  Val Loss: 2.3052, Acc: 12.40%  |  Time: 11.9s
  -> Best model saved (12.40%)
[Epoch 3] Summarizing hook timing...

[HOOK_TIMING_SUMMARY] epoch=3
[HOOK_WORK_SUMMARY] label=mpi:recursive_doubling_zfp_naive:rate16 calls=624 work_total_ms=9862.127 work_mean_ms=15.805 work_min_ms=1.359 work_max_ms=141.608
[HOOK_TAIL_SUMMARY] label=mpi:recursive_doubling_zfp_naive:rate16 steps=48 tail_total_ms=6796.972 tail_mean_ms=141.604 tail_min_ms=140.532 tail_max_ms=143.051
[Epoch 3] Hook timing summary done

[Epoch 4] Training... (lr=0.000600)
[Epoch 4] Train Loss: 2.2879, Acc: 13.83%  |  Val Loss: 2.2880, Acc: 14.00%  |  Time: 11.9s
  -> Best model saved (14.00%)
[Epoch 4] Summarizing hook timing...

[HOOK_TIMING_SUMMARY] epoch=4
[HOOK_WORK_SUMMARY] label=mpi:recursive_doubling_zfp_naive:rate16 calls=624 work_total_ms=9859.961 work_mean_ms=15.801 work_min_ms=1.326 work_max_ms=141.259
[HOOK_TAIL_SUMMARY] label=mpi:recursive_doubling_zfp_naive:rate16 steps=48 tail_total_ms=6789.957 tail_mean_ms=141.457 tail_min_ms=140.072 tail_max_ms=143.518
[Epoch 4] Hook timing summary done

[Epoch 5] Training... (lr=0.000800)
[Epoch 5] Train Loss: 2.2696, Acc: 16.08%  |  Val Loss: 2.2649, Acc: 16.72%  |  Time: 11.9s
  -> Best model saved (16.72%)
[Epoch 5] Summarizing hook timing...

[HOOK_TIMING_SUMMARY] epoch=5
[HOOK_WORK_SUMMARY] label=mpi:recursive_doubling_zfp_naive:rate16 calls=624 work_total_ms=9856.846 work_mean_ms=15.796 work_min_ms=1.333 work_max_ms=141.591
[HOOK_TAIL_SUMMARY] label=mpi:recursive_doubling_zfp_naive:rate16 steps=48 tail_total_ms=6798.997 tail_mean_ms=141.646 tail_min_ms=140.494 tail_max_ms=143.955
[Epoch 5] Hook timing summary done

[Epoch 6] Training... (lr=0.001000)
[Epoch 6] Train Loss: 2.2468, Acc: 18.65%  |  Val Loss: 2.2359, Acc: 20.40%  |  Time: 11.9s
  -> Best model saved (20.40%)
[Epoch 6] Summarizing hook timing...

[HOOK_TIMING_SUMMARY] epoch=6
[HOOK_WORK_SUMMARY] label=mpi:recursive_doubling_zfp_naive:rate16 calls=624 work_total_ms=9841.687 work_mean_ms=15.772 work_min_ms=1.329 work_max_ms=140.794
[HOOK_TAIL_SUMMARY] label=mpi:recursive_doubling_zfp_naive:rate16 steps=48 tail_total_ms=6788.579 tail_mean_ms=141.429 tail_min_ms=140.381 tail_max_ms=143.532
[Epoch 6] Hook timing summary done

[Epoch 7] Training... (lr=0.000989)
[Epoch 7] Train Loss: 2.2212, Acc: 23.08%  |  Val Loss: 2.2082, Acc: 25.36%  |  Time: 11.9s
  -> Best model saved (25.36%)
[Epoch 7] Summarizing hook timing...

[HOOK_TIMING_SUMMARY] epoch=7
[HOOK_WORK_SUMMARY] label=mpi:recursive_doubling_zfp_naive:rate16 calls=624 work_total_ms=9844.670 work_mean_ms=15.777 work_min_ms=1.296 work_max_ms=141.135
[HOOK_TAIL_SUMMARY] label=mpi:recursive_doubling_zfp_naive:rate16 steps=48 tail_total_ms=6784.245 tail_mean_ms=141.338 tail_min_ms=140.513 tail_max_ms=142.965
[Epoch 7] Hook timing summary done

[Epoch 8] Training... (lr=0.000957)
[Epoch 8] Train Loss: 2.1944, Acc: 26.89%  |  Val Loss: 2.1807, Acc: 29.12%  |  Time: 11.9s
  -> Best model saved (29.12%)
[Epoch 8] Summarizing hook timing...

[HOOK_TIMING_SUMMARY] epoch=8
[HOOK_WORK_SUMMARY] label=mpi:recursive_doubling_zfp_naive:rate16 calls=624 work_total_ms=9827.496 work_mean_ms=15.749 work_min_ms=1.353 work_max_ms=141.157
[HOOK_TAIL_SUMMARY] label=mpi:recursive_doubling_zfp_naive:rate16 steps=48 tail_total_ms=6772.433 tail_mean_ms=141.092 tail_min_ms=139.929 tail_max_ms=143.015
[Epoch 8] Hook timing summary done

[Epoch 9] Training... (lr=0.000905)
[Epoch 9] Train Loss: 2.1672, Acc: 30.78%  |  Val Loss: 2.1518, Acc: 33.68%  |  Time: 11.9s
  -> Best model saved (33.68%)
[Epoch 9] Summarizing hook timing...

[HOOK_TIMING_SUMMARY] epoch=9
[HOOK_WORK_SUMMARY] label=mpi:recursive_doubling_zfp_naive:rate16 calls=624 work_total_ms=9890.582 work_mean_ms=15.850 work_min_ms=1.304 work_max_ms=142.141
[HOOK_TAIL_SUMMARY] label=mpi:recursive_doubling_zfp_naive:rate16 steps=48 tail_total_ms=6817.930 tail_mean_ms=142.040 tail_min_ms=140.964 tail_max_ms=144.047
[Epoch 9] Hook timing summary done

[Epoch 10] Training... (lr=0.000835)
[Epoch 10] Train Loss: 2.1396, Acc: 35.16%  |  Val Loss: 2.1294, Acc: 35.76%  |  Time: 11.9s
  -> Best model saved (35.76%)
[Epoch 10] Summarizing hook timing...

[HOOK_TIMING_SUMMARY] epoch=10
[HOOK_WORK_SUMMARY] label=mpi:recursive_doubling_zfp_naive:rate16 calls=624 work_total_ms=9865.027 work_mean_ms=15.809 work_min_ms=1.276 work_max_ms=143.213
[HOOK_TAIL_SUMMARY] label=mpi:recursive_doubling_zfp_naive:rate16 steps=48 tail_total_ms=6799.530 tail_mean_ms=141.657 tail_min_ms=140.141 tail_max_ms=145.401
[Epoch 10] Hook timing summary done

[Epoch 11] Training... (lr=0.000750)
[Epoch 11] Train Loss: 2.1180, Acc: 36.62%  |  Val Loss: 2.1066, Acc: 38.24%  |  Time: 12.0s
  -> Best model saved (38.24%)
[Epoch 11] Summarizing hook timing...

[HOOK_TIMING_SUMMARY] epoch=11
[HOOK_WORK_SUMMARY] label=mpi:recursive_doubling_zfp_naive:rate16 calls=624 work_total_ms=9882.705 work_mean_ms=15.838 work_min_ms=1.355 work_max_ms=141.652
[HOOK_TAIL_SUMMARY] label=mpi:recursive_doubling_zfp_naive:rate16 steps=48 tail_total_ms=6806.215 tail_mean_ms=141.796 tail_min_ms=140.679 tail_max_ms=143.386
[Epoch 11] Hook timing summary done

[Epoch 12] Training... (lr=0.000655)
[Epoch 12] Train Loss: 2.1023, Acc: 38.20%  |  Val Loss: 2.0874, Acc: 41.60%  |  Time: 11.9s
  -> Best model saved (41.60%)
[Epoch 12] Summarizing hook timing...

[HOOK_TIMING_SUMMARY] epoch=12
[HOOK_WORK_SUMMARY] label=mpi:recursive_doubling_zfp_naive:rate16 calls=624 work_total_ms=9879.868 work_mean_ms=15.833 work_min_ms=1.325 work_max_ms=141.983
[HOOK_TAIL_SUMMARY] label=mpi:recursive_doubling_zfp_naive:rate16 steps=48 tail_total_ms=6805.295 tail_mean_ms=141.777 tail_min_ms=140.670 tail_max_ms=143.436
[Epoch 12] Hook timing summary done

[Epoch 13] Training... (lr=0.000552)
[Epoch 13] Train Loss: 2.0783, Acc: 41.62%  |  Val Loss: 2.0706, Acc: 42.24%  |  Time: 12.0s
  -> Best model saved (42.24%)
[Epoch 13] Summarizing hook timing...

[HOOK_TIMING_SUMMARY] epoch=13
[HOOK_WORK_SUMMARY] label=mpi:recursive_doubling_zfp_naive:rate16 calls=624 work_total_ms=9890.628 work_mean_ms=15.850 work_min_ms=1.327 work_max_ms=141.736
[HOOK_TAIL_SUMMARY] label=mpi:recursive_doubling_zfp_naive:rate16 steps=48 tail_total_ms=6815.172 tail_mean_ms=141.983 tail_min_ms=140.819 tail_max_ms=143.560
[Epoch 13] Hook timing summary done

[Epoch 14] Training... (lr=0.000448)
[Epoch 14] Train Loss: 2.0674, Acc: 42.29%  |  Val Loss: 2.0505, Acc: 44.40%  |  Time: 11.9s
  -> Best model saved (44.40%)
[Epoch 14] Summarizing hook timing...

[HOOK_TIMING_SUMMARY] epoch=14
[HOOK_WORK_SUMMARY] label=mpi:recursive_doubling_zfp_naive:rate16 calls=624 work_total_ms=9875.335 work_mean_ms=15.826 work_min_ms=1.362 work_max_ms=141.713
[HOOK_TAIL_SUMMARY] label=mpi:recursive_doubling_zfp_naive:rate16 steps=48 tail_total_ms=6806.445 tail_mean_ms=141.801 tail_min_ms=140.016 tail_max_ms=144.936
[Epoch 14] Hook timing summary done

[Epoch 15] Training... (lr=0.000345)
[Epoch 15] Train Loss: 2.0488, Acc: 44.74%  |  Val Loss: 2.0448, Acc: 44.48%  |  Time: 11.9s
  -> Best model saved (44.48%)
[Epoch 15] Summarizing hook timing...

[HOOK_TIMING_SUMMARY] epoch=15
[HOOK_WORK_SUMMARY] label=mpi:recursive_doubling_zfp_naive:rate16 calls=624 work_total_ms=9809.545 work_mean_ms=15.720 work_min_ms=1.310 work_max_ms=140.128
[HOOK_TAIL_SUMMARY] label=mpi:recursive_doubling_zfp_naive:rate16 steps=48 tail_total_ms=6765.668 tail_mean_ms=140.951 tail_min_ms=140.016 tail_max_ms=142.460
[Epoch 15] Hook timing summary done

[Epoch 16] Training... (lr=0.000250)
[Epoch 16] Train Loss: 2.0397, Acc: 44.79%  |  Val Loss: 2.0339, Acc: 45.12%  |  Time: 11.9s
  -> Best model saved (45.12%)
[Epoch 16] Summarizing hook timing...

[HOOK_TIMING_SUMMARY] epoch=16
[HOOK_WORK_SUMMARY] label=mpi:recursive_doubling_zfp_naive:rate16 calls=624 work_total_ms=9860.141 work_mean_ms=15.802 work_min_ms=1.351 work_max_ms=141.487
[HOOK_TAIL_SUMMARY] label=mpi:recursive_doubling_zfp_naive:rate16 steps=48 tail_total_ms=6782.219 tail_mean_ms=141.296 tail_min_ms=139.926 tail_max_ms=142.764
[Epoch 16] Hook timing summary done

[Epoch 17] Training... (lr=0.000165)
[Epoch 17] Train Loss: 2.0310, Acc: 46.45%  |  Val Loss: 2.0295, Acc: 45.84%  |  Time: 11.9s
  -> Best model saved (45.84%)
[Epoch 17] Summarizing hook timing...

[HOOK_TIMING_SUMMARY] epoch=17
[HOOK_WORK_SUMMARY] label=mpi:recursive_doubling_zfp_naive:rate16 calls=624 work_total_ms=9824.693 work_mean_ms=15.745 work_min_ms=1.344 work_max_ms=140.779
[HOOK_TAIL_SUMMARY] label=mpi:recursive_doubling_zfp_naive:rate16 steps=48 tail_total_ms=6770.881 tail_mean_ms=141.060 tail_min_ms=139.752 tail_max_ms=143.046
[Epoch 17] Hook timing summary done

[Epoch 18] Training... (lr=0.000095)
[Epoch 18] Train Loss: 2.0379, Acc: 45.46%  |  Val Loss: 2.0263, Acc: 45.76%  |  Time: 11.9s
[Epoch 18] Summarizing hook timing...

[HOOK_TIMING_SUMMARY] epoch=18
[HOOK_WORK_SUMMARY] label=mpi:recursive_doubling_zfp_naive:rate16 calls=624 work_total_ms=9826.903 work_mean_ms=15.748 work_min_ms=1.339 work_max_ms=140.785
[HOOK_TAIL_SUMMARY] label=mpi:recursive_doubling_zfp_naive:rate16 steps=48 tail_total_ms=6766.966 tail_mean_ms=140.978 tail_min_ms=140.048 tail_max_ms=142.396
[Epoch 18] Hook timing summary done

[Epoch 19] Training... (lr=0.000043)
[Epoch 19] Train Loss: 2.0294, Acc: 46.13%  |  Val Loss: 2.0264, Acc: 46.72%  |  Time: 12.0s
  -> Best model saved (46.72%)
[Epoch 19] Summarizing hook timing...

[HOOK_TIMING_SUMMARY] epoch=19
[HOOK_WORK_SUMMARY] label=mpi:recursive_doubling_zfp_naive:rate16 calls=624 work_total_ms=9872.963 work_mean_ms=15.822 work_min_ms=1.364 work_max_ms=163.928
[HOOK_TAIL_SUMMARY] label=mpi:recursive_doubling_zfp_naive:rate16 steps=48 tail_total_ms=6812.899 tail_mean_ms=141.935 tail_min_ms=140.038 tail_max_ms=170.356
[Epoch 19] Hook timing summary done

[Epoch 20] Training... (lr=0.000011)
[Epoch 20] Train Loss: 2.0302, Acc: 45.80%  |  Val Loss: 2.0254, Acc: 46.00%  |  Time: 11.9s
[Epoch 20] Summarizing hook timing...

[HOOK_TIMING_SUMMARY] epoch=20
[HOOK_WORK_SUMMARY] label=mpi:recursive_doubling_zfp_naive:rate16 calls=624 work_total_ms=9888.959 work_mean_ms=15.848 work_min_ms=1.358 work_max_ms=141.823
[HOOK_TAIL_SUMMARY] label=mpi:recursive_doubling_zfp_naive:rate16 steps=48 tail_total_ms=6816.279 tail_mean_ms=142.006 tail_min_ms=140.930 tail_max_ms=143.391
[Epoch 20] Hook timing summary done

================================================================================
Done in 260.9s | Best val acc: 46.72%
Epoch times: mean=12.0s  min=11.9s  max=13.9s
================================================================================
=== Finished training: backend=mpi, hook=recursive_doubling_zfp_naive, zfp_rate=16, status=0 at Sat May 23 10:42:13 PM UTC 2026 ===
=== Starting training: backend=mpi, hook=recursive_doubling_zfp_online_coll, zfp_rate=16 at Sat May 23 10:42:13 PM UTC 2026 ===

================================================================================
DISTRIBUTED TRAINING LAUNCHER
================================================================================
  Model:      resnext101_32x8d (CIFAR stem) (pretrained)
  Dataset:    cifar10 (10 classes)
  Backend:    mpi
  Algorithm:  recursive_doubling_zfp_online_coll
  ZFP rate:   16
  Epochs:     20
  Batch/rank: 128
  LR:         0.001
================================================================================


================================================================================
Distributed Training: RESNEXT101_32X8D on CIFAR10
Backend: MPI, Algorithm: recursive_doubling_zfp_online_coll
================================================================================
Ranks: 8, Epochs: 20, Batch/rank: 128, Effective batch: 1024
LR: 0.001, Device: cuda:0

[Setup] Model on cuda:0, wrapped in DDP (static_graph=True)
[Setup] Hook registered: mpi/recursive_doubling_zfp_online_coll

================================================================================
DISTRIBUTED TRAINING LAUNCHER
================================================================================
  Model:      resnext101_32x8d (CIFAR stem) (pretrained)
  Dataset:    cifar10 (10 classes)
  Backend:    mpi
  Algorithm:  recursive_doubling_zfp_online_coll
  ZFP rate:   16
  Epochs:     20
  Batch/rank: 128
  LR:         0.001
================================================================================


================================================================================
DISTRIBUTED TRAINING LAUNCHER
================================================================================
  Model:      resnext101_32x8d (CIFAR stem) (pretrained)
  Dataset:    cifar10 (10 classes)
  Backend:    mpi
  Algorithm:  recursive_doubling_zfp_online_coll
  ZFP rate:   16
  Epochs:     20
  Batch/rank: 128
  LR:         0.001
================================================================================

[Data] Train batches: 48, Val batches: 10


[Epoch 1] Training... (lr=0.000001)

================================================================================
DISTRIBUTED TRAINING LAUNCHER
================================================================================
  Model:      resnext101_32x8d (CIFAR stem) (pretrained)
  Dataset:    cifar10 (10 classes)
  Backend:    mpi
  Algorithm:  recursive_doubling_zfp_online_coll
  ZFP rate:   16
  Epochs:     20
  Batch/rank: 128
  LR:         0.001
================================================================================


================================================================================
DISTRIBUTED TRAINING LAUNCHER
================================================================================
  Model:      resnext101_32x8d (CIFAR stem) (pretrained)
  Dataset:    cifar10 (10 classes)
  Backend:    mpi
  Algorithm:  recursive_doubling_zfp_online_coll
  ZFP rate:   16
  Epochs:     20
  Batch/rank: 128
  LR:         0.001
================================================================================


================================================================================
DISTRIBUTED TRAINING LAUNCHER
================================================================================
  Model:      resnext101_32x8d (CIFAR stem) (pretrained)
  Dataset:    cifar10 (10 classes)
  Backend:    mpi
  Algorithm:  recursive_doubling_zfp_online_coll
  ZFP rate:   16
  Epochs:     20
  Batch/rank: 128
  LR:         0.001
================================================================================


================================================================================
DISTRIBUTED TRAINING LAUNCHER
================================================================================
  Model:      resnext101_32x8d (CIFAR stem) (pretrained)
  Dataset:    cifar10 (10 classes)
  Backend:    mpi
  Algorithm:  recursive_doubling_zfp_online_coll
  ZFP rate:   16
  Epochs:     20
  Batch/rank: 128
  LR:         0.001
================================================================================


================================================================================
DISTRIBUTED TRAINING LAUNCHER
================================================================================
  Model:      resnext101_32x8d (CIFAR stem) (pretrained)
  Dataset:    cifar10 (10 classes)
  Backend:    mpi
  Algorithm:  recursive_doubling_zfp_online_coll
  ZFP rate:   16
  Epochs:     20
  Batch/rank: 128
  LR:         0.001
================================================================================

[Epoch 1] Train Loss: 2.3194, Acc: 10.50%  |  Val Loss: 2.3229, Acc: 11.04%  |  Time: 13.8s
  -> Best model saved (11.04%)
[Epoch 1] Summarizing hook timing...

[HOOK_TIMING_SUMMARY] epoch=1
[HOOK_WORK_SUMMARY] label=mpi:recursive_doubling_zfp_online_coll:rate16 calls=600 work_total_ms=9538.056 work_mean_ms=15.897 work_min_ms=1.118 work_max_ms=138.571
[HOOK_TAIL_SUMMARY] label=mpi:recursive_doubling_zfp_online_coll:rate16 steps=49 tail_total_ms=6824.187 tail_mean_ms=139.269 tail_min_ms=118.903 tail_max_ms=181.330
[Epoch 1] Hook timing summary done

[Epoch 2] Training... (lr=0.000201)
[Epoch 2] Train Loss: 2.3113, Acc: 11.31%  |  Val Loss: 2.3159, Acc: 11.36%  |  Time: 11.8s
  -> Best model saved (11.36%)
[Epoch 2] Summarizing hook timing...

[HOOK_TIMING_SUMMARY] epoch=2
[HOOK_WORK_SUMMARY] label=mpi:recursive_doubling_zfp_online_coll:rate16 calls=624 work_total_ms=9691.079 work_mean_ms=15.531 work_min_ms=1.060 work_max_ms=138.444
[HOOK_TAIL_SUMMARY] label=mpi:recursive_doubling_zfp_online_coll:rate16 steps=48 tail_total_ms=6634.418 tail_mean_ms=138.217 tail_min_ms=136.658 tail_max_ms=139.839
[Epoch 2] Hook timing summary done

[Epoch 3] Training... (lr=0.000401)
[Epoch 3] Train Loss: 2.3051, Acc: 11.83%  |  Val Loss: 2.3052, Acc: 12.24%  |  Time: 11.8s
  -> Best model saved (12.24%)
[Epoch 3] Summarizing hook timing...

[HOOK_TIMING_SUMMARY] epoch=3
[HOOK_WORK_SUMMARY] label=mpi:recursive_doubling_zfp_online_coll:rate16 calls=624 work_total_ms=9718.110 work_mean_ms=15.574 work_min_ms=0.967 work_max_ms=138.424
[HOOK_TAIL_SUMMARY] label=mpi:recursive_doubling_zfp_online_coll:rate16 steps=48 tail_total_ms=6637.938 tail_mean_ms=138.290 tail_min_ms=136.991 tail_max_ms=140.207
[Epoch 3] Hook timing summary done

[Epoch 4] Training... (lr=0.000600)
[Epoch 4] Train Loss: 2.2879, Acc: 13.80%  |  Val Loss: 2.2880, Acc: 14.00%  |  Time: 11.8s
  -> Best model saved (14.00%)
[Epoch 4] Summarizing hook timing...

[HOOK_TIMING_SUMMARY] epoch=4
[HOOK_WORK_SUMMARY] label=mpi:recursive_doubling_zfp_online_coll:rate16 calls=624 work_total_ms=9719.020 work_mean_ms=15.575 work_min_ms=1.098 work_max_ms=138.319
[HOOK_TAIL_SUMMARY] label=mpi:recursive_doubling_zfp_online_coll:rate16 steps=48 tail_total_ms=6636.908 tail_mean_ms=138.269 tail_min_ms=137.152 tail_max_ms=139.939
[Epoch 4] Hook timing summary done

[Epoch 5] Training... (lr=0.000800)
[Epoch 5] Train Loss: 2.2695, Acc: 16.15%  |  Val Loss: 2.2648, Acc: 16.72%  |  Time: 11.8s
  -> Best model saved (16.72%)
[Epoch 5] Summarizing hook timing...

[HOOK_TIMING_SUMMARY] epoch=5
[HOOK_WORK_SUMMARY] label=mpi:recursive_doubling_zfp_online_coll:rate16 calls=624 work_total_ms=9722.431 work_mean_ms=15.581 work_min_ms=1.087 work_max_ms=138.646
[HOOK_TAIL_SUMMARY] label=mpi:recursive_doubling_zfp_online_coll:rate16 steps=48 tail_total_ms=6630.829 tail_mean_ms=138.142 tail_min_ms=137.144 tail_max_ms=140.223
[Epoch 5] Hook timing summary done

[Epoch 6] Training... (lr=0.001000)
[Epoch 6] Train Loss: 2.2468, Acc: 18.67%  |  Val Loss: 2.2359, Acc: 20.40%  |  Time: 11.8s
  -> Best model saved (20.40%)
[Epoch 6] Summarizing hook timing...

[HOOK_TIMING_SUMMARY] epoch=6
[HOOK_WORK_SUMMARY] label=mpi:recursive_doubling_zfp_online_coll:rate16 calls=624 work_total_ms=9726.705 work_mean_ms=15.588 work_min_ms=1.044 work_max_ms=138.260
[HOOK_TAIL_SUMMARY] label=mpi:recursive_doubling_zfp_online_coll:rate16 steps=48 tail_total_ms=6650.005 tail_mean_ms=138.542 tail_min_ms=137.456 tail_max_ms=140.128
[Epoch 6] Hook timing summary done

[Epoch 7] Training... (lr=0.000989)
[Epoch 7] Train Loss: 2.2212, Acc: 23.00%  |  Val Loss: 2.2081, Acc: 25.60%  |  Time: 11.8s
  -> Best model saved (25.60%)
[Epoch 7] Summarizing hook timing...

[HOOK_TIMING_SUMMARY] epoch=7
[HOOK_WORK_SUMMARY] label=mpi:recursive_doubling_zfp_online_coll:rate16 calls=624 work_total_ms=9736.461 work_mean_ms=15.603 work_min_ms=0.982 work_max_ms=138.575
[HOOK_TAIL_SUMMARY] label=mpi:recursive_doubling_zfp_online_coll:rate16 steps=48 tail_total_ms=6644.381 tail_mean_ms=138.425 tail_min_ms=137.002 tail_max_ms=140.090
[Epoch 7] Hook timing summary done

[Epoch 8] Training... (lr=0.000957)
[Epoch 8] Train Loss: 2.1944, Acc: 26.84%  |  Val Loss: 2.1807, Acc: 29.20%  |  Time: 11.8s
  -> Best model saved (29.20%)
[Epoch 8] Summarizing hook timing...

[HOOK_TIMING_SUMMARY] epoch=8
[HOOK_WORK_SUMMARY] label=mpi:recursive_doubling_zfp_online_coll:rate16 calls=624 work_total_ms=9740.540 work_mean_ms=15.610 work_min_ms=1.094 work_max_ms=138.591
[HOOK_TAIL_SUMMARY] label=mpi:recursive_doubling_zfp_online_coll:rate16 steps=48 tail_total_ms=6653.355 tail_mean_ms=138.612 tail_min_ms=137.241 tail_max_ms=141.098
[Epoch 8] Hook timing summary done

[Epoch 9] Training... (lr=0.000905)
[Epoch 9] Train Loss: 2.1672, Acc: 30.78%  |  Val Loss: 2.1517, Acc: 34.08%  |  Time: 11.8s
  -> Best model saved (34.08%)
[Epoch 9] Summarizing hook timing...

[HOOK_TIMING_SUMMARY] epoch=9
[HOOK_WORK_SUMMARY] label=mpi:recursive_doubling_zfp_online_coll:rate16 calls=624 work_total_ms=9757.302 work_mean_ms=15.637 work_min_ms=1.037 work_max_ms=138.732
[HOOK_TAIL_SUMMARY] label=mpi:recursive_doubling_zfp_online_coll:rate16 steps=48 tail_total_ms=6656.188 tail_mean_ms=138.671 tail_min_ms=137.185 tail_max_ms=140.346
[Epoch 9] Hook timing summary done

[Epoch 10] Training... (lr=0.000835)
[Epoch 10] Train Loss: 2.1397, Acc: 35.32%  |  Val Loss: 2.1292, Acc: 35.84%  |  Time: 11.8s
  -> Best model saved (35.84%)
[Epoch 10] Summarizing hook timing...

[HOOK_TIMING_SUMMARY] epoch=10
[HOOK_WORK_SUMMARY] label=mpi:recursive_doubling_zfp_online_coll:rate16 calls=624 work_total_ms=9714.985 work_mean_ms=15.569 work_min_ms=0.987 work_max_ms=138.521
[HOOK_TAIL_SUMMARY] label=mpi:recursive_doubling_zfp_online_coll:rate16 steps=48 tail_total_ms=6640.618 tail_mean_ms=138.346 tail_min_ms=136.960 tail_max_ms=140.299
[Epoch 10] Hook timing summary done

[Epoch 11] Training... (lr=0.000750)
[Epoch 11] Train Loss: 2.1179, Acc: 36.62%  |  Val Loss: 2.1065, Acc: 38.48%  |  Time: 11.8s
  -> Best model saved (38.48%)
[Epoch 11] Summarizing hook timing...

[HOOK_TIMING_SUMMARY] epoch=11
[HOOK_WORK_SUMMARY] label=mpi:recursive_doubling_zfp_online_coll:rate16 calls=624 work_total_ms=9715.403 work_mean_ms=15.570 work_min_ms=1.031 work_max_ms=138.544
[HOOK_TAIL_SUMMARY] label=mpi:recursive_doubling_zfp_online_coll:rate16 steps=48 tail_total_ms=6627.016 tail_mean_ms=138.063 tail_min_ms=136.642 tail_max_ms=139.264
[Epoch 11] Hook timing summary done

[Epoch 12] Training... (lr=0.000655)
[Epoch 12] Train Loss: 2.1024, Acc: 38.13%  |  Val Loss: 2.0872, Acc: 41.52%  |  Time: 11.8s
  -> Best model saved (41.52%)
[Epoch 12] Summarizing hook timing...

[HOOK_TIMING_SUMMARY] epoch=12
[HOOK_WORK_SUMMARY] label=mpi:recursive_doubling_zfp_online_coll:rate16 calls=624 work_total_ms=9724.054 work_mean_ms=15.583 work_min_ms=1.066 work_max_ms=138.583
[HOOK_TAIL_SUMMARY] label=mpi:recursive_doubling_zfp_online_coll:rate16 steps=48 tail_total_ms=6635.994 tail_mean_ms=138.250 tail_min_ms=137.040 tail_max_ms=141.239
[Epoch 12] Hook timing summary done

[Epoch 13] Training... (lr=0.000552)
[Epoch 13] Train Loss: 2.0783, Acc: 41.70%  |  Val Loss: 2.0706, Acc: 42.56%  |  Time: 11.8s
  -> Best model saved (42.56%)
[Epoch 13] Summarizing hook timing...

[HOOK_TIMING_SUMMARY] epoch=13
[HOOK_WORK_SUMMARY] label=mpi:recursive_doubling_zfp_online_coll:rate16 calls=624 work_total_ms=9745.511 work_mean_ms=15.618 work_min_ms=1.059 work_max_ms=138.778
[HOOK_TAIL_SUMMARY] label=mpi:recursive_doubling_zfp_online_coll:rate16 steps=48 tail_total_ms=6650.523 tail_mean_ms=138.553 tail_min_ms=137.237 tail_max_ms=140.212
[Epoch 13] Hook timing summary done

[Epoch 14] Training... (lr=0.000448)
[Epoch 14] Train Loss: 2.0673, Acc: 42.33%  |  Val Loss: 2.0504, Acc: 44.72%  |  Time: 11.8s
  -> Best model saved (44.72%)
[Epoch 14] Summarizing hook timing...

[HOOK_TIMING_SUMMARY] epoch=14
[HOOK_WORK_SUMMARY] label=mpi:recursive_doubling_zfp_online_coll:rate16 calls=624 work_total_ms=9729.704 work_mean_ms=15.592 work_min_ms=1.043 work_max_ms=138.501
[HOOK_TAIL_SUMMARY] label=mpi:recursive_doubling_zfp_online_coll:rate16 steps=48 tail_total_ms=6642.829 tail_mean_ms=138.392 tail_min_ms=137.038 tail_max_ms=140.328
[Epoch 14] Hook timing summary done

[Epoch 15] Training... (lr=0.000345)
[Epoch 15] Train Loss: 2.0488, Acc: 44.69%  |  Val Loss: 2.0449, Acc: 44.32%  |  Time: 11.8s
[Epoch 15] Summarizing hook timing...

[HOOK_TIMING_SUMMARY] epoch=15
[HOOK_WORK_SUMMARY] label=mpi:recursive_doubling_zfp_online_coll:rate16 calls=624 work_total_ms=9716.727 work_mean_ms=15.572 work_min_ms=1.069 work_max_ms=138.383
[HOOK_TAIL_SUMMARY] label=mpi:recursive_doubling_zfp_online_coll:rate16 steps=48 tail_total_ms=6631.913 tail_mean_ms=138.165 tail_min_ms=136.992 tail_max_ms=140.513
[Epoch 15] Hook timing summary done

[Epoch 16] Training... (lr=0.000250)
[Epoch 16] Train Loss: 2.0396, Acc: 44.87%  |  Val Loss: 2.0339, Acc: 45.20%  |  Time: 11.8s
  -> Best model saved (45.20%)
[Epoch 16] Summarizing hook timing...

[HOOK_TIMING_SUMMARY] epoch=16
[HOOK_WORK_SUMMARY] label=mpi:recursive_doubling_zfp_online_coll:rate16 calls=624 work_total_ms=9747.079 work_mean_ms=15.620 work_min_ms=1.045 work_max_ms=138.420
[HOOK_TAIL_SUMMARY] label=mpi:recursive_doubling_zfp_online_coll:rate16 steps=48 tail_total_ms=6664.917 tail_mean_ms=138.852 tail_min_ms=136.886 tail_max_ms=169.711
[Epoch 16] Hook timing summary done

[Epoch 17] Training... (lr=0.000165)
[Epoch 17] Train Loss: 2.0311, Acc: 46.55%  |  Val Loss: 2.0298, Acc: 45.76%  |  Time: 11.8s
  -> Best model saved (45.76%)
[Epoch 17] Summarizing hook timing...

[HOOK_TIMING_SUMMARY] epoch=17
[HOOK_WORK_SUMMARY] label=mpi:recursive_doubling_zfp_online_coll:rate16 calls=624 work_total_ms=9718.060 work_mean_ms=15.574 work_min_ms=1.036 work_max_ms=138.416
[HOOK_TAIL_SUMMARY] label=mpi:recursive_doubling_zfp_online_coll:rate16 steps=48 tail_total_ms=6636.769 tail_mean_ms=138.266 tail_min_ms=137.216 tail_max_ms=139.653
[Epoch 17] Hook timing summary done

[Epoch 18] Training... (lr=0.000095)
[Epoch 18] Train Loss: 2.0379, Acc: 45.41%  |  Val Loss: 2.0266, Acc: 45.76%  |  Time: 11.8s
[Epoch 18] Summarizing hook timing...

[HOOK_TIMING_SUMMARY] epoch=18
[HOOK_WORK_SUMMARY] label=mpi:recursive_doubling_zfp_online_coll:rate16 calls=624 work_total_ms=9762.401 work_mean_ms=15.645 work_min_ms=1.029 work_max_ms=138.802
[HOOK_TAIL_SUMMARY] label=mpi:recursive_doubling_zfp_online_coll:rate16 steps=48 tail_total_ms=6664.233 tail_mean_ms=138.838 tail_min_ms=137.502 tail_max_ms=141.385
[Epoch 18] Hook timing summary done

[Epoch 19] Training... (lr=0.000043)
[Epoch 19] Train Loss: 2.0294, Acc: 46.14%  |  Val Loss: 2.0264, Acc: 46.72%  |  Time: 11.8s
  -> Best model saved (46.72%)
[Epoch 19] Summarizing hook timing...

[HOOK_TIMING_SUMMARY] epoch=19
[HOOK_WORK_SUMMARY] label=mpi:recursive_doubling_zfp_online_coll:rate16 calls=624 work_total_ms=9765.120 work_mean_ms=15.649 work_min_ms=1.003 work_max_ms=138.716
[HOOK_TAIL_SUMMARY] label=mpi:recursive_doubling_zfp_online_coll:rate16 steps=48 tail_total_ms=6667.617 tail_mean_ms=138.909 tail_min_ms=137.128 tail_max_ms=161.519
[Epoch 19] Hook timing summary done

[Epoch 20] Training... (lr=0.000011)
[Epoch 20] Train Loss: 2.0302, Acc: 45.85%  |  Val Loss: 2.0255, Acc: 46.00%  |  Time: 11.8s
[Epoch 20] Summarizing hook timing...

[HOOK_TIMING_SUMMARY] epoch=20
[HOOK_WORK_SUMMARY] label=mpi:recursive_doubling_zfp_online_coll:rate16 calls=624 work_total_ms=9757.048 work_mean_ms=15.636 work_min_ms=1.076 work_max_ms=138.677
[HOOK_TAIL_SUMMARY] label=mpi:recursive_doubling_zfp_online_coll:rate16 steps=48 tail_total_ms=6657.916 tail_mean_ms=138.707 tail_min_ms=137.576 tail_max_ms=140.101
[Epoch 20] Hook timing summary done

================================================================================
Done in 257.4s | Best val acc: 46.72%
Epoch times: mean=11.9s  min=11.8s  max=13.8s
================================================================================
=== Finished training: backend=mpi, hook=recursive_doubling_zfp_online_coll, zfp_rate=16, status=0 at Sat May 23 10:46:41 PM UTC 2026 ===
=== Starting training: backend=mpi, hook=recursive_doubling_zfp_online_coll, zfp_rate=8 at Sat May 23 10:46:41 PM UTC 2026 ===

================================================================================
DISTRIBUTED TRAINING LAUNCHER
================================================================================
  Model:      resnext101_32x8d (CIFAR stem) (pretrained)
  Dataset:    cifar10 (10 classes)
  Backend:    mpi
  Algorithm:  recursive_doubling_zfp_online_coll
  ZFP rate:   8
  Epochs:     20
  Batch/rank: 32
  LR:         0.001
================================================================================


================================================================================
Distributed Training: RESNEXT101_32X8D on CIFAR10
Backend: MPI, Algorithm: recursive_doubling_zfp_online_coll
================================================================================
Ranks: 8, Epochs: 20, Batch/rank: 32, Effective batch: 256
LR: 0.001, Device: cuda:0

[Setup] Model on cuda:0, wrapped in DDP (static_graph=True)
[Setup] Hook registered: mpi/recursive_doubling_zfp_online_coll

================================================================================
DISTRIBUTED TRAINING LAUNCHER
================================================================================
  Model:      resnext101_32x8d (CIFAR stem) (pretrained)
  Dataset:    cifar10 (10 classes)
  Backend:    mpi
  Algorithm:  recursive_doubling_zfp_online_coll
  ZFP rate:   8
  Epochs:     20
  Batch/rank: 32
  LR:         0.001
================================================================================


================================================================================
DISTRIBUTED TRAINING LAUNCHER
================================================================================
  Model:      resnext101_32x8d (CIFAR stem) (pretrained)
  Dataset:    cifar10 (10 classes)
  Backend:    mpi
  Algorithm:  recursive_doubling_zfp_online_coll
  ZFP rate:   8
  Epochs:     20
  Batch/rank: 32
  LR:         0.001
================================================================================


================================================================================
DISTRIBUTED TRAINING LAUNCHER
================================================================================
  Model:      resnext101_32x8d (CIFAR stem) (pretrained)
  Dataset:    cifar10 (10 classes)
  Backend:    mpi
  Algorithm:  recursive_doubling_zfp_online_coll
  ZFP rate:   8
  Epochs:     20
  Batch/rank: 32
  LR:         0.001
================================================================================


================================================================================
DISTRIBUTED TRAINING LAUNCHER
================================================================================
  Model:      resnext101_32x8d (CIFAR stem) (pretrained)
  Dataset:    cifar10 (10 classes)
  Backend:    mpi
  Algorithm:  recursive_doubling_zfp_online_coll
  ZFP rate:   8
  Epochs:     20
  Batch/rank: 32
  LR:         0.001
================================================================================

[Data] Train batches: 195, Val batches: 40


[Epoch 1] Training... (lr=0.000001)

================================================================================
DISTRIBUTED TRAINING LAUNCHER
================================================================================
  Model:      resnext101_32x8d (CIFAR stem) (pretrained)
  Dataset:    cifar10 (10 classes)
  Backend:    mpi
  Algorithm:  recursive_doubling_zfp_online_coll
  ZFP rate:   8
  Epochs:     20
  Batch/rank: 32
  LR:         0.001
================================================================================


================================================================================
DISTRIBUTED TRAINING LAUNCHER
================================================================================
  Model:      resnext101_32x8d (CIFAR stem) (pretrained)
  Dataset:    cifar10 (10 classes)
  Backend:    mpi
  Algorithm:  recursive_doubling_zfp_online_coll
  ZFP rate:   8
  Epochs:     20
  Batch/rank: 32
  LR:         0.001
================================================================================


================================================================================
DISTRIBUTED TRAINING LAUNCHER
================================================================================
  Model:      resnext101_32x8d (CIFAR stem) (pretrained)
  Dataset:    cifar10 (10 classes)
  Backend:    mpi
  Algorithm:  recursive_doubling_zfp_online_coll
  ZFP rate:   8
  Epochs:     20
  Batch/rank: 32
  LR:         0.001
================================================================================

  Batch [50/195] Loss: 2.3181, Acc: 10.56%
  Batch [100/195] Loss: 2.3212, Acc: 9.44%
  Batch [150/195] Loss: 2.3202, Acc: 9.73%
[Epoch 1] Train Loss: 2.3182, Acc: 9.92%  |  Val Loss: 2.3223, Acc: 8.96%  |  Time: 20.5s
  -> Best model saved (8.96%)
[Epoch 1] Summarizing hook timing...

[HOOK_TIMING_SUMMARY] epoch=1
[HOOK_WORK_SUMMARY] label=mpi:recursive_doubling_zfp_online_coll:rate8 calls=2511 work_total_ms=13949.923 work_mean_ms=5.556 work_min_ms=0.836 work_max_ms=45.083
[HOOK_TAIL_SUMMARY] label=mpi:recursive_doubling_zfp_online_coll:rate8 steps=196 tail_total_ms=10653.428 tail_mean_ms=54.354 tail_min_ms=8.881 tail_max_ms=159.201
[Epoch 1] Hook timing summary done

[Epoch 2] Training... (lr=0.000201)
  Batch [50/195] Loss: 2.3131, Acc: 10.38%
  Batch [100/195] Loss: 2.3107, Acc: 10.28%
  Batch [150/195] Loss: 2.3084, Acc: 10.71%
[Epoch 2] Train Loss: 2.3072, Acc: 10.91%  |  Val Loss: 2.3106, Acc: 11.20%  |  Time: 19.4s
  -> Best model saved (11.20%)
[Epoch 2] Summarizing hook timing...

[HOOK_TIMING_SUMMARY] epoch=2
[HOOK_WORK_SUMMARY] label=mpi:recursive_doubling_zfp_online_coll:rate8 calls=2535 work_total_ms=14005.052 work_mean_ms=5.525 work_min_ms=0.820 work_max_ms=25.427
[HOOK_TAIL_SUMMARY] label=mpi:recursive_doubling_zfp_online_coll:rate8 steps=195 tail_total_ms=10580.351 tail_mean_ms=54.258 tail_min_ms=47.392 tail_max_ms=56.243
[Epoch 2] Hook timing summary done

[Epoch 3] Training... (lr=0.000401)
  Batch [50/195] Loss: 2.3032, Acc: 12.44%
  Batch [100/195] Loss: 2.3009, Acc: 12.47%
  Batch [150/195] Loss: 2.2952, Acc: 13.08%
[Epoch 3] Train Loss: 2.2935, Acc: 13.27%  |  Val Loss: 2.2898, Acc: 14.32%  |  Time: 19.4s
  -> Best model saved (14.32%)
[Epoch 3] Summarizing hook timing...

[HOOK_TIMING_SUMMARY] epoch=3
[HOOK_WORK_SUMMARY] label=mpi:recursive_doubling_zfp_online_coll:rate8 calls=2535 work_total_ms=13952.370 work_mean_ms=5.504 work_min_ms=0.832 work_max_ms=25.828
[HOOK_TAIL_SUMMARY] label=mpi:recursive_doubling_zfp_online_coll:rate8 steps=195 tail_total_ms=10446.571 tail_mean_ms=53.572 tail_min_ms=47.727 tail_max_ms=56.343
[Epoch 3] Hook timing summary done

[Epoch 4] Training... (lr=0.000600)
  Batch [50/195] Loss: 2.2726, Acc: 14.38%
  Batch [100/195] Loss: 2.2643, Acc: 16.41%
  Batch [150/195] Loss: 2.2603, Acc: 17.83%
[Epoch 4] Train Loss: 2.2585, Acc: 18.11%  |  Val Loss: 2.2514, Acc: 19.92%  |  Time: 19.4s
  -> Best model saved (19.92%)
[Epoch 4] Summarizing hook timing...

[HOOK_TIMING_SUMMARY] epoch=4
[HOOK_WORK_SUMMARY] label=mpi:recursive_doubling_zfp_online_coll:rate8 calls=2535 work_total_ms=13959.077 work_mean_ms=5.507 work_min_ms=0.813 work_max_ms=25.903
[HOOK_TAIL_SUMMARY] label=mpi:recursive_doubling_zfp_online_coll:rate8 steps=195 tail_total_ms=10549.984 tail_mean_ms=54.102 tail_min_ms=51.246 tail_max_ms=60.485
[Epoch 4] Hook timing summary done

[Epoch 5] Training... (lr=0.000800)
  Batch [50/195] Loss: 2.2330, Acc: 21.62%
  Batch [100/195] Loss: 2.2246, Acc: 23.09%
  Batch [150/195] Loss: 2.2166, Acc: 23.96%
[Epoch 5] Train Loss: 2.2125, Acc: 24.81%  |  Val Loss: 2.2009, Acc: 26.72%  |  Time: 19.3s
  -> Best model saved (26.72%)
[Epoch 5] Summarizing hook timing...

[HOOK_TIMING_SUMMARY] epoch=5
[HOOK_WORK_SUMMARY] label=mpi:recursive_doubling_zfp_online_coll:rate8 calls=2535 work_total_ms=13957.381 work_mean_ms=5.506 work_min_ms=0.816 work_max_ms=26.290
[HOOK_TAIL_SUMMARY] label=mpi:recursive_doubling_zfp_online_coll:rate8 steps=195 tail_total_ms=10578.764 tail_mean_ms=54.250 tail_min_ms=52.104 tail_max_ms=56.474
[Epoch 5] Hook timing summary done

[Epoch 6] Training... (lr=0.001000)
  Batch [50/195] Loss: 2.1821, Acc: 29.25%
  Batch [100/195] Loss: 2.1701, Acc: 30.31%
  Batch [150/195] Loss: 2.1653, Acc: 31.38%
[Epoch 6] Train Loss: 2.1583, Acc: 32.58%  |  Val Loss: 2.1380, Acc: 35.92%  |  Time: 19.3s
  -> Best model saved (35.92%)
[Epoch 6] Summarizing hook timing...

[HOOK_TIMING_SUMMARY] epoch=6
[HOOK_WORK_SUMMARY] label=mpi:recursive_doubling_zfp_online_coll:rate8 calls=2535 work_total_ms=14017.641 work_mean_ms=5.530 work_min_ms=0.824 work_max_ms=25.843
[HOOK_TAIL_SUMMARY] label=mpi:recursive_doubling_zfp_online_coll:rate8 steps=195 tail_total_ms=10563.888 tail_mean_ms=54.174 tail_min_ms=50.323 tail_max_ms=55.467
[Epoch 6] Hook timing summary done

[Epoch 7] Training... (lr=0.000989)
  Batch [50/195] Loss: 2.1222, Acc: 37.38%
  Batch [100/195] Loss: 2.1135, Acc: 39.06%
  Batch [150/195] Loss: 2.1024, Acc: 40.77%
[Epoch 7] Train Loss: 2.0948, Acc: 40.99%  |  Val Loss: 2.0748, Acc: 43.84%  |  Time: 19.3s
  -> Best model saved (43.84%)
[Epoch 7] Summarizing hook timing...

[HOOK_TIMING_SUMMARY] epoch=7
[HOOK_WORK_SUMMARY] label=mpi:recursive_doubling_zfp_online_coll:rate8 calls=2535 work_total_ms=14047.065 work_mean_ms=5.541 work_min_ms=0.818 work_max_ms=25.851
[HOOK_TAIL_SUMMARY] label=mpi:recursive_doubling_zfp_online_coll:rate8 steps=195 tail_total_ms=10528.942 tail_mean_ms=53.995 tail_min_ms=50.554 tail_max_ms=54.903
[Epoch 7] Hook timing summary done

[Epoch 8] Training... (lr=0.000957)
  Batch [50/195] Loss: 2.0550, Acc: 43.56%
  Batch [100/195] Loss: 2.0458, Acc: 44.78%
  Batch [150/195] Loss: 2.0304, Acc: 46.31%
[Epoch 8] Train Loss: 2.0199, Acc: 47.20%  |  Val Loss: 1.9927, Acc: 49.12%  |  Time: 19.3s
  -> Best model saved (49.12%)
[Epoch 8] Summarizing hook timing...

[HOOK_TIMING_SUMMARY] epoch=8
[HOOK_WORK_SUMMARY] label=mpi:recursive_doubling_zfp_online_coll:rate8 calls=2535 work_total_ms=14144.075 work_mean_ms=5.580 work_min_ms=0.804 work_max_ms=25.313
[HOOK_TAIL_SUMMARY] label=mpi:recursive_doubling_zfp_online_coll:rate8 steps=195 tail_total_ms=10801.281 tail_mean_ms=55.391 tail_min_ms=50.941 tail_max_ms=57.094
[Epoch 8] Hook timing summary done

[Epoch 9] Training... (lr=0.000905)
  Batch [50/195] Loss: 1.9836, Acc: 49.44%
  Batch [100/195] Loss: 1.9684, Acc: 50.56%
  Batch [150/195] Loss: 1.9568, Acc: 51.46%
[Epoch 9] Train Loss: 1.9517, Acc: 51.70%  |  Val Loss: 1.9259, Acc: 54.96%  |  Time: 19.3s
  -> Best model saved (54.96%)
[Epoch 9] Summarizing hook timing...

[HOOK_TIMING_SUMMARY] epoch=9
[HOOK_WORK_SUMMARY] label=mpi:recursive_doubling_zfp_online_coll:rate8 calls=2535 work_total_ms=14123.014 work_mean_ms=5.571 work_min_ms=0.837 work_max_ms=22.358
[HOOK_TAIL_SUMMARY] label=mpi:recursive_doubling_zfp_online_coll:rate8 steps=195 tail_total_ms=10861.197 tail_mean_ms=55.698 tail_min_ms=51.991 tail_max_ms=56.495
[Epoch 9] Hook timing summary done

[Epoch 10] Training... (lr=0.000835)
  Batch [50/195] Loss: 1.9091, Acc: 53.81%
  Batch [100/195] Loss: 1.9017, Acc: 54.97%
  Batch [150/195] Loss: 1.8930, Acc: 55.06%
[Epoch 10] Train Loss: 1.8841, Acc: 55.71%  |  Val Loss: 1.8577, Acc: 58.08%  |  Time: 19.4s
  -> Best model saved (58.08%)
[Epoch 10] Summarizing hook timing...

[HOOK_TIMING_SUMMARY] epoch=10
[HOOK_WORK_SUMMARY] label=mpi:recursive_doubling_zfp_online_coll:rate8 calls=2535 work_total_ms=13911.181 work_mean_ms=5.488 work_min_ms=0.809 work_max_ms=25.592
[HOOK_TAIL_SUMMARY] label=mpi:recursive_doubling_zfp_online_coll:rate8 steps=195 tail_total_ms=10524.793 tail_mean_ms=53.973 tail_min_ms=51.422 tail_max_ms=54.777
[Epoch 10] Hook timing summary done

[Epoch 11] Training... (lr=0.000750)
  Batch [50/195] Loss: 1.8270, Acc: 58.19%
  Batch [100/195] Loss: 1.8237, Acc: 58.12%
  Batch [150/195] Loss: 1.8173, Acc: 58.15%
[Epoch 11] Train Loss: 1.8154, Acc: 58.29%  |  Val Loss: 1.7984, Acc: 59.76%  |  Time: 19.4s
  -> Best model saved (59.76%)
[Epoch 11] Summarizing hook timing...

[HOOK_TIMING_SUMMARY] epoch=11
[HOOK_WORK_SUMMARY] label=mpi:recursive_doubling_zfp_online_coll:rate8 calls=2535 work_total_ms=14080.691 work_mean_ms=5.555 work_min_ms=0.821 work_max_ms=25.398
[HOOK_TAIL_SUMMARY] label=mpi:recursive_doubling_zfp_online_coll:rate8 steps=195 tail_total_ms=10746.767 tail_mean_ms=55.112 tail_min_ms=47.167 tail_max_ms=56.501
[Epoch 11] Hook timing summary done

[Epoch 12] Training... (lr=0.000655)
  Batch [50/195] Loss: 1.7682, Acc: 59.00%
  Batch [100/195] Loss: 1.7684, Acc: 59.16%
  Batch [150/195] Loss: 1.7602, Acc: 60.27%
[Epoch 12] Train Loss: 1.7555, Acc: 60.10%  |  Val Loss: 1.7462, Acc: 61.36%  |  Time: 19.3s
  -> Best model saved (61.36%)
[Epoch 12] Summarizing hook timing...

[HOOK_TIMING_SUMMARY] epoch=12
[HOOK_WORK_SUMMARY] label=mpi:recursive_doubling_zfp_online_coll:rate8 calls=2535 work_total_ms=14029.181 work_mean_ms=5.534 work_min_ms=0.809 work_max_ms=25.867
[HOOK_TAIL_SUMMARY] label=mpi:recursive_doubling_zfp_online_coll:rate8 steps=195 tail_total_ms=10610.121 tail_mean_ms=54.411 tail_min_ms=51.070 tail_max_ms=56.201
[Epoch 12] Hook timing summary done

[Epoch 13] Training... (lr=0.000552)
  Batch [50/195] Loss: 1.7103, Acc: 62.31%
  Batch [100/195] Loss: 1.7140, Acc: 62.03%
  Batch [150/195] Loss: 1.7087, Acc: 62.23%
[Epoch 13] Train Loss: 1.7057, Acc: 62.07%  |  Val Loss: 1.7057, Acc: 63.60%  |  Time: 19.4s
  -> Best model saved (63.60%)
[Epoch 13] Summarizing hook timing...

[HOOK_TIMING_SUMMARY] epoch=13
[HOOK_WORK_SUMMARY] label=mpi:recursive_doubling_zfp_online_coll:rate8 calls=2535 work_total_ms=13963.008 work_mean_ms=5.508 work_min_ms=0.829 work_max_ms=25.716
[HOOK_TAIL_SUMMARY] label=mpi:recursive_doubling_zfp_online_coll:rate8 steps=195 tail_total_ms=10547.846 tail_mean_ms=54.092 tail_min_ms=50.930 tail_max_ms=55.043
[Epoch 13] Hook timing summary done

[Epoch 14] Training... (lr=0.000448)
  Batch [50/195] Loss: 1.6633, Acc: 64.94%
=== Job started: Sat May 23 10:52:19 PM UTC 2026 ===
=== Node: x3112c0s13b0n0 ===

The following have been reloaded with a version change:
  1) gcc-native/14 => gcc-native/13


The following have been reloaded with a version change:
  1) gcc-native/13 => gcc-native/14.2

[INFO] GTL preloaded: /opt/cray/pe/mpich/9.0.1/ofi/nvidia/23.3/lib/libmpi_gtl_cuda.so
=============================================
  Polaris DDP + Eagle PyTorch + Cray MPICH
=============================================
Node              : x3112c0s13b0n0
ZFP_HOME          : /home/mrest/mpiAllReduceCompressed/zfp-install
GTL               : /opt/cray/pe/mpich/9.0.1/ofi/nvidia/23.3/lib/libmpi_gtl_cuda.so
MPICH_GPU_SUPPORT : 1

PyTorch version   : 2.8.0a0+gitba56102
PyTorch location  : /lus/eagle/projects/UIC-HPC/mrest/pytorch_mpi_build/src/pytorch/torch/__init__.py
CUDA available    : True 4
MPI available     : True
mpi4py            : MPI VERSION    : CRAY MPICH version 9.0.1.498 (ANL base 4.1.2)
mpi4py rank test  : rank 0 OK
=============================================
=== Starting training: backend=mpi, hook=recursive_doubling_zfp_online_coll, zfp_rate=8 at Sat May 23 10:52:46 PM UTC 2026 ===

================================================================================
DISTRIBUTED TRAINING LAUNCHER
================================================================================
  Model:      resnext101_32x8d (CIFAR stem) (pretrained)
  Dataset:    cifar10 (10 classes)
  Backend:    mpi
  Algorithm:  recursive_doubling_zfp_online_coll
  ZFP rate:   8
  Epochs:     20
  Batch/rank: 128
  LR:         0.001
================================================================================


================================================================================
Distributed Training: RESNEXT101_32X8D on CIFAR10
Backend: MPI, Algorithm: recursive_doubling_zfp_online_coll
================================================================================
Ranks: 8, Epochs: 20, Batch/rank: 128, Effective batch: 1024
LR: 0.001, Device: cuda:0

[Setup] Model on cuda:0, wrapped in DDP (static_graph=True)
[Setup] Hook registered: mpi/recursive_doubling_zfp_online_coll
[Data] Train batches: 48, Val batches: 10


[Epoch 1] Training... (lr=0.000001)

================================================================================
DISTRIBUTED TRAINING LAUNCHER
================================================================================
  Model:      resnext101_32x8d (CIFAR stem) (pretrained)
  Dataset:    cifar10 (10 classes)
  Backend:    mpi
  Algorithm:  recursive_doubling_zfp_online_coll
  ZFP rate:   8
  Epochs:     20
  Batch/rank: 128
  LR:         0.001
================================================================================


================================================================================
DISTRIBUTED TRAINING LAUNCHER
================================================================================
  Model:      resnext101_32x8d (CIFAR stem) (pretrained)
  Dataset:    cifar10 (10 classes)
  Backend:    mpi
  Algorithm:  recursive_doubling_zfp_online_coll
  ZFP rate:   8
  Epochs:     20
  Batch/rank: 128
  LR:         0.001
================================================================================


================================================================================
DISTRIBUTED TRAINING LAUNCHER
================================================================================
  Model:      resnext101_32x8d (CIFAR stem) (pretrained)
  Dataset:    cifar10 (10 classes)
  Backend:    mpi
  Algorithm:  recursive_doubling_zfp_online_coll
  ZFP rate:   8
  Epochs:     20
  Batch/rank: 128
  LR:         0.001
================================================================================


================================================================================
DISTRIBUTED TRAINING LAUNCHER
================================================================================
  Model:      resnext101_32x8d (CIFAR stem) (pretrained)
  Dataset:    cifar10 (10 classes)
  Backend:    mpi
  Algorithm:  recursive_doubling_zfp_online_coll
  ZFP rate:   8
  Epochs:     20
  Batch/rank: 128
  LR:         0.001
================================================================================


================================================================================
DISTRIBUTED TRAINING LAUNCHER
================================================================================
  Model:      resnext101_32x8d (CIFAR stem) (pretrained)
  Dataset:    cifar10 (10 classes)
  Backend:    mpi
  Algorithm:  recursive_doubling_zfp_online_coll
  ZFP rate:   8
  Epochs:     20
  Batch/rank: 128
  LR:         0.001
================================================================================


================================================================================
DISTRIBUTED TRAINING LAUNCHER
================================================================================
  Model:      resnext101_32x8d (CIFAR stem) (pretrained)
  Dataset:    cifar10 (10 classes)
  Backend:    mpi
  Algorithm:  recursive_doubling_zfp_online_coll
  ZFP rate:   8
  Epochs:     20
  Batch/rank: 128
  LR:         0.001
================================================================================


================================================================================
DISTRIBUTED TRAINING LAUNCHER
================================================================================
  Model:      resnext101_32x8d (CIFAR stem) (pretrained)
  Dataset:    cifar10 (10 classes)
  Backend:    mpi
  Algorithm:  recursive_doubling_zfp_online_coll
  ZFP rate:   8
  Epochs:     20
  Batch/rank: 128
  LR:         0.001
================================================================================

[Epoch 1] Train Loss: 2.3194, Acc: 10.50%  |  Val Loss: 2.3229, Acc: 11.12%  |  Time: 14.7s
  -> Best model saved (11.12%)
[Epoch 1] Summarizing hook timing...

[HOOK_TIMING_SUMMARY] epoch=1
[HOOK_WORK_SUMMARY] label=mpi:recursive_doubling_zfp_online_coll:rate8 calls=600 work_total_ms=8555.974 work_mean_ms=14.260 work_min_ms=0.905 work_max_ms=137.661
[HOOK_TAIL_SUMMARY] label=mpi:recursive_doubling_zfp_online_coll:rate8 steps=49 tail_total_ms=5869.759 tail_mean_ms=119.791 tail_min_ms=115.483 tail_max_ms=156.977
[Epoch 1] Hook timing summary done

[Epoch 2] Training... (lr=0.000201)
[Epoch 2] Train Loss: 2.3113, Acc: 11.34%  |  Val Loss: 2.3158, Acc: 11.44%  |  Time: 10.8s
  -> Best model saved (11.44%)
[Epoch 2] Summarizing hook timing...

[HOOK_TIMING_SUMMARY] epoch=2
[HOOK_WORK_SUMMARY] label=mpi:recursive_doubling_zfp_online_coll:rate8 calls=624 work_total_ms=8702.203 work_mean_ms=13.946 work_min_ms=0.932 work_max_ms=137.698
[HOOK_TAIL_SUMMARY] label=mpi:recursive_doubling_zfp_online_coll:rate8 steps=48 tail_total_ms=5658.523 tail_mean_ms=117.886 tail_min_ms=117.227 tail_max_ms=118.535
[Epoch 2] Hook timing summary done

[Epoch 3] Training... (lr=0.000401)
[Epoch 3] Train Loss: 2.3051, Acc: 11.82%  |  Val Loss: 2.3051, Acc: 12.32%  |  Time: 10.8s
  -> Best model saved (12.32%)
[Epoch 3] Summarizing hook timing...

[HOOK_TIMING_SUMMARY] epoch=3
[HOOK_WORK_SUMMARY] label=mpi:recursive_doubling_zfp_online_coll:rate8 calls=624 work_total_ms=8742.447 work_mean_ms=14.010 work_min_ms=0.882 work_max_ms=137.799
[HOOK_TAIL_SUMMARY] label=mpi:recursive_doubling_zfp_online_coll:rate8 steps=48 tail_total_ms=5683.758 tail_mean_ms=118.412 tail_min_ms=117.587 tail_max_ms=120.084
[Epoch 3] Hook timing summary done

[Epoch 4] Training... (lr=0.000600)
[Epoch 4] Train Loss: 2.2879, Acc: 13.72%  |  Val Loss: 2.2880, Acc: 14.08%  |  Time: 10.8s
  -> Best model saved (14.08%)
[Epoch 4] Summarizing hook timing...

[HOOK_TIMING_SUMMARY] epoch=4
[HOOK_WORK_SUMMARY] label=mpi:recursive_doubling_zfp_online_coll:rate8 calls=624 work_total_ms=8738.576 work_mean_ms=14.004 work_min_ms=0.866 work_max_ms=137.853
[HOOK_TAIL_SUMMARY] label=mpi:recursive_doubling_zfp_online_coll:rate8 steps=48 tail_total_ms=5664.863 tail_mean_ms=118.018 tail_min_ms=117.294 tail_max_ms=118.844
[Epoch 4] Hook timing summary done

[Epoch 5] Training... (lr=0.000800)
[Epoch 5] Train Loss: 2.2696, Acc: 16.16%  |  Val Loss: 2.2649, Acc: 16.80%  |  Time: 10.8s
  -> Best model saved (16.80%)
[Epoch 5] Summarizing hook timing...

[HOOK_TIMING_SUMMARY] epoch=5
[HOOK_WORK_SUMMARY] label=mpi:recursive_doubling_zfp_online_coll:rate8 calls=624 work_total_ms=8753.144 work_mean_ms=14.027 work_min_ms=0.870 work_max_ms=137.684
[HOOK_TAIL_SUMMARY] label=mpi:recursive_doubling_zfp_online_coll:rate8 steps=48 tail_total_ms=5684.755 tail_mean_ms=118.432 tail_min_ms=117.433 tail_max_ms=119.282
[Epoch 5] Hook timing summary done

[Epoch 6] Training... (lr=0.001000)
[Epoch 6] Train Loss: 2.2469, Acc: 18.55%  |  Val Loss: 2.2362, Acc: 20.16%  |  Time: 10.8s
  -> Best model saved (20.16%)
[Epoch 6] Summarizing hook timing...

[HOOK_TIMING_SUMMARY] epoch=6
[HOOK_WORK_SUMMARY] label=mpi:recursive_doubling_zfp_online_coll:rate8 calls=624 work_total_ms=8768.699 work_mean_ms=14.052 work_min_ms=0.875 work_max_ms=137.926
[HOOK_TAIL_SUMMARY] label=mpi:recursive_doubling_zfp_online_coll:rate8 steps=48 tail_total_ms=5692.458 tail_mean_ms=118.593 tail_min_ms=117.683 tail_max_ms=119.857
[Epoch 6] Hook timing summary done

[Epoch 7] Training... (lr=0.000989)
[Epoch 7] Train Loss: 2.2213, Acc: 23.03%  |  Val Loss: 2.2085, Acc: 26.00%  |  Time: 10.8s
  -> Best model saved (26.00%)
[Epoch 7] Summarizing hook timing...

[HOOK_TIMING_SUMMARY] epoch=7
[HOOK_WORK_SUMMARY] label=mpi:recursive_doubling_zfp_online_coll:rate8 calls=624 work_total_ms=8765.881 work_mean_ms=14.048 work_min_ms=0.970 work_max_ms=137.835
[HOOK_TAIL_SUMMARY] label=mpi:recursive_doubling_zfp_online_coll:rate8 steps=48 tail_total_ms=5692.995 tail_mean_ms=118.604 tail_min_ms=117.693 tail_max_ms=119.650
[Epoch 7] Hook timing summary done

[Epoch 8] Training... (lr=0.000957)
[Epoch 8] Train Loss: 2.1946, Acc: 26.94%  |  Val Loss: 2.1810, Acc: 28.96%  |  Time: 10.8s
  -> Best model saved (28.96%)
[Epoch 8] Summarizing hook timing...

[HOOK_TIMING_SUMMARY] epoch=8
[HOOK_WORK_SUMMARY] label=mpi:recursive_doubling_zfp_online_coll:rate8 calls=624 work_total_ms=8761.360 work_mean_ms=14.041 work_min_ms=0.849 work_max_ms=137.925
[HOOK_TAIL_SUMMARY] label=mpi:recursive_doubling_zfp_online_coll:rate8 steps=48 tail_total_ms=5685.383 tail_mean_ms=118.445 tail_min_ms=117.462 tail_max_ms=119.302
[Epoch 8] Hook timing summary done

[Epoch 9] Training... (lr=0.000905)
[Epoch 9] Train Loss: 2.1675, Acc: 30.68%  |  Val Loss: 2.1520, Acc: 33.60%  |  Time: 10.8s
  -> Best model saved (33.60%)
[Epoch 9] Summarizing hook timing...

[HOOK_TIMING_SUMMARY] epoch=9
[HOOK_WORK_SUMMARY] label=mpi:recursive_doubling_zfp_online_coll:rate8 calls=624 work_total_ms=8777.084 work_mean_ms=14.066 work_min_ms=0.887 work_max_ms=138.029
[HOOK_TAIL_SUMMARY] label=mpi:recursive_doubling_zfp_online_coll:rate8 steps=48 tail_total_ms=5696.449 tail_mean_ms=118.676 tail_min_ms=117.754 tail_max_ms=119.764
[Epoch 9] Hook timing summary done

[Epoch 10] Training... (lr=0.000835)
[Epoch 10] Train Loss: 2.1399, Acc: 35.12%  |  Val Loss: 2.1297, Acc: 36.00%  |  Time: 10.8s
  -> Best model saved (36.00%)
[Epoch 10] Summarizing hook timing...

[HOOK_TIMING_SUMMARY] epoch=10
[HOOK_WORK_SUMMARY] label=mpi:recursive_doubling_zfp_online_coll:rate8 calls=624 work_total_ms=8731.153 work_mean_ms=13.992 work_min_ms=0.903 work_max_ms=137.699
[HOOK_TAIL_SUMMARY] label=mpi:recursive_doubling_zfp_online_coll:rate8 steps=48 tail_total_ms=5671.872 tail_mean_ms=118.164 tail_min_ms=117.417 tail_max_ms=120.379
[Epoch 10] Hook timing summary done

[Epoch 11] Training... (lr=0.000750)
[Epoch 11] Train Loss: 2.1182, Acc: 36.62%  |  Val Loss: 2.1070, Acc: 38.56%  |  Time: 10.8s
  -> Best model saved (38.56%)
[Epoch 11] Summarizing hook timing...

[HOOK_TIMING_SUMMARY] epoch=11
[HOOK_WORK_SUMMARY] label=mpi:recursive_doubling_zfp_online_coll:rate8 calls=624 work_total_ms=8766.938 work_mean_ms=14.050 work_min_ms=0.906 work_max_ms=138.075
[HOOK_TAIL_SUMMARY] label=mpi:recursive_doubling_zfp_online_coll:rate8 steps=48 tail_total_ms=5681.902 tail_mean_ms=118.373 tail_min_ms=117.627 tail_max_ms=119.345
[Epoch 11] Hook timing summary done

[Epoch 12] Training... (lr=0.000655)
[Epoch 12] Train Loss: 2.1027, Acc: 38.07%  |  Val Loss: 2.0878, Acc: 41.92%  |  Time: 10.8s
  -> Best model saved (41.92%)
[Epoch 12] Summarizing hook timing...

[HOOK_TIMING_SUMMARY] epoch=12
[HOOK_WORK_SUMMARY] label=mpi:recursive_doubling_zfp_online_coll:rate8 calls=624 work_total_ms=8723.140 work_mean_ms=13.979 work_min_ms=0.929 work_max_ms=137.640
[HOOK_TAIL_SUMMARY] label=mpi:recursive_doubling_zfp_online_coll:rate8 steps=48 tail_total_ms=5662.156 tail_mean_ms=117.962 tail_min_ms=117.255 tail_max_ms=118.689
[Epoch 12] Hook timing summary done

[Epoch 13] Training... (lr=0.000552)
[Epoch 13] Train Loss: 2.0787, Acc: 41.63%  |  Val Loss: 2.0711, Acc: 42.08%  |  Time: 10.8s
  -> Best model saved (42.08%)
[Epoch 13] Summarizing hook timing...

[HOOK_TIMING_SUMMARY] epoch=13
[HOOK_WORK_SUMMARY] label=mpi:recursive_doubling_zfp_online_coll:rate8 calls=624 work_total_ms=8765.726 work_mean_ms=14.048 work_min_ms=0.883 work_max_ms=138.023
[HOOK_TAIL_SUMMARY] label=mpi:recursive_doubling_zfp_online_coll:rate8 steps=48 tail_total_ms=5680.473 tail_mean_ms=118.343 tail_min_ms=117.528 tail_max_ms=119.290
[Epoch 13] Hook timing summary done

[Epoch 14] Training... (lr=0.000448)
[Epoch 14] Train Loss: 2.0678, Acc: 42.43%  |  Val Loss: 2.0507, Acc: 44.56%  |  Time: 10.8s
  -> Best model saved (44.56%)
[Epoch 14] Summarizing hook timing...

[HOOK_TIMING_SUMMARY] epoch=14
[HOOK_WORK_SUMMARY] label=mpi:recursive_doubling_zfp_online_coll:rate8 calls=624 work_total_ms=8741.344 work_mean_ms=14.009 work_min_ms=0.876 work_max_ms=137.875
[HOOK_TAIL_SUMMARY] label=mpi:recursive_doubling_zfp_online_coll:rate8 steps=48 tail_total_ms=5673.149 tail_mean_ms=118.191 tail_min_ms=117.371 tail_max_ms=119.102
[Epoch 14] Hook timing summary done

[Epoch 15] Training... (lr=0.000345)
[Epoch 15] Train Loss: 2.0493, Acc: 44.76%  |  Val Loss: 2.0455, Acc: 44.32%  |  Time: 10.8s
[Epoch 15] Summarizing hook timing...

[HOOK_TIMING_SUMMARY] epoch=15
[HOOK_WORK_SUMMARY] label=mpi:recursive_doubling_zfp_online_coll:rate8 calls=624 work_total_ms=8765.786 work_mean_ms=14.048 work_min_ms=0.864 work_max_ms=137.991
[HOOK_TAIL_SUMMARY] label=mpi:recursive_doubling_zfp_online_coll:rate8 steps=48 tail_total_ms=5682.454 tail_mean_ms=118.384 tail_min_ms=117.591 tail_max_ms=119.311
[Epoch 15] Hook timing summary done

[Epoch 16] Training... (lr=0.000250)
[Epoch 16] Train Loss: 2.0400, Acc: 44.78%  |  Val Loss: 2.0345, Acc: 45.28%  |  Time: 10.9s
  -> Best model saved (45.28%)
[Epoch 16] Summarizing hook timing...

[HOOK_TIMING_SUMMARY] epoch=16
[HOOK_WORK_SUMMARY] label=mpi:recursive_doubling_zfp_online_coll:rate8 calls=624 work_total_ms=8824.571 work_mean_ms=14.142 work_min_ms=0.878 work_max_ms=138.140
[HOOK_TAIL_SUMMARY] label=mpi:recursive_doubling_zfp_online_coll:rate8 steps=48 tail_total_ms=5739.090 tail_mean_ms=119.564 tail_min_ms=118.111 tail_max_ms=159.073
[Epoch 16] Hook timing summary done

[Epoch 17] Training... (lr=0.000165)
[Epoch 17] Train Loss: 2.0314, Acc: 46.60%  |  Val Loss: 2.0303, Acc: 46.16%  |  Time: 10.8s
  -> Best model saved (46.16%)
[Epoch 17] Summarizing hook timing...

[HOOK_TIMING_SUMMARY] epoch=17
[HOOK_WORK_SUMMARY] label=mpi:recursive_doubling_zfp_online_coll:rate8 calls=624 work_total_ms=8764.686 work_mean_ms=14.046 work_min_ms=0.872 work_max_ms=138.019
[HOOK_TAIL_SUMMARY] label=mpi:recursive_doubling_zfp_online_coll:rate8 steps=48 tail_total_ms=5680.527 tail_mean_ms=118.344 tail_min_ms=117.520 tail_max_ms=119.218
[Epoch 17] Hook timing summary done

[Epoch 18] Training... (lr=0.000095)
[Epoch 18] Train Loss: 2.0382, Acc: 45.20%  |  Val Loss: 2.0271, Acc: 45.68%  |  Time: 10.8s
[Epoch 18] Summarizing hook timing...

[HOOK_TIMING_SUMMARY] epoch=18
[HOOK_WORK_SUMMARY] label=mpi:recursive_doubling_zfp_online_coll:rate8 calls=624 work_total_ms=8763.749 work_mean_ms=14.044 work_min_ms=0.921 work_max_ms=137.961
[HOOK_TAIL_SUMMARY] label=mpi:recursive_doubling_zfp_online_coll:rate8 steps=48 tail_total_ms=5680.736 tail_mean_ms=118.349 tail_min_ms=117.814 tail_max_ms=119.372
[Epoch 18] Hook timing summary done

[Epoch 19] Training... (lr=0.000043)
[Epoch 19] Train Loss: 2.0298, Acc: 45.85%  |  Val Loss: 2.0269, Acc: 46.56%  |  Time: 10.9s
  -> Best model saved (46.56%)
[Epoch 19] Summarizing hook timing...

[HOOK_TIMING_SUMMARY] epoch=19
[HOOK_WORK_SUMMARY] label=mpi:recursive_doubling_zfp_online_coll:rate8 calls=624 work_total_ms=8796.029 work_mean_ms=14.096 work_min_ms=0.825 work_max_ms=138.077
[HOOK_TAIL_SUMMARY] label=mpi:recursive_doubling_zfp_online_coll:rate8 steps=48 tail_total_ms=5713.112 tail_mean_ms=119.023 tail_min_ms=117.164 tail_max_ms=147.490
[Epoch 19] Hook timing summary done

[Epoch 20] Training... (lr=0.000011)
[Epoch 20] Train Loss: 2.0307, Acc: 45.87%  |  Val Loss: 2.0262, Acc: 46.24%  |  Time: 10.8s
[Epoch 20] Summarizing hook timing...

[HOOK_TIMING_SUMMARY] epoch=20
[HOOK_WORK_SUMMARY] label=mpi:recursive_doubling_zfp_online_coll:rate8 calls=624 work_total_ms=8781.350 work_mean_ms=14.073 work_min_ms=0.899 work_max_ms=137.951
[HOOK_TAIL_SUMMARY] label=mpi:recursive_doubling_zfp_online_coll:rate8 steps=48 tail_total_ms=5698.741 tail_mean_ms=118.724 tail_min_ms=117.597 tail_max_ms=119.499
[Epoch 20] Hook timing summary done

================================================================================
Done in 239.5s | Best val acc: 46.56%
Epoch times: mean=11.0s  min=10.8s  max=14.7s
================================================================================
=== Finished training: backend=mpi, hook=recursive_doubling_zfp_online_coll, zfp_rate=8, status=0 at Sat May 23 10:57:03 PM UTC 2026 ===
=== Job finished: Sat May 23 10:57:03 PM UTC 2026 ===
