
================================================================================
Distributed Training: RESNEXT101_32X8D on CIFAR10
Backend: MPI, Algorithm: ring
================================================================================
Ranks: 8, Epochs: 20, Batch/rank: 128, Effective batch: 1024
LR: 0.001, Device: cuda:0

[Setup] Model on cuda:0, wrapped in DDP (static_graph=True)
[Setup] Hook registered: mpi/ring
[Data] Train batches: 48, Val batches: 10


[Epoch 1] Training... (lr=0.000001)
[Epoch 1] Train Loss: 2.3194, Acc: 10.50%  |  Val Loss: 2.3229, Acc: 11.04%  |  Time: 12.8s
  -> Best model saved (11.04%)
[Epoch 1] Summarizing hook timing...

[HOOK_TIMING_SUMMARY] epoch=1
[HOOK_WORK_SUMMARY] label=mpi:ring calls=600 work_total_ms=8753.042 work_mean_ms=14.588 work_min_ms=1.542 work_max_ms=148.175
[HOOK_TAIL_SUMMARY] label=mpi:ring steps=49 tail_total_ms=5925.904 tail_mean_ms=120.937 tail_min_ms=101.645 tail_max_ms=157.706
[Epoch 1] Hook timing summary done

[Epoch 2] Training... (lr=0.000201)
[Epoch 2] Train Loss: 2.3113, Acc: 11.31%  |  Val Loss: 2.3158, Acc: 11.36%  |  Time: 10.9s
  -> Best model saved (11.36%)
[Epoch 2] Summarizing hook timing...

[HOOK_TIMING_SUMMARY] epoch=2
[HOOK_WORK_SUMMARY] label=mpi:ring calls=624 work_total_ms=8835.519 work_mean_ms=14.159 work_min_ms=1.529 work_max_ms=141.252
[HOOK_TAIL_SUMMARY] label=mpi:ring steps=48 tail_total_ms=5770.826 tail_mean_ms=120.226 tail_min_ms=119.405 tail_max_ms=121.341
[Epoch 2] Hook timing summary done

[Epoch 3] Training... (lr=0.000401)
[Epoch 3] Train Loss: 2.3051, Acc: 11.85%  |  Val Loss: 2.3052, Acc: 12.24%  |  Time: 10.9s
  -> Best model saved (12.24%)
[Epoch 3] Summarizing hook timing...

[HOOK_TIMING_SUMMARY] epoch=3
[HOOK_WORK_SUMMARY] label=mpi:ring calls=624 work_total_ms=8898.564 work_mean_ms=14.261 work_min_ms=1.550 work_max_ms=141.621
[HOOK_TAIL_SUMMARY] label=mpi:ring steps=48 tail_total_ms=5796.973 tail_mean_ms=120.770 tail_min_ms=119.592 tail_max_ms=121.664
[Epoch 3] Hook timing summary done

[Epoch 4] Training... (lr=0.000600)
[Epoch 4] Train Loss: 2.2879, Acc: 13.82%  |  Val Loss: 2.2880, Acc: 14.00%  |  Time: 10.9s
  -> Best model saved (14.00%)
[Epoch 4] Summarizing hook timing...

[HOOK_TIMING_SUMMARY] epoch=4
[HOOK_WORK_SUMMARY] label=mpi:ring calls=624 work_total_ms=8863.273 work_mean_ms=14.204 work_min_ms=1.549 work_max_ms=141.668
[HOOK_TAIL_SUMMARY] label=mpi:ring steps=48 tail_total_ms=5768.341 tail_mean_ms=120.174 tail_min_ms=119.332 tail_max_ms=121.815
[Epoch 4] Hook timing summary done

[Epoch 5] Training... (lr=0.000800)
[Epoch 5] Train Loss: 2.2695, Acc: 16.15%  |  Val Loss: 2.2649, Acc: 16.80%  |  Time: 10.9s
  -> Best model saved (16.80%)
[Epoch 5] Summarizing hook timing...

[HOOK_TIMING_SUMMARY] epoch=5
[HOOK_WORK_SUMMARY] label=mpi:ring calls=624 work_total_ms=8894.386 work_mean_ms=14.254 work_min_ms=1.562 work_max_ms=141.100
[HOOK_TAIL_SUMMARY] label=mpi:ring steps=48 tail_total_ms=5784.236 tail_mean_ms=120.505 tail_min_ms=119.299 tail_max_ms=121.301
[Epoch 5] Hook timing summary done

[Epoch 6] Training... (lr=0.001000)
[Epoch 6] Train Loss: 2.2468, Acc: 18.68%  |  Val Loss: 2.2359, Acc: 20.24%  |  Time: 10.9s
  -> Best model saved (20.24%)
[Epoch 6] Summarizing hook timing...

[HOOK_TIMING_SUMMARY] epoch=6
[HOOK_WORK_SUMMARY] label=mpi:ring calls=624 work_total_ms=8901.725 work_mean_ms=14.266 work_min_ms=1.530 work_max_ms=141.758
[HOOK_TAIL_SUMMARY] label=mpi:ring steps=48 tail_total_ms=5794.131 tail_mean_ms=120.711 tail_min_ms=119.070 tail_max_ms=121.474
[Epoch 6] Hook timing summary done

[Epoch 7] Training... (lr=0.000989)
[Epoch 7] Train Loss: 2.2211, Acc: 23.11%  |  Val Loss: 2.2081, Acc: 25.52%  |  Time: 10.9s
  -> Best model saved (25.52%)
[Epoch 7] Summarizing hook timing...

[HOOK_TIMING_SUMMARY] epoch=7
[HOOK_WORK_SUMMARY] label=mpi:ring calls=624 work_total_ms=8892.647 work_mean_ms=14.251 work_min_ms=1.502 work_max_ms=141.471
[HOOK_TAIL_SUMMARY] label=mpi:ring steps=48 tail_total_ms=5795.574 tail_mean_ms=120.741 tail_min_ms=119.206 tail_max_ms=121.753
[Epoch 7] Hook timing summary done

[Epoch 8] Training... (lr=0.000957)
[Epoch 8] Train Loss: 2.1944, Acc: 26.86%  |  Val Loss: 2.1807, Acc: 29.12%  |  Time: 10.9s
  -> Best model saved (29.12%)
[Epoch 8] Summarizing hook timing...

[HOOK_TIMING_SUMMARY] epoch=8
[HOOK_WORK_SUMMARY] label=mpi:ring calls=624 work_total_ms=8850.809 work_mean_ms=14.184 work_min_ms=1.515 work_max_ms=140.796
[HOOK_TAIL_SUMMARY] label=mpi:ring steps=48 tail_total_ms=5759.120 tail_mean_ms=119.982 tail_min_ms=119.127 tail_max_ms=120.685
[Epoch 8] Hook timing summary done

[Epoch 9] Training... (lr=0.000905)
[Epoch 9] Train Loss: 2.1671, Acc: 30.76%  |  Val Loss: 2.1517, Acc: 33.84%  |  Time: 10.9s
  -> Best model saved (33.84%)
[Epoch 9] Summarizing hook timing...

[HOOK_TIMING_SUMMARY] epoch=9
[HOOK_WORK_SUMMARY] label=mpi:ring calls=624 work_total_ms=8885.320 work_mean_ms=14.239 work_min_ms=1.526 work_max_ms=141.108
[HOOK_TAIL_SUMMARY] label=mpi:ring steps=48 tail_total_ms=5776.977 tail_mean_ms=120.354 tail_min_ms=119.632 tail_max_ms=121.146
[Epoch 9] Hook timing summary done

[Epoch 10] Training... (lr=0.000835)
[Epoch 10] Train Loss: 2.1396, Acc: 35.35%  |  Val Loss: 2.1293, Acc: 35.84%  |  Time: 10.9s
  -> Best model saved (35.84%)
[Epoch 10] Summarizing hook timing...

[HOOK_TIMING_SUMMARY] epoch=10
[HOOK_WORK_SUMMARY] label=mpi:ring calls=624 work_total_ms=8886.416 work_mean_ms=14.241 work_min_ms=1.545 work_max_ms=141.086
[HOOK_TAIL_SUMMARY] label=mpi:ring steps=48 tail_total_ms=5780.975 tail_mean_ms=120.437 tail_min_ms=119.619 tail_max_ms=120.985
[Epoch 10] Hook timing summary done

[Epoch 11] Training... (lr=0.000750)
[Epoch 11] Train Loss: 2.1178, Acc: 36.52%  |  Val Loss: 2.1064, Acc: 38.48%  |  Time: 10.9s
  -> Best model saved (38.48%)
[Epoch 11] Summarizing hook timing...

[HOOK_TIMING_SUMMARY] epoch=11
[HOOK_WORK_SUMMARY] label=mpi:ring calls=624 work_total_ms=8896.659 work_mean_ms=14.257 work_min_ms=1.550 work_max_ms=141.248
[HOOK_TAIL_SUMMARY] label=mpi:ring steps=48 tail_total_ms=5790.106 tail_mean_ms=120.627 tail_min_ms=119.759 tail_max_ms=121.661
[Epoch 11] Hook timing summary done

[Epoch 12] Training... (lr=0.000655)
[Epoch 12] Train Loss: 2.1022, Acc: 38.15%  |  Val Loss: 2.0872, Acc: 41.60%  |  Time: 10.9s
  -> Best model saved (41.60%)
[Epoch 12] Summarizing hook timing...

[HOOK_TIMING_SUMMARY] epoch=12
[HOOK_WORK_SUMMARY] label=mpi:ring calls=624 work_total_ms=8891.790 work_mean_ms=14.250 work_min_ms=1.533 work_max_ms=141.248
[HOOK_TAIL_SUMMARY] label=mpi:ring steps=48 tail_total_ms=5797.538 tail_mean_ms=120.782 tail_min_ms=119.721 tail_max_ms=121.890
[Epoch 12] Hook timing summary done

[Epoch 13] Training... (lr=0.000552)
[Epoch 13] Train Loss: 2.0782, Acc: 41.68%  |  Val Loss: 2.0705, Acc: 42.24%  |  Time: 10.9s
  -> Best model saved (42.24%)
[Epoch 13] Summarizing hook timing...

[HOOK_TIMING_SUMMARY] epoch=13
[HOOK_WORK_SUMMARY] label=mpi:ring calls=624 work_total_ms=8858.070 work_mean_ms=14.196 work_min_ms=1.534 work_max_ms=140.594
[HOOK_TAIL_SUMMARY] label=mpi:ring steps=48 tail_total_ms=5766.610 tail_mean_ms=120.138 tail_min_ms=119.287 tail_max_ms=120.687
[Epoch 13] Hook timing summary done

[Epoch 14] Training... (lr=0.000448)
[Epoch 14] Train Loss: 2.0672, Acc: 42.45%  |  Val Loss: 2.0503, Acc: 44.56%  |  Time: 10.9s
  -> Best model saved (44.56%)
[Epoch 14] Summarizing hook timing...

[HOOK_TIMING_SUMMARY] epoch=14
[HOOK_WORK_SUMMARY] label=mpi:ring calls=624 work_total_ms=8856.886 work_mean_ms=14.194 work_min_ms=1.510 work_max_ms=140.417
[HOOK_TAIL_SUMMARY] label=mpi:ring steps=48 tail_total_ms=5769.076 tail_mean_ms=120.189 tail_min_ms=119.452 tail_max_ms=121.092
[Epoch 14] Hook timing summary done

[Epoch 15] Training... (lr=0.000345)
[Epoch 15] Train Loss: 2.0486, Acc: 44.73%  |  Val Loss: 2.0446, Acc: 44.32%  |  Time: 10.9s
[Epoch 15] Summarizing hook timing...

[HOOK_TIMING_SUMMARY] epoch=15
[HOOK_WORK_SUMMARY] label=mpi:ring calls=624 work_total_ms=8864.569 work_mean_ms=14.206 work_min_ms=1.537 work_max_ms=140.742
[HOOK_TAIL_SUMMARY] label=mpi:ring steps=48 tail_total_ms=5770.743 tail_mean_ms=120.224 tail_min_ms=119.564 tail_max_ms=121.154
[Epoch 15] Hook timing summary done

[Epoch 16] Training... (lr=0.000250)
[Epoch 16] Train Loss: 2.0394, Acc: 44.89%  |  Val Loss: 2.0337, Acc: 45.04%  |  Time: 10.9s
  -> Best model saved (45.04%)
[Epoch 16] Summarizing hook timing...

[HOOK_TIMING_SUMMARY] epoch=16
[HOOK_WORK_SUMMARY] label=mpi:ring calls=624 work_total_ms=8887.738 work_mean_ms=14.243 work_min_ms=1.496 work_max_ms=140.797
[HOOK_TAIL_SUMMARY] label=mpi:ring steps=48 tail_total_ms=5781.190 tail_mean_ms=120.441 tail_min_ms=119.643 tail_max_ms=121.196
[Epoch 16] Hook timing summary done

[Epoch 17] Training... (lr=0.000165)
[Epoch 17] Train Loss: 2.0309, Acc: 46.60%  |  Val Loss: 2.0294, Acc: 45.84%  |  Time: 10.9s
  -> Best model saved (45.84%)
[Epoch 17] Summarizing hook timing...

[HOOK_TIMING_SUMMARY] epoch=17
[HOOK_WORK_SUMMARY] label=mpi:ring calls=624 work_total_ms=8866.741 work_mean_ms=14.210 work_min_ms=1.535 work_max_ms=140.814
[HOOK_TAIL_SUMMARY] label=mpi:ring steps=48 tail_total_ms=5769.020 tail_mean_ms=120.188 tail_min_ms=119.439 tail_max_ms=121.387
[Epoch 17] Hook timing summary done

[Epoch 18] Training... (lr=0.000095)
[Epoch 18] Train Loss: 2.0377, Acc: 45.56%  |  Val Loss: 2.0262, Acc: 46.00%  |  Time: 10.9s
  -> Best model saved (46.00%)
[Epoch 18] Summarizing hook timing...

[HOOK_TIMING_SUMMARY] epoch=18
[HOOK_WORK_SUMMARY] label=mpi:ring calls=624 work_total_ms=8854.001 work_mean_ms=14.189 work_min_ms=1.538 work_max_ms=140.927
[HOOK_TAIL_SUMMARY] label=mpi:ring steps=48 tail_total_ms=5757.546 tail_mean_ms=119.949 tail_min_ms=119.097 tail_max_ms=121.017
[Epoch 18] Hook timing summary done

[Epoch 19] Training... (lr=0.000043)
[Epoch 19] Train Loss: 2.0292, Acc: 46.21%  |  Val Loss: 2.0264, Acc: 46.64%  |  Time: 10.9s
  -> Best model saved (46.64%)
[Epoch 19] Summarizing hook timing...

[HOOK_TIMING_SUMMARY] epoch=19
[HOOK_WORK_SUMMARY] label=mpi:ring calls=624 work_total_ms=8851.763 work_mean_ms=14.186 work_min_ms=1.525 work_max_ms=140.960
[HOOK_TAIL_SUMMARY] label=mpi:ring steps=48 tail_total_ms=5755.578 tail_mean_ms=119.908 tail_min_ms=119.157 tail_max_ms=120.650
[Epoch 19] Hook timing summary done

[Epoch 20] Training... (lr=0.000011)
[Epoch 20] Train Loss: 2.0300, Acc: 45.95%  |  Val Loss: 2.0253, Acc: 46.16%  |  Time: 10.9s
[Epoch 20] Summarizing hook timing...

[HOOK_TIMING_SUMMARY] epoch=20
[HOOK_WORK_SUMMARY] label=mpi:ring calls=624 work_total_ms=8917.138 work_mean_ms=14.290 work_min_ms=1.561 work_max_ms=142.056
[HOOK_TAIL_SUMMARY] label=mpi:ring steps=48 tail_total_ms=5817.201 tail_mean_ms=121.192 tail_min_ms=119.028 tail_max_ms=122.154
[Epoch 20] Hook timing summary done

================================================================================
Done in 240.8s | Best val acc: 46.64%
Epoch times: mean=11.0s  min=10.9s  max=12.8s
================================================================================
