
================================================================================
Distributed Training: RESNEXT101_32X8D on CIFAR10
Backend: MPI, Algorithm: recursive_doubling_zfp_naive
================================================================================
Ranks: 8, Epochs: 20, Batch/rank: 128, Effective batch: 1024
LR: 0.001, Device: cuda:0

[Setup] Model on cuda:0, wrapped in DDP (static_graph=True)
[Setup] Hook registered: mpi/recursive_doubling_zfp_naive
[Data] Train batches: 48, Val batches: 10


[Epoch 1] Training... (lr=0.000001)
[Epoch 1] Train Loss: 2.3194, Acc: 10.50%  |  Val Loss: 2.3229, Acc: 11.04%  |  Time: 13.9s
  -> Best model saved (11.04%)
[Epoch 1] Summarizing hook timing...

[HOOK_TIMING_SUMMARY] epoch=1
[HOOK_WORK_SUMMARY] label=mpi:recursive_doubling_zfp_naive:rate16 calls=600 work_total_ms=9700.974 work_mean_ms=16.168 work_min_ms=1.352 work_max_ms=143.901
[HOOK_TAIL_SUMMARY] label=mpi:recursive_doubling_zfp_naive:rate16 steps=49 tail_total_ms=7013.229 tail_mean_ms=143.127 tail_min_ms=129.833 tail_max_ms=184.413
[Epoch 1] Hook timing summary done

[Epoch 2] Training... (lr=0.000201)
[Epoch 2] Train Loss: 2.3113, Acc: 11.31%  |  Val Loss: 2.3158, Acc: 11.44%  |  Time: 11.9s
  -> Best model saved (11.44%)
[Epoch 2] Summarizing hook timing...

[HOOK_TIMING_SUMMARY] epoch=2
[HOOK_WORK_SUMMARY] label=mpi:recursive_doubling_zfp_naive:rate16 calls=624 work_total_ms=9838.552 work_mean_ms=15.767 work_min_ms=1.293 work_max_ms=141.370
[HOOK_TAIL_SUMMARY] label=mpi:recursive_doubling_zfp_naive:rate16 steps=48 tail_total_ms=6798.360 tail_mean_ms=141.633 tail_min_ms=139.394 tail_max_ms=143.665
[Epoch 2] Hook timing summary done

[Epoch 3] Training... (lr=0.000401)
[Epoch 3] Train Loss: 2.3051, Acc: 11.88%  |  Val Loss: 2.3052, Acc: 12.40%  |  Time: 11.9s
  -> Best model saved (12.40%)
[Epoch 3] Summarizing hook timing...

[HOOK_TIMING_SUMMARY] epoch=3
[HOOK_WORK_SUMMARY] label=mpi:recursive_doubling_zfp_naive:rate16 calls=624 work_total_ms=9862.127 work_mean_ms=15.805 work_min_ms=1.359 work_max_ms=141.608
[HOOK_TAIL_SUMMARY] label=mpi:recursive_doubling_zfp_naive:rate16 steps=48 tail_total_ms=6796.972 tail_mean_ms=141.604 tail_min_ms=140.532 tail_max_ms=143.051
[Epoch 3] Hook timing summary done

[Epoch 4] Training... (lr=0.000600)
[Epoch 4] Train Loss: 2.2879, Acc: 13.83%  |  Val Loss: 2.2880, Acc: 14.00%  |  Time: 11.9s
  -> Best model saved (14.00%)
[Epoch 4] Summarizing hook timing...

[HOOK_TIMING_SUMMARY] epoch=4
[HOOK_WORK_SUMMARY] label=mpi:recursive_doubling_zfp_naive:rate16 calls=624 work_total_ms=9859.961 work_mean_ms=15.801 work_min_ms=1.326 work_max_ms=141.259
[HOOK_TAIL_SUMMARY] label=mpi:recursive_doubling_zfp_naive:rate16 steps=48 tail_total_ms=6789.957 tail_mean_ms=141.457 tail_min_ms=140.072 tail_max_ms=143.518
[Epoch 4] Hook timing summary done

[Epoch 5] Training... (lr=0.000800)
[Epoch 5] Train Loss: 2.2696, Acc: 16.08%  |  Val Loss: 2.2649, Acc: 16.72%  |  Time: 11.9s
  -> Best model saved (16.72%)
[Epoch 5] Summarizing hook timing...

[HOOK_TIMING_SUMMARY] epoch=5
[HOOK_WORK_SUMMARY] label=mpi:recursive_doubling_zfp_naive:rate16 calls=624 work_total_ms=9856.846 work_mean_ms=15.796 work_min_ms=1.333 work_max_ms=141.591
[HOOK_TAIL_SUMMARY] label=mpi:recursive_doubling_zfp_naive:rate16 steps=48 tail_total_ms=6798.997 tail_mean_ms=141.646 tail_min_ms=140.494 tail_max_ms=143.955
[Epoch 5] Hook timing summary done

[Epoch 6] Training... (lr=0.001000)
[Epoch 6] Train Loss: 2.2468, Acc: 18.65%  |  Val Loss: 2.2359, Acc: 20.40%  |  Time: 11.9s
  -> Best model saved (20.40%)
[Epoch 6] Summarizing hook timing...

[HOOK_TIMING_SUMMARY] epoch=6
[HOOK_WORK_SUMMARY] label=mpi:recursive_doubling_zfp_naive:rate16 calls=624 work_total_ms=9841.687 work_mean_ms=15.772 work_min_ms=1.329 work_max_ms=140.794
[HOOK_TAIL_SUMMARY] label=mpi:recursive_doubling_zfp_naive:rate16 steps=48 tail_total_ms=6788.579 tail_mean_ms=141.429 tail_min_ms=140.381 tail_max_ms=143.532
[Epoch 6] Hook timing summary done

[Epoch 7] Training... (lr=0.000989)
[Epoch 7] Train Loss: 2.2212, Acc: 23.08%  |  Val Loss: 2.2082, Acc: 25.36%  |  Time: 11.9s
  -> Best model saved (25.36%)
[Epoch 7] Summarizing hook timing...

[HOOK_TIMING_SUMMARY] epoch=7
[HOOK_WORK_SUMMARY] label=mpi:recursive_doubling_zfp_naive:rate16 calls=624 work_total_ms=9844.670 work_mean_ms=15.777 work_min_ms=1.296 work_max_ms=141.135
[HOOK_TAIL_SUMMARY] label=mpi:recursive_doubling_zfp_naive:rate16 steps=48 tail_total_ms=6784.245 tail_mean_ms=141.338 tail_min_ms=140.513 tail_max_ms=142.965
[Epoch 7] Hook timing summary done

[Epoch 8] Training... (lr=0.000957)
[Epoch 8] Train Loss: 2.1944, Acc: 26.89%  |  Val Loss: 2.1807, Acc: 29.12%  |  Time: 11.9s
  -> Best model saved (29.12%)
[Epoch 8] Summarizing hook timing...

[HOOK_TIMING_SUMMARY] epoch=8
[HOOK_WORK_SUMMARY] label=mpi:recursive_doubling_zfp_naive:rate16 calls=624 work_total_ms=9827.496 work_mean_ms=15.749 work_min_ms=1.353 work_max_ms=141.157
[HOOK_TAIL_SUMMARY] label=mpi:recursive_doubling_zfp_naive:rate16 steps=48 tail_total_ms=6772.433 tail_mean_ms=141.092 tail_min_ms=139.929 tail_max_ms=143.015
[Epoch 8] Hook timing summary done

[Epoch 9] Training... (lr=0.000905)
[Epoch 9] Train Loss: 2.1672, Acc: 30.78%  |  Val Loss: 2.1518, Acc: 33.68%  |  Time: 11.9s
  -> Best model saved (33.68%)
[Epoch 9] Summarizing hook timing...

[HOOK_TIMING_SUMMARY] epoch=9
[HOOK_WORK_SUMMARY] label=mpi:recursive_doubling_zfp_naive:rate16 calls=624 work_total_ms=9890.582 work_mean_ms=15.850 work_min_ms=1.304 work_max_ms=142.141
[HOOK_TAIL_SUMMARY] label=mpi:recursive_doubling_zfp_naive:rate16 steps=48 tail_total_ms=6817.930 tail_mean_ms=142.040 tail_min_ms=140.964 tail_max_ms=144.047
[Epoch 9] Hook timing summary done

[Epoch 10] Training... (lr=0.000835)
[Epoch 10] Train Loss: 2.1396, Acc: 35.16%  |  Val Loss: 2.1294, Acc: 35.76%  |  Time: 11.9s
  -> Best model saved (35.76%)
[Epoch 10] Summarizing hook timing...

[HOOK_TIMING_SUMMARY] epoch=10
[HOOK_WORK_SUMMARY] label=mpi:recursive_doubling_zfp_naive:rate16 calls=624 work_total_ms=9865.027 work_mean_ms=15.809 work_min_ms=1.276 work_max_ms=143.213
[HOOK_TAIL_SUMMARY] label=mpi:recursive_doubling_zfp_naive:rate16 steps=48 tail_total_ms=6799.530 tail_mean_ms=141.657 tail_min_ms=140.141 tail_max_ms=145.401
[Epoch 10] Hook timing summary done

[Epoch 11] Training... (lr=0.000750)
[Epoch 11] Train Loss: 2.1180, Acc: 36.62%  |  Val Loss: 2.1066, Acc: 38.24%  |  Time: 12.0s
  -> Best model saved (38.24%)
[Epoch 11] Summarizing hook timing...

[HOOK_TIMING_SUMMARY] epoch=11
[HOOK_WORK_SUMMARY] label=mpi:recursive_doubling_zfp_naive:rate16 calls=624 work_total_ms=9882.705 work_mean_ms=15.838 work_min_ms=1.355 work_max_ms=141.652
[HOOK_TAIL_SUMMARY] label=mpi:recursive_doubling_zfp_naive:rate16 steps=48 tail_total_ms=6806.215 tail_mean_ms=141.796 tail_min_ms=140.679 tail_max_ms=143.386
[Epoch 11] Hook timing summary done

[Epoch 12] Training... (lr=0.000655)
[Epoch 12] Train Loss: 2.1023, Acc: 38.20%  |  Val Loss: 2.0874, Acc: 41.60%  |  Time: 11.9s
  -> Best model saved (41.60%)
[Epoch 12] Summarizing hook timing...

[HOOK_TIMING_SUMMARY] epoch=12
[HOOK_WORK_SUMMARY] label=mpi:recursive_doubling_zfp_naive:rate16 calls=624 work_total_ms=9879.868 work_mean_ms=15.833 work_min_ms=1.325 work_max_ms=141.983
[HOOK_TAIL_SUMMARY] label=mpi:recursive_doubling_zfp_naive:rate16 steps=48 tail_total_ms=6805.295 tail_mean_ms=141.777 tail_min_ms=140.670 tail_max_ms=143.436
[Epoch 12] Hook timing summary done

[Epoch 13] Training... (lr=0.000552)
[Epoch 13] Train Loss: 2.0783, Acc: 41.62%  |  Val Loss: 2.0706, Acc: 42.24%  |  Time: 12.0s
  -> Best model saved (42.24%)
[Epoch 13] Summarizing hook timing...

[HOOK_TIMING_SUMMARY] epoch=13
[HOOK_WORK_SUMMARY] label=mpi:recursive_doubling_zfp_naive:rate16 calls=624 work_total_ms=9890.628 work_mean_ms=15.850 work_min_ms=1.327 work_max_ms=141.736
[HOOK_TAIL_SUMMARY] label=mpi:recursive_doubling_zfp_naive:rate16 steps=48 tail_total_ms=6815.172 tail_mean_ms=141.983 tail_min_ms=140.819 tail_max_ms=143.560
[Epoch 13] Hook timing summary done

[Epoch 14] Training... (lr=0.000448)
[Epoch 14] Train Loss: 2.0674, Acc: 42.29%  |  Val Loss: 2.0505, Acc: 44.40%  |  Time: 11.9s
  -> Best model saved (44.40%)
[Epoch 14] Summarizing hook timing...

[HOOK_TIMING_SUMMARY] epoch=14
[HOOK_WORK_SUMMARY] label=mpi:recursive_doubling_zfp_naive:rate16 calls=624 work_total_ms=9875.335 work_mean_ms=15.826 work_min_ms=1.362 work_max_ms=141.713
[HOOK_TAIL_SUMMARY] label=mpi:recursive_doubling_zfp_naive:rate16 steps=48 tail_total_ms=6806.445 tail_mean_ms=141.801 tail_min_ms=140.016 tail_max_ms=144.936
[Epoch 14] Hook timing summary done

[Epoch 15] Training... (lr=0.000345)
[Epoch 15] Train Loss: 2.0488, Acc: 44.74%  |  Val Loss: 2.0448, Acc: 44.48%  |  Time: 11.9s
  -> Best model saved (44.48%)
[Epoch 15] Summarizing hook timing...

[HOOK_TIMING_SUMMARY] epoch=15
[HOOK_WORK_SUMMARY] label=mpi:recursive_doubling_zfp_naive:rate16 calls=624 work_total_ms=9809.545 work_mean_ms=15.720 work_min_ms=1.310 work_max_ms=140.128
[HOOK_TAIL_SUMMARY] label=mpi:recursive_doubling_zfp_naive:rate16 steps=48 tail_total_ms=6765.668 tail_mean_ms=140.951 tail_min_ms=140.016 tail_max_ms=142.460
[Epoch 15] Hook timing summary done

[Epoch 16] Training... (lr=0.000250)
[Epoch 16] Train Loss: 2.0397, Acc: 44.79%  |  Val Loss: 2.0339, Acc: 45.12%  |  Time: 11.9s
  -> Best model saved (45.12%)
[Epoch 16] Summarizing hook timing...

[HOOK_TIMING_SUMMARY] epoch=16
[HOOK_WORK_SUMMARY] label=mpi:recursive_doubling_zfp_naive:rate16 calls=624 work_total_ms=9860.141 work_mean_ms=15.802 work_min_ms=1.351 work_max_ms=141.487
[HOOK_TAIL_SUMMARY] label=mpi:recursive_doubling_zfp_naive:rate16 steps=48 tail_total_ms=6782.219 tail_mean_ms=141.296 tail_min_ms=139.926 tail_max_ms=142.764
[Epoch 16] Hook timing summary done

[Epoch 17] Training... (lr=0.000165)
[Epoch 17] Train Loss: 2.0310, Acc: 46.45%  |  Val Loss: 2.0295, Acc: 45.84%  |  Time: 11.9s
  -> Best model saved (45.84%)
[Epoch 17] Summarizing hook timing...

[HOOK_TIMING_SUMMARY] epoch=17
[HOOK_WORK_SUMMARY] label=mpi:recursive_doubling_zfp_naive:rate16 calls=624 work_total_ms=9824.693 work_mean_ms=15.745 work_min_ms=1.344 work_max_ms=140.779
[HOOK_TAIL_SUMMARY] label=mpi:recursive_doubling_zfp_naive:rate16 steps=48 tail_total_ms=6770.881 tail_mean_ms=141.060 tail_min_ms=139.752 tail_max_ms=143.046
[Epoch 17] Hook timing summary done

[Epoch 18] Training... (lr=0.000095)
[Epoch 18] Train Loss: 2.0379, Acc: 45.46%  |  Val Loss: 2.0263, Acc: 45.76%  |  Time: 11.9s
[Epoch 18] Summarizing hook timing...

[HOOK_TIMING_SUMMARY] epoch=18
[HOOK_WORK_SUMMARY] label=mpi:recursive_doubling_zfp_naive:rate16 calls=624 work_total_ms=9826.903 work_mean_ms=15.748 work_min_ms=1.339 work_max_ms=140.785
[HOOK_TAIL_SUMMARY] label=mpi:recursive_doubling_zfp_naive:rate16 steps=48 tail_total_ms=6766.966 tail_mean_ms=140.978 tail_min_ms=140.048 tail_max_ms=142.396
[Epoch 18] Hook timing summary done

[Epoch 19] Training... (lr=0.000043)
[Epoch 19] Train Loss: 2.0294, Acc: 46.13%  |  Val Loss: 2.0264, Acc: 46.72%  |  Time: 12.0s
  -> Best model saved (46.72%)
[Epoch 19] Summarizing hook timing...

[HOOK_TIMING_SUMMARY] epoch=19
[HOOK_WORK_SUMMARY] label=mpi:recursive_doubling_zfp_naive:rate16 calls=624 work_total_ms=9872.963 work_mean_ms=15.822 work_min_ms=1.364 work_max_ms=163.928
[HOOK_TAIL_SUMMARY] label=mpi:recursive_doubling_zfp_naive:rate16 steps=48 tail_total_ms=6812.899 tail_mean_ms=141.935 tail_min_ms=140.038 tail_max_ms=170.356
[Epoch 19] Hook timing summary done

[Epoch 20] Training... (lr=0.000011)
[Epoch 20] Train Loss: 2.0302, Acc: 45.80%  |  Val Loss: 2.0254, Acc: 46.00%  |  Time: 11.9s
[Epoch 20] Summarizing hook timing...

[HOOK_TIMING_SUMMARY] epoch=20
[HOOK_WORK_SUMMARY] label=mpi:recursive_doubling_zfp_naive:rate16 calls=624 work_total_ms=9888.959 work_mean_ms=15.848 work_min_ms=1.358 work_max_ms=141.823
[HOOK_TAIL_SUMMARY] label=mpi:recursive_doubling_zfp_naive:rate16 steps=48 tail_total_ms=6816.279 tail_mean_ms=142.006 tail_min_ms=140.930 tail_max_ms=143.391
[Epoch 20] Hook timing summary done

================================================================================
Done in 260.9s | Best val acc: 46.72%
Epoch times: mean=12.0s  min=11.9s  max=13.9s
================================================================================
