
================================================================================
Distributed Training: RESNEXT101_32X8D on CIFAR10
Backend: MPI, Algorithm: ring_zfp_naive
================================================================================
Ranks: 8, Epochs: 20, Batch/rank: 128, Effective batch: 1024
LR: 0.001, Device: cuda:0

[Setup] Model on cuda:0, wrapped in DDP (static_graph=True)
[Setup] Hook registered: mpi/ring_zfp_naive
[Data] Train batches: 48, Val batches: 10


[Epoch 1] Training... (lr=0.000001)
[Epoch 1] Train Loss: 2.3194, Acc: 10.50%  |  Val Loss: 2.3229, Acc: 11.12%  |  Time: 14.9s
  -> Best model saved (11.12%)
[Epoch 1] Summarizing hook timing...

[HOOK_TIMING_SUMMARY] epoch=1
[HOOK_WORK_SUMMARY] label=mpi:ring_zfp_naive:rate16 calls=600 work_total_ms=10643.805 work_mean_ms=17.740 work_min_ms=5.026 work_max_ms=155.045
[HOOK_TAIL_SUMMARY] label=mpi:ring_zfp_naive:rate16 steps=49 tail_total_ms=7960.473 tail_mean_ms=162.459 tail_min_ms=108.342 tail_max_ms=209.880
[Epoch 1] Hook timing summary done

[Epoch 2] Training... (lr=0.000201)
[Epoch 2] Train Loss: 2.3113, Acc: 11.31%  |  Val Loss: 2.3158, Acc: 11.44%  |  Time: 12.9s
  -> Best model saved (11.44%)
[Epoch 2] Summarizing hook timing...

[HOOK_TIMING_SUMMARY] epoch=2
[HOOK_WORK_SUMMARY] label=mpi:ring_zfp_naive:rate16 calls=624 work_total_ms=10820.108 work_mean_ms=17.340 work_min_ms=5.087 work_max_ms=145.414
[HOOK_TAIL_SUMMARY] label=mpi:ring_zfp_naive:rate16 steps=48 tail_total_ms=7767.326 tail_mean_ms=161.819 tail_min_ms=160.868 tail_max_ms=163.032
[Epoch 2] Hook timing summary done

[Epoch 3] Training... (lr=0.000401)
[Epoch 3] Train Loss: 2.3051, Acc: 11.83%  |  Val Loss: 2.3052, Acc: 12.32%  |  Time: 13.0s
  -> Best model saved (12.32%)
[Epoch 3] Summarizing hook timing...

[HOOK_TIMING_SUMMARY] epoch=3
[HOOK_WORK_SUMMARY] label=mpi:ring_zfp_naive:rate16 calls=624 work_total_ms=10868.059 work_mean_ms=17.417 work_min_ms=4.996 work_max_ms=145.441
[HOOK_TAIL_SUMMARY] label=mpi:ring_zfp_naive:rate16 steps=48 tail_total_ms=7799.785 tail_mean_ms=162.496 tail_min_ms=160.641 tail_max_ms=186.450
[Epoch 3] Hook timing summary done

[Epoch 4] Training... (lr=0.000600)
[Epoch 4] Train Loss: 2.2879, Acc: 13.82%  |  Val Loss: 2.2880, Acc: 14.00%  |  Time: 12.9s
  -> Best model saved (14.00%)
[Epoch 4] Summarizing hook timing...

[HOOK_TIMING_SUMMARY] epoch=4
[HOOK_WORK_SUMMARY] label=mpi:ring_zfp_naive:rate16 calls=624 work_total_ms=10857.922 work_mean_ms=17.401 work_min_ms=5.013 work_max_ms=145.919
[HOOK_TAIL_SUMMARY] label=mpi:ring_zfp_naive:rate16 steps=48 tail_total_ms=7781.062 tail_mean_ms=162.105 tail_min_ms=161.284 tail_max_ms=167.445
[Epoch 4] Hook timing summary done

[Epoch 5] Training... (lr=0.000800)
[Epoch 5] Train Loss: 2.2695, Acc: 16.15%  |  Val Loss: 2.2649, Acc: 16.88%  |  Time: 12.9s
  -> Best model saved (16.88%)
[Epoch 5] Summarizing hook timing...

[HOOK_TIMING_SUMMARY] epoch=5
[HOOK_WORK_SUMMARY] label=mpi:ring_zfp_naive:rate16 calls=624 work_total_ms=10835.138 work_mean_ms=17.364 work_min_ms=5.081 work_max_ms=145.019
[HOOK_TAIL_SUMMARY] label=mpi:ring_zfp_naive:rate16 steps=48 tail_total_ms=7774.377 tail_mean_ms=161.966 tail_min_ms=161.115 tail_max_ms=164.032
[Epoch 5] Hook timing summary done

[Epoch 6] Training... (lr=0.001000)
[Epoch 6] Train Loss: 2.2467, Acc: 18.57%  |  Val Loss: 2.2360, Acc: 20.40%  |  Time: 13.0s
  -> Best model saved (20.40%)
[Epoch 6] Summarizing hook timing...

[HOOK_TIMING_SUMMARY] epoch=6
[HOOK_WORK_SUMMARY] label=mpi:ring_zfp_naive:rate16 calls=624 work_total_ms=10863.950 work_mean_ms=17.410 work_min_ms=4.999 work_max_ms=145.575
[HOOK_TAIL_SUMMARY] label=mpi:ring_zfp_naive:rate16 steps=48 tail_total_ms=7800.895 tail_mean_ms=162.519 tail_min_ms=160.974 tail_max_ms=179.651
[Epoch 6] Hook timing summary done

[Epoch 7] Training... (lr=0.000989)
[Epoch 7] Train Loss: 2.2212, Acc: 23.00%  |  Val Loss: 2.2082, Acc: 25.60%  |  Time: 12.9s
  -> Best model saved (25.60%)
[Epoch 7] Summarizing hook timing...

[HOOK_TIMING_SUMMARY] epoch=7
[HOOK_WORK_SUMMARY] label=mpi:ring_zfp_naive:rate16 calls=624 work_total_ms=10857.451 work_mean_ms=17.400 work_min_ms=5.029 work_max_ms=151.541
[HOOK_TAIL_SUMMARY] label=mpi:ring_zfp_naive:rate16 steps=48 tail_total_ms=7786.795 tail_mean_ms=162.225 tail_min_ms=161.221 tail_max_ms=169.255
[Epoch 7] Hook timing summary done

[Epoch 8] Training... (lr=0.000957)
[Epoch 8] Train Loss: 2.1944, Acc: 26.82%  |  Val Loss: 2.1807, Acc: 28.96%  |  Time: 13.0s
  -> Best model saved (28.96%)
[Epoch 8] Summarizing hook timing...

[HOOK_TIMING_SUMMARY] epoch=8
[HOOK_WORK_SUMMARY] label=mpi:ring_zfp_naive:rate16 calls=624 work_total_ms=10880.048 work_mean_ms=17.436 work_min_ms=5.083 work_max_ms=145.960
[HOOK_TAIL_SUMMARY] label=mpi:ring_zfp_naive:rate16 steps=48 tail_total_ms=7818.609 tail_mean_ms=162.888 tail_min_ms=161.475 tail_max_ms=177.300
[Epoch 8] Hook timing summary done

[Epoch 9] Training... (lr=0.000905)
[Epoch 9] Train Loss: 2.1671, Acc: 30.75%  |  Val Loss: 2.1517, Acc: 33.92%  |  Time: 12.9s
  -> Best model saved (33.92%)
[Epoch 9] Summarizing hook timing...

[HOOK_TIMING_SUMMARY] epoch=9
[HOOK_WORK_SUMMARY] label=mpi:ring_zfp_naive:rate16 calls=624 work_total_ms=10834.382 work_mean_ms=17.363 work_min_ms=4.956 work_max_ms=144.890
[HOOK_TAIL_SUMMARY] label=mpi:ring_zfp_naive:rate16 steps=48 tail_total_ms=7765.168 tail_mean_ms=161.774 tail_min_ms=160.464 tail_max_ms=180.772
[Epoch 9] Hook timing summary done

[Epoch 10] Training... (lr=0.000835)
[Epoch 10] Train Loss: 2.1395, Acc: 35.35%  |  Val Loss: 2.1291, Acc: 35.92%  |  Time: 12.9s
  -> Best model saved (35.92%)
[Epoch 10] Summarizing hook timing...

[HOOK_TIMING_SUMMARY] epoch=10
[HOOK_WORK_SUMMARY] label=mpi:ring_zfp_naive:rate16 calls=624 work_total_ms=10834.697 work_mean_ms=17.363 work_min_ms=5.042 work_max_ms=145.036
[HOOK_TAIL_SUMMARY] label=mpi:ring_zfp_naive:rate16 steps=48 tail_total_ms=7771.197 tail_mean_ms=161.900 tail_min_ms=160.991 tail_max_ms=163.877
[Epoch 10] Hook timing summary done

[Epoch 11] Training... (lr=0.000750)
[Epoch 11] Train Loss: 2.1178, Acc: 36.65%  |  Val Loss: 2.1064, Acc: 38.48%  |  Time: 12.9s
  -> Best model saved (38.48%)
[Epoch 11] Summarizing hook timing...

[HOOK_TIMING_SUMMARY] epoch=11
[HOOK_WORK_SUMMARY] label=mpi:ring_zfp_naive:rate16 calls=624 work_total_ms=10826.856 work_mean_ms=17.351 work_min_ms=4.981 work_max_ms=145.171
[HOOK_TAIL_SUMMARY] label=mpi:ring_zfp_naive:rate16 steps=48 tail_total_ms=7761.450 tail_mean_ms=161.697 tail_min_ms=160.762 tail_max_ms=163.410
[Epoch 11] Hook timing summary done

[Epoch 12] Training... (lr=0.000655)
[Epoch 12] Train Loss: 2.1022, Acc: 38.17%  |  Val Loss: 2.0872, Acc: 41.76%  |  Time: 12.9s
  -> Best model saved (41.76%)
[Epoch 12] Summarizing hook timing...

[HOOK_TIMING_SUMMARY] epoch=12
[HOOK_WORK_SUMMARY] label=mpi:ring_zfp_naive:rate16 calls=624 work_total_ms=10869.444 work_mean_ms=17.419 work_min_ms=4.996 work_max_ms=146.788
[HOOK_TAIL_SUMMARY] label=mpi:ring_zfp_naive:rate16 steps=48 tail_total_ms=7801.772 tail_mean_ms=162.537 tail_min_ms=161.143 tail_max_ms=178.405
[Epoch 12] Hook timing summary done

[Epoch 13] Training... (lr=0.000552)
[Epoch 13] Train Loss: 2.0782, Acc: 41.67%  |  Val Loss: 2.0706, Acc: 42.16%  |  Time: 13.0s
  -> Best model saved (42.16%)
[Epoch 13] Summarizing hook timing...

[HOOK_TIMING_SUMMARY] epoch=13
[HOOK_WORK_SUMMARY] label=mpi:ring_zfp_naive:rate16 calls=624 work_total_ms=10878.304 work_mean_ms=17.433 work_min_ms=5.010 work_max_ms=145.648
[HOOK_TAIL_SUMMARY] label=mpi:ring_zfp_naive:rate16 steps=48 tail_total_ms=7803.731 tail_mean_ms=162.578 tail_min_ms=160.767 tail_max_ms=164.860
[Epoch 13] Hook timing summary done

[Epoch 14] Training... (lr=0.000448)
[Epoch 14] Train Loss: 2.0672, Acc: 42.40%  |  Val Loss: 2.0503, Acc: 44.72%  |  Time: 12.9s
  -> Best model saved (44.72%)
[Epoch 14] Summarizing hook timing...

[HOOK_TIMING_SUMMARY] epoch=14
[HOOK_WORK_SUMMARY] label=mpi:ring_zfp_naive:rate16 calls=624 work_total_ms=10853.964 work_mean_ms=17.394 work_min_ms=4.967 work_max_ms=145.645
[HOOK_TAIL_SUMMARY] label=mpi:ring_zfp_naive:rate16 steps=48 tail_total_ms=7775.223 tail_mean_ms=161.984 tail_min_ms=160.776 tail_max_ms=181.065
[Epoch 14] Hook timing summary done

[Epoch 15] Training... (lr=0.000345)
[Epoch 15] Train Loss: 2.0487, Acc: 44.74%  |  Val Loss: 2.0448, Acc: 44.24%  |  Time: 12.9s
[Epoch 15] Summarizing hook timing...

[HOOK_TIMING_SUMMARY] epoch=15
[HOOK_WORK_SUMMARY] label=mpi:ring_zfp_naive:rate16 calls=624 work_total_ms=10853.760 work_mean_ms=17.394 work_min_ms=5.020 work_max_ms=145.437
[HOOK_TAIL_SUMMARY] label=mpi:ring_zfp_naive:rate16 steps=48 tail_total_ms=7774.953 tail_mean_ms=161.978 tail_min_ms=160.932 tail_max_ms=168.459
[Epoch 15] Hook timing summary done

[Epoch 16] Training... (lr=0.000250)
[Epoch 16] Train Loss: 2.0395, Acc: 44.92%  |  Val Loss: 2.0338, Acc: 45.20%  |  Time: 13.0s
  -> Best model saved (45.20%)
[Epoch 16] Summarizing hook timing...

[HOOK_TIMING_SUMMARY] epoch=16
[HOOK_WORK_SUMMARY] label=mpi:ring_zfp_naive:rate16 calls=624 work_total_ms=10858.204 work_mean_ms=17.401 work_min_ms=5.047 work_max_ms=148.193
[HOOK_TAIL_SUMMARY] label=mpi:ring_zfp_naive:rate16 steps=48 tail_total_ms=7797.093 tail_mean_ms=162.439 tail_min_ms=161.035 tail_max_ms=176.362
[Epoch 16] Hook timing summary done

[Epoch 17] Training... (lr=0.000165)
[Epoch 17] Train Loss: 2.0309, Acc: 46.47%  |  Val Loss: 2.0295, Acc: 46.08%  |  Time: 12.9s
  -> Best model saved (46.08%)
[Epoch 17] Summarizing hook timing...

[HOOK_TIMING_SUMMARY] epoch=17
[HOOK_WORK_SUMMARY] label=mpi:ring_zfp_naive:rate16 calls=624 work_total_ms=10852.704 work_mean_ms=17.392 work_min_ms=4.976 work_max_ms=145.678
[HOOK_TAIL_SUMMARY] label=mpi:ring_zfp_naive:rate16 steps=48 tail_total_ms=7787.068 tail_mean_ms=162.231 tail_min_ms=161.138 tail_max_ms=163.995
[Epoch 17] Hook timing summary done

[Epoch 18] Training... (lr=0.000095)
[Epoch 18] Train Loss: 2.0377, Acc: 45.44%  |  Val Loss: 2.0263, Acc: 45.92%  |  Time: 12.9s
[Epoch 18] Summarizing hook timing...

[HOOK_TIMING_SUMMARY] epoch=18
[HOOK_WORK_SUMMARY] label=mpi:ring_zfp_naive:rate16 calls=624 work_total_ms=10848.236 work_mean_ms=17.385 work_min_ms=4.975 work_max_ms=149.912
[HOOK_TAIL_SUMMARY] label=mpi:ring_zfp_naive:rate16 steps=48 tail_total_ms=7789.758 tail_mean_ms=162.287 tail_min_ms=160.565 tail_max_ms=187.016
[Epoch 18] Hook timing summary done

[Epoch 19] Training... (lr=0.000043)
[Epoch 19] Train Loss: 2.0292, Acc: 46.04%  |  Val Loss: 2.0263, Acc: 46.56%  |  Time: 13.0s
  -> Best model saved (46.56%)
[Epoch 19] Summarizing hook timing...

[HOOK_TIMING_SUMMARY] epoch=19
[HOOK_WORK_SUMMARY] label=mpi:ring_zfp_naive:rate16 calls=624 work_total_ms=10912.392 work_mean_ms=17.488 work_min_ms=5.002 work_max_ms=145.626
[HOOK_TAIL_SUMMARY] label=mpi:ring_zfp_naive:rate16 steps=48 tail_total_ms=7835.341 tail_mean_ms=163.236 tail_min_ms=161.662 tail_max_ms=186.855
[Epoch 19] Hook timing summary done

[Epoch 20] Training... (lr=0.000011)
[Epoch 20] Train Loss: 2.0301, Acc: 45.83%  |  Val Loss: 2.0255, Acc: 46.16%  |  Time: 13.0s
[Epoch 20] Summarizing hook timing...

[HOOK_TIMING_SUMMARY] epoch=20
[HOOK_WORK_SUMMARY] label=mpi:ring_zfp_naive:rate16 calls=624 work_total_ms=10853.521 work_mean_ms=17.393 work_min_ms=5.096 work_max_ms=147.712
[HOOK_TAIL_SUMMARY] label=mpi:ring_zfp_naive:rate16 steps=48 tail_total_ms=7808.072 tail_mean_ms=162.668 tail_min_ms=160.829 tail_max_ms=185.247
[Epoch 20] Hook timing summary done

================================================================================
Done in 280.4s | Best val acc: 46.56%
Epoch times: mean=13.0s  min=12.9s  max=14.9s
================================================================================
