
================================================================================
Distributed Training: RESNEXT101_32X8D on CIFAR10
Backend: MPI, Algorithm: ring_zfp_online_coll
================================================================================
Ranks: 8, Epochs: 20, Batch/rank: 128, Effective batch: 1024
LR: 0.001, Device: cuda:0

[Setup] Model on cuda:0, wrapped in DDP (static_graph=True)
[Setup] Hook registered: mpi/ring_zfp_online_coll
[Data] Train batches: 48, Val batches: 10


[Epoch 1] Training... (lr=0.000001)
[Epoch 1] Train Loss: 2.3194, Acc: 10.50%  |  Val Loss: 2.3229, Acc: 11.04%  |  Time: 13.9s
  -> Best model saved (11.04%)
[Epoch 1] Summarizing hook timing...

[HOOK_TIMING_SUMMARY] epoch=1
[HOOK_WORK_SUMMARY] label=mpi:ring_zfp_online_coll:rate10 calls=600 work_total_ms=9592.920 work_mean_ms=15.988 work_min_ms=3.017 work_max_ms=141.772
[HOOK_TAIL_SUMMARY] label=mpi:ring_zfp_online_coll:rate10 steps=49 tail_total_ms=6906.199 tail_mean_ms=140.943 tail_min_ms=90.657 tail_max_ms=231.103
[Epoch 1] Hook timing summary done

[Epoch 2] Training... (lr=0.000201)
[Epoch 2] Train Loss: 2.3113, Acc: 11.33%  |  Val Loss: 2.3158, Acc: 11.52%  |  Time: 11.9s
  -> Best model saved (11.52%)
[Epoch 2] Summarizing hook timing...

[HOOK_TIMING_SUMMARY] epoch=2
[HOOK_WORK_SUMMARY] label=mpi:ring_zfp_online_coll:rate10 calls=624 work_total_ms=9827.337 work_mean_ms=15.749 work_min_ms=2.999 work_max_ms=142.976
[HOOK_TAIL_SUMMARY] label=mpi:ring_zfp_online_coll:rate10 steps=48 tail_total_ms=6766.916 tail_mean_ms=140.977 tail_min_ms=137.644 tail_max_ms=143.065
[Epoch 2] Hook timing summary done

[Epoch 3] Training... (lr=0.000401)
[Epoch 3] Train Loss: 2.3051, Acc: 11.82%  |  Val Loss: 2.3051, Acc: 12.32%  |  Time: 11.9s
  -> Best model saved (12.32%)
[Epoch 3] Summarizing hook timing...

[HOOK_TIMING_SUMMARY] epoch=3
[HOOK_WORK_SUMMARY] label=mpi:ring_zfp_online_coll:rate10 calls=624 work_total_ms=9863.151 work_mean_ms=15.806 work_min_ms=2.946 work_max_ms=143.049
[HOOK_TAIL_SUMMARY] label=mpi:ring_zfp_online_coll:rate10 steps=48 tail_total_ms=6781.163 tail_mean_ms=141.274 tail_min_ms=137.481 tail_max_ms=142.771
[Epoch 3] Hook timing summary done

[Epoch 4] Training... (lr=0.000600)
[Epoch 4] Train Loss: 2.2879, Acc: 13.77%  |  Val Loss: 2.2879, Acc: 14.00%  |  Time: 11.9s
  -> Best model saved (14.00%)
[Epoch 4] Summarizing hook timing...

[HOOK_TIMING_SUMMARY] epoch=4
[HOOK_WORK_SUMMARY] label=mpi:ring_zfp_online_coll:rate10 calls=624 work_total_ms=9824.786 work_mean_ms=15.745 work_min_ms=2.899 work_max_ms=142.442
[HOOK_TAIL_SUMMARY] label=mpi:ring_zfp_online_coll:rate10 steps=48 tail_total_ms=6765.259 tail_mean_ms=140.943 tail_min_ms=137.386 tail_max_ms=142.772
[Epoch 4] Hook timing summary done

[Epoch 5] Training... (lr=0.000800)
[Epoch 5] Train Loss: 2.2695, Acc: 16.16%  |  Val Loss: 2.2648, Acc: 16.80%  |  Time: 11.9s
  -> Best model saved (16.80%)
[Epoch 5] Summarizing hook timing...

[HOOK_TIMING_SUMMARY] epoch=5
[HOOK_WORK_SUMMARY] label=mpi:ring_zfp_online_coll:rate10 calls=624 work_total_ms=9842.551 work_mean_ms=15.773 work_min_ms=2.964 work_max_ms=144.506
[HOOK_TAIL_SUMMARY] label=mpi:ring_zfp_online_coll:rate10 steps=48 tail_total_ms=6764.791 tail_mean_ms=140.933 tail_min_ms=137.679 tail_max_ms=145.696
[Epoch 5] Hook timing summary done

[Epoch 6] Training... (lr=0.001000)
[Epoch 6] Train Loss: 2.2468, Acc: 18.70%  |  Val Loss: 2.2359, Acc: 20.48%  |  Time: 11.9s
  -> Best model saved (20.48%)
[Epoch 6] Summarizing hook timing...

[HOOK_TIMING_SUMMARY] epoch=6
[HOOK_WORK_SUMMARY] label=mpi:ring_zfp_online_coll:rate10 calls=624 work_total_ms=9836.754 work_mean_ms=15.764 work_min_ms=2.953 work_max_ms=142.143
[HOOK_TAIL_SUMMARY] label=mpi:ring_zfp_online_coll:rate10 steps=48 tail_total_ms=6773.388 tail_mean_ms=141.112 tail_min_ms=137.844 tail_max_ms=153.244
[Epoch 6] Hook timing summary done

[Epoch 7] Training... (lr=0.000989)
[Epoch 7] Train Loss: 2.2211, Acc: 23.01%  |  Val Loss: 2.2081, Acc: 25.76%  |  Time: 11.9s
  -> Best model saved (25.76%)
[Epoch 7] Summarizing hook timing...

[HOOK_TIMING_SUMMARY] epoch=7
[HOOK_WORK_SUMMARY] label=mpi:ring_zfp_online_coll:rate10 calls=624 work_total_ms=9854.495 work_mean_ms=15.792 work_min_ms=2.965 work_max_ms=142.535
[HOOK_TAIL_SUMMARY] label=mpi:ring_zfp_online_coll:rate10 steps=48 tail_total_ms=6774.128 tail_mean_ms=141.128 tail_min_ms=137.682 tail_max_ms=142.738
[Epoch 7] Hook timing summary done

[Epoch 8] Training... (lr=0.000957)
[Epoch 8] Train Loss: 2.1944, Acc: 26.82%  |  Val Loss: 2.1807, Acc: 29.20%  |  Time: 11.9s
  -> Best model saved (29.20%)
[Epoch 8] Summarizing hook timing...

[HOOK_TIMING_SUMMARY] epoch=8
[HOOK_WORK_SUMMARY] label=mpi:ring_zfp_online_coll:rate10 calls=624 work_total_ms=9799.645 work_mean_ms=15.705 work_min_ms=2.937 work_max_ms=141.966
[HOOK_TAIL_SUMMARY] label=mpi:ring_zfp_online_coll:rate10 steps=48 tail_total_ms=6744.863 tail_mean_ms=140.518 tail_min_ms=137.743 tail_max_ms=142.684
[Epoch 8] Hook timing summary done

[Epoch 9] Training... (lr=0.000905)
[Epoch 9] Train Loss: 2.1671, Acc: 30.89%  |  Val Loss: 2.1517, Acc: 33.84%  |  Time: 11.9s
  -> Best model saved (33.84%)
[Epoch 9] Summarizing hook timing...

[HOOK_TIMING_SUMMARY] epoch=9
[HOOK_WORK_SUMMARY] label=mpi:ring_zfp_online_coll:rate10 calls=624 work_total_ms=9839.351 work_mean_ms=15.768 work_min_ms=2.953 work_max_ms=142.360
[HOOK_TAIL_SUMMARY] label=mpi:ring_zfp_online_coll:rate10 steps=48 tail_total_ms=6777.088 tail_mean_ms=141.189 tail_min_ms=137.523 tail_max_ms=147.710
[Epoch 9] Hook timing summary done

[Epoch 10] Training... (lr=0.000835)
[Epoch 10] Train Loss: 2.1395, Acc: 35.19%  |  Val Loss: 2.1292, Acc: 35.76%  |  Time: 11.9s
  -> Best model saved (35.76%)
[Epoch 10] Summarizing hook timing...

[HOOK_TIMING_SUMMARY] epoch=10
[HOOK_WORK_SUMMARY] label=mpi:ring_zfp_online_coll:rate10 calls=624 work_total_ms=9823.950 work_mean_ms=15.744 work_min_ms=2.986 work_max_ms=142.469
[HOOK_TAIL_SUMMARY] label=mpi:ring_zfp_online_coll:rate10 steps=48 tail_total_ms=6745.939 tail_mean_ms=140.540 tail_min_ms=137.904 tail_max_ms=141.688
[Epoch 10] Hook timing summary done

[Epoch 11] Training... (lr=0.000750)
[Epoch 11] Train Loss: 2.1179, Acc: 36.70%  |  Val Loss: 2.1064, Acc: 38.32%  |  Time: 11.9s
  -> Best model saved (38.32%)
[Epoch 11] Summarizing hook timing...

[HOOK_TIMING_SUMMARY] epoch=11
[HOOK_WORK_SUMMARY] label=mpi:ring_zfp_online_coll:rate10 calls=624 work_total_ms=9805.204 work_mean_ms=15.713 work_min_ms=3.007 work_max_ms=141.724
[HOOK_TAIL_SUMMARY] label=mpi:ring_zfp_online_coll:rate10 steps=48 tail_total_ms=6750.131 tail_mean_ms=140.628 tail_min_ms=137.784 tail_max_ms=165.937
[Epoch 11] Hook timing summary done

[Epoch 12] Training... (lr=0.000655)
[Epoch 12] Train Loss: 2.1022, Acc: 38.20%  |  Val Loss: 2.0872, Acc: 41.68%  |  Time: 11.9s
  -> Best model saved (41.68%)
[Epoch 12] Summarizing hook timing...

[HOOK_TIMING_SUMMARY] epoch=12
[HOOK_WORK_SUMMARY] label=mpi:ring_zfp_online_coll:rate10 calls=624 work_total_ms=9843.501 work_mean_ms=15.775 work_min_ms=2.935 work_max_ms=142.731
[HOOK_TAIL_SUMMARY] label=mpi:ring_zfp_online_coll:rate10 steps=48 tail_total_ms=6772.461 tail_mean_ms=141.093 tail_min_ms=137.442 tail_max_ms=143.431
[Epoch 12] Hook timing summary done

[Epoch 13] Training... (lr=0.000552)
[Epoch 13] Train Loss: 2.0782, Acc: 41.80%  |  Val Loss: 2.0707, Acc: 42.24%  |  Time: 11.9s
  -> Best model saved (42.24%)
[Epoch 13] Summarizing hook timing...

[HOOK_TIMING_SUMMARY] epoch=13
[HOOK_WORK_SUMMARY] label=mpi:ring_zfp_online_coll:rate10 calls=624 work_total_ms=9872.596 work_mean_ms=15.821 work_min_ms=2.961 work_max_ms=145.499
[HOOK_TAIL_SUMMARY] label=mpi:ring_zfp_online_coll:rate10 steps=48 tail_total_ms=6796.079 tail_mean_ms=141.585 tail_min_ms=138.273 tail_max_ms=145.429
[Epoch 13] Hook timing summary done

[Epoch 14] Training... (lr=0.000448)
[Epoch 14] Train Loss: 2.0672, Acc: 42.42%  |  Val Loss: 2.0504, Acc: 44.48%  |  Time: 11.9s
  -> Best model saved (44.48%)
[Epoch 14] Summarizing hook timing...

[HOOK_TIMING_SUMMARY] epoch=14
[HOOK_WORK_SUMMARY] label=mpi:ring_zfp_online_coll:rate10 calls=624 work_total_ms=9881.158 work_mean_ms=15.835 work_min_ms=3.022 work_max_ms=142.576
[HOOK_TAIL_SUMMARY] label=mpi:ring_zfp_online_coll:rate10 steps=48 tail_total_ms=6800.783 tail_mean_ms=141.683 tail_min_ms=137.450 tail_max_ms=171.032
[Epoch 14] Hook timing summary done

[Epoch 15] Training... (lr=0.000345)
[Epoch 15] Train Loss: 2.0487, Acc: 44.76%  |  Val Loss: 2.0448, Acc: 44.16%  |  Time: 11.9s
[Epoch 15] Summarizing hook timing...

[HOOK_TIMING_SUMMARY] epoch=15
[HOOK_WORK_SUMMARY] label=mpi:ring_zfp_online_coll:rate10 calls=624 work_total_ms=9831.277 work_mean_ms=15.755 work_min_ms=2.948 work_max_ms=141.873
[HOOK_TAIL_SUMMARY] label=mpi:ring_zfp_online_coll:rate10 steps=48 tail_total_ms=6768.243 tail_mean_ms=141.005 tail_min_ms=138.446 tail_max_ms=142.553
[Epoch 15] Hook timing summary done

[Epoch 16] Training... (lr=0.000250)
[Epoch 16] Train Loss: 2.0394, Acc: 44.92%  |  Val Loss: 2.0339, Acc: 45.20%  |  Time: 11.9s
  -> Best model saved (45.20%)
[Epoch 16] Summarizing hook timing...

[HOOK_TIMING_SUMMARY] epoch=16
[HOOK_WORK_SUMMARY] label=mpi:ring_zfp_online_coll:rate10 calls=624 work_total_ms=9854.310 work_mean_ms=15.792 work_min_ms=2.971 work_max_ms=147.825
[HOOK_TAIL_SUMMARY] label=mpi:ring_zfp_online_coll:rate10 steps=48 tail_total_ms=6770.678 tail_mean_ms=141.056 tail_min_ms=138.409 tail_max_ms=162.156
[Epoch 16] Hook timing summary done

[Epoch 17] Training... (lr=0.000165)
[Epoch 17] Train Loss: 2.0310, Acc: 46.50%  |  Val Loss: 2.0297, Acc: 45.92%  |  Time: 11.9s
  -> Best model saved (45.92%)
[Epoch 17] Summarizing hook timing...

[HOOK_TIMING_SUMMARY] epoch=17
[HOOK_WORK_SUMMARY] label=mpi:ring_zfp_online_coll:rate10 calls=624 work_total_ms=9794.589 work_mean_ms=15.696 work_min_ms=2.956 work_max_ms=142.336
[HOOK_TAIL_SUMMARY] label=mpi:ring_zfp_online_coll:rate10 steps=48 tail_total_ms=6743.063 tail_mean_ms=140.480 tail_min_ms=137.630 tail_max_ms=141.967
[Epoch 17] Hook timing summary done

[Epoch 18] Training... (lr=0.000095)
[Epoch 18] Train Loss: 2.0377, Acc: 45.43%  |  Val Loss: 2.0262, Acc: 46.08%  |  Time: 11.9s
  -> Best model saved (46.08%)
[Epoch 18] Summarizing hook timing...

[HOOK_TIMING_SUMMARY] epoch=18
[HOOK_WORK_SUMMARY] label=mpi:ring_zfp_online_coll:rate10 calls=624 work_total_ms=9847.912 work_mean_ms=15.782 work_min_ms=3.004 work_max_ms=142.693
[HOOK_TAIL_SUMMARY] label=mpi:ring_zfp_online_coll:rate10 steps=48 tail_total_ms=6771.603 tail_mean_ms=141.075 tail_min_ms=137.767 tail_max_ms=143.136
[Epoch 18] Hook timing summary done

[Epoch 19] Training... (lr=0.000043)
[Epoch 19] Train Loss: 2.0293, Acc: 46.00%  |  Val Loss: 2.0263, Acc: 46.24%  |  Time: 11.9s
  -> Best model saved (46.24%)
[Epoch 19] Summarizing hook timing...

[HOOK_TIMING_SUMMARY] epoch=19
[HOOK_WORK_SUMMARY] label=mpi:ring_zfp_online_coll:rate10 calls=624 work_total_ms=9813.980 work_mean_ms=15.728 work_min_ms=2.974 work_max_ms=143.026
[HOOK_TAIL_SUMMARY] label=mpi:ring_zfp_online_coll:rate10 steps=48 tail_total_ms=6747.269 tail_mean_ms=140.568 tail_min_ms=137.227 tail_max_ms=141.855
[Epoch 19] Hook timing summary done

[Epoch 20] Training... (lr=0.000011)
[Epoch 20] Train Loss: 2.0302, Acc: 45.65%  |  Val Loss: 2.0254, Acc: 46.48%  |  Time: 11.9s
  -> Best model saved (46.48%)
[Epoch 20] Summarizing hook timing...

[HOOK_TIMING_SUMMARY] epoch=20
[HOOK_WORK_SUMMARY] label=mpi:ring_zfp_online_coll:rate10 calls=624 work_total_ms=9821.764 work_mean_ms=15.740 work_min_ms=2.950 work_max_ms=144.645
[HOOK_TAIL_SUMMARY] label=mpi:ring_zfp_online_coll:rate10 steps=48 tail_total_ms=6752.347 tail_mean_ms=140.674 tail_min_ms=137.341 tail_max_ms=144.061
[Epoch 20] Hook timing summary done

================================================================================
Done in 262.6s | Best val acc: 46.48%
Epoch times: mean=12.0s  min=11.9s  max=13.9s
================================================================================
