
================================================================================
Distributed Training: RESNEXT101_32X8D on CIFAR10
Backend: MPI, Algorithm: ring_zfp_online_coll
================================================================================
Ranks: 8, Epochs: 20, Batch/rank: 128, Effective batch: 1024
LR: 0.001, Device: cuda:0

[Setup] Model on cuda:0, wrapped in DDP (static_graph=True)
[Setup] Hook registered: mpi/ring_zfp_online_coll
[Data] Train batches: 48, Val batches: 10


[Epoch 1] Training... (lr=0.000001)
[Epoch 1] Train Loss: 2.3194, Acc: 10.50%  |  Val Loss: 2.3229, Acc: 11.12%  |  Time: 13.8s
  -> Best model saved (11.12%)
[Epoch 1] Summarizing hook timing...

[HOOK_TIMING_SUMMARY] epoch=1
[HOOK_WORK_SUMMARY] label=mpi:ring_zfp_online_coll:rate16 calls=600 work_total_ms=9595.742 work_mean_ms=15.993 work_min_ms=3.053 work_max_ms=144.538
[HOOK_TAIL_SUMMARY] label=mpi:ring_zfp_online_coll:rate16 steps=49 tail_total_ms=6904.284 tail_mean_ms=140.904 tail_min_ms=96.411 tail_max_ms=181.995
[Epoch 1] Hook timing summary done

[Epoch 2] Training... (lr=0.000201)
[Epoch 2] Train Loss: 2.3113, Acc: 11.30%  |  Val Loss: 2.3158, Acc: 11.44%  |  Time: 11.9s
  -> Best model saved (11.44%)
[Epoch 2] Summarizing hook timing...

[HOOK_TIMING_SUMMARY] epoch=2
[HOOK_WORK_SUMMARY] label=mpi:ring_zfp_online_coll:rate16 calls=624 work_total_ms=9812.577 work_mean_ms=15.725 work_min_ms=3.073 work_max_ms=145.829
[HOOK_TAIL_SUMMARY] label=mpi:ring_zfp_online_coll:rate16 steps=48 tail_total_ms=6759.398 tail_mean_ms=140.821 tail_min_ms=135.159 tail_max_ms=151.051
[Epoch 2] Hook timing summary done

[Epoch 3] Training... (lr=0.000401)
[Epoch 3] Train Loss: 2.3051, Acc: 11.82%  |  Val Loss: 2.3051, Acc: 12.32%  |  Time: 11.9s
  -> Best model saved (12.32%)
[Epoch 3] Summarizing hook timing...

[HOOK_TIMING_SUMMARY] epoch=3
[HOOK_WORK_SUMMARY] label=mpi:ring_zfp_online_coll:rate16 calls=624 work_total_ms=9768.005 work_mean_ms=15.654 work_min_ms=3.114 work_max_ms=145.729
[HOOK_TAIL_SUMMARY] label=mpi:ring_zfp_online_coll:rate16 steps=48 tail_total_ms=6717.207 tail_mean_ms=139.942 tail_min_ms=134.608 tail_max_ms=141.290
[Epoch 3] Hook timing summary done

[Epoch 4] Training... (lr=0.000600)
[Epoch 4] Train Loss: 2.2879, Acc: 13.83%  |  Val Loss: 2.2880, Acc: 14.00%  |  Time: 11.9s
  -> Best model saved (14.00%)
[Epoch 4] Summarizing hook timing...

[HOOK_TIMING_SUMMARY] epoch=4
[HOOK_WORK_SUMMARY] label=mpi:ring_zfp_online_coll:rate16 calls=624 work_total_ms=9815.366 work_mean_ms=15.730 work_min_ms=3.123 work_max_ms=148.714
[HOOK_TAIL_SUMMARY] label=mpi:ring_zfp_online_coll:rate16 steps=48 tail_total_ms=6744.512 tail_mean_ms=140.511 tail_min_ms=134.010 tail_max_ms=152.551
[Epoch 4] Hook timing summary done

[Epoch 5] Training... (lr=0.000800)
[Epoch 5] Train Loss: 2.2695, Acc: 16.10%  |  Val Loss: 2.2649, Acc: 16.56%  |  Time: 11.9s
  -> Best model saved (16.56%)
[Epoch 5] Summarizing hook timing...

[HOOK_TIMING_SUMMARY] epoch=5
[HOOK_WORK_SUMMARY] label=mpi:ring_zfp_online_coll:rate16 calls=624 work_total_ms=9756.928 work_mean_ms=15.636 work_min_ms=3.109 work_max_ms=146.617
[HOOK_TAIL_SUMMARY] label=mpi:ring_zfp_online_coll:rate16 steps=48 tail_total_ms=6706.170 tail_mean_ms=139.712 tail_min_ms=134.021 tail_max_ms=142.732
[Epoch 5] Hook timing summary done

[Epoch 6] Training... (lr=0.001000)
[Epoch 6] Train Loss: 2.2468, Acc: 18.64%  |  Val Loss: 2.2361, Acc: 20.48%  |  Time: 11.9s
  -> Best model saved (20.48%)
[Epoch 6] Summarizing hook timing...

[HOOK_TIMING_SUMMARY] epoch=6
[HOOK_WORK_SUMMARY] label=mpi:ring_zfp_online_coll:rate16 calls=624 work_total_ms=9785.017 work_mean_ms=15.681 work_min_ms=3.134 work_max_ms=146.429
[HOOK_TAIL_SUMMARY] label=mpi:ring_zfp_online_coll:rate16 steps=48 tail_total_ms=6730.505 tail_mean_ms=140.219 tail_min_ms=134.054 tail_max_ms=165.215
[Epoch 6] Hook timing summary done

[Epoch 7] Training... (lr=0.000989)
[Epoch 7] Train Loss: 2.2212, Acc: 22.97%  |  Val Loss: 2.2082, Acc: 25.60%  |  Time: 11.9s
  -> Best model saved (25.60%)
[Epoch 7] Summarizing hook timing...

[HOOK_TIMING_SUMMARY] epoch=7
[HOOK_WORK_SUMMARY] label=mpi:ring_zfp_online_coll:rate16 calls=624 work_total_ms=9809.007 work_mean_ms=15.720 work_min_ms=3.147 work_max_ms=145.373
[HOOK_TAIL_SUMMARY] label=mpi:ring_zfp_online_coll:rate16 steps=48 tail_total_ms=6746.081 tail_mean_ms=140.543 tail_min_ms=134.348 tail_max_ms=142.434
[Epoch 7] Hook timing summary done

[Epoch 8] Training... (lr=0.000957)
[Epoch 8] Train Loss: 2.1944, Acc: 26.89%  |  Val Loss: 2.1808, Acc: 28.88%  |  Time: 11.9s
  -> Best model saved (28.88%)
[Epoch 8] Summarizing hook timing...

[HOOK_TIMING_SUMMARY] epoch=8
[HOOK_WORK_SUMMARY] label=mpi:ring_zfp_online_coll:rate16 calls=624 work_total_ms=9794.835 work_mean_ms=15.697 work_min_ms=3.041 work_max_ms=145.072
[HOOK_TAIL_SUMMARY] label=mpi:ring_zfp_online_coll:rate16 steps=48 tail_total_ms=6724.704 tail_mean_ms=140.098 tail_min_ms=133.724 tail_max_ms=141.996
[Epoch 8] Hook timing summary done

[Epoch 9] Training... (lr=0.000905)
[Epoch 9] Train Loss: 2.1672, Acc: 30.78%  |  Val Loss: 2.1518, Acc: 33.60%  |  Time: 11.9s
  -> Best model saved (33.60%)
[Epoch 9] Summarizing hook timing...

[HOOK_TIMING_SUMMARY] epoch=9
[HOOK_WORK_SUMMARY] label=mpi:ring_zfp_online_coll:rate16 calls=624 work_total_ms=9769.552 work_mean_ms=15.656 work_min_ms=3.105 work_max_ms=147.590
[HOOK_TAIL_SUMMARY] label=mpi:ring_zfp_online_coll:rate16 steps=48 tail_total_ms=6716.007 tail_mean_ms=139.917 tail_min_ms=134.913 tail_max_ms=145.002
[Epoch 9] Hook timing summary done

[Epoch 10] Training... (lr=0.000835)
[Epoch 10] Train Loss: 2.1396, Acc: 35.25%  |  Val Loss: 2.1293, Acc: 35.84%  |  Time: 11.9s
  -> Best model saved (35.84%)
[Epoch 10] Summarizing hook timing...

[HOOK_TIMING_SUMMARY] epoch=10
[HOOK_WORK_SUMMARY] label=mpi:ring_zfp_online_coll:rate16 calls=624 work_total_ms=9807.663 work_mean_ms=15.717 work_min_ms=3.101 work_max_ms=147.253
[HOOK_TAIL_SUMMARY] label=mpi:ring_zfp_online_coll:rate16 steps=48 tail_total_ms=6741.641 tail_mean_ms=140.451 tail_min_ms=134.133 tail_max_ms=143.222
[Epoch 10] Hook timing summary done

[Epoch 11] Training... (lr=0.000750)
[Epoch 11] Train Loss: 2.1179, Acc: 36.65%  |  Val Loss: 2.1066, Acc: 38.48%  |  Time: 11.9s
  -> Best model saved (38.48%)
[Epoch 11] Summarizing hook timing...

[HOOK_TIMING_SUMMARY] epoch=11
[HOOK_WORK_SUMMARY] label=mpi:ring_zfp_online_coll:rate16 calls=624 work_total_ms=9812.022 work_mean_ms=15.724 work_min_ms=3.024 work_max_ms=162.817
[HOOK_TAIL_SUMMARY] label=mpi:ring_zfp_online_coll:rate16 steps=48 tail_total_ms=6749.174 tail_mean_ms=140.608 tail_min_ms=134.954 tail_max_ms=160.059
[Epoch 11] Hook timing summary done

[Epoch 12] Training... (lr=0.000655)
[Epoch 12] Train Loss: 2.1024, Acc: 38.12%  |  Val Loss: 2.0874, Acc: 41.60%  |  Time: 11.9s
  -> Best model saved (41.60%)
[Epoch 12] Summarizing hook timing...

[HOOK_TIMING_SUMMARY] epoch=12
[HOOK_WORK_SUMMARY] label=mpi:ring_zfp_online_coll:rate16 calls=624 work_total_ms=9809.555 work_mean_ms=15.720 work_min_ms=3.077 work_max_ms=145.379
[HOOK_TAIL_SUMMARY] label=mpi:ring_zfp_online_coll:rate16 steps=48 tail_total_ms=6745.411 tail_mean_ms=140.529 tail_min_ms=133.772 tail_max_ms=141.769
[Epoch 12] Hook timing summary done

[Epoch 13] Training... (lr=0.000552)
[Epoch 13] Train Loss: 2.0783, Acc: 41.85%  |  Val Loss: 2.0707, Acc: 42.32%  |  Time: 11.9s
  -> Best model saved (42.32%)
[Epoch 13] Summarizing hook timing...

[HOOK_TIMING_SUMMARY] epoch=13
[HOOK_WORK_SUMMARY] label=mpi:ring_zfp_online_coll:rate16 calls=624 work_total_ms=9799.861 work_mean_ms=15.705 work_min_ms=3.095 work_max_ms=148.390
[HOOK_TAIL_SUMMARY] label=mpi:ring_zfp_online_coll:rate16 steps=48 tail_total_ms=6736.505 tail_mean_ms=140.344 tail_min_ms=133.831 tail_max_ms=152.902
[Epoch 13] Hook timing summary done

[Epoch 14] Training... (lr=0.000448)
[Epoch 14] Train Loss: 2.0674, Acc: 42.30%  |  Val Loss: 2.0504, Acc: 44.56%  |  Time: 11.9s
  -> Best model saved (44.56%)
[Epoch 14] Summarizing hook timing...

[HOOK_TIMING_SUMMARY] epoch=14
[HOOK_WORK_SUMMARY] label=mpi:ring_zfp_online_coll:rate16 calls=624 work_total_ms=9801.391 work_mean_ms=15.707 work_min_ms=3.057 work_max_ms=145.137
[HOOK_TAIL_SUMMARY] label=mpi:ring_zfp_online_coll:rate16 steps=48 tail_total_ms=6734.049 tail_mean_ms=140.293 tail_min_ms=135.111 tail_max_ms=147.062
[Epoch 14] Hook timing summary done

[Epoch 15] Training... (lr=0.000345)
[Epoch 15] Train Loss: 2.0488, Acc: 44.68%  |  Val Loss: 2.0449, Acc: 44.32%  |  Time: 11.9s
[Epoch 15] Summarizing hook timing...

[HOOK_TIMING_SUMMARY] epoch=15
[HOOK_WORK_SUMMARY] label=mpi:ring_zfp_online_coll:rate16 calls=624 work_total_ms=9793.367 work_mean_ms=15.694 work_min_ms=3.087 work_max_ms=145.194
[HOOK_TAIL_SUMMARY] label=mpi:ring_zfp_online_coll:rate16 steps=48 tail_total_ms=6731.656 tail_mean_ms=140.243 tail_min_ms=135.370 tail_max_ms=154.914
[Epoch 15] Hook timing summary done

[Epoch 16] Training... (lr=0.000250)
[Epoch 16] Train Loss: 2.0396, Acc: 44.82%  |  Val Loss: 2.0339, Acc: 45.52%  |  Time: 11.9s
  -> Best model saved (45.52%)
[Epoch 16] Summarizing hook timing...

[HOOK_TIMING_SUMMARY] epoch=16
[HOOK_WORK_SUMMARY] label=mpi:ring_zfp_online_coll:rate16 calls=624 work_total_ms=9823.220 work_mean_ms=15.742 work_min_ms=3.098 work_max_ms=151.019
[HOOK_TAIL_SUMMARY] label=mpi:ring_zfp_online_coll:rate16 steps=48 tail_total_ms=6752.047 tail_mean_ms=140.668 tail_min_ms=134.686 tail_max_ms=147.814
[Epoch 16] Hook timing summary done

[Epoch 17] Training... (lr=0.000165)
[Epoch 17] Train Loss: 2.0310, Acc: 46.50%  |  Val Loss: 2.0297, Acc: 45.84%  |  Time: 11.9s
  -> Best model saved (45.84%)
[Epoch 17] Summarizing hook timing...

[HOOK_TIMING_SUMMARY] epoch=17
[HOOK_WORK_SUMMARY] label=mpi:ring_zfp_online_coll:rate16 calls=624 work_total_ms=9808.757 work_mean_ms=15.719 work_min_ms=3.054 work_max_ms=145.654
[HOOK_TAIL_SUMMARY] label=mpi:ring_zfp_online_coll:rate16 steps=48 tail_total_ms=6736.201 tail_mean_ms=140.338 tail_min_ms=135.058 tail_max_ms=141.812
[Epoch 17] Hook timing summary done

[Epoch 18] Training... (lr=0.000095)
[Epoch 18] Train Loss: 2.0378, Acc: 45.44%  |  Val Loss: 2.0264, Acc: 45.76%  |  Time: 11.9s
[Epoch 18] Summarizing hook timing...

[HOOK_TIMING_SUMMARY] epoch=18
[HOOK_WORK_SUMMARY] label=mpi:ring_zfp_online_coll:rate16 calls=624 work_total_ms=9823.972 work_mean_ms=15.744 work_min_ms=3.121 work_max_ms=148.529
[HOOK_TAIL_SUMMARY] label=mpi:ring_zfp_online_coll:rate16 steps=48 tail_total_ms=6751.243 tail_mean_ms=140.651 tail_min_ms=134.021 tail_max_ms=154.649
[Epoch 18] Hook timing summary done

[Epoch 19] Training... (lr=0.000043)
[Epoch 19] Train Loss: 2.0293, Acc: 46.11%  |  Val Loss: 2.0265, Acc: 46.56%  |  Time: 11.9s
  -> Best model saved (46.56%)
[Epoch 19] Summarizing hook timing...

[HOOK_TIMING_SUMMARY] epoch=19
[HOOK_WORK_SUMMARY] label=mpi:ring_zfp_online_coll:rate16 calls=624 work_total_ms=9774.322 work_mean_ms=15.664 work_min_ms=3.113 work_max_ms=144.387
[HOOK_TAIL_SUMMARY] label=mpi:ring_zfp_online_coll:rate16 steps=48 tail_total_ms=6722.087 tail_mean_ms=140.043 tail_min_ms=136.389 tail_max_ms=144.849
[Epoch 19] Hook timing summary done

[Epoch 20] Training... (lr=0.000011)
[Epoch 20] Train Loss: 2.0302, Acc: 45.85%  |  Val Loss: 2.0255, Acc: 46.32%  |  Time: 11.9s
[Epoch 20] Summarizing hook timing...

[HOOK_TIMING_SUMMARY] epoch=20
[HOOK_WORK_SUMMARY] label=mpi:ring_zfp_online_coll:rate16 calls=624 work_total_ms=9804.569 work_mean_ms=15.712 work_min_ms=3.089 work_max_ms=145.347
[HOOK_TAIL_SUMMARY] label=mpi:ring_zfp_online_coll:rate16 steps=48 tail_total_ms=6742.023 tail_mean_ms=140.459 tail_min_ms=133.498 tail_max_ms=152.928
[Epoch 20] Hook timing summary done

================================================================================
Done in 259.5s | Best val acc: 46.56%
Epoch times: mean=12.0s  min=11.9s  max=13.8s
================================================================================
