
================================================================================
Distributed Training: RESNEXT101_32X8D on CIFAR10
Backend: MPI, Algorithm: recursive_doubling
================================================================================
Ranks: 8, Epochs: 20, Batch/rank: 128, Effective batch: 1024
LR: 0.001, Device: cuda:0

[Setup] Model on cuda:0, wrapped in DDP (static_graph=True)
[Setup] Hook registered: mpi/recursive_doubling
[Data] Train batches: 48, Val batches: 10


[Epoch 1] Training... (lr=0.000001)
[Epoch 1] Train Loss: 2.3194, Acc: 10.50%  |  Val Loss: 2.3229, Acc: 11.04%  |  Time: 16.3s
  -> Best model saved (11.04%)
[Epoch 1] Summarizing hook timing...

[HOOK_TIMING_SUMMARY] epoch=1
[HOOK_WORK_SUMMARY] label=mpi:recursive_doubling calls=600 work_total_ms=10218.830 work_mean_ms=17.031 work_min_ms=1.263 work_max_ms=142.745
[HOOK_TAIL_SUMMARY] label=mpi:recursive_doubling steps=49 tail_total_ms=7396.748 tail_mean_ms=150.954 tail_min_ms=86.208 tail_max_ms=185.974
[Epoch 1] Hook timing summary done

[Epoch 2] Training... (lr=0.000201)
[Epoch 2] Train Loss: 2.3113, Acc: 11.33%  |  Val Loss: 2.3158, Acc: 11.36%  |  Time: 12.4s
  -> Best model saved (11.36%)
[Epoch 2] Summarizing hook timing...

[HOOK_TIMING_SUMMARY] epoch=2
[HOOK_WORK_SUMMARY] label=mpi:recursive_doubling calls=624 work_total_ms=10414.775 work_mean_ms=16.690 work_min_ms=1.271 work_max_ms=141.180
[HOOK_TAIL_SUMMARY] label=mpi:recursive_doubling steps=48 tail_total_ms=7331.107 tail_mean_ms=152.731 tail_min_ms=149.491 tail_max_ms=160.076
[Epoch 2] Hook timing summary done

[Epoch 3] Training... (lr=0.000401)
[Epoch 3] Train Loss: 2.3051, Acc: 11.83%  |  Val Loss: 2.3052, Acc: 12.40%  |  Time: 12.4s
  -> Best model saved (12.40%)
[Epoch 3] Summarizing hook timing...

[HOOK_TIMING_SUMMARY] epoch=3
[HOOK_WORK_SUMMARY] label=mpi:recursive_doubling calls=624 work_total_ms=10390.836 work_mean_ms=16.652 work_min_ms=1.323 work_max_ms=141.230
[HOOK_TAIL_SUMMARY] label=mpi:recursive_doubling steps=48 tail_total_ms=7295.800 tail_mean_ms=151.996 tail_min_ms=149.127 tail_max_ms=157.197
[Epoch 3] Hook timing summary done

[Epoch 4] Training... (lr=0.000600)
[Epoch 4] Train Loss: 2.2879, Acc: 13.75%  |  Val Loss: 2.2880, Acc: 14.00%  |  Time: 12.4s
  -> Best model saved (14.00%)
[Epoch 4] Summarizing hook timing...

[HOOK_TIMING_SUMMARY] epoch=4
[HOOK_WORK_SUMMARY] label=mpi:recursive_doubling calls=624 work_total_ms=10385.923 work_mean_ms=16.644 work_min_ms=1.296 work_max_ms=140.741
[HOOK_TAIL_SUMMARY] label=mpi:recursive_doubling steps=48 tail_total_ms=7296.845 tail_mean_ms=152.018 tail_min_ms=149.595 tail_max_ms=156.014
[Epoch 4] Hook timing summary done

[Epoch 5] Training... (lr=0.000800)
[Epoch 5] Train Loss: 2.2695, Acc: 16.21%  |  Val Loss: 2.2648, Acc: 16.80%  |  Time: 12.4s
  -> Best model saved (16.80%)
[Epoch 5] Summarizing hook timing...

[HOOK_TIMING_SUMMARY] epoch=5
[HOOK_WORK_SUMMARY] label=mpi:recursive_doubling calls=624 work_total_ms=10409.689 work_mean_ms=16.682 work_min_ms=1.338 work_max_ms=140.912
[HOOK_TAIL_SUMMARY] label=mpi:recursive_doubling steps=48 tail_total_ms=7306.600 tail_mean_ms=152.221 tail_min_ms=149.662 tail_max_ms=157.177
[Epoch 5] Hook timing summary done

[Epoch 6] Training... (lr=0.001000)
[Epoch 6] Train Loss: 2.2467, Acc: 18.64%  |  Val Loss: 2.2359, Acc: 20.48%  |  Time: 12.4s
  -> Best model saved (20.48%)
[Epoch 6] Summarizing hook timing...

[HOOK_TIMING_SUMMARY] epoch=6
[HOOK_WORK_SUMMARY] label=mpi:recursive_doubling calls=624 work_total_ms=10334.073 work_mean_ms=16.561 work_min_ms=1.285 work_max_ms=140.471
[HOOK_TAIL_SUMMARY] label=mpi:recursive_doubling steps=48 tail_total_ms=7239.510 tail_mean_ms=150.823 tail_min_ms=148.993 tail_max_ms=153.691
[Epoch 6] Hook timing summary done

[Epoch 7] Training... (lr=0.000989)
[Epoch 7] Train Loss: 2.2212, Acc: 23.03%  |  Val Loss: 2.2081, Acc: 25.68%  |  Time: 12.4s
  -> Best model saved (25.68%)
[Epoch 7] Summarizing hook timing...

[HOOK_TIMING_SUMMARY] epoch=7
[HOOK_WORK_SUMMARY] label=mpi:recursive_doubling calls=624 work_total_ms=10393.473 work_mean_ms=16.656 work_min_ms=1.319 work_max_ms=140.917
[HOOK_TAIL_SUMMARY] label=mpi:recursive_doubling steps=48 tail_total_ms=7291.999 tail_mean_ms=151.917 tail_min_ms=149.475 tail_max_ms=155.481
[Epoch 7] Hook timing summary done

[Epoch 8] Training... (lr=0.000957)
[Epoch 8] Train Loss: 2.1944, Acc: 26.94%  |  Val Loss: 2.1807, Acc: 28.96%  |  Time: 12.4s
  -> Best model saved (28.96%)
[Epoch 8] Summarizing hook timing...

[HOOK_TIMING_SUMMARY] epoch=8
[HOOK_WORK_SUMMARY] label=mpi:recursive_doubling calls=624 work_total_ms=10391.124 work_mean_ms=16.652 work_min_ms=1.306 work_max_ms=140.874
[HOOK_TAIL_SUMMARY] label=mpi:recursive_doubling steps=48 tail_total_ms=7292.495 tail_mean_ms=151.927 tail_min_ms=149.754 tail_max_ms=156.392
[Epoch 8] Hook timing summary done

[Epoch 9] Training... (lr=0.000905)
[Epoch 9] Train Loss: 2.1672, Acc: 30.81%  |  Val Loss: 2.1517, Acc: 33.76%  |  Time: 12.4s
  -> Best model saved (33.76%)
[Epoch 9] Summarizing hook timing...

[HOOK_TIMING_SUMMARY] epoch=9
[HOOK_WORK_SUMMARY] label=mpi:recursive_doubling calls=624 work_total_ms=10413.340 work_mean_ms=16.688 work_min_ms=1.275 work_max_ms=141.096
[HOOK_TAIL_SUMMARY] label=mpi:recursive_doubling steps=48 tail_total_ms=7300.765 tail_mean_ms=152.099 tail_min_ms=149.382 tail_max_ms=156.703
[Epoch 9] Hook timing summary done

[Epoch 10] Training... (lr=0.000835)
[Epoch 10] Train Loss: 2.1396, Acc: 35.17%  |  Val Loss: 2.1292, Acc: 35.92%  |  Time: 12.4s
  -> Best model saved (35.92%)
[Epoch 10] Summarizing hook timing...

[HOOK_TIMING_SUMMARY] epoch=10
[HOOK_WORK_SUMMARY] label=mpi:recursive_doubling calls=624 work_total_ms=10420.324 work_mean_ms=16.699 work_min_ms=1.332 work_max_ms=141.027
[HOOK_TAIL_SUMMARY] label=mpi:recursive_doubling steps=48 tail_total_ms=7321.873 tail_mean_ms=152.539 tail_min_ms=149.002 tail_max_ms=156.873
[Epoch 10] Hook timing summary done

[Epoch 11] Training... (lr=0.000750)
[Epoch 11] Train Loss: 2.1179, Acc: 36.64%  |  Val Loss: 2.1064, Acc: 38.56%  |  Time: 12.4s
  -> Best model saved (38.56%)
[Epoch 11] Summarizing hook timing...

[HOOK_TIMING_SUMMARY] epoch=11
[HOOK_WORK_SUMMARY] label=mpi:recursive_doubling calls=624 work_total_ms=10386.687 work_mean_ms=16.645 work_min_ms=1.288 work_max_ms=141.035
[HOOK_TAIL_SUMMARY] label=mpi:recursive_doubling steps=48 tail_total_ms=7290.872 tail_mean_ms=151.893 tail_min_ms=149.538 tail_max_ms=158.658
[Epoch 11] Hook timing summary done

[Epoch 12] Training... (lr=0.000655)
[Epoch 12] Train Loss: 2.1023, Acc: 38.15%  |  Val Loss: 2.0873, Acc: 41.52%  |  Time: 12.4s
  -> Best model saved (41.52%)
[Epoch 12] Summarizing hook timing...

[HOOK_TIMING_SUMMARY] epoch=12
[HOOK_WORK_SUMMARY] label=mpi:recursive_doubling calls=624 work_total_ms=10386.990 work_mean_ms=16.646 work_min_ms=1.313 work_max_ms=141.322
[HOOK_TAIL_SUMMARY] label=mpi:recursive_doubling steps=48 tail_total_ms=7281.133 tail_mean_ms=151.690 tail_min_ms=148.882 tail_max_ms=159.502
[Epoch 12] Hook timing summary done

[Epoch 13] Training... (lr=0.000552)
[Epoch 13] Train Loss: 2.0783, Acc: 41.73%  |  Val Loss: 2.0707, Acc: 42.32%  |  Time: 12.4s
  -> Best model saved (42.32%)
[Epoch 13] Summarizing hook timing...

[HOOK_TIMING_SUMMARY] epoch=13
[HOOK_WORK_SUMMARY] label=mpi:recursive_doubling calls=624 work_total_ms=10386.646 work_mean_ms=16.645 work_min_ms=1.318 work_max_ms=140.763
[HOOK_TAIL_SUMMARY] label=mpi:recursive_doubling steps=48 tail_total_ms=7287.138 tail_mean_ms=151.815 tail_min_ms=149.383 tail_max_ms=155.769
[Epoch 13] Hook timing summary done

[Epoch 14] Training... (lr=0.000448)
[Epoch 14] Train Loss: 2.0673, Acc: 42.37%  |  Val Loss: 2.0505, Acc: 44.40%  |  Time: 12.4s
  -> Best model saved (44.40%)
[Epoch 14] Summarizing hook timing...

[HOOK_TIMING_SUMMARY] epoch=14
[HOOK_WORK_SUMMARY] label=mpi:recursive_doubling calls=624 work_total_ms=10393.811 work_mean_ms=16.657 work_min_ms=1.257 work_max_ms=141.023
[HOOK_TAIL_SUMMARY] label=mpi:recursive_doubling steps=48 tail_total_ms=7292.495 tail_mean_ms=151.927 tail_min_ms=149.471 tail_max_ms=161.509
[Epoch 14] Hook timing summary done

[Epoch 15] Training... (lr=0.000345)
[Epoch 15] Train Loss: 2.0488, Acc: 44.73%  |  Val Loss: 2.0448, Acc: 44.24%  |  Time: 12.4s
[Epoch 15] Summarizing hook timing...

[HOOK_TIMING_SUMMARY] epoch=15
[HOOK_WORK_SUMMARY] label=mpi:recursive_doubling calls=624 work_total_ms=10379.268 work_mean_ms=16.633 work_min_ms=1.286 work_max_ms=140.673
[HOOK_TAIL_SUMMARY] label=mpi:recursive_doubling steps=48 tail_total_ms=7287.226 tail_mean_ms=151.817 tail_min_ms=149.367 tail_max_ms=157.435
[Epoch 15] Hook timing summary done

[Epoch 16] Training... (lr=0.000250)
[Epoch 16] Train Loss: 2.0396, Acc: 44.87%  |  Val Loss: 2.0339, Acc: 45.28%  |  Time: 12.4s
  -> Best model saved (45.28%)
[Epoch 16] Summarizing hook timing...

[HOOK_TIMING_SUMMARY] epoch=16
[HOOK_WORK_SUMMARY] label=mpi:recursive_doubling calls=624 work_total_ms=10425.078 work_mean_ms=16.707 work_min_ms=1.279 work_max_ms=140.847
[HOOK_TAIL_SUMMARY] label=mpi:recursive_doubling steps=48 tail_total_ms=7324.210 tail_mean_ms=152.588 tail_min_ms=149.347 tail_max_ms=191.224
[Epoch 16] Hook timing summary done

[Epoch 17] Training... (lr=0.000165)
[Epoch 17] Train Loss: 2.0311, Acc: 46.40%  |  Val Loss: 2.0297, Acc: 45.92%  |  Time: 12.4s
  -> Best model saved (45.92%)
[Epoch 17] Summarizing hook timing...

[HOOK_TIMING_SUMMARY] epoch=17
[HOOK_WORK_SUMMARY] label=mpi:recursive_doubling calls=624 work_total_ms=10411.739 work_mean_ms=16.685 work_min_ms=1.298 work_max_ms=141.206
[HOOK_TAIL_SUMMARY] label=mpi:recursive_doubling steps=48 tail_total_ms=7309.201 tail_mean_ms=152.275 tail_min_ms=149.725 tail_max_ms=159.115
[Epoch 17] Hook timing summary done

[Epoch 18] Training... (lr=0.000095)
[Epoch 18] Train Loss: 2.0379, Acc: 45.51%  |  Val Loss: 2.0266, Acc: 46.00%  |  Time: 12.4s
  -> Best model saved (46.00%)
[Epoch 18] Summarizing hook timing...

[HOOK_TIMING_SUMMARY] epoch=18
[HOOK_WORK_SUMMARY] label=mpi:recursive_doubling calls=624 work_total_ms=10350.244 work_mean_ms=16.587 work_min_ms=1.339 work_max_ms=140.578
[HOOK_TAIL_SUMMARY] label=mpi:recursive_doubling steps=48 tail_total_ms=7267.230 tail_mean_ms=151.401 tail_min_ms=149.170 tail_max_ms=156.615
[Epoch 18] Hook timing summary done

[Epoch 19] Training... (lr=0.000043)
[Epoch 19] Train Loss: 2.0294, Acc: 46.24%  |  Val Loss: 2.0265, Acc: 46.40%  |  Time: 12.4s
  -> Best model saved (46.40%)
[Epoch 19] Summarizing hook timing...

[HOOK_TIMING_SUMMARY] epoch=19
[HOOK_WORK_SUMMARY] label=mpi:recursive_doubling calls=624 work_total_ms=10379.008 work_mean_ms=16.633 work_min_ms=1.313 work_max_ms=140.629
[HOOK_TAIL_SUMMARY] label=mpi:recursive_doubling steps=48 tail_total_ms=7287.183 tail_mean_ms=151.816 tail_min_ms=149.459 tail_max_ms=156.575
[Epoch 19] Hook timing summary done

[Epoch 20] Training... (lr=0.000011)
[Epoch 20] Train Loss: 2.0303, Acc: 45.87%  |  Val Loss: 2.0256, Acc: 46.00%  |  Time: 12.4s
[Epoch 20] Summarizing hook timing...

[HOOK_TIMING_SUMMARY] epoch=20
[HOOK_WORK_SUMMARY] label=mpi:recursive_doubling calls=624 work_total_ms=10369.370 work_mean_ms=16.618 work_min_ms=1.226 work_max_ms=140.644
[HOOK_TAIL_SUMMARY] label=mpi:recursive_doubling steps=48 tail_total_ms=7280.404 tail_mean_ms=151.675 tail_min_ms=149.324 tail_max_ms=154.967
[Epoch 20] Hook timing summary done

================================================================================
Done in 272.5s | Best val acc: 46.40%
Epoch times: mean=12.6s  min=12.4s  max=16.3s
================================================================================
