
================================================================================
Distributed Training: RESNEXT101_32X8D on CIFAR10
Backend: MPI, Algorithm: built-in (no hook)
================================================================================
Ranks: 8, Epochs: 20, Batch/rank: 16, Effective batch: 128
LR: 0.001, Device: cuda:0

[Setup] Model on cuda:0, wrapped in DDP (static_graph=True)
[Setup] No hook — using DDP built-in MPI allreduce
[Data] Train batches: 390, Val batches: 79


[Epoch 1] Training... (lr=0.000001)
  Batch [50/390] Loss: 2.3184, Acc: 10.50%
  Batch [100/390] Loss: 2.3147, Acc: 10.56%
  Batch [150/390] Loss: nan, Acc: 10.46%
  Batch [200/390] Loss: nan, Acc: 10.44%
  Batch [250/390] Loss: nan, Acc: 10.18%
  Batch [300/390] Loss: nan, Acc: 10.21%
  Batch [350/390] Loss: nan, Acc: 10.12%
[Epoch 1] Train Loss: nan, Acc: 10.27%  |  Val Loss: nan, Acc: 10.88%  |  Time: 28.2s
  WARNING: train_loss is nan — possible gradient explosion from hook bug. Check that hook divides by world_size exactly once.
  -> Best model saved (10.88%)
[Epoch 1] Summarizing hook timing...
[HOOK_TIMING_SUMMARY] epoch=1 no hook timing samples
[Epoch 1] Hook timing summary done

[Epoch 2] Training... (lr=0.000201)
  Batch [50/390] Loss: nan, Acc: 11.12%
  Batch [100/390] Loss: nan, Acc: 10.12%
  Batch [150/390] Loss: nan, Acc: 9.71%
  Batch [200/390] Loss: nan, Acc: 9.19%
  Batch [250/390] Loss: nan, Acc: 9.05%
  Batch [300/390] Loss: nan, Acc: 9.35%
  Batch [350/390] Loss: nan, Acc: 9.30%
[Epoch 2] Train Loss: nan, Acc: 9.18%  |  Val Loss: nan, Acc: 10.88%  |  Time: 24.1s
  WARNING: train_loss is nan — possible gradient explosion from hook bug. Check that hook divides by world_size exactly once.
[Epoch 2] Summarizing hook timing...
[HOOK_TIMING_SUMMARY] epoch=2 no hook timing samples
[Epoch 2] Hook timing summary done

[Epoch 3] Training... (lr=0.000401)
  Batch [50/390] Loss: nan, Acc: 10.38%
  Batch [100/390] Loss: nan, Acc: 9.81%
  Batch [150/390] Loss: nan, Acc: 10.08%
  Batch [200/390] Loss: nan, Acc: 10.22%
  Batch [250/390] Loss: nan, Acc: 10.10%
  Batch [300/390] Loss: nan, Acc: 10.00%
  Batch [350/390] Loss: nan, Acc: 10.14%
[Epoch 3] Train Loss: nan, Acc: 9.97%  |  Val Loss: nan, Acc: 10.88%  |  Time: 23.9s
  WARNING: train_loss is nan — possible gradient explosion from hook bug. Check that hook divides by world_size exactly once.
[Epoch 3] Summarizing hook timing...
[HOOK_TIMING_SUMMARY] epoch=3 no hook timing samples
[Epoch 3] Hook timing summary done

[Epoch 4] Training... (lr=0.000600)
  Batch [50/390] Loss: nan, Acc: 9.88%
  Batch [100/390] Loss: nan, Acc: 9.44%
  Batch [150/390] Loss: nan, Acc: 9.33%
  Batch [200/390] Loss: nan, Acc: 9.38%
  Batch [250/390] Loss: nan, Acc: 9.12%
  Batch [300/390] Loss: nan, Acc: 9.48%
  Batch [350/390] Loss: nan, Acc: 9.71%
[Epoch 4] Train Loss: nan, Acc: 9.66%  |  Val Loss: nan, Acc: 10.88%  |  Time: 24.1s
  WARNING: train_loss is nan — possible gradient explosion from hook bug. Check that hook divides by world_size exactly once.
[Epoch 4] Summarizing hook timing...
[HOOK_TIMING_SUMMARY] epoch=4 no hook timing samples
[Epoch 4] Hook timing summary done

[Epoch 5] Training... (lr=0.000800)
  Batch [50/390] Loss: nan, Acc: 9.88%
  Batch [100/390] Loss: nan, Acc: 10.00%
  Batch [150/390] Loss: nan, Acc: 10.08%
  Batch [200/390] Loss: nan, Acc: 10.47%
  Batch [250/390] Loss: nan, Acc: 9.68%
  Batch [300/390] Loss: nan, Acc: 9.81%
  Batch [350/390] Loss: nan, Acc: 9.95%
[Epoch 5] Train Loss: nan, Acc: 10.10%  |  Val Loss: nan, Acc: 10.88%  |  Time: 24.1s
  WARNING: train_loss is nan — possible gradient explosion from hook bug. Check that hook divides by world_size exactly once.
[Epoch 5] Summarizing hook timing...
[HOOK_TIMING_SUMMARY] epoch=5 no hook timing samples
[Epoch 5] Hook timing summary done

[Epoch 6] Training... (lr=0.001000)
  Batch [50/390] Loss: nan, Acc: 9.62%
  Batch [100/390] Loss: nan, Acc: 9.88%
  Batch [150/390] Loss: nan, Acc: 9.42%
  Batch [200/390] Loss: nan, Acc: 9.31%
  Batch [250/390] Loss: nan, Acc: 9.72%
  Batch [300/390] Loss: nan, Acc: 9.75%
  Batch [350/390] Loss: nan, Acc: 9.89%
[Epoch 6] Train Loss: nan, Acc: 10.11%  |  Val Loss: nan, Acc: 10.88%  |  Time: 24.1s
  WARNING: train_loss is nan — possible gradient explosion from hook bug. Check that hook divides by world_size exactly once.
[Epoch 6] Summarizing hook timing...
[HOOK_TIMING_SUMMARY] epoch=6 no hook timing samples
[Epoch 6] Hook timing summary done

[Epoch 7] Training... (lr=0.000989)
  Batch [50/390] Loss: nan, Acc: 10.12%
  Batch [100/390] Loss: nan, Acc: 10.38%
  Batch [150/390] Loss: nan, Acc: 10.42%
  Batch [200/390] Loss: nan, Acc: 10.66%
  Batch [250/390] Loss: nan, Acc: 10.93%
  Batch [300/390] Loss: nan, Acc: 10.88%
  Batch [350/390] Loss: nan, Acc: 10.64%
[Epoch 7] Train Loss: nan, Acc: 10.53%  |  Val Loss: nan, Acc: 10.88%  |  Time: 24.1s
  WARNING: train_loss is nan — possible gradient explosion from hook bug. Check that hook divides by world_size exactly once.
[Epoch 7] Summarizing hook timing...
[HOOK_TIMING_SUMMARY] epoch=7 no hook timing samples
[Epoch 7] Hook timing summary done

[Epoch 8] Training... (lr=0.000957)
  Batch [50/390] Loss: nan, Acc: 9.88%
  Batch [100/390] Loss: nan, Acc: 10.25%
  Batch [150/390] Loss: nan, Acc: 9.58%
  Batch [200/390] Loss: nan, Acc: 10.06%
  Batch [250/390] Loss: nan, Acc: 10.12%
  Batch [300/390] Loss: nan, Acc: 10.06%
  Batch [350/390] Loss: nan, Acc: 10.04%
[Epoch 8] Train Loss: nan, Acc: 9.87%  |  Val Loss: nan, Acc: 10.88%  |  Time: 24.1s
  WARNING: train_loss is nan — possible gradient explosion from hook bug. Check that hook divides by world_size exactly once.
[Epoch 8] Summarizing hook timing...
[HOOK_TIMING_SUMMARY] epoch=8 no hook timing samples
[Epoch 8] Hook timing summary done

[Epoch 9] Training... (lr=0.000905)
  Batch [50/390] Loss: nan, Acc: 8.75%
  Batch [100/390] Loss: nan, Acc: 10.00%
  Batch [150/390] Loss: nan, Acc: 10.00%
  Batch [200/390] Loss: nan, Acc: 10.00%
  Batch [250/390] Loss: nan, Acc: 9.75%
  Batch [300/390] Loss: nan, Acc: 9.73%
  Batch [350/390] Loss: nan, Acc: 9.80%
[Epoch 9] Train Loss: nan, Acc: 9.66%  |  Val Loss: nan, Acc: 10.88%  |  Time: 24.2s
  WARNING: train_loss is nan — possible gradient explosion from hook bug. Check that hook divides by world_size exactly once.
[Epoch 9] Summarizing hook timing...
[HOOK_TIMING_SUMMARY] epoch=9 no hook timing samples
[Epoch 9] Hook timing summary done

[Epoch 10] Training... (lr=0.000835)
  Batch [50/390] Loss: nan, Acc: 10.62%
  Batch [100/390] Loss: nan, Acc: 10.00%
  Batch [150/390] Loss: nan, Acc: 9.92%
  Batch [200/390] Loss: nan, Acc: 9.44%
  Batch [250/390] Loss: nan, Acc: 9.57%
  Batch [300/390] Loss: nan, Acc: 9.94%
  Batch [350/390] Loss: nan, Acc: 9.91%
[Epoch 10] Train Loss: nan, Acc: 9.90%  |  Val Loss: nan, Acc: 10.88%  |  Time: 24.0s
  WARNING: train_loss is nan — possible gradient explosion from hook bug. Check that hook divides by world_size exactly once.
[Epoch 10] Summarizing hook timing...
[HOOK_TIMING_SUMMARY] epoch=10 no hook timing samples
[Epoch 10] Hook timing summary done

[Epoch 11] Training... (lr=0.000750)
  Batch [50/390] Loss: nan, Acc: 9.88%
  Batch [100/390] Loss: nan, Acc: 10.56%
  Batch [150/390] Loss: nan, Acc: 10.33%
  Batch [200/390] Loss: nan, Acc: 10.31%
  Batch [250/390] Loss: nan, Acc: 10.55%
  Batch [300/390] Loss: nan, Acc: 10.58%
  Batch [350/390] Loss: nan, Acc: 10.46%
[Epoch 11] Train Loss: nan, Acc: 10.45%  |  Val Loss: nan, Acc: 10.88%  |  Time: 24.1s
  WARNING: train_loss is nan — possible gradient explosion from hook bug. Check that hook divides by world_size exactly once.
[Epoch 11] Summarizing hook timing...
[HOOK_TIMING_SUMMARY] epoch=11 no hook timing samples
[Epoch 11] Hook timing summary done

[Epoch 12] Training... (lr=0.000655)
  Batch [50/390] Loss: nan, Acc: 8.25%
  Batch [100/390] Loss: nan, Acc: 9.00%
  Batch [150/390] Loss: nan, Acc: 8.79%
  Batch [200/390] Loss: nan, Acc: 9.09%
  Batch [250/390] Loss: nan, Acc: 9.45%
  Batch [300/390] Loss: nan, Acc: 9.56%
  Batch [350/390] Loss: nan, Acc: 9.59%
[Epoch 12] Train Loss: nan, Acc: 9.78%  |  Val Loss: nan, Acc: 10.88%  |  Time: 24.1s
  WARNING: train_loss is nan — possible gradient explosion from hook bug. Check that hook divides by world_size exactly once.
[Epoch 12] Summarizing hook timing...
[HOOK_TIMING_SUMMARY] epoch=12 no hook timing samples
[Epoch 12] Hook timing summary done

[Epoch 13] Training... (lr=0.000552)
  Batch [50/390] Loss: nan, Acc: 11.00%
  Batch [100/390] Loss: nan, Acc: 10.44%
  Batch [150/390] Loss: nan, Acc: 10.42%
  Batch [200/390] Loss: nan, Acc: 10.31%
  Batch [250/390] Loss: nan, Acc: 10.38%
  Batch [300/390] Loss: nan, Acc: 10.38%
  Batch [350/390] Loss: nan, Acc: 10.36%
[Epoch 13] Train Loss: nan, Acc: 10.30%  |  Val Loss: nan, Acc: 10.88%  |  Time: 23.9s
  WARNING: train_loss is nan — possible gradient explosion from hook bug. Check that hook divides by world_size exactly once.
[Epoch 13] Summarizing hook timing...
[HOOK_TIMING_SUMMARY] epoch=13 no hook timing samples
[Epoch 13] Hook timing summary done

[Epoch 14] Training... (lr=0.000448)
  Batch [50/390] Loss: nan, Acc: 10.88%
  Batch [100/390] Loss: nan, Acc: 10.31%
  Batch [150/390] Loss: nan, Acc: 10.42%
  Batch [200/390] Loss: nan, Acc: 10.16%
  Batch [250/390] Loss: nan, Acc: 10.20%
  Batch [300/390] Loss: nan, Acc: 10.33%
  Batch [350/390] Loss: nan, Acc: 10.07%
[Epoch 14] Train Loss: nan, Acc: 9.87%  |  Val Loss: nan, Acc: 10.88%  |  Time: 24.2s
  WARNING: train_loss is nan — possible gradient explosion from hook bug. Check that hook divides by world_size exactly once.
[Epoch 14] Summarizing hook timing...
[HOOK_TIMING_SUMMARY] epoch=14 no hook timing samples
[Epoch 14] Hook timing summary done

[Epoch 15] Training... (lr=0.000345)
  Batch [50/390] Loss: nan, Acc: 10.88%
  Batch [100/390] Loss: nan, Acc: 10.25%
  Batch [150/390] Loss: nan, Acc: 9.71%
  Batch [200/390] Loss: nan, Acc: 10.06%
  Batch [250/390] Loss: nan, Acc: 10.10%
  Batch [300/390] Loss: nan, Acc: 9.85%
  Batch [350/390] Loss: nan, Acc: 9.79%
[Epoch 15] Train Loss: nan, Acc: 10.00%  |  Val Loss: nan, Acc: 10.88%  |  Time: 23.9s
  WARNING: train_loss is nan — possible gradient explosion from hook bug. Check that hook divides by world_size exactly once.
[Epoch 15] Summarizing hook timing...
[HOOK_TIMING_SUMMARY] epoch=15 no hook timing samples
[Epoch 15] Hook timing summary done

[Epoch 16] Training... (lr=0.000250)
  Batch [50/390] Loss: nan, Acc: 10.75%
  Batch [100/390] Loss: nan, Acc: 10.38%
  Batch [150/390] Loss: nan, Acc: 10.33%
  Batch [200/390] Loss: nan, Acc: 10.22%
  Batch [250/390] Loss: nan, Acc: 9.97%
  Batch [300/390] Loss: nan, Acc: 10.08%
  Batch [350/390] Loss: nan, Acc: 9.93%
[Epoch 16] Train Loss: nan, Acc: 9.81%  |  Val Loss: nan, Acc: 10.88%  |  Time: 24.1s
  WARNING: train_loss is nan — possible gradient explosion from hook bug. Check that hook divides by world_size exactly once.
[Epoch 16] Summarizing hook timing...
[HOOK_TIMING_SUMMARY] epoch=16 no hook timing samples
[Epoch 16] Hook timing summary done

[Epoch 17] Training... (lr=0.000165)
  Batch [50/390] Loss: nan, Acc: 9.50%
  Batch [100/390] Loss: nan, Acc: 9.50%
  Batch [150/390] Loss: nan, Acc: 9.08%
  Batch [200/390] Loss: nan, Acc: 9.47%
  Batch [250/390] Loss: nan, Acc: 9.72%
  Batch [300/390] Loss: nan, Acc: 9.83%
  Batch [350/390] Loss: nan, Acc: 10.00%
[Epoch 17] Train Loss: nan, Acc: 9.98%  |  Val Loss: nan, Acc: 10.88%  |  Time: 24.0s
  WARNING: train_loss is nan — possible gradient explosion from hook bug. Check that hook divides by world_size exactly once.
[Epoch 17] Summarizing hook timing...
[HOOK_TIMING_SUMMARY] epoch=17 no hook timing samples
[Epoch 17] Hook timing summary done

[Epoch 18] Training... (lr=0.000095)
  Batch [50/390] Loss: nan, Acc: 9.00%
  Batch [100/390] Loss: nan, Acc: 9.75%
  Batch [150/390] Loss: nan, Acc: 9.96%
  Batch [200/390] Loss: nan, Acc: 10.28%
  Batch [250/390] Loss: nan, Acc: 10.18%
  Batch [300/390] Loss: nan, Acc: 9.96%
  Batch [350/390] Loss: nan, Acc: 10.00%
[Epoch 18] Train Loss: nan, Acc: 9.98%  |  Val Loss: nan, Acc: 10.88%  |  Time: 24.0s
  WARNING: train_loss is nan — possible gradient explosion from hook bug. Check that hook divides by world_size exactly once.
[Epoch 18] Summarizing hook timing...
[HOOK_TIMING_SUMMARY] epoch=18 no hook timing samples
[Epoch 18] Hook timing summary done

[Epoch 19] Training... (lr=0.000043)
  Batch [50/390] Loss: nan, Acc: 10.12%
  Batch [100/390] Loss: nan, Acc: 10.19%
  Batch [150/390] Loss: nan, Acc: 9.83%
  Batch [200/390] Loss: nan, Acc: 9.97%
  Batch [250/390] Loss: nan, Acc: 10.20%
  Batch [300/390] Loss: nan, Acc: 10.21%
  Batch [350/390] Loss: nan, Acc: 10.05%
[Epoch 19] Train Loss: nan, Acc: 10.10%  |  Val Loss: nan, Acc: 10.88%  |  Time: 24.1s
  WARNING: train_loss is nan — possible gradient explosion from hook bug. Check that hook divides by world_size exactly once.
[Epoch 19] Summarizing hook timing...
[HOOK_TIMING_SUMMARY] epoch=19 no hook timing samples
[Epoch 19] Hook timing summary done

[Epoch 20] Training... (lr=0.000011)
  Batch [50/390] Loss: nan, Acc: 9.38%
  Batch [100/390] Loss: nan, Acc: 9.75%
  Batch [150/390] Loss: nan, Acc: 10.46%
  Batch [200/390] Loss: nan, Acc: 10.50%
  Batch [250/390] Loss: nan, Acc: 10.62%
  Batch [300/390] Loss: nan, Acc: 10.60%
  Batch [350/390] Loss: nan, Acc: 10.61%
[Epoch 20] Train Loss: nan, Acc: 10.58%  |  Val Loss: nan, Acc: 10.88%  |  Time: 24.1s
  WARNING: train_loss is nan — possible gradient explosion from hook bug. Check that hook divides by world_size exactly once.
[Epoch 20] Summarizing hook timing...
[HOOK_TIMING_SUMMARY] epoch=20 no hook timing samples
[Epoch 20] Hook timing summary done

================================================================================
Done in 486.3s | Best val acc: 10.88%
Epoch times: mean=24.3s  min=23.9s  max=28.2s
================================================================================
