
================================================================================
Distributed Training: RESNEXT101_32X8D on CIFAR10
Backend: MPI, Algorithm: recursive_doubling_zfp_online_coll
================================================================================
Ranks: 8, Epochs: 20, Batch/rank: 16, Effective batch: 128
LR: 0.001, Device: cuda:0

[Setup] Model on cuda:0, wrapped in DDP (static_graph=True)
[Setup] Hook registered: mpi/recursive_doubling_zfp_online_coll
[Data] Train batches: 390, Val batches: 79


[Epoch 1] Training... (lr=0.000001)
  Batch [50/390] Loss: 2.3184, Acc: 10.50%
  Batch [100/390] Loss: 2.3147, Acc: 10.56%
  Batch [150/390] Loss: 2.3142, Acc: 10.54%
  Batch [200/390] Loss: 2.3158, Acc: 10.38%
  Batch [250/390] Loss: 2.3164, Acc: 10.55%
  Batch [300/390] Loss: 2.3158, Acc: 10.81%
  Batch [350/390] Loss: 2.3169, Acc: 10.88%
[Epoch 1] Train Loss: 2.3167, Acc: 10.80%  |  Val Loss: 2.3191, Acc: 9.60%  |  Time: 33.6s
  -> Best model saved (9.60%)
[Epoch 1] Summarizing hook timing...

[HOOK_TIMING_SUMMARY] epoch=1
[HOOK_WORK_SUMMARY] label=mpi:recursive_doubling_zfp_online_coll:rate8 calls=5046 work_total_ms=22764.814 work_mean_ms=4.511 work_min_ms=0.898 work_max_ms=130.297
[HOOK_TAIL_SUMMARY] label=mpi:recursive_doubling_zfp_online_coll:rate8 steps=391 tail_total_ms=15628.784 tail_mean_ms=39.971 tail_min_ms=8.989 tail_max_ms=160.605
[Epoch 1] Hook timing summary done

[Epoch 2] Training... (lr=0.000201)
  Batch [50/390] Loss: 2.3070, Acc: 12.12%
  Batch [100/390] Loss: 2.3022, Acc: 12.62%
  Batch [150/390] Loss: 2.2902, Acc: 13.79%
  Batch [200/390] Loss: 2.2789, Acc: 16.00%
  Batch [250/390] Loss: 2.2666, Acc: 18.07%
  Batch [300/390] Loss: 2.2570, Acc: 19.54%
  Batch [350/390] Loss: 2.2474, Acc: 21.00%
[Epoch 2] Train Loss: 2.2377, Acc: 22.47%  |  Val Loss: 2.1739, Acc: 32.16%  |  Time: 32.6s
  -> Best model saved (32.16%)
[Epoch 2] Summarizing hook timing...

[HOOK_TIMING_SUMMARY] epoch=2
[HOOK_WORK_SUMMARY] label=mpi:recursive_doubling_zfp_online_coll:rate8 calls=5070 work_total_ms=23071.863 work_mean_ms=4.551 work_min_ms=0.871 work_max_ms=11.339
[HOOK_TAIL_SUMMARY] label=mpi:recursive_doubling_zfp_online_coll:rate8 steps=390 tail_total_ms=15954.519 tail_mean_ms=40.909 tail_min_ms=30.728 tail_max_ms=43.825
[Epoch 2] Hook timing summary done

[Epoch 3] Training... (lr=0.000401)
  Batch [50/390] Loss: 2.1273, Acc: 38.62%
  Batch [100/390] Loss: 2.1163, Acc: 39.50%
  Batch [150/390] Loss: 2.0918, Acc: 41.75%
  Batch [200/390] Loss: 2.0644, Acc: 44.03%
  Batch [250/390] Loss: 2.0380, Acc: 46.30%
  Batch [300/390] Loss: 2.0132, Acc: 47.52%
  Batch [350/390] Loss: 1.9900, Acc: 48.57%
[Epoch 3] Train Loss: 1.9710, Acc: 49.58%  |  Val Loss: 1.8165, Acc: 59.84%  |  Time: 32.7s
  -> Best model saved (59.84%)
[Epoch 3] Summarizing hook timing...

[HOOK_TIMING_SUMMARY] epoch=3
[HOOK_WORK_SUMMARY] label=mpi:recursive_doubling_zfp_online_coll:rate8 calls=5070 work_total_ms=23152.547 work_mean_ms=4.567 work_min_ms=0.884 work_max_ms=10.819
[HOOK_TAIL_SUMMARY] label=mpi:recursive_doubling_zfp_online_coll:rate8 steps=390 tail_total_ms=16201.143 tail_mean_ms=41.541 tail_min_ms=35.207 tail_max_ms=43.086
[Epoch 3] Hook timing summary done

[Epoch 4] Training... (lr=0.000600)
  Batch [50/390] Loss: 1.7161, Acc: 61.25%
  Batch [100/390] Loss: 1.6819, Acc: 61.12%
  Batch [150/390] Loss: 1.6413, Acc: 62.12%
  Batch [200/390] Loss: 1.5971, Acc: 62.72%
  Batch [250/390] Loss: 1.5544, Acc: 63.75%
  Batch [300/390] Loss: 1.5184, Acc: 64.06%
  Batch [350/390] Loss: 1.4834, Acc: 64.41%
[Epoch 4] Train Loss: 1.4524, Acc: 65.14%  |  Val Loss: 1.2516, Acc: 76.64%  |  Time: 32.6s
  -> Best model saved (76.64%)
[Epoch 4] Summarizing hook timing...

[HOOK_TIMING_SUMMARY] epoch=4
[HOOK_WORK_SUMMARY] label=mpi:recursive_doubling_zfp_online_coll:rate8 calls=5070 work_total_ms=23005.728 work_mean_ms=4.538 work_min_ms=0.858 work_max_ms=11.217
[HOOK_TAIL_SUMMARY] label=mpi:recursive_doubling_zfp_online_coll:rate8 steps=390 tail_total_ms=15971.048 tail_mean_ms=40.951 tail_min_ms=31.049 tail_max_ms=42.953
[Epoch 4] Hook timing summary done

[Epoch 5] Training... (lr=0.000800)
  Batch [50/390] Loss: 1.1113, Acc: 71.62%
  Batch [100/390] Loss: 1.0825, Acc: 72.81%
  Batch [150/390] Loss: 1.0313, Acc: 73.46%
  Batch [200/390] Loss: 1.0052, Acc: 73.09%
  Batch [250/390] Loss: 0.9807, Acc: 73.67%
  Batch [300/390] Loss: 0.9473, Acc: 74.35%
  Batch [350/390] Loss: 0.9256, Acc: 74.82%
[Epoch 5] Train Loss: 0.9090, Acc: 75.11%  |  Val Loss: 0.7894, Acc: 82.96%  |  Time: 32.7s
  -> Best model saved (82.96%)
[Epoch 5] Summarizing hook timing...

[HOOK_TIMING_SUMMARY] epoch=5
[HOOK_WORK_SUMMARY] label=mpi:recursive_doubling_zfp_online_coll:rate8 calls=5070 work_total_ms=23257.066 work_mean_ms=4.587 work_min_ms=0.878 work_max_ms=10.935
[HOOK_TAIL_SUMMARY] label=mpi:recursive_doubling_zfp_online_coll:rate8 steps=390 tail_total_ms=16339.451 tail_mean_ms=41.896 tail_min_ms=34.929 tail_max_ms=43.552
[Epoch 5] Hook timing summary done

[Epoch 6] Training... (lr=0.001000)
  Batch [50/390] Loss: 0.7373, Acc: 78.12%
  Batch [100/390] Loss: 0.7346, Acc: 76.69%
  Batch [150/390] Loss: 0.7375, Acc: 76.79%
  Batch [200/390] Loss: 0.7125, Acc: 77.84%
  Batch [250/390] Loss: 0.7030, Acc: 78.05%
  Batch [300/390] Loss: 0.6883, Acc: 78.46%
  Batch [350/390] Loss: 0.6790, Acc: 78.66%
[Epoch 6] Train Loss: 0.6705, Acc: 78.85%  |  Val Loss: 0.5536, Acc: 88.24%  |  Time: 32.6s
  -> Best model saved (88.24%)
[Epoch 6] Summarizing hook timing...

[HOOK_TIMING_SUMMARY] epoch=6
[HOOK_WORK_SUMMARY] label=mpi:recursive_doubling_zfp_online_coll:rate8 calls=5070 work_total_ms=23285.814 work_mean_ms=4.593 work_min_ms=0.888 work_max_ms=9.780
[HOOK_TAIL_SUMMARY] label=mpi:recursive_doubling_zfp_online_coll:rate8 steps=390 tail_total_ms=16437.959 tail_mean_ms=42.149 tail_min_ms=34.596 tail_max_ms=43.055
[Epoch 6] Hook timing summary done

[Epoch 7] Training... (lr=0.000989)
  Batch [50/390] Loss: 0.5059, Acc: 83.38%
  Batch [100/390] Loss: 0.5163, Acc: 83.06%
  Batch [150/390] Loss: 0.5133, Acc: 83.38%
  Batch [200/390] Loss: 0.5183, Acc: 83.19%
  Batch [250/390] Loss: 0.5149, Acc: 83.42%
  Batch [300/390] Loss: 0.5003, Acc: 83.98%
  Batch [350/390] Loss: 0.4934, Acc: 84.27%
[Epoch 7] Train Loss: 0.4969, Acc: 84.05%  |  Val Loss: 0.4329, Acc: 90.72%  |  Time: 32.5s
  -> Best model saved (90.72%)
[Epoch 7] Summarizing hook timing...

[HOOK_TIMING_SUMMARY] epoch=7
[HOOK_WORK_SUMMARY] label=mpi:recursive_doubling_zfp_online_coll:rate8 calls=5070 work_total_ms=23000.916 work_mean_ms=4.537 work_min_ms=0.894 work_max_ms=11.302
[HOOK_TAIL_SUMMARY] label=mpi:recursive_doubling_zfp_online_coll:rate8 steps=390 tail_total_ms=16070.555 tail_mean_ms=41.207 tail_min_ms=34.284 tail_max_ms=42.713
[Epoch 7] Hook timing summary done

[Epoch 8] Training... (lr=0.000957)
  Batch [50/390] Loss: 0.4892, Acc: 84.88%
  Batch [100/390] Loss: 0.4560, Acc: 86.38%
  Batch [150/390] Loss: 0.4604, Acc: 86.00%
  Batch [200/390] Loss: 0.4649, Acc: 86.09%
  Batch [250/390] Loss: 0.4698, Acc: 85.60%
  Batch [300/390] Loss: 0.4569, Acc: 85.90%
  Batch [350/390] Loss: 0.4572, Acc: 85.86%
[Epoch 8] Train Loss: 0.4512, Acc: 85.87%  |  Val Loss: 0.3899, Acc: 91.68%  |  Time: 32.6s
  -> Best model saved (91.68%)
[Epoch 8] Summarizing hook timing...

[HOOK_TIMING_SUMMARY] epoch=8
[HOOK_WORK_SUMMARY] label=mpi:recursive_doubling_zfp_online_coll:rate8 calls=5070 work_total_ms=23051.545 work_mean_ms=4.547 work_min_ms=0.863 work_max_ms=11.342
[HOOK_TAIL_SUMMARY] label=mpi:recursive_doubling_zfp_online_coll:rate8 steps=390 tail_total_ms=16023.169 tail_mean_ms=41.085 tail_min_ms=34.733 tail_max_ms=43.058
[Epoch 8] Hook timing summary done

[Epoch 9] Training... (lr=0.000905)
  Batch [50/390] Loss: 0.4373, Acc: 86.12%
  Batch [100/390] Loss: 0.4165, Acc: 86.75%
  Batch [150/390] Loss: 0.4018, Acc: 87.17%
  Batch [200/390] Loss: 0.3957, Acc: 87.66%
  Batch [250/390] Loss: 0.3921, Acc: 87.72%
  Batch [300/390] Loss: 0.3829, Acc: 87.94%
  Batch [350/390] Loss: 0.3883, Acc: 87.71%
[Epoch 9] Train Loss: 0.3879, Acc: 87.76%  |  Val Loss: 0.3550, Acc: 92.88%  |  Time: 32.7s
  -> Best model saved (92.88%)
[Epoch 9] Summarizing hook timing...

[HOOK_TIMING_SUMMARY] epoch=9
[HOOK_WORK_SUMMARY] label=mpi:recursive_doubling_zfp_online_coll:rate8 calls=5070 work_total_ms=22856.422 work_mean_ms=4.508 work_min_ms=0.893 work_max_ms=11.302
[HOOK_TAIL_SUMMARY] label=mpi:recursive_doubling_zfp_online_coll:rate8 steps=390 tail_total_ms=15752.895 tail_mean_ms=40.392 tail_min_ms=33.438 tail_max_ms=46.854
[Epoch 9] Hook timing summary done

[Epoch 10] Training... (lr=0.000835)
  Batch [50/390] Loss: 0.3644, Acc: 88.38%
  Batch [100/390] Loss: 0.3681, Acc: 88.12%
  Batch [150/390] Loss: 0.3619, Acc: 88.38%
  Batch [200/390] Loss: 0.3688, Acc: 88.06%
  Batch [250/390] Loss: 0.3642, Acc: 88.15%
  Batch [300/390] Loss: 0.3578, Acc: 88.46%
  Batch [350/390] Loss: 0.3620, Acc: 88.21%
[Epoch 10] Train Loss: 0.3597, Acc: 88.27%  |  Val Loss: 0.3084, Acc: 93.68%  |  Time: 32.7s
  -> Best model saved (93.68%)
[Epoch 10] Summarizing hook timing...

[HOOK_TIMING_SUMMARY] epoch=10
[HOOK_WORK_SUMMARY] label=mpi:recursive_doubling_zfp_online_coll:rate8 calls=5070 work_total_ms=23153.187 work_mean_ms=4.567 work_min_ms=0.887 work_max_ms=11.013
[HOOK_TAIL_SUMMARY] label=mpi:recursive_doubling_zfp_online_coll:rate8 steps=390 tail_total_ms=16177.614 tail_mean_ms=41.481 tail_min_ms=34.786 tail_max_ms=43.269
[Epoch 10] Hook timing summary done

[Epoch 11] Training... (lr=0.000750)
  Batch [50/390] Loss: 0.3322, Acc: 88.62%
  Batch [100/390] Loss: 0.3213, Acc: 89.31%
  Batch [150/390] Loss: 0.3220, Acc: 89.46%
  Batch [200/390] Loss: 0.3276, Acc: 89.44%
  Batch [250/390] Loss: 0.3275, Acc: 89.50%
  Batch [300/390] Loss: 0.3250, Acc: 89.50%
  Batch [350/390] Loss: 0.3227, Acc: 89.66%
[Epoch 11] Train Loss: 0.3246, Acc: 89.66%  |  Val Loss: 0.2956, Acc: 93.44%  |  Time: 32.7s
[Epoch 11] Summarizing hook timing...

[HOOK_TIMING_SUMMARY] epoch=11
[HOOK_WORK_SUMMARY] label=mpi:recursive_doubling_zfp_online_coll:rate8 calls=5070 work_total_ms=23310.881 work_mean_ms=4.598 work_min_ms=0.884 work_max_ms=10.900
[HOOK_TAIL_SUMMARY] label=mpi:recursive_doubling_zfp_online_coll:rate8 steps=390 tail_total_ms=16434.761 tail_mean_ms=42.140 tail_min_ms=34.869 tail_max_ms=43.172
[Epoch 11] Hook timing summary done

[Epoch 12] Training... (lr=0.000655)
  Batch [50/390] Loss: 0.2832, Acc: 91.12%
  Batch [100/390] Loss: 0.2954, Acc: 90.50%
  Batch [150/390] Loss: 0.3063, Acc: 90.29%
  Batch [200/390] Loss: 0.3057, Acc: 90.12%
  Batch [250/390] Loss: 0.3072, Acc: 90.05%
  Batch [300/390] Loss: 0.3059, Acc: 90.15%
  Batch [350/390] Loss: 0.3048, Acc: 90.11%
[Epoch 12] Train Loss: 0.3072, Acc: 90.13%  |  Val Loss: 0.2838, Acc: 94.48%  |  Time: 32.7s
  -> Best model saved (94.48%)
[Epoch 12] Summarizing hook timing...

[HOOK_TIMING_SUMMARY] epoch=12
[HOOK_WORK_SUMMARY] label=mpi:recursive_doubling_zfp_online_coll:rate8 calls=5070 work_total_ms=22921.407 work_mean_ms=4.521 work_min_ms=0.876 work_max_ms=58.194
[HOOK_TAIL_SUMMARY] label=mpi:recursive_doubling_zfp_online_coll:rate8 steps=390 tail_total_ms=15973.937 tail_mean_ms=40.959 tail_min_ms=39.232 tail_max_ms=91.606
[Epoch 12] Hook timing summary done

[Epoch 13] Training... (lr=0.000552)
  Batch [50/390] Loss: 0.2753, Acc: 91.00%
  Batch [100/390] Loss: 0.2784, Acc: 90.88%
  Batch [150/390] Loss: 0.2755, Acc: 90.79%
  Batch [200/390] Loss: 0.2926, Acc: 90.41%
  Batch [250/390] Loss: 0.2807, Acc: 90.83%
  Batch [300/390] Loss: 0.2841, Acc: 91.00%
  Batch [350/390] Loss: 0.2833, Acc: 91.05%
[Epoch 13] Train Loss: 0.2839, Acc: 91.14%  |  Val Loss: 0.2611, Acc: 94.32%  |  Time: 32.6s
[Epoch 13] Summarizing hook timing...

[HOOK_TIMING_SUMMARY] epoch=13
[HOOK_WORK_SUMMARY] label=mpi:recursive_doubling_zfp_online_coll:rate8 calls=5070 work_total_ms=22843.642 work_mean_ms=4.506 work_min_ms=0.888 work_max_ms=11.241
[HOOK_TAIL_SUMMARY] label=mpi:recursive_doubling_zfp_online_coll:rate8 steps=390 tail_total_ms=15705.661 tail_mean_ms=40.271 tail_min_ms=34.105 tail_max_ms=42.907
[Epoch 13] Hook timing summary done

[Epoch 14] Training... (lr=0.000448)
  Batch [50/390] Loss: 0.3094, Acc: 89.62%
  Batch [100/390] Loss: 0.3180, Acc: 89.44%
  Batch [150/390] Loss: 0.3307, Acc: 88.92%
  Batch [200/390] Loss: 0.3191, Acc: 89.44%
  Batch [250/390] Loss: 0.3120, Acc: 89.72%
  Batch [300/390] Loss: 0.3109, Acc: 89.81%
  Batch [350/390] Loss: 0.3087, Acc: 89.84%
[Epoch 14] Train Loss: 0.3013, Acc: 90.03%  |  Val Loss: 0.2441, Acc: 94.16%  |  Time: 32.7s
[Epoch 14] Summarizing hook timing...

[HOOK_TIMING_SUMMARY] epoch=14
[HOOK_WORK_SUMMARY] label=mpi:recursive_doubling_zfp_online_coll:rate8 calls=5070 work_total_ms=23233.747 work_mean_ms=4.583 work_min_ms=0.882 work_max_ms=71.908
[HOOK_TAIL_SUMMARY] label=mpi:recursive_doubling_zfp_online_coll:rate8 steps=390 tail_total_ms=16377.181 tail_mean_ms=41.993 tail_min_ms=40.761 tail_max_ms=105.226
[Epoch 14] Hook timing summary done

[Epoch 15] Training... (lr=0.000345)
  Batch [50/390] Loss: 0.3141, Acc: 90.25%
  Batch [100/390] Loss: 0.3142, Acc: 90.56%
  Batch [150/390] Loss: 0.3025, Acc: 90.46%
  Batch [200/390] Loss: 0.2947, Acc: 90.56%
  Batch [250/390] Loss: 0.2882, Acc: 90.78%
  Batch [300/390] Loss: 0.2914, Acc: 90.71%
  Batch [350/390] Loss: 0.2883, Acc: 90.61%
[Epoch 15] Train Loss: 0.2878, Acc: 90.62%  |  Val Loss: 0.2476, Acc: 94.80%  |  Time: 32.6s
  -> Best model saved (94.80%)
[Epoch 15] Summarizing hook timing...

[HOOK_TIMING_SUMMARY] epoch=15
[HOOK_WORK_SUMMARY] label=mpi:recursive_doubling_zfp_online_coll:rate8 calls=5070 work_total_ms=22792.794 work_mean_ms=4.496 work_min_ms=0.860 work_max_ms=44.108
[HOOK_TAIL_SUMMARY] label=mpi:recursive_doubling_zfp_online_coll:rate8 steps=390 tail_total_ms=15681.151 tail_mean_ms=40.208 tail_min_ms=38.816 tail_max_ms=77.377
[Epoch 15] Hook timing summary done

[Epoch 16] Training... (lr=0.000250)
  Batch [50/390] Loss: 0.2766, Acc: 92.38%
  Batch [100/390] Loss: 0.2779, Acc: 91.75%
  Batch [150/390] Loss: 0.2738, Acc: 91.46%
  Batch [200/390] Loss: 0.2724, Acc: 91.62%
  Batch [250/390] Loss: 0.2710, Acc: 91.50%
  Batch [300/390] Loss: 0.2742, Acc: 91.23%
  Batch [350/390] Loss: 0.2776, Acc: 91.09%
[Epoch 16] Train Loss: 0.2772, Acc: 91.11%  |  Val Loss: 0.2317, Acc: 94.56%  |  Time: 32.7s
[Epoch 16] Summarizing hook timing...

[HOOK_TIMING_SUMMARY] epoch=16
[HOOK_WORK_SUMMARY] label=mpi:recursive_doubling_zfp_online_coll:rate8 calls=5070 work_total_ms=22918.059 work_mean_ms=4.520 work_min_ms=0.877 work_max_ms=11.230
[HOOK_TAIL_SUMMARY] label=mpi:recursive_doubling_zfp_online_coll:rate8 steps=390 tail_total_ms=15926.475 tail_mean_ms=40.837 tail_min_ms=34.114 tail_max_ms=43.590
[Epoch 16] Hook timing summary done

[Epoch 17] Training... (lr=0.000165)
  Batch [50/390] Loss: 0.2829, Acc: 91.25%
  Batch [100/390] Loss: 0.2515, Acc: 91.88%
  Batch [150/390] Loss: 0.2569, Acc: 91.96%
  Batch [200/390] Loss: 0.2601, Acc: 91.56%
  Batch [250/390] Loss: 0.2680, Acc: 91.42%
  Batch [300/390] Loss: 0.2680, Acc: 91.40%
  Batch [350/390] Loss: 0.2658, Acc: 91.46%
[Epoch 17] Train Loss: 0.2662, Acc: 91.33%  |  Val Loss: 0.2457, Acc: 94.48%  |  Time: 32.9s
[Epoch 17] Summarizing hook timing...

[HOOK_TIMING_SUMMARY] epoch=17
[HOOK_WORK_SUMMARY] label=mpi:recursive_doubling_zfp_online_coll:rate8 calls=5070 work_total_ms=23136.595 work_mean_ms=4.563 work_min_ms=0.888 work_max_ms=39.856
[HOOK_TAIL_SUMMARY] label=mpi:recursive_doubling_zfp_online_coll:rate8 steps=390 tail_total_ms=16188.212 tail_mean_ms=41.508 tail_min_ms=39.553 tail_max_ms=73.375
[Epoch 17] Hook timing summary done

[Epoch 18] Training... (lr=0.000095)
  Batch [50/390] Loss: 0.2544, Acc: 92.75%
  Batch [100/390] Loss: 0.2499, Acc: 91.88%
  Batch [150/390] Loss: 0.2668, Acc: 91.54%
  Batch [200/390] Loss: 0.2612, Acc: 91.53%
  Batch [250/390] Loss: 0.2643, Acc: 91.58%
  Batch [300/390] Loss: 0.2692, Acc: 91.42%
  Batch [350/390] Loss: 0.2659, Acc: 91.52%
[Epoch 18] Train Loss: 0.2649, Acc: 91.51%  |  Val Loss: 0.2354, Acc: 94.96%  |  Time: 32.8s
  -> Best model saved (94.96%)
[Epoch 18] Summarizing hook timing...

[HOOK_TIMING_SUMMARY] epoch=18
[HOOK_WORK_SUMMARY] label=mpi:recursive_doubling_zfp_online_coll:rate8 calls=5070 work_total_ms=23183.490 work_mean_ms=4.573 work_min_ms=0.877 work_max_ms=51.556
[HOOK_TAIL_SUMMARY] label=mpi:recursive_doubling_zfp_online_coll:rate8 steps=390 tail_total_ms=16065.653 tail_mean_ms=41.194 tail_min_ms=38.493 tail_max_ms=84.873
[Epoch 18] Hook timing summary done

[Epoch 19] Training... (lr=0.000043)
  Batch [50/390] Loss: 0.2175, Acc: 92.75%
  Batch [100/390] Loss: 0.2454, Acc: 91.88%
  Batch [150/390] Loss: 0.2489, Acc: 91.75%
  Batch [200/390] Loss: 0.2529, Acc: 91.56%
  Batch [250/390] Loss: 0.2591, Acc: 91.38%
  Batch [300/390] Loss: 0.2631, Acc: 91.17%
  Batch [350/390] Loss: 0.2620, Acc: 91.12%
[Epoch 19] Train Loss: 0.2654, Acc: 91.07%  |  Val Loss: 0.2439, Acc: 94.32%  |  Time: 32.7s
[Epoch 19] Summarizing hook timing...

[HOOK_TIMING_SUMMARY] epoch=19
[HOOK_WORK_SUMMARY] label=mpi:recursive_doubling_zfp_online_coll:rate8 calls=5070 work_total_ms=22959.158 work_mean_ms=4.528 work_min_ms=0.857 work_max_ms=11.132
[HOOK_TAIL_SUMMARY] label=mpi:recursive_doubling_zfp_online_coll:rate8 steps=390 tail_total_ms=15854.841 tail_mean_ms=40.653 tail_min_ms=34.169 tail_max_ms=42.373
[Epoch 19] Hook timing summary done

[Epoch 20] Training... (lr=0.000011)
  Batch [50/390] Loss: 0.2409, Acc: 92.50%
  Batch [100/390] Loss: 0.2475, Acc: 91.94%
  Batch [150/390] Loss: 0.2578, Acc: 91.62%
  Batch [200/390] Loss: 0.2647, Acc: 91.38%
  Batch [250/390] Loss: 0.2654, Acc: 91.30%
  Batch [300/390] Loss: 0.2671, Acc: 91.44%
  Batch [350/390] Loss: 0.2625, Acc: 91.54%
[Epoch 20] Train Loss: 0.2641, Acc: 91.44%  |  Val Loss: 0.2345, Acc: 94.56%  |  Time: 32.7s
[Epoch 20] Summarizing hook timing...

[HOOK_TIMING_SUMMARY] epoch=20
[HOOK_WORK_SUMMARY] label=mpi:recursive_doubling_zfp_online_coll:rate8 calls=5070 work_total_ms=22954.139 work_mean_ms=4.527 work_min_ms=0.856 work_max_ms=69.467
[HOOK_TAIL_SUMMARY] label=mpi:recursive_doubling_zfp_online_coll:rate8 steps=390 tail_total_ms=16014.911 tail_mean_ms=41.064 tail_min_ms=39.417 tail_max_ms=103.690
[Epoch 20] Hook timing summary done

================================================================================
Done in 669.4s | Best val acc: 94.96%
Epoch times: mean=32.7s  min=32.5s  max=33.6s
================================================================================
