
================================================================================
Distributed Training: RESNEXT101_32X8D on CIFAR10
Backend: MPI, Algorithm: ring_zfp_naive
================================================================================
Ranks: 8, Epochs: 20, Batch/rank: 16, Effective batch: 128
LR: 0.001, Device: cuda:0

[Setup] Model on cuda:0, wrapped in DDP (static_graph=True)
[Setup] Hook registered: mpi/ring_zfp_naive
[Data] Train batches: 390, Val batches: 79


[Epoch 1] Training... (lr=0.000001)
  Batch [50/390] Loss: 2.3184, Acc: 10.50%
  Batch [100/390] Loss: 2.3147, Acc: 10.56%
  Batch [150/390] Loss: 2.3142, Acc: 10.58%
  Batch [200/390] Loss: 2.3158, Acc: 10.44%
  Batch [250/390] Loss: 2.3164, Acc: 10.60%
  Batch [300/390] Loss: 2.3158, Acc: 10.85%
  Batch [350/390] Loss: 2.3169, Acc: 10.91%
[Epoch 1] Train Loss: 2.3167, Acc: 10.85%  |  Val Loss: 2.3191, Acc: 9.68%  |  Time: 51.1s
  -> Best model saved (9.68%)
[Epoch 1] Summarizing hook timing...

[HOOK_TIMING_SUMMARY] epoch=1
[HOOK_WORK_SUMMARY] label=mpi:ring_zfp_naive:rate16 calls=5046 work_total_ms=40221.916 work_mean_ms=7.971 work_min_ms=5.296 work_max_ms=132.947
[HOOK_TAIL_SUMMARY] label=mpi:ring_zfp_naive:rate16 steps=391 tail_total_ms=33123.456 tail_mean_ms=84.715 tail_min_ms=18.837 tail_max_ms=192.686
[Epoch 1] Hook timing summary done

[Epoch 2] Training... (lr=0.000201)
  Batch [50/390] Loss: 2.3083, Acc: 11.50%
  Batch [100/390] Loss: 2.3016, Acc: 12.81%
  Batch [150/390] Loss: 2.2887, Acc: 14.33%
  Batch [200/390] Loss: 2.2768, Acc: 15.81%
  Batch [250/390] Loss: 2.2645, Acc: 18.18%
  Batch [300/390] Loss: 2.2547, Acc: 19.62%
  Batch [350/390] Loss: 2.2452, Acc: 21.18%
[Epoch 2] Train Loss: 2.2356, Acc: 22.64%  |  Val Loss: 2.1723, Acc: 31.68%  |  Time: 50.2s
  -> Best model saved (31.68%)
[Epoch 2] Summarizing hook timing...

[HOOK_TIMING_SUMMARY] epoch=2
[HOOK_WORK_SUMMARY] label=mpi:ring_zfp_naive:rate16 calls=5070 work_total_ms=40442.045 work_mean_ms=7.977 work_min_ms=5.229 work_max_ms=24.407
[HOOK_TAIL_SUMMARY] label=mpi:ring_zfp_naive:rate16 steps=390 tail_total_ms=33305.874 tail_mean_ms=85.400 tail_min_ms=78.893 tail_max_ms=108.245
[Epoch 2] Hook timing summary done

[Epoch 3] Training... (lr=0.000401)
  Batch [50/390] Loss: 2.1274, Acc: 36.75%
  Batch [100/390] Loss: 2.1177, Acc: 38.44%
  Batch [150/390] Loss: 2.0934, Acc: 41.17%
  Batch [200/390] Loss: 2.0653, Acc: 43.41%
  Batch [250/390] Loss: 2.0395, Acc: 45.92%
  Batch [300/390] Loss: 2.0152, Acc: 47.04%
  Batch [350/390] Loss: 1.9928, Acc: 48.02%
[Epoch 3] Train Loss: 1.9741, Acc: 49.10%  |  Val Loss: 1.8344, Acc: 60.08%  |  Time: 50.2s
  -> Best model saved (60.08%)
[Epoch 3] Summarizing hook timing...

[HOOK_TIMING_SUMMARY] epoch=3
[HOOK_WORK_SUMMARY] label=mpi:ring_zfp_naive:rate16 calls=5070 work_total_ms=40376.855 work_mean_ms=7.964 work_min_ms=5.249 work_max_ms=20.811
[HOOK_TAIL_SUMMARY] label=mpi:ring_zfp_naive:rate16 steps=390 tail_total_ms=33287.138 tail_mean_ms=85.352 tail_min_ms=78.901 tail_max_ms=108.399
[Epoch 3] Hook timing summary done

[Epoch 4] Training... (lr=0.000600)
  Batch [50/390] Loss: 1.7218, Acc: 61.12%
  Batch [100/390] Loss: 1.6931, Acc: 61.00%
  Batch [150/390] Loss: 1.6540, Acc: 61.83%
  Batch [200/390] Loss: 1.6094, Acc: 62.72%
  Batch [250/390] Loss: 1.5679, Acc: 63.62%
  Batch [300/390] Loss: 1.5317, Acc: 63.88%
  Batch [350/390] Loss: 1.4973, Acc: 64.36%
[Epoch 4] Train Loss: 1.4653, Acc: 64.97%  |  Val Loss: 1.2525, Acc: 76.96%  |  Time: 50.3s
  -> Best model saved (76.96%)
[Epoch 4] Summarizing hook timing...

[HOOK_TIMING_SUMMARY] epoch=4
[HOOK_WORK_SUMMARY] label=mpi:ring_zfp_naive:rate16 calls=5070 work_total_ms=40577.396 work_mean_ms=8.003 work_min_ms=5.314 work_max_ms=24.765
[HOOK_TAIL_SUMMARY] label=mpi:ring_zfp_naive:rate16 steps=390 tail_total_ms=33576.315 tail_mean_ms=86.093 tail_min_ms=77.740 tail_max_ms=113.857
[Epoch 4] Hook timing summary done

[Epoch 5] Training... (lr=0.000800)
  Batch [50/390] Loss: 1.1203, Acc: 72.75%
  Batch [100/390] Loss: 1.0958, Acc: 72.75%
  Batch [150/390] Loss: 1.0400, Acc: 73.50%
  Batch [200/390] Loss: 1.0109, Acc: 73.41%
  Batch [250/390] Loss: 0.9857, Acc: 73.75%
  Batch [300/390] Loss: 0.9529, Acc: 74.44%
  Batch [350/390] Loss: 0.9309, Acc: 74.88%
[Epoch 5] Train Loss: 0.9144, Acc: 75.14%  |  Val Loss: 0.7926, Acc: 82.72%  |  Time: 50.3s
  -> Best model saved (82.72%)
[Epoch 5] Summarizing hook timing...

[HOOK_TIMING_SUMMARY] epoch=5
[HOOK_WORK_SUMMARY] label=mpi:ring_zfp_naive:rate16 calls=5070 work_total_ms=40508.884 work_mean_ms=7.990 work_min_ms=5.279 work_max_ms=22.227
[HOOK_TAIL_SUMMARY] label=mpi:ring_zfp_naive:rate16 steps=390 tail_total_ms=33419.715 tail_mean_ms=85.692 tail_min_ms=78.004 tail_max_ms=108.099
[Epoch 5] Hook timing summary done

[Epoch 6] Training... (lr=0.001000)
  Batch [50/390] Loss: 0.7338, Acc: 78.75%
  Batch [100/390] Loss: 0.7301, Acc: 77.50%
  Batch [150/390] Loss: 0.7348, Acc: 77.21%
  Batch [200/390] Loss: 0.7125, Acc: 77.97%
  Batch [250/390] Loss: 0.7024, Acc: 78.17%
  Batch [300/390] Loss: 0.6884, Acc: 78.60%
  Batch [350/390] Loss: 0.6784, Acc: 78.96%
[Epoch 6] Train Loss: 0.6709, Acc: 79.25%  |  Val Loss: 0.5545, Acc: 87.92%  |  Time: 49.9s
  -> Best model saved (87.92%)
[Epoch 6] Summarizing hook timing...

[HOOK_TIMING_SUMMARY] epoch=6
[HOOK_WORK_SUMMARY] label=mpi:ring_zfp_naive:rate16 calls=5070 work_total_ms=40229.627 work_mean_ms=7.935 work_min_ms=5.298 work_max_ms=22.677
[HOOK_TAIL_SUMMARY] label=mpi:ring_zfp_naive:rate16 steps=390 tail_total_ms=33023.931 tail_mean_ms=84.677 tail_min_ms=76.564 tail_max_ms=106.866
[Epoch 6] Hook timing summary done

[Epoch 7] Training... (lr=0.000989)
  Batch [50/390] Loss: 0.5070, Acc: 83.25%
  Batch [100/390] Loss: 0.5198, Acc: 82.88%
  Batch [150/390] Loss: 0.5159, Acc: 83.17%
  Batch [200/390] Loss: 0.5210, Acc: 82.81%
  Batch [250/390] Loss: 0.5164, Acc: 83.05%
  Batch [300/390] Loss: 0.5017, Acc: 83.67%
  Batch [350/390] Loss: 0.4947, Acc: 83.84%
[Epoch 7] Train Loss: 0.4970, Acc: 83.72%  |  Val Loss: 0.4365, Acc: 90.80%  |  Time: 50.1s
  -> Best model saved (90.80%)
[Epoch 7] Summarizing hook timing...

[HOOK_TIMING_SUMMARY] epoch=7
[HOOK_WORK_SUMMARY] label=mpi:ring_zfp_naive:rate16 calls=5070 work_total_ms=40389.655 work_mean_ms=7.966 work_min_ms=5.269 work_max_ms=19.488
[HOOK_TAIL_SUMMARY] label=mpi:ring_zfp_naive:rate16 steps=390 tail_total_ms=33132.120 tail_mean_ms=84.954 tail_min_ms=78.527 tail_max_ms=108.336
[Epoch 7] Hook timing summary done

[Epoch 8] Training... (lr=0.000957)
  Batch [50/390] Loss: 0.4872, Acc: 85.25%
  Batch [100/390] Loss: 0.4557, Acc: 86.44%
  Batch [150/390] Loss: 0.4578, Acc: 86.04%
  Batch [200/390] Loss: 0.4611, Acc: 85.97%
  Batch [250/390] Loss: 0.4672, Acc: 85.55%
  Batch [300/390] Loss: 0.4551, Acc: 85.79%
  Batch [350/390] Loss: 0.4548, Acc: 85.80%
[Epoch 8] Train Loss: 0.4493, Acc: 85.91%  |  Val Loss: 0.3947, Acc: 91.92%  |  Time: 50.2s
  -> Best model saved (91.92%)
[Epoch 8] Summarizing hook timing...

[HOOK_TIMING_SUMMARY] epoch=8
[HOOK_WORK_SUMMARY] label=mpi:ring_zfp_naive:rate16 calls=5070 work_total_ms=40345.757 work_mean_ms=7.958 work_min_ms=5.282 work_max_ms=25.983
[HOOK_TAIL_SUMMARY] label=mpi:ring_zfp_naive:rate16 steps=390 tail_total_ms=32996.209 tail_mean_ms=84.606 tail_min_ms=76.729 tail_max_ms=106.396
[Epoch 8] Hook timing summary done

[Epoch 9] Training... (lr=0.000905)
  Batch [50/390] Loss: 0.4276, Acc: 86.25%
  Batch [100/390] Loss: 0.4093, Acc: 87.00%
  Batch [150/390] Loss: 0.3976, Acc: 87.00%
  Batch [200/390] Loss: 0.3900, Acc: 87.56%
  Batch [250/390] Loss: 0.3891, Acc: 87.47%
  Batch [300/390] Loss: 0.3814, Acc: 87.77%
  Batch [350/390] Loss: 0.3886, Acc: 87.39%
[Epoch 9] Train Loss: 0.3887, Acc: 87.44%  |  Val Loss: 0.3572, Acc: 92.72%  |  Time: 50.2s
  -> Best model saved (92.72%)
[Epoch 9] Summarizing hook timing...

[HOOK_TIMING_SUMMARY] epoch=9
[HOOK_WORK_SUMMARY] label=mpi:ring_zfp_naive:rate16 calls=5070 work_total_ms=40553.446 work_mean_ms=7.999 work_min_ms=5.311 work_max_ms=18.437
[HOOK_TAIL_SUMMARY] label=mpi:ring_zfp_naive:rate16 steps=390 tail_total_ms=33427.676 tail_mean_ms=85.712 tail_min_ms=76.387 tail_max_ms=102.686
[Epoch 9] Hook timing summary done

[Epoch 10] Training... (lr=0.000835)
  Batch [50/390] Loss: 0.3743, Acc: 88.38%
  Batch [100/390] Loss: 0.3702, Acc: 88.31%
  Batch [150/390] Loss: 0.3598, Acc: 88.83%
  Batch [200/390] Loss: 0.3682, Acc: 88.25%
  Batch [250/390] Loss: 0.3640, Acc: 88.05%
  Batch [300/390] Loss: 0.3580, Acc: 88.38%
  Batch [350/390] Loss: 0.3615, Acc: 88.09%
[Epoch 10] Train Loss: 0.3598, Acc: 88.11%  |  Val Loss: 0.3110, Acc: 93.92%  |  Time: 50.1s
  -> Best model saved (93.92%)
[Epoch 10] Summarizing hook timing...

[HOOK_TIMING_SUMMARY] epoch=10
[HOOK_WORK_SUMMARY] label=mpi:ring_zfp_naive:rate16 calls=5070 work_total_ms=40210.639 work_mean_ms=7.931 work_min_ms=5.281 work_max_ms=24.564
[HOOK_TAIL_SUMMARY] label=mpi:ring_zfp_naive:rate16 steps=390 tail_total_ms=32958.665 tail_mean_ms=84.509 tail_min_ms=79.859 tail_max_ms=111.405
[Epoch 10] Hook timing summary done

[Epoch 11] Training... (lr=0.000750)
  Batch [50/390] Loss: 0.3318, Acc: 88.75%
  Batch [100/390] Loss: 0.3237, Acc: 89.38%
  Batch [150/390] Loss: 0.3249, Acc: 89.38%
  Batch [200/390] Loss: 0.3296, Acc: 89.25%
  Batch [250/390] Loss: 0.3296, Acc: 89.17%
  Batch [300/390] Loss: 0.3278, Acc: 89.12%
  Batch [350/390] Loss: 0.3250, Acc: 89.30%
[Epoch 11] Train Loss: 0.3264, Acc: 89.26%  |  Val Loss: 0.3001, Acc: 93.52%  |  Time: 50.2s
[Epoch 11] Summarizing hook timing...

[HOOK_TIMING_SUMMARY] epoch=11
[HOOK_WORK_SUMMARY] label=mpi:ring_zfp_naive:rate16 calls=5070 work_total_ms=40761.168 work_mean_ms=8.040 work_min_ms=5.272 work_max_ms=24.147
[HOOK_TAIL_SUMMARY] label=mpi:ring_zfp_naive:rate16 steps=390 tail_total_ms=33773.426 tail_mean_ms=86.599 tail_min_ms=77.118 tail_max_ms=111.114
[Epoch 11] Hook timing summary done

[Epoch 12] Training... (lr=0.000655)
  Batch [50/390] Loss: 0.2938, Acc: 91.38%
  Batch [100/390] Loss: 0.3048, Acc: 90.75%
  Batch [150/390] Loss: 0.3131, Acc: 90.25%
  Batch [200/390] Loss: 0.3098, Acc: 90.25%
  Batch [250/390] Loss: 0.3100, Acc: 90.03%
  Batch [300/390] Loss: 0.3079, Acc: 90.19%
  Batch [350/390] Loss: 0.3056, Acc: 90.16%
[Epoch 12] Train Loss: 0.3070, Acc: 90.16%  |  Val Loss: 0.2862, Acc: 94.72%  |  Time: 50.1s
  -> Best model saved (94.72%)
[Epoch 12] Summarizing hook timing...

[HOOK_TIMING_SUMMARY] epoch=12
[HOOK_WORK_SUMMARY] label=mpi:ring_zfp_naive:rate16 calls=5070 work_total_ms=40157.713 work_mean_ms=7.921 work_min_ms=5.283 work_max_ms=35.131
[HOOK_TAIL_SUMMARY] label=mpi:ring_zfp_naive:rate16 steps=390 tail_total_ms=32774.795 tail_mean_ms=84.038 tail_min_ms=81.744 tail_max_ms=107.241
[Epoch 12] Hook timing summary done

[Epoch 13] Training... (lr=0.000552)
  Batch [50/390] Loss: 0.2809, Acc: 91.25%
  Batch [100/390] Loss: 0.2775, Acc: 91.31%
  Batch [150/390] Loss: 0.2778, Acc: 91.04%
  Batch [200/390] Loss: 0.2946, Acc: 90.62%
  Batch [250/390] Loss: 0.2821, Acc: 91.08%
  Batch [300/390] Loss: 0.2849, Acc: 91.17%
  Batch [350/390] Loss: 0.2845, Acc: 91.16%
[Epoch 13] Train Loss: 0.2849, Acc: 91.20%  |  Val Loss: 0.2628, Acc: 93.84%  |  Time: 50.2s
[Epoch 13] Summarizing hook timing...

[HOOK_TIMING_SUMMARY] epoch=13
[HOOK_WORK_SUMMARY] label=mpi:ring_zfp_naive:rate16 calls=5070 work_total_ms=40782.542 work_mean_ms=8.044 work_min_ms=5.266 work_max_ms=23.279
[HOOK_TAIL_SUMMARY] label=mpi:ring_zfp_naive:rate16 steps=390 tail_total_ms=33812.638 tail_mean_ms=86.699 tail_min_ms=78.442 tail_max_ms=111.318
[Epoch 13] Hook timing summary done

[Epoch 14] Training... (lr=0.000448)
  Batch [50/390] Loss: 0.3167, Acc: 89.50%
  Batch [100/390] Loss: 0.3170, Acc: 89.38%
  Batch [150/390] Loss: 0.3276, Acc: 89.04%
  Batch [200/390] Loss: 0.3169, Acc: 89.47%
  Batch [250/390] Loss: 0.3102, Acc: 89.62%
  Batch [300/390] Loss: 0.3094, Acc: 89.67%
  Batch [350/390] Loss: 0.3078, Acc: 89.70%
[Epoch 14] Train Loss: 0.3007, Acc: 89.97%  |  Val Loss: 0.2445, Acc: 94.32%  |  Time: 50.3s
[Epoch 14] Summarizing hook timing...

[HOOK_TIMING_SUMMARY] epoch=14
[HOOK_WORK_SUMMARY] label=mpi:ring_zfp_naive:rate16 calls=5070 work_total_ms=40730.779 work_mean_ms=8.034 work_min_ms=5.269 work_max_ms=58.402
[HOOK_TAIL_SUMMARY] label=mpi:ring_zfp_naive:rate16 steps=390 tail_total_ms=33581.925 tail_mean_ms=86.107 tail_min_ms=80.651 tail_max_ms=132.283
[Epoch 14] Hook timing summary done

[Epoch 15] Training... (lr=0.000345)
  Batch [50/390] Loss: 0.3070, Acc: 90.75%
  Batch [100/390] Loss: 0.3080, Acc: 90.50%
  Batch [150/390] Loss: 0.2971, Acc: 90.38%
  Batch [200/390] Loss: 0.2907, Acc: 90.53%
  Batch [250/390] Loss: 0.2851, Acc: 90.67%
  Batch [300/390] Loss: 0.2890, Acc: 90.62%
  Batch [350/390] Loss: 0.2859, Acc: 90.61%
[Epoch 15] Train Loss: 0.2847, Acc: 90.69%  |  Val Loss: 0.2460, Acc: 94.64%  |  Time: 50.2s
[Epoch 15] Summarizing hook timing...

[HOOK_TIMING_SUMMARY] epoch=15
[HOOK_WORK_SUMMARY] label=mpi:ring_zfp_naive:rate16 calls=5070 work_total_ms=40497.579 work_mean_ms=7.988 work_min_ms=5.285 work_max_ms=55.138
[HOOK_TAIL_SUMMARY] label=mpi:ring_zfp_naive:rate16 steps=390 tail_total_ms=33239.164 tail_mean_ms=85.229 tail_min_ms=81.788 tail_max_ms=128.443
[Epoch 15] Hook timing summary done

[Epoch 16] Training... (lr=0.000250)
  Batch [50/390] Loss: 0.2752, Acc: 91.88%
  Batch [100/390] Loss: 0.2786, Acc: 91.50%
  Batch [150/390] Loss: 0.2756, Acc: 91.04%
  Batch [200/390] Loss: 0.2747, Acc: 91.34%
  Batch [250/390] Loss: 0.2742, Acc: 91.22%
  Batch [300/390] Loss: 0.2790, Acc: 90.96%
  Batch [350/390] Loss: 0.2835, Acc: 90.79%
[Epoch 16] Train Loss: 0.2826, Acc: 90.90%  |  Val Loss: 0.2310, Acc: 94.00%  |  Time: 50.2s
[Epoch 16] Summarizing hook timing...

[HOOK_TIMING_SUMMARY] epoch=16
[HOOK_WORK_SUMMARY] label=mpi:ring_zfp_naive:rate16 calls=5070 work_total_ms=40610.979 work_mean_ms=8.010 work_min_ms=5.326 work_max_ms=45.750
[HOOK_TAIL_SUMMARY] label=mpi:ring_zfp_naive:rate16 steps=390 tail_total_ms=33388.460 tail_mean_ms=85.611 tail_min_ms=83.511 tail_max_ms=119.257
[Epoch 16] Hook timing summary done

[Epoch 17] Training... (lr=0.000165)
  Batch [50/390] Loss: 0.2852, Acc: 91.62%
  Batch [100/390] Loss: 0.2532, Acc: 91.94%
  Batch [150/390] Loss: 0.2576, Acc: 91.96%
  Batch [200/390] Loss: 0.2604, Acc: 91.59%
  Batch [250/390] Loss: 0.2674, Acc: 91.28%
  Batch [300/390] Loss: 0.2689, Acc: 91.33%
  Batch [350/390] Loss: 0.2668, Acc: 91.36%
[Epoch 17] Train Loss: 0.2671, Acc: 91.20%  |  Val Loss: 0.2451, Acc: 94.48%  |  Time: 50.2s
[Epoch 17] Summarizing hook timing...

[HOOK_TIMING_SUMMARY] epoch=17
[HOOK_WORK_SUMMARY] label=mpi:ring_zfp_naive:rate16 calls=5070 work_total_ms=40614.827 work_mean_ms=8.011 work_min_ms=5.321 work_max_ms=33.672
[HOOK_TAIL_SUMMARY] label=mpi:ring_zfp_naive:rate16 steps=390 tail_total_ms=33537.072 tail_mean_ms=85.992 tail_min_ms=82.754 tail_max_ms=109.290
[Epoch 17] Hook timing summary done

[Epoch 18] Training... (lr=0.000095)
  Batch [50/390] Loss: 0.2545, Acc: 92.12%
  Batch [100/390] Loss: 0.2508, Acc: 91.69%
  Batch [150/390] Loss: 0.2654, Acc: 91.50%
  Batch [200/390] Loss: 0.2598, Acc: 91.50%
  Batch [250/390] Loss: 0.2615, Acc: 91.62%
  Batch [300/390] Loss: 0.2675, Acc: 91.38%
  Batch [350/390] Loss: 0.2651, Acc: 91.41%
[Epoch 18] Train Loss: 0.2648, Acc: 91.35%  |  Val Loss: 0.2384, Acc: 94.80%  |  Time: 50.1s
  -> Best model saved (94.80%)
[Epoch 18] Summarizing hook timing...

[HOOK_TIMING_SUMMARY] epoch=18
[HOOK_WORK_SUMMARY] label=mpi:ring_zfp_naive:rate16 calls=5070 work_total_ms=40499.742 work_mean_ms=7.988 work_min_ms=5.310 work_max_ms=36.891
[HOOK_TAIL_SUMMARY] label=mpi:ring_zfp_naive:rate16 steps=390 tail_total_ms=33452.783 tail_mean_ms=85.776 tail_min_ms=82.379 tail_max_ms=111.072
[Epoch 18] Hook timing summary done

[Epoch 19] Training... (lr=0.000043)
  Batch [50/390] Loss: 0.2187, Acc: 92.75%
  Batch [100/390] Loss: 0.2447, Acc: 92.19%
  Batch [150/390] Loss: 0.2483, Acc: 91.83%
  Batch [200/390] Loss: 0.2525, Acc: 91.50%
  Batch [250/390] Loss: 0.2584, Acc: 91.38%
  Batch [300/390] Loss: 0.2627, Acc: 91.08%
  Batch [350/390] Loss: 0.2627, Acc: 91.12%
[Epoch 19] Train Loss: 0.2658, Acc: 91.01%  |  Val Loss: 0.2444, Acc: 94.24%  |  Time: 50.2s
[Epoch 19] Summarizing hook timing...

[HOOK_TIMING_SUMMARY] epoch=19
[HOOK_WORK_SUMMARY] label=mpi:ring_zfp_naive:rate16 calls=5070 work_total_ms=40210.839 work_mean_ms=7.931 work_min_ms=5.299 work_max_ms=18.908
[HOOK_TAIL_SUMMARY] label=mpi:ring_zfp_naive:rate16 steps=390 tail_total_ms=33106.601 tail_mean_ms=84.889 tail_min_ms=78.156 tail_max_ms=110.228
[Epoch 19] Hook timing summary done

[Epoch 20] Training... (lr=0.000011)
  Batch [50/390] Loss: 0.2431, Acc: 92.62%
  Batch [100/390] Loss: 0.2459, Acc: 92.12%
  Batch [150/390] Loss: 0.2568, Acc: 91.42%
  Batch [200/390] Loss: 0.2629, Acc: 91.12%
  Batch [250/390] Loss: 0.2634, Acc: 91.22%
  Batch [300/390] Loss: 0.2649, Acc: 91.29%
  Batch [350/390] Loss: 0.2606, Acc: 91.52%
[Epoch 20] Train Loss: 0.2624, Acc: 91.39%  |  Val Loss: 0.2370, Acc: 94.56%  |  Time: 50.2s
[Epoch 20] Summarizing hook timing...

[HOOK_TIMING_SUMMARY] epoch=20
[HOOK_WORK_SUMMARY] label=mpi:ring_zfp_naive:rate16 calls=5070 work_total_ms=40703.588 work_mean_ms=8.028 work_min_ms=5.262 work_max_ms=41.619
[HOOK_TAIL_SUMMARY] label=mpi:ring_zfp_naive:rate16 steps=390 tail_total_ms=33754.858 tail_mean_ms=86.551 tail_min_ms=82.619 tail_max_ms=115.051
[Epoch 20] Hook timing summary done

================================================================================
Done in 1018.1s | Best val acc: 94.80%
Epoch times: mean=50.2s  min=49.9s  max=51.1s
================================================================================
