
================================================================================
Distributed Training: RESNEXT101_32X8D on CIFAR10
Backend: MPI, Algorithm: recursive_doubling
================================================================================
Ranks: 8, Epochs: 20, Batch/rank: 16, Effective batch: 128
LR: 0.001, Device: cuda:0

[Setup] Model on cuda:0, wrapped in DDP (static_graph=True)
[Setup] Hook registered: mpi/recursive_doubling
[Data] Train batches: 390, Val batches: 79


[Epoch 1] Training... (lr=0.000001)
  Batch [50/390] Loss: 2.3184, Acc: 10.50%
  Batch [100/390] Loss: 2.3147, Acc: 10.56%
  Batch [150/390] Loss: 2.3142, Acc: 10.54%
  Batch [200/390] Loss: 2.3158, Acc: 10.41%
  Batch [250/390] Loss: 2.3164, Acc: 10.55%
  Batch [300/390] Loss: 2.3158, Acc: 10.79%
  Batch [350/390] Loss: 2.3169, Acc: 10.84%
[Epoch 1] Train Loss: 2.3167, Acc: 10.79%  |  Val Loss: 2.3191, Acc: 9.60%  |  Time: 46.4s
  -> Best model saved (9.60%)
[Epoch 1] Summarizing hook timing...

[HOOK_TIMING_SUMMARY] epoch=1
[HOOK_WORK_SUMMARY] label=mpi:recursive_doubling calls=5046 work_total_ms=34212.242 work_mean_ms=6.780 work_min_ms=1.324 work_max_ms=71.694
[HOOK_TAIL_SUMMARY] label=mpi:recursive_doubling steps=391 tail_total_ms=27563.250 tail_mean_ms=70.494 tail_min_ms=11.716 tail_max_ms=80.168
[Epoch 1] Hook timing summary done

[Epoch 2] Training... (lr=0.000201)
  Batch [50/390] Loss: 2.3082, Acc: 11.38%
  Batch [100/390] Loss: 2.3018, Acc: 13.00%
  Batch [150/390] Loss: 2.2892, Acc: 14.21%
  Batch [200/390] Loss: 2.2768, Acc: 16.19%
  Batch [250/390] Loss: 2.2644, Acc: 18.38%
  Batch [300/390] Loss: 2.2544, Acc: 19.94%
  Batch [350/390] Loss: 2.2446, Acc: 21.48%
[Epoch 2] Train Loss: 2.2347, Acc: 23.06%  |  Val Loss: 2.1705, Acc: 31.68%  |  Time: 43.4s
  -> Best model saved (31.68%)
[Epoch 2] Summarizing hook timing...

[HOOK_TIMING_SUMMARY] epoch=2
[HOOK_WORK_SUMMARY] label=mpi:recursive_doubling calls=5070 work_total_ms=34139.604 work_mean_ms=6.734 work_min_ms=1.248 work_max_ms=16.183
[HOOK_TAIL_SUMMARY] label=mpi:recursive_doubling steps=390 tail_total_ms=27529.722 tail_mean_ms=70.589 tail_min_ms=62.100 tail_max_ms=77.593
[Epoch 2] Hook timing summary done

[Epoch 3] Training... (lr=0.000401)
  Batch [50/390] Loss: 2.1242, Acc: 38.75%
  Batch [100/390] Loss: 2.1129, Acc: 39.81%
  Batch [150/390] Loss: 2.0897, Acc: 41.83%
  Batch [200/390] Loss: 2.0612, Acc: 44.31%
  Batch [250/390] Loss: 2.0333, Acc: 47.05%
  Batch [300/390] Loss: 2.0073, Acc: 48.33%
  Batch [350/390] Loss: 1.9832, Acc: 49.21%
[Epoch 3] Train Loss: 1.9633, Acc: 50.24%  |  Val Loss: 1.7912, Acc: 60.80%  |  Time: 43.5s
  -> Best model saved (60.80%)
[Epoch 3] Summarizing hook timing...

[HOOK_TIMING_SUMMARY] epoch=3
[HOOK_WORK_SUMMARY] label=mpi:recursive_doubling calls=5070 work_total_ms=34048.282 work_mean_ms=6.716 work_min_ms=1.347 work_max_ms=15.919
[HOOK_TAIL_SUMMARY] label=mpi:recursive_doubling steps=390 tail_total_ms=27388.116 tail_mean_ms=70.226 tail_min_ms=63.410 tail_max_ms=78.008
[Epoch 3] Hook timing summary done

[Epoch 4] Training... (lr=0.000600)
  Batch [50/390] Loss: 1.6931, Acc: 61.75%
  Batch [100/390] Loss: 1.6623, Acc: 61.75%
  Batch [150/390] Loss: 1.6195, Acc: 62.71%
  Batch [200/390] Loss: 1.5739, Acc: 63.59%
  Batch [250/390] Loss: 1.5303, Acc: 64.53%
  Batch [300/390] Loss: 1.4932, Acc: 64.77%
  Batch [350/390] Loss: 1.4588, Acc: 65.11%
[Epoch 4] Train Loss: 1.4285, Acc: 65.69%  |  Val Loss: 1.2396, Acc: 76.80%  |  Time: 43.5s
  -> Best model saved (76.80%)
[Epoch 4] Summarizing hook timing...

[HOOK_TIMING_SUMMARY] epoch=4
[HOOK_WORK_SUMMARY] label=mpi:recursive_doubling calls=5070 work_total_ms=34283.016 work_mean_ms=6.762 work_min_ms=1.369 work_max_ms=15.579
[HOOK_TAIL_SUMMARY] label=mpi:recursive_doubling steps=390 tail_total_ms=27750.953 tail_mean_ms=71.156 tail_min_ms=63.888 tail_max_ms=77.347
[Epoch 4] Hook timing summary done

[Epoch 5] Training... (lr=0.000800)
  Batch [50/390] Loss: 1.0969, Acc: 71.62%
  Batch [100/390] Loss: 1.0722, Acc: 72.00%
  Batch [150/390] Loss: 1.0212, Acc: 73.08%
  Batch [200/390] Loss: 0.9972, Acc: 72.91%
  Batch [250/390] Loss: 0.9740, Acc: 73.55%
  Batch [300/390] Loss: 0.9401, Acc: 74.31%
  Batch [350/390] Loss: 0.9188, Acc: 74.64%
[Epoch 5] Train Loss: 0.9022, Acc: 74.97%  |  Val Loss: 0.7978, Acc: 83.12%  |  Time: 43.5s
  -> Best model saved (83.12%)
[Epoch 5] Summarizing hook timing...

[HOOK_TIMING_SUMMARY] epoch=5
[HOOK_WORK_SUMMARY] label=mpi:recursive_doubling calls=5070 work_total_ms=34217.147 work_mean_ms=6.749 work_min_ms=1.308 work_max_ms=15.587
[HOOK_TAIL_SUMMARY] label=mpi:recursive_doubling steps=390 tail_total_ms=27510.717 tail_mean_ms=70.540 tail_min_ms=64.251 tail_max_ms=78.421
[Epoch 5] Hook timing summary done

[Epoch 6] Training... (lr=0.001000)
  Batch [50/390] Loss: 0.7382, Acc: 77.62%
  Batch [100/390] Loss: 0.7237, Acc: 77.12%
  Batch [150/390] Loss: 0.7337, Acc: 77.12%
  Batch [200/390] Loss: 0.7117, Acc: 78.06%
  Batch [250/390] Loss: 0.6975, Acc: 78.35%
  Batch [300/390] Loss: 0.6848, Acc: 78.79%
  Batch [350/390] Loss: 0.6760, Acc: 78.93%
[Epoch 6] Train Loss: 0.6688, Acc: 79.09%  |  Val Loss: 0.5584, Acc: 87.84%  |  Time: 43.6s
  -> Best model saved (87.84%)
[Epoch 6] Summarizing hook timing...

[HOOK_TIMING_SUMMARY] epoch=6
[HOOK_WORK_SUMMARY] label=mpi:recursive_doubling calls=5070 work_total_ms=34079.796 work_mean_ms=6.722 work_min_ms=1.303 work_max_ms=15.613
[HOOK_TAIL_SUMMARY] label=mpi:recursive_doubling steps=390 tail_total_ms=27314.078 tail_mean_ms=70.036 tail_min_ms=63.706 tail_max_ms=76.377
[Epoch 6] Hook timing summary done

[Epoch 7] Training... (lr=0.000989)
  Batch [50/390] Loss: 0.4988, Acc: 83.75%
  Batch [100/390] Loss: 0.5098, Acc: 83.06%
  Batch [150/390] Loss: 0.5058, Acc: 83.62%
  Batch [200/390] Loss: 0.5122, Acc: 83.25%
  Batch [250/390] Loss: 0.5114, Acc: 83.40%
  Batch [300/390] Loss: 0.4978, Acc: 83.98%
  Batch [350/390] Loss: 0.4911, Acc: 84.27%
[Epoch 7] Train Loss: 0.4939, Acc: 84.09%  |  Val Loss: 0.4332, Acc: 90.96%  |  Time: 43.3s
  -> Best model saved (90.96%)
[Epoch 7] Summarizing hook timing...

[HOOK_TIMING_SUMMARY] epoch=7
[HOOK_WORK_SUMMARY] label=mpi:recursive_doubling calls=5070 work_total_ms=34075.805 work_mean_ms=6.721 work_min_ms=1.150 work_max_ms=15.977
[HOOK_TAIL_SUMMARY] label=mpi:recursive_doubling steps=390 tail_total_ms=27478.795 tail_mean_ms=70.458 tail_min_ms=63.931 tail_max_ms=77.790
[Epoch 7] Hook timing summary done

[Epoch 8] Training... (lr=0.000957)
  Batch [50/390] Loss: 0.4769, Acc: 85.12%
  Batch [100/390] Loss: 0.4483, Acc: 86.44%
  Batch [150/390] Loss: 0.4533, Acc: 86.25%
  Batch [200/390] Loss: 0.4565, Acc: 86.44%
  Batch [250/390] Loss: 0.4628, Acc: 85.85%
  Batch [300/390] Loss: 0.4520, Acc: 85.98%
  Batch [350/390] Loss: 0.4527, Acc: 85.91%
[Epoch 8] Train Loss: 0.4461, Acc: 86.01%  |  Val Loss: 0.3978, Acc: 91.84%  |  Time: 43.5s
  -> Best model saved (91.84%)
[Epoch 8] Summarizing hook timing...

[HOOK_TIMING_SUMMARY] epoch=8
[HOOK_WORK_SUMMARY] label=mpi:recursive_doubling calls=5070 work_total_ms=34397.219 work_mean_ms=6.784 work_min_ms=1.344 work_max_ms=15.608
[HOOK_TAIL_SUMMARY] label=mpi:recursive_doubling steps=390 tail_total_ms=27791.900 tail_mean_ms=71.261 tail_min_ms=58.181 tail_max_ms=77.664
[Epoch 8] Hook timing summary done

[Epoch 9] Training... (lr=0.000905)
  Batch [50/390] Loss: 0.4194, Acc: 86.00%
  Batch [100/390] Loss: 0.4064, Acc: 86.19%
  Batch [150/390] Loss: 0.3962, Acc: 86.46%
  Batch [200/390] Loss: 0.3902, Acc: 87.31%
  Batch [250/390] Loss: 0.3876, Acc: 87.42%
  Batch [300/390] Loss: 0.3797, Acc: 87.60%
  Batch [350/390] Loss: 0.3867, Acc: 87.38%
[Epoch 9] Train Loss: 0.3863, Acc: 87.50%  |  Val Loss: 0.3601, Acc: 92.64%  |  Time: 43.7s
  -> Best model saved (92.64%)
[Epoch 9] Summarizing hook timing...

[HOOK_TIMING_SUMMARY] epoch=9
[HOOK_WORK_SUMMARY] label=mpi:recursive_doubling calls=5070 work_total_ms=34368.744 work_mean_ms=6.779 work_min_ms=1.286 work_max_ms=16.190
[HOOK_TAIL_SUMMARY] label=mpi:recursive_doubling steps=390 tail_total_ms=27609.952 tail_mean_ms=70.795 tail_min_ms=64.186 tail_max_ms=77.853
[Epoch 9] Hook timing summary done

[Epoch 10] Training... (lr=0.000835)
  Batch [50/390] Loss: 0.3710, Acc: 88.00%
  Batch [100/390] Loss: 0.3713, Acc: 88.12%
  Batch [150/390] Loss: 0.3606, Acc: 88.50%
  Batch [200/390] Loss: 0.3688, Acc: 88.00%
  Batch [250/390] Loss: 0.3639, Acc: 88.15%
  Batch [300/390] Loss: 0.3573, Acc: 88.56%
  Batch [350/390] Loss: 0.3610, Acc: 88.36%
[Epoch 10] Train Loss: 0.3593, Acc: 88.41%  |  Val Loss: 0.3141, Acc: 93.68%  |  Time: 43.4s
  -> Best model saved (93.68%)
[Epoch 10] Summarizing hook timing...

[HOOK_TIMING_SUMMARY] epoch=10
[HOOK_WORK_SUMMARY] label=mpi:recursive_doubling calls=5070 work_total_ms=34014.376 work_mean_ms=6.709 work_min_ms=1.320 work_max_ms=16.238
[HOOK_TAIL_SUMMARY] label=mpi:recursive_doubling steps=390 tail_total_ms=27270.489 tail_mean_ms=69.924 tail_min_ms=62.746 tail_max_ms=76.341
[Epoch 10] Hook timing summary done

[Epoch 11] Training... (lr=0.000750)
  Batch [50/390] Loss: 0.3300, Acc: 88.25%
  Batch [100/390] Loss: 0.3226, Acc: 89.25%
  Batch [150/390] Loss: 0.3246, Acc: 89.21%
  Batch [200/390] Loss: 0.3297, Acc: 89.22%
  Batch [250/390] Loss: 0.3279, Acc: 89.12%
  Batch [300/390] Loss: 0.3251, Acc: 89.08%
  Batch [350/390] Loss: 0.3221, Acc: 89.27%
[Epoch 11] Train Loss: 0.3239, Acc: 89.25%  |  Val Loss: 0.2979, Acc: 93.92%  |  Time: 43.4s
  -> Best model saved (93.92%)
[Epoch 11] Summarizing hook timing...

[HOOK_TIMING_SUMMARY] epoch=11
[HOOK_WORK_SUMMARY] label=mpi:recursive_doubling calls=5070 work_total_ms=33728.067 work_mean_ms=6.652 work_min_ms=1.304 work_max_ms=16.288
[HOOK_TAIL_SUMMARY] label=mpi:recursive_doubling steps=390 tail_total_ms=26816.554 tail_mean_ms=68.760 tail_min_ms=64.550 tail_max_ms=76.569
[Epoch 11] Hook timing summary done

[Epoch 12] Training... (lr=0.000655)
  Batch [50/390] Loss: 0.2915, Acc: 90.50%
  Batch [100/390] Loss: 0.3036, Acc: 90.12%
  Batch [150/390] Loss: 0.3110, Acc: 89.79%
  Batch [200/390] Loss: 0.3099, Acc: 89.59%
  Batch [250/390] Loss: 0.3092, Acc: 89.60%
  Batch [300/390] Loss: 0.3086, Acc: 89.73%
  Batch [350/390] Loss: 0.3051, Acc: 89.75%
[Epoch 12] Train Loss: 0.3071, Acc: 89.70%  |  Val Loss: 0.2849, Acc: 93.84%  |  Time: 43.5s
[Epoch 12] Summarizing hook timing...

[HOOK_TIMING_SUMMARY] epoch=12
[HOOK_WORK_SUMMARY] label=mpi:recursive_doubling calls=5070 work_total_ms=34313.278 work_mean_ms=6.768 work_min_ms=1.355 work_max_ms=15.773
[HOOK_TAIL_SUMMARY] label=mpi:recursive_doubling steps=390 tail_total_ms=27727.467 tail_mean_ms=71.096 tail_min_ms=64.124 tail_max_ms=79.051
[Epoch 12] Hook timing summary done

[Epoch 13] Training... (lr=0.000552)
  Batch [50/390] Loss: 0.2777, Acc: 91.62%
  Batch [100/390] Loss: 0.2792, Acc: 91.25%
  Batch [150/390] Loss: 0.2776, Acc: 91.21%
  Batch [200/390] Loss: 0.2952, Acc: 90.56%
  Batch [250/390] Loss: 0.2820, Acc: 90.97%
  Batch [300/390] Loss: 0.2855, Acc: 91.10%
  Batch [350/390] Loss: 0.2838, Acc: 91.14%
[Epoch 13] Train Loss: 0.2842, Acc: 91.22%  |  Val Loss: 0.2619, Acc: 94.08%  |  Time: 43.6s
  -> Best model saved (94.08%)
[Epoch 13] Summarizing hook timing...

[HOOK_TIMING_SUMMARY] epoch=13
[HOOK_WORK_SUMMARY] label=mpi:recursive_doubling calls=5070 work_total_ms=34323.190 work_mean_ms=6.770 work_min_ms=1.345 work_max_ms=45.340
[HOOK_TAIL_SUMMARY] label=mpi:recursive_doubling steps=390 tail_total_ms=27681.401 tail_mean_ms=70.978 tail_min_ms=66.623 tail_max_ms=104.391
[Epoch 13] Hook timing summary done

[Epoch 14] Training... (lr=0.000448)
  Batch [50/390] Loss: 0.3063, Acc: 89.50%
  Batch [100/390] Loss: 0.3136, Acc: 89.38%
  Batch [150/390] Loss: 0.3249, Acc: 88.88%
  Batch [200/390] Loss: 0.3149, Acc: 89.34%
  Batch [250/390] Loss: 0.3070, Acc: 89.62%
  Batch [300/390] Loss: 0.3064, Acc: 89.58%
  Batch [350/390] Loss: 0.3059, Acc: 89.57%
[Epoch 14] Train Loss: 0.2979, Acc: 89.97%  |  Val Loss: 0.2430, Acc: 94.48%  |  Time: 43.4s
  -> Best model saved (94.48%)
[Epoch 14] Summarizing hook timing...

[HOOK_TIMING_SUMMARY] epoch=14
[HOOK_WORK_SUMMARY] label=mpi:recursive_doubling calls=5070 work_total_ms=33879.101 work_mean_ms=6.682 work_min_ms=1.119 work_max_ms=16.613
[HOOK_TAIL_SUMMARY] label=mpi:recursive_doubling steps=390 tail_total_ms=27131.361 tail_mean_ms=69.568 tail_min_ms=63.489 tail_max_ms=76.890
[Epoch 14] Hook timing summary done

[Epoch 15] Training... (lr=0.000345)
  Batch [50/390] Loss: 0.3091, Acc: 89.75%
  Batch [100/390] Loss: 0.3086, Acc: 90.25%
  Batch [150/390] Loss: 0.3005, Acc: 90.21%
  Batch [200/390] Loss: 0.2938, Acc: 90.53%
  Batch [250/390] Loss: 0.2873, Acc: 90.80%
  Batch [300/390] Loss: 0.2911, Acc: 90.69%
  Batch [350/390] Loss: 0.2867, Acc: 90.77%
[Epoch 15] Train Loss: 0.2859, Acc: 90.85%  |  Val Loss: 0.2463, Acc: 94.80%  |  Time: 43.5s
  -> Best model saved (94.80%)
[Epoch 15] Summarizing hook timing...

[HOOK_TIMING_SUMMARY] epoch=15
[HOOK_WORK_SUMMARY] label=mpi:recursive_doubling calls=5070 work_total_ms=34173.123 work_mean_ms=6.740 work_min_ms=1.326 work_max_ms=15.836
[HOOK_TAIL_SUMMARY] label=mpi:recursive_doubling steps=390 tail_total_ms=27505.785 tail_mean_ms=70.528 tail_min_ms=62.015 tail_max_ms=78.606
[Epoch 15] Hook timing summary done

[Epoch 16] Training... (lr=0.000250)
  Batch [50/390] Loss: 0.2855, Acc: 91.75%
  Batch [100/390] Loss: 0.2831, Acc: 91.62%
  Batch [150/390] Loss: 0.2778, Acc: 91.42%
  Batch [200/390] Loss: 0.2738, Acc: 91.84%
  Batch [250/390] Loss: 0.2722, Acc: 91.60%
  Batch [300/390] Loss: 0.2758, Acc: 91.23%
  Batch [350/390] Loss: 0.2800, Acc: 91.02%
[Epoch 16] Train Loss: 0.2789, Acc: 91.07%  |  Val Loss: 0.2316, Acc: 94.80%  |  Time: 43.6s
[Epoch 16] Summarizing hook timing...

[HOOK_TIMING_SUMMARY] epoch=16
[HOOK_WORK_SUMMARY] label=mpi:recursive_doubling calls=5070 work_total_ms=34418.684 work_mean_ms=6.789 work_min_ms=1.323 work_max_ms=15.761
[HOOK_TAIL_SUMMARY] label=mpi:recursive_doubling steps=390 tail_total_ms=27748.281 tail_mean_ms=71.149 tail_min_ms=60.827 tail_max_ms=77.616
[Epoch 16] Hook timing summary done

[Epoch 17] Training... (lr=0.000165)
  Batch [50/390] Loss: 0.2814, Acc: 91.38%
  Batch [100/390] Loss: 0.2520, Acc: 91.94%
  Batch [150/390] Loss: 0.2552, Acc: 92.17%
  Batch [200/390] Loss: 0.2590, Acc: 91.66%
  Batch [250/390] Loss: 0.2664, Acc: 91.33%
  Batch [300/390] Loss: 0.2662, Acc: 91.38%
  Batch [350/390] Loss: 0.2646, Acc: 91.43%
[Epoch 17] Train Loss: 0.2644, Acc: 91.30%  |  Val Loss: 0.2441, Acc: 94.56%  |  Time: 43.5s
[Epoch 17] Summarizing hook timing...

[HOOK_TIMING_SUMMARY] epoch=17
[HOOK_WORK_SUMMARY] label=mpi:recursive_doubling calls=5070 work_total_ms=33981.316 work_mean_ms=6.702 work_min_ms=1.383 work_max_ms=41.509
[HOOK_TAIL_SUMMARY] label=mpi:recursive_doubling steps=390 tail_total_ms=27157.063 tail_mean_ms=69.633 tail_min_ms=65.862 tail_max_ms=102.356
[Epoch 17] Hook timing summary done

[Epoch 18] Training... (lr=0.000095)
  Batch [50/390] Loss: 0.2474, Acc: 92.88%
  Batch [100/390] Loss: 0.2461, Acc: 91.94%
  Batch [150/390] Loss: 0.2619, Acc: 91.75%
  Batch [200/390] Loss: 0.2597, Acc: 91.56%
  Batch [250/390] Loss: 0.2621, Acc: 91.60%
  Batch [300/390] Loss: 0.2675, Acc: 91.46%
  Batch [350/390] Loss: 0.2645, Acc: 91.39%
[Epoch 18] Train Loss: 0.2645, Acc: 91.35%  |  Val Loss: 0.2348, Acc: 94.96%  |  Time: 43.5s
  -> Best model saved (94.96%)
[Epoch 18] Summarizing hook timing...

[HOOK_TIMING_SUMMARY] epoch=18
[HOOK_WORK_SUMMARY] label=mpi:recursive_doubling calls=5070 work_total_ms=33724.319 work_mean_ms=6.652 work_min_ms=1.308 work_max_ms=52.291
[HOOK_TAIL_SUMMARY] label=mpi:recursive_doubling steps=390 tail_total_ms=26883.457 tail_mean_ms=68.932 tail_min_ms=65.190 tail_max_ms=113.052
[Epoch 18] Hook timing summary done

[Epoch 19] Training... (lr=0.000043)
  Batch [50/390] Loss: 0.2159, Acc: 93.25%
  Batch [100/390] Loss: 0.2432, Acc: 92.38%
  Batch [150/390] Loss: 0.2489, Acc: 92.08%
  Batch [200/390] Loss: 0.2515, Acc: 91.88%
  Batch [250/390] Loss: 0.2587, Acc: 91.50%
  Batch [300/390] Loss: 0.2627, Acc: 91.25%
  Batch [350/390] Loss: 0.2613, Acc: 91.21%
[Epoch 19] Train Loss: 0.2640, Acc: 91.11%  |  Val Loss: 0.2435, Acc: 94.24%  |  Time: 43.5s
[Epoch 19] Summarizing hook timing...

[HOOK_TIMING_SUMMARY] epoch=19
[HOOK_WORK_SUMMARY] label=mpi:recursive_doubling calls=5070 work_total_ms=34109.446 work_mean_ms=6.728 work_min_ms=1.288 work_max_ms=16.406
[HOOK_TAIL_SUMMARY] label=mpi:recursive_doubling steps=390 tail_total_ms=27403.544 tail_mean_ms=70.265 tail_min_ms=65.503 tail_max_ms=76.827
[Epoch 19] Hook timing summary done

[Epoch 20] Training... (lr=0.000011)
  Batch [50/390] Loss: 0.2485, Acc: 92.38%
  Batch [100/390] Loss: 0.2558, Acc: 91.81%
  Batch [150/390] Loss: 0.2617, Acc: 91.50%
  Batch [200/390] Loss: 0.2659, Acc: 91.34%
  Batch [250/390] Loss: 0.2655, Acc: 91.42%
  Batch [300/390] Loss: 0.2676, Acc: 91.54%
  Batch [350/390] Loss: 0.2636, Acc: 91.70%
[Epoch 20] Train Loss: 0.2644, Acc: 91.63%  |  Val Loss: 0.2341, Acc: 94.80%  |  Time: 43.4s
[Epoch 20] Summarizing hook timing...

[HOOK_TIMING_SUMMARY] epoch=20
[HOOK_WORK_SUMMARY] label=mpi:recursive_doubling calls=5070 work_total_ms=34204.589 work_mean_ms=6.746 work_min_ms=1.273 work_max_ms=51.262
[HOOK_TAIL_SUMMARY] label=mpi:recursive_doubling steps=390 tail_total_ms=27587.279 tail_mean_ms=70.737 tail_min_ms=66.514 tail_max_ms=116.325
[Epoch 20] Hook timing summary done

================================================================================
Done in 889.8s | Best val acc: 94.96%
Epoch times: mean=43.6s  min=43.3s  max=46.4s
================================================================================
