
================================================================================
Distributed Training: RESNEXT101_32X8D on CIFAR10
Backend: MPI, Algorithm: recursive_doubling_zfp_online_coll
================================================================================
Ranks: 8, Epochs: 20, Batch/rank: 16, Effective batch: 128
LR: 0.001, Device: cuda:0

[Setup] Model on cuda:0, wrapped in DDP (static_graph=True)
[Setup] Hook registered: mpi/recursive_doubling_zfp_online_coll
[Data] Train batches: 390, Val batches: 79


[Epoch 1] Training... (lr=0.000001)
  Batch [50/390] Loss: 2.3184, Acc: 10.50%
  Batch [100/390] Loss: 2.3147, Acc: 10.56%
  Batch [150/390] Loss: 2.3142, Acc: 10.58%
  Batch [200/390] Loss: 2.3158, Acc: 10.41%
  Batch [250/390] Loss: 2.3164, Acc: 10.60%
  Batch [300/390] Loss: 2.3158, Acc: 10.85%
  Batch [350/390] Loss: 2.3169, Acc: 10.89%
[Epoch 1] Train Loss: 2.3167, Acc: 10.82%  |  Val Loss: 2.3191, Acc: 9.68%  |  Time: 41.7s
  -> Best model saved (9.68%)
[Epoch 1] Summarizing hook timing...

[HOOK_TIMING_SUMMARY] epoch=1
[HOOK_WORK_SUMMARY] label=mpi:recursive_doubling_zfp_online_coll:rate16 calls=5046 work_total_ms=31151.260 work_mean_ms=6.173 work_min_ms=1.142 work_max_ms=137.250
[HOOK_TAIL_SUMMARY] label=mpi:recursive_doubling_zfp_online_coll:rate16 steps=391 tail_total_ms=24516.029 tail_mean_ms=62.701 tail_min_ms=10.484 tail_max_ms=181.669
[Epoch 1] Hook timing summary done

[Epoch 2] Training... (lr=0.000201)
  Batch [50/390] Loss: 2.3078, Acc: 11.50%
  Batch [100/390] Loss: 2.3015, Acc: 12.81%
  Batch [150/390] Loss: 2.2893, Acc: 14.12%
  Batch [200/390] Loss: 2.2777, Acc: 15.88%
  Batch [250/390] Loss: 2.2649, Acc: 18.20%
  Batch [300/390] Loss: 2.2553, Acc: 19.62%
  Batch [350/390] Loss: 2.2457, Acc: 21.16%
[Epoch 2] Train Loss: 2.2360, Acc: 22.64%  |  Val Loss: 2.1739, Acc: 31.28%  |  Time: 40.6s
  -> Best model saved (31.28%)
[Epoch 2] Summarizing hook timing...

[HOOK_TIMING_SUMMARY] epoch=2
[HOOK_WORK_SUMMARY] label=mpi:recursive_doubling_zfp_online_coll:rate16 calls=5070 work_total_ms=30699.216 work_mean_ms=6.055 work_min_ms=1.098 work_max_ms=14.702
[HOOK_TAIL_SUMMARY] label=mpi:recursive_doubling_zfp_online_coll:rate16 steps=390 tail_total_ms=23677.505 tail_mean_ms=60.712 tail_min_ms=52.693 tail_max_ms=65.084
[Epoch 2] Hook timing summary done

[Epoch 3] Training... (lr=0.000401)
  Batch [50/390] Loss: 2.1286, Acc: 37.88%
  Batch [100/390] Loss: 2.1148, Acc: 38.94%
  Batch [150/390] Loss: 2.0909, Acc: 41.25%
  Batch [200/390] Loss: 2.0620, Acc: 44.00%
  Batch [250/390] Loss: 2.0350, Acc: 46.50%
  Batch [300/390] Loss: 2.0086, Acc: 47.83%
  Batch [350/390] Loss: 1.9848, Acc: 48.79%
[Epoch 3] Train Loss: 1.9650, Acc: 49.90%  |  Val Loss: 1.7966, Acc: 60.56%  |  Time: 40.6s
  -> Best model saved (60.56%)
[Epoch 3] Summarizing hook timing...

[HOOK_TIMING_SUMMARY] epoch=3
[HOOK_WORK_SUMMARY] label=mpi:recursive_doubling_zfp_online_coll:rate16 calls=5070 work_total_ms=31145.459 work_mean_ms=6.143 work_min_ms=1.157 work_max_ms=14.928
[HOOK_TAIL_SUMMARY] label=mpi:recursive_doubling_zfp_online_coll:rate16 steps=390 tail_total_ms=24402.958 tail_mean_ms=62.572 tail_min_ms=55.316 tail_max_ms=65.877
[Epoch 3] Hook timing summary done

[Epoch 4] Training... (lr=0.000600)
  Batch [50/390] Loss: 1.6981, Acc: 62.62%
  Batch [100/390] Loss: 1.6690, Acc: 61.81%
  Batch [150/390] Loss: 1.6276, Acc: 62.71%
  Batch [200/390] Loss: 1.5827, Acc: 63.47%
  Batch [250/390] Loss: 1.5410, Acc: 64.33%
  Batch [300/390] Loss: 1.5050, Acc: 64.62%
  Batch [350/390] Loss: 1.4701, Acc: 64.98%
[Epoch 4] Train Loss: 1.4391, Acc: 65.58%  |  Val Loss: 1.2449, Acc: 76.80%  |  Time: 40.8s
  -> Best model saved (76.80%)
[Epoch 4] Summarizing hook timing...

[HOOK_TIMING_SUMMARY] epoch=4
[HOOK_WORK_SUMMARY] label=mpi:recursive_doubling_zfp_online_coll:rate16 calls=5070 work_total_ms=31238.018 work_mean_ms=6.161 work_min_ms=1.168 work_max_ms=14.646
[HOOK_TAIL_SUMMARY] label=mpi:recursive_doubling_zfp_online_coll:rate16 steps=390 tail_total_ms=24413.074 tail_mean_ms=62.598 tail_min_ms=55.394 tail_max_ms=65.033
[Epoch 4] Hook timing summary done

[Epoch 5] Training... (lr=0.000800)
  Batch [50/390] Loss: 1.1046, Acc: 73.00%
  Batch [100/390] Loss: 1.0761, Acc: 73.06%
  Batch [150/390] Loss: 1.0225, Acc: 73.88%
  Batch [200/390] Loss: 0.9982, Acc: 73.62%
  Batch [250/390] Loss: 0.9747, Acc: 74.15%
  Batch [300/390] Loss: 0.9419, Acc: 74.79%
  Batch [350/390] Loss: 0.9216, Acc: 75.20%
[Epoch 5] Train Loss: 0.9046, Acc: 75.46%  |  Val Loss: 0.7985, Acc: 83.52%  |  Time: 40.7s
  -> Best model saved (83.52%)
[Epoch 5] Summarizing hook timing...

[HOOK_TIMING_SUMMARY] epoch=5
[HOOK_WORK_SUMMARY] label=mpi:recursive_doubling_zfp_online_coll:rate16 calls=5070 work_total_ms=30690.464 work_mean_ms=6.053 work_min_ms=1.152 work_max_ms=11.759
[HOOK_TAIL_SUMMARY] label=mpi:recursive_doubling_zfp_online_coll:rate16 steps=390 tail_total_ms=23668.194 tail_mean_ms=60.688 tail_min_ms=54.780 tail_max_ms=63.403
[Epoch 5] Hook timing summary done

[Epoch 6] Training... (lr=0.001000)
  Batch [50/390] Loss: 0.7351, Acc: 78.38%
  Batch [100/390] Loss: 0.7281, Acc: 77.19%
  Batch [150/390] Loss: 0.7328, Acc: 77.08%
  Batch [200/390] Loss: 0.7098, Acc: 78.00%
  Batch [250/390] Loss: 0.6983, Acc: 78.08%
  Batch [300/390] Loss: 0.6842, Acc: 78.56%
  Batch [350/390] Loss: 0.6756, Acc: 78.73%
[Epoch 6] Train Loss: 0.6673, Acc: 78.94%  |  Val Loss: 0.5593, Acc: 88.24%  |  Time: 40.6s
  -> Best model saved (88.24%)
[Epoch 6] Summarizing hook timing...

[HOOK_TIMING_SUMMARY] epoch=6
[HOOK_WORK_SUMMARY] label=mpi:recursive_doubling_zfp_online_coll:rate16 calls=5070 work_total_ms=30640.365 work_mean_ms=6.043 work_min_ms=1.170 work_max_ms=15.357
[HOOK_TAIL_SUMMARY] label=mpi:recursive_doubling_zfp_online_coll:rate16 steps=390 tail_total_ms=23631.099 tail_mean_ms=60.593 tail_min_ms=55.418 tail_max_ms=72.019
[Epoch 6] Hook timing summary done

[Epoch 7] Training... (lr=0.000989)
  Batch [50/390] Loss: 0.5082, Acc: 83.50%
  Batch [100/390] Loss: 0.5140, Acc: 83.19%
  Batch [150/390] Loss: 0.5083, Acc: 83.29%
  Batch [200/390] Loss: 0.5143, Acc: 82.97%
  Batch [250/390] Loss: 0.5128, Acc: 83.17%
  Batch [300/390] Loss: 0.4991, Acc: 83.75%
  Batch [350/390] Loss: 0.4928, Acc: 84.00%
[Epoch 7] Train Loss: 0.4958, Acc: 83.80%  |  Val Loss: 0.4383, Acc: 91.28%  |  Time: 40.6s
  -> Best model saved (91.28%)
[Epoch 7] Summarizing hook timing...

[HOOK_TIMING_SUMMARY] epoch=7
[HOOK_WORK_SUMMARY] label=mpi:recursive_doubling_zfp_online_coll:rate16 calls=5070 work_total_ms=31198.714 work_mean_ms=6.154 work_min_ms=1.148 work_max_ms=14.994
[HOOK_TAIL_SUMMARY] label=mpi:recursive_doubling_zfp_online_coll:rate16 steps=390 tail_total_ms=24537.471 tail_mean_ms=62.917 tail_min_ms=55.482 tail_max_ms=65.212
[Epoch 7] Hook timing summary done

[Epoch 8] Training... (lr=0.000957)
  Batch [50/390] Loss: 0.4819, Acc: 85.25%
  Batch [100/390] Loss: 0.4541, Acc: 86.38%
  Batch [150/390] Loss: 0.4586, Acc: 86.00%
  Batch [200/390] Loss: 0.4617, Acc: 86.19%
  Batch [250/390] Loss: 0.4656, Acc: 85.85%
  Batch [300/390] Loss: 0.4534, Acc: 86.12%
  Batch [350/390] Loss: 0.4534, Acc: 85.93%
[Epoch 8] Train Loss: 0.4487, Acc: 86.06%  |  Val Loss: 0.3914, Acc: 92.08%  |  Time: 40.5s
  -> Best model saved (92.08%)
[Epoch 8] Summarizing hook timing...

[HOOK_TIMING_SUMMARY] epoch=8
[HOOK_WORK_SUMMARY] label=mpi:recursive_doubling_zfp_online_coll:rate16 calls=5070 work_total_ms=30996.009 work_mean_ms=6.114 work_min_ms=1.142 work_max_ms=15.069
[HOOK_TAIL_SUMMARY] label=mpi:recursive_doubling_zfp_online_coll:rate16 steps=390 tail_total_ms=24264.435 tail_mean_ms=62.217 tail_min_ms=56.364 tail_max_ms=65.231
[Epoch 8] Hook timing summary done

[Epoch 9] Training... (lr=0.000905)
  Batch [50/390] Loss: 0.4334, Acc: 85.12%
  Batch [100/390] Loss: 0.4102, Acc: 86.38%
  Batch [150/390] Loss: 0.3964, Acc: 86.88%
  Batch [200/390] Loss: 0.3922, Acc: 87.44%
  Batch [250/390] Loss: 0.3892, Acc: 87.42%
  Batch [300/390] Loss: 0.3809, Acc: 87.69%
  Batch [350/390] Loss: 0.3866, Acc: 87.41%
[Epoch 9] Train Loss: 0.3863, Acc: 87.48%  |  Val Loss: 0.3549, Acc: 93.36%  |  Time: 40.6s
  -> Best model saved (93.36%)
[Epoch 9] Summarizing hook timing...

[HOOK_TIMING_SUMMARY] epoch=9
[HOOK_WORK_SUMMARY] label=mpi:recursive_doubling_zfp_online_coll:rate16 calls=5070 work_total_ms=30917.193 work_mean_ms=6.098 work_min_ms=1.077 work_max_ms=14.886
[HOOK_TAIL_SUMMARY] label=mpi:recursive_doubling_zfp_online_coll:rate16 steps=390 tail_total_ms=23987.800 tail_mean_ms=61.507 tail_min_ms=54.296 tail_max_ms=64.119
[Epoch 9] Hook timing summary done

[Epoch 10] Training... (lr=0.000835)
  Batch [50/390] Loss: 0.3698, Acc: 88.75%
  Batch [100/390] Loss: 0.3750, Acc: 87.81%
  Batch [150/390] Loss: 0.3634, Acc: 88.29%
  Batch [200/390] Loss: 0.3709, Acc: 87.91%
  Batch [250/390] Loss: 0.3657, Acc: 88.08%
  Batch [300/390] Loss: 0.3594, Acc: 88.42%
  Batch [350/390] Loss: 0.3622, Acc: 88.14%
[Epoch 10] Train Loss: 0.3597, Acc: 88.25%  |  Val Loss: 0.3099, Acc: 93.44%  |  Time: 40.6s
  -> Best model saved (93.44%)
[Epoch 10] Summarizing hook timing...

[HOOK_TIMING_SUMMARY] epoch=10
[HOOK_WORK_SUMMARY] label=mpi:recursive_doubling_zfp_online_coll:rate16 calls=5070 work_total_ms=30647.617 work_mean_ms=6.045 work_min_ms=1.168 work_max_ms=11.599
[HOOK_TAIL_SUMMARY] label=mpi:recursive_doubling_zfp_online_coll:rate16 steps=390 tail_total_ms=23566.298 tail_mean_ms=60.426 tail_min_ms=55.178 tail_max_ms=62.872
[Epoch 10] Hook timing summary done

[Epoch 11] Training... (lr=0.000750)
  Batch [50/390] Loss: 0.3264, Acc: 88.25%
  Batch [100/390] Loss: 0.3197, Acc: 89.38%
  Batch [150/390] Loss: 0.3217, Acc: 89.33%
  Batch [200/390] Loss: 0.3257, Acc: 89.34%
  Batch [250/390] Loss: 0.3252, Acc: 89.38%
  Batch [300/390] Loss: 0.3236, Acc: 89.31%
  Batch [350/390] Loss: 0.3206, Acc: 89.52%
[Epoch 11] Train Loss: 0.3225, Acc: 89.46%  |  Val Loss: 0.2966, Acc: 93.60%  |  Time: 40.5s
  -> Best model saved (93.60%)
[Epoch 11] Summarizing hook timing...

[HOOK_TIMING_SUMMARY] epoch=11
[HOOK_WORK_SUMMARY] label=mpi:recursive_doubling_zfp_online_coll:rate16 calls=5070 work_total_ms=30847.002 work_mean_ms=6.084 work_min_ms=1.079 work_max_ms=14.545
[HOOK_TAIL_SUMMARY] label=mpi:recursive_doubling_zfp_online_coll:rate16 steps=390 tail_total_ms=23880.839 tail_mean_ms=61.233 tail_min_ms=51.812 tail_max_ms=64.617
[Epoch 11] Hook timing summary done

[Epoch 12] Training... (lr=0.000655)
  Batch [50/390] Loss: 0.2843, Acc: 91.62%
  Batch [100/390] Loss: 0.2972, Acc: 90.44%
  Batch [150/390] Loss: 0.3064, Acc: 90.08%
  Batch [200/390] Loss: 0.3043, Acc: 90.00%
  Batch [250/390] Loss: 0.3066, Acc: 89.83%
  Batch [300/390] Loss: 0.3056, Acc: 90.00%
  Batch [350/390] Loss: 0.3036, Acc: 90.00%
[Epoch 12] Train Loss: 0.3063, Acc: 89.95%  |  Val Loss: 0.2832, Acc: 94.08%  |  Time: 40.6s
  -> Best model saved (94.08%)
[Epoch 12] Summarizing hook timing...

[HOOK_TIMING_SUMMARY] epoch=12
[HOOK_WORK_SUMMARY] label=mpi:recursive_doubling_zfp_online_coll:rate16 calls=5070 work_total_ms=30913.774 work_mean_ms=6.097 work_min_ms=1.136 work_max_ms=14.720
[HOOK_TAIL_SUMMARY] label=mpi:recursive_doubling_zfp_online_coll:rate16 steps=390 tail_total_ms=23993.034 tail_mean_ms=61.521 tail_min_ms=54.351 tail_max_ms=68.991
[Epoch 12] Hook timing summary done

[Epoch 13] Training... (lr=0.000552)
  Batch [50/390] Loss: 0.2810, Acc: 90.88%
  Batch [100/390] Loss: 0.2809, Acc: 91.06%
  Batch [150/390] Loss: 0.2775, Acc: 90.83%
  Batch [200/390] Loss: 0.2956, Acc: 90.44%
  Batch [250/390] Loss: 0.2831, Acc: 90.85%
  Batch [300/390] Loss: 0.2874, Acc: 90.83%
  Batch [350/390] Loss: 0.2856, Acc: 90.88%
[Epoch 13] Train Loss: 0.2858, Acc: 91.03%  |  Val Loss: 0.2603, Acc: 94.56%  |  Time: 40.6s
  -> Best model saved (94.56%)
[Epoch 13] Summarizing hook timing...

[HOOK_TIMING_SUMMARY] epoch=13
[HOOK_WORK_SUMMARY] label=mpi:recursive_doubling_zfp_online_coll:rate16 calls=5070 work_total_ms=30742.355 work_mean_ms=6.064 work_min_ms=1.203 work_max_ms=14.765
[HOOK_TAIL_SUMMARY] label=mpi:recursive_doubling_zfp_online_coll:rate16 steps=390 tail_total_ms=23775.516 tail_mean_ms=60.963 tail_min_ms=55.201 tail_max_ms=64.378
[Epoch 13] Hook timing summary done

[Epoch 14] Training... (lr=0.000448)
  Batch [50/390] Loss: 0.3065, Acc: 90.00%
  Batch [100/390] Loss: 0.3142, Acc: 89.69%
  Batch [150/390] Loss: 0.3252, Acc: 89.29%
  Batch [200/390] Loss: 0.3158, Acc: 89.53%
  Batch [250/390] Loss: 0.3084, Acc: 89.60%
  Batch [300/390] Loss: 0.3075, Acc: 89.75%
  Batch [350/390] Loss: 0.3064, Acc: 89.75%
[Epoch 14] Train Loss: 0.2996, Acc: 89.98%  |  Val Loss: 0.2431, Acc: 94.40%  |  Time: 40.6s
[Epoch 14] Summarizing hook timing...

[HOOK_TIMING_SUMMARY] epoch=14
[HOOK_WORK_SUMMARY] label=mpi:recursive_doubling_zfp_online_coll:rate16 calls=5070 work_total_ms=30882.612 work_mean_ms=6.091 work_min_ms=1.228 work_max_ms=14.494
[HOOK_TAIL_SUMMARY] label=mpi:recursive_doubling_zfp_online_coll:rate16 steps=390 tail_total_ms=23976.635 tail_mean_ms=61.479 tail_min_ms=54.890 tail_max_ms=64.225
[Epoch 14] Hook timing summary done

[Epoch 15] Training... (lr=0.000345)
  Batch [50/390] Loss: 0.3109, Acc: 90.12%
  Batch [100/390] Loss: 0.3129, Acc: 90.38%
  Batch [150/390] Loss: 0.3017, Acc: 90.17%
  Batch [200/390] Loss: 0.2950, Acc: 90.38%
  Batch [250/390] Loss: 0.2883, Acc: 90.55%
  Batch [300/390] Loss: 0.2915, Acc: 90.56%
  Batch [350/390] Loss: 0.2879, Acc: 90.57%
[Epoch 15] Train Loss: 0.2867, Acc: 90.67%  |  Val Loss: 0.2461, Acc: 94.56%  |  Time: 40.6s
[Epoch 15] Summarizing hook timing...

[HOOK_TIMING_SUMMARY] epoch=15
[HOOK_WORK_SUMMARY] label=mpi:recursive_doubling_zfp_online_coll:rate16 calls=5070 work_total_ms=31096.120 work_mean_ms=6.133 work_min_ms=1.099 work_max_ms=33.897
[HOOK_TAIL_SUMMARY] label=mpi:recursive_doubling_zfp_online_coll:rate16 steps=390 tail_total_ms=24301.145 tail_mean_ms=62.311 tail_min_ms=60.672 tail_max_ms=87.328
[Epoch 15] Hook timing summary done

[Epoch 16] Training... (lr=0.000250)
  Batch [50/390] Loss: 0.2760, Acc: 91.88%
  Batch [100/390] Loss: 0.2782, Acc: 91.69%
  Batch [150/390] Loss: 0.2742, Acc: 91.17%
  Batch [200/390] Loss: 0.2727, Acc: 91.50%
  Batch [250/390] Loss: 0.2714, Acc: 91.38%
  Batch [300/390] Loss: 0.2760, Acc: 91.02%
  Batch [350/390] Loss: 0.2801, Acc: 90.84%
[Epoch 16] Train Loss: 0.2794, Acc: 90.90%  |  Val Loss: 0.2313, Acc: 95.04%  |  Time: 40.8s
  -> Best model saved (95.04%)
[Epoch 16] Summarizing hook timing...

[HOOK_TIMING_SUMMARY] epoch=16
[HOOK_WORK_SUMMARY] label=mpi:recursive_doubling_zfp_online_coll:rate16 calls=5070 work_total_ms=30754.626 work_mean_ms=6.066 work_min_ms=1.156 work_max_ms=40.067
[HOOK_TAIL_SUMMARY] label=mpi:recursive_doubling_zfp_online_coll:rate16 steps=390 tail_total_ms=23809.073 tail_mean_ms=61.049 tail_min_ms=59.524 tail_max_ms=92.266
[Epoch 16] Hook timing summary done

[Epoch 17] Training... (lr=0.000165)
  Batch [50/390] Loss: 0.2818, Acc: 91.00%
  Batch [100/390] Loss: 0.2533, Acc: 91.56%
  Batch [150/390] Loss: 0.2569, Acc: 91.88%
  Batch [200/390] Loss: 0.2613, Acc: 91.47%
  Batch [250/390] Loss: 0.2702, Acc: 91.22%
  Batch [300/390] Loss: 0.2692, Acc: 91.23%
  Batch [350/390] Loss: 0.2670, Acc: 91.27%
[Epoch 17] Train Loss: 0.2663, Acc: 91.30%  |  Val Loss: 0.2455, Acc: 94.72%  |  Time: 40.7s
[Epoch 17] Summarizing hook timing...

[HOOK_TIMING_SUMMARY] epoch=17
[HOOK_WORK_SUMMARY] label=mpi:recursive_doubling_zfp_online_coll:rate16 calls=5070 work_total_ms=30889.527 work_mean_ms=6.093 work_min_ms=1.153 work_max_ms=15.041
[HOOK_TAIL_SUMMARY] label=mpi:recursive_doubling_zfp_online_coll:rate16 steps=390 tail_total_ms=24042.983 tail_mean_ms=61.649 tail_min_ms=55.406 tail_max_ms=64.976
[Epoch 17] Hook timing summary done

[Epoch 18] Training... (lr=0.000095)
  Batch [50/390] Loss: 0.2448, Acc: 93.25%
  Batch [100/390] Loss: 0.2444, Acc: 92.31%
  Batch [150/390] Loss: 0.2618, Acc: 91.96%
  Batch [200/390] Loss: 0.2576, Acc: 91.91%
  Batch [250/390] Loss: 0.2605, Acc: 91.92%
  Batch [300/390] Loss: 0.2662, Acc: 91.67%
  Batch [350/390] Loss: 0.2628, Acc: 91.70%
[Epoch 18] Train Loss: 0.2620, Acc: 91.67%  |  Val Loss: 0.2345, Acc: 94.72%  |  Time: 40.8s
[Epoch 18] Summarizing hook timing...

[HOOK_TIMING_SUMMARY] epoch=18
[HOOK_WORK_SUMMARY] label=mpi:recursive_doubling_zfp_online_coll:rate16 calls=5070 work_total_ms=31193.356 work_mean_ms=6.153 work_min_ms=1.202 work_max_ms=47.033
[HOOK_TAIL_SUMMARY] label=mpi:recursive_doubling_zfp_online_coll:rate16 steps=390 tail_total_ms=24451.864 tail_mean_ms=62.697 tail_min_ms=59.562 tail_max_ms=100.611
[Epoch 18] Hook timing summary done

[Epoch 19] Training... (lr=0.000043)
  Batch [50/390] Loss: 0.2188, Acc: 93.00%
  Batch [100/390] Loss: 0.2433, Acc: 92.06%
  Batch [150/390] Loss: 0.2455, Acc: 91.83%
  Batch [200/390] Loss: 0.2494, Acc: 91.62%
  Batch [250/390] Loss: 0.2563, Acc: 91.38%
  Batch [300/390] Loss: 0.2611, Acc: 91.15%
  Batch [350/390] Loss: 0.2605, Acc: 91.16%
[Epoch 19] Train Loss: 0.2629, Acc: 91.11%  |  Val Loss: 0.2431, Acc: 94.40%  |  Time: 40.6s
[Epoch 19] Summarizing hook timing...

[HOOK_TIMING_SUMMARY] epoch=19
[HOOK_WORK_SUMMARY] label=mpi:recursive_doubling_zfp_online_coll:rate16 calls=5070 work_total_ms=30814.123 work_mean_ms=6.078 work_min_ms=1.202 work_max_ms=75.053
[HOOK_TAIL_SUMMARY] label=mpi:recursive_doubling_zfp_online_coll:rate16 steps=390 tail_total_ms=23918.276 tail_mean_ms=61.329 tail_min_ms=57.715 tail_max_ms=126.656
[Epoch 19] Hook timing summary done

[Epoch 20] Training... (lr=0.000011)
  Batch [50/390] Loss: 0.2453, Acc: 92.38%
  Batch [100/390] Loss: 0.2495, Acc: 91.88%
  Batch [150/390] Loss: 0.2609, Acc: 91.46%
  Batch [200/390] Loss: 0.2666, Acc: 91.19%
  Batch [250/390] Loss: 0.2663, Acc: 91.30%
  Batch [300/390] Loss: 0.2688, Acc: 91.31%
  Batch [350/390] Loss: 0.2644, Acc: 91.46%
[Epoch 20] Train Loss: 0.2657, Acc: 91.41%  |  Val Loss: 0.2341, Acc: 94.64%  |  Time: 40.7s
[Epoch 20] Summarizing hook timing...

[HOOK_TIMING_SUMMARY] epoch=20
[HOOK_WORK_SUMMARY] label=mpi:recursive_doubling_zfp_online_coll:rate16 calls=5070 work_total_ms=30776.196 work_mean_ms=6.070 work_min_ms=1.038 work_max_ms=42.561
[HOOK_TAIL_SUMMARY] label=mpi:recursive_doubling_zfp_online_coll:rate16 steps=390 tail_total_ms=23751.732 tail_mean_ms=60.902 tail_min_ms=58.412 tail_max_ms=95.327
[Epoch 20] Hook timing summary done

================================================================================
Done in 830.1s | Best val acc: 95.04%
Epoch times: mean=40.7s  min=40.5s  max=41.7s
================================================================================
