
================================================================================
Distributed Training: WIDE_RESNET50_2 on CIFAR10
Backend: MPI, Algorithm: ring_zfp_online_coll
================================================================================
Ranks: 8, Epochs: 20, Batch/rank: 16, Effective batch: 128
LR: 0.001, Device: cuda:0

[Setup] Model on cuda:0, wrapped in DDP (static_graph=True)
[Setup] Hook registered: mpi/ring_zfp_online_coll
[Data] Train batches: 391, Val batches: 79


[Epoch 1] Training... (lr=0.000001)
  Batch [50/391] Loss: 2.3768, Acc: 10.00%
  Batch [100/391] Loss: 2.3741, Acc: 9.75%
  Batch [150/391] Loss: 2.3702, Acc: 10.12%
  Batch [200/391] Loss: 2.3715, Acc: 9.81%
  Batch [250/391] Loss: 2.3688, Acc: 9.93%
  Batch [300/391] Loss: 2.3732, Acc: 9.81%
  Batch [350/391] Loss: 2.3685, Acc: 10.16%
[Epoch 1] Train Loss: 2.3721, Acc: 10.16%  |  Val Loss: 7438.5267, Acc: 10.00%  |  Time: 28.9s
  -> Best model saved (10.00%)

[Epoch 2] Training... (lr=0.001000)
  Batch [50/391] Loss: 2.2532, Acc: 17.38%
  Batch [100/391] Loss: 2.1867, Acc: 20.75%
  Batch [150/391] Loss: 2.1141, Acc: 23.88%
  Batch [200/391] Loss: 2.0336, Acc: 27.19%
  Batch [250/391] Loss: 1.9704, Acc: 30.23%
  Batch [300/391] Loss: 1.9086, Acc: 32.60%
  Batch [350/391] Loss: 1.8600, Acc: 34.29%
[Epoch 2] Train Loss: 1.8283, Acc: 35.63%  |  Val Loss: 13.7517, Acc: 56.16%  |  Time: 27.9s
  -> Best model saved (56.16%)

[Epoch 3] Training... (lr=0.000993)
  Batch [50/391] Loss: 1.4360, Acc: 49.62%
  Batch [100/391] Loss: 1.4129, Acc: 50.38%
  Batch [150/391] Loss: 1.3737, Acc: 52.04%
  Batch [200/391] Loss: 1.3371, Acc: 53.78%
  Batch [250/391] Loss: 1.3220, Acc: 54.67%
  Batch [300/391] Loss: 1.3053, Acc: 55.10%
  Batch [350/391] Loss: 1.2890, Acc: 55.77%
[Epoch 3] Train Loss: 1.2804, Acc: 56.18%  |  Val Loss: 6.8169, Acc: 62.40%  |  Time: 27.6s
  -> Best model saved (62.40%)

[Epoch 4] Training... (lr=0.000973)
  Batch [50/391] Loss: 1.1460, Acc: 60.50%
  Batch [100/391] Loss: 1.1373, Acc: 60.56%
  Batch [150/391] Loss: 1.1139, Acc: 61.54%
  Batch [200/391] Loss: 1.1144, Acc: 61.69%
  Batch [250/391] Loss: 1.1032, Acc: 62.12%
  Batch [300/391] Loss: 1.0946, Acc: 62.35%
  Batch [350/391] Loss: 1.0946, Acc: 62.54%
[Epoch 4] Train Loss: 1.0862, Acc: 62.74%  |  Val Loss: 3.2673, Acc: 69.84%  |  Time: 27.8s
  -> Best model saved (69.84%)

[Epoch 5] Training... (lr=0.000940)
  Batch [50/391] Loss: 1.0780, Acc: 62.50%
  Batch [100/391] Loss: 1.0477, Acc: 63.31%
  Batch [150/391] Loss: 1.0087, Acc: 64.71%
  Batch [200/391] Loss: 0.9972, Acc: 65.16%
  Batch [250/391] Loss: 0.9839, Acc: 65.78%
  Batch [300/391] Loss: 0.9835, Acc: 65.98%
  Batch [350/391] Loss: 0.9892, Acc: 65.64%
[Epoch 5] Train Loss: 0.9916, Acc: 65.50%  |  Val Loss: 1.7419, Acc: 72.32%  |  Time: 27.8s
  -> Best model saved (72.32%)

[Epoch 6] Training... (lr=0.000895)
  Batch [50/391] Loss: 0.9471, Acc: 68.88%
  Batch [100/391] Loss: 0.9311, Acc: 69.31%
  Batch [150/391] Loss: 0.9362, Acc: 68.62%
  Batch [200/391] Loss: 0.9268, Acc: 68.94%
  Batch [250/391] Loss: 0.9290, Acc: 68.67%
  Batch [300/391] Loss: 0.9307, Acc: 68.83%
  Batch [350/391] Loss: 0.9342, Acc: 68.70%
[Epoch 6] Train Loss: 0.9301, Acc: 68.75%  |  Val Loss: 4.0638, Acc: 73.52%  |  Time: 27.4s
  -> Best model saved (73.52%)

[Epoch 7] Training... (lr=0.000839)
  Batch [50/391] Loss: 0.8516, Acc: 73.12%
  Batch [100/391] Loss: 0.8324, Acc: 73.62%
  Batch [150/391] Loss: 0.8289, Acc: 72.54%
  Batch [200/391] Loss: 0.8253, Acc: 72.34%
  Batch [250/391] Loss: 0.8309, Acc: 71.70%
  Batch [300/391] Loss: 0.8157, Acc: 72.02%
  Batch [350/391] Loss: 0.8095, Acc: 72.34%
[Epoch 7] Train Loss: 0.8212, Acc: 72.03%  |  Val Loss: 6.7822, Acc: 77.04%  |  Time: 27.6s
  -> Best model saved (77.04%)

[Epoch 8] Training... (lr=0.000773)
  Batch [50/391] Loss: 0.7998, Acc: 73.25%
  Batch [100/391] Loss: 0.8057, Acc: 72.75%
  Batch [150/391] Loss: 0.8155, Acc: 72.62%
  Batch [200/391] Loss: 0.8060, Acc: 73.22%
  Batch [250/391] Loss: 0.8247, Acc: 72.25%
  Batch [300/391] Loss: 0.8176, Acc: 72.54%
  Batch [350/391] Loss: 0.8278, Acc: 72.04%
[Epoch 8] Train Loss: 0.8327, Acc: 71.79%  |  Val Loss: 7.7137, Acc: 76.16%  |  Time: 27.9s

[Epoch 9] Training... (lr=0.000701)
  Batch [50/391] Loss: 0.8370, Acc: 70.25%
  Batch [100/391] Loss: 0.8315, Acc: 71.00%
  Batch [150/391] Loss: 0.8042, Acc: 72.38%
  Batch [200/391] Loss: 0.7894, Acc: 72.59%
  Batch [250/391] Loss: 0.7833, Acc: 72.97%
  Batch [300/391] Loss: 0.7843, Acc: 73.08%
  Batch [350/391] Loss: 0.7870, Acc: 73.16%
[Epoch 9] Train Loss: 0.7891, Acc: 73.07%  |  Val Loss: 3.3289, Acc: 78.32%  |  Time: 30.1s
  -> Best model saved (78.32%)

[Epoch 10] Training... (lr=0.000623)
  Batch [50/391] Loss: 0.7352, Acc: 76.12%
  Batch [100/391] Loss: 0.7683, Acc: 74.12%
  Batch [150/391] Loss: 0.7549, Acc: 74.83%
  Batch [200/391] Loss: 0.7598, Acc: 74.19%
  Batch [250/391] Loss: 0.7642, Acc: 74.28%
  Batch [300/391] Loss: 0.7640, Acc: 74.44%
  Batch [350/391] Loss: 0.7630, Acc: 74.50%
[Epoch 10] Train Loss: 0.7574, Acc: 74.64%  |  Val Loss: 5.5885, Acc: 77.92%  |  Time: 27.8s

[Epoch 11] Training... (lr=0.000541)
  Batch [50/391] Loss: 0.7337, Acc: 74.00%
  Batch [100/391] Loss: 0.7519, Acc: 73.69%
  Batch [150/391] Loss: 0.7586, Acc: 73.58%
  Batch [200/391] Loss: 0.7560, Acc: 73.62%
  Batch [250/391] Loss: 0.7467, Acc: 74.42%
  Batch [300/391] Loss: 0.7419, Acc: 74.42%
  Batch [350/391] Loss: 0.7344, Acc: 74.70%
[Epoch 11] Train Loss: 0.7314, Acc: 74.94%  |  Val Loss: 1.2738, Acc: 80.00%  |  Time: 27.6s
  -> Best model saved (80.00%)

[Epoch 12] Training... (lr=0.000459)
  Batch [50/391] Loss: 0.7081, Acc: 75.50%
  Batch [100/391] Loss: 0.6823, Acc: 76.31%
  Batch [150/391] Loss: 0.6870, Acc: 76.67%
  Batch [200/391] Loss: 0.6847, Acc: 76.78%
  Batch [250/391] Loss: 0.6891, Acc: 76.35%
  Batch [300/391] Loss: 0.6934, Acc: 76.56%
  Batch [350/391] Loss: 0.6914, Acc: 76.68%
[Epoch 12] Train Loss: 0.6947, Acc: 76.51%  |  Val Loss: 1.1418, Acc: 80.08%  |  Time: 28.0s
  -> Best model saved (80.08%)

[Epoch 13] Training... (lr=0.000377)
  Batch [50/391] Loss: 0.7422, Acc: 75.12%
  Batch [100/391] Loss: 0.6856, Acc: 77.38%
  Batch [150/391] Loss: 0.6831, Acc: 76.79%
  Batch [200/391] Loss: 0.6922, Acc: 76.09%
  Batch [250/391] Loss: 0.6857, Acc: 76.33%
  Batch [300/391] Loss: 0.6860, Acc: 76.31%
  Batch [350/391] Loss: 0.6815, Acc: 76.41%
[Epoch 13] Train Loss: 0.6847, Acc: 76.19%  |  Val Loss: 4.6170, Acc: 78.80%  |  Time: 27.9s

[Epoch 14] Training... (lr=0.000299)
  Batch [50/391] Loss: 0.7285, Acc: 75.62%
  Batch [100/391] Loss: 0.7190, Acc: 75.56%
  Batch [150/391] Loss: 0.7176, Acc: 75.38%
  Batch [200/391] Loss: 0.7118, Acc: 75.78%
  Batch [250/391] Loss: 0.7176, Acc: 75.62%
  Batch [300/391] Loss: 0.7293, Acc: 75.48%
  Batch [350/391] Loss: 0.7196, Acc: 75.70%
[Epoch 14] Train Loss: 0.7130, Acc: 75.98%  |  Val Loss: 2.7770, Acc: 78.40%  |  Time: 27.9s

[Epoch 15] Training... (lr=0.000227)
  Batch [50/391] Loss: 0.6568, Acc: 77.75%
  Batch [100/391] Loss: 0.6788, Acc: 77.12%
  Batch [150/391] Loss: 0.6604, Acc: 78.42%
  Batch [200/391] Loss: 0.6608, Acc: 77.66%
  Batch [250/391] Loss: 0.6568, Acc: 77.90%
  Batch [300/391] Loss: 0.6689, Acc: 77.60%
  Batch [350/391] Loss: 0.6686, Acc: 77.52%
[Epoch 15] Train Loss: 0.6614, Acc: 77.62%  |  Val Loss: 1.6339, Acc: 81.36%  |  Time: 27.9s
  -> Best model saved (81.36%)

[Epoch 16] Training... (lr=0.000161)
  Batch [50/391] Loss: 0.6922, Acc: 77.12%
  Batch [100/391] Loss: 0.6459, Acc: 78.56%
  Batch [150/391] Loss: 0.6426, Acc: 78.12%
  Batch [200/391] Loss: 0.6510, Acc: 77.69%
  Batch [250/391] Loss: 0.6507, Acc: 77.85%
  Batch [300/391] Loss: 0.6525, Acc: 77.65%
  Batch [350/391] Loss: 0.6626, Acc: 77.55%
[Epoch 16] Train Loss: 0.6672, Acc: 77.28%  |  Val Loss: 10.8179, Acc: 79.20%  |  Time: 27.9s

[Epoch 17] Training... (lr=0.000105)
  Batch [50/391] Loss: 0.6439, Acc: 78.75%
  Batch [100/391] Loss: 0.5955, Acc: 80.81%
  Batch [150/391] Loss: 0.6292, Acc: 79.25%
  Batch [200/391] Loss: 0.6461, Acc: 78.50%
  Batch [250/391] Loss: 0.6484, Acc: 78.35%
  Batch [300/391] Loss: 0.6528, Acc: 78.15%
  Batch [350/391] Loss: 0.6478, Acc: 78.29%
[Epoch 17] Train Loss: 0.6582, Acc: 77.94%  |  Val Loss: 3.5977, Acc: 80.96%  |  Time: 27.9s

[Epoch 18] Training... (lr=0.000060)
  Batch [50/391] Loss: 0.6220, Acc: 78.12%
  Batch [100/391] Loss: 0.6376, Acc: 78.19%
  Batch [150/391] Loss: 0.6354, Acc: 78.38%
  Batch [200/391] Loss: 0.6361, Acc: 78.44%
  Batch [250/391] Loss: 0.6503, Acc: 78.20%
  Batch [300/391] Loss: 0.6546, Acc: 78.04%
  Batch [350/391] Loss: 0.6557, Acc: 78.12%
[Epoch 18] Train Loss: 0.6498, Acc: 78.29%  |  Val Loss: 4.8557, Acc: 81.04%  |  Time: 27.8s

[Epoch 19] Training... (lr=0.000027)
  Batch [50/391] Loss: 0.5945, Acc: 79.38%
  Batch [100/391] Loss: 0.6196, Acc: 79.50%
  Batch [150/391] Loss: 0.6145, Acc: 79.38%
  Batch [200/391] Loss: 0.6279, Acc: 79.25%
  Batch [250/391] Loss: 0.6315, Acc: 79.08%
  Batch [300/391] Loss: 0.6353, Acc: 78.81%
  Batch [350/391] Loss: 0.6278, Acc: 78.86%
[Epoch 19] Train Loss: 0.6312, Acc: 78.56%  |  Val Loss: 15.9832, Acc: 78.96%  |  Time: 27.5s

[Epoch 20] Training... (lr=0.000007)
  Batch [50/391] Loss: 0.6192, Acc: 77.50%
  Batch [100/391] Loss: 0.6563, Acc: 76.69%
  Batch [150/391] Loss: 0.6601, Acc: 76.96%
  Batch [200/391] Loss: 0.6547, Acc: 77.03%
  Batch [250/391] Loss: 0.6571, Acc: 77.15%
  Batch [300/391] Loss: 0.6574, Acc: 77.33%
  Batch [350/391] Loss: 0.6536, Acc: 77.45%
[Epoch 20] Train Loss: 0.6547, Acc: 77.54%  |  Val Loss: 2.6595, Acc: 81.92%  |  Time: 27.9s
  -> Best model saved (81.92%)

================================================================================
Done in 569.6s | Best val acc: 81.92%
Epoch times: mean=28.0s  min=27.4s  max=30.1s
================================================================================
