
================================================================================
Distributed Training: WIDE_RESNET50_2 on CIFAR10
Backend: MPI, Algorithm: ring_zfp_naive
================================================================================
Ranks: 8, Epochs: 20, Batch/rank: 16, Effective batch: 128
LR: 0.001, Device: cuda:0

[Setup] Model on cuda:0, wrapped in DDP (static_graph=True)
[Setup] Hook registered: mpi/ring_zfp_naive
[Data] Train batches: 391, Val batches: 79


[Epoch 1] Training... (lr=0.000001)
  Batch [50/391] Loss: 2.3765, Acc: 9.75%
  Batch [100/391] Loss: 2.3740, Acc: 9.56%
  Batch [150/391] Loss: 2.3702, Acc: 9.96%
  Batch [200/391] Loss: 2.3711, Acc: 9.62%
  Batch [250/391] Loss: 2.3686, Acc: 9.70%
  Batch [300/391] Loss: 2.3730, Acc: 9.58%
  Batch [350/391] Loss: 2.3682, Acc: 9.86%
[Epoch 1] Train Loss: 2.3719, Acc: 9.84%  |  Val Loss: 7395.6056, Acc: 10.00%  |  Time: 33.5s
  -> Best model saved (10.00%)

[Epoch 2] Training... (lr=0.001000)
  Batch [50/391] Loss: 2.2784, Acc: 16.88%
  Batch [100/391] Loss: 2.1893, Acc: 20.50%
  Batch [150/391] Loss: 2.1096, Acc: 23.67%
  Batch [200/391] Loss: 2.0386, Acc: 26.81%
  Batch [250/391] Loss: 1.9736, Acc: 29.25%
  Batch [300/391] Loss: 1.9119, Acc: 31.50%
  Batch [350/391] Loss: 1.8656, Acc: 33.45%
[Epoch 2] Train Loss: 1.8335, Acc: 34.83%  |  Val Loss: 4.4401, Acc: 56.08%  |  Time: 32.3s
  -> Best model saved (56.08%)

[Epoch 3] Training... (lr=0.000993)
  Batch [50/391] Loss: 1.4381, Acc: 49.00%
  Batch [100/391] Loss: 1.4049, Acc: 49.50%
  Batch [150/391] Loss: 1.3739, Acc: 51.17%
  Batch [200/391] Loss: 1.3458, Acc: 52.16%
  Batch [250/391] Loss: 1.3303, Acc: 52.80%
  Batch [300/391] Loss: 1.3137, Acc: 53.54%
  Batch [350/391] Loss: 1.2994, Acc: 53.96%
[Epoch 3] Train Loss: 1.2868, Acc: 54.48%  |  Val Loss: 1.2099, Acc: 66.16%  |  Time: 32.1s
  -> Best model saved (66.16%)

[Epoch 4] Training... (lr=0.000973)
  Batch [50/391] Loss: 1.1399, Acc: 59.62%
  Batch [100/391] Loss: 1.1652, Acc: 59.25%
  Batch [150/391] Loss: 1.1398, Acc: 60.67%
  Batch [200/391] Loss: 1.1377, Acc: 60.50%
  Batch [250/391] Loss: 1.1274, Acc: 60.75%
  Batch [300/391] Loss: 1.1198, Acc: 60.98%
  Batch [350/391] Loss: 1.1100, Acc: 61.46%
[Epoch 4] Train Loss: 1.0973, Acc: 61.81%  |  Val Loss: 3.3792, Acc: 65.68%  |  Time: 32.2s

[Epoch 5] Training... (lr=0.000940)
  Batch [50/391] Loss: 1.0410, Acc: 62.00%
  Batch [100/391] Loss: 1.0346, Acc: 62.81%
  Batch [150/391] Loss: 1.0131, Acc: 63.50%
  Batch [200/391] Loss: 0.9991, Acc: 64.44%
  Batch [250/391] Loss: 1.0035, Acc: 64.75%
  Batch [300/391] Loss: 1.0022, Acc: 64.90%
  Batch [350/391] Loss: 1.0059, Acc: 64.89%
[Epoch 5] Train Loss: 1.0072, Acc: 65.04%  |  Val Loss: 1.3544, Acc: 66.96%  |  Time: 32.3s
  -> Best model saved (66.96%)

[Epoch 6] Training... (lr=0.000895)
  Batch [50/391] Loss: 0.9462, Acc: 66.50%
  Batch [100/391] Loss: 0.9417, Acc: 66.62%
  Batch [150/391] Loss: 0.9529, Acc: 66.38%
  Batch [200/391] Loss: 0.9451, Acc: 66.50%
  Batch [250/391] Loss: 0.9476, Acc: 66.35%
  Batch [300/391] Loss: 0.9478, Acc: 66.62%
  Batch [350/391] Loss: 0.9485, Acc: 66.75%
[Epoch 6] Train Loss: 0.9462, Acc: 66.93%  |  Val Loss: 3.0626, Acc: 72.88%  |  Time: 32.5s
  -> Best model saved (72.88%)

[Epoch 7] Training... (lr=0.000839)
  Batch [50/391] Loss: 0.9014, Acc: 68.50%
  Batch [100/391] Loss: 0.8843, Acc: 69.31%
  Batch [150/391] Loss: 0.8947, Acc: 68.88%
  Batch [200/391] Loss: 0.8814, Acc: 69.31%
  Batch [250/391] Loss: 0.8822, Acc: 69.12%
  Batch [300/391] Loss: 0.8660, Acc: 69.88%
  Batch [350/391] Loss: 0.8641, Acc: 69.88%
[Epoch 7] Train Loss: 0.8707, Acc: 69.79%  |  Val Loss: 2.7805, Acc: 77.44%  |  Time: 32.3s
  -> Best model saved (77.44%)

[Epoch 8] Training... (lr=0.000773)
  Batch [50/391] Loss: 0.8551, Acc: 71.50%
  Batch [100/391] Loss: 0.8323, Acc: 72.06%
  Batch [150/391] Loss: 0.8554, Acc: 71.08%
  Batch [200/391] Loss: 0.8536, Acc: 71.03%
  Batch [250/391] Loss: 0.8576, Acc: 70.65%
  Batch [300/391] Loss: 0.8560, Acc: 70.75%
  Batch [350/391] Loss: 0.8572, Acc: 70.77%
[Epoch 8] Train Loss: 0.8604, Acc: 70.51%  |  Val Loss: 1.3017, Acc: 80.08%  |  Time: 32.4s
  -> Best model saved (80.08%)

[Epoch 9] Training... (lr=0.000701)
  Batch [50/391] Loss: 0.8768, Acc: 69.75%
  Batch [100/391] Loss: 0.8545, Acc: 70.25%
  Batch [150/391] Loss: 0.8329, Acc: 70.71%
  Batch [200/391] Loss: 0.8174, Acc: 71.38%
  Batch [250/391] Loss: 0.8203, Acc: 71.42%
  Batch [300/391] Loss: 0.8203, Acc: 71.62%
  Batch [350/391] Loss: 0.8220, Acc: 71.68%
[Epoch 9] Train Loss: 0.8223, Acc: 71.68%  |  Val Loss: 2.1717, Acc: 78.88%  |  Time: 32.3s

[Epoch 10] Training... (lr=0.000623)
  Batch [50/391] Loss: 0.7615, Acc: 74.50%
  Batch [100/391] Loss: 0.7803, Acc: 72.38%
  Batch [150/391] Loss: 0.7691, Acc: 73.00%
  Batch [200/391] Loss: 0.7803, Acc: 72.59%
  Batch [250/391] Loss: 0.7814, Acc: 72.85%
  Batch [300/391] Loss: 0.7830, Acc: 73.00%
  Batch [350/391] Loss: 0.7836, Acc: 72.96%
[Epoch 10] Train Loss: 0.7789, Acc: 73.20%  |  Val Loss: 4.4972, Acc: 76.96%  |  Time: 32.3s

[Epoch 11] Training... (lr=0.000541)
  Batch [50/391] Loss: 0.7255, Acc: 75.00%
  Batch [100/391] Loss: 0.7403, Acc: 74.44%
  Batch [150/391] Loss: 0.7615, Acc: 73.50%
  Batch [200/391] Loss: 0.7679, Acc: 73.12%
  Batch [250/391] Loss: 0.7587, Acc: 73.67%
  Batch [300/391] Loss: 0.7484, Acc: 74.10%
  Batch [350/391] Loss: 0.7413, Acc: 74.39%
[Epoch 11] Train Loss: 0.7408, Acc: 74.42%  |  Val Loss: 11.1626, Acc: 77.76%  |  Time: 32.4s

[Epoch 12] Training... (lr=0.000459)
  Batch [50/391] Loss: 0.7453, Acc: 74.25%
  Batch [100/391] Loss: 0.7151, Acc: 75.50%
  Batch [150/391] Loss: 0.7136, Acc: 75.50%
  Batch [200/391] Loss: 0.7071, Acc: 75.72%
  Batch [250/391] Loss: 0.7017, Acc: 75.67%
  Batch [300/391] Loss: 0.7065, Acc: 75.31%
  Batch [350/391] Loss: 0.7153, Acc: 75.09%
[Epoch 12] Train Loss: 0.7148, Acc: 74.93%  |  Val Loss: 3.1123, Acc: 77.92%  |  Time: 32.3s

[Epoch 13] Training... (lr=0.000377)
  Batch [50/391] Loss: 0.7717, Acc: 73.25%
  Batch [100/391] Loss: 0.7237, Acc: 74.25%
  Batch [150/391] Loss: 0.7130, Acc: 74.88%
  Batch [200/391] Loss: 0.7264, Acc: 74.78%
  Batch [250/391] Loss: 0.7126, Acc: 75.35%
  Batch [300/391] Loss: 0.7063, Acc: 75.44%
  Batch [350/391] Loss: 0.7048, Acc: 75.50%
[Epoch 13] Train Loss: 0.7049, Acc: 75.55%  |  Val Loss: 1.4222, Acc: 81.76%  |  Time: 32.4s
  -> Best model saved (81.76%)

[Epoch 14] Training... (lr=0.000299)
  Batch [50/391] Loss: 0.7143, Acc: 75.88%
  Batch [100/391] Loss: 0.7528, Acc: 74.31%
  Batch [150/391] Loss: 0.7378, Acc: 74.54%
  Batch [200/391] Loss: 0.7386, Acc: 74.75%
  Batch [250/391] Loss: 0.7404, Acc: 74.75%
  Batch [300/391] Loss: 0.7516, Acc: 74.15%
  Batch [350/391] Loss: 0.7442, Acc: 74.21%
[Epoch 14] Train Loss: 0.7413, Acc: 74.13%  |  Val Loss: 3.3267, Acc: 80.48%  |  Time: 32.4s

[Epoch 15] Training... (lr=0.000227)
  Batch [50/391] Loss: 0.7042, Acc: 76.00%
  Batch [100/391] Loss: 0.7345, Acc: 74.25%
  Batch [150/391] Loss: 0.7070, Acc: 75.58%
  Batch [200/391] Loss: 0.7089, Acc: 75.44%
  Batch [250/391] Loss: 0.6989, Acc: 75.72%
  Batch [300/391] Loss: 0.7080, Acc: 75.27%
  Batch [350/391] Loss: 0.7048, Acc: 75.50%
[Epoch 15] Train Loss: 0.6985, Acc: 75.57%  |  Val Loss: 3.4675, Acc: 80.48%  |  Time: 32.1s

[Epoch 16] Training... (lr=0.000161)
  Batch [50/391] Loss: 0.7087, Acc: 76.25%
  Batch [100/391] Loss: 0.6745, Acc: 77.12%
  Batch [150/391] Loss: 0.6775, Acc: 76.83%
  Batch [200/391] Loss: 0.6920, Acc: 76.31%
  Batch [250/391] Loss: 0.6851, Acc: 76.65%
  Batch [300/391] Loss: 0.6851, Acc: 76.54%
  Batch [350/391] Loss: 0.6924, Acc: 76.52%
[Epoch 16] Train Loss: 0.6894, Acc: 76.67%  |  Val Loss: 2.5950, Acc: 80.40%  |  Time: 31.8s

[Epoch 17] Training... (lr=0.000105)
  Batch [50/391] Loss: 0.6700, Acc: 75.62%
  Batch [100/391] Loss: 0.6388, Acc: 76.81%
  Batch [150/391] Loss: 0.6686, Acc: 75.62%
  Batch [200/391] Loss: 0.6817, Acc: 75.22%
  Batch [250/391] Loss: 0.6886, Acc: 75.42%
  Batch [300/391] Loss: 0.6864, Acc: 75.79%
  Batch [350/391] Loss: 0.6833, Acc: 76.00%
[Epoch 17] Train Loss: 0.6953, Acc: 75.65%  |  Val Loss: 2.1155, Acc: 80.96%  |  Time: 32.4s

[Epoch 18] Training... (lr=0.000060)
  Batch [50/391] Loss: 0.6529, Acc: 77.62%
  Batch [100/391] Loss: 0.6727, Acc: 77.38%
  Batch [150/391] Loss: 0.6623, Acc: 77.38%
  Batch [200/391] Loss: 0.6600, Acc: 77.34%
  Batch [250/391] Loss: 0.6748, Acc: 77.00%
  Batch [300/391] Loss: 0.6762, Acc: 76.79%
  Batch [350/391] Loss: 0.6770, Acc: 76.95%
[Epoch 18] Train Loss: 0.6735, Acc: 76.90%  |  Val Loss: 1.8664, Acc: 81.20%  |  Time: 32.4s

[Epoch 19] Training... (lr=0.000027)
  Batch [50/391] Loss: 0.6457, Acc: 76.75%
  Batch [100/391] Loss: 0.6764, Acc: 76.75%
  Batch [150/391] Loss: 0.6647, Acc: 77.00%
  Batch [200/391] Loss: 0.6749, Acc: 76.53%
  Batch [250/391] Loss: 0.6821, Acc: 76.22%
  Batch [300/391] Loss: 0.6786, Acc: 76.15%
  Batch [350/391] Loss: 0.6766, Acc: 76.02%
[Epoch 19] Train Loss: 0.6792, Acc: 76.02%  |  Val Loss: 2.8792, Acc: 80.56%  |  Time: 32.4s

[Epoch 20] Training... (lr=0.000007)
  Batch [50/391] Loss: 0.6693, Acc: 75.50%
  Batch [100/391] Loss: 0.6826, Acc: 75.00%
  Batch [150/391] Loss: 0.6732, Acc: 75.33%
  Batch [200/391] Loss: 0.6718, Acc: 75.81%
  Batch [250/391] Loss: 0.6706, Acc: 76.00%
  Batch [300/391] Loss: 0.6778, Acc: 75.96%
  Batch [350/391] Loss: 0.6724, Acc: 76.21%
[Epoch 20] Train Loss: 0.6724, Acc: 76.35%  |  Val Loss: 1.7013, Acc: 82.32%  |  Time: 32.5s
  -> Best model saved (82.32%)

================================================================================
Done in 655.3s | Best val acc: 82.32%
Epoch times: mean=32.4s  min=31.8s  max=33.5s
================================================================================
