=== Job started: Thu May 21 11:58:50 PM UTC 2026 ===
=== Node: x3104c0s19b0n0 ===

The following have been reloaded with a version change:
  1) gcc-native/14 => gcc-native/13


The following have been reloaded with a version change:
  1) gcc-native/13 => gcc-native/14.2

[INFO] GTL preloaded: /opt/cray/pe/mpich/9.0.1/ofi/nvidia/23.3/lib/libmpi_gtl_cuda.so
=============================================
  Polaris DDP + Eagle PyTorch + Cray MPICH
=============================================
Node              : x3104c0s19b0n0
ZFP_HOME          : /home/mrest/mpiAllReduceCompressed/zfp-install
GTL               : /opt/cray/pe/mpich/9.0.1/ofi/nvidia/23.3/lib/libmpi_gtl_cuda.so
MPICH_GPU_SUPPORT : 1

PyTorch version   : 2.8.0a0+gitba56102
PyTorch location  : /lus/eagle/projects/UIC-HPC/mrest/pytorch_mpi_build/src/pytorch/torch/__init__.py
CUDA available    : True 4
MPI available     : True
mpi4py            : MPI VERSION    : CRAY MPICH version 9.0.1.498 (ANL base 4.1.2)
mpi4py rank test  : rank 0 OK
=============================================
=== Starting training: backend=mpi, hook=None, zfp_rate=none at Thu May 21 11:59:25 PM UTC 2026 ===

================================================================================
DISTRIBUTED TRAINING LAUNCHER
================================================================================
  Model:      wide_resnet50_2 (pretrained)
  Dataset:    cifar10 (10 classes)
  Backend:    mpi
  Algorithm:  built-in (no hook)
  Epochs:     20
  Batch/rank: 32
  LR:         0.001
================================================================================


================================================================================
Distributed Training: WIDE_RESNET50_2 on CIFAR10
Backend: MPI, Algorithm: built-in (no hook)
================================================================================
Ranks: 4, Epochs: 20, Batch/rank: 32, Effective batch: 128
LR: 0.001, Device: cuda:0

[Setup] Model on cuda:0, wrapped in DDP (static_graph=True)
[Setup] No hook — using DDP built-in MPI allreduce
[Data] Train batches: 391, Val batches: 79


[Epoch 1] Training... (lr=0.000001)

================================================================================
DISTRIBUTED TRAINING LAUNCHER
================================================================================
  Model:      wide_resnet50_2 (pretrained)
  Dataset:    cifar10 (10 classes)
  Backend:    mpi
  Algorithm:  built-in (no hook)
  Epochs:     20
  Batch/rank: 32
  LR:         0.001
================================================================================


================================================================================
DISTRIBUTED TRAINING LAUNCHER
================================================================================
  Model:      wide_resnet50_2 (pretrained)
  Dataset:    cifar10 (10 classes)
  Backend:    mpi
  Algorithm:  built-in (no hook)
  Epochs:     20
  Batch/rank: 32
  LR:         0.001
================================================================================


================================================================================
DISTRIBUTED TRAINING LAUNCHER
================================================================================
  Model:      wide_resnet50_2 (pretrained)
  Dataset:    cifar10 (10 classes)
  Backend:    mpi
  Algorithm:  built-in (no hook)
  Epochs:     20
  Batch/rank: 32
  LR:         0.001
================================================================================

  Batch [50/391] Loss: 2.3671, Acc: 11.06%
  Batch [100/391] Loss: 2.3656, Acc: 11.38%
  Batch [150/391] Loss: 2.3628, Acc: 11.15%
  Batch [200/391] Loss: 2.3621, Acc: 11.27%
  Batch [250/391] Loss: 2.3648, Acc: 10.72%
  Batch [300/391] Loss: 2.3647, Acc: 10.45%
  Batch [350/391] Loss: 2.3630, Acc: 10.44%
[Epoch 1] Train Loss: 2.3641, Acc: 10.38%  |  Val Loss: 220.9027, Acc: 10.44%  |  Time: 14.0s
  -> Best model saved (10.44%)
[Epoch 1] Summarizing hook timing...
[HOOK_TIMING_SUMMARY] epoch=1 no hook timing samples
[Epoch 1] Hook timing summary done

[Epoch 2] Training... (lr=0.001000)
  Batch [50/391] Loss: 2.2526, Acc: 17.81%
  Batch [100/391] Loss: 2.1628, Acc: 21.91%
  Batch [150/391] Loss: 2.0872, Acc: 26.10%
  Batch [200/391] Loss: 1.9941, Acc: 29.81%
  Batch [250/391] Loss: 1.9193, Acc: 32.48%
  Batch [300/391] Loss: 1.8543, Acc: 34.99%
  Batch [350/391] Loss: 1.7924, Acc: 37.03%
[Epoch 2] Train Loss: 1.7492, Acc: 38.47%  |  Val Loss: 1.2532, Acc: 57.68%  |  Time: 9.2s
  -> Best model saved (57.68%)
[Epoch 2] Summarizing hook timing...
[HOOK_TIMING_SUMMARY] epoch=2 no hook timing samples
[Epoch 2] Hook timing summary done

[Epoch 3] Training... (lr=0.000993)
  Batch [50/391] Loss: 1.3066, Acc: 53.69%
  Batch [100/391] Loss: 1.2800, Acc: 54.91%
  Batch [150/391] Loss: 1.2406, Acc: 56.46%
  Batch [200/391] Loss: 1.2166, Acc: 57.16%
  Batch [250/391] Loss: 1.1925, Acc: 58.10%
  Batch [300/391] Loss: 1.1797, Acc: 58.92%
  Batch [350/391] Loss: 1.1587, Acc: 59.72%
[Epoch 3] Train Loss: 1.1473, Acc: 59.94%  |  Val Loss: 0.9401, Acc: 69.16%  |  Time: 9.4s
  -> Best model saved (69.16%)
[Epoch 3] Summarizing hook timing...
[HOOK_TIMING_SUMMARY] epoch=3 no hook timing samples
[Epoch 3] Hook timing summary done

[Epoch 4] Training... (lr=0.000973)
  Batch [50/391] Loss: 1.0012, Acc: 66.31%
  Batch [100/391] Loss: 1.0013, Acc: 66.09%
  Batch [150/391] Loss: 0.9846, Acc: 66.60%
  Batch [200/391] Loss: 0.9726, Acc: 66.88%
  Batch [250/391] Loss: 0.9674, Acc: 66.78%
  Batch [300/391] Loss: 0.9648, Acc: 66.74%
  Batch [350/391] Loss: 0.9605, Acc: 66.98%
[Epoch 4] Train Loss: 0.9546, Acc: 67.12%  |  Val Loss: 0.7597, Acc: 75.08%  |  Time: 9.4s
  -> Best model saved (75.08%)
[Epoch 4] Summarizing hook timing...
[HOOK_TIMING_SUMMARY] epoch=4 no hook timing samples
[Epoch 4] Hook timing summary done

[Epoch 5] Training... (lr=0.000940)
  Batch [50/391] Loss: 0.8778, Acc: 68.38%
  Batch [100/391] Loss: 0.8698, Acc: 69.81%
  Batch [150/391] Loss: 0.8522, Acc: 70.50%
  Batch [200/391] Loss: 0.8336, Acc: 71.19%
  Batch [250/391] Loss: 0.8444, Acc: 70.69%
  Batch [300/391] Loss: 0.8375, Acc: 71.00%
  Batch [350/391] Loss: 0.8433, Acc: 70.85%
[Epoch 5] Train Loss: 0.8387, Acc: 71.03%  |  Val Loss: 0.8379, Acc: 77.84%  |  Time: 9.4s
  -> Best model saved (77.84%)
[Epoch 5] Summarizing hook timing...
[HOOK_TIMING_SUMMARY] epoch=5 no hook timing samples
[Epoch 5] Hook timing summary done

[Epoch 6] Training... (lr=0.000895)
  Batch [50/391] Loss: 0.7931, Acc: 72.38%
  Batch [100/391] Loss: 0.7900, Acc: 72.00%
  Batch [150/391] Loss: 0.7964, Acc: 72.00%
  Batch [200/391] Loss: 0.7863, Acc: 72.45%
  Batch [250/391] Loss: 0.7831, Acc: 72.46%
  Batch [300/391] Loss: 0.7812, Acc: 72.65%
  Batch [350/391] Loss: 0.7796, Acc: 72.70%
[Epoch 6] Train Loss: 0.7751, Acc: 72.80%  |  Val Loss: 0.7245, Acc: 79.44%  |  Time: 9.3s
  -> Best model saved (79.44%)
[Epoch 6] Summarizing hook timing...
[HOOK_TIMING_SUMMARY] epoch=6 no hook timing samples
[Epoch 6] Hook timing summary done

[Epoch 7] Training... (lr=0.000839)
  Batch [50/391] Loss: 0.7379, Acc: 74.19%
  Batch [100/391] Loss: 0.7493, Acc: 73.81%
  Batch [150/391] Loss: 0.7385, Acc: 74.31%
  Batch [200/391] Loss: 0.7264, Acc: 75.12%
  Batch [250/391] Loss: 0.7240, Acc: 75.20%
  Batch [300/391] Loss: 0.7132, Acc: 75.42%
  Batch [350/391] Loss: 0.7101, Acc: 75.45%
[Epoch 7] Train Loss: 0.7134, Acc: 75.34%  |  Val Loss: 1.3674, Acc: 79.64%  |  Time: 9.4s
  -> Best model saved (79.64%)
[Epoch 7] Summarizing hook timing...
[HOOK_TIMING_SUMMARY] epoch=7 no hook timing samples
[Epoch 7] Hook timing summary done

[Epoch 8] Training... (lr=0.000773)
  Batch [50/391] Loss: 0.7077, Acc: 75.56%
  Batch [100/391] Loss: 0.6959, Acc: 76.34%
  Batch [150/391] Loss: 0.7164, Acc: 75.23%
  Batch [200/391] Loss: 0.6998, Acc: 75.83%
  Batch [250/391] Loss: 0.6959, Acc: 75.83%
  Batch [300/391] Loss: 0.6917, Acc: 75.99%
  Batch [350/391] Loss: 0.6923, Acc: 76.03%
[Epoch 8] Train Loss: 0.6881, Acc: 76.14%  |  Val Loss: 0.6145, Acc: 82.40%  |  Time: 9.3s
  -> Best model saved (82.40%)
[Epoch 8] Summarizing hook timing...
[HOOK_TIMING_SUMMARY] epoch=8 no hook timing samples
[Epoch 8] Hook timing summary done

[Epoch 9] Training... (lr=0.000701)
  Batch [50/391] Loss: 0.6679, Acc: 77.25%
  Batch [100/391] Loss: 0.6682, Acc: 77.31%
  Batch [150/391] Loss: 0.6577, Acc: 77.69%
  Batch [200/391] Loss: 0.6607, Acc: 77.30%
  Batch [250/391] Loss: 0.6599, Acc: 77.20%
  Batch [300/391] Loss: 0.6587, Acc: 77.24%
  Batch [350/391] Loss: 0.6533, Acc: 77.45%
[Epoch 9] Train Loss: 0.6517, Acc: 77.50%  |  Val Loss: 0.9341, Acc: 82.36%  |  Time: 9.4s
[Epoch 9] Summarizing hook timing...
[HOOK_TIMING_SUMMARY] epoch=9 no hook timing samples
[Epoch 9] Hook timing summary done

[Epoch 10] Training... (lr=0.000623)
  Batch [50/391] Loss: 0.5940, Acc: 79.25%
  Batch [100/391] Loss: 0.6214, Acc: 78.22%
  Batch [150/391] Loss: 0.6280, Acc: 78.48%
  Batch [200/391] Loss: 0.6370, Acc: 77.92%
  Batch [250/391] Loss: 0.6423, Acc: 77.64%
  Batch [300/391] Loss: 0.6356, Acc: 78.02%
  Batch [350/391] Loss: 0.6304, Acc: 78.24%
[Epoch 10] Train Loss: 0.6270, Acc: 78.40%  |  Val Loss: 1.1937, Acc: 83.12%  |  Time: 9.3s
  -> Best model saved (83.12%)
[Epoch 10] Summarizing hook timing...
[HOOK_TIMING_SUMMARY] epoch=10 no hook timing samples
[Epoch 10] Hook timing summary done

[Epoch 11] Training... (lr=0.000541)
  Batch [50/391] Loss: 0.5844, Acc: 79.50%
  Batch [100/391] Loss: 0.6059, Acc: 79.16%
  Batch [150/391] Loss: 0.6131, Acc: 78.75%
  Batch [200/391] Loss: 0.6142, Acc: 78.69%
  Batch [250/391] Loss: 0.6070, Acc: 78.97%
  Batch [300/391] Loss: 0.6045, Acc: 79.07%
  Batch [350/391] Loss: 0.6024, Acc: 79.14%
[Epoch 11] Train Loss: 0.6001, Acc: 79.12%  |  Val Loss: 1.1671, Acc: 82.48%  |  Time: 9.3s
[Epoch 11] Summarizing hook timing...
[HOOK_TIMING_SUMMARY] epoch=11 no hook timing samples
[Epoch 11] Hook timing summary done

[Epoch 12] Training... (lr=0.000459)
  Batch [50/391] Loss: 0.6049, Acc: 78.81%
  Batch [100/391] Loss: 0.5927, Acc: 79.25%
  Batch [150/391] Loss: 0.5743, Acc: 79.92%
  Batch [200/391] Loss: 0.5802, Acc: 79.95%
  Batch [250/391] Loss: 0.5769, Acc: 80.03%
  Batch [300/391] Loss: 0.5762, Acc: 80.08%
  Batch [350/391] Loss: 0.5797, Acc: 80.03%
[Epoch 12] Train Loss: 0.5799, Acc: 79.90%  |  Val Loss: 0.9982, Acc: 83.00%  |  Time: 9.3s
[Epoch 12] Summarizing hook timing...
[HOOK_TIMING_SUMMARY] epoch=12 no hook timing samples
[Epoch 12] Hook timing summary done

[Epoch 13] Training... (lr=0.000377)
  Batch [50/391] Loss: 0.5731, Acc: 79.75%
  Batch [100/391] Loss: 0.5514, Acc: 80.62%
  Batch [150/391] Loss: 0.5647, Acc: 80.31%
  Batch [200/391] Loss: 0.5672, Acc: 80.33%
  Batch [250/391] Loss: 0.5634, Acc: 80.35%
  Batch [300/391] Loss: 0.5650, Acc: 80.43%
  Batch [350/391] Loss: 0.5638, Acc: 80.42%
[Epoch 13] Train Loss: 0.5620, Acc: 80.50%  |  Val Loss: 0.5711, Acc: 84.08%  |  Time: 9.1s
  -> Best model saved (84.08%)
[Epoch 13] Summarizing hook timing...
[HOOK_TIMING_SUMMARY] epoch=13 no hook timing samples
[Epoch 13] Hook timing summary done

[Epoch 14] Training... (lr=0.000299)
  Batch [50/391] Loss: 0.5326, Acc: 81.19%
  Batch [100/391] Loss: 0.5619, Acc: 79.91%
  Batch [150/391] Loss: 0.5597, Acc: 80.17%
  Batch [200/391] Loss: 0.5519, Acc: 80.41%
  Batch [250/391] Loss: 0.5521, Acc: 80.65%
  Batch [300/391] Loss: 0.5536, Acc: 80.48%
  Batch [350/391] Loss: 0.5553, Acc: 80.48%
[Epoch 14] Train Loss: 0.5568, Acc: 80.50%  |  Val Loss: 0.7227, Acc: 84.56%  |  Time: 9.4s
  -> Best model saved (84.56%)
[Epoch 14] Summarizing hook timing...
[HOOK_TIMING_SUMMARY] epoch=14 no hook timing samples
[Epoch 14] Hook timing summary done

[Epoch 15] Training... (lr=0.000227)
  Batch [50/391] Loss: 0.5425, Acc: 80.69%
  Batch [100/391] Loss: 0.5673, Acc: 79.78%
  Batch [150/391] Loss: 0.5531, Acc: 80.48%
  Batch [200/391] Loss: 0.5529, Acc: 80.47%
  Batch [250/391] Loss: 0.5444, Acc: 80.71%
  Batch [300/391] Loss: 0.5517, Acc: 80.55%
  Batch [350/391] Loss: 0.5478, Acc: 80.57%
[Epoch 15] Train Loss: 0.5467, Acc: 80.59%  |  Val Loss: 0.7886, Acc: 84.68%  |  Time: 9.3s
  -> Best model saved (84.68%)
[Epoch 15] Summarizing hook timing...
[HOOK_TIMING_SUMMARY] epoch=15 no hook timing samples
[Epoch 15] Hook timing summary done

[Epoch 16] Training... (lr=0.000161)
  Batch [50/391] Loss: 0.5535, Acc: 80.75%
  Batch [100/391] Loss: 0.5569, Acc: 81.06%
  Batch [150/391] Loss: 0.5503, Acc: 81.17%
  Batch [200/391] Loss: 0.5496, Acc: 81.02%
  Batch [250/391] Loss: 0.5397, Acc: 81.15%
  Batch [300/391] Loss: 0.5380, Acc: 81.23%
  Batch [350/391] Loss: 0.5382, Acc: 81.17%
[Epoch 16] Train Loss: 0.5368, Acc: 81.19%  |  Val Loss: 0.7116, Acc: 84.60%  |  Time: 9.5s
[Epoch 16] Summarizing hook timing...
[HOOK_TIMING_SUMMARY] epoch=16 no hook timing samples
[Epoch 16] Hook timing summary done

[Epoch 17] Training... (lr=0.000105)
  Batch [50/391] Loss: 0.5492, Acc: 80.50%
  Batch [100/391] Loss: 0.5255, Acc: 81.69%
  Batch [150/391] Loss: 0.5353, Acc: 81.58%
  Batch [200/391] Loss: 0.5467, Acc: 81.23%
  Batch [250/391] Loss: 0.5443, Acc: 81.10%
  Batch [300/391] Loss: 0.5452, Acc: 81.03%
  Batch [350/391] Loss: 0.5447, Acc: 81.06%
[Epoch 17] Train Loss: 0.5485, Acc: 80.86%  |  Val Loss: 1.1873, Acc: 84.08%  |  Time: 9.4s
[Epoch 17] Summarizing hook timing...
[HOOK_TIMING_SUMMARY] epoch=17 no hook timing samples
[Epoch 17] Hook timing summary done

[Epoch 18] Training... (lr=0.000060)
  Batch [50/391] Loss: 0.5247, Acc: 83.56%
  Batch [100/391] Loss: 0.5339, Acc: 82.50%
  Batch [150/391] Loss: 0.5272, Acc: 82.42%
  Batch [200/391] Loss: 0.5273, Acc: 82.38%
  Batch [250/391] Loss: 0.5362, Acc: 81.99%
  Batch [300/391] Loss: 0.5327, Acc: 82.05%
  Batch [350/391] Loss: 0.5311, Acc: 82.18%
[Epoch 18] Train Loss: 0.5341, Acc: 81.98%  |  Val Loss: 1.6770, Acc: 83.52%  |  Time: 9.4s
[Epoch 18] Summarizing hook timing...
[HOOK_TIMING_SUMMARY] epoch=18 no hook timing samples
[Epoch 18] Hook timing summary done

[Epoch 19] Training... (lr=0.000027)
  Batch [50/391] Loss: 0.5101, Acc: 82.88%
  Batch [100/391] Loss: 0.5379, Acc: 81.75%
  Batch [150/391] Loss: 0.5385, Acc: 81.48%
  Batch [200/391] Loss: 0.5443, Acc: 81.12%
  Batch [250/391] Loss: 0.5484, Acc: 80.89%
  Batch [300/391] Loss: 0.5421, Acc: 81.12%
  Batch [350/391] Loss: 0.5373, Acc: 81.21%
[Epoch 19] Train Loss: 0.5393, Acc: 81.13%  |  Val Loss: 0.9000, Acc: 84.52%  |  Time: 9.3s
[Epoch 19] Summarizing hook timing...
[HOOK_TIMING_SUMMARY] epoch=19 no hook timing samples
[Epoch 19] Hook timing summary done

[Epoch 20] Training... (lr=0.000007)
  Batch [50/391] Loss: 0.5253, Acc: 81.31%
  Batch [100/391] Loss: 0.5221, Acc: 81.38%
  Batch [150/391] Loss: 0.5179, Acc: 81.33%
  Batch [200/391] Loss: 0.5121, Acc: 81.64%
  Batch [250/391] Loss: 0.5187, Acc: 81.54%
  Batch [300/391] Loss: 0.5230, Acc: 81.38%
  Batch [350/391] Loss: 0.5308, Acc: 81.19%
[Epoch 20] Train Loss: 0.5275, Acc: 81.34%  |  Val Loss: 0.7108, Acc: 85.04%  |  Time: 9.5s
  -> Best model saved (85.04%)
[Epoch 20] Summarizing hook timing...
[HOOK_TIMING_SUMMARY] epoch=20 no hook timing samples
[Epoch 20] Hook timing summary done

================================================================================
Done in 202.7s | Best val acc: 85.04%
Epoch times: mean=9.6s  min=9.1s  max=14.0s
================================================================================
=== Finished training: backend=mpi, hook=None, zfp_rate=none, status=0 at Fri May 22 12:03:06 AM UTC 2026 ===
=== Starting training: backend=mpi, hook=recursive_doubling, zfp_rate=none at Fri May 22 12:03:06 AM UTC 2026 ===

================================================================================
DISTRIBUTED TRAINING LAUNCHER
================================================================================
  Model:      wide_resnet50_2 (pretrained)
  Dataset:    cifar10 (10 classes)
  Backend:    mpi
  Algorithm:  recursive_doubling
  Epochs:     20
  Batch/rank: 32
  LR:         0.001
================================================================================


================================================================================
Distributed Training: WIDE_RESNET50_2 on CIFAR10
Backend: MPI, Algorithm: recursive_doubling
================================================================================
Ranks: 4, Epochs: 20, Batch/rank: 32, Effective batch: 128
LR: 0.001, Device: cuda:0

[Setup] Model on cuda:0, wrapped in DDP (static_graph=True)
[Setup] Hook registered: mpi/recursive_doubling

================================================================================
DISTRIBUTED TRAINING LAUNCHER
================================================================================
  Model:      wide_resnet50_2 (pretrained)
  Dataset:    cifar10 (10 classes)
  Backend:    mpi
  Algorithm:  recursive_doubling
  Epochs:     20
  Batch/rank: 32
  LR:         0.001
================================================================================

[Data] Train batches: 391, Val batches: 79


[Epoch 1] Training... (lr=0.000001)

================================================================================
DISTRIBUTED TRAINING LAUNCHER
================================================================================
  Model:      wide_resnet50_2 (pretrained)
  Dataset:    cifar10 (10 classes)
  Backend:    mpi
  Algorithm:  recursive_doubling
  Epochs:     20
  Batch/rank: 32
  LR:         0.001
================================================================================


================================================================================
DISTRIBUTED TRAINING LAUNCHER
================================================================================
  Model:      wide_resnet50_2 (pretrained)
  Dataset:    cifar10 (10 classes)
  Backend:    mpi
  Algorithm:  recursive_doubling
  Epochs:     20
  Batch/rank: 32
  LR:         0.001
================================================================================

  Batch [50/391] Loss: 2.3671, Acc: 10.94%
  Batch [100/391] Loss: 2.3657, Acc: 11.25%
  Batch [150/391] Loss: 2.3630, Acc: 11.06%
  Batch [200/391] Loss: 2.3626, Acc: 11.22%
  Batch [250/391] Loss: 2.3649, Acc: 10.76%
  Batch [300/391] Loss: 2.3649, Acc: 10.49%
  Batch [350/391] Loss: 2.3630, Acc: 10.46%
[Epoch 1] Train Loss: 2.3642, Acc: 10.41%  |  Val Loss: 219.9745, Acc: 10.36%  |  Time: 11.4s
  -> Best model saved (10.36%)
[Epoch 1] Summarizing hook timing...

[HOOK_TIMING_SUMMARY] epoch=1
[HOOK_WORK_SUMMARY] label=mpi:recursive_doubling calls=3114 work_total_ms=5014.597 work_mean_ms=1.610 work_min_ms=0.747 work_max_ms=31.898
[HOOK_TAIL_SUMMARY] label=mpi:recursive_doubling steps=392 tail_total_ms=1364.397 tail_mean_ms=3.481 tail_min_ms=1.534 tail_max_ms=33.099
[Epoch 1] Hook timing summary done

[Epoch 2] Training... (lr=0.001000)
  Batch [50/391] Loss: 2.2584, Acc: 16.88%
  Batch [100/391] Loss: 2.1542, Acc: 22.50%
  Batch [150/391] Loss: 2.0696, Acc: 26.12%
  Batch [200/391] Loss: 1.9764, Acc: 29.98%
  Batch [250/391] Loss: 1.8921, Acc: 32.94%
  Batch [300/391] Loss: 1.8294, Acc: 35.39%
  Batch [350/391] Loss: 1.7701, Acc: 37.57%
[Epoch 2] Train Loss: 1.7238, Acc: 39.21%  |  Val Loss: 1.8135, Acc: 55.96%  |  Time: 10.3s
  -> Best model saved (55.96%)
[Epoch 2] Summarizing hook timing...

[HOOK_TIMING_SUMMARY] epoch=2
[HOOK_WORK_SUMMARY] label=mpi:recursive_doubling calls=3128 work_total_ms=5154.614 work_mean_ms=1.648 work_min_ms=0.749 work_max_ms=2.881
[HOOK_TAIL_SUMMARY] label=mpi:recursive_doubling steps=391 tail_total_ms=1518.462 tail_mean_ms=3.884 tail_min_ms=2.206 tail_max_ms=4.567
[Epoch 2] Hook timing summary done

[Epoch 3] Training... (lr=0.000993)
  Batch [50/391] Loss: 1.3129, Acc: 54.31%
  Batch [100/391] Loss: 1.2742, Acc: 55.38%
  Batch [150/391] Loss: 1.2319, Acc: 56.83%
  Batch [200/391] Loss: 1.2078, Acc: 57.91%
  Batch [250/391] Loss: 1.1842, Acc: 59.15%
  Batch [300/391] Loss: 1.1733, Acc: 59.53%
  Batch [350/391] Loss: 1.1517, Acc: 60.31%
[Epoch 3] Train Loss: 1.1413, Acc: 60.55%  |  Val Loss: 1.3677, Acc: 66.92%  |  Time: 10.3s
  -> Best model saved (66.92%)
[Epoch 3] Summarizing hook timing...

[HOOK_TIMING_SUMMARY] epoch=3
[HOOK_WORK_SUMMARY] label=mpi:recursive_doubling calls=3128 work_total_ms=5047.908 work_mean_ms=1.614 work_min_ms=0.747 work_max_ms=2.770
[HOOK_TAIL_SUMMARY] label=mpi:recursive_doubling steps=391 tail_total_ms=1294.275 tail_mean_ms=3.310 tail_min_ms=2.683 tail_max_ms=3.996
[Epoch 3] Hook timing summary done

[Epoch 4] Training... (lr=0.000973)
  Batch [50/391] Loss: 0.9989, Acc: 65.88%
  Batch [100/391] Loss: 0.9966, Acc: 65.31%
  Batch [150/391] Loss: 0.9783, Acc: 66.12%
  Batch [200/391] Loss: 0.9692, Acc: 66.48%
  Batch [250/391] Loss: 0.9681, Acc: 66.44%
  Batch [300/391] Loss: 0.9633, Acc: 66.65%
  Batch [350/391] Loss: 0.9588, Acc: 66.96%
[Epoch 4] Train Loss: 0.9509, Acc: 67.14%  |  Val Loss: 1.4032, Acc: 71.16%  |  Time: 10.1s
  -> Best model saved (71.16%)
[Epoch 4] Summarizing hook timing...

[HOOK_TIMING_SUMMARY] epoch=4
[HOOK_WORK_SUMMARY] label=mpi:recursive_doubling calls=3128 work_total_ms=4990.150 work_mean_ms=1.595 work_min_ms=0.747 work_max_ms=2.763
[HOOK_TAIL_SUMMARY] label=mpi:recursive_doubling steps=391 tail_total_ms=1332.292 tail_mean_ms=3.407 tail_min_ms=2.659 tail_max_ms=4.086
[Epoch 4] Hook timing summary done

[Epoch 5] Training... (lr=0.000940)
  Batch [50/391] Loss: 0.8804, Acc: 69.69%
  Batch [100/391] Loss: 0.8732, Acc: 70.25%
  Batch [150/391] Loss: 0.8513, Acc: 70.48%
  Batch [200/391] Loss: 0.8281, Acc: 71.33%
  Batch [250/391] Loss: 0.8438, Acc: 70.59%
  Batch [300/391] Loss: 0.8389, Acc: 70.81%
  Batch [350/391] Loss: 0.8397, Acc: 70.87%
[Epoch 5] Train Loss: 0.8343, Acc: 71.12%  |  Val Loss: 1.3735, Acc: 74.40%  |  Time: 10.3s
  -> Best model saved (74.40%)
[Epoch 5] Summarizing hook timing...

[HOOK_TIMING_SUMMARY] epoch=5
[HOOK_WORK_SUMMARY] label=mpi:recursive_doubling calls=3128 work_total_ms=5015.924 work_mean_ms=1.604 work_min_ms=0.743 work_max_ms=2.921
[HOOK_TAIL_SUMMARY] label=mpi:recursive_doubling steps=391 tail_total_ms=1479.961 tail_mean_ms=3.785 tail_min_ms=1.629 tail_max_ms=4.526
[Epoch 5] Hook timing summary done

[Epoch 6] Training... (lr=0.000895)
  Batch [50/391] Loss: 0.7620, Acc: 73.56%
  Batch [100/391] Loss: 0.7700, Acc: 73.00%
  Batch [150/391] Loss: 0.7812, Acc: 72.46%
  Batch [200/391] Loss: 0.7735, Acc: 73.03%
  Batch [250/391] Loss: 0.7706, Acc: 73.16%
  Batch [300/391] Loss: 0.7702, Acc: 73.26%
  Batch [350/391] Loss: 0.7694, Acc: 73.25%
[Epoch 6] Train Loss: 0.7677, Acc: 73.29%  |  Val Loss: 1.3759, Acc: 76.88%  |  Time: 10.2s
  -> Best model saved (76.88%)
[Epoch 6] Summarizing hook timing...

[HOOK_TIMING_SUMMARY] epoch=6
[HOOK_WORK_SUMMARY] label=mpi:recursive_doubling calls=3128 work_total_ms=5167.262 work_mean_ms=1.652 work_min_ms=0.748 work_max_ms=2.823
[HOOK_TAIL_SUMMARY] label=mpi:recursive_doubling steps=391 tail_total_ms=1548.141 tail_mean_ms=3.959 tail_min_ms=2.764 tail_max_ms=5.237
[Epoch 6] Hook timing summary done

[Epoch 7] Training... (lr=0.000839)
  Batch [50/391] Loss: 0.7783, Acc: 73.44%
  Batch [100/391] Loss: 0.7743, Acc: 73.09%
  Batch [150/391] Loss: 0.7549, Acc: 73.88%
  Batch [200/391] Loss: 0.7360, Acc: 74.50%
  Batch [250/391] Loss: 0.7280, Acc: 74.51%
  Batch [300/391] Loss: 0.7140, Acc: 75.05%
  Batch [350/391] Loss: 0.7098, Acc: 75.26%
[Epoch 7] Train Loss: 0.7138, Acc: 75.22%  |  Val Loss: 2.0319, Acc: 76.96%  |  Time: 10.2s
  -> Best model saved (76.96%)
[Epoch 7] Summarizing hook timing...

[HOOK_TIMING_SUMMARY] epoch=7
[HOOK_WORK_SUMMARY] label=mpi:recursive_doubling calls=3128 work_total_ms=5121.580 work_mean_ms=1.637 work_min_ms=0.751 work_max_ms=5.833
[HOOK_TAIL_SUMMARY] label=mpi:recursive_doubling steps=391 tail_total_ms=1478.442 tail_mean_ms=3.781 tail_min_ms=1.871 tail_max_ms=8.768
[Epoch 7] Hook timing summary done

[Epoch 8] Training... (lr=0.000773)
  Batch [50/391] Loss: 0.7180, Acc: 76.00%
  Batch [100/391] Loss: 0.6930, Acc: 77.03%
  Batch [150/391] Loss: 0.7295, Acc: 75.48%
  Batch [200/391] Loss: 0.7057, Acc: 76.25%
  Batch [250/391] Loss: 0.7045, Acc: 76.09%
  Batch [300/391] Loss: 0.7009, Acc: 76.15%
  Batch [350/391] Loss: 0.6988, Acc: 76.14%
[Epoch 8] Train Loss: 0.6943, Acc: 76.40%  |  Val Loss: 1.5681, Acc: 78.56%  |  Time: 10.3s
  -> Best model saved (78.56%)
[Epoch 8] Summarizing hook timing...

[HOOK_TIMING_SUMMARY] epoch=8
[HOOK_WORK_SUMMARY] label=mpi:recursive_doubling calls=3128 work_total_ms=5069.658 work_mean_ms=1.621 work_min_ms=0.745 work_max_ms=2.801
[HOOK_TAIL_SUMMARY] label=mpi:recursive_doubling steps=391 tail_total_ms=1349.614 tail_mean_ms=3.452 tail_min_ms=1.671 tail_max_ms=5.068
[Epoch 8] Hook timing summary done

[Epoch 9] Training... (lr=0.000701)
  Batch [50/391] Loss: 0.6913, Acc: 76.81%
  Batch [100/391] Loss: 0.6705, Acc: 77.41%
  Batch [150/391] Loss: 0.6643, Acc: 77.35%
  Batch [200/391] Loss: 0.6637, Acc: 77.16%
  Batch [250/391] Loss: 0.6603, Acc: 77.29%
  Batch [300/391] Loss: 0.6586, Acc: 77.26%
  Batch [350/391] Loss: 0.6560, Acc: 77.57%
[Epoch 9] Train Loss: 0.6544, Acc: 77.54%  |  Val Loss: 1.6961, Acc: 78.60%  |  Time: 10.3s
  -> Best model saved (78.60%)
[Epoch 9] Summarizing hook timing...

[HOOK_TIMING_SUMMARY] epoch=9
[HOOK_WORK_SUMMARY] label=mpi:recursive_doubling calls=3128 work_total_ms=5214.623 work_mean_ms=1.667 work_min_ms=0.745 work_max_ms=2.801
[HOOK_TAIL_SUMMARY] label=mpi:recursive_doubling steps=391 tail_total_ms=1579.304 tail_mean_ms=4.039 tail_min_ms=2.297 tail_max_ms=4.537
[Epoch 9] Hook timing summary done

[Epoch 10] Training... (lr=0.000623)
  Batch [50/391] Loss: 0.5918, Acc: 81.00%
  Batch [100/391] Loss: 0.6205, Acc: 79.53%
  Batch [150/391] Loss: 0.6280, Acc: 79.10%
  Batch [200/391] Loss: 0.6327, Acc: 78.97%
  Batch [250/391] Loss: 0.6352, Acc: 78.69%
  Batch [300/391] Loss: 0.6257, Acc: 79.09%
  Batch [350/391] Loss: 0.6196, Acc: 79.38%
[Epoch 10] Train Loss: 0.6166, Acc: 79.51%  |  Val Loss: 2.6035, Acc: 78.20%  |  Time: 10.2s
[Epoch 10] Summarizing hook timing...

[HOOK_TIMING_SUMMARY] epoch=10
[HOOK_WORK_SUMMARY] label=mpi:recursive_doubling calls=3128 work_total_ms=5187.910 work_mean_ms=1.659 work_min_ms=0.747 work_max_ms=2.820
[HOOK_TAIL_SUMMARY] label=mpi:recursive_doubling steps=391 tail_total_ms=1571.994 tail_mean_ms=4.020 tail_min_ms=2.384 tail_max_ms=4.451
[Epoch 10] Hook timing summary done

[Epoch 11] Training... (lr=0.000541)
  Batch [50/391] Loss: 0.5696, Acc: 81.06%
  Batch [100/391] Loss: 0.5860, Acc: 80.44%
  Batch [150/391] Loss: 0.5992, Acc: 80.21%
  Batch [200/391] Loss: 0.6045, Acc: 79.95%
  Batch [250/391] Loss: 0.5996, Acc: 80.11%
  Batch [300/391] Loss: 0.5926, Acc: 80.27%
  Batch [350/391] Loss: 0.5891, Acc: 80.39%
[Epoch 11] Train Loss: 0.5867, Acc: 80.57%  |  Val Loss: 1.2121, Acc: 81.00%  |  Time: 10.3s
  -> Best model saved (81.00%)
[Epoch 11] Summarizing hook timing...

[HOOK_TIMING_SUMMARY] epoch=11
[HOOK_WORK_SUMMARY] label=mpi:recursive_doubling calls=3128 work_total_ms=5261.941 work_mean_ms=1.682 work_min_ms=0.745 work_max_ms=14.913
[HOOK_TAIL_SUMMARY] label=mpi:recursive_doubling steps=391 tail_total_ms=1605.450 tail_mean_ms=4.106 tail_min_ms=2.981 tail_max_ms=16.715
[Epoch 11] Hook timing summary done

[Epoch 12] Training... (lr=0.000459)
  Batch [50/391] Loss: 0.5872, Acc: 79.81%
  Batch [100/391] Loss: 0.5745, Acc: 80.28%
  Batch [150/391] Loss: 0.5725, Acc: 80.65%
  Batch [200/391] Loss: 0.5754, Acc: 80.70%
  Batch [250/391] Loss: 0.5685, Acc: 80.78%
  Batch [300/391] Loss: 0.5638, Acc: 80.97%
  Batch [350/391] Loss: 0.5685, Acc: 80.90%
[Epoch 12] Train Loss: 0.5674, Acc: 80.89%  |  Val Loss: 1.2833, Acc: 80.76%  |  Time: 10.2s
[Epoch 12] Summarizing hook timing...

[HOOK_TIMING_SUMMARY] epoch=12
[HOOK_WORK_SUMMARY] label=mpi:recursive_doubling calls=3128 work_total_ms=5106.632 work_mean_ms=1.633 work_min_ms=0.747 work_max_ms=2.829
[HOOK_TAIL_SUMMARY] label=mpi:recursive_doubling steps=391 tail_total_ms=1448.628 tail_mean_ms=3.705 tail_min_ms=2.719 tail_max_ms=4.763
[Epoch 12] Hook timing summary done

[Epoch 13] Training... (lr=0.000377)
  Batch [50/391] Loss: 0.5634, Acc: 80.38%
  Batch [100/391] Loss: 0.5308, Acc: 81.31%
  Batch [150/391] Loss: 0.5501, Acc: 80.83%
  Batch [200/391] Loss: 0.5445, Acc: 81.11%
  Batch [250/391] Loss: 0.5403, Acc: 81.39%
  Batch [300/391] Loss: 0.5430, Acc: 81.46%
  Batch [350/391] Loss: 0.5445, Acc: 81.52%
[Epoch 13] Train Loss: 0.5414, Acc: 81.61%  |  Val Loss: 1.9814, Acc: 81.40%  |  Time: 10.3s
  -> Best model saved (81.40%)
[Epoch 13] Summarizing hook timing...

[HOOK_TIMING_SUMMARY] epoch=13
[HOOK_WORK_SUMMARY] label=mpi:recursive_doubling calls=3128 work_total_ms=5204.772 work_mean_ms=1.664 work_min_ms=0.748 work_max_ms=15.596
[HOOK_TAIL_SUMMARY] label=mpi:recursive_doubling steps=391 tail_total_ms=1589.659 tail_mean_ms=4.066 tail_min_ms=2.704 tail_max_ms=17.279
[Epoch 13] Hook timing summary done

[Epoch 14] Training... (lr=0.000299)
  Batch [50/391] Loss: 0.5386, Acc: 81.50%
  Batch [100/391] Loss: 0.5455, Acc: 81.16%
  Batch [150/391] Loss: 0.5409, Acc: 81.50%
  Batch [200/391] Loss: 0.5358, Acc: 81.56%
  Batch [250/391] Loss: 0.5369, Acc: 81.59%
  Batch [300/391] Loss: 0.5420, Acc: 81.52%
  Batch [350/391] Loss: 0.5417, Acc: 81.47%
[Epoch 14] Train Loss: 0.5427, Acc: 81.41%  |  Val Loss: 2.3333, Acc: 81.72%  |  Time: 10.3s
  -> Best model saved (81.72%)
[Epoch 14] Summarizing hook timing...

[HOOK_TIMING_SUMMARY] epoch=14
[HOOK_WORK_SUMMARY] label=mpi:recursive_doubling calls=3128 work_total_ms=5176.608 work_mean_ms=1.655 work_min_ms=0.746 work_max_ms=2.823
[HOOK_TAIL_SUMMARY] label=mpi:recursive_doubling steps=391 tail_total_ms=1579.565 tail_mean_ms=4.040 tail_min_ms=2.760 tail_max_ms=5.518
[Epoch 14] Hook timing summary done

[Epoch 15] Training... (lr=0.000227)
  Batch [50/391] Loss: 0.5547, Acc: 81.62%
  Batch [100/391] Loss: 0.5748, Acc: 80.56%
  Batch [150/391] Loss: 0.5510, Acc: 81.54%
  Batch [200/391] Loss: 0.5390, Acc: 81.72%
  Batch [250/391] Loss: 0.5323, Acc: 81.67%
  Batch [300/391] Loss: 0.5377, Acc: 81.55%
  Batch [350/391] Loss: 0.5326, Acc: 81.73%
[Epoch 15] Train Loss: 0.5310, Acc: 81.74%  |  Val Loss: 1.9233, Acc: 82.56%  |  Time: 10.0s
  -> Best model saved (82.56%)
[Epoch 15] Summarizing hook timing...

[HOOK_TIMING_SUMMARY] epoch=15
[HOOK_WORK_SUMMARY] label=mpi:recursive_doubling calls=3128 work_total_ms=5010.096 work_mean_ms=1.602 work_min_ms=0.749 work_max_ms=2.778
[HOOK_TAIL_SUMMARY] label=mpi:recursive_doubling steps=391 tail_total_ms=1344.150 tail_mean_ms=3.438 tail_min_ms=2.219 tail_max_ms=4.451
[Epoch 15] Hook timing summary done

[Epoch 16] Training... (lr=0.000161)
  Batch [50/391] Loss: 0.5248, Acc: 81.69%
  Batch [100/391] Loss: 0.5249, Acc: 81.84%
  Batch [150/391] Loss: 0.5276, Acc: 81.90%
  Batch [200/391] Loss: 0.5284, Acc: 81.92%
  Batch [250/391] Loss: 0.5166, Acc: 82.16%
  Batch [300/391] Loss: 0.5179, Acc: 82.25%
  Batch [350/391] Loss: 0.5171, Acc: 82.27%
[Epoch 16] Train Loss: 0.5159, Acc: 82.33%  |  Val Loss: 5.3736, Acc: 79.28%  |  Time: 10.3s
[Epoch 16] Summarizing hook timing...

[HOOK_TIMING_SUMMARY] epoch=16
[HOOK_WORK_SUMMARY] label=mpi:recursive_doubling calls=3128 work_total_ms=5130.378 work_mean_ms=1.640 work_min_ms=0.733 work_max_ms=2.883
[HOOK_TAIL_SUMMARY] label=mpi:recursive_doubling steps=391 tail_total_ms=1432.108 tail_mean_ms=3.663 tail_min_ms=2.154 tail_max_ms=4.556
[Epoch 16] Hook timing summary done

[Epoch 17] Training... (lr=0.000105)
  Batch [50/391] Loss: 0.5178, Acc: 81.88%
  Batch [100/391] Loss: 0.4925, Acc: 83.16%
  Batch [150/391] Loss: 0.5095, Acc: 82.46%
  Batch [200/391] Loss: 0.5205, Acc: 82.19%
  Batch [250/391] Loss: 0.5205, Acc: 82.35%
  Batch [300/391] Loss: 0.5203, Acc: 82.26%
  Batch [350/391] Loss: 0.5186, Acc: 82.28%
[Epoch 17] Train Loss: 0.5233, Acc: 82.05%  |  Val Loss: 1.4341, Acc: 82.56%  |  Time: 10.2s
[Epoch 17] Summarizing hook timing...

[HOOK_TIMING_SUMMARY] epoch=17
[HOOK_WORK_SUMMARY] label=mpi:recursive_doubling calls=3128 work_total_ms=5073.375 work_mean_ms=1.622 work_min_ms=0.745 work_max_ms=5.458
[HOOK_TAIL_SUMMARY] label=mpi:recursive_doubling steps=391 tail_total_ms=1477.677 tail_mean_ms=3.779 tail_min_ms=3.227 tail_max_ms=6.584
[Epoch 17] Hook timing summary done

[Epoch 18] Training... (lr=0.000060)
  Batch [50/391] Loss: 0.5090, Acc: 83.06%
  Batch [100/391] Loss: 0.5068, Acc: 83.03%
  Batch [150/391] Loss: 0.5066, Acc: 83.10%
  Batch [200/391] Loss: 0.5036, Acc: 83.16%
  Batch [250/391] Loss: 0.5120, Acc: 82.71%
  Batch [300/391] Loss: 0.5106, Acc: 82.68%
  Batch [350/391] Loss: 0.5084, Acc: 82.68%
[Epoch 18] Train Loss: 0.5131, Acc: 82.47%  |  Val Loss: 1.7834, Acc: 82.16%  |  Time: 10.3s
[Epoch 18] Summarizing hook timing...

[HOOK_TIMING_SUMMARY] epoch=18
[HOOK_WORK_SUMMARY] label=mpi:recursive_doubling calls=3128 work_total_ms=5170.696 work_mean_ms=1.653 work_min_ms=0.744 work_max_ms=7.952
[HOOK_TAIL_SUMMARY] label=mpi:recursive_doubling steps=391 tail_total_ms=1689.806 tail_mean_ms=4.322 tail_min_ms=2.625 tail_max_ms=9.619
[Epoch 18] Hook timing summary done

[Epoch 19] Training... (lr=0.000027)
  Batch [50/391] Loss: 0.5064, Acc: 83.12%
  Batch [100/391] Loss: 0.5253, Acc: 82.34%
  Batch [150/391] Loss: 0.5273, Acc: 82.21%
  Batch [200/391] Loss: 0.5244, Acc: 82.05%
  Batch [250/391] Loss: 0.5295, Acc: 81.83%
  Batch [300/391] Loss: 0.5197, Acc: 82.31%
  Batch [350/391] Loss: 0.5154, Acc: 82.28%
[Epoch 19] Train Loss: 0.5155, Acc: 82.38%  |  Val Loss: 2.4844, Acc: 81.76%  |  Time: 10.2s
[Epoch 19] Summarizing hook timing...

[HOOK_TIMING_SUMMARY] epoch=19
[HOOK_WORK_SUMMARY] label=mpi:recursive_doubling calls=3128 work_total_ms=5002.119 work_mean_ms=1.599 work_min_ms=0.749 work_max_ms=6.333
[HOOK_TAIL_SUMMARY] label=mpi:recursive_doubling steps=391 tail_total_ms=1245.887 tail_mean_ms=3.186 tail_min_ms=2.395 tail_max_ms=7.429
[Epoch 19] Hook timing summary done

[Epoch 20] Training... (lr=0.000007)
  Batch [50/391] Loss: 0.4888, Acc: 83.06%
  Batch [100/391] Loss: 0.4812, Acc: 83.41%
  Batch [150/391] Loss: 0.4799, Acc: 83.71%
  Batch [200/391] Loss: 0.4800, Acc: 83.66%
  Batch [250/391] Loss: 0.4860, Acc: 83.53%
  Batch [300/391] Loss: 0.4924, Acc: 83.30%
  Batch [350/391] Loss: 0.5018, Acc: 82.93%
[Epoch 20] Train Loss: 0.4996, Acc: 82.98%  |  Val Loss: 2.3711, Acc: 81.20%  |  Time: 10.1s
[Epoch 20] Summarizing hook timing...

[HOOK_TIMING_SUMMARY] epoch=20
[HOOK_WORK_SUMMARY] label=mpi:recursive_doubling calls=3128 work_total_ms=5109.332 work_mean_ms=1.633 work_min_ms=0.749 work_max_ms=5.339
[HOOK_TAIL_SUMMARY] label=mpi:recursive_doubling steps=391 tail_total_ms=1466.646 tail_mean_ms=3.751 tail_min_ms=2.753 tail_max_ms=6.687
[Epoch 20] Hook timing summary done

================================================================================
Done in 217.2s | Best val acc: 82.56%
Epoch times: mean=10.3s  min=10.0s  max=11.4s
================================================================================
=== Finished training: backend=mpi, hook=recursive_doubling, zfp_rate=none, status=0 at Fri May 22 12:06:52 AM UTC 2026 ===
=== Starting training: backend=mpi, hook=recursive_doubling_zfp_naive, zfp_rate=16 at Fri May 22 12:06:52 AM UTC 2026 ===

================================================================================
DISTRIBUTED TRAINING LAUNCHER
================================================================================
  Model:      wide_resnet50_2 (pretrained)
  Dataset:    cifar10 (10 classes)
  Backend:    mpi
  Algorithm:  recursive_doubling_zfp_naive
  ZFP rate:   16
  Epochs:     20
  Batch/rank: 32
  LR:         0.001
================================================================================


================================================================================
Distributed Training: WIDE_RESNET50_2 on CIFAR10
Backend: MPI, Algorithm: recursive_doubling_zfp_naive
================================================================================
Ranks: 4, Epochs: 20, Batch/rank: 32, Effective batch: 128
LR: 0.001, Device: cuda:0

[Setup] Model on cuda:0, wrapped in DDP (static_graph=True)
[Setup] Hook registered: mpi/recursive_doubling_zfp_naive

================================================================================
DISTRIBUTED TRAINING LAUNCHER
================================================================================
  Model:      wide_resnet50_2 (pretrained)
  Dataset:    cifar10 (10 classes)
  Backend:    mpi
  Algorithm:  recursive_doubling_zfp_naive
  ZFP rate:   16
  Epochs:     20
  Batch/rank: 32
  LR:         0.001
================================================================================

[Data] Train batches: 391, Val batches: 79


[Epoch 1] Training... (lr=0.000001)

================================================================================
DISTRIBUTED TRAINING LAUNCHER
================================================================================
  Model:      wide_resnet50_2 (pretrained)
  Dataset:    cifar10 (10 classes)
  Backend:    mpi
  Algorithm:  recursive_doubling_zfp_naive
  ZFP rate:   16
  Epochs:     20
  Batch/rank: 32
  LR:         0.001
================================================================================


================================================================================
DISTRIBUTED TRAINING LAUNCHER
================================================================================
  Model:      wide_resnet50_2 (pretrained)
  Dataset:    cifar10 (10 classes)
  Backend:    mpi
  Algorithm:  recursive_doubling_zfp_naive
  ZFP rate:   16
  Epochs:     20
  Batch/rank: 32
  LR:         0.001
================================================================================

  Batch [50/391] Loss: 2.3670, Acc: 10.88%
  Batch [100/391] Loss: 2.3657, Acc: 11.41%
  Batch [150/391] Loss: 2.3630, Acc: 11.21%
  Batch [200/391] Loss: 2.3625, Acc: 11.30%
  Batch [250/391] Loss: 2.3648, Acc: 10.80%
  Batch [300/391] Loss: 2.3648, Acc: 10.54%
  Batch [350/391] Loss: 2.3629, Acc: 10.49%
[Epoch 1] Train Loss: 2.3641, Acc: 10.40%  |  Val Loss: 219.7078, Acc: 10.44%  |  Time: 15.1s
  -> Best model saved (10.44%)
[Epoch 1] Summarizing hook timing...

[HOOK_TIMING_SUMMARY] epoch=1
[HOOK_WORK_SUMMARY] label=mpi:recursive_doubling_zfp_naive:rate16 calls=3114 work_total_ms=8732.049 work_mean_ms=2.804 work_min_ms=1.439 work_max_ms=40.266
[HOOK_TAIL_SUMMARY] label=mpi:recursive_doubling_zfp_naive:rate16 steps=392 tail_total_ms=5201.517 tail_mean_ms=13.269 tail_min_ms=3.087 tail_max_ms=147.196
[Epoch 1] Hook timing summary done

[Epoch 2] Training... (lr=0.001000)
  Batch [50/391] Loss: 2.2629, Acc: 17.56%
  Batch [100/391] Loss: 2.1812, Acc: 21.38%
  Batch [150/391] Loss: 2.0996, Acc: 25.42%
  Batch [200/391] Loss: 2.0103, Acc: 28.89%
  Batch [250/391] Loss: 1.9270, Acc: 32.02%
  Batch [300/391] Loss: 1.8638, Acc: 34.43%
  Batch [350/391] Loss: 1.8092, Acc: 36.30%
[Epoch 2] Train Loss: 1.7648, Acc: 38.02%  |  Val Loss: 1.9050, Acc: 52.56%  |  Time: 14.0s
  -> Best model saved (52.56%)
[Epoch 2] Summarizing hook timing...

[HOOK_TIMING_SUMMARY] epoch=2
[HOOK_WORK_SUMMARY] label=mpi:recursive_doubling_zfp_naive:rate16 calls=3128 work_total_ms=8662.882 work_mean_ms=2.769 work_min_ms=1.440 work_max_ms=4.708
[HOOK_TAIL_SUMMARY] label=mpi:recursive_doubling_zfp_naive:rate16 steps=391 tail_total_ms=4938.694 tail_mean_ms=12.631 tail_min_ms=11.829 tail_max_ms=14.152
[Epoch 2] Hook timing summary done

[Epoch 3] Training... (lr=0.000993)
  Batch [50/391] Loss: 1.3360, Acc: 53.44%
  Batch [100/391] Loss: 1.2948, Acc: 54.94%
  Batch [150/391] Loss: 1.2524, Acc: 56.42%
  Batch [200/391] Loss: 1.2192, Acc: 57.66%
  Batch [250/391] Loss: 1.1930, Acc: 58.44%
  Batch [300/391] Loss: 1.1822, Acc: 58.96%
  Batch [350/391] Loss: 1.1595, Acc: 59.81%
[Epoch 3] Train Loss: 1.1455, Acc: 60.33%  |  Val Loss: 1.1452, Acc: 64.16%  |  Time: 14.0s
  -> Best model saved (64.16%)
[Epoch 3] Summarizing hook timing...

[HOOK_TIMING_SUMMARY] epoch=3
[HOOK_WORK_SUMMARY] label=mpi:recursive_doubling_zfp_naive:rate16 calls=3128 work_total_ms=8634.712 work_mean_ms=2.760 work_min_ms=1.442 work_max_ms=4.553
[HOOK_TAIL_SUMMARY] label=mpi:recursive_doubling_zfp_naive:rate16 steps=391 tail_total_ms=4992.625 tail_mean_ms=12.769 tail_min_ms=11.350 tail_max_ms=13.921
[Epoch 3] Hook timing summary done

[Epoch 4] Training... (lr=0.000973)
  Batch [50/391] Loss: 1.0117, Acc: 64.56%
  Batch [100/391] Loss: 1.0090, Acc: 65.28%
  Batch [150/391] Loss: 0.9806, Acc: 66.23%
  Batch [200/391] Loss: 0.9691, Acc: 66.66%
  Batch [250/391] Loss: 0.9685, Acc: 66.59%
  Batch [300/391] Loss: 0.9631, Acc: 66.77%
  Batch [350/391] Loss: 0.9590, Acc: 66.87%
[Epoch 4] Train Loss: 0.9522, Acc: 67.11%  |  Val Loss: 1.0872, Acc: 72.44%  |  Time: 13.9s
  -> Best model saved (72.44%)
[Epoch 4] Summarizing hook timing...

[HOOK_TIMING_SUMMARY] epoch=4
[HOOK_WORK_SUMMARY] label=mpi:recursive_doubling_zfp_naive:rate16 calls=3128 work_total_ms=8596.543 work_mean_ms=2.748 work_min_ms=1.443 work_max_ms=4.680
[HOOK_TAIL_SUMMARY] label=mpi:recursive_doubling_zfp_naive:rate16 steps=391 tail_total_ms=4857.172 tail_mean_ms=12.422 tail_min_ms=11.260 tail_max_ms=13.008
[Epoch 4] Hook timing summary done

[Epoch 5] Training... (lr=0.000940)
  Batch [50/391] Loss: 0.8638, Acc: 69.75%
  Batch [100/391] Loss: 0.8486, Acc: 70.56%
  Batch [150/391] Loss: 0.8349, Acc: 70.71%
  Batch [200/391] Loss: 0.8160, Acc: 71.30%
  Batch [250/391] Loss: 0.8253, Acc: 70.96%
  Batch [300/391] Loss: 0.8198, Acc: 71.26%
  Batch [350/391] Loss: 0.8237, Acc: 71.12%
[Epoch 5] Train Loss: 0.8185, Acc: 71.36%  |  Val Loss: 1.4314, Acc: 73.48%  |  Time: 14.0s
  -> Best model saved (73.48%)
[Epoch 5] Summarizing hook timing...

[HOOK_TIMING_SUMMARY] epoch=5
[HOOK_WORK_SUMMARY] label=mpi:recursive_doubling_zfp_naive:rate16 calls=3128 work_total_ms=8843.784 work_mean_ms=2.827 work_min_ms=1.441 work_max_ms=4.628
[HOOK_TAIL_SUMMARY] label=mpi:recursive_doubling_zfp_naive:rate16 steps=391 tail_total_ms=5276.108 tail_mean_ms=13.494 tail_min_ms=11.085 tail_max_ms=14.526
[Epoch 5] Hook timing summary done

[Epoch 6] Training... (lr=0.000895)
  Batch [50/391] Loss: 0.7679, Acc: 73.12%
  Batch [100/391] Loss: 0.7700, Acc: 72.72%
  Batch [150/391] Loss: 0.7787, Acc: 72.60%
  Batch [200/391] Loss: 0.7692, Acc: 73.08%
  Batch [250/391] Loss: 0.7669, Acc: 73.10%
  Batch [300/391] Loss: 0.7617, Acc: 73.43%
  Batch [350/391] Loss: 0.7607, Acc: 73.43%
[Epoch 6] Train Loss: 0.7575, Acc: 73.62%  |  Val Loss: 1.6490, Acc: 75.28%  |  Time: 14.0s
  -> Best model saved (75.28%)
[Epoch 6] Summarizing hook timing...

[HOOK_TIMING_SUMMARY] epoch=6
[HOOK_WORK_SUMMARY] label=mpi:recursive_doubling_zfp_naive:rate16 calls=3128 work_total_ms=8819.865 work_mean_ms=2.820 work_min_ms=1.443 work_max_ms=4.652
[HOOK_TAIL_SUMMARY] label=mpi:recursive_doubling_zfp_naive:rate16 steps=391 tail_total_ms=5300.112 tail_mean_ms=13.555 tail_min_ms=11.873 tail_max_ms=14.328
[Epoch 6] Hook timing summary done

[Epoch 7] Training... (lr=0.000839)
  Batch [50/391] Loss: 0.7325, Acc: 74.31%
  Batch [100/391] Loss: 0.7176, Acc: 74.59%
  Batch [150/391] Loss: 0.7149, Acc: 74.73%
  Batch [200/391] Loss: 0.7074, Acc: 75.23%
  Batch [250/391] Loss: 0.7036, Acc: 75.36%
  Batch [300/391] Loss: 0.6912, Acc: 75.83%
  Batch [350/391] Loss: 0.6878, Acc: 76.04%
[Epoch 7] Train Loss: 0.6908, Acc: 76.06%  |  Val Loss: 1.2899, Acc: 77.84%  |  Time: 13.8s
  -> Best model saved (77.84%)
[Epoch 7] Summarizing hook timing...

[HOOK_TIMING_SUMMARY] epoch=7
[HOOK_WORK_SUMMARY] label=mpi:recursive_doubling_zfp_naive:rate16 calls=3128 work_total_ms=8582.554 work_mean_ms=2.744 work_min_ms=1.440 work_max_ms=4.682
[HOOK_TAIL_SUMMARY] label=mpi:recursive_doubling_zfp_naive:rate16 steps=391 tail_total_ms=4859.872 tail_mean_ms=12.429 tail_min_ms=11.138 tail_max_ms=12.888
[Epoch 7] Hook timing summary done

[Epoch 8] Training... (lr=0.000773)
  Batch [50/391] Loss: 0.6860, Acc: 76.44%
  Batch [100/391] Loss: 0.6822, Acc: 76.75%
  Batch [150/391] Loss: 0.7076, Acc: 75.75%
  Batch [200/391] Loss: 0.6949, Acc: 76.19%
  Batch [250/391] Loss: 0.6948, Acc: 75.96%
  Batch [300/391] Loss: 0.6918, Acc: 76.08%
  Batch [350/391] Loss: 0.6903, Acc: 76.13%
[Epoch 8] Train Loss: 0.6851, Acc: 76.22%  |  Val Loss: 1.1675, Acc: 78.24%  |  Time: 14.1s
  -> Best model saved (78.24%)
[Epoch 8] Summarizing hook timing...

[HOOK_TIMING_SUMMARY] epoch=8
[HOOK_WORK_SUMMARY] label=mpi:recursive_doubling_zfp_naive:rate16 calls=3128 work_total_ms=8655.485 work_mean_ms=2.767 work_min_ms=1.440 work_max_ms=4.645
[HOOK_TAIL_SUMMARY] label=mpi:recursive_doubling_zfp_naive:rate16 steps=391 tail_total_ms=4871.666 tail_mean_ms=12.460 tail_min_ms=10.733 tail_max_ms=13.119
[Epoch 8] Hook timing summary done

[Epoch 9] Training... (lr=0.000701)
  Batch [50/391] Loss: 0.6566, Acc: 75.75%
  Batch [100/391] Loss: 0.6479, Acc: 76.75%
  Batch [150/391] Loss: 0.6423, Acc: 77.21%
  Batch [200/391] Loss: 0.6392, Acc: 77.45%
  Batch [250/391] Loss: 0.6398, Acc: 77.69%
  Batch [300/391] Loss: 0.6384, Acc: 77.89%
  Batch [350/391] Loss: 0.6330, Acc: 78.18%
[Epoch 9] Train Loss: 0.6328, Acc: 78.13%  |  Val Loss: 1.1763, Acc: 80.08%  |  Time: 14.0s
  -> Best model saved (80.08%)
[Epoch 9] Summarizing hook timing...

[HOOK_TIMING_SUMMARY] epoch=9
[HOOK_WORK_SUMMARY] label=mpi:recursive_doubling_zfp_naive:rate16 calls=3128 work_total_ms=8731.224 work_mean_ms=2.791 work_min_ms=1.441 work_max_ms=4.646
[HOOK_TAIL_SUMMARY] label=mpi:recursive_doubling_zfp_naive:rate16 steps=391 tail_total_ms=5101.050 tail_mean_ms=13.046 tail_min_ms=10.993 tail_max_ms=14.306
[Epoch 9] Hook timing summary done

[Epoch 10] Training... (lr=0.000623)
  Batch [50/391] Loss: 0.5674, Acc: 80.38%
  Batch [100/391] Loss: 0.6023, Acc: 78.88%
  Batch [150/391] Loss: 0.6183, Acc: 78.62%
  Batch [200/391] Loss: 0.6207, Acc: 78.62%
  Batch [250/391] Loss: 0.6249, Acc: 78.39%
  Batch [300/391] Loss: 0.6179, Acc: 78.62%
  Batch [350/391] Loss: 0.6115, Acc: 78.74%
[Epoch 10] Train Loss: 0.6069, Acc: 78.86%  |  Val Loss: 1.2743, Acc: 81.00%  |  Time: 14.0s
  -> Best model saved (81.00%)
[Epoch 10] Summarizing hook timing...

[HOOK_TIMING_SUMMARY] epoch=10
[HOOK_WORK_SUMMARY] label=mpi:recursive_doubling_zfp_naive:rate16 calls=3128 work_total_ms=8785.278 work_mean_ms=2.809 work_min_ms=1.441 work_max_ms=4.559
[HOOK_TAIL_SUMMARY] label=mpi:recursive_doubling_zfp_naive:rate16 steps=391 tail_total_ms=5151.051 tail_mean_ms=13.174 tail_min_ms=11.859 tail_max_ms=14.354
[Epoch 10] Hook timing summary done

[Epoch 11] Training... (lr=0.000541)
  Batch [50/391] Loss: 0.5711, Acc: 80.12%
  Batch [100/391] Loss: 0.5760, Acc: 80.31%
  Batch [150/391] Loss: 0.5824, Acc: 80.17%
  Batch [200/391] Loss: 0.5888, Acc: 80.03%
  Batch [250/391] Loss: 0.5818, Acc: 80.22%
  Batch [300/391] Loss: 0.5752, Acc: 80.58%
  Batch [350/391] Loss: 0.5719, Acc: 80.66%
[Epoch 11] Train Loss: 0.5714, Acc: 80.63%  |  Val Loss: 0.5862, Acc: 82.84%  |  Time: 14.0s
  -> Best model saved (82.84%)
[Epoch 11] Summarizing hook timing...

[HOOK_TIMING_SUMMARY] epoch=11
[HOOK_WORK_SUMMARY] label=mpi:recursive_doubling_zfp_naive:rate16 calls=3128 work_total_ms=8655.489 work_mean_ms=2.767 work_min_ms=1.438 work_max_ms=4.679
[HOOK_TAIL_SUMMARY] label=mpi:recursive_doubling_zfp_naive:rate16 steps=391 tail_total_ms=4980.072 tail_mean_ms=12.737 tail_min_ms=11.251 tail_max_ms=13.641
[Epoch 11] Hook timing summary done

[Epoch 12] Training... (lr=0.000459)
  Batch [50/391] Loss: 0.5980, Acc: 79.25%
  Batch [100/391] Loss: 0.5889, Acc: 79.56%
  Batch [150/391] Loss: 0.5766, Acc: 79.98%
  Batch [200/391] Loss: 0.5769, Acc: 80.23%
  Batch [250/391] Loss: 0.5689, Acc: 80.59%
  Batch [300/391] Loss: 0.5657, Acc: 80.86%
  Batch [350/391] Loss: 0.5714, Acc: 80.65%
[Epoch 12] Train Loss: 0.5702, Acc: 80.58%  |  Val Loss: 0.5224, Acc: 83.00%  |  Time: 14.0s
  -> Best model saved (83.00%)
[Epoch 12] Summarizing hook timing...

[HOOK_TIMING_SUMMARY] epoch=12
[HOOK_WORK_SUMMARY] label=mpi:recursive_doubling_zfp_naive:rate16 calls=3128 work_total_ms=8806.524 work_mean_ms=2.815 work_min_ms=1.442 work_max_ms=4.601
[HOOK_TAIL_SUMMARY] label=mpi:recursive_doubling_zfp_naive:rate16 steps=391 tail_total_ms=5293.114 tail_mean_ms=13.537 tail_min_ms=10.814 tail_max_ms=14.233
[Epoch 12] Hook timing summary done

[Epoch 13] Training... (lr=0.000377)
  Batch [50/391] Loss: 0.5483, Acc: 81.12%
  Batch [100/391] Loss: 0.5272, Acc: 82.03%
  Batch [150/391] Loss: 0.5443, Acc: 81.27%
  Batch [200/391] Loss: 0.5453, Acc: 80.95%
  Batch [250/391] Loss: 0.5422, Acc: 81.06%
  Batch [300/391] Loss: 0.5446, Acc: 81.01%
  Batch [350/391] Loss: 0.5435, Acc: 81.00%
[Epoch 13] Train Loss: 0.5406, Acc: 81.10%  |  Val Loss: 0.5501, Acc: 83.32%  |  Time: 14.0s
  -> Best model saved (83.32%)
[Epoch 13] Summarizing hook timing...

[HOOK_TIMING_SUMMARY] epoch=13
[HOOK_WORK_SUMMARY] label=mpi:recursive_doubling_zfp_naive:rate16 calls=3128 work_total_ms=8768.644 work_mean_ms=2.803 work_min_ms=1.443 work_max_ms=4.625
[HOOK_TAIL_SUMMARY] label=mpi:recursive_doubling_zfp_naive:rate16 steps=391 tail_total_ms=5177.711 tail_mean_ms=13.242 tail_min_ms=11.790 tail_max_ms=14.614
[Epoch 13] Hook timing summary done

[Epoch 14] Training... (lr=0.000299)
  Batch [50/391] Loss: 0.5152, Acc: 81.94%
  Batch [100/391] Loss: 0.5431, Acc: 81.47%
  Batch [150/391] Loss: 0.5326, Acc: 81.88%
  Batch [200/391] Loss: 0.5299, Acc: 82.23%
  Batch [250/391] Loss: 0.5310, Acc: 82.16%
  Batch [300/391] Loss: 0.5350, Acc: 81.86%
  Batch [350/391] Loss: 0.5356, Acc: 81.82%
[Epoch 14] Train Loss: 0.5341, Acc: 81.74%  |  Val Loss: 0.8169, Acc: 82.20%  |  Time: 14.0s
[Epoch 14] Summarizing hook timing...

[HOOK_TIMING_SUMMARY] epoch=14
[HOOK_WORK_SUMMARY] label=mpi:recursive_doubling_zfp_naive:rate16 calls=3128 work_total_ms=8669.379 work_mean_ms=2.772 work_min_ms=1.440 work_max_ms=4.641
[HOOK_TAIL_SUMMARY] label=mpi:recursive_doubling_zfp_naive:rate16 steps=391 tail_total_ms=5006.197 tail_mean_ms=12.804 tail_min_ms=11.057 tail_max_ms=14.090
[Epoch 14] Hook timing summary done

[Epoch 15] Training... (lr=0.000227)
  Batch [50/391] Loss: 0.5030, Acc: 82.56%
  Batch [100/391] Loss: 0.5461, Acc: 81.00%
  Batch [150/391] Loss: 0.5341, Acc: 81.44%
  Batch [200/391] Loss: 0.5296, Acc: 81.58%
  Batch [250/391] Loss: 0.5264, Acc: 81.61%
  Batch [300/391] Loss: 0.5326, Acc: 81.47%
  Batch [350/391] Loss: 0.5257, Acc: 81.78%
[Epoch 15] Train Loss: 0.5258, Acc: 81.70%  |  Val Loss: 0.8118, Acc: 82.44%  |  Time: 14.0s
[Epoch 15] Summarizing hook timing...

[HOOK_TIMING_SUMMARY] epoch=15
[HOOK_WORK_SUMMARY] label=mpi:recursive_doubling_zfp_naive:rate16 calls=3128 work_total_ms=8687.968 work_mean_ms=2.777 work_min_ms=1.440 work_max_ms=8.114
[HOOK_TAIL_SUMMARY] label=mpi:recursive_doubling_zfp_naive:rate16 steps=391 tail_total_ms=5053.902 tail_mean_ms=12.926 tail_min_ms=12.148 tail_max_ms=17.807
[Epoch 15] Hook timing summary done

[Epoch 16] Training... (lr=0.000161)
  Batch [50/391] Loss: 0.5288, Acc: 81.69%
  Batch [100/391] Loss: 0.5379, Acc: 81.78%
  Batch [150/391] Loss: 0.5318, Acc: 81.81%
  Batch [200/391] Loss: 0.5319, Acc: 81.64%
  Batch [250/391] Loss: 0.5217, Acc: 81.75%
  Batch [300/391] Loss: 0.5207, Acc: 81.78%
  Batch [350/391] Loss: 0.5190, Acc: 81.81%
[Epoch 16] Train Loss: 0.5164, Acc: 81.82%  |  Val Loss: 1.8140, Acc: 80.44%  |  Time: 14.0s
[Epoch 16] Summarizing hook timing...

[HOOK_TIMING_SUMMARY] epoch=16
[HOOK_WORK_SUMMARY] label=mpi:recursive_doubling_zfp_naive:rate16 calls=3128 work_total_ms=8634.146 work_mean_ms=2.760 work_min_ms=1.444 work_max_ms=12.377
[HOOK_TAIL_SUMMARY] label=mpi:recursive_doubling_zfp_naive:rate16 steps=391 tail_total_ms=4857.778 tail_mean_ms=12.424 tail_min_ms=11.856 tail_max_ms=22.497
[Epoch 16] Hook timing summary done

[Epoch 17] Training... (lr=0.000105)
  Batch [50/391] Loss: 0.5254, Acc: 81.62%
  Batch [100/391] Loss: 0.5092, Acc: 82.12%
  Batch [150/391] Loss: 0.5213, Acc: 81.90%
  Batch [200/391] Loss: 0.5227, Acc: 81.91%
  Batch [250/391] Loss: 0.5180, Acc: 82.17%
  Batch [300/391] Loss: 0.5210, Acc: 82.05%
  Batch [350/391] Loss: 0.5211, Acc: 82.02%
[Epoch 17] Train Loss: 0.5252, Acc: 81.82%  |  Val Loss: 0.6565, Acc: 83.52%  |  Time: 14.0s
  -> Best model saved (83.52%)
[Epoch 17] Summarizing hook timing...

[HOOK_TIMING_SUMMARY] epoch=17
[HOOK_WORK_SUMMARY] label=mpi:recursive_doubling_zfp_naive:rate16 calls=3128 work_total_ms=8822.767 work_mean_ms=2.821 work_min_ms=1.439 work_max_ms=8.986
[HOOK_TAIL_SUMMARY] label=mpi:recursive_doubling_zfp_naive:rate16 steps=391 tail_total_ms=5134.921 tail_mean_ms=13.133 tail_min_ms=12.275 tail_max_ms=18.041
[Epoch 17] Hook timing summary done

[Epoch 18] Training... (lr=0.000060)
  Batch [50/391] Loss: 0.5120, Acc: 82.25%
  Batch [100/391] Loss: 0.5145, Acc: 82.12%
  Batch [150/391] Loss: 0.5135, Acc: 82.04%
  Batch [200/391] Loss: 0.5089, Acc: 82.52%
  Batch [250/391] Loss: 0.5160, Acc: 82.38%
  Batch [300/391] Loss: 0.5118, Acc: 82.46%
  Batch [350/391] Loss: 0.5098, Acc: 82.53%
[Epoch 18] Train Loss: 0.5155, Acc: 82.32%  |  Val Loss: 0.5402, Acc: 83.04%  |  Time: 14.0s
[Epoch 18] Summarizing hook timing...

[HOOK_TIMING_SUMMARY] epoch=18
[HOOK_WORK_SUMMARY] label=mpi:recursive_doubling_zfp_naive:rate16 calls=3128 work_total_ms=8708.850 work_mean_ms=2.784 work_min_ms=1.439 work_max_ms=4.569
[HOOK_TAIL_SUMMARY] label=mpi:recursive_doubling_zfp_naive:rate16 steps=391 tail_total_ms=5042.804 tail_mean_ms=12.897 tail_min_ms=11.020 tail_max_ms=13.498
[Epoch 18] Hook timing summary done

[Epoch 19] Training... (lr=0.000027)
  Batch [50/391] Loss: 0.4964, Acc: 82.88%
  Batch [100/391] Loss: 0.5263, Acc: 81.84%
  Batch [150/391] Loss: 0.5341, Acc: 81.29%
  Batch [200/391] Loss: 0.5334, Acc: 81.42%
  Batch [250/391] Loss: 0.5356, Acc: 81.30%
  Batch [300/391] Loss: 0.5280, Acc: 81.57%
  Batch [350/391] Loss: 0.5217, Acc: 81.65%
[Epoch 19] Train Loss: 0.5221, Acc: 81.79%  |  Val Loss: 1.7136, Acc: 79.56%  |  Time: 14.0s
[Epoch 19] Summarizing hook timing...

[HOOK_TIMING_SUMMARY] epoch=19
[HOOK_WORK_SUMMARY] label=mpi:recursive_doubling_zfp_naive:rate16 calls=3128 work_total_ms=8800.261 work_mean_ms=2.813 work_min_ms=1.439 work_max_ms=22.177
[HOOK_TAIL_SUMMARY] label=mpi:recursive_doubling_zfp_naive:rate16 steps=391 tail_total_ms=5278.352 tail_mean_ms=13.500 tail_min_ms=12.114 tail_max_ms=32.101
[Epoch 19] Hook timing summary done

[Epoch 20] Training... (lr=0.000007)
  Batch [50/391] Loss: 0.4896, Acc: 83.75%
  Batch [100/391] Loss: 0.4908, Acc: 82.72%
  Batch [150/391] Loss: 0.4900, Acc: 82.79%
  Batch [200/391] Loss: 0.4865, Acc: 83.02%
  Batch [250/391] Loss: 0.4930, Acc: 82.79%
  Batch [300/391] Loss: 0.4970, Acc: 82.61%
  Batch [350/391] Loss: 0.5080, Acc: 82.30%
[Epoch 20] Train Loss: 0.5059, Acc: 82.43%  |  Val Loss: 0.8533, Acc: 82.12%  |  Time: 14.0s
[Epoch 20] Summarizing hook timing...

[HOOK_TIMING_SUMMARY] epoch=20
[HOOK_WORK_SUMMARY] label=mpi:recursive_doubling_zfp_naive:rate16 calls=3128 work_total_ms=8842.890 work_mean_ms=2.827 work_min_ms=1.443 work_max_ms=11.202
[HOOK_TAIL_SUMMARY] label=mpi:recursive_doubling_zfp_naive:rate16 steps=391 tail_total_ms=5192.538 tail_mean_ms=13.280 tail_min_ms=11.997 tail_max_ms=21.178
[Epoch 20] Hook timing summary done

================================================================================
Done in 293.2s | Best val acc: 83.52%
Epoch times: mean=14.0s  min=13.8s  max=15.1s
================================================================================
=== Finished training: backend=mpi, hook=recursive_doubling_zfp_naive, zfp_rate=16, status=0 at Fri May 22 12:11:53 AM UTC 2026 ===
=== Starting training: backend=mpi, hook=recursive_doubling_zfp_online_coll, zfp_rate=16 at Fri May 22 12:11:53 AM UTC 2026 ===

================================================================================
DISTRIBUTED TRAINING LAUNCHER
================================================================================
  Model:      wide_resnet50_2 (pretrained)
  Dataset:    cifar10 (10 classes)
  Backend:    mpi
  Algorithm:  recursive_doubling_zfp_online_coll
  ZFP rate:   16
  Epochs:     20
  Batch/rank: 32
  LR:         0.001
================================================================================


================================================================================
Distributed Training: WIDE_RESNET50_2 on CIFAR10
Backend: MPI, Algorithm: recursive_doubling_zfp_online_coll
================================================================================
Ranks: 4, Epochs: 20, Batch/rank: 32, Effective batch: 128
LR: 0.001, Device: cuda:0

[Setup] Model on cuda:0, wrapped in DDP (static_graph=True)
[Setup] Hook registered: mpi/recursive_doubling_zfp_online_coll

================================================================================
DISTRIBUTED TRAINING LAUNCHER
================================================================================
  Model:      wide_resnet50_2 (pretrained)
  Dataset:    cifar10 (10 classes)
  Backend:    mpi
  Algorithm:  recursive_doubling_zfp_online_coll
  ZFP rate:   16
  Epochs:     20
  Batch/rank: 32
  LR:         0.001
================================================================================


================================================================================
DISTRIBUTED TRAINING LAUNCHER
================================================================================
  Model:      wide_resnet50_2 (pretrained)
  Dataset:    cifar10 (10 classes)
  Backend:    mpi
  Algorithm:  recursive_doubling_zfp_online_coll
  ZFP rate:   16
  Epochs:     20
  Batch/rank: 32
  LR:         0.001
================================================================================


================================================================================
DISTRIBUTED TRAINING LAUNCHER
================================================================================
  Model:      wide_resnet50_2 (pretrained)
  Dataset:    cifar10 (10 classes)
  Backend:    mpi
  Algorithm:  recursive_doubling_zfp_online_coll
  ZFP rate:   16
  Epochs:     20
  Batch/rank: 32
  LR:         0.001
================================================================================

[Data] Train batches: 391, Val batches: 79


[Epoch 1] Training... (lr=0.000001)
  Batch [50/391] Loss: 2.3670, Acc: 10.81%
  Batch [100/391] Loss: 2.3658, Acc: 11.28%
  Batch [150/391] Loss: 2.3630, Acc: 10.98%
  Batch [200/391] Loss: 2.3624, Acc: 11.16%
  Batch [250/391] Loss: 2.3649, Acc: 10.65%
  Batch [300/391] Loss: 2.3648, Acc: 10.42%
  Batch [350/391] Loss: 2.3630, Acc: 10.40%
[Epoch 1] Train Loss: 2.3641, Acc: 10.31%  |  Val Loss: 219.5252, Acc: 10.44%  |  Time: 14.6s
  -> Best model saved (10.44%)
[Epoch 1] Summarizing hook timing...

[HOOK_TIMING_SUMMARY] epoch=1
[HOOK_WORK_SUMMARY] label=mpi:recursive_doubling_zfp_online_coll:rate16 calls=3114 work_total_ms=8154.885 work_mean_ms=2.619 work_min_ms=0.960 work_max_ms=68.280
[HOOK_TAIL_SUMMARY] label=mpi:recursive_doubling_zfp_online_coll:rate16 steps=392 tail_total_ms=4511.163 tail_mean_ms=11.508 tail_min_ms=2.362 tail_max_ms=90.329
[Epoch 1] Hook timing summary done

[Epoch 2] Training... (lr=0.001000)
  Batch [50/391] Loss: 2.2770, Acc: 14.75%
  Batch [100/391] Loss: 2.1820, Acc: 20.25%
  Batch [150/391] Loss: 2.0994, Acc: 24.54%
  Batch [200/391] Loss: 2.0120, Acc: 28.36%
  Batch [250/391] Loss: 1.9340, Acc: 31.30%
  Batch [300/391] Loss: 1.8709, Acc: 33.72%
  Batch [350/391] Loss: 1.8125, Acc: 36.02%
[Epoch 2] Train Loss: 1.7687, Acc: 37.53%  |  Val Loss: 1.2259, Acc: 58.64%  |  Time: 13.3s
  -> Best model saved (58.64%)
[Epoch 2] Summarizing hook timing...

[HOOK_TIMING_SUMMARY] epoch=2
[HOOK_WORK_SUMMARY] label=mpi:recursive_doubling_zfp_online_coll:rate16 calls=3128 work_total_ms=7991.337 work_mean_ms=2.555 work_min_ms=1.073 work_max_ms=4.453
[HOOK_TAIL_SUMMARY] label=mpi:recursive_doubling_zfp_online_coll:rate16 steps=391 tail_total_ms=4153.334 tail_mean_ms=10.622 tail_min_ms=9.160 tail_max_ms=11.971
[Epoch 2] Hook timing summary done

[Epoch 3] Training... (lr=0.000993)
  Batch [50/391] Loss: 1.3367, Acc: 52.81%
  Batch [100/391] Loss: 1.2976, Acc: 54.25%
  Batch [150/391] Loss: 1.2527, Acc: 56.46%
  Batch [200/391] Loss: 1.2267, Acc: 57.27%
  Batch [250/391] Loss: 1.2022, Acc: 58.01%
  Batch [300/391] Loss: 1.1909, Acc: 58.57%
  Batch [350/391] Loss: 1.1732, Acc: 59.06%
[Epoch 3] Train Loss: 1.1596, Acc: 59.55%  |  Val Loss: 0.9160, Acc: 70.00%  |  Time: 13.4s
  -> Best model saved (70.00%)
[Epoch 3] Summarizing hook timing...

[HOOK_TIMING_SUMMARY] epoch=3
[HOOK_WORK_SUMMARY] label=mpi:recursive_doubling_zfp_online_coll:rate16 calls=3128 work_total_ms=7952.851 work_mean_ms=2.542 work_min_ms=1.095 work_max_ms=4.487
[HOOK_TAIL_SUMMARY] label=mpi:recursive_doubling_zfp_online_coll:rate16 steps=391 tail_total_ms=4293.056 tail_mean_ms=10.980 tail_min_ms=8.692 tail_max_ms=11.968
[Epoch 3] Hook timing summary done

[Epoch 4] Training... (lr=0.000973)
  Batch [50/391] Loss: 1.0176, Acc: 65.94%
  Batch [100/391] Loss: 1.0189, Acc: 65.66%
  Batch [150/391] Loss: 0.9849, Acc: 66.56%
  Batch [200/391] Loss: 0.9821, Acc: 66.33%
  Batch [250/391] Loss: 0.9788, Acc: 66.17%
  Batch [300/391] Loss: 0.9781, Acc: 66.02%
  Batch [350/391] Loss: 0.9725, Acc: 66.21%
[Epoch 4] Train Loss: 0.9681, Acc: 66.30%  |  Val Loss: 0.7401, Acc: 74.84%  |  Time: 13.4s
  -> Best model saved (74.84%)
[Epoch 4] Summarizing hook timing...

[HOOK_TIMING_SUMMARY] epoch=4
[HOOK_WORK_SUMMARY] label=mpi:recursive_doubling_zfp_online_coll:rate16 calls=3128 work_total_ms=8284.499 work_mean_ms=2.648 work_min_ms=1.357 work_max_ms=4.537
[HOOK_TAIL_SUMMARY] label=mpi:recursive_doubling_zfp_online_coll:rate16 steps=391 tail_total_ms=4748.762 tail_mean_ms=12.145 tail_min_ms=9.570 tail_max_ms=12.753
[Epoch 4] Hook timing summary done

[Epoch 5] Training... (lr=0.000940)
  Batch [50/391] Loss: 0.8900, Acc: 68.12%
  Batch [100/391] Loss: 0.8731, Acc: 69.44%
  Batch [150/391] Loss: 0.8569, Acc: 69.96%
  Batch [200/391] Loss: 0.8369, Acc: 70.58%
  Batch [250/391] Loss: 0.8450, Acc: 70.55%
  Batch [300/391] Loss: 0.8405, Acc: 70.58%
  Batch [350/391] Loss: 0.8463, Acc: 70.51%
[Epoch 5] Train Loss: 0.8433, Acc: 70.51%  |  Val Loss: 0.6564, Acc: 78.24%  |  Time: 13.5s
  -> Best model saved (78.24%)
[Epoch 5] Summarizing hook timing...

[HOOK_TIMING_SUMMARY] epoch=5
[HOOK_WORK_SUMMARY] label=mpi:recursive_doubling_zfp_online_coll:rate16 calls=3128 work_total_ms=8092.605 work_mean_ms=2.587 work_min_ms=1.356 work_max_ms=4.549
[HOOK_TAIL_SUMMARY] label=mpi:recursive_doubling_zfp_online_coll:rate16 steps=391 tail_total_ms=4414.871 tail_mean_ms=11.291 tail_min_ms=9.112 tail_max_ms=12.043
[Epoch 5] Hook timing summary done

[Epoch 6] Training... (lr=0.000895)
  Batch [50/391] Loss: 0.7639, Acc: 74.06%
  Batch [100/391] Loss: 0.7774, Acc: 73.50%
  Batch [150/391] Loss: 0.7887, Acc: 72.65%
  Batch [200/391] Loss: 0.7792, Acc: 72.97%
  Batch [250/391] Loss: 0.7838, Acc: 72.66%
  Batch [300/391] Loss: 0.7824, Acc: 72.75%
  Batch [350/391] Loss: 0.7848, Acc: 72.61%
[Epoch 6] Train Loss: 0.7831, Acc: 72.66%  |  Val Loss: 0.6233, Acc: 79.32%  |  Time: 13.4s
  -> Best model saved (79.32%)
[Epoch 6] Summarizing hook timing...

[HOOK_TIMING_SUMMARY] epoch=6
[HOOK_WORK_SUMMARY] label=mpi:recursive_doubling_zfp_online_coll:rate16 calls=3128 work_total_ms=7978.334 work_mean_ms=2.551 work_min_ms=1.327 work_max_ms=4.489
[HOOK_TAIL_SUMMARY] label=mpi:recursive_doubling_zfp_online_coll:rate16 steps=391 tail_total_ms=4302.965 tail_mean_ms=11.005 tail_min_ms=9.102 tail_max_ms=11.637
[Epoch 6] Hook timing summary done

[Epoch 7] Training... (lr=0.000839)
  Batch [50/391] Loss: 0.7622, Acc: 73.81%
  Batch [100/391] Loss: 0.7667, Acc: 73.19%
  Batch [150/391] Loss: 0.7645, Acc: 73.69%
  Batch [200/391] Loss: 0.7539, Acc: 73.98%
  Batch [250/391] Loss: 0.7454, Acc: 74.38%
  Batch [300/391] Loss: 0.7326, Acc: 74.70%
  Batch [350/391] Loss: 0.7255, Acc: 74.98%
[Epoch 7] Train Loss: 0.7288, Acc: 74.97%  |  Val Loss: 0.6076, Acc: 78.92%  |  Time: 13.5s
[Epoch 7] Summarizing hook timing...

[HOOK_TIMING_SUMMARY] epoch=7
[HOOK_WORK_SUMMARY] label=mpi:recursive_doubling_zfp_online_coll:rate16 calls=3128 work_total_ms=8302.524 work_mean_ms=2.654 work_min_ms=1.351 work_max_ms=4.715
[HOOK_TAIL_SUMMARY] label=mpi:recursive_doubling_zfp_online_coll:rate16 steps=391 tail_total_ms=4723.978 tail_mean_ms=12.082 tail_min_ms=9.188 tail_max_ms=13.165
[Epoch 7] Hook timing summary done

[Epoch 8] Training... (lr=0.000773)
  Batch [50/391] Loss: 0.7423, Acc: 75.19%
  Batch [100/391] Loss: 0.7280, Acc: 75.34%
  Batch [150/391] Loss: 0.7447, Acc: 74.56%
  Batch [200/391] Loss: 0.7237, Acc: 75.12%
  Batch [250/391] Loss: 0.7217, Acc: 74.97%
  Batch [300/391] Loss: 0.7171, Acc: 75.06%
  Batch [350/391] Loss: 0.7165, Acc: 75.03%
[Epoch 8] Train Loss: 0.7121, Acc: 75.16%  |  Val Loss: 0.5436, Acc: 81.40%  |  Time: 13.2s
  -> Best model saved (81.40%)
[Epoch 8] Summarizing hook timing...

[HOOK_TIMING_SUMMARY] epoch=8
[HOOK_WORK_SUMMARY] label=mpi:recursive_doubling_zfp_online_coll:rate16 calls=3128 work_total_ms=7860.464 work_mean_ms=2.513 work_min_ms=1.033 work_max_ms=6.614
[HOOK_TAIL_SUMMARY] label=mpi:recursive_doubling_zfp_online_coll:rate16 steps=391 tail_total_ms=3963.885 tail_mean_ms=10.138 tail_min_ms=9.368 tail_max_ms=14.290
[Epoch 8] Hook timing summary done

[Epoch 9] Training... (lr=0.000701)
  Batch [50/391] Loss: 0.6805, Acc: 76.44%
  Batch [100/391] Loss: 0.6745, Acc: 76.25%
  Batch [150/391] Loss: 0.6655, Acc: 76.88%
  Batch [200/391] Loss: 0.6676, Acc: 76.73%
  Batch [250/391] Loss: 0.6724, Acc: 76.78%
  Batch [300/391] Loss: 0.6730, Acc: 76.85%
  Batch [350/391] Loss: 0.6678, Acc: 76.96%
[Epoch 9] Train Loss: 0.6664, Acc: 77.02%  |  Val Loss: 0.5691, Acc: 81.40%  |  Time: 13.3s
[Epoch 9] Summarizing hook timing...

[HOOK_TIMING_SUMMARY] epoch=9
[HOOK_WORK_SUMMARY] label=mpi:recursive_doubling_zfp_online_coll:rate16 calls=3128 work_total_ms=7905.745 work_mean_ms=2.527 work_min_ms=1.063 work_max_ms=4.483
[HOOK_TAIL_SUMMARY] label=mpi:recursive_doubling_zfp_online_coll:rate16 steps=391 tail_total_ms=4051.215 tail_mean_ms=10.361 tail_min_ms=8.234 tail_max_ms=11.602
[Epoch 9] Hook timing summary done

[Epoch 10] Training... (lr=0.000623)
  Batch [50/391] Loss: 0.6240, Acc: 79.06%
  Batch [100/391] Loss: 0.6429, Acc: 77.47%
  Batch [150/391] Loss: 0.6455, Acc: 77.54%
  Batch [200/391] Loss: 0.6476, Acc: 77.66%
  Batch [250/391] Loss: 0.6507, Acc: 77.34%
  Batch [300/391] Loss: 0.6431, Acc: 77.73%
  Batch [350/391] Loss: 0.6384, Acc: 77.84%
[Epoch 10] Train Loss: 0.6351, Acc: 77.84%  |  Val Loss: 0.5324, Acc: 82.16%  |  Time: 13.3s
  -> Best model saved (82.16%)
[Epoch 10] Summarizing hook timing...

[HOOK_TIMING_SUMMARY] epoch=10
[HOOK_WORK_SUMMARY] label=mpi:recursive_doubling_zfp_online_coll:rate16 calls=3128 work_total_ms=7931.645 work_mean_ms=2.536 work_min_ms=1.070 work_max_ms=10.290
[HOOK_TAIL_SUMMARY] label=mpi:recursive_doubling_zfp_online_coll:rate16 steps=391 tail_total_ms=4291.602 tail_mean_ms=10.976 tail_min_ms=10.423 tail_max_ms=18.570
[Epoch 10] Hook timing summary done

[Epoch 11] Training... (lr=0.000541)
  Batch [50/391] Loss: 0.6098, Acc: 79.44%
  Batch [100/391] Loss: 0.6279, Acc: 78.91%
  Batch [150/391] Loss: 0.6226, Acc: 78.79%
  Batch [200/391] Loss: 0.6320, Acc: 78.27%
  Batch [250/391] Loss: 0.6258, Acc: 78.41%
  Batch [300/391] Loss: 0.6247, Acc: 78.52%
  Batch [350/391] Loss: 0.6217, Acc: 78.68%
[Epoch 11] Train Loss: 0.6213, Acc: 78.70%  |  Val Loss: 0.4988, Acc: 83.08%  |  Time: 13.4s
  -> Best model saved (83.08%)
[Epoch 11] Summarizing hook timing...

[HOOK_TIMING_SUMMARY] epoch=11
[HOOK_WORK_SUMMARY] label=mpi:recursive_doubling_zfp_online_coll:rate16 calls=3128 work_total_ms=8280.002 work_mean_ms=2.647 work_min_ms=1.359 work_max_ms=4.607
[HOOK_TAIL_SUMMARY] label=mpi:recursive_doubling_zfp_online_coll:rate16 steps=391 tail_total_ms=4755.558 tail_mean_ms=12.163 tail_min_ms=9.634 tail_max_ms=12.878
[Epoch 11] Hook timing summary done

[Epoch 12] Training... (lr=0.000459)
  Batch [50/391] Loss: 0.6091, Acc: 77.81%
  Batch [100/391] Loss: 0.6111, Acc: 77.75%
  Batch [150/391] Loss: 0.5988, Acc: 78.62%
  Batch [200/391] Loss: 0.6018, Acc: 78.83%
  Batch [250/391] Loss: 0.5962, Acc: 78.92%
  Batch [300/391] Loss: 0.5948, Acc: 79.00%
  Batch [350/391] Loss: 0.5994, Acc: 78.86%
[Epoch 12] Train Loss: 0.6016, Acc: 78.74%  |  Val Loss: 0.5195, Acc: 82.88%  |  Time: 13.2s
[Epoch 12] Summarizing hook timing...

[HOOK_TIMING_SUMMARY] epoch=12
[HOOK_WORK_SUMMARY] label=mpi:recursive_doubling_zfp_online_coll:rate16 calls=3128 work_total_ms=8054.419 work_mean_ms=2.575 work_min_ms=1.363 work_max_ms=4.420
[HOOK_TAIL_SUMMARY] label=mpi:recursive_doubling_zfp_online_coll:rate16 steps=391 tail_total_ms=4281.037 tail_mean_ms=10.949 tail_min_ms=9.491 tail_max_ms=12.045
[Epoch 12] Hook timing summary done

[Epoch 13] Training... (lr=0.000377)
  Batch [50/391] Loss: 0.5942, Acc: 78.00%
  Batch [100/391] Loss: 0.5696, Acc: 79.75%
  Batch [150/391] Loss: 0.5830, Acc: 79.29%
  Batch [200/391] Loss: 0.5811, Acc: 79.38%
  Batch [250/391] Loss: 0.5790, Acc: 79.54%
  Batch [300/391] Loss: 0.5818, Acc: 79.52%
  Batch [350/391] Loss: 0.5824, Acc: 79.57%
[Epoch 13] Train Loss: 0.5793, Acc: 79.78%  |  Val Loss: 0.5432, Acc: 82.64%  |  Time: 13.4s
[Epoch 13] Summarizing hook timing...

[HOOK_TIMING_SUMMARY] epoch=13
[HOOK_WORK_SUMMARY] label=mpi:recursive_doubling_zfp_online_coll:rate16 calls=3128 work_total_ms=8116.972 work_mean_ms=2.595 work_min_ms=1.367 work_max_ms=19.065
[HOOK_TAIL_SUMMARY] label=mpi:recursive_doubling_zfp_online_coll:rate16 steps=391 tail_total_ms=4306.927 tail_mean_ms=11.015 tail_min_ms=10.151 tail_max_ms=27.513
[Epoch 13] Hook timing summary done

[Epoch 14] Training... (lr=0.000299)
  Batch [50/391] Loss: 0.5617, Acc: 80.38%
  Batch [100/391] Loss: 0.5858, Acc: 79.56%
  Batch [150/391] Loss: 0.5798, Acc: 79.75%
  Batch [200/391] Loss: 0.5731, Acc: 80.33%
  Batch [250/391] Loss: 0.5735, Acc: 80.21%
  Batch [300/391] Loss: 0.5767, Acc: 80.02%
  Batch [350/391] Loss: 0.5756, Acc: 80.03%
[Epoch 14] Train Loss: 0.5774, Acc: 79.93%  |  Val Loss: 0.5535, Acc: 83.00%  |  Time: 13.3s
[Epoch 14] Summarizing hook timing...

[HOOK_TIMING_SUMMARY] epoch=14
[HOOK_WORK_SUMMARY] label=mpi:recursive_doubling_zfp_online_coll:rate16 calls=3128 work_total_ms=8205.307 work_mean_ms=2.623 work_min_ms=1.351 work_max_ms=29.759
[HOOK_TAIL_SUMMARY] label=mpi:recursive_doubling_zfp_online_coll:rate16 steps=391 tail_total_ms=4693.618 tail_mean_ms=12.004 tail_min_ms=11.031 tail_max_ms=38.509
[Epoch 14] Hook timing summary done

[Epoch 15] Training... (lr=0.000227)
  Batch [50/391] Loss: 0.5680, Acc: 80.75%
  Batch [100/391] Loss: 0.5909, Acc: 79.75%
  Batch [150/391] Loss: 0.5699, Acc: 80.69%
  Batch [200/391] Loss: 0.5646, Acc: 80.66%
  Batch [250/391] Loss: 0.5571, Acc: 80.94%
  Batch [300/391] Loss: 0.5663, Acc: 80.60%
  Batch [350/391] Loss: 0.5633, Acc: 80.60%
[Epoch 15] Train Loss: 0.5625, Acc: 80.47%  |  Val Loss: 0.5224, Acc: 83.20%  |  Time: 13.3s
  -> Best model saved (83.20%)
[Epoch 15] Summarizing hook timing...

[HOOK_TIMING_SUMMARY] epoch=15
[HOOK_WORK_SUMMARY] label=mpi:recursive_doubling_zfp_online_coll:rate16 calls=3128 work_total_ms=8136.674 work_mean_ms=2.601 work_min_ms=1.316 work_max_ms=15.984
[HOOK_TAIL_SUMMARY] label=mpi:recursive_doubling_zfp_online_coll:rate16 steps=391 tail_total_ms=4595.216 tail_mean_ms=11.752 tail_min_ms=10.640 tail_max_ms=24.823
[Epoch 15] Hook timing summary done

[Epoch 16] Training... (lr=0.000161)
  Batch [50/391] Loss: 0.5721, Acc: 80.81%
  Batch [100/391] Loss: 0.5665, Acc: 80.97%
  Batch [150/391] Loss: 0.5585, Acc: 80.81%
  Batch [200/391] Loss: 0.5625, Acc: 80.44%
  Batch [250/391] Loss: 0.5533, Acc: 80.71%
  Batch [300/391] Loss: 0.5573, Acc: 80.65%
  Batch [350/391] Loss: 0.5569, Acc: 80.62%
[Epoch 16] Train Loss: 0.5548, Acc: 80.73%  |  Val Loss: 0.5558, Acc: 83.36%  |  Time: 13.3s
  -> Best model saved (83.36%)
[Epoch 16] Summarizing hook timing...

[HOOK_TIMING_SUMMARY] epoch=16
[HOOK_WORK_SUMMARY] label=mpi:recursive_doubling_zfp_online_coll:rate16 calls=3128 work_total_ms=8022.396 work_mean_ms=2.565 work_min_ms=1.246 work_max_ms=4.573
[HOOK_TAIL_SUMMARY] label=mpi:recursive_doubling_zfp_online_coll:rate16 steps=391 tail_total_ms=4322.442 tail_mean_ms=11.055 tail_min_ms=9.441 tail_max_ms=12.791
[Epoch 16] Hook timing summary done

[Epoch 17] Training... (lr=0.000105)
  Batch [50/391] Loss: 0.5535, Acc: 80.19%
  Batch [100/391] Loss: 0.5411, Acc: 80.81%
  Batch [150/391] Loss: 0.5509, Acc: 80.54%
  Batch [200/391] Loss: 0.5584, Acc: 80.44%
  Batch [250/391] Loss: 0.5553, Acc: 80.38%
  Batch [300/391] Loss: 0.5557, Acc: 80.44%
  Batch [350/391] Loss: 0.5523, Acc: 80.57%
[Epoch 17] Train Loss: 0.5584, Acc: 80.33%  |  Val Loss: 0.5996, Acc: 83.96%  |  Time: 13.2s
  -> Best model saved (83.96%)
[Epoch 17] Summarizing hook timing...

[HOOK_TIMING_SUMMARY] epoch=17
[HOOK_WORK_SUMMARY] label=mpi:recursive_doubling_zfp_online_coll:rate16 calls=3128 work_total_ms=8038.339 work_mean_ms=2.570 work_min_ms=1.373 work_max_ms=4.530
[HOOK_TAIL_SUMMARY] label=mpi:recursive_doubling_zfp_online_coll:rate16 steps=391 tail_total_ms=4251.941 tail_mean_ms=10.875 tail_min_ms=8.877 tail_max_ms=11.380
[Epoch 17] Hook timing summary done

[Epoch 18] Training... (lr=0.000060)
  Batch [50/391] Loss: 0.5527, Acc: 80.88%
  Batch [100/391] Loss: 0.5473, Acc: 81.09%
  Batch [150/391] Loss: 0.5450, Acc: 81.33%
  Batch [200/391] Loss: 0.5409, Acc: 81.62%
  Batch [250/391] Loss: 0.5508, Acc: 81.10%
  Batch [300/391] Loss: 0.5478, Acc: 81.18%
  Batch [350/391] Loss: 0.5476, Acc: 81.12%
[Epoch 18] Train Loss: 0.5512, Acc: 81.02%  |  Val Loss: 0.6036, Acc: 83.68%  |  Time: 13.4s
[Epoch 18] Summarizing hook timing...

[HOOK_TIMING_SUMMARY] epoch=18
[HOOK_WORK_SUMMARY] label=mpi:recursive_doubling_zfp_online_coll:rate16 calls=3128 work_total_ms=8132.305 work_mean_ms=2.600 work_min_ms=1.365 work_max_ms=4.627
[HOOK_TAIL_SUMMARY] label=mpi:recursive_doubling_zfp_online_coll:rate16 steps=391 tail_total_ms=4396.936 tail_mean_ms=11.245 tail_min_ms=8.156 tail_max_ms=13.033
[Epoch 18] Hook timing summary done

[Epoch 19] Training... (lr=0.000027)
  Batch [50/391] Loss: 0.5350, Acc: 81.00%
  Batch [100/391] Loss: 0.5585, Acc: 80.56%
  Batch [150/391] Loss: 0.5590, Acc: 80.25%
  Batch [200/391] Loss: 0.5564, Acc: 80.45%
  Batch [250/391] Loss: 0.5597, Acc: 80.29%
  Batch [300/391] Loss: 0.5501, Acc: 80.77%
  Batch [350/391] Loss: 0.5462, Acc: 80.83%
[Epoch 19] Train Loss: 0.5494, Acc: 80.76%  |  Val Loss: 0.6805, Acc: 83.80%  |  Time: 13.5s
[Epoch 19] Summarizing hook timing...

[HOOK_TIMING_SUMMARY] epoch=19
[HOOK_WORK_SUMMARY] label=mpi:recursive_doubling_zfp_online_coll:rate16 calls=3128 work_total_ms=8302.312 work_mean_ms=2.654 work_min_ms=1.365 work_max_ms=15.880
[HOOK_TAIL_SUMMARY] label=mpi:recursive_doubling_zfp_online_coll:rate16 steps=391 tail_total_ms=4638.243 tail_mean_ms=11.863 tail_min_ms=10.776 tail_max_ms=24.660
[Epoch 19] Hook timing summary done

[Epoch 20] Training... (lr=0.000007)
  Batch [50/391] Loss: 0.5422, Acc: 81.50%
  Batch [100/391] Loss: 0.5217, Acc: 81.94%
  Batch [150/391] Loss: 0.5183, Acc: 81.90%
  Batch [200/391] Loss: 0.5231, Acc: 81.86%
  Batch [250/391] Loss: 0.5281, Acc: 81.62%
  Batch [300/391] Loss: 0.5356, Acc: 81.49%
  Batch [350/391] Loss: 0.5422, Acc: 81.28%
[Epoch 20] Train Loss: 0.5411, Acc: 81.34%  |  Val Loss: 0.6273, Acc: 83.44%  |  Time: 13.3s
[Epoch 20] Summarizing hook timing...

[HOOK_TIMING_SUMMARY] epoch=20
[HOOK_WORK_SUMMARY] label=mpi:recursive_doubling_zfp_online_coll:rate16 calls=3128 work_total_ms=7982.971 work_mean_ms=2.552 work_min_ms=1.137 work_max_ms=7.525
[HOOK_TAIL_SUMMARY] label=mpi:recursive_doubling_zfp_online_coll:rate16 steps=391 tail_total_ms=4158.634 tail_mean_ms=10.636 tail_min_ms=8.308 tail_max_ms=15.315
[Epoch 20] Hook timing summary done

================================================================================
Done in 279.2s | Best val acc: 83.96%
Epoch times: mean=13.4s  min=13.2s  max=14.6s
================================================================================
=== Finished training: backend=mpi, hook=recursive_doubling_zfp_online_coll, zfp_rate=16, status=0 at Fri May 22 12:16:41 AM UTC 2026 ===
=== Starting training: backend=mpi, hook=recursive_doubling_zfp_online_coll, zfp_rate=8 at Fri May 22 12:16:41 AM UTC 2026 ===

================================================================================
DISTRIBUTED TRAINING LAUNCHER
================================================================================
  Model:      wide_resnet50_2 (pretrained)
  Dataset:    cifar10 (10 classes)
  Backend:    mpi
  Algorithm:  recursive_doubling_zfp_online_coll
  ZFP rate:   8
  Epochs:     20
  Batch/rank: 32
  LR:         0.001
================================================================================


================================================================================
Distributed Training: WIDE_RESNET50_2 on CIFAR10
Backend: MPI, Algorithm: recursive_doubling_zfp_online_coll
================================================================================
Ranks: 4, Epochs: 20, Batch/rank: 32, Effective batch: 128
LR: 0.001, Device: cuda:0

[Setup] Model on cuda:0, wrapped in DDP (static_graph=True)
[Setup] Hook registered: mpi/recursive_doubling_zfp_online_coll

================================================================================
DISTRIBUTED TRAINING LAUNCHER
================================================================================
  Model:      wide_resnet50_2 (pretrained)
  Dataset:    cifar10 (10 classes)
  Backend:    mpi
  Algorithm:  recursive_doubling_zfp_online_coll
  ZFP rate:   8
  Epochs:     20
  Batch/rank: 32
  LR:         0.001
================================================================================

[Data] Train batches: 391, Val batches: 79


[Epoch 1] Training... (lr=0.000001)

================================================================================
DISTRIBUTED TRAINING LAUNCHER
================================================================================
  Model:      wide_resnet50_2 (pretrained)
  Dataset:    cifar10 (10 classes)
  Backend:    mpi
  Algorithm:  recursive_doubling_zfp_online_coll
  ZFP rate:   8
  Epochs:     20
  Batch/rank: 32
  LR:         0.001
================================================================================


================================================================================
DISTRIBUTED TRAINING LAUNCHER
================================================================================
  Model:      wide_resnet50_2 (pretrained)
  Dataset:    cifar10 (10 classes)
  Backend:    mpi
  Algorithm:  recursive_doubling_zfp_online_coll
  ZFP rate:   8
  Epochs:     20
  Batch/rank: 32
  LR:         0.001
================================================================================

  Batch [50/391] Loss: 2.3670, Acc: 10.94%
  Batch [100/391] Loss: 2.3657, Acc: 11.28%
  Batch [150/391] Loss: 2.3629, Acc: 11.10%
  Batch [200/391] Loss: 2.3621, Acc: 11.22%
  Batch [250/391] Loss: 2.3648, Acc: 10.68%
  Batch [300/391] Loss: 2.3647, Acc: 10.46%
  Batch [350/391] Loss: 2.3630, Acc: 10.42%
[Epoch 1] Train Loss: 2.3641, Acc: 10.38%  |  Val Loss: 221.5226, Acc: 10.36%  |  Time: 13.2s
  -> Best model saved (10.36%)
[Epoch 1] Summarizing hook timing...

[HOOK_TIMING_SUMMARY] epoch=1
[HOOK_WORK_SUMMARY] label=mpi:recursive_doubling_zfp_online_coll:rate8 calls=3114 work_total_ms=6619.958 work_mean_ms=2.126 work_min_ms=1.022 work_max_ms=13.670
[HOOK_TAIL_SUMMARY] label=mpi:recursive_doubling_zfp_online_coll:rate8 steps=392 tail_total_ms=2936.144 tail_mean_ms=7.490 tail_min_ms=2.153 tail_max_ms=122.440
[Epoch 1] Hook timing summary done

[Epoch 2] Training... (lr=0.001000)
  Batch [50/391] Loss: 2.2652, Acc: 17.12%
  Batch [100/391] Loss: 2.1776, Acc: 22.16%
  Batch [150/391] Loss: 2.1013, Acc: 26.33%
  Batch [200/391] Loss: 2.0171, Acc: 29.83%
  Batch [250/391] Loss: 1.9407, Acc: 32.39%
  Batch [300/391] Loss: 1.8789, Acc: 34.31%
  Batch [350/391] Loss: 1.8195, Acc: 36.53%
[Epoch 2] Train Loss: 1.7761, Acc: 38.00%  |  Val Loss: 1.2329, Acc: 58.88%  |  Time: 12.0s
  -> Best model saved (58.88%)
[Epoch 2] Summarizing hook timing...

[HOOK_TIMING_SUMMARY] epoch=2
[HOOK_WORK_SUMMARY] label=mpi:recursive_doubling_zfp_online_coll:rate8 calls=3128 work_total_ms=6711.086 work_mean_ms=2.145 work_min_ms=1.059 work_max_ms=3.912
[HOOK_TAIL_SUMMARY] label=mpi:recursive_doubling_zfp_online_coll:rate8 steps=391 tail_total_ms=3001.851 tail_mean_ms=7.677 tail_min_ms=5.627 tail_max_ms=8.625
[Epoch 2] Hook timing summary done

[Epoch 3] Training... (lr=0.000993)
  Batch [50/391] Loss: 1.3200, Acc: 54.81%
  Batch [100/391] Loss: 1.3049, Acc: 55.31%
  Batch [150/391] Loss: 1.2568, Acc: 56.54%
  Batch [200/391] Loss: 1.2278, Acc: 57.25%
  Batch [250/391] Loss: 1.2086, Acc: 57.75%
  Batch [300/391] Loss: 1.1959, Acc: 58.52%
  Batch [350/391] Loss: 1.1745, Acc: 59.08%
[Epoch 3] Train Loss: 1.1625, Acc: 59.47%  |  Val Loss: 0.8971, Acc: 69.76%  |  Time: 11.9s
  -> Best model saved (69.76%)
[Epoch 3] Summarizing hook timing...

[HOOK_TIMING_SUMMARY] epoch=3
[HOOK_WORK_SUMMARY] label=mpi:recursive_doubling_zfp_online_coll:rate8 calls=3128 work_total_ms=6735.663 work_mean_ms=2.153 work_min_ms=1.071 work_max_ms=3.714
[HOOK_TAIL_SUMMARY] label=mpi:recursive_doubling_zfp_online_coll:rate8 steps=391 tail_total_ms=3019.012 tail_mean_ms=7.721 tail_min_ms=5.733 tail_max_ms=8.710
[Epoch 3] Hook timing summary done

[Epoch 4] Training... (lr=0.000973)
  Batch [50/391] Loss: 0.9870, Acc: 65.12%
  Batch [100/391] Loss: 1.0058, Acc: 64.34%
  Batch [150/391] Loss: 0.9763, Acc: 65.90%
  Batch [200/391] Loss: 0.9704, Acc: 66.22%
  Batch [250/391] Loss: 0.9723, Acc: 66.20%
  Batch [300/391] Loss: 0.9700, Acc: 66.07%
  Batch [350/391] Loss: 0.9662, Acc: 66.30%
[Epoch 4] Train Loss: 0.9634, Acc: 66.34%  |  Val Loss: 0.7470, Acc: 75.12%  |  Time: 12.0s
  -> Best model saved (75.12%)
[Epoch 4] Summarizing hook timing...

[HOOK_TIMING_SUMMARY] epoch=4
[HOOK_WORK_SUMMARY] label=mpi:recursive_doubling_zfp_online_coll:rate8 calls=3128 work_total_ms=6703.262 work_mean_ms=2.143 work_min_ms=1.043 work_max_ms=4.517
[HOOK_TAIL_SUMMARY] label=mpi:recursive_doubling_zfp_online_coll:rate8 steps=391 tail_total_ms=3005.254 tail_mean_ms=7.686 tail_min_ms=5.360 tail_max_ms=8.290
[Epoch 4] Hook timing summary done

[Epoch 5] Training... (lr=0.000940)
  Batch [50/391] Loss: 0.8770, Acc: 68.94%
  Batch [100/391] Loss: 0.8604, Acc: 70.19%
  Batch [150/391] Loss: 0.8537, Acc: 70.19%
  Batch [200/391] Loss: 0.8420, Acc: 70.73%
  Batch [250/391] Loss: 0.8577, Acc: 70.15%
  Batch [300/391] Loss: 0.8568, Acc: 70.09%
  Batch [350/391] Loss: 0.8608, Acc: 69.98%
[Epoch 5] Train Loss: 0.8563, Acc: 70.24%  |  Val Loss: 0.6663, Acc: 77.64%  |  Time: 11.9s
  -> Best model saved (77.64%)
[Epoch 5] Summarizing hook timing...

[HOOK_TIMING_SUMMARY] epoch=5
[HOOK_WORK_SUMMARY] label=mpi:recursive_doubling_zfp_online_coll:rate8 calls=3128 work_total_ms=6556.777 work_mean_ms=2.096 work_min_ms=0.992 work_max_ms=3.634
[HOOK_TAIL_SUMMARY] label=mpi:recursive_doubling_zfp_online_coll:rate8 steps=391 tail_total_ms=2772.922 tail_mean_ms=7.092 tail_min_ms=5.835 tail_max_ms=8.797
[Epoch 5] Hook timing summary done

[Epoch 6] Training... (lr=0.000895)
  Batch [50/391] Loss: 0.8077, Acc: 72.19%
  Batch [100/391] Loss: 0.7888, Acc: 72.25%
  Batch [150/391] Loss: 0.7936, Acc: 72.00%
  Batch [200/391] Loss: 0.7853, Acc: 72.48%
  Batch [250/391] Loss: 0.7846, Acc: 72.47%
  Batch [300/391] Loss: 0.7852, Acc: 72.49%
  Batch [350/391] Loss: 0.7854, Acc: 72.53%
[Epoch 6] Train Loss: 0.7851, Acc: 72.59%  |  Val Loss: 0.6311, Acc: 79.68%  |  Time: 11.9s
  -> Best model saved (79.68%)
[Epoch 6] Summarizing hook timing...

[HOOK_TIMING_SUMMARY] epoch=6
[HOOK_WORK_SUMMARY] label=mpi:recursive_doubling_zfp_online_coll:rate8 calls=3128 work_total_ms=6555.575 work_mean_ms=2.096 work_min_ms=0.965 work_max_ms=3.620
[HOOK_TAIL_SUMMARY] label=mpi:recursive_doubling_zfp_online_coll:rate8 steps=391 tail_total_ms=2864.779 tail_mean_ms=7.327 tail_min_ms=5.426 tail_max_ms=8.299
[Epoch 6] Hook timing summary done

[Epoch 7] Training... (lr=0.000839)
  Batch [50/391] Loss: 0.7826, Acc: 71.81%
  Batch [100/391] Loss: 0.7584, Acc: 72.91%
  Batch [150/391] Loss: 0.7464, Acc: 73.69%
  Batch [200/391] Loss: 0.7356, Acc: 74.33%
  Batch [250/391] Loss: 0.7295, Acc: 74.55%
  Batch [300/391] Loss: 0.7173, Acc: 74.96%
  Batch [350/391] Loss: 0.7135, Acc: 75.04%
[Epoch 7] Train Loss: 0.7163, Acc: 75.00%  |  Val Loss: 0.5678, Acc: 81.40%  |  Time: 12.0s
  -> Best model saved (81.40%)
[Epoch 7] Summarizing hook timing...

[HOOK_TIMING_SUMMARY] epoch=7
[HOOK_WORK_SUMMARY] label=mpi:recursive_doubling_zfp_online_coll:rate8 calls=3128 work_total_ms=6697.120 work_mean_ms=2.141 work_min_ms=1.041 work_max_ms=3.566
[HOOK_TAIL_SUMMARY] label=mpi:recursive_doubling_zfp_online_coll:rate8 steps=391 tail_total_ms=3062.164 tail_mean_ms=7.832 tail_min_ms=5.582 tail_max_ms=9.026
[Epoch 7] Hook timing summary done

[Epoch 8] Training... (lr=0.000773)
  Batch [50/391] Loss: 0.7136, Acc: 76.06%
  Batch [100/391] Loss: 0.7059, Acc: 75.81%
  Batch [150/391] Loss: 0.7313, Acc: 75.02%
  Batch [200/391] Loss: 0.7113, Acc: 75.52%
  Batch [250/391] Loss: 0.7146, Acc: 75.21%
  Batch [300/391] Loss: 0.7114, Acc: 75.40%
  Batch [350/391] Loss: 0.7099, Acc: 75.33%
[Epoch 8] Train Loss: 0.7057, Acc: 75.50%  |  Val Loss: 0.5335, Acc: 82.40%  |  Time: 12.0s
  -> Best model saved (82.40%)
[Epoch 8] Summarizing hook timing...

[HOOK_TIMING_SUMMARY] epoch=8
[HOOK_WORK_SUMMARY] label=mpi:recursive_doubling_zfp_online_coll:rate8 calls=3128 work_total_ms=6762.856 work_mean_ms=2.162 work_min_ms=1.067 work_max_ms=3.700
[HOOK_TAIL_SUMMARY] label=mpi:recursive_doubling_zfp_online_coll:rate8 steps=391 tail_total_ms=3068.066 tail_mean_ms=7.847 tail_min_ms=5.485 tail_max_ms=8.807
[Epoch 8] Hook timing summary done

[Epoch 9] Training... (lr=0.000701)
  Batch [50/391] Loss: 0.6854, Acc: 75.56%
  Batch [100/391] Loss: 0.6855, Acc: 76.06%
  Batch [150/391] Loss: 0.6765, Acc: 76.33%
  Batch [200/391] Loss: 0.6781, Acc: 75.98%
  Batch [250/391] Loss: 0.6786, Acc: 76.30%
  Batch [300/391] Loss: 0.6760, Acc: 76.47%
  Batch [350/391] Loss: 0.6684, Acc: 76.69%
[Epoch 9] Train Loss: 0.6668, Acc: 76.79%  |  Val Loss: 0.5170, Acc: 83.20%  |  Time: 11.9s
  -> Best model saved (83.20%)
[Epoch 9] Summarizing hook timing...

[HOOK_TIMING_SUMMARY] epoch=9
[HOOK_WORK_SUMMARY] label=mpi:recursive_doubling_zfp_online_coll:rate8 calls=3128 work_total_ms=6740.262 work_mean_ms=2.155 work_min_ms=1.066 work_max_ms=4.070
[HOOK_TAIL_SUMMARY] label=mpi:recursive_doubling_zfp_online_coll:rate8 steps=391 tail_total_ms=3163.550 tail_mean_ms=8.091 tail_min_ms=5.377 tail_max_ms=9.192
[Epoch 9] Hook timing summary done

[Epoch 10] Training... (lr=0.000623)
  Batch [50/391] Loss: 0.6219, Acc: 77.69%
  Batch [100/391] Loss: 0.6393, Acc: 77.34%
  Batch [150/391] Loss: 0.6391, Acc: 77.56%
  Batch [200/391] Loss: 0.6401, Acc: 77.66%
  Batch [250/391] Loss: 0.6487, Acc: 77.45%
  Batch [300/391] Loss: 0.6416, Acc: 77.58%
  Batch [350/391] Loss: 0.6354, Acc: 77.74%
[Epoch 10] Train Loss: 0.6293, Acc: 77.85%  |  Val Loss: 0.4901, Acc: 83.68%  |  Time: 11.9s
  -> Best model saved (83.68%)
[Epoch 10] Summarizing hook timing...

[HOOK_TIMING_SUMMARY] epoch=10
[HOOK_WORK_SUMMARY] label=mpi:recursive_doubling_zfp_online_coll:rate8 calls=3128 work_total_ms=6787.832 work_mean_ms=2.170 work_min_ms=1.063 work_max_ms=3.779
[HOOK_TAIL_SUMMARY] label=mpi:recursive_doubling_zfp_online_coll:rate8 steps=391 tail_total_ms=3276.288 tail_mean_ms=8.379 tail_min_ms=5.907 tail_max_ms=9.157
[Epoch 10] Hook timing summary done

[Epoch 11] Training... (lr=0.000541)
  Batch [50/391] Loss: 0.5796, Acc: 80.19%
  Batch [100/391] Loss: 0.5996, Acc: 79.69%
  Batch [150/391] Loss: 0.6061, Acc: 79.38%
  Batch [200/391] Loss: 0.6097, Acc: 78.97%
  Batch [250/391] Loss: 0.6047, Acc: 79.14%
  Batch [300/391] Loss: 0.6019, Acc: 79.21%
  Batch [350/391] Loss: 0.5990, Acc: 79.38%
[Epoch 11] Train Loss: 0.5984, Acc: 79.31%  |  Val Loss: 0.4893, Acc: 83.92%  |  Time: 12.0s
  -> Best model saved (83.92%)
[Epoch 11] Summarizing hook timing...

[HOOK_TIMING_SUMMARY] epoch=11
[HOOK_WORK_SUMMARY] label=mpi:recursive_doubling_zfp_online_coll:rate8 calls=3128 work_total_ms=6867.960 work_mean_ms=2.196 work_min_ms=1.088 work_max_ms=3.618
[HOOK_TAIL_SUMMARY] label=mpi:recursive_doubling_zfp_online_coll:rate8 steps=391 tail_total_ms=3342.094 tail_mean_ms=8.548 tail_min_ms=6.026 tail_max_ms=8.998
[Epoch 11] Hook timing summary done

[Epoch 12] Training... (lr=0.000459)
  Batch [50/391] Loss: 0.5819, Acc: 79.88%
  Batch [100/391] Loss: 0.5995, Acc: 78.72%
  Batch [150/391] Loss: 0.5861, Acc: 79.38%
  Batch [200/391] Loss: 0.5896, Acc: 79.28%
  Batch [250/391] Loss: 0.5803, Acc: 79.60%
  Batch [300/391] Loss: 0.5741, Acc: 79.82%
  Batch [350/391] Loss: 0.5812, Acc: 79.67%
[Epoch 12] Train Loss: 0.5801, Acc: 79.67%  |  Val Loss: 0.4886, Acc: 84.44%  |  Time: 12.0s
  -> Best model saved (84.44%)
[Epoch 12] Summarizing hook timing...

[HOOK_TIMING_SUMMARY] epoch=12
[HOOK_WORK_SUMMARY] label=mpi:recursive_doubling_zfp_online_coll:rate8 calls=3128 work_total_ms=6893.598 work_mean_ms=2.204 work_min_ms=1.068 work_max_ms=3.943
[HOOK_TAIL_SUMMARY] label=mpi:recursive_doubling_zfp_online_coll:rate8 steps=391 tail_total_ms=3403.559 tail_mean_ms=8.705 tail_min_ms=5.959 tail_max_ms=9.260
[Epoch 12] Hook timing summary done

[Epoch 13] Training... (lr=0.000377)
  Batch [50/391] Loss: 0.5782, Acc: 79.50%
  Batch [100/391] Loss: 0.5382, Acc: 81.12%
  Batch [150/391] Loss: 0.5586, Acc: 80.50%
  Batch [200/391] Loss: 0.5614, Acc: 80.20%
  Batch [250/391] Loss: 0.5571, Acc: 80.34%
  Batch [300/391] Loss: 0.5605, Acc: 80.30%
  Batch [350/391] Loss: 0.5620, Acc: 80.32%
[Epoch 13] Train Loss: 0.5593, Acc: 80.40%  |  Val Loss: 0.4633, Acc: 84.96%  |  Time: 11.9s
  -> Best model saved (84.96%)
[Epoch 13] Summarizing hook timing...

[HOOK_TIMING_SUMMARY] epoch=13
[HOOK_WORK_SUMMARY] label=mpi:recursive_doubling_zfp_online_coll:rate8 calls=3128 work_total_ms=6576.783 work_mean_ms=2.103 work_min_ms=0.951 work_max_ms=3.609
[HOOK_TAIL_SUMMARY] label=mpi:recursive_doubling_zfp_online_coll:rate8 steps=391 tail_total_ms=3045.846 tail_mean_ms=7.790 tail_min_ms=5.585 tail_max_ms=10.208
[Epoch 13] Hook timing summary done

[Epoch 14] Training... (lr=0.000299)
  Batch [50/391] Loss: 0.5453, Acc: 80.88%
  Batch [100/391] Loss: 0.5648, Acc: 80.06%
  Batch [150/391] Loss: 0.5570, Acc: 80.42%
  Batch [200/391] Loss: 0.5561, Acc: 80.59%
  Batch [250/391] Loss: 0.5602, Acc: 80.59%
  Batch [300/391] Loss: 0.5622, Acc: 80.46%
  Batch [350/391] Loss: 0.5613, Acc: 80.54%
[Epoch 14] Train Loss: 0.5612, Acc: 80.54%  |  Val Loss: 0.4670, Acc: 84.28%  |  Time: 11.8s
[Epoch 14] Summarizing hook timing...

[HOOK_TIMING_SUMMARY] epoch=14
[HOOK_WORK_SUMMARY] label=mpi:recursive_doubling_zfp_online_coll:rate8 calls=3128 work_total_ms=6569.206 work_mean_ms=2.100 work_min_ms=1.033 work_max_ms=3.785
[HOOK_TAIL_SUMMARY] label=mpi:recursive_doubling_zfp_online_coll:rate8 steps=391 tail_total_ms=2917.508 tail_mean_ms=7.462 tail_min_ms=5.936 tail_max_ms=9.136
[Epoch 14] Hook timing summary done

[Epoch 15] Training... (lr=0.000227)
  Batch [50/391] Loss: 0.5325, Acc: 80.94%
  Batch [100/391] Loss: 0.5598, Acc: 80.34%
  Batch [150/391] Loss: 0.5437, Acc: 81.04%
  Batch [200/391] Loss: 0.5457, Acc: 80.81%
  Batch [250/391] Loss: 0.5395, Acc: 81.01%
  Batch [300/391] Loss: 0.5493, Acc: 80.73%
  Batch [350/391] Loss: 0.5413, Acc: 81.04%
[Epoch 15] Train Loss: 0.5413, Acc: 80.97%  |  Val Loss: 0.6854, Acc: 84.84%  |  Time: 12.0s
[Epoch 15] Summarizing hook timing...

[HOOK_TIMING_SUMMARY] epoch=15
[HOOK_WORK_SUMMARY] label=mpi:recursive_doubling_zfp_online_coll:rate8 calls=3128 work_total_ms=6548.939 work_mean_ms=2.094 work_min_ms=0.920 work_max_ms=23.664
[HOOK_TAIL_SUMMARY] label=mpi:recursive_doubling_zfp_online_coll:rate8 steps=391 tail_total_ms=2905.772 tail_mean_ms=7.432 tail_min_ms=6.361 tail_max_ms=28.881
[Epoch 15] Hook timing summary done

[Epoch 16] Training... (lr=0.000161)
  Batch [50/391] Loss: 0.5687, Acc: 80.31%
  Batch [100/391] Loss: 0.5618, Acc: 80.62%
  Batch [150/391] Loss: 0.5577, Acc: 80.62%
  Batch [200/391] Loss: 0.5545, Acc: 80.75%
  Batch [250/391] Loss: 0.5431, Acc: 81.06%
  Batch [300/391] Loss: 0.5459, Acc: 81.03%
  Batch [350/391] Loss: 0.5428, Acc: 81.05%
[Epoch 16] Train Loss: 0.5412, Acc: 81.10%  |  Val Loss: 0.6386, Acc: 84.72%  |  Time: 12.0s
[Epoch 16] Summarizing hook timing...

[HOOK_TIMING_SUMMARY] epoch=16
[HOOK_WORK_SUMMARY] label=mpi:recursive_doubling_zfp_online_coll:rate8 calls=3128 work_total_ms=6538.026 work_mean_ms=2.090 work_min_ms=0.910 work_max_ms=3.629
[HOOK_TAIL_SUMMARY] label=mpi:recursive_doubling_zfp_online_coll:rate8 steps=391 tail_total_ms=2726.456 tail_mean_ms=6.973 tail_min_ms=5.631 tail_max_ms=7.663
[Epoch 16] Hook timing summary done

[Epoch 17] Training... (lr=0.000105)
  Batch [50/391] Loss: 0.5468, Acc: 80.88%
  Batch [100/391] Loss: 0.5236, Acc: 81.94%
  Batch [150/391] Loss: 0.5384, Acc: 81.81%
  Batch [200/391] Loss: 0.5456, Acc: 81.31%
  Batch [250/391] Loss: 0.5444, Acc: 81.21%
  Batch [300/391] Loss: 0.5405, Acc: 81.45%
  Batch [350/391] Loss: 0.5368, Acc: 81.59%
[Epoch 17] Train Loss: 0.5413, Acc: 81.38%  |  Val Loss: 0.6616, Acc: 84.96%  |  Time: 12.0s
[Epoch 17] Summarizing hook timing...

[HOOK_TIMING_SUMMARY] epoch=17
[HOOK_WORK_SUMMARY] label=mpi:recursive_doubling_zfp_online_coll:rate8 calls=3128 work_total_ms=6588.311 work_mean_ms=2.106 work_min_ms=1.003 work_max_ms=21.343
[HOOK_TAIL_SUMMARY] label=mpi:recursive_doubling_zfp_online_coll:rate8 steps=391 tail_total_ms=2846.725 tail_mean_ms=7.281 tail_min_ms=6.737 tail_max_ms=26.659
[Epoch 17] Hook timing summary done

[Epoch 18] Training... (lr=0.000060)
  Batch [50/391] Loss: 0.5170, Acc: 82.06%
  Batch [100/391] Loss: 0.5251, Acc: 82.25%
  Batch [150/391] Loss: 0.5208, Acc: 81.90%
  Batch [200/391] Loss: 0.5207, Acc: 82.02%
  Batch [250/391] Loss: 0.5287, Acc: 81.66%
  Batch [300/391] Loss: 0.5274, Acc: 81.43%
  Batch [350/391] Loss: 0.5275, Acc: 81.42%
[Epoch 18] Train Loss: 0.5312, Acc: 81.23%  |  Val Loss: 0.5638, Acc: 84.40%  |  Time: 12.0s
[Epoch 18] Summarizing hook timing...

[HOOK_TIMING_SUMMARY] epoch=18
[HOOK_WORK_SUMMARY] label=mpi:recursive_doubling_zfp_online_coll:rate8 calls=3128 work_total_ms=6534.473 work_mean_ms=2.089 work_min_ms=0.948 work_max_ms=3.730
[HOOK_TAIL_SUMMARY] label=mpi:recursive_doubling_zfp_online_coll:rate8 steps=391 tail_total_ms=2943.003 tail_mean_ms=7.527 tail_min_ms=6.597 tail_max_ms=8.501
[Epoch 18] Hook timing summary done

[Epoch 19] Training... (lr=0.000027)
  Batch [50/391] Loss: 0.5135, Acc: 82.12%
  Batch [100/391] Loss: 0.5353, Acc: 81.19%
  Batch [150/391] Loss: 0.5378, Acc: 81.08%
  Batch [200/391] Loss: 0.5402, Acc: 81.25%
  Batch [250/391] Loss: 0.5432, Acc: 81.11%
  Batch [300/391] Loss: 0.5378, Acc: 81.31%
  Batch [350/391] Loss: 0.5352, Acc: 81.34%
[Epoch 19] Train Loss: 0.5366, Acc: 81.30%  |  Val Loss: 0.7376, Acc: 85.12%  |  Time: 12.0s
  -> Best model saved (85.12%)
[Epoch 19] Summarizing hook timing...

[HOOK_TIMING_SUMMARY] epoch=19
[HOOK_WORK_SUMMARY] label=mpi:recursive_doubling_zfp_online_coll:rate8 calls=3128 work_total_ms=6596.811 work_mean_ms=2.109 work_min_ms=0.935 work_max_ms=3.703
[HOOK_TAIL_SUMMARY] label=mpi:recursive_doubling_zfp_online_coll:rate8 steps=391 tail_total_ms=2951.281 tail_mean_ms=7.548 tail_min_ms=3.765 tail_max_ms=9.725
[Epoch 19] Hook timing summary done

[Epoch 20] Training... (lr=0.000007)
  Batch [50/391] Loss: 0.5122, Acc: 82.19%
  Batch [100/391] Loss: 0.5090, Acc: 81.50%
  Batch [150/391] Loss: 0.5127, Acc: 81.48%
  Batch [200/391] Loss: 0.5138, Acc: 81.52%
  Batch [250/391] Loss: 0.5158, Acc: 81.54%
  Batch [300/391] Loss: 0.5199, Acc: 81.43%
  Batch [350/391] Loss: 0.5292, Acc: 81.16%
[Epoch 20] Train Loss: 0.5260, Acc: 81.32%  |  Val Loss: 0.9615, Acc: 84.24%  |  Time: 12.0s
[Epoch 20] Summarizing hook timing...

[HOOK_TIMING_SUMMARY] epoch=20
[HOOK_WORK_SUMMARY] label=mpi:recursive_doubling_zfp_online_coll:rate8 calls=3128 work_total_ms=6560.712 work_mean_ms=2.097 work_min_ms=1.063 work_max_ms=3.591
[HOOK_TAIL_SUMMARY] label=mpi:recursive_doubling_zfp_online_coll:rate8 steps=391 tail_total_ms=2959.100 tail_mean_ms=7.568 tail_min_ms=5.506 tail_max_ms=8.373
[Epoch 20] Hook timing summary done

================================================================================
Done in 252.7s | Best val acc: 85.12%
Epoch times: mean=12.0s  min=11.8s  max=13.2s
================================================================================
=== Finished training: backend=mpi, hook=recursive_doubling_zfp_online_coll, zfp_rate=8, status=0 at Fri May 22 12:21:01 AM UTC 2026 ===
=== Job finished: Fri May 22 12:21:01 AM UTC 2026 ===
