
================================================================================
Distributed Training: WIDE_RESNET50_2 on CIFAR10
Backend: MPI, Algorithm: ring_zfp_online_coll
================================================================================
Ranks: 4, Epochs: 20, Batch/rank: 32, Effective batch: 128
LR: 0.001, Device: cuda:0

[Setup] Model on cuda:0, wrapped in DDP (static_graph=True)
[Setup] Hook registered: mpi/ring_zfp_online_coll
[Data] Train batches: 391, Val batches: 79


[Epoch 1] Training... (lr=0.000001)
  Batch [50/391] Loss: 2.3672, Acc: 11.06%
  Batch [100/391] Loss: 2.3658, Acc: 11.38%
  Batch [150/391] Loss: 2.3629, Acc: 11.12%
  Batch [200/391] Loss: 2.3624, Acc: 11.25%
  Batch [250/391] Loss: 2.3649, Acc: 10.72%
  Batch [300/391] Loss: 2.3649, Acc: 10.51%
  Batch [350/391] Loss: 2.3631, Acc: 10.50%
[Epoch 1] Train Loss: 2.3642, Acc: 10.42%  |  Val Loss: 211.2389, Acc: 10.32%  |  Time: 12.9s
  -> Best model saved (10.32%)
[Epoch 1] Summarizing hook timing...

[HOOK_TIMING_SUMMARY] epoch=1
[HOOK_WORK_SUMMARY] label=mpi:ring_zfp_online_coll:rate10 calls=3114 work_total_ms=6498.664 work_mean_ms=2.087 work_min_ms=1.250 work_max_ms=104.995
[HOOK_TAIL_SUMMARY] label=mpi:ring_zfp_online_coll:rate10 steps=392 tail_total_ms=2521.458 tail_mean_ms=6.432 tail_min_ms=4.177 tail_max_ms=134.023
[Epoch 1] Hook timing summary done

[Epoch 2] Training... (lr=0.001000)
  Batch [50/391] Loss: 2.2605, Acc: 16.88%
  Batch [100/391] Loss: 2.1690, Acc: 21.81%
  Batch [150/391] Loss: 2.0958, Acc: 25.60%
  Batch [200/391] Loss: 2.0108, Acc: 29.12%
  Batch [250/391] Loss: 1.9404, Acc: 31.89%
  Batch [300/391] Loss: 1.8774, Acc: 34.05%
  Batch [350/391] Loss: 1.8158, Acc: 36.42%
[Epoch 2] Train Loss: 1.7722, Acc: 37.98%  |  Val Loss: 1.8634, Acc: 57.20%  |  Time: 11.5s
  -> Best model saved (57.20%)
[Epoch 2] Summarizing hook timing...

[HOOK_TIMING_SUMMARY] epoch=2
[HOOK_WORK_SUMMARY] label=mpi:ring_zfp_online_coll:rate10 calls=3128 work_total_ms=6195.445 work_mean_ms=1.981 work_min_ms=1.269 work_max_ms=2.788
[HOOK_TAIL_SUMMARY] label=mpi:ring_zfp_online_coll:rate10 steps=391 tail_total_ms=2069.145 tail_mean_ms=5.292 tail_min_ms=3.380 tail_max_ms=6.419
[Epoch 2] Hook timing summary done

[Epoch 3] Training... (lr=0.000993)
  Batch [50/391] Loss: 1.3337, Acc: 54.50%
  Batch [100/391] Loss: 1.3079, Acc: 54.97%
  Batch [150/391] Loss: 1.2636, Acc: 56.56%
  Batch [200/391] Loss: 1.2373, Acc: 57.41%
  Batch [250/391] Loss: 1.2091, Acc: 58.50%
  Batch [300/391] Loss: 1.2000, Acc: 58.93%
  Batch [350/391] Loss: 1.1797, Acc: 59.69%
[Epoch 3] Train Loss: 1.1675, Acc: 60.12%  |  Val Loss: 0.9641, Acc: 68.72%  |  Time: 11.5s
  -> Best model saved (68.72%)
[Epoch 3] Summarizing hook timing...

[HOOK_TIMING_SUMMARY] epoch=3
[HOOK_WORK_SUMMARY] label=mpi:ring_zfp_online_coll:rate10 calls=3128 work_total_ms=6328.540 work_mean_ms=2.023 work_min_ms=1.262 work_max_ms=3.264
[HOOK_TAIL_SUMMARY] label=mpi:ring_zfp_online_coll:rate10 steps=391 tail_total_ms=2306.200 tail_mean_ms=5.898 tail_min_ms=3.903 tail_max_ms=6.916
[Epoch 3] Hook timing summary done

[Epoch 4] Training... (lr=0.000973)
  Batch [50/391] Loss: 1.0503, Acc: 63.44%
  Batch [100/391] Loss: 1.0398, Acc: 63.56%
  Batch [150/391] Loss: 1.0105, Acc: 64.85%
  Batch [200/391] Loss: 1.0107, Acc: 64.75%
  Batch [250/391] Loss: 1.0077, Acc: 64.74%
  Batch [300/391] Loss: 1.0008, Acc: 64.80%
  Batch [350/391] Loss: 0.9958, Acc: 65.18%
[Epoch 4] Train Loss: 0.9864, Acc: 65.44%  |  Val Loss: 0.8863, Acc: 74.24%  |  Time: 11.6s
  -> Best model saved (74.24%)
[Epoch 4] Summarizing hook timing...

[HOOK_TIMING_SUMMARY] epoch=4
[HOOK_WORK_SUMMARY] label=mpi:ring_zfp_online_coll:rate10 calls=3128 work_total_ms=6158.091 work_mean_ms=1.969 work_min_ms=1.248 work_max_ms=3.415
[HOOK_TAIL_SUMMARY] label=mpi:ring_zfp_online_coll:rate10 steps=391 tail_total_ms=2127.244 tail_mean_ms=5.441 tail_min_ms=3.364 tail_max_ms=7.526
[Epoch 4] Hook timing summary done

[Epoch 5] Training... (lr=0.000940)
  Batch [50/391] Loss: 0.8451, Acc: 71.12%
  Batch [100/391] Loss: 0.8463, Acc: 70.75%
  Batch [150/391] Loss: 0.8284, Acc: 71.06%
  Batch [200/391] Loss: 0.8181, Acc: 71.77%
  Batch [250/391] Loss: 0.8304, Acc: 71.34%
  Batch [300/391] Loss: 0.8263, Acc: 71.57%
  Batch [350/391] Loss: 0.8345, Acc: 71.41%
[Epoch 5] Train Loss: 0.8313, Acc: 71.50%  |  Val Loss: 0.7355, Acc: 76.88%  |  Time: 11.6s
  -> Best model saved (76.88%)
[Epoch 5] Summarizing hook timing...

[HOOK_TIMING_SUMMARY] epoch=5
[HOOK_WORK_SUMMARY] label=mpi:ring_zfp_online_coll:rate10 calls=3128 work_total_ms=6212.833 work_mean_ms=1.986 work_min_ms=1.252 work_max_ms=2.910
[HOOK_TAIL_SUMMARY] label=mpi:ring_zfp_online_coll:rate10 steps=391 tail_total_ms=2118.693 tail_mean_ms=5.419 tail_min_ms=4.040 tail_max_ms=7.354
[Epoch 5] Hook timing summary done

[Epoch 6] Training... (lr=0.000895)
  Batch [50/391] Loss: 0.7804, Acc: 72.44%
  Batch [100/391] Loss: 0.7766, Acc: 72.97%
  Batch [150/391] Loss: 0.7819, Acc: 72.81%
  Batch [200/391] Loss: 0.7684, Acc: 73.44%
  Batch [250/391] Loss: 0.7661, Acc: 73.61%
  Batch [300/391] Loss: 0.7633, Acc: 73.79%
  Batch [350/391] Loss: 0.7621, Acc: 73.79%
[Epoch 6] Train Loss: 0.7624, Acc: 73.84%  |  Val Loss: 1.0439, Acc: 78.68%  |  Time: 11.6s
  -> Best model saved (78.68%)
[Epoch 6] Summarizing hook timing...

[HOOK_TIMING_SUMMARY] epoch=6
[HOOK_WORK_SUMMARY] label=mpi:ring_zfp_online_coll:rate10 calls=3128 work_total_ms=6410.578 work_mean_ms=2.049 work_min_ms=1.247 work_max_ms=3.744
[HOOK_TAIL_SUMMARY] label=mpi:ring_zfp_online_coll:rate10 steps=391 tail_total_ms=2464.262 tail_mean_ms=6.302 tail_min_ms=3.200 tail_max_ms=7.742
[Epoch 6] Hook timing summary done

[Epoch 7] Training... (lr=0.000839)
  Batch [50/391] Loss: 0.7434, Acc: 75.12%
  Batch [100/391] Loss: 0.7245, Acc: 74.88%
  Batch [150/391] Loss: 0.7145, Acc: 75.44%
  Batch [200/391] Loss: 0.7046, Acc: 75.94%
  Batch [250/391] Loss: 0.7055, Acc: 75.89%
  Batch [300/391] Loss: 0.6935, Acc: 76.20%
  Batch [350/391] Loss: 0.6861, Acc: 76.44%
[Epoch 7] Train Loss: 0.6867, Acc: 76.50%  |  Val Loss: 1.4031, Acc: 81.04%  |  Time: 11.6s
  -> Best model saved (81.04%)
[Epoch 7] Summarizing hook timing...

[HOOK_TIMING_SUMMARY] epoch=7
[HOOK_WORK_SUMMARY] label=mpi:ring_zfp_online_coll:rate10 calls=3128 work_total_ms=6504.685 work_mean_ms=2.080 work_min_ms=1.259 work_max_ms=3.329
[HOOK_TAIL_SUMMARY] label=mpi:ring_zfp_online_coll:rate10 steps=391 tail_total_ms=2785.978 tail_mean_ms=7.125 tail_min_ms=4.387 tail_max_ms=7.711
[Epoch 7] Hook timing summary done

[Epoch 8] Training... (lr=0.000773)
  Batch [50/391] Loss: 0.6913, Acc: 75.56%
  Batch [100/391] Loss: 0.6772, Acc: 76.34%
  Batch [150/391] Loss: 0.7019, Acc: 75.52%
  Batch [200/391] Loss: 0.6814, Acc: 76.38%
  Batch [250/391] Loss: 0.6753, Acc: 76.39%
  Batch [300/391] Loss: 0.6698, Acc: 76.59%
  Batch [350/391] Loss: 0.6681, Acc: 76.74%
[Epoch 8] Train Loss: 0.6631, Acc: 76.93%  |  Val Loss: 1.0270, Acc: 81.64%  |  Time: 11.5s
  -> Best model saved (81.64%)
[Epoch 8] Summarizing hook timing...

[HOOK_TIMING_SUMMARY] epoch=8
[HOOK_WORK_SUMMARY] label=mpi:ring_zfp_online_coll:rate10 calls=3128 work_total_ms=6403.545 work_mean_ms=2.047 work_min_ms=1.259 work_max_ms=2.936
[HOOK_TAIL_SUMMARY] label=mpi:ring_zfp_online_coll:rate10 steps=391 tail_total_ms=2680.058 tail_mean_ms=6.854 tail_min_ms=3.838 tail_max_ms=7.442
[Epoch 8] Hook timing summary done

[Epoch 9] Training... (lr=0.000701)
  Batch [50/391] Loss: 0.6673, Acc: 77.50%
  Batch [100/391] Loss: 0.6478, Acc: 77.34%
  Batch [150/391] Loss: 0.6398, Acc: 77.50%
  Batch [200/391] Loss: 0.6409, Acc: 77.61%
  Batch [250/391] Loss: 0.6362, Acc: 78.06%
  Batch [300/391] Loss: 0.6337, Acc: 78.18%
  Batch [350/391] Loss: 0.6283, Acc: 78.51%
[Epoch 9] Train Loss: 0.6263, Acc: 78.56%  |  Val Loss: 1.3848, Acc: 81.64%  |  Time: 11.6s
[Epoch 9] Summarizing hook timing...

[HOOK_TIMING_SUMMARY] epoch=9
[HOOK_WORK_SUMMARY] label=mpi:ring_zfp_online_coll:rate10 calls=3128 work_total_ms=6445.509 work_mean_ms=2.061 work_min_ms=1.240 work_max_ms=6.513
[HOOK_TAIL_SUMMARY] label=mpi:ring_zfp_online_coll:rate10 steps=391 tail_total_ms=2717.251 tail_mean_ms=6.949 tail_min_ms=4.235 tail_max_ms=10.963
[Epoch 9] Hook timing summary done

[Epoch 10] Training... (lr=0.000623)
  Batch [50/391] Loss: 0.5893, Acc: 80.38%
  Batch [100/391] Loss: 0.6158, Acc: 79.34%
  Batch [150/391] Loss: 0.6160, Acc: 79.21%
  Batch [200/391] Loss: 0.6177, Acc: 79.20%
  Batch [250/391] Loss: 0.6156, Acc: 79.11%
  Batch [300/391] Loss: 0.6065, Acc: 79.34%
  Batch [350/391] Loss: 0.5977, Acc: 79.57%
[Epoch 10] Train Loss: 0.5948, Acc: 79.65%  |  Val Loss: 1.1954, Acc: 83.48%  |  Time: 11.6s
  -> Best model saved (83.48%)
[Epoch 10] Summarizing hook timing...

[HOOK_TIMING_SUMMARY] epoch=10
[HOOK_WORK_SUMMARY] label=mpi:ring_zfp_online_coll:rate10 calls=3128 work_total_ms=6239.197 work_mean_ms=1.995 work_min_ms=1.258 work_max_ms=28.362
[HOOK_TAIL_SUMMARY] label=mpi:ring_zfp_online_coll:rate10 steps=391 tail_total_ms=2098.966 tail_mean_ms=5.368 tail_min_ms=3.753 tail_max_ms=32.356
[Epoch 10] Hook timing summary done

[Epoch 11] Training... (lr=0.000541)
  Batch [50/391] Loss: 0.5546, Acc: 81.25%
  Batch [100/391] Loss: 0.5615, Acc: 81.41%
  Batch [150/391] Loss: 0.5703, Acc: 80.83%
  Batch [200/391] Loss: 0.5729, Acc: 80.58%
  Batch [250/391] Loss: 0.5739, Acc: 80.26%
  Batch [300/391] Loss: 0.5700, Acc: 80.38%
  Batch [350/391] Loss: 0.5653, Acc: 80.67%
[Epoch 11] Train Loss: 0.5637, Acc: 80.72%  |  Val Loss: 0.8383, Acc: 82.64%  |  Time: 11.6s
[Epoch 11] Summarizing hook timing...

[HOOK_TIMING_SUMMARY] epoch=11
[HOOK_WORK_SUMMARY] label=mpi:ring_zfp_online_coll:rate10 calls=3128 work_total_ms=6283.621 work_mean_ms=2.009 work_min_ms=1.262 work_max_ms=3.188
[HOOK_TAIL_SUMMARY] label=mpi:ring_zfp_online_coll:rate10 steps=391 tail_total_ms=2171.404 tail_mean_ms=5.553 tail_min_ms=3.934 tail_max_ms=7.135
[Epoch 11] Hook timing summary done

[Epoch 12] Training... (lr=0.000459)
  Batch [50/391] Loss: 0.5578, Acc: 80.50%
  Batch [100/391] Loss: 0.5646, Acc: 80.16%
  Batch [150/391] Loss: 0.5511, Acc: 80.81%
  Batch [200/391] Loss: 0.5548, Acc: 80.81%
  Batch [250/391] Loss: 0.5490, Acc: 81.11%
  Batch [300/391] Loss: 0.5412, Acc: 81.39%
  Batch [350/391] Loss: 0.5466, Acc: 81.24%
[Epoch 12] Train Loss: 0.5476, Acc: 81.14%  |  Val Loss: 1.5935, Acc: 83.28%  |  Time: 11.6s
[Epoch 12] Summarizing hook timing...

[HOOK_TIMING_SUMMARY] epoch=12
[HOOK_WORK_SUMMARY] label=mpi:ring_zfp_online_coll:rate10 calls=3128 work_total_ms=6192.834 work_mean_ms=1.980 work_min_ms=1.272 work_max_ms=28.208
[HOOK_TAIL_SUMMARY] label=mpi:ring_zfp_online_coll:rate10 steps=391 tail_total_ms=2000.691 tail_mean_ms=5.117 tail_min_ms=4.130 tail_max_ms=32.259
[Epoch 12] Hook timing summary done

[Epoch 13] Training... (lr=0.000377)
  Batch [50/391] Loss: 0.5230, Acc: 81.94%
  Batch [100/391] Loss: 0.4988, Acc: 83.06%
  Batch [150/391] Loss: 0.5169, Acc: 82.06%
  Batch [200/391] Loss: 0.5213, Acc: 81.78%
  Batch [250/391] Loss: 0.5170, Acc: 82.14%
  Batch [300/391] Loss: 0.5200, Acc: 82.07%
  Batch [350/391] Loss: 0.5215, Acc: 82.06%
[Epoch 13] Train Loss: 0.5183, Acc: 82.16%  |  Val Loss: 0.6125, Acc: 83.84%  |  Time: 11.6s
  -> Best model saved (83.84%)
[Epoch 13] Summarizing hook timing...

[HOOK_TIMING_SUMMARY] epoch=13
[HOOK_WORK_SUMMARY] label=mpi:ring_zfp_online_coll:rate10 calls=3128 work_total_ms=6278.075 work_mean_ms=2.007 work_min_ms=1.269 work_max_ms=15.571
[HOOK_TAIL_SUMMARY] label=mpi:ring_zfp_online_coll:rate10 steps=391 tail_total_ms=2093.334 tail_mean_ms=5.354 tail_min_ms=4.380 tail_max_ms=19.038
[Epoch 13] Hook timing summary done

[Epoch 14] Training... (lr=0.000299)
  Batch [50/391] Loss: 0.5217, Acc: 82.19%
  Batch [100/391] Loss: 0.5420, Acc: 81.34%
  Batch [150/391] Loss: 0.5296, Acc: 81.69%
  Batch [200/391] Loss: 0.5219, Acc: 82.03%
  Batch [250/391] Loss: 0.5242, Acc: 82.09%
  Batch [300/391] Loss: 0.5264, Acc: 81.83%
  Batch [350/391] Loss: 0.5246, Acc: 81.90%
[Epoch 14] Train Loss: 0.5245, Acc: 81.94%  |  Val Loss: 0.6405, Acc: 83.68%  |  Time: 11.6s
[Epoch 14] Summarizing hook timing...

[HOOK_TIMING_SUMMARY] epoch=14
[HOOK_WORK_SUMMARY] label=mpi:ring_zfp_online_coll:rate10 calls=3128 work_total_ms=6128.062 work_mean_ms=1.959 work_min_ms=1.258 work_max_ms=2.830
[HOOK_TAIL_SUMMARY] label=mpi:ring_zfp_online_coll:rate10 steps=391 tail_total_ms=2158.779 tail_mean_ms=5.521 tail_min_ms=3.935 tail_max_ms=6.158
[Epoch 14] Hook timing summary done

[Epoch 15] Training... (lr=0.000227)
  Batch [50/391] Loss: 0.5008, Acc: 82.19%
  Batch [100/391] Loss: 0.5264, Acc: 81.22%
  Batch [150/391] Loss: 0.5021, Acc: 82.31%
  Batch [200/391] Loss: 0.5023, Acc: 82.33%
  Batch [250/391] Loss: 0.4975, Acc: 82.49%
  Batch [300/391] Loss: 0.5062, Acc: 82.26%
  Batch [350/391] Loss: 0.5017, Acc: 82.46%
[Epoch 15] Train Loss: 0.5015, Acc: 82.44%  |  Val Loss: 0.6091, Acc: 83.92%  |  Time: 11.6s
  -> Best model saved (83.92%)
[Epoch 15] Summarizing hook timing...

[HOOK_TIMING_SUMMARY] epoch=15
[HOOK_WORK_SUMMARY] label=mpi:ring_zfp_online_coll:rate10 calls=3128 work_total_ms=6325.597 work_mean_ms=2.022 work_min_ms=1.239 work_max_ms=3.551
[HOOK_TAIL_SUMMARY] label=mpi:ring_zfp_online_coll:rate10 steps=391 tail_total_ms=2296.468 tail_mean_ms=5.873 tail_min_ms=3.972 tail_max_ms=7.647
[Epoch 15] Hook timing summary done

[Epoch 16] Training... (lr=0.000161)
  Batch [50/391] Loss: 0.5174, Acc: 82.00%
  Batch [100/391] Loss: 0.5056, Acc: 83.03%
  Batch [150/391] Loss: 0.5037, Acc: 83.06%
  Batch [200/391] Loss: 0.5057, Acc: 83.05%
  Batch [250/391] Loss: 0.4962, Acc: 83.42%
  Batch [300/391] Loss: 0.4971, Acc: 83.16%
  Batch [350/391] Loss: 0.4974, Acc: 83.12%
[Epoch 16] Train Loss: 0.4962, Acc: 83.10%  |  Val Loss: 0.8318, Acc: 83.68%  |  Time: 11.6s
[Epoch 16] Summarizing hook timing...

[HOOK_TIMING_SUMMARY] epoch=16
[HOOK_WORK_SUMMARY] label=mpi:ring_zfp_online_coll:rate10 calls=3128 work_total_ms=6144.300 work_mean_ms=1.964 work_min_ms=1.239 work_max_ms=2.757
[HOOK_TAIL_SUMMARY] label=mpi:ring_zfp_online_coll:rate10 steps=391 tail_total_ms=2044.354 tail_mean_ms=5.229 tail_min_ms=3.281 tail_max_ms=6.028
[Epoch 16] Hook timing summary done

[Epoch 17] Training... (lr=0.000105)
  Batch [50/391] Loss: 0.5027, Acc: 82.81%
  Batch [100/391] Loss: 0.4787, Acc: 83.62%
  Batch [150/391] Loss: 0.4937, Acc: 83.44%
  Batch [200/391] Loss: 0.5010, Acc: 83.02%
  Batch [250/391] Loss: 0.4977, Acc: 83.16%
  Batch [300/391] Loss: 0.5013, Acc: 83.02%
  Batch [350/391] Loss: 0.4974, Acc: 83.05%
[Epoch 17] Train Loss: 0.5023, Acc: 82.80%  |  Val Loss: 1.0721, Acc: 84.16%  |  Time: 11.6s
  -> Best model saved (84.16%)
[Epoch 17] Summarizing hook timing...

[HOOK_TIMING_SUMMARY] epoch=17
[HOOK_WORK_SUMMARY] label=mpi:ring_zfp_online_coll:rate10 calls=3128 work_total_ms=6083.054 work_mean_ms=1.945 work_min_ms=1.255 work_max_ms=21.985
[HOOK_TAIL_SUMMARY] label=mpi:ring_zfp_online_coll:rate10 steps=391 tail_total_ms=2039.414 tail_mean_ms=5.216 tail_min_ms=4.495 tail_max_ms=25.788
[Epoch 17] Hook timing summary done

[Epoch 18] Training... (lr=0.000060)
  Batch [50/391] Loss: 0.5095, Acc: 83.06%
  Batch [100/391] Loss: 0.5037, Acc: 82.78%
  Batch [150/391] Loss: 0.5004, Acc: 82.88%
  Batch [200/391] Loss: 0.4971, Acc: 83.19%
  Batch [250/391] Loss: 0.5018, Acc: 82.81%
  Batch [300/391] Loss: 0.4955, Acc: 82.83%
  Batch [350/391] Loss: 0.4957, Acc: 82.79%
[Epoch 18] Train Loss: 0.4989, Acc: 82.63%  |  Val Loss: 1.0404, Acc: 83.72%  |  Time: 11.6s
[Epoch 18] Summarizing hook timing...

[HOOK_TIMING_SUMMARY] epoch=18
[HOOK_WORK_SUMMARY] label=mpi:ring_zfp_online_coll:rate10 calls=3128 work_total_ms=6059.737 work_mean_ms=1.937 work_min_ms=1.251 work_max_ms=2.793
[HOOK_TAIL_SUMMARY] label=mpi:ring_zfp_online_coll:rate10 steps=391 tail_total_ms=2031.181 tail_mean_ms=5.195 tail_min_ms=3.571 tail_max_ms=6.057
[Epoch 18] Hook timing summary done

[Epoch 19] Training... (lr=0.000027)
  Batch [50/391] Loss: 0.4898, Acc: 83.44%
  Batch [100/391] Loss: 0.5124, Acc: 82.44%
  Batch [150/391] Loss: 0.5108, Acc: 82.23%
  Batch [200/391] Loss: 0.5136, Acc: 82.23%
  Batch [250/391] Loss: 0.5189, Acc: 82.03%
  Batch [300/391] Loss: 0.5115, Acc: 82.15%
  Batch [350/391] Loss: 0.5063, Acc: 82.24%
[Epoch 19] Train Loss: 0.5070, Acc: 82.31%  |  Val Loss: 0.9994, Acc: 83.56%  |  Time: 11.6s
[Epoch 19] Summarizing hook timing...

[HOOK_TIMING_SUMMARY] epoch=19
[HOOK_WORK_SUMMARY] label=mpi:ring_zfp_online_coll:rate10 calls=3128 work_total_ms=6281.171 work_mean_ms=2.008 work_min_ms=1.246 work_max_ms=3.246
[HOOK_TAIL_SUMMARY] label=mpi:ring_zfp_online_coll:rate10 steps=391 tail_total_ms=2197.228 tail_mean_ms=5.620 tail_min_ms=3.988 tail_max_ms=6.833
[Epoch 19] Hook timing summary done

[Epoch 20] Training... (lr=0.000007)
  Batch [50/391] Loss: 0.4867, Acc: 83.06%
  Batch [100/391] Loss: 0.4703, Acc: 83.44%
  Batch [150/391] Loss: 0.4727, Acc: 83.62%
  Batch [200/391] Loss: 0.4686, Acc: 83.91%
  Batch [250/391] Loss: 0.4740, Acc: 83.66%
  Batch [300/391] Loss: 0.4795, Acc: 83.57%
  Batch [350/391] Loss: 0.4890, Acc: 83.25%
[Epoch 20] Train Loss: 0.4865, Acc: 83.34%  |  Val Loss: 0.8759, Acc: 83.52%  |  Time: 11.6s
[Epoch 20] Summarizing hook timing...

[HOOK_TIMING_SUMMARY] epoch=20
[HOOK_WORK_SUMMARY] label=mpi:ring_zfp_online_coll:rate10 calls=3128 work_total_ms=6227.323 work_mean_ms=1.991 work_min_ms=1.247 work_max_ms=10.225
[HOOK_TAIL_SUMMARY] label=mpi:ring_zfp_online_coll:rate10 steps=391 tail_total_ms=2196.970 tail_mean_ms=5.619 tail_min_ms=4.322 tail_max_ms=13.269
[Epoch 20] Hook timing summary done

================================================================================
Done in 243.4s | Best val acc: 84.16%
Epoch times: mean=11.6s  min=11.5s  max=12.9s
================================================================================
