
================================================================================
Distributed Training: WIDE_RESNET50_2 on CIFAR10
Backend: MPI, Algorithm: recursive_doubling
================================================================================
Ranks: 4, Epochs: 20, Batch/rank: 32, Effective batch: 128
LR: 0.001, Device: cuda:0

[Setup] Model on cuda:0, wrapped in DDP (static_graph=True)
[Setup] Hook registered: mpi/recursive_doubling
[Data] Train batches: 391, Val batches: 79


[Epoch 1] Training... (lr=0.000001)
  Batch [50/391] Loss: 2.3671, Acc: 10.94%
  Batch [100/391] Loss: 2.3657, Acc: 11.25%
  Batch [150/391] Loss: 2.3630, Acc: 11.06%
  Batch [200/391] Loss: 2.3626, Acc: 11.22%
  Batch [250/391] Loss: 2.3649, Acc: 10.76%
  Batch [300/391] Loss: 2.3649, Acc: 10.49%
  Batch [350/391] Loss: 2.3630, Acc: 10.46%
[Epoch 1] Train Loss: 2.3642, Acc: 10.41%  |  Val Loss: 219.9745, Acc: 10.36%  |  Time: 11.4s
  -> Best model saved (10.36%)
[Epoch 1] Summarizing hook timing...

[HOOK_TIMING_SUMMARY] epoch=1
[HOOK_WORK_SUMMARY] label=mpi:recursive_doubling calls=3114 work_total_ms=5014.597 work_mean_ms=1.610 work_min_ms=0.747 work_max_ms=31.898
[HOOK_TAIL_SUMMARY] label=mpi:recursive_doubling steps=392 tail_total_ms=1364.397 tail_mean_ms=3.481 tail_min_ms=1.534 tail_max_ms=33.099
[Epoch 1] Hook timing summary done

[Epoch 2] Training... (lr=0.001000)
  Batch [50/391] Loss: 2.2584, Acc: 16.88%
  Batch [100/391] Loss: 2.1542, Acc: 22.50%
  Batch [150/391] Loss: 2.0696, Acc: 26.12%
  Batch [200/391] Loss: 1.9764, Acc: 29.98%
  Batch [250/391] Loss: 1.8921, Acc: 32.94%
  Batch [300/391] Loss: 1.8294, Acc: 35.39%
  Batch [350/391] Loss: 1.7701, Acc: 37.57%
[Epoch 2] Train Loss: 1.7238, Acc: 39.21%  |  Val Loss: 1.8135, Acc: 55.96%  |  Time: 10.3s
  -> Best model saved (55.96%)
[Epoch 2] Summarizing hook timing...

[HOOK_TIMING_SUMMARY] epoch=2
[HOOK_WORK_SUMMARY] label=mpi:recursive_doubling calls=3128 work_total_ms=5154.614 work_mean_ms=1.648 work_min_ms=0.749 work_max_ms=2.881
[HOOK_TAIL_SUMMARY] label=mpi:recursive_doubling steps=391 tail_total_ms=1518.462 tail_mean_ms=3.884 tail_min_ms=2.206 tail_max_ms=4.567
[Epoch 2] Hook timing summary done

[Epoch 3] Training... (lr=0.000993)
  Batch [50/391] Loss: 1.3129, Acc: 54.31%
  Batch [100/391] Loss: 1.2742, Acc: 55.38%
  Batch [150/391] Loss: 1.2319, Acc: 56.83%
  Batch [200/391] Loss: 1.2078, Acc: 57.91%
  Batch [250/391] Loss: 1.1842, Acc: 59.15%
  Batch [300/391] Loss: 1.1733, Acc: 59.53%
  Batch [350/391] Loss: 1.1517, Acc: 60.31%
[Epoch 3] Train Loss: 1.1413, Acc: 60.55%  |  Val Loss: 1.3677, Acc: 66.92%  |  Time: 10.3s
  -> Best model saved (66.92%)
[Epoch 3] Summarizing hook timing...

[HOOK_TIMING_SUMMARY] epoch=3
[HOOK_WORK_SUMMARY] label=mpi:recursive_doubling calls=3128 work_total_ms=5047.908 work_mean_ms=1.614 work_min_ms=0.747 work_max_ms=2.770
[HOOK_TAIL_SUMMARY] label=mpi:recursive_doubling steps=391 tail_total_ms=1294.275 tail_mean_ms=3.310 tail_min_ms=2.683 tail_max_ms=3.996
[Epoch 3] Hook timing summary done

[Epoch 4] Training... (lr=0.000973)
  Batch [50/391] Loss: 0.9989, Acc: 65.88%
  Batch [100/391] Loss: 0.9966, Acc: 65.31%
  Batch [150/391] Loss: 0.9783, Acc: 66.12%
  Batch [200/391] Loss: 0.9692, Acc: 66.48%
  Batch [250/391] Loss: 0.9681, Acc: 66.44%
  Batch [300/391] Loss: 0.9633, Acc: 66.65%
  Batch [350/391] Loss: 0.9588, Acc: 66.96%
[Epoch 4] Train Loss: 0.9509, Acc: 67.14%  |  Val Loss: 1.4032, Acc: 71.16%  |  Time: 10.1s
  -> Best model saved (71.16%)
[Epoch 4] Summarizing hook timing...

[HOOK_TIMING_SUMMARY] epoch=4
[HOOK_WORK_SUMMARY] label=mpi:recursive_doubling calls=3128 work_total_ms=4990.150 work_mean_ms=1.595 work_min_ms=0.747 work_max_ms=2.763
[HOOK_TAIL_SUMMARY] label=mpi:recursive_doubling steps=391 tail_total_ms=1332.292 tail_mean_ms=3.407 tail_min_ms=2.659 tail_max_ms=4.086
[Epoch 4] Hook timing summary done

[Epoch 5] Training... (lr=0.000940)
  Batch [50/391] Loss: 0.8804, Acc: 69.69%
  Batch [100/391] Loss: 0.8732, Acc: 70.25%
  Batch [150/391] Loss: 0.8513, Acc: 70.48%
  Batch [200/391] Loss: 0.8281, Acc: 71.33%
  Batch [250/391] Loss: 0.8438, Acc: 70.59%
  Batch [300/391] Loss: 0.8389, Acc: 70.81%
  Batch [350/391] Loss: 0.8397, Acc: 70.87%
[Epoch 5] Train Loss: 0.8343, Acc: 71.12%  |  Val Loss: 1.3735, Acc: 74.40%  |  Time: 10.3s
  -> Best model saved (74.40%)
[Epoch 5] Summarizing hook timing...

[HOOK_TIMING_SUMMARY] epoch=5
[HOOK_WORK_SUMMARY] label=mpi:recursive_doubling calls=3128 work_total_ms=5015.924 work_mean_ms=1.604 work_min_ms=0.743 work_max_ms=2.921
[HOOK_TAIL_SUMMARY] label=mpi:recursive_doubling steps=391 tail_total_ms=1479.961 tail_mean_ms=3.785 tail_min_ms=1.629 tail_max_ms=4.526
[Epoch 5] Hook timing summary done

[Epoch 6] Training... (lr=0.000895)
  Batch [50/391] Loss: 0.7620, Acc: 73.56%
  Batch [100/391] Loss: 0.7700, Acc: 73.00%
  Batch [150/391] Loss: 0.7812, Acc: 72.46%
  Batch [200/391] Loss: 0.7735, Acc: 73.03%
  Batch [250/391] Loss: 0.7706, Acc: 73.16%
  Batch [300/391] Loss: 0.7702, Acc: 73.26%
  Batch [350/391] Loss: 0.7694, Acc: 73.25%
[Epoch 6] Train Loss: 0.7677, Acc: 73.29%  |  Val Loss: 1.3759, Acc: 76.88%  |  Time: 10.2s
  -> Best model saved (76.88%)
[Epoch 6] Summarizing hook timing...

[HOOK_TIMING_SUMMARY] epoch=6
[HOOK_WORK_SUMMARY] label=mpi:recursive_doubling calls=3128 work_total_ms=5167.262 work_mean_ms=1.652 work_min_ms=0.748 work_max_ms=2.823
[HOOK_TAIL_SUMMARY] label=mpi:recursive_doubling steps=391 tail_total_ms=1548.141 tail_mean_ms=3.959 tail_min_ms=2.764 tail_max_ms=5.237
[Epoch 6] Hook timing summary done

[Epoch 7] Training... (lr=0.000839)
  Batch [50/391] Loss: 0.7783, Acc: 73.44%
  Batch [100/391] Loss: 0.7743, Acc: 73.09%
  Batch [150/391] Loss: 0.7549, Acc: 73.88%
  Batch [200/391] Loss: 0.7360, Acc: 74.50%
  Batch [250/391] Loss: 0.7280, Acc: 74.51%
  Batch [300/391] Loss: 0.7140, Acc: 75.05%
  Batch [350/391] Loss: 0.7098, Acc: 75.26%
[Epoch 7] Train Loss: 0.7138, Acc: 75.22%  |  Val Loss: 2.0319, Acc: 76.96%  |  Time: 10.2s
  -> Best model saved (76.96%)
[Epoch 7] Summarizing hook timing...

[HOOK_TIMING_SUMMARY] epoch=7
[HOOK_WORK_SUMMARY] label=mpi:recursive_doubling calls=3128 work_total_ms=5121.580 work_mean_ms=1.637 work_min_ms=0.751 work_max_ms=5.833
[HOOK_TAIL_SUMMARY] label=mpi:recursive_doubling steps=391 tail_total_ms=1478.442 tail_mean_ms=3.781 tail_min_ms=1.871 tail_max_ms=8.768
[Epoch 7] Hook timing summary done

[Epoch 8] Training... (lr=0.000773)
  Batch [50/391] Loss: 0.7180, Acc: 76.00%
  Batch [100/391] Loss: 0.6930, Acc: 77.03%
  Batch [150/391] Loss: 0.7295, Acc: 75.48%
  Batch [200/391] Loss: 0.7057, Acc: 76.25%
  Batch [250/391] Loss: 0.7045, Acc: 76.09%
  Batch [300/391] Loss: 0.7009, Acc: 76.15%
  Batch [350/391] Loss: 0.6988, Acc: 76.14%
[Epoch 8] Train Loss: 0.6943, Acc: 76.40%  |  Val Loss: 1.5681, Acc: 78.56%  |  Time: 10.3s
  -> Best model saved (78.56%)
[Epoch 8] Summarizing hook timing...

[HOOK_TIMING_SUMMARY] epoch=8
[HOOK_WORK_SUMMARY] label=mpi:recursive_doubling calls=3128 work_total_ms=5069.658 work_mean_ms=1.621 work_min_ms=0.745 work_max_ms=2.801
[HOOK_TAIL_SUMMARY] label=mpi:recursive_doubling steps=391 tail_total_ms=1349.614 tail_mean_ms=3.452 tail_min_ms=1.671 tail_max_ms=5.068
[Epoch 8] Hook timing summary done

[Epoch 9] Training... (lr=0.000701)
  Batch [50/391] Loss: 0.6913, Acc: 76.81%
  Batch [100/391] Loss: 0.6705, Acc: 77.41%
  Batch [150/391] Loss: 0.6643, Acc: 77.35%
  Batch [200/391] Loss: 0.6637, Acc: 77.16%
  Batch [250/391] Loss: 0.6603, Acc: 77.29%
  Batch [300/391] Loss: 0.6586, Acc: 77.26%
  Batch [350/391] Loss: 0.6560, Acc: 77.57%
[Epoch 9] Train Loss: 0.6544, Acc: 77.54%  |  Val Loss: 1.6961, Acc: 78.60%  |  Time: 10.3s
  -> Best model saved (78.60%)
[Epoch 9] Summarizing hook timing...

[HOOK_TIMING_SUMMARY] epoch=9
[HOOK_WORK_SUMMARY] label=mpi:recursive_doubling calls=3128 work_total_ms=5214.623 work_mean_ms=1.667 work_min_ms=0.745 work_max_ms=2.801
[HOOK_TAIL_SUMMARY] label=mpi:recursive_doubling steps=391 tail_total_ms=1579.304 tail_mean_ms=4.039 tail_min_ms=2.297 tail_max_ms=4.537
[Epoch 9] Hook timing summary done

[Epoch 10] Training... (lr=0.000623)
  Batch [50/391] Loss: 0.5918, Acc: 81.00%
  Batch [100/391] Loss: 0.6205, Acc: 79.53%
  Batch [150/391] Loss: 0.6280, Acc: 79.10%
  Batch [200/391] Loss: 0.6327, Acc: 78.97%
  Batch [250/391] Loss: 0.6352, Acc: 78.69%
  Batch [300/391] Loss: 0.6257, Acc: 79.09%
  Batch [350/391] Loss: 0.6196, Acc: 79.38%
[Epoch 10] Train Loss: 0.6166, Acc: 79.51%  |  Val Loss: 2.6035, Acc: 78.20%  |  Time: 10.2s
[Epoch 10] Summarizing hook timing...

[HOOK_TIMING_SUMMARY] epoch=10
[HOOK_WORK_SUMMARY] label=mpi:recursive_doubling calls=3128 work_total_ms=5187.910 work_mean_ms=1.659 work_min_ms=0.747 work_max_ms=2.820
[HOOK_TAIL_SUMMARY] label=mpi:recursive_doubling steps=391 tail_total_ms=1571.994 tail_mean_ms=4.020 tail_min_ms=2.384 tail_max_ms=4.451
[Epoch 10] Hook timing summary done

[Epoch 11] Training... (lr=0.000541)
  Batch [50/391] Loss: 0.5696, Acc: 81.06%
  Batch [100/391] Loss: 0.5860, Acc: 80.44%
  Batch [150/391] Loss: 0.5992, Acc: 80.21%
  Batch [200/391] Loss: 0.6045, Acc: 79.95%
  Batch [250/391] Loss: 0.5996, Acc: 80.11%
  Batch [300/391] Loss: 0.5926, Acc: 80.27%
  Batch [350/391] Loss: 0.5891, Acc: 80.39%
[Epoch 11] Train Loss: 0.5867, Acc: 80.57%  |  Val Loss: 1.2121, Acc: 81.00%  |  Time: 10.3s
  -> Best model saved (81.00%)
[Epoch 11] Summarizing hook timing...

[HOOK_TIMING_SUMMARY] epoch=11
[HOOK_WORK_SUMMARY] label=mpi:recursive_doubling calls=3128 work_total_ms=5261.941 work_mean_ms=1.682 work_min_ms=0.745 work_max_ms=14.913
[HOOK_TAIL_SUMMARY] label=mpi:recursive_doubling steps=391 tail_total_ms=1605.450 tail_mean_ms=4.106 tail_min_ms=2.981 tail_max_ms=16.715
[Epoch 11] Hook timing summary done

[Epoch 12] Training... (lr=0.000459)
  Batch [50/391] Loss: 0.5872, Acc: 79.81%
  Batch [100/391] Loss: 0.5745, Acc: 80.28%
  Batch [150/391] Loss: 0.5725, Acc: 80.65%
  Batch [200/391] Loss: 0.5754, Acc: 80.70%
  Batch [250/391] Loss: 0.5685, Acc: 80.78%
  Batch [300/391] Loss: 0.5638, Acc: 80.97%
  Batch [350/391] Loss: 0.5685, Acc: 80.90%
[Epoch 12] Train Loss: 0.5674, Acc: 80.89%  |  Val Loss: 1.2833, Acc: 80.76%  |  Time: 10.2s
[Epoch 12] Summarizing hook timing...

[HOOK_TIMING_SUMMARY] epoch=12
[HOOK_WORK_SUMMARY] label=mpi:recursive_doubling calls=3128 work_total_ms=5106.632 work_mean_ms=1.633 work_min_ms=0.747 work_max_ms=2.829
[HOOK_TAIL_SUMMARY] label=mpi:recursive_doubling steps=391 tail_total_ms=1448.628 tail_mean_ms=3.705 tail_min_ms=2.719 tail_max_ms=4.763
[Epoch 12] Hook timing summary done

[Epoch 13] Training... (lr=0.000377)
  Batch [50/391] Loss: 0.5634, Acc: 80.38%
  Batch [100/391] Loss: 0.5308, Acc: 81.31%
  Batch [150/391] Loss: 0.5501, Acc: 80.83%
  Batch [200/391] Loss: 0.5445, Acc: 81.11%
  Batch [250/391] Loss: 0.5403, Acc: 81.39%
  Batch [300/391] Loss: 0.5430, Acc: 81.46%
  Batch [350/391] Loss: 0.5445, Acc: 81.52%
[Epoch 13] Train Loss: 0.5414, Acc: 81.61%  |  Val Loss: 1.9814, Acc: 81.40%  |  Time: 10.3s
  -> Best model saved (81.40%)
[Epoch 13] Summarizing hook timing...

[HOOK_TIMING_SUMMARY] epoch=13
[HOOK_WORK_SUMMARY] label=mpi:recursive_doubling calls=3128 work_total_ms=5204.772 work_mean_ms=1.664 work_min_ms=0.748 work_max_ms=15.596
[HOOK_TAIL_SUMMARY] label=mpi:recursive_doubling steps=391 tail_total_ms=1589.659 tail_mean_ms=4.066 tail_min_ms=2.704 tail_max_ms=17.279
[Epoch 13] Hook timing summary done

[Epoch 14] Training... (lr=0.000299)
  Batch [50/391] Loss: 0.5386, Acc: 81.50%
  Batch [100/391] Loss: 0.5455, Acc: 81.16%
  Batch [150/391] Loss: 0.5409, Acc: 81.50%
  Batch [200/391] Loss: 0.5358, Acc: 81.56%
  Batch [250/391] Loss: 0.5369, Acc: 81.59%
  Batch [300/391] Loss: 0.5420, Acc: 81.52%
  Batch [350/391] Loss: 0.5417, Acc: 81.47%
[Epoch 14] Train Loss: 0.5427, Acc: 81.41%  |  Val Loss: 2.3333, Acc: 81.72%  |  Time: 10.3s
  -> Best model saved (81.72%)
[Epoch 14] Summarizing hook timing...

[HOOK_TIMING_SUMMARY] epoch=14
[HOOK_WORK_SUMMARY] label=mpi:recursive_doubling calls=3128 work_total_ms=5176.608 work_mean_ms=1.655 work_min_ms=0.746 work_max_ms=2.823
[HOOK_TAIL_SUMMARY] label=mpi:recursive_doubling steps=391 tail_total_ms=1579.565 tail_mean_ms=4.040 tail_min_ms=2.760 tail_max_ms=5.518
[Epoch 14] Hook timing summary done

[Epoch 15] Training... (lr=0.000227)
  Batch [50/391] Loss: 0.5547, Acc: 81.62%
  Batch [100/391] Loss: 0.5748, Acc: 80.56%
  Batch [150/391] Loss: 0.5510, Acc: 81.54%
  Batch [200/391] Loss: 0.5390, Acc: 81.72%
  Batch [250/391] Loss: 0.5323, Acc: 81.67%
  Batch [300/391] Loss: 0.5377, Acc: 81.55%
  Batch [350/391] Loss: 0.5326, Acc: 81.73%
[Epoch 15] Train Loss: 0.5310, Acc: 81.74%  |  Val Loss: 1.9233, Acc: 82.56%  |  Time: 10.0s
  -> Best model saved (82.56%)
[Epoch 15] Summarizing hook timing...

[HOOK_TIMING_SUMMARY] epoch=15
[HOOK_WORK_SUMMARY] label=mpi:recursive_doubling calls=3128 work_total_ms=5010.096 work_mean_ms=1.602 work_min_ms=0.749 work_max_ms=2.778
[HOOK_TAIL_SUMMARY] label=mpi:recursive_doubling steps=391 tail_total_ms=1344.150 tail_mean_ms=3.438 tail_min_ms=2.219 tail_max_ms=4.451
[Epoch 15] Hook timing summary done

[Epoch 16] Training... (lr=0.000161)
  Batch [50/391] Loss: 0.5248, Acc: 81.69%
  Batch [100/391] Loss: 0.5249, Acc: 81.84%
  Batch [150/391] Loss: 0.5276, Acc: 81.90%
  Batch [200/391] Loss: 0.5284, Acc: 81.92%
  Batch [250/391] Loss: 0.5166, Acc: 82.16%
  Batch [300/391] Loss: 0.5179, Acc: 82.25%
  Batch [350/391] Loss: 0.5171, Acc: 82.27%
[Epoch 16] Train Loss: 0.5159, Acc: 82.33%  |  Val Loss: 5.3736, Acc: 79.28%  |  Time: 10.3s
[Epoch 16] Summarizing hook timing...

[HOOK_TIMING_SUMMARY] epoch=16
[HOOK_WORK_SUMMARY] label=mpi:recursive_doubling calls=3128 work_total_ms=5130.378 work_mean_ms=1.640 work_min_ms=0.733 work_max_ms=2.883
[HOOK_TAIL_SUMMARY] label=mpi:recursive_doubling steps=391 tail_total_ms=1432.108 tail_mean_ms=3.663 tail_min_ms=2.154 tail_max_ms=4.556
[Epoch 16] Hook timing summary done

[Epoch 17] Training... (lr=0.000105)
  Batch [50/391] Loss: 0.5178, Acc: 81.88%
  Batch [100/391] Loss: 0.4925, Acc: 83.16%
  Batch [150/391] Loss: 0.5095, Acc: 82.46%
  Batch [200/391] Loss: 0.5205, Acc: 82.19%
  Batch [250/391] Loss: 0.5205, Acc: 82.35%
  Batch [300/391] Loss: 0.5203, Acc: 82.26%
  Batch [350/391] Loss: 0.5186, Acc: 82.28%
[Epoch 17] Train Loss: 0.5233, Acc: 82.05%  |  Val Loss: 1.4341, Acc: 82.56%  |  Time: 10.2s
[Epoch 17] Summarizing hook timing...

[HOOK_TIMING_SUMMARY] epoch=17
[HOOK_WORK_SUMMARY] label=mpi:recursive_doubling calls=3128 work_total_ms=5073.375 work_mean_ms=1.622 work_min_ms=0.745 work_max_ms=5.458
[HOOK_TAIL_SUMMARY] label=mpi:recursive_doubling steps=391 tail_total_ms=1477.677 tail_mean_ms=3.779 tail_min_ms=3.227 tail_max_ms=6.584
[Epoch 17] Hook timing summary done

[Epoch 18] Training... (lr=0.000060)
  Batch [50/391] Loss: 0.5090, Acc: 83.06%
  Batch [100/391] Loss: 0.5068, Acc: 83.03%
  Batch [150/391] Loss: 0.5066, Acc: 83.10%
  Batch [200/391] Loss: 0.5036, Acc: 83.16%
  Batch [250/391] Loss: 0.5120, Acc: 82.71%
  Batch [300/391] Loss: 0.5106, Acc: 82.68%
  Batch [350/391] Loss: 0.5084, Acc: 82.68%
[Epoch 18] Train Loss: 0.5131, Acc: 82.47%  |  Val Loss: 1.7834, Acc: 82.16%  |  Time: 10.3s
[Epoch 18] Summarizing hook timing...

[HOOK_TIMING_SUMMARY] epoch=18
[HOOK_WORK_SUMMARY] label=mpi:recursive_doubling calls=3128 work_total_ms=5170.696 work_mean_ms=1.653 work_min_ms=0.744 work_max_ms=7.952
[HOOK_TAIL_SUMMARY] label=mpi:recursive_doubling steps=391 tail_total_ms=1689.806 tail_mean_ms=4.322 tail_min_ms=2.625 tail_max_ms=9.619
[Epoch 18] Hook timing summary done

[Epoch 19] Training... (lr=0.000027)
  Batch [50/391] Loss: 0.5064, Acc: 83.12%
  Batch [100/391] Loss: 0.5253, Acc: 82.34%
  Batch [150/391] Loss: 0.5273, Acc: 82.21%
  Batch [200/391] Loss: 0.5244, Acc: 82.05%
  Batch [250/391] Loss: 0.5295, Acc: 81.83%
  Batch [300/391] Loss: 0.5197, Acc: 82.31%
  Batch [350/391] Loss: 0.5154, Acc: 82.28%
[Epoch 19] Train Loss: 0.5155, Acc: 82.38%  |  Val Loss: 2.4844, Acc: 81.76%  |  Time: 10.2s
[Epoch 19] Summarizing hook timing...

[HOOK_TIMING_SUMMARY] epoch=19
[HOOK_WORK_SUMMARY] label=mpi:recursive_doubling calls=3128 work_total_ms=5002.119 work_mean_ms=1.599 work_min_ms=0.749 work_max_ms=6.333
[HOOK_TAIL_SUMMARY] label=mpi:recursive_doubling steps=391 tail_total_ms=1245.887 tail_mean_ms=3.186 tail_min_ms=2.395 tail_max_ms=7.429
[Epoch 19] Hook timing summary done

[Epoch 20] Training... (lr=0.000007)
  Batch [50/391] Loss: 0.4888, Acc: 83.06%
  Batch [100/391] Loss: 0.4812, Acc: 83.41%
  Batch [150/391] Loss: 0.4799, Acc: 83.71%
  Batch [200/391] Loss: 0.4800, Acc: 83.66%
  Batch [250/391] Loss: 0.4860, Acc: 83.53%
  Batch [300/391] Loss: 0.4924, Acc: 83.30%
  Batch [350/391] Loss: 0.5018, Acc: 82.93%
[Epoch 20] Train Loss: 0.4996, Acc: 82.98%  |  Val Loss: 2.3711, Acc: 81.20%  |  Time: 10.1s
[Epoch 20] Summarizing hook timing...

[HOOK_TIMING_SUMMARY] epoch=20
[HOOK_WORK_SUMMARY] label=mpi:recursive_doubling calls=3128 work_total_ms=5109.332 work_mean_ms=1.633 work_min_ms=0.749 work_max_ms=5.339
[HOOK_TAIL_SUMMARY] label=mpi:recursive_doubling steps=391 tail_total_ms=1466.646 tail_mean_ms=3.751 tail_min_ms=2.753 tail_max_ms=6.687
[Epoch 20] Hook timing summary done

================================================================================
Done in 217.2s | Best val acc: 82.56%
Epoch times: mean=10.3s  min=10.0s  max=11.4s
================================================================================
