
================================================================================
Distributed Training: WIDE_RESNET50_2 on CIFAR10
Backend: MPI, Algorithm: ring_zfp_online_coll
================================================================================
Ranks: 4, Epochs: 20, Batch/rank: 32, Effective batch: 128
LR: 0.001, Device: cuda:0

[Setup] Model on cuda:0, wrapped in DDP (static_graph=True)
[Setup] Hook registered: mpi/ring_zfp_online_coll
[Data] Train batches: 391, Val batches: 79


[Epoch 1] Training... (lr=0.000001)
  Batch [50/391] Loss: 2.3671, Acc: 10.94%
  Batch [100/391] Loss: 2.3657, Acc: 11.25%
  Batch [150/391] Loss: 2.3629, Acc: 11.00%
  Batch [200/391] Loss: 2.3624, Acc: 11.12%
  Batch [250/391] Loss: 2.3648, Acc: 10.64%
  Batch [300/391] Loss: 2.3647, Acc: 10.39%
  Batch [350/391] Loss: 2.3629, Acc: 10.38%
[Epoch 1] Train Loss: 2.3640, Acc: 10.29%  |  Val Loss: 213.8105, Acc: 10.40%  |  Time: 13.2s
  -> Best model saved (10.40%)
[Epoch 1] Summarizing hook timing...

[HOOK_TIMING_SUMMARY] epoch=1
[HOOK_WORK_SUMMARY] label=mpi:ring_zfp_online_coll:rate16 calls=3114 work_total_ms=6839.040 work_mean_ms=2.196 work_min_ms=1.319 work_max_ms=21.364
[HOOK_TAIL_SUMMARY] label=mpi:ring_zfp_online_coll:rate16 steps=392 tail_total_ms=3220.184 tail_mean_ms=8.215 tail_min_ms=1.843 tail_max_ms=131.654
[Epoch 1] Hook timing summary done

[Epoch 2] Training... (lr=0.001000)
  Batch [50/391] Loss: 2.2587, Acc: 17.25%
  Batch [100/391] Loss: 2.1716, Acc: 21.66%
  Batch [150/391] Loss: 2.0960, Acc: 25.62%
  Batch [200/391] Loss: 2.0181, Acc: 28.91%
  Batch [250/391] Loss: 1.9418, Acc: 31.57%
  Batch [300/391] Loss: 1.8822, Acc: 33.99%
  Batch [350/391] Loss: 1.8251, Acc: 36.05%
[Epoch 2] Train Loss: 1.7802, Acc: 37.75%  |  Val Loss: 1.6952, Acc: 57.16%  |  Time: 11.9s
  -> Best model saved (57.16%)
[Epoch 2] Summarizing hook timing...

[HOOK_TIMING_SUMMARY] epoch=2
[HOOK_WORK_SUMMARY] label=mpi:ring_zfp_online_coll:rate16 calls=3128 work_total_ms=6673.015 work_mean_ms=2.133 work_min_ms=1.350 work_max_ms=3.148
[HOOK_TAIL_SUMMARY] label=mpi:ring_zfp_online_coll:rate16 steps=391 tail_total_ms=2669.101 tail_mean_ms=6.826 tail_min_ms=5.113 tail_max_ms=7.505
[Epoch 2] Hook timing summary done

[Epoch 3] Training... (lr=0.000993)
  Batch [50/391] Loss: 1.3515, Acc: 53.56%
  Batch [100/391] Loss: 1.3114, Acc: 55.38%
  Batch [150/391] Loss: 1.2792, Acc: 56.25%
  Batch [200/391] Loss: 1.2441, Acc: 57.30%
  Batch [250/391] Loss: 1.2142, Acc: 58.33%
  Batch [300/391] Loss: 1.1973, Acc: 58.86%
  Batch [350/391] Loss: 1.1710, Acc: 59.66%
[Epoch 3] Train Loss: 1.1570, Acc: 60.02%  |  Val Loss: 1.2458, Acc: 69.16%  |  Time: 12.0s
  -> Best model saved (69.16%)
[Epoch 3] Summarizing hook timing...

[HOOK_TIMING_SUMMARY] epoch=3
[HOOK_WORK_SUMMARY] label=mpi:ring_zfp_online_coll:rate16 calls=3128 work_total_ms=6794.869 work_mean_ms=2.172 work_min_ms=1.333 work_max_ms=3.282
[HOOK_TAIL_SUMMARY] label=mpi:ring_zfp_online_coll:rate16 steps=391 tail_total_ms=3000.795 tail_mean_ms=7.675 tail_min_ms=5.008 tail_max_ms=8.936
[Epoch 3] Hook timing summary done

[Epoch 4] Training... (lr=0.000973)
  Batch [50/391] Loss: 1.0156, Acc: 65.19%
  Batch [100/391] Loss: 1.0138, Acc: 64.75%
  Batch [150/391] Loss: 0.9801, Acc: 66.00%
  Batch [200/391] Loss: 0.9747, Acc: 66.20%
  Batch [250/391] Loss: 0.9696, Acc: 66.39%
  Batch [300/391] Loss: 0.9638, Acc: 66.53%
  Batch [350/391] Loss: 0.9600, Acc: 66.60%
[Epoch 4] Train Loss: 0.9522, Acc: 66.85%  |  Val Loss: 1.2275, Acc: 75.08%  |  Time: 12.0s
  -> Best model saved (75.08%)
[Epoch 4] Summarizing hook timing...

[HOOK_TIMING_SUMMARY] epoch=4
[HOOK_WORK_SUMMARY] label=mpi:ring_zfp_online_coll:rate16 calls=3128 work_total_ms=6817.096 work_mean_ms=2.179 work_min_ms=1.336 work_max_ms=3.149
[HOOK_TAIL_SUMMARY] label=mpi:ring_zfp_online_coll:rate16 steps=391 tail_total_ms=3158.323 tail_mean_ms=8.078 tail_min_ms=5.541 tail_max_ms=8.866
[Epoch 4] Hook timing summary done

[Epoch 5] Training... (lr=0.000940)
  Batch [50/391] Loss: 0.8504, Acc: 70.88%
  Batch [100/391] Loss: 0.8431, Acc: 71.03%
  Batch [150/391] Loss: 0.8296, Acc: 71.54%
  Batch [200/391] Loss: 0.8132, Acc: 72.12%
  Batch [250/391] Loss: 0.8271, Acc: 71.45%
  Batch [300/391] Loss: 0.8215, Acc: 71.75%
  Batch [350/391] Loss: 0.8271, Acc: 71.58%
[Epoch 5] Train Loss: 0.8228, Acc: 71.68%  |  Val Loss: 1.4931, Acc: 76.92%  |  Time: 12.1s
  -> Best model saved (76.92%)
[Epoch 5] Summarizing hook timing...

[HOOK_TIMING_SUMMARY] epoch=5
[HOOK_WORK_SUMMARY] label=mpi:ring_zfp_online_coll:rate16 calls=3128 work_total_ms=6567.381 work_mean_ms=2.100 work_min_ms=1.326 work_max_ms=3.278
[HOOK_TAIL_SUMMARY] label=mpi:ring_zfp_online_coll:rate16 steps=391 tail_total_ms=2698.155 tail_mean_ms=6.901 tail_min_ms=5.408 tail_max_ms=7.418
[Epoch 5] Hook timing summary done

[Epoch 6] Training... (lr=0.000895)
  Batch [50/391] Loss: 0.7671, Acc: 74.69%
  Batch [100/391] Loss: 0.7668, Acc: 73.84%
  Batch [150/391] Loss: 0.7738, Acc: 73.52%
  Batch [200/391] Loss: 0.7619, Acc: 73.88%
  Batch [250/391] Loss: 0.7581, Acc: 73.89%
  Batch [300/391] Loss: 0.7540, Acc: 74.09%
  Batch [350/391] Loss: 0.7532, Acc: 74.17%
[Epoch 6] Train Loss: 0.7501, Acc: 74.24%  |  Val Loss: 2.0718, Acc: 79.60%  |  Time: 12.0s
  -> Best model saved (79.60%)
[Epoch 6] Summarizing hook timing...

[HOOK_TIMING_SUMMARY] epoch=6
[HOOK_WORK_SUMMARY] label=mpi:ring_zfp_online_coll:rate16 calls=3128 work_total_ms=6607.395 work_mean_ms=2.112 work_min_ms=1.346 work_max_ms=3.251
[HOOK_TAIL_SUMMARY] label=mpi:ring_zfp_online_coll:rate16 steps=391 tail_total_ms=2563.682 tail_mean_ms=6.557 tail_min_ms=5.486 tail_max_ms=8.483
[Epoch 6] Hook timing summary done

[Epoch 7] Training... (lr=0.000839)
  Batch [50/391] Loss: 0.7238, Acc: 75.19%
  Batch [100/391] Loss: 0.7150, Acc: 74.84%
  Batch [150/391] Loss: 0.7143, Acc: 75.35%
  Batch [200/391] Loss: 0.7046, Acc: 75.88%
  Batch [250/391] Loss: 0.6975, Acc: 76.16%
  Batch [300/391] Loss: 0.6848, Acc: 76.52%
  Batch [350/391] Loss: 0.6792, Acc: 76.69%
[Epoch 7] Train Loss: 0.6816, Acc: 76.75%  |  Val Loss: 2.9280, Acc: 81.08%  |  Time: 12.1s
  -> Best model saved (81.08%)
[Epoch 7] Summarizing hook timing...

[HOOK_TIMING_SUMMARY] epoch=7
[HOOK_WORK_SUMMARY] label=mpi:ring_zfp_online_coll:rate16 calls=3128 work_total_ms=6866.726 work_mean_ms=2.195 work_min_ms=1.361 work_max_ms=3.191
[HOOK_TAIL_SUMMARY] label=mpi:ring_zfp_online_coll:rate16 steps=391 tail_total_ms=2943.618 tail_mean_ms=7.528 tail_min_ms=5.434 tail_max_ms=8.304
[Epoch 7] Hook timing summary done

[Epoch 8] Training... (lr=0.000773)
  Batch [50/391] Loss: 0.6750, Acc: 77.06%
  Batch [100/391] Loss: 0.6595, Acc: 78.03%
  Batch [150/391] Loss: 0.6917, Acc: 76.56%
  Batch [200/391] Loss: 0.6791, Acc: 77.11%
  Batch [250/391] Loss: 0.6758, Acc: 77.05%
  Batch [300/391] Loss: 0.6698, Acc: 77.12%
  Batch [350/391] Loss: 0.6690, Acc: 77.19%
[Epoch 8] Train Loss: 0.6652, Acc: 77.39%  |  Val Loss: 1.4082, Acc: 82.16%  |  Time: 11.9s
  -> Best model saved (82.16%)
[Epoch 8] Summarizing hook timing...

[HOOK_TIMING_SUMMARY] epoch=8
[HOOK_WORK_SUMMARY] label=mpi:ring_zfp_online_coll:rate16 calls=3128 work_total_ms=6649.414 work_mean_ms=2.126 work_min_ms=1.355 work_max_ms=3.198
[HOOK_TAIL_SUMMARY] label=mpi:ring_zfp_online_coll:rate16 steps=391 tail_total_ms=2663.712 tail_mean_ms=6.813 tail_min_ms=4.970 tail_max_ms=7.593
[Epoch 8] Hook timing summary done

[Epoch 9] Training... (lr=0.000701)
  Batch [50/391] Loss: 0.6361, Acc: 78.06%
  Batch [100/391] Loss: 0.6192, Acc: 78.75%
  Batch [150/391] Loss: 0.6177, Acc: 78.77%
  Batch [200/391] Loss: 0.6183, Acc: 78.72%
  Batch [250/391] Loss: 0.6192, Acc: 78.79%
  Batch [300/391] Loss: 0.6215, Acc: 78.97%
  Batch [350/391] Loss: 0.6171, Acc: 79.15%
[Epoch 9] Train Loss: 0.6182, Acc: 79.00%  |  Val Loss: 2.9398, Acc: 81.88%  |  Time: 12.1s
[Epoch 9] Summarizing hook timing...

[HOOK_TIMING_SUMMARY] epoch=9
[HOOK_WORK_SUMMARY] label=mpi:ring_zfp_online_coll:rate16 calls=3128 work_total_ms=6632.334 work_mean_ms=2.120 work_min_ms=1.356 work_max_ms=3.837
[HOOK_TAIL_SUMMARY] label=mpi:ring_zfp_online_coll:rate16 steps=391 tail_total_ms=2586.957 tail_mean_ms=6.616 tail_min_ms=4.950 tail_max_ms=7.548
[Epoch 9] Hook timing summary done

[Epoch 10] Training... (lr=0.000623)
  Batch [50/391] Loss: 0.5693, Acc: 80.25%
  Batch [100/391] Loss: 0.5914, Acc: 79.62%
  Batch [150/391] Loss: 0.5995, Acc: 79.67%
  Batch [200/391] Loss: 0.6020, Acc: 79.67%
  Batch [250/391] Loss: 0.6046, Acc: 79.66%
  Batch [300/391] Loss: 0.5982, Acc: 79.83%
  Batch [350/391] Loss: 0.5915, Acc: 80.06%
[Epoch 10] Train Loss: 0.5867, Acc: 80.22%  |  Val Loss: 2.6543, Acc: 83.56%  |  Time: 12.1s
  -> Best model saved (83.56%)
[Epoch 10] Summarizing hook timing...

[HOOK_TIMING_SUMMARY] epoch=10
[HOOK_WORK_SUMMARY] label=mpi:ring_zfp_online_coll:rate16 calls=3128 work_total_ms=6700.433 work_mean_ms=2.142 work_min_ms=1.335 work_max_ms=25.069
[HOOK_TAIL_SUMMARY] label=mpi:ring_zfp_online_coll:rate16 steps=391 tail_total_ms=2741.322 tail_mean_ms=7.011 tail_min_ms=5.573 tail_max_ms=30.550
[Epoch 10] Hook timing summary done

[Epoch 11] Training... (lr=0.000541)
  Batch [50/391] Loss: 0.5554, Acc: 80.69%
  Batch [100/391] Loss: 0.5637, Acc: 81.00%
  Batch [150/391] Loss: 0.5704, Acc: 80.77%
  Batch [200/391] Loss: 0.5734, Acc: 80.47%
  Batch [250/391] Loss: 0.5649, Acc: 80.72%
  Batch [300/391] Loss: 0.5616, Acc: 80.93%
  Batch [350/391] Loss: 0.5579, Acc: 81.16%
[Epoch 11] Train Loss: 0.5575, Acc: 81.11%  |  Val Loss: 1.2229, Acc: 84.04%  |  Time: 12.0s
  -> Best model saved (84.04%)
[Epoch 11] Summarizing hook timing...

[HOOK_TIMING_SUMMARY] epoch=11
[HOOK_WORK_SUMMARY] label=mpi:ring_zfp_online_coll:rate16 calls=3128 work_total_ms=6731.928 work_mean_ms=2.152 work_min_ms=1.338 work_max_ms=3.187
[HOOK_TAIL_SUMMARY] label=mpi:ring_zfp_online_coll:rate16 steps=391 tail_total_ms=2804.678 tail_mean_ms=7.173 tail_min_ms=5.070 tail_max_ms=7.888
[Epoch 11] Hook timing summary done

[Epoch 12] Training... (lr=0.000459)
  Batch [50/391] Loss: 0.5538, Acc: 80.38%
  Batch [100/391] Loss: 0.5639, Acc: 79.94%
  Batch [150/391] Loss: 0.5503, Acc: 80.54%
  Batch [200/391] Loss: 0.5551, Acc: 80.67%
  Batch [250/391] Loss: 0.5474, Acc: 81.08%
  Batch [300/391] Loss: 0.5433, Acc: 81.22%
  Batch [350/391] Loss: 0.5476, Acc: 81.25%
[Epoch 12] Train Loss: 0.5494, Acc: 81.14%  |  Val Loss: 2.4330, Acc: 83.88%  |  Time: 12.0s
[Epoch 12] Summarizing hook timing...

[HOOK_TIMING_SUMMARY] epoch=12
[HOOK_WORK_SUMMARY] label=mpi:ring_zfp_online_coll:rate16 calls=3128 work_total_ms=6549.539 work_mean_ms=2.094 work_min_ms=1.343 work_max_ms=3.175
[HOOK_TAIL_SUMMARY] label=mpi:ring_zfp_online_coll:rate16 steps=391 tail_total_ms=2676.957 tail_mean_ms=6.846 tail_min_ms=5.034 tail_max_ms=7.471
[Epoch 12] Hook timing summary done

[Epoch 13] Training... (lr=0.000377)
  Batch [50/391] Loss: 0.5454, Acc: 80.94%
  Batch [100/391] Loss: 0.5199, Acc: 82.31%
  Batch [150/391] Loss: 0.5302, Acc: 81.92%
  Batch [200/391] Loss: 0.5284, Acc: 81.88%
  Batch [250/391] Loss: 0.5212, Acc: 82.08%
  Batch [300/391] Loss: 0.5244, Acc: 82.00%
  Batch [350/391] Loss: 0.5242, Acc: 82.18%
[Epoch 13] Train Loss: 0.5181, Acc: 82.34%  |  Val Loss: 0.7789, Acc: 84.68%  |  Time: 12.0s
  -> Best model saved (84.68%)
[Epoch 13] Summarizing hook timing...

[HOOK_TIMING_SUMMARY] epoch=13
[HOOK_WORK_SUMMARY] label=mpi:ring_zfp_online_coll:rate16 calls=3128 work_total_ms=6652.763 work_mean_ms=2.127 work_min_ms=1.359 work_max_ms=21.227
[HOOK_TAIL_SUMMARY] label=mpi:ring_zfp_online_coll:rate16 steps=391 tail_total_ms=2657.689 tail_mean_ms=6.797 tail_min_ms=5.649 tail_max_ms=26.555
[Epoch 13] Hook timing summary done

[Epoch 14] Training... (lr=0.000299)
  Batch [50/391] Loss: 0.5086, Acc: 81.69%
  Batch [100/391] Loss: 0.5220, Acc: 81.81%
  Batch [150/391] Loss: 0.5235, Acc: 81.54%
  Batch [200/391] Loss: 0.5172, Acc: 82.00%
  Batch [250/391] Loss: 0.5145, Acc: 82.11%
  Batch [300/391] Loss: 0.5175, Acc: 81.96%
  Batch [350/391] Loss: 0.5154, Acc: 82.18%
[Epoch 14] Train Loss: 0.5147, Acc: 82.19%  |  Val Loss: 1.4898, Acc: 84.96%  |  Time: 12.0s
  -> Best model saved (84.96%)
[Epoch 14] Summarizing hook timing...

[HOOK_TIMING_SUMMARY] epoch=14
[HOOK_WORK_SUMMARY] label=mpi:ring_zfp_online_coll:rate16 calls=3128 work_total_ms=6552.813 work_mean_ms=2.095 work_min_ms=1.357 work_max_ms=3.176
[HOOK_TAIL_SUMMARY] label=mpi:ring_zfp_online_coll:rate16 steps=391 tail_total_ms=2452.777 tail_mean_ms=6.273 tail_min_ms=4.980 tail_max_ms=6.708
[Epoch 14] Hook timing summary done

[Epoch 15] Training... (lr=0.000227)
  Batch [50/391] Loss: 0.4888, Acc: 82.81%
  Batch [100/391] Loss: 0.5169, Acc: 81.62%
  Batch [150/391] Loss: 0.5032, Acc: 82.67%
  Batch [200/391] Loss: 0.5050, Acc: 82.50%
  Batch [250/391] Loss: 0.4988, Acc: 82.60%
  Batch [300/391] Loss: 0.5044, Acc: 82.49%
  Batch [350/391] Loss: 0.4986, Acc: 82.91%
[Epoch 15] Train Loss: 0.4979, Acc: 82.95%  |  Val Loss: 0.9003, Acc: 85.24%  |  Time: 12.0s
  -> Best model saved (85.24%)
[Epoch 15] Summarizing hook timing...

[HOOK_TIMING_SUMMARY] epoch=15
[HOOK_WORK_SUMMARY] label=mpi:ring_zfp_online_coll:rate16 calls=3128 work_total_ms=6790.827 work_mean_ms=2.171 work_min_ms=1.323 work_max_ms=3.286
[HOOK_TAIL_SUMMARY] label=mpi:ring_zfp_online_coll:rate16 steps=391 tail_total_ms=3093.817 tail_mean_ms=7.913 tail_min_ms=5.108 tail_max_ms=8.849
[Epoch 15] Hook timing summary done

[Epoch 16] Training... (lr=0.000161)
  Batch [50/391] Loss: 0.5174, Acc: 82.38%
  Batch [100/391] Loss: 0.5103, Acc: 82.94%
  Batch [150/391] Loss: 0.5117, Acc: 82.81%
  Batch [200/391] Loss: 0.5138, Acc: 82.61%
  Batch [250/391] Loss: 0.4998, Acc: 82.96%
  Batch [300/391] Loss: 0.5006, Acc: 82.92%
  Batch [350/391] Loss: 0.5015, Acc: 82.91%
[Epoch 16] Train Loss: 0.4983, Acc: 83.06%  |  Val Loss: 1.6096, Acc: 84.52%  |  Time: 12.1s
[Epoch 16] Summarizing hook timing...

[HOOK_TIMING_SUMMARY] epoch=16
[HOOK_WORK_SUMMARY] label=mpi:ring_zfp_online_coll:rate16 calls=3128 work_total_ms=6668.562 work_mean_ms=2.132 work_min_ms=1.363 work_max_ms=3.151
[HOOK_TAIL_SUMMARY] label=mpi:ring_zfp_online_coll:rate16 steps=391 tail_total_ms=2844.341 tail_mean_ms=7.275 tail_min_ms=5.259 tail_max_ms=8.421
[Epoch 16] Hook timing summary done

[Epoch 17] Training... (lr=0.000105)
  Batch [50/391] Loss: 0.4907, Acc: 82.75%
  Batch [100/391] Loss: 0.4801, Acc: 83.62%
  Batch [150/391] Loss: 0.4895, Acc: 83.31%
  Batch [200/391] Loss: 0.4939, Acc: 83.27%
  Batch [250/391] Loss: 0.4937, Acc: 83.10%
  Batch [300/391] Loss: 0.4945, Acc: 82.99%
  Batch [350/391] Loss: 0.4957, Acc: 82.97%
[Epoch 17] Train Loss: 0.4997, Acc: 82.75%  |  Val Loss: 2.9872, Acc: 84.84%  |  Time: 12.0s
[Epoch 17] Summarizing hook timing...

[HOOK_TIMING_SUMMARY] epoch=17
[HOOK_WORK_SUMMARY] label=mpi:ring_zfp_online_coll:rate16 calls=3128 work_total_ms=6728.695 work_mean_ms=2.151 work_min_ms=1.328 work_max_ms=3.121
[HOOK_TAIL_SUMMARY] label=mpi:ring_zfp_online_coll:rate16 steps=391 tail_total_ms=2874.842 tail_mean_ms=7.353 tail_min_ms=5.006 tail_max_ms=8.946
[Epoch 17] Hook timing summary done

[Epoch 18] Training... (lr=0.000060)
  Batch [50/391] Loss: 0.4809, Acc: 84.06%
  Batch [100/391] Loss: 0.4886, Acc: 83.50%
  Batch [150/391] Loss: 0.4857, Acc: 83.58%
  Batch [200/391] Loss: 0.4827, Acc: 83.69%
  Batch [250/391] Loss: 0.4923, Acc: 83.19%
  Batch [300/391] Loss: 0.4884, Acc: 83.39%
  Batch [350/391] Loss: 0.4870, Acc: 83.31%
[Epoch 18] Train Loss: 0.4898, Acc: 83.18%  |  Val Loss: 2.4418, Acc: 85.44%  |  Time: 12.0s
  -> Best model saved (85.44%)
[Epoch 18] Summarizing hook timing...

[HOOK_TIMING_SUMMARY] epoch=18
[HOOK_WORK_SUMMARY] label=mpi:ring_zfp_online_coll:rate16 calls=3128 work_total_ms=6517.891 work_mean_ms=2.084 work_min_ms=1.352 work_max_ms=26.405
[HOOK_TAIL_SUMMARY] label=mpi:ring_zfp_online_coll:rate16 steps=391 tail_total_ms=2628.528 tail_mean_ms=6.723 tail_min_ms=5.947 tail_max_ms=31.492
[Epoch 18] Hook timing summary done

[Epoch 19] Training... (lr=0.000027)
  Batch [50/391] Loss: 0.4791, Acc: 83.44%
  Batch [100/391] Loss: 0.5004, Acc: 82.91%
  Batch [150/391] Loss: 0.4998, Acc: 82.71%
  Batch [200/391] Loss: 0.4995, Acc: 82.81%
  Batch [250/391] Loss: 0.5036, Acc: 82.60%
  Batch [300/391] Loss: 0.4955, Acc: 82.82%
  Batch [350/391] Loss: 0.4907, Acc: 82.99%
[Epoch 19] Train Loss: 0.4924, Acc: 82.94%  |  Val Loss: 1.9160, Acc: 85.00%  |  Time: 12.1s
[Epoch 19] Summarizing hook timing...

[HOOK_TIMING_SUMMARY] epoch=19
[HOOK_WORK_SUMMARY] label=mpi:ring_zfp_online_coll:rate16 calls=3128 work_total_ms=6570.696 work_mean_ms=2.101 work_min_ms=1.343 work_max_ms=3.243
[HOOK_TAIL_SUMMARY] label=mpi:ring_zfp_online_coll:rate16 steps=391 tail_total_ms=2662.852 tail_mean_ms=6.810 tail_min_ms=5.266 tail_max_ms=7.556
[Epoch 19] Hook timing summary done

[Epoch 20] Training... (lr=0.000007)
  Batch [50/391] Loss: 0.4674, Acc: 84.25%
  Batch [100/391] Loss: 0.4674, Acc: 84.22%
  Batch [150/391] Loss: 0.4667, Acc: 84.02%
  Batch [200/391] Loss: 0.4652, Acc: 84.12%
  Batch [250/391] Loss: 0.4704, Acc: 83.92%
  Batch [300/391] Loss: 0.4768, Acc: 83.62%
  Batch [350/391] Loss: 0.4856, Acc: 83.45%
[Epoch 20] Train Loss: 0.4821, Acc: 83.52%  |  Val Loss: 1.7941, Acc: 84.84%  |  Time: 12.0s
[Epoch 20] Summarizing hook timing...

[HOOK_TIMING_SUMMARY] epoch=20
[HOOK_WORK_SUMMARY] label=mpi:ring_zfp_online_coll:rate16 calls=3128 work_total_ms=6522.026 work_mean_ms=2.085 work_min_ms=1.316 work_max_ms=3.256
[HOOK_TAIL_SUMMARY] label=mpi:ring_zfp_online_coll:rate16 steps=391 tail_total_ms=2617.807 tail_mean_ms=6.695 tail_min_ms=4.053 tail_max_ms=7.390
[Epoch 20] Hook timing summary done

================================================================================
Done in 254.0s | Best val acc: 85.44%
Epoch times: mean=12.1s  min=11.9s  max=13.2s
================================================================================
