
================================================================================
Distributed Training: WIDE_RESNET50_2 on CIFAR10
Backend: MPI, Algorithm: recursive_doubling_zfp_online_coll
================================================================================
Ranks: 4, Epochs: 20, Batch/rank: 32, Effective batch: 128
LR: 0.001, Device: cuda:0

[Setup] Model on cuda:0, wrapped in DDP (static_graph=True)
[Setup] Hook registered: mpi/recursive_doubling_zfp_online_coll
[Data] Train batches: 391, Val batches: 79


[Epoch 1] Training... (lr=0.000001)
  Batch [50/391] Loss: 2.3670, Acc: 10.94%
  Batch [100/391] Loss: 2.3657, Acc: 11.28%
  Batch [150/391] Loss: 2.3629, Acc: 11.10%
  Batch [200/391] Loss: 2.3621, Acc: 11.22%
  Batch [250/391] Loss: 2.3648, Acc: 10.68%
  Batch [300/391] Loss: 2.3647, Acc: 10.46%
  Batch [350/391] Loss: 2.3630, Acc: 10.42%
[Epoch 1] Train Loss: 2.3641, Acc: 10.38%  |  Val Loss: 221.5226, Acc: 10.36%  |  Time: 13.2s
  -> Best model saved (10.36%)
[Epoch 1] Summarizing hook timing...

[HOOK_TIMING_SUMMARY] epoch=1
[HOOK_WORK_SUMMARY] label=mpi:recursive_doubling_zfp_online_coll:rate8 calls=3114 work_total_ms=6619.958 work_mean_ms=2.126 work_min_ms=1.022 work_max_ms=13.670
[HOOK_TAIL_SUMMARY] label=mpi:recursive_doubling_zfp_online_coll:rate8 steps=392 tail_total_ms=2936.144 tail_mean_ms=7.490 tail_min_ms=2.153 tail_max_ms=122.440
[Epoch 1] Hook timing summary done

[Epoch 2] Training... (lr=0.001000)
  Batch [50/391] Loss: 2.2652, Acc: 17.12%
  Batch [100/391] Loss: 2.1776, Acc: 22.16%
  Batch [150/391] Loss: 2.1013, Acc: 26.33%
  Batch [200/391] Loss: 2.0171, Acc: 29.83%
  Batch [250/391] Loss: 1.9407, Acc: 32.39%
  Batch [300/391] Loss: 1.8789, Acc: 34.31%
  Batch [350/391] Loss: 1.8195, Acc: 36.53%
[Epoch 2] Train Loss: 1.7761, Acc: 38.00%  |  Val Loss: 1.2329, Acc: 58.88%  |  Time: 12.0s
  -> Best model saved (58.88%)
[Epoch 2] Summarizing hook timing...

[HOOK_TIMING_SUMMARY] epoch=2
[HOOK_WORK_SUMMARY] label=mpi:recursive_doubling_zfp_online_coll:rate8 calls=3128 work_total_ms=6711.086 work_mean_ms=2.145 work_min_ms=1.059 work_max_ms=3.912
[HOOK_TAIL_SUMMARY] label=mpi:recursive_doubling_zfp_online_coll:rate8 steps=391 tail_total_ms=3001.851 tail_mean_ms=7.677 tail_min_ms=5.627 tail_max_ms=8.625
[Epoch 2] Hook timing summary done

[Epoch 3] Training... (lr=0.000993)
  Batch [50/391] Loss: 1.3200, Acc: 54.81%
  Batch [100/391] Loss: 1.3049, Acc: 55.31%
  Batch [150/391] Loss: 1.2568, Acc: 56.54%
  Batch [200/391] Loss: 1.2278, Acc: 57.25%
  Batch [250/391] Loss: 1.2086, Acc: 57.75%
  Batch [300/391] Loss: 1.1959, Acc: 58.52%
  Batch [350/391] Loss: 1.1745, Acc: 59.08%
[Epoch 3] Train Loss: 1.1625, Acc: 59.47%  |  Val Loss: 0.8971, Acc: 69.76%  |  Time: 11.9s
  -> Best model saved (69.76%)
[Epoch 3] Summarizing hook timing...

[HOOK_TIMING_SUMMARY] epoch=3
[HOOK_WORK_SUMMARY] label=mpi:recursive_doubling_zfp_online_coll:rate8 calls=3128 work_total_ms=6735.663 work_mean_ms=2.153 work_min_ms=1.071 work_max_ms=3.714
[HOOK_TAIL_SUMMARY] label=mpi:recursive_doubling_zfp_online_coll:rate8 steps=391 tail_total_ms=3019.012 tail_mean_ms=7.721 tail_min_ms=5.733 tail_max_ms=8.710
[Epoch 3] Hook timing summary done

[Epoch 4] Training... (lr=0.000973)
  Batch [50/391] Loss: 0.9870, Acc: 65.12%
  Batch [100/391] Loss: 1.0058, Acc: 64.34%
  Batch [150/391] Loss: 0.9763, Acc: 65.90%
  Batch [200/391] Loss: 0.9704, Acc: 66.22%
  Batch [250/391] Loss: 0.9723, Acc: 66.20%
  Batch [300/391] Loss: 0.9700, Acc: 66.07%
  Batch [350/391] Loss: 0.9662, Acc: 66.30%
[Epoch 4] Train Loss: 0.9634, Acc: 66.34%  |  Val Loss: 0.7470, Acc: 75.12%  |  Time: 12.0s
  -> Best model saved (75.12%)
[Epoch 4] Summarizing hook timing...

[HOOK_TIMING_SUMMARY] epoch=4
[HOOK_WORK_SUMMARY] label=mpi:recursive_doubling_zfp_online_coll:rate8 calls=3128 work_total_ms=6703.262 work_mean_ms=2.143 work_min_ms=1.043 work_max_ms=4.517
[HOOK_TAIL_SUMMARY] label=mpi:recursive_doubling_zfp_online_coll:rate8 steps=391 tail_total_ms=3005.254 tail_mean_ms=7.686 tail_min_ms=5.360 tail_max_ms=8.290
[Epoch 4] Hook timing summary done

[Epoch 5] Training... (lr=0.000940)
  Batch [50/391] Loss: 0.8770, Acc: 68.94%
  Batch [100/391] Loss: 0.8604, Acc: 70.19%
  Batch [150/391] Loss: 0.8537, Acc: 70.19%
  Batch [200/391] Loss: 0.8420, Acc: 70.73%
  Batch [250/391] Loss: 0.8577, Acc: 70.15%
  Batch [300/391] Loss: 0.8568, Acc: 70.09%
  Batch [350/391] Loss: 0.8608, Acc: 69.98%
[Epoch 5] Train Loss: 0.8563, Acc: 70.24%  |  Val Loss: 0.6663, Acc: 77.64%  |  Time: 11.9s
  -> Best model saved (77.64%)
[Epoch 5] Summarizing hook timing...

[HOOK_TIMING_SUMMARY] epoch=5
[HOOK_WORK_SUMMARY] label=mpi:recursive_doubling_zfp_online_coll:rate8 calls=3128 work_total_ms=6556.777 work_mean_ms=2.096 work_min_ms=0.992 work_max_ms=3.634
[HOOK_TAIL_SUMMARY] label=mpi:recursive_doubling_zfp_online_coll:rate8 steps=391 tail_total_ms=2772.922 tail_mean_ms=7.092 tail_min_ms=5.835 tail_max_ms=8.797
[Epoch 5] Hook timing summary done

[Epoch 6] Training... (lr=0.000895)
  Batch [50/391] Loss: 0.8077, Acc: 72.19%
  Batch [100/391] Loss: 0.7888, Acc: 72.25%
  Batch [150/391] Loss: 0.7936, Acc: 72.00%
  Batch [200/391] Loss: 0.7853, Acc: 72.48%
  Batch [250/391] Loss: 0.7846, Acc: 72.47%
  Batch [300/391] Loss: 0.7852, Acc: 72.49%
  Batch [350/391] Loss: 0.7854, Acc: 72.53%
[Epoch 6] Train Loss: 0.7851, Acc: 72.59%  |  Val Loss: 0.6311, Acc: 79.68%  |  Time: 11.9s
  -> Best model saved (79.68%)
[Epoch 6] Summarizing hook timing...

[HOOK_TIMING_SUMMARY] epoch=6
[HOOK_WORK_SUMMARY] label=mpi:recursive_doubling_zfp_online_coll:rate8 calls=3128 work_total_ms=6555.575 work_mean_ms=2.096 work_min_ms=0.965 work_max_ms=3.620
[HOOK_TAIL_SUMMARY] label=mpi:recursive_doubling_zfp_online_coll:rate8 steps=391 tail_total_ms=2864.779 tail_mean_ms=7.327 tail_min_ms=5.426 tail_max_ms=8.299
[Epoch 6] Hook timing summary done

[Epoch 7] Training... (lr=0.000839)
  Batch [50/391] Loss: 0.7826, Acc: 71.81%
  Batch [100/391] Loss: 0.7584, Acc: 72.91%
  Batch [150/391] Loss: 0.7464, Acc: 73.69%
  Batch [200/391] Loss: 0.7356, Acc: 74.33%
  Batch [250/391] Loss: 0.7295, Acc: 74.55%
  Batch [300/391] Loss: 0.7173, Acc: 74.96%
  Batch [350/391] Loss: 0.7135, Acc: 75.04%
[Epoch 7] Train Loss: 0.7163, Acc: 75.00%  |  Val Loss: 0.5678, Acc: 81.40%  |  Time: 12.0s
  -> Best model saved (81.40%)
[Epoch 7] Summarizing hook timing...

[HOOK_TIMING_SUMMARY] epoch=7
[HOOK_WORK_SUMMARY] label=mpi:recursive_doubling_zfp_online_coll:rate8 calls=3128 work_total_ms=6697.120 work_mean_ms=2.141 work_min_ms=1.041 work_max_ms=3.566
[HOOK_TAIL_SUMMARY] label=mpi:recursive_doubling_zfp_online_coll:rate8 steps=391 tail_total_ms=3062.164 tail_mean_ms=7.832 tail_min_ms=5.582 tail_max_ms=9.026
[Epoch 7] Hook timing summary done

[Epoch 8] Training... (lr=0.000773)
  Batch [50/391] Loss: 0.7136, Acc: 76.06%
  Batch [100/391] Loss: 0.7059, Acc: 75.81%
  Batch [150/391] Loss: 0.7313, Acc: 75.02%
  Batch [200/391] Loss: 0.7113, Acc: 75.52%
  Batch [250/391] Loss: 0.7146, Acc: 75.21%
  Batch [300/391] Loss: 0.7114, Acc: 75.40%
  Batch [350/391] Loss: 0.7099, Acc: 75.33%
[Epoch 8] Train Loss: 0.7057, Acc: 75.50%  |  Val Loss: 0.5335, Acc: 82.40%  |  Time: 12.0s
  -> Best model saved (82.40%)
[Epoch 8] Summarizing hook timing...

[HOOK_TIMING_SUMMARY] epoch=8
[HOOK_WORK_SUMMARY] label=mpi:recursive_doubling_zfp_online_coll:rate8 calls=3128 work_total_ms=6762.856 work_mean_ms=2.162 work_min_ms=1.067 work_max_ms=3.700
[HOOK_TAIL_SUMMARY] label=mpi:recursive_doubling_zfp_online_coll:rate8 steps=391 tail_total_ms=3068.066 tail_mean_ms=7.847 tail_min_ms=5.485 tail_max_ms=8.807
[Epoch 8] Hook timing summary done

[Epoch 9] Training... (lr=0.000701)
  Batch [50/391] Loss: 0.6854, Acc: 75.56%
  Batch [100/391] Loss: 0.6855, Acc: 76.06%
  Batch [150/391] Loss: 0.6765, Acc: 76.33%
  Batch [200/391] Loss: 0.6781, Acc: 75.98%
  Batch [250/391] Loss: 0.6786, Acc: 76.30%
  Batch [300/391] Loss: 0.6760, Acc: 76.47%
  Batch [350/391] Loss: 0.6684, Acc: 76.69%
[Epoch 9] Train Loss: 0.6668, Acc: 76.79%  |  Val Loss: 0.5170, Acc: 83.20%  |  Time: 11.9s
  -> Best model saved (83.20%)
[Epoch 9] Summarizing hook timing...

[HOOK_TIMING_SUMMARY] epoch=9
[HOOK_WORK_SUMMARY] label=mpi:recursive_doubling_zfp_online_coll:rate8 calls=3128 work_total_ms=6740.262 work_mean_ms=2.155 work_min_ms=1.066 work_max_ms=4.070
[HOOK_TAIL_SUMMARY] label=mpi:recursive_doubling_zfp_online_coll:rate8 steps=391 tail_total_ms=3163.550 tail_mean_ms=8.091 tail_min_ms=5.377 tail_max_ms=9.192
[Epoch 9] Hook timing summary done

[Epoch 10] Training... (lr=0.000623)
  Batch [50/391] Loss: 0.6219, Acc: 77.69%
  Batch [100/391] Loss: 0.6393, Acc: 77.34%
  Batch [150/391] Loss: 0.6391, Acc: 77.56%
  Batch [200/391] Loss: 0.6401, Acc: 77.66%
  Batch [250/391] Loss: 0.6487, Acc: 77.45%
  Batch [300/391] Loss: 0.6416, Acc: 77.58%
  Batch [350/391] Loss: 0.6354, Acc: 77.74%
[Epoch 10] Train Loss: 0.6293, Acc: 77.85%  |  Val Loss: 0.4901, Acc: 83.68%  |  Time: 11.9s
  -> Best model saved (83.68%)
[Epoch 10] Summarizing hook timing...

[HOOK_TIMING_SUMMARY] epoch=10
[HOOK_WORK_SUMMARY] label=mpi:recursive_doubling_zfp_online_coll:rate8 calls=3128 work_total_ms=6787.832 work_mean_ms=2.170 work_min_ms=1.063 work_max_ms=3.779
[HOOK_TAIL_SUMMARY] label=mpi:recursive_doubling_zfp_online_coll:rate8 steps=391 tail_total_ms=3276.288 tail_mean_ms=8.379 tail_min_ms=5.907 tail_max_ms=9.157
[Epoch 10] Hook timing summary done

[Epoch 11] Training... (lr=0.000541)
  Batch [50/391] Loss: 0.5796, Acc: 80.19%
  Batch [100/391] Loss: 0.5996, Acc: 79.69%
  Batch [150/391] Loss: 0.6061, Acc: 79.38%
  Batch [200/391] Loss: 0.6097, Acc: 78.97%
  Batch [250/391] Loss: 0.6047, Acc: 79.14%
  Batch [300/391] Loss: 0.6019, Acc: 79.21%
  Batch [350/391] Loss: 0.5990, Acc: 79.38%
[Epoch 11] Train Loss: 0.5984, Acc: 79.31%  |  Val Loss: 0.4893, Acc: 83.92%  |  Time: 12.0s
  -> Best model saved (83.92%)
[Epoch 11] Summarizing hook timing...

[HOOK_TIMING_SUMMARY] epoch=11
[HOOK_WORK_SUMMARY] label=mpi:recursive_doubling_zfp_online_coll:rate8 calls=3128 work_total_ms=6867.960 work_mean_ms=2.196 work_min_ms=1.088 work_max_ms=3.618
[HOOK_TAIL_SUMMARY] label=mpi:recursive_doubling_zfp_online_coll:rate8 steps=391 tail_total_ms=3342.094 tail_mean_ms=8.548 tail_min_ms=6.026 tail_max_ms=8.998
[Epoch 11] Hook timing summary done

[Epoch 12] Training... (lr=0.000459)
  Batch [50/391] Loss: 0.5819, Acc: 79.88%
  Batch [100/391] Loss: 0.5995, Acc: 78.72%
  Batch [150/391] Loss: 0.5861, Acc: 79.38%
  Batch [200/391] Loss: 0.5896, Acc: 79.28%
  Batch [250/391] Loss: 0.5803, Acc: 79.60%
  Batch [300/391] Loss: 0.5741, Acc: 79.82%
  Batch [350/391] Loss: 0.5812, Acc: 79.67%
[Epoch 12] Train Loss: 0.5801, Acc: 79.67%  |  Val Loss: 0.4886, Acc: 84.44%  |  Time: 12.0s
  -> Best model saved (84.44%)
[Epoch 12] Summarizing hook timing...

[HOOK_TIMING_SUMMARY] epoch=12
[HOOK_WORK_SUMMARY] label=mpi:recursive_doubling_zfp_online_coll:rate8 calls=3128 work_total_ms=6893.598 work_mean_ms=2.204 work_min_ms=1.068 work_max_ms=3.943
[HOOK_TAIL_SUMMARY] label=mpi:recursive_doubling_zfp_online_coll:rate8 steps=391 tail_total_ms=3403.559 tail_mean_ms=8.705 tail_min_ms=5.959 tail_max_ms=9.260
[Epoch 12] Hook timing summary done

[Epoch 13] Training... (lr=0.000377)
  Batch [50/391] Loss: 0.5782, Acc: 79.50%
  Batch [100/391] Loss: 0.5382, Acc: 81.12%
  Batch [150/391] Loss: 0.5586, Acc: 80.50%
  Batch [200/391] Loss: 0.5614, Acc: 80.20%
  Batch [250/391] Loss: 0.5571, Acc: 80.34%
  Batch [300/391] Loss: 0.5605, Acc: 80.30%
  Batch [350/391] Loss: 0.5620, Acc: 80.32%
[Epoch 13] Train Loss: 0.5593, Acc: 80.40%  |  Val Loss: 0.4633, Acc: 84.96%  |  Time: 11.9s
  -> Best model saved (84.96%)
[Epoch 13] Summarizing hook timing...

[HOOK_TIMING_SUMMARY] epoch=13
[HOOK_WORK_SUMMARY] label=mpi:recursive_doubling_zfp_online_coll:rate8 calls=3128 work_total_ms=6576.783 work_mean_ms=2.103 work_min_ms=0.951 work_max_ms=3.609
[HOOK_TAIL_SUMMARY] label=mpi:recursive_doubling_zfp_online_coll:rate8 steps=391 tail_total_ms=3045.846 tail_mean_ms=7.790 tail_min_ms=5.585 tail_max_ms=10.208
[Epoch 13] Hook timing summary done

[Epoch 14] Training... (lr=0.000299)
  Batch [50/391] Loss: 0.5453, Acc: 80.88%
  Batch [100/391] Loss: 0.5648, Acc: 80.06%
  Batch [150/391] Loss: 0.5570, Acc: 80.42%
  Batch [200/391] Loss: 0.5561, Acc: 80.59%
  Batch [250/391] Loss: 0.5602, Acc: 80.59%
  Batch [300/391] Loss: 0.5622, Acc: 80.46%
  Batch [350/391] Loss: 0.5613, Acc: 80.54%
[Epoch 14] Train Loss: 0.5612, Acc: 80.54%  |  Val Loss: 0.4670, Acc: 84.28%  |  Time: 11.8s
[Epoch 14] Summarizing hook timing...

[HOOK_TIMING_SUMMARY] epoch=14
[HOOK_WORK_SUMMARY] label=mpi:recursive_doubling_zfp_online_coll:rate8 calls=3128 work_total_ms=6569.206 work_mean_ms=2.100 work_min_ms=1.033 work_max_ms=3.785
[HOOK_TAIL_SUMMARY] label=mpi:recursive_doubling_zfp_online_coll:rate8 steps=391 tail_total_ms=2917.508 tail_mean_ms=7.462 tail_min_ms=5.936 tail_max_ms=9.136
[Epoch 14] Hook timing summary done

[Epoch 15] Training... (lr=0.000227)
  Batch [50/391] Loss: 0.5325, Acc: 80.94%
  Batch [100/391] Loss: 0.5598, Acc: 80.34%
  Batch [150/391] Loss: 0.5437, Acc: 81.04%
  Batch [200/391] Loss: 0.5457, Acc: 80.81%
  Batch [250/391] Loss: 0.5395, Acc: 81.01%
  Batch [300/391] Loss: 0.5493, Acc: 80.73%
  Batch [350/391] Loss: 0.5413, Acc: 81.04%
[Epoch 15] Train Loss: 0.5413, Acc: 80.97%  |  Val Loss: 0.6854, Acc: 84.84%  |  Time: 12.0s
[Epoch 15] Summarizing hook timing...

[HOOK_TIMING_SUMMARY] epoch=15
[HOOK_WORK_SUMMARY] label=mpi:recursive_doubling_zfp_online_coll:rate8 calls=3128 work_total_ms=6548.939 work_mean_ms=2.094 work_min_ms=0.920 work_max_ms=23.664
[HOOK_TAIL_SUMMARY] label=mpi:recursive_doubling_zfp_online_coll:rate8 steps=391 tail_total_ms=2905.772 tail_mean_ms=7.432 tail_min_ms=6.361 tail_max_ms=28.881
[Epoch 15] Hook timing summary done

[Epoch 16] Training... (lr=0.000161)
  Batch [50/391] Loss: 0.5687, Acc: 80.31%
  Batch [100/391] Loss: 0.5618, Acc: 80.62%
  Batch [150/391] Loss: 0.5577, Acc: 80.62%
  Batch [200/391] Loss: 0.5545, Acc: 80.75%
  Batch [250/391] Loss: 0.5431, Acc: 81.06%
  Batch [300/391] Loss: 0.5459, Acc: 81.03%
  Batch [350/391] Loss: 0.5428, Acc: 81.05%
[Epoch 16] Train Loss: 0.5412, Acc: 81.10%  |  Val Loss: 0.6386, Acc: 84.72%  |  Time: 12.0s
[Epoch 16] Summarizing hook timing...

[HOOK_TIMING_SUMMARY] epoch=16
[HOOK_WORK_SUMMARY] label=mpi:recursive_doubling_zfp_online_coll:rate8 calls=3128 work_total_ms=6538.026 work_mean_ms=2.090 work_min_ms=0.910 work_max_ms=3.629
[HOOK_TAIL_SUMMARY] label=mpi:recursive_doubling_zfp_online_coll:rate8 steps=391 tail_total_ms=2726.456 tail_mean_ms=6.973 tail_min_ms=5.631 tail_max_ms=7.663
[Epoch 16] Hook timing summary done

[Epoch 17] Training... (lr=0.000105)
  Batch [50/391] Loss: 0.5468, Acc: 80.88%
  Batch [100/391] Loss: 0.5236, Acc: 81.94%
  Batch [150/391] Loss: 0.5384, Acc: 81.81%
  Batch [200/391] Loss: 0.5456, Acc: 81.31%
  Batch [250/391] Loss: 0.5444, Acc: 81.21%
  Batch [300/391] Loss: 0.5405, Acc: 81.45%
  Batch [350/391] Loss: 0.5368, Acc: 81.59%
[Epoch 17] Train Loss: 0.5413, Acc: 81.38%  |  Val Loss: 0.6616, Acc: 84.96%  |  Time: 12.0s
[Epoch 17] Summarizing hook timing...

[HOOK_TIMING_SUMMARY] epoch=17
[HOOK_WORK_SUMMARY] label=mpi:recursive_doubling_zfp_online_coll:rate8 calls=3128 work_total_ms=6588.311 work_mean_ms=2.106 work_min_ms=1.003 work_max_ms=21.343
[HOOK_TAIL_SUMMARY] label=mpi:recursive_doubling_zfp_online_coll:rate8 steps=391 tail_total_ms=2846.725 tail_mean_ms=7.281 tail_min_ms=6.737 tail_max_ms=26.659
[Epoch 17] Hook timing summary done

[Epoch 18] Training... (lr=0.000060)
  Batch [50/391] Loss: 0.5170, Acc: 82.06%
  Batch [100/391] Loss: 0.5251, Acc: 82.25%
  Batch [150/391] Loss: 0.5208, Acc: 81.90%
  Batch [200/391] Loss: 0.5207, Acc: 82.02%
  Batch [250/391] Loss: 0.5287, Acc: 81.66%
  Batch [300/391] Loss: 0.5274, Acc: 81.43%
  Batch [350/391] Loss: 0.5275, Acc: 81.42%
[Epoch 18] Train Loss: 0.5312, Acc: 81.23%  |  Val Loss: 0.5638, Acc: 84.40%  |  Time: 12.0s
[Epoch 18] Summarizing hook timing...

[HOOK_TIMING_SUMMARY] epoch=18
[HOOK_WORK_SUMMARY] label=mpi:recursive_doubling_zfp_online_coll:rate8 calls=3128 work_total_ms=6534.473 work_mean_ms=2.089 work_min_ms=0.948 work_max_ms=3.730
[HOOK_TAIL_SUMMARY] label=mpi:recursive_doubling_zfp_online_coll:rate8 steps=391 tail_total_ms=2943.003 tail_mean_ms=7.527 tail_min_ms=6.597 tail_max_ms=8.501
[Epoch 18] Hook timing summary done

[Epoch 19] Training... (lr=0.000027)
  Batch [50/391] Loss: 0.5135, Acc: 82.12%
  Batch [100/391] Loss: 0.5353, Acc: 81.19%
  Batch [150/391] Loss: 0.5378, Acc: 81.08%
  Batch [200/391] Loss: 0.5402, Acc: 81.25%
  Batch [250/391] Loss: 0.5432, Acc: 81.11%
  Batch [300/391] Loss: 0.5378, Acc: 81.31%
  Batch [350/391] Loss: 0.5352, Acc: 81.34%
[Epoch 19] Train Loss: 0.5366, Acc: 81.30%  |  Val Loss: 0.7376, Acc: 85.12%  |  Time: 12.0s
  -> Best model saved (85.12%)
[Epoch 19] Summarizing hook timing...

[HOOK_TIMING_SUMMARY] epoch=19
[HOOK_WORK_SUMMARY] label=mpi:recursive_doubling_zfp_online_coll:rate8 calls=3128 work_total_ms=6596.811 work_mean_ms=2.109 work_min_ms=0.935 work_max_ms=3.703
[HOOK_TAIL_SUMMARY] label=mpi:recursive_doubling_zfp_online_coll:rate8 steps=391 tail_total_ms=2951.281 tail_mean_ms=7.548 tail_min_ms=3.765 tail_max_ms=9.725
[Epoch 19] Hook timing summary done

[Epoch 20] Training... (lr=0.000007)
  Batch [50/391] Loss: 0.5122, Acc: 82.19%
  Batch [100/391] Loss: 0.5090, Acc: 81.50%
  Batch [150/391] Loss: 0.5127, Acc: 81.48%
  Batch [200/391] Loss: 0.5138, Acc: 81.52%
  Batch [250/391] Loss: 0.5158, Acc: 81.54%
  Batch [300/391] Loss: 0.5199, Acc: 81.43%
  Batch [350/391] Loss: 0.5292, Acc: 81.16%
[Epoch 20] Train Loss: 0.5260, Acc: 81.32%  |  Val Loss: 0.9615, Acc: 84.24%  |  Time: 12.0s
[Epoch 20] Summarizing hook timing...

[HOOK_TIMING_SUMMARY] epoch=20
[HOOK_WORK_SUMMARY] label=mpi:recursive_doubling_zfp_online_coll:rate8 calls=3128 work_total_ms=6560.712 work_mean_ms=2.097 work_min_ms=1.063 work_max_ms=3.591
[HOOK_TAIL_SUMMARY] label=mpi:recursive_doubling_zfp_online_coll:rate8 steps=391 tail_total_ms=2959.100 tail_mean_ms=7.568 tail_min_ms=5.506 tail_max_ms=8.373
[Epoch 20] Hook timing summary done

================================================================================
Done in 252.7s | Best val acc: 85.12%
Epoch times: mean=12.0s  min=11.8s  max=13.2s
================================================================================
