
================================================================================
Distributed Training: WIDE_RESNET50_2 on CIFAR10
Backend: MPI, Algorithm: ring_zfp_naive
================================================================================
Ranks: 4, Epochs: 20, Batch/rank: 32, Effective batch: 128
LR: 0.001, Device: cuda:0

[Setup] Model on cuda:0, wrapped in DDP (static_graph=True)
[Setup] Hook registered: mpi/ring_zfp_naive
[Data] Train batches: 391, Val batches: 79


[Epoch 1] Training... (lr=0.000001)
  Batch [50/391] Loss: 2.3671, Acc: 11.00%
  Batch [100/391] Loss: 2.3658, Acc: 11.34%
  Batch [150/391] Loss: 2.3629, Acc: 11.12%
  Batch [200/391] Loss: 2.3625, Acc: 11.27%
  Batch [250/391] Loss: 2.3648, Acc: 10.76%
  Batch [300/391] Loss: 2.3649, Acc: 10.52%
  Batch [350/391] Loss: 2.3631, Acc: 10.44%
[Epoch 1] Train Loss: 2.3643, Acc: 10.38%  |  Val Loss: 216.0943, Acc: 10.36%  |  Time: 16.6s
  -> Best model saved (10.36%)
[Epoch 1] Summarizing hook timing...

[HOOK_TIMING_SUMMARY] epoch=1
[HOOK_WORK_SUMMARY] label=mpi:ring_zfp_naive:rate16 calls=3114 work_total_ms=9953.693 work_mean_ms=3.196 work_min_ms=2.074 work_max_ms=29.923
[HOOK_TAIL_SUMMARY] label=mpi:ring_zfp_naive:rate16 steps=392 tail_total_ms=5880.973 tail_mean_ms=15.002 tail_min_ms=2.628 tail_max_ms=143.424
[Epoch 1] Hook timing summary done

[Epoch 2] Training... (lr=0.001000)
  Batch [50/391] Loss: 2.2628, Acc: 16.25%
  Batch [100/391] Loss: 2.1762, Acc: 21.44%
  Batch [150/391] Loss: 2.1019, Acc: 25.38%
  Batch [200/391] Loss: 2.0164, Acc: 28.59%
  Batch [250/391] Loss: 1.9432, Acc: 31.48%
  Batch [300/391] Loss: 1.8777, Acc: 34.25%
  Batch [350/391] Loss: 1.8203, Acc: 36.39%
[Epoch 2] Train Loss: 1.7752, Acc: 38.00%  |  Val Loss: 1.2671, Acc: 57.16%  |  Time: 15.4s
  -> Best model saved (57.16%)
[Epoch 2] Summarizing hook timing...

[HOOK_TIMING_SUMMARY] epoch=2
[HOOK_WORK_SUMMARY] label=mpi:ring_zfp_naive:rate16 calls=3128 work_total_ms=10096.849 work_mean_ms=3.228 work_min_ms=2.061 work_max_ms=5.040
[HOOK_TAIL_SUMMARY] label=mpi:ring_zfp_naive:rate16 steps=391 tail_total_ms=6182.770 tail_mean_ms=15.813 tail_min_ms=13.921 tail_max_ms=16.769
[Epoch 2] Hook timing summary done

[Epoch 3] Training... (lr=0.000993)
  Batch [50/391] Loss: 1.3573, Acc: 54.31%
  Batch [100/391] Loss: 1.3121, Acc: 55.53%
  Batch [150/391] Loss: 1.2651, Acc: 56.96%
  Batch [200/391] Loss: 1.2263, Acc: 58.30%
  Batch [250/391] Loss: 1.2036, Acc: 58.98%
  Batch [300/391] Loss: 1.1899, Acc: 59.52%
  Batch [350/391] Loss: 1.1651, Acc: 60.39%
[Epoch 3] Train Loss: 1.1518, Acc: 60.82%  |  Val Loss: 0.8998, Acc: 69.36%  |  Time: 15.2s
  -> Best model saved (69.36%)
[Epoch 3] Summarizing hook timing...

[HOOK_TIMING_SUMMARY] epoch=3
[HOOK_WORK_SUMMARY] label=mpi:ring_zfp_naive:rate16 calls=3128 work_total_ms=9993.087 work_mean_ms=3.195 work_min_ms=2.061 work_max_ms=4.706
[HOOK_TAIL_SUMMARY] label=mpi:ring_zfp_naive:rate16 steps=391 tail_total_ms=6237.910 tail_mean_ms=15.954 tail_min_ms=13.502 tail_max_ms=16.536
[Epoch 3] Hook timing summary done

[Epoch 4] Training... (lr=0.000973)
  Batch [50/391] Loss: 0.9924, Acc: 65.12%
  Batch [100/391] Loss: 1.0094, Acc: 64.41%
  Batch [150/391] Loss: 0.9784, Acc: 65.67%
  Batch [200/391] Loss: 0.9753, Acc: 65.88%
  Batch [250/391] Loss: 0.9764, Acc: 65.95%
  Batch [300/391] Loss: 0.9686, Acc: 66.28%
  Batch [350/391] Loss: 0.9637, Acc: 66.53%
[Epoch 4] Train Loss: 0.9569, Acc: 66.62%  |  Val Loss: 0.7543, Acc: 74.56%  |  Time: 15.3s
  -> Best model saved (74.56%)
[Epoch 4] Summarizing hook timing...

[HOOK_TIMING_SUMMARY] epoch=4
[HOOK_WORK_SUMMARY] label=mpi:ring_zfp_naive:rate16 calls=3128 work_total_ms=10039.544 work_mean_ms=3.210 work_min_ms=2.059 work_max_ms=4.820
[HOOK_TAIL_SUMMARY] label=mpi:ring_zfp_naive:rate16 steps=391 tail_total_ms=6284.455 tail_mean_ms=16.073 tail_min_ms=14.189 tail_max_ms=16.775
[Epoch 4] Hook timing summary done

[Epoch 5] Training... (lr=0.000940)
  Batch [50/391] Loss: 0.8776, Acc: 68.75%
  Batch [100/391] Loss: 0.8539, Acc: 70.06%
  Batch [150/391] Loss: 0.8431, Acc: 70.19%
  Batch [200/391] Loss: 0.8297, Acc: 70.67%
  Batch [250/391] Loss: 0.8445, Acc: 70.41%
  Batch [300/391] Loss: 0.8442, Acc: 70.45%
  Batch [350/391] Loss: 0.8542, Acc: 70.15%
[Epoch 5] Train Loss: 0.8528, Acc: 70.28%  |  Val Loss: 0.6810, Acc: 77.04%  |  Time: 15.3s
  -> Best model saved (77.04%)
[Epoch 5] Summarizing hook timing...

[HOOK_TIMING_SUMMARY] epoch=5
[HOOK_WORK_SUMMARY] label=mpi:ring_zfp_naive:rate16 calls=3128 work_total_ms=9756.844 work_mean_ms=3.119 work_min_ms=2.055 work_max_ms=4.391
[HOOK_TAIL_SUMMARY] label=mpi:ring_zfp_naive:rate16 steps=391 tail_total_ms=5865.567 tail_mean_ms=15.001 tail_min_ms=13.557 tail_max_ms=16.549
[Epoch 5] Hook timing summary done

[Epoch 6] Training... (lr=0.000895)
  Batch [50/391] Loss: 0.8223, Acc: 71.94%
  Batch [100/391] Loss: 0.8134, Acc: 71.44%
  Batch [150/391] Loss: 0.8200, Acc: 71.15%
  Batch [200/391] Loss: 0.8068, Acc: 71.77%
  Batch [250/391] Loss: 0.8023, Acc: 72.05%
  Batch [300/391] Loss: 0.7963, Acc: 72.33%
  Batch [350/391] Loss: 0.7946, Acc: 72.48%
[Epoch 6] Train Loss: 0.7933, Acc: 72.60%  |  Val Loss: 0.6342, Acc: 78.36%  |  Time: 15.3s
  -> Best model saved (78.36%)
[Epoch 6] Summarizing hook timing...

[HOOK_TIMING_SUMMARY] epoch=6
[HOOK_WORK_SUMMARY] label=mpi:ring_zfp_naive:rate16 calls=3128 work_total_ms=9869.672 work_mean_ms=3.155 work_min_ms=2.056 work_max_ms=4.822
[HOOK_TAIL_SUMMARY] label=mpi:ring_zfp_naive:rate16 steps=391 tail_total_ms=5859.295 tail_mean_ms=14.985 tail_min_ms=13.313 tail_max_ms=15.957
[Epoch 6] Hook timing summary done

[Epoch 7] Training... (lr=0.000839)
  Batch [50/391] Loss: 0.7706, Acc: 72.12%
  Batch [100/391] Loss: 0.7558, Acc: 72.31%
  Batch [150/391] Loss: 0.7474, Acc: 72.92%
  Batch [200/391] Loss: 0.7322, Acc: 73.83%
  Batch [250/391] Loss: 0.7256, Acc: 74.26%
  Batch [300/391] Loss: 0.7135, Acc: 74.89%
  Batch [350/391] Loss: 0.7101, Acc: 74.91%
[Epoch 7] Train Loss: 0.7117, Acc: 74.94%  |  Val Loss: 0.6023, Acc: 80.00%  |  Time: 15.3s
  -> Best model saved (80.00%)
[Epoch 7] Summarizing hook timing...

[HOOK_TIMING_SUMMARY] epoch=7
[HOOK_WORK_SUMMARY] label=mpi:ring_zfp_naive:rate16 calls=3128 work_total_ms=9976.391 work_mean_ms=3.189 work_min_ms=2.060 work_max_ms=4.954
[HOOK_TAIL_SUMMARY] label=mpi:ring_zfp_naive:rate16 steps=391 tail_total_ms=5946.341 tail_mean_ms=15.208 tail_min_ms=13.199 tail_max_ms=16.228
[Epoch 7] Hook timing summary done

[Epoch 8] Training... (lr=0.000773)
  Batch [50/391] Loss: 0.7052, Acc: 76.75%
  Batch [100/391] Loss: 0.6901, Acc: 77.09%
  Batch [150/391] Loss: 0.7121, Acc: 76.17%
  Batch [200/391] Loss: 0.6974, Acc: 76.75%
  Batch [250/391] Loss: 0.6963, Acc: 76.55%
  Batch [300/391] Loss: 0.6958, Acc: 76.44%
  Batch [350/391] Loss: 0.6941, Acc: 76.47%
[Epoch 8] Train Loss: 0.6900, Acc: 76.49%  |  Val Loss: 0.5598, Acc: 81.40%  |  Time: 15.3s
  -> Best model saved (81.40%)
[Epoch 8] Summarizing hook timing...

[HOOK_TIMING_SUMMARY] epoch=8
[HOOK_WORK_SUMMARY] label=mpi:ring_zfp_naive:rate16 calls=3128 work_total_ms=9812.860 work_mean_ms=3.137 work_min_ms=2.059 work_max_ms=4.750
[HOOK_TAIL_SUMMARY] label=mpi:ring_zfp_naive:rate16 steps=391 tail_total_ms=5672.503 tail_mean_ms=14.508 tail_min_ms=13.300 tail_max_ms=15.811
[Epoch 8] Hook timing summary done

[Epoch 9] Training... (lr=0.000701)
  Batch [50/391] Loss: 0.6766, Acc: 77.25%
  Batch [100/391] Loss: 0.6621, Acc: 77.38%
  Batch [150/391] Loss: 0.6534, Acc: 77.79%
  Batch [200/391] Loss: 0.6629, Acc: 77.56%
  Batch [250/391] Loss: 0.6659, Acc: 77.46%
  Batch [300/391] Loss: 0.6643, Acc: 77.38%
  Batch [350/391] Loss: 0.6605, Acc: 77.48%
[Epoch 9] Train Loss: 0.6593, Acc: 77.58%  |  Val Loss: 0.5382, Acc: 81.88%  |  Time: 15.1s
  -> Best model saved (81.88%)
[Epoch 9] Summarizing hook timing...

[HOOK_TIMING_SUMMARY] epoch=9
[HOOK_WORK_SUMMARY] label=mpi:ring_zfp_naive:rate16 calls=3128 work_total_ms=9818.623 work_mean_ms=3.139 work_min_ms=2.022 work_max_ms=5.113
[HOOK_TAIL_SUMMARY] label=mpi:ring_zfp_naive:rate16 steps=391 tail_total_ms=5903.457 tail_mean_ms=15.098 tail_min_ms=12.857 tail_max_ms=16.160
[Epoch 9] Hook timing summary done

[Epoch 10] Training... (lr=0.000623)
  Batch [50/391] Loss: 0.5911, Acc: 79.94%
  Batch [100/391] Loss: 0.6220, Acc: 78.56%
  Batch [150/391] Loss: 0.6306, Acc: 78.48%
  Batch [200/391] Loss: 0.6350, Acc: 78.27%
  Batch [250/391] Loss: 0.6381, Acc: 77.96%
  Batch [300/391] Loss: 0.6298, Acc: 78.33%
  Batch [350/391] Loss: 0.6241, Acc: 78.55%
[Epoch 10] Train Loss: 0.6186, Acc: 78.72%  |  Val Loss: 0.5258, Acc: 81.32%  |  Time: 15.2s
[Epoch 10] Summarizing hook timing...

[HOOK_TIMING_SUMMARY] epoch=10
[HOOK_WORK_SUMMARY] label=mpi:ring_zfp_naive:rate16 calls=3128 work_total_ms=9854.421 work_mean_ms=3.150 work_min_ms=2.056 work_max_ms=4.514
[HOOK_TAIL_SUMMARY] label=mpi:ring_zfp_naive:rate16 steps=391 tail_total_ms=5940.316 tail_mean_ms=15.193 tail_min_ms=13.207 tail_max_ms=16.116
[Epoch 10] Hook timing summary done

[Epoch 11] Training... (lr=0.000541)
  Batch [50/391] Loss: 0.5962, Acc: 79.12%
  Batch [100/391] Loss: 0.6007, Acc: 79.34%
  Batch [150/391] Loss: 0.6014, Acc: 79.90%
  Batch [200/391] Loss: 0.6062, Acc: 79.55%
  Batch [250/391] Loss: 0.5999, Acc: 79.55%
  Batch [300/391] Loss: 0.5945, Acc: 79.79%
  Batch [350/391] Loss: 0.5898, Acc: 79.90%
[Epoch 11] Train Loss: 0.5891, Acc: 79.93%  |  Val Loss: 0.5365, Acc: 81.40%  |  Time: 15.3s
[Epoch 11] Summarizing hook timing...

[HOOK_TIMING_SUMMARY] epoch=11
[HOOK_WORK_SUMMARY] label=mpi:ring_zfp_naive:rate16 calls=3128 work_total_ms=9933.404 work_mean_ms=3.176 work_min_ms=2.062 work_max_ms=4.768
[HOOK_TAIL_SUMMARY] label=mpi:ring_zfp_naive:rate16 steps=391 tail_total_ms=5824.240 tail_mean_ms=14.896 tail_min_ms=13.332 tail_max_ms=15.843
[Epoch 11] Hook timing summary done

[Epoch 12] Training... (lr=0.000459)
  Batch [50/391] Loss: 0.5725, Acc: 80.44%
  Batch [100/391] Loss: 0.5823, Acc: 79.72%
  Batch [150/391] Loss: 0.5619, Acc: 80.48%
  Batch [200/391] Loss: 0.5686, Acc: 80.73%
  Batch [250/391] Loss: 0.5602, Acc: 81.03%
  Batch [300/391] Loss: 0.5552, Acc: 81.04%
  Batch [350/391] Loss: 0.5614, Acc: 80.74%
[Epoch 12] Train Loss: 0.5609, Acc: 80.72%  |  Val Loss: 0.4937, Acc: 82.64%  |  Time: 15.3s
  -> Best model saved (82.64%)
[Epoch 12] Summarizing hook timing...

[HOOK_TIMING_SUMMARY] epoch=12
[HOOK_WORK_SUMMARY] label=mpi:ring_zfp_naive:rate16 calls=3128 work_total_ms=10051.224 work_mean_ms=3.213 work_min_ms=2.065 work_max_ms=4.939
[HOOK_TAIL_SUMMARY] label=mpi:ring_zfp_naive:rate16 steps=391 tail_total_ms=6305.581 tail_mean_ms=16.127 tail_min_ms=13.996 tail_max_ms=16.713
[Epoch 12] Hook timing summary done

[Epoch 13] Training... (lr=0.000377)
  Batch [50/391] Loss: 0.5737, Acc: 80.19%
  Batch [100/391] Loss: 0.5349, Acc: 81.38%
  Batch [150/391] Loss: 0.5537, Acc: 80.75%
  Batch [200/391] Loss: 0.5553, Acc: 80.61%
  Batch [250/391] Loss: 0.5461, Acc: 81.15%
  Batch [300/391] Loss: 0.5479, Acc: 81.15%
  Batch [350/391] Loss: 0.5494, Acc: 81.10%
[Epoch 13] Train Loss: 0.5455, Acc: 81.14%  |  Val Loss: 0.4952, Acc: 83.36%  |  Time: 15.2s
  -> Best model saved (83.36%)
[Epoch 13] Summarizing hook timing...

[HOOK_TIMING_SUMMARY] epoch=13
[HOOK_WORK_SUMMARY] label=mpi:ring_zfp_naive:rate16 calls=3128 work_total_ms=9985.156 work_mean_ms=3.192 work_min_ms=2.051 work_max_ms=5.030
[HOOK_TAIL_SUMMARY] label=mpi:ring_zfp_naive:rate16 steps=391 tail_total_ms=6251.972 tail_mean_ms=15.990 tail_min_ms=13.964 tail_max_ms=17.166
[Epoch 13] Hook timing summary done

[Epoch 14] Training... (lr=0.000299)
  Batch [50/391] Loss: 0.5203, Acc: 80.88%
  Batch [100/391] Loss: 0.5506, Acc: 80.91%
  Batch [150/391] Loss: 0.5497, Acc: 80.85%
  Batch [200/391] Loss: 0.5460, Acc: 81.11%
  Batch [250/391] Loss: 0.5429, Acc: 81.42%
  Batch [300/391] Loss: 0.5483, Acc: 81.08%
  Batch [350/391] Loss: 0.5482, Acc: 81.09%
[Epoch 14] Train Loss: 0.5473, Acc: 81.14%  |  Val Loss: 0.5073, Acc: 82.16%  |  Time: 15.3s
[Epoch 14] Summarizing hook timing...

[HOOK_TIMING_SUMMARY] epoch=14
[HOOK_WORK_SUMMARY] label=mpi:ring_zfp_naive:rate16 calls=3128 work_total_ms=9943.914 work_mean_ms=3.179 work_min_ms=2.050 work_max_ms=5.019
[HOOK_TAIL_SUMMARY] label=mpi:ring_zfp_naive:rate16 steps=391 tail_total_ms=6048.321 tail_mean_ms=15.469 tail_min_ms=13.951 tail_max_ms=16.745
[Epoch 14] Hook timing summary done

[Epoch 15] Training... (lr=0.000227)
  Batch [50/391] Loss: 0.5079, Acc: 81.56%
  Batch [100/391] Loss: 0.5428, Acc: 81.00%
  Batch [150/391] Loss: 0.5279, Acc: 82.02%
  Batch [200/391] Loss: 0.5208, Acc: 82.23%
  Batch [250/391] Loss: 0.5175, Acc: 82.33%
  Batch [300/391] Loss: 0.5287, Acc: 81.96%
  Batch [350/391] Loss: 0.5262, Acc: 81.83%
[Epoch 15] Train Loss: 0.5263, Acc: 81.79%  |  Val Loss: 0.4821, Acc: 83.32%  |  Time: 15.3s
[Epoch 15] Summarizing hook timing...

[HOOK_TIMING_SUMMARY] epoch=15
[HOOK_WORK_SUMMARY] label=mpi:ring_zfp_naive:rate16 calls=3128 work_total_ms=9955.903 work_mean_ms=3.183 work_min_ms=2.061 work_max_ms=4.899
[HOOK_TAIL_SUMMARY] label=mpi:ring_zfp_naive:rate16 steps=391 tail_total_ms=5884.017 tail_mean_ms=15.049 tail_min_ms=13.199 tail_max_ms=16.131
[Epoch 15] Hook timing summary done

[Epoch 16] Training... (lr=0.000161)
  Batch [50/391] Loss: 0.5310, Acc: 81.94%
  Batch [100/391] Loss: 0.5242, Acc: 82.62%
  Batch [150/391] Loss: 0.5250, Acc: 82.50%
  Batch [200/391] Loss: 0.5283, Acc: 82.28%
  Batch [250/391] Loss: 0.5164, Acc: 82.41%
  Batch [300/391] Loss: 0.5178, Acc: 82.47%
  Batch [350/391] Loss: 0.5176, Acc: 82.38%
[Epoch 16] Train Loss: 0.5173, Acc: 82.44%  |  Val Loss: 0.4948, Acc: 83.00%  |  Time: 15.2s
[Epoch 16] Summarizing hook timing...

[HOOK_TIMING_SUMMARY] epoch=16
[HOOK_WORK_SUMMARY] label=mpi:ring_zfp_naive:rate16 calls=3128 work_total_ms=9901.454 work_mean_ms=3.165 work_min_ms=2.063 work_max_ms=17.536
[HOOK_TAIL_SUMMARY] label=mpi:ring_zfp_naive:rate16 steps=391 tail_total_ms=5936.585 tail_mean_ms=15.183 tail_min_ms=13.686 tail_max_ms=28.594
[Epoch 16] Hook timing summary done

[Epoch 17] Training... (lr=0.000105)
  Batch [50/391] Loss: 0.5300, Acc: 82.25%
  Batch [100/391] Loss: 0.5023, Acc: 83.28%
  Batch [150/391] Loss: 0.5187, Acc: 82.67%
  Batch [200/391] Loss: 0.5203, Acc: 82.55%
  Batch [250/391] Loss: 0.5191, Acc: 82.39%
  Batch [300/391] Loss: 0.5174, Acc: 82.42%
  Batch [350/391] Loss: 0.5140, Acc: 82.51%
[Epoch 17] Train Loss: 0.5196, Acc: 82.31%  |  Val Loss: 0.4910, Acc: 82.64%  |  Time: 15.3s
[Epoch 17] Summarizing hook timing...

[HOOK_TIMING_SUMMARY] epoch=17
[HOOK_WORK_SUMMARY] label=mpi:ring_zfp_naive:rate16 calls=3128 work_total_ms=9844.203 work_mean_ms=3.147 work_min_ms=2.023 work_max_ms=20.632
[HOOK_TAIL_SUMMARY] label=mpi:ring_zfp_naive:rate16 steps=391 tail_total_ms=5818.317 tail_mean_ms=14.881 tail_min_ms=13.972 tail_max_ms=32.409
[Epoch 17] Hook timing summary done

[Epoch 18] Training... (lr=0.000060)
  Batch [50/391] Loss: 0.5015, Acc: 82.19%
  Batch [100/391] Loss: 0.5116, Acc: 82.12%
  Batch [150/391] Loss: 0.5030, Acc: 82.31%
  Batch [200/391] Loss: 0.4985, Acc: 82.75%
  Batch [250/391] Loss: 0.5125, Acc: 82.46%
  Batch [300/391] Loss: 0.5136, Acc: 82.42%
  Batch [350/391] Loss: 0.5143, Acc: 82.36%
[Epoch 18] Train Loss: 0.5168, Acc: 82.34%  |  Val Loss: 0.4795, Acc: 83.52%  |  Time: 15.3s
  -> Best model saved (83.52%)
[Epoch 18] Summarizing hook timing...

[HOOK_TIMING_SUMMARY] epoch=18
[HOOK_WORK_SUMMARY] label=mpi:ring_zfp_naive:rate16 calls=3128 work_total_ms=9723.534 work_mean_ms=3.109 work_min_ms=2.050 work_max_ms=19.096
[HOOK_TAIL_SUMMARY] label=mpi:ring_zfp_naive:rate16 steps=391 tail_total_ms=5809.715 tail_mean_ms=14.859 tail_min_ms=14.081 tail_max_ms=30.351
[Epoch 18] Hook timing summary done

[Epoch 19] Training... (lr=0.000027)
  Batch [50/391] Loss: 0.5013, Acc: 83.19%
  Batch [100/391] Loss: 0.5241, Acc: 82.00%
  Batch [150/391] Loss: 0.5198, Acc: 81.73%
  Batch [200/391] Loss: 0.5237, Acc: 81.89%
  Batch [250/391] Loss: 0.5304, Acc: 81.75%
  Batch [300/391] Loss: 0.5213, Acc: 81.94%
  Batch [350/391] Loss: 0.5156, Acc: 82.08%
[Epoch 19] Train Loss: 0.5168, Acc: 82.13%  |  Val Loss: 0.4805, Acc: 82.96%  |  Time: 15.2s
[Epoch 19] Summarizing hook timing...

[HOOK_TIMING_SUMMARY] epoch=19
[HOOK_WORK_SUMMARY] label=mpi:ring_zfp_naive:rate16 calls=3128 work_total_ms=9788.996 work_mean_ms=3.129 work_min_ms=2.044 work_max_ms=4.451
[HOOK_TAIL_SUMMARY] label=mpi:ring_zfp_naive:rate16 steps=391 tail_total_ms=5849.662 tail_mean_ms=14.961 tail_min_ms=13.585 tail_max_ms=15.868
[Epoch 19] Hook timing summary done

[Epoch 20] Training... (lr=0.000007)
  Batch [50/391] Loss: 0.4942, Acc: 82.38%
  Batch [100/391] Loss: 0.4900, Acc: 82.91%
  Batch [150/391] Loss: 0.4890, Acc: 83.02%
  Batch [200/391] Loss: 0.4891, Acc: 83.08%
  Batch [250/391] Loss: 0.4962, Acc: 82.80%
  Batch [300/391] Loss: 0.5006, Acc: 82.50%
  Batch [350/391] Loss: 0.5071, Acc: 82.38%
[Epoch 20] Train Loss: 0.5032, Acc: 82.47%  |  Val Loss: 0.4737, Acc: 82.80%  |  Time: 15.0s
[Epoch 20] Summarizing hook timing...

[HOOK_TIMING_SUMMARY] epoch=20
[HOOK_WORK_SUMMARY] label=mpi:ring_zfp_naive:rate16 calls=3128 work_total_ms=9682.301 work_mean_ms=3.095 work_min_ms=2.035 work_max_ms=4.334
[HOOK_TAIL_SUMMARY] label=mpi:ring_zfp_naive:rate16 steps=391 tail_total_ms=5867.873 tail_mean_ms=15.007 tail_min_ms=14.041 tail_max_ms=15.543
[Epoch 20] Hook timing summary done

================================================================================
Done in 316.6s | Best val acc: 83.52%
Epoch times: mean=15.3s  min=15.0s  max=16.6s
================================================================================
