
================================================================================
Distributed Training: WIDE_RESNET50_2 on CIFAR10
Backend: MPI, Algorithm: recursive_doubling_zfp_online_coll
================================================================================
Ranks: 4, Epochs: 20, Batch/rank: 32, Effective batch: 128
LR: 0.001, Device: cuda:0

[Setup] Model on cuda:0, wrapped in DDP (static_graph=True)
[Setup] Hook registered: mpi/recursive_doubling_zfp_online_coll
[Data] Train batches: 391, Val batches: 79


[Epoch 1] Training... (lr=0.000001)
  Batch [50/391] Loss: 2.3670, Acc: 10.81%
  Batch [100/391] Loss: 2.3658, Acc: 11.28%
  Batch [150/391] Loss: 2.3630, Acc: 10.98%
  Batch [200/391] Loss: 2.3624, Acc: 11.16%
  Batch [250/391] Loss: 2.3649, Acc: 10.65%
  Batch [300/391] Loss: 2.3648, Acc: 10.42%
  Batch [350/391] Loss: 2.3630, Acc: 10.40%
[Epoch 1] Train Loss: 2.3641, Acc: 10.31%  |  Val Loss: 219.5252, Acc: 10.44%  |  Time: 14.6s
  -> Best model saved (10.44%)
[Epoch 1] Summarizing hook timing...

[HOOK_TIMING_SUMMARY] epoch=1
[HOOK_WORK_SUMMARY] label=mpi:recursive_doubling_zfp_online_coll:rate16 calls=3114 work_total_ms=8154.885 work_mean_ms=2.619 work_min_ms=0.960 work_max_ms=68.280
[HOOK_TAIL_SUMMARY] label=mpi:recursive_doubling_zfp_online_coll:rate16 steps=392 tail_total_ms=4511.163 tail_mean_ms=11.508 tail_min_ms=2.362 tail_max_ms=90.329
[Epoch 1] Hook timing summary done

[Epoch 2] Training... (lr=0.001000)
  Batch [50/391] Loss: 2.2770, Acc: 14.75%
  Batch [100/391] Loss: 2.1820, Acc: 20.25%
  Batch [150/391] Loss: 2.0994, Acc: 24.54%
  Batch [200/391] Loss: 2.0120, Acc: 28.36%
  Batch [250/391] Loss: 1.9340, Acc: 31.30%
  Batch [300/391] Loss: 1.8709, Acc: 33.72%
  Batch [350/391] Loss: 1.8125, Acc: 36.02%
[Epoch 2] Train Loss: 1.7687, Acc: 37.53%  |  Val Loss: 1.2259, Acc: 58.64%  |  Time: 13.3s
  -> Best model saved (58.64%)
[Epoch 2] Summarizing hook timing...

[HOOK_TIMING_SUMMARY] epoch=2
[HOOK_WORK_SUMMARY] label=mpi:recursive_doubling_zfp_online_coll:rate16 calls=3128 work_total_ms=7991.337 work_mean_ms=2.555 work_min_ms=1.073 work_max_ms=4.453
[HOOK_TAIL_SUMMARY] label=mpi:recursive_doubling_zfp_online_coll:rate16 steps=391 tail_total_ms=4153.334 tail_mean_ms=10.622 tail_min_ms=9.160 tail_max_ms=11.971
[Epoch 2] Hook timing summary done

[Epoch 3] Training... (lr=0.000993)
  Batch [50/391] Loss: 1.3367, Acc: 52.81%
  Batch [100/391] Loss: 1.2976, Acc: 54.25%
  Batch [150/391] Loss: 1.2527, Acc: 56.46%
  Batch [200/391] Loss: 1.2267, Acc: 57.27%
  Batch [250/391] Loss: 1.2022, Acc: 58.01%
  Batch [300/391] Loss: 1.1909, Acc: 58.57%
  Batch [350/391] Loss: 1.1732, Acc: 59.06%
[Epoch 3] Train Loss: 1.1596, Acc: 59.55%  |  Val Loss: 0.9160, Acc: 70.00%  |  Time: 13.4s
  -> Best model saved (70.00%)
[Epoch 3] Summarizing hook timing...

[HOOK_TIMING_SUMMARY] epoch=3
[HOOK_WORK_SUMMARY] label=mpi:recursive_doubling_zfp_online_coll:rate16 calls=3128 work_total_ms=7952.851 work_mean_ms=2.542 work_min_ms=1.095 work_max_ms=4.487
[HOOK_TAIL_SUMMARY] label=mpi:recursive_doubling_zfp_online_coll:rate16 steps=391 tail_total_ms=4293.056 tail_mean_ms=10.980 tail_min_ms=8.692 tail_max_ms=11.968
[Epoch 3] Hook timing summary done

[Epoch 4] Training... (lr=0.000973)
  Batch [50/391] Loss: 1.0176, Acc: 65.94%
  Batch [100/391] Loss: 1.0189, Acc: 65.66%
  Batch [150/391] Loss: 0.9849, Acc: 66.56%
  Batch [200/391] Loss: 0.9821, Acc: 66.33%
  Batch [250/391] Loss: 0.9788, Acc: 66.17%
  Batch [300/391] Loss: 0.9781, Acc: 66.02%
  Batch [350/391] Loss: 0.9725, Acc: 66.21%
[Epoch 4] Train Loss: 0.9681, Acc: 66.30%  |  Val Loss: 0.7401, Acc: 74.84%  |  Time: 13.4s
  -> Best model saved (74.84%)
[Epoch 4] Summarizing hook timing...

[HOOK_TIMING_SUMMARY] epoch=4
[HOOK_WORK_SUMMARY] label=mpi:recursive_doubling_zfp_online_coll:rate16 calls=3128 work_total_ms=8284.499 work_mean_ms=2.648 work_min_ms=1.357 work_max_ms=4.537
[HOOK_TAIL_SUMMARY] label=mpi:recursive_doubling_zfp_online_coll:rate16 steps=391 tail_total_ms=4748.762 tail_mean_ms=12.145 tail_min_ms=9.570 tail_max_ms=12.753
[Epoch 4] Hook timing summary done

[Epoch 5] Training... (lr=0.000940)
  Batch [50/391] Loss: 0.8900, Acc: 68.12%
  Batch [100/391] Loss: 0.8731, Acc: 69.44%
  Batch [150/391] Loss: 0.8569, Acc: 69.96%
  Batch [200/391] Loss: 0.8369, Acc: 70.58%
  Batch [250/391] Loss: 0.8450, Acc: 70.55%
  Batch [300/391] Loss: 0.8405, Acc: 70.58%
  Batch [350/391] Loss: 0.8463, Acc: 70.51%
[Epoch 5] Train Loss: 0.8433, Acc: 70.51%  |  Val Loss: 0.6564, Acc: 78.24%  |  Time: 13.5s
  -> Best model saved (78.24%)
[Epoch 5] Summarizing hook timing...

[HOOK_TIMING_SUMMARY] epoch=5
[HOOK_WORK_SUMMARY] label=mpi:recursive_doubling_zfp_online_coll:rate16 calls=3128 work_total_ms=8092.605 work_mean_ms=2.587 work_min_ms=1.356 work_max_ms=4.549
[HOOK_TAIL_SUMMARY] label=mpi:recursive_doubling_zfp_online_coll:rate16 steps=391 tail_total_ms=4414.871 tail_mean_ms=11.291 tail_min_ms=9.112 tail_max_ms=12.043
[Epoch 5] Hook timing summary done

[Epoch 6] Training... (lr=0.000895)
  Batch [50/391] Loss: 0.7639, Acc: 74.06%
  Batch [100/391] Loss: 0.7774, Acc: 73.50%
  Batch [150/391] Loss: 0.7887, Acc: 72.65%
  Batch [200/391] Loss: 0.7792, Acc: 72.97%
  Batch [250/391] Loss: 0.7838, Acc: 72.66%
  Batch [300/391] Loss: 0.7824, Acc: 72.75%
  Batch [350/391] Loss: 0.7848, Acc: 72.61%
[Epoch 6] Train Loss: 0.7831, Acc: 72.66%  |  Val Loss: 0.6233, Acc: 79.32%  |  Time: 13.4s
  -> Best model saved (79.32%)
[Epoch 6] Summarizing hook timing...

[HOOK_TIMING_SUMMARY] epoch=6
[HOOK_WORK_SUMMARY] label=mpi:recursive_doubling_zfp_online_coll:rate16 calls=3128 work_total_ms=7978.334 work_mean_ms=2.551 work_min_ms=1.327 work_max_ms=4.489
[HOOK_TAIL_SUMMARY] label=mpi:recursive_doubling_zfp_online_coll:rate16 steps=391 tail_total_ms=4302.965 tail_mean_ms=11.005 tail_min_ms=9.102 tail_max_ms=11.637
[Epoch 6] Hook timing summary done

[Epoch 7] Training... (lr=0.000839)
  Batch [50/391] Loss: 0.7622, Acc: 73.81%
  Batch [100/391] Loss: 0.7667, Acc: 73.19%
  Batch [150/391] Loss: 0.7645, Acc: 73.69%
  Batch [200/391] Loss: 0.7539, Acc: 73.98%
  Batch [250/391] Loss: 0.7454, Acc: 74.38%
  Batch [300/391] Loss: 0.7326, Acc: 74.70%
  Batch [350/391] Loss: 0.7255, Acc: 74.98%
[Epoch 7] Train Loss: 0.7288, Acc: 74.97%  |  Val Loss: 0.6076, Acc: 78.92%  |  Time: 13.5s
[Epoch 7] Summarizing hook timing...

[HOOK_TIMING_SUMMARY] epoch=7
[HOOK_WORK_SUMMARY] label=mpi:recursive_doubling_zfp_online_coll:rate16 calls=3128 work_total_ms=8302.524 work_mean_ms=2.654 work_min_ms=1.351 work_max_ms=4.715
[HOOK_TAIL_SUMMARY] label=mpi:recursive_doubling_zfp_online_coll:rate16 steps=391 tail_total_ms=4723.978 tail_mean_ms=12.082 tail_min_ms=9.188 tail_max_ms=13.165
[Epoch 7] Hook timing summary done

[Epoch 8] Training... (lr=0.000773)
  Batch [50/391] Loss: 0.7423, Acc: 75.19%
  Batch [100/391] Loss: 0.7280, Acc: 75.34%
  Batch [150/391] Loss: 0.7447, Acc: 74.56%
  Batch [200/391] Loss: 0.7237, Acc: 75.12%
  Batch [250/391] Loss: 0.7217, Acc: 74.97%
  Batch [300/391] Loss: 0.7171, Acc: 75.06%
  Batch [350/391] Loss: 0.7165, Acc: 75.03%
[Epoch 8] Train Loss: 0.7121, Acc: 75.16%  |  Val Loss: 0.5436, Acc: 81.40%  |  Time: 13.2s
  -> Best model saved (81.40%)
[Epoch 8] Summarizing hook timing...

[HOOK_TIMING_SUMMARY] epoch=8
[HOOK_WORK_SUMMARY] label=mpi:recursive_doubling_zfp_online_coll:rate16 calls=3128 work_total_ms=7860.464 work_mean_ms=2.513 work_min_ms=1.033 work_max_ms=6.614
[HOOK_TAIL_SUMMARY] label=mpi:recursive_doubling_zfp_online_coll:rate16 steps=391 tail_total_ms=3963.885 tail_mean_ms=10.138 tail_min_ms=9.368 tail_max_ms=14.290
[Epoch 8] Hook timing summary done

[Epoch 9] Training... (lr=0.000701)
  Batch [50/391] Loss: 0.6805, Acc: 76.44%
  Batch [100/391] Loss: 0.6745, Acc: 76.25%
  Batch [150/391] Loss: 0.6655, Acc: 76.88%
  Batch [200/391] Loss: 0.6676, Acc: 76.73%
  Batch [250/391] Loss: 0.6724, Acc: 76.78%
  Batch [300/391] Loss: 0.6730, Acc: 76.85%
  Batch [350/391] Loss: 0.6678, Acc: 76.96%
[Epoch 9] Train Loss: 0.6664, Acc: 77.02%  |  Val Loss: 0.5691, Acc: 81.40%  |  Time: 13.3s
[Epoch 9] Summarizing hook timing...

[HOOK_TIMING_SUMMARY] epoch=9
[HOOK_WORK_SUMMARY] label=mpi:recursive_doubling_zfp_online_coll:rate16 calls=3128 work_total_ms=7905.745 work_mean_ms=2.527 work_min_ms=1.063 work_max_ms=4.483
[HOOK_TAIL_SUMMARY] label=mpi:recursive_doubling_zfp_online_coll:rate16 steps=391 tail_total_ms=4051.215 tail_mean_ms=10.361 tail_min_ms=8.234 tail_max_ms=11.602
[Epoch 9] Hook timing summary done

[Epoch 10] Training... (lr=0.000623)
  Batch [50/391] Loss: 0.6240, Acc: 79.06%
  Batch [100/391] Loss: 0.6429, Acc: 77.47%
  Batch [150/391] Loss: 0.6455, Acc: 77.54%
  Batch [200/391] Loss: 0.6476, Acc: 77.66%
  Batch [250/391] Loss: 0.6507, Acc: 77.34%
  Batch [300/391] Loss: 0.6431, Acc: 77.73%
  Batch [350/391] Loss: 0.6384, Acc: 77.84%
[Epoch 10] Train Loss: 0.6351, Acc: 77.84%  |  Val Loss: 0.5324, Acc: 82.16%  |  Time: 13.3s
  -> Best model saved (82.16%)
[Epoch 10] Summarizing hook timing...

[HOOK_TIMING_SUMMARY] epoch=10
[HOOK_WORK_SUMMARY] label=mpi:recursive_doubling_zfp_online_coll:rate16 calls=3128 work_total_ms=7931.645 work_mean_ms=2.536 work_min_ms=1.070 work_max_ms=10.290
[HOOK_TAIL_SUMMARY] label=mpi:recursive_doubling_zfp_online_coll:rate16 steps=391 tail_total_ms=4291.602 tail_mean_ms=10.976 tail_min_ms=10.423 tail_max_ms=18.570
[Epoch 10] Hook timing summary done

[Epoch 11] Training... (lr=0.000541)
  Batch [50/391] Loss: 0.6098, Acc: 79.44%
  Batch [100/391] Loss: 0.6279, Acc: 78.91%
  Batch [150/391] Loss: 0.6226, Acc: 78.79%
  Batch [200/391] Loss: 0.6320, Acc: 78.27%
  Batch [250/391] Loss: 0.6258, Acc: 78.41%
  Batch [300/391] Loss: 0.6247, Acc: 78.52%
  Batch [350/391] Loss: 0.6217, Acc: 78.68%
[Epoch 11] Train Loss: 0.6213, Acc: 78.70%  |  Val Loss: 0.4988, Acc: 83.08%  |  Time: 13.4s
  -> Best model saved (83.08%)
[Epoch 11] Summarizing hook timing...

[HOOK_TIMING_SUMMARY] epoch=11
[HOOK_WORK_SUMMARY] label=mpi:recursive_doubling_zfp_online_coll:rate16 calls=3128 work_total_ms=8280.002 work_mean_ms=2.647 work_min_ms=1.359 work_max_ms=4.607
[HOOK_TAIL_SUMMARY] label=mpi:recursive_doubling_zfp_online_coll:rate16 steps=391 tail_total_ms=4755.558 tail_mean_ms=12.163 tail_min_ms=9.634 tail_max_ms=12.878
[Epoch 11] Hook timing summary done

[Epoch 12] Training... (lr=0.000459)
  Batch [50/391] Loss: 0.6091, Acc: 77.81%
  Batch [100/391] Loss: 0.6111, Acc: 77.75%
  Batch [150/391] Loss: 0.5988, Acc: 78.62%
  Batch [200/391] Loss: 0.6018, Acc: 78.83%
  Batch [250/391] Loss: 0.5962, Acc: 78.92%
  Batch [300/391] Loss: 0.5948, Acc: 79.00%
  Batch [350/391] Loss: 0.5994, Acc: 78.86%
[Epoch 12] Train Loss: 0.6016, Acc: 78.74%  |  Val Loss: 0.5195, Acc: 82.88%  |  Time: 13.2s
[Epoch 12] Summarizing hook timing...

[HOOK_TIMING_SUMMARY] epoch=12
[HOOK_WORK_SUMMARY] label=mpi:recursive_doubling_zfp_online_coll:rate16 calls=3128 work_total_ms=8054.419 work_mean_ms=2.575 work_min_ms=1.363 work_max_ms=4.420
[HOOK_TAIL_SUMMARY] label=mpi:recursive_doubling_zfp_online_coll:rate16 steps=391 tail_total_ms=4281.037 tail_mean_ms=10.949 tail_min_ms=9.491 tail_max_ms=12.045
[Epoch 12] Hook timing summary done

[Epoch 13] Training... (lr=0.000377)
  Batch [50/391] Loss: 0.5942, Acc: 78.00%
  Batch [100/391] Loss: 0.5696, Acc: 79.75%
  Batch [150/391] Loss: 0.5830, Acc: 79.29%
  Batch [200/391] Loss: 0.5811, Acc: 79.38%
  Batch [250/391] Loss: 0.5790, Acc: 79.54%
  Batch [300/391] Loss: 0.5818, Acc: 79.52%
  Batch [350/391] Loss: 0.5824, Acc: 79.57%
[Epoch 13] Train Loss: 0.5793, Acc: 79.78%  |  Val Loss: 0.5432, Acc: 82.64%  |  Time: 13.4s
[Epoch 13] Summarizing hook timing...

[HOOK_TIMING_SUMMARY] epoch=13
[HOOK_WORK_SUMMARY] label=mpi:recursive_doubling_zfp_online_coll:rate16 calls=3128 work_total_ms=8116.972 work_mean_ms=2.595 work_min_ms=1.367 work_max_ms=19.065
[HOOK_TAIL_SUMMARY] label=mpi:recursive_doubling_zfp_online_coll:rate16 steps=391 tail_total_ms=4306.927 tail_mean_ms=11.015 tail_min_ms=10.151 tail_max_ms=27.513
[Epoch 13] Hook timing summary done

[Epoch 14] Training... (lr=0.000299)
  Batch [50/391] Loss: 0.5617, Acc: 80.38%
  Batch [100/391] Loss: 0.5858, Acc: 79.56%
  Batch [150/391] Loss: 0.5798, Acc: 79.75%
  Batch [200/391] Loss: 0.5731, Acc: 80.33%
  Batch [250/391] Loss: 0.5735, Acc: 80.21%
  Batch [300/391] Loss: 0.5767, Acc: 80.02%
  Batch [350/391] Loss: 0.5756, Acc: 80.03%
[Epoch 14] Train Loss: 0.5774, Acc: 79.93%  |  Val Loss: 0.5535, Acc: 83.00%  |  Time: 13.3s
[Epoch 14] Summarizing hook timing...

[HOOK_TIMING_SUMMARY] epoch=14
[HOOK_WORK_SUMMARY] label=mpi:recursive_doubling_zfp_online_coll:rate16 calls=3128 work_total_ms=8205.307 work_mean_ms=2.623 work_min_ms=1.351 work_max_ms=29.759
[HOOK_TAIL_SUMMARY] label=mpi:recursive_doubling_zfp_online_coll:rate16 steps=391 tail_total_ms=4693.618 tail_mean_ms=12.004 tail_min_ms=11.031 tail_max_ms=38.509
[Epoch 14] Hook timing summary done

[Epoch 15] Training... (lr=0.000227)
  Batch [50/391] Loss: 0.5680, Acc: 80.75%
  Batch [100/391] Loss: 0.5909, Acc: 79.75%
  Batch [150/391] Loss: 0.5699, Acc: 80.69%
  Batch [200/391] Loss: 0.5646, Acc: 80.66%
  Batch [250/391] Loss: 0.5571, Acc: 80.94%
  Batch [300/391] Loss: 0.5663, Acc: 80.60%
  Batch [350/391] Loss: 0.5633, Acc: 80.60%
[Epoch 15] Train Loss: 0.5625, Acc: 80.47%  |  Val Loss: 0.5224, Acc: 83.20%  |  Time: 13.3s
  -> Best model saved (83.20%)
[Epoch 15] Summarizing hook timing...

[HOOK_TIMING_SUMMARY] epoch=15
[HOOK_WORK_SUMMARY] label=mpi:recursive_doubling_zfp_online_coll:rate16 calls=3128 work_total_ms=8136.674 work_mean_ms=2.601 work_min_ms=1.316 work_max_ms=15.984
[HOOK_TAIL_SUMMARY] label=mpi:recursive_doubling_zfp_online_coll:rate16 steps=391 tail_total_ms=4595.216 tail_mean_ms=11.752 tail_min_ms=10.640 tail_max_ms=24.823
[Epoch 15] Hook timing summary done

[Epoch 16] Training... (lr=0.000161)
  Batch [50/391] Loss: 0.5721, Acc: 80.81%
  Batch [100/391] Loss: 0.5665, Acc: 80.97%
  Batch [150/391] Loss: 0.5585, Acc: 80.81%
  Batch [200/391] Loss: 0.5625, Acc: 80.44%
  Batch [250/391] Loss: 0.5533, Acc: 80.71%
  Batch [300/391] Loss: 0.5573, Acc: 80.65%
  Batch [350/391] Loss: 0.5569, Acc: 80.62%
[Epoch 16] Train Loss: 0.5548, Acc: 80.73%  |  Val Loss: 0.5558, Acc: 83.36%  |  Time: 13.3s
  -> Best model saved (83.36%)
[Epoch 16] Summarizing hook timing...

[HOOK_TIMING_SUMMARY] epoch=16
[HOOK_WORK_SUMMARY] label=mpi:recursive_doubling_zfp_online_coll:rate16 calls=3128 work_total_ms=8022.396 work_mean_ms=2.565 work_min_ms=1.246 work_max_ms=4.573
[HOOK_TAIL_SUMMARY] label=mpi:recursive_doubling_zfp_online_coll:rate16 steps=391 tail_total_ms=4322.442 tail_mean_ms=11.055 tail_min_ms=9.441 tail_max_ms=12.791
[Epoch 16] Hook timing summary done

[Epoch 17] Training... (lr=0.000105)
  Batch [50/391] Loss: 0.5535, Acc: 80.19%
  Batch [100/391] Loss: 0.5411, Acc: 80.81%
  Batch [150/391] Loss: 0.5509, Acc: 80.54%
  Batch [200/391] Loss: 0.5584, Acc: 80.44%
  Batch [250/391] Loss: 0.5553, Acc: 80.38%
  Batch [300/391] Loss: 0.5557, Acc: 80.44%
  Batch [350/391] Loss: 0.5523, Acc: 80.57%
[Epoch 17] Train Loss: 0.5584, Acc: 80.33%  |  Val Loss: 0.5996, Acc: 83.96%  |  Time: 13.2s
  -> Best model saved (83.96%)
[Epoch 17] Summarizing hook timing...

[HOOK_TIMING_SUMMARY] epoch=17
[HOOK_WORK_SUMMARY] label=mpi:recursive_doubling_zfp_online_coll:rate16 calls=3128 work_total_ms=8038.339 work_mean_ms=2.570 work_min_ms=1.373 work_max_ms=4.530
[HOOK_TAIL_SUMMARY] label=mpi:recursive_doubling_zfp_online_coll:rate16 steps=391 tail_total_ms=4251.941 tail_mean_ms=10.875 tail_min_ms=8.877 tail_max_ms=11.380
[Epoch 17] Hook timing summary done

[Epoch 18] Training... (lr=0.000060)
  Batch [50/391] Loss: 0.5527, Acc: 80.88%
  Batch [100/391] Loss: 0.5473, Acc: 81.09%
  Batch [150/391] Loss: 0.5450, Acc: 81.33%
  Batch [200/391] Loss: 0.5409, Acc: 81.62%
  Batch [250/391] Loss: 0.5508, Acc: 81.10%
  Batch [300/391] Loss: 0.5478, Acc: 81.18%
  Batch [350/391] Loss: 0.5476, Acc: 81.12%
[Epoch 18] Train Loss: 0.5512, Acc: 81.02%  |  Val Loss: 0.6036, Acc: 83.68%  |  Time: 13.4s
[Epoch 18] Summarizing hook timing...

[HOOK_TIMING_SUMMARY] epoch=18
[HOOK_WORK_SUMMARY] label=mpi:recursive_doubling_zfp_online_coll:rate16 calls=3128 work_total_ms=8132.305 work_mean_ms=2.600 work_min_ms=1.365 work_max_ms=4.627
[HOOK_TAIL_SUMMARY] label=mpi:recursive_doubling_zfp_online_coll:rate16 steps=391 tail_total_ms=4396.936 tail_mean_ms=11.245 tail_min_ms=8.156 tail_max_ms=13.033
[Epoch 18] Hook timing summary done

[Epoch 19] Training... (lr=0.000027)
  Batch [50/391] Loss: 0.5350, Acc: 81.00%
  Batch [100/391] Loss: 0.5585, Acc: 80.56%
  Batch [150/391] Loss: 0.5590, Acc: 80.25%
  Batch [200/391] Loss: 0.5564, Acc: 80.45%
  Batch [250/391] Loss: 0.5597, Acc: 80.29%
  Batch [300/391] Loss: 0.5501, Acc: 80.77%
  Batch [350/391] Loss: 0.5462, Acc: 80.83%
[Epoch 19] Train Loss: 0.5494, Acc: 80.76%  |  Val Loss: 0.6805, Acc: 83.80%  |  Time: 13.5s
[Epoch 19] Summarizing hook timing...

[HOOK_TIMING_SUMMARY] epoch=19
[HOOK_WORK_SUMMARY] label=mpi:recursive_doubling_zfp_online_coll:rate16 calls=3128 work_total_ms=8302.312 work_mean_ms=2.654 work_min_ms=1.365 work_max_ms=15.880
[HOOK_TAIL_SUMMARY] label=mpi:recursive_doubling_zfp_online_coll:rate16 steps=391 tail_total_ms=4638.243 tail_mean_ms=11.863 tail_min_ms=10.776 tail_max_ms=24.660
[Epoch 19] Hook timing summary done

[Epoch 20] Training... (lr=0.000007)
  Batch [50/391] Loss: 0.5422, Acc: 81.50%
  Batch [100/391] Loss: 0.5217, Acc: 81.94%
  Batch [150/391] Loss: 0.5183, Acc: 81.90%
  Batch [200/391] Loss: 0.5231, Acc: 81.86%
  Batch [250/391] Loss: 0.5281, Acc: 81.62%
  Batch [300/391] Loss: 0.5356, Acc: 81.49%
  Batch [350/391] Loss: 0.5422, Acc: 81.28%
[Epoch 20] Train Loss: 0.5411, Acc: 81.34%  |  Val Loss: 0.6273, Acc: 83.44%  |  Time: 13.3s
[Epoch 20] Summarizing hook timing...

[HOOK_TIMING_SUMMARY] epoch=20
[HOOK_WORK_SUMMARY] label=mpi:recursive_doubling_zfp_online_coll:rate16 calls=3128 work_total_ms=7982.971 work_mean_ms=2.552 work_min_ms=1.137 work_max_ms=7.525
[HOOK_TAIL_SUMMARY] label=mpi:recursive_doubling_zfp_online_coll:rate16 steps=391 tail_total_ms=4158.634 tail_mean_ms=10.636 tail_min_ms=8.308 tail_max_ms=15.315
[Epoch 20] Hook timing summary done

================================================================================
Done in 279.2s | Best val acc: 83.96%
Epoch times: mean=13.4s  min=13.2s  max=14.6s
================================================================================
