=== Job started: Sun May 24 04:21:08 AM UTC 2026 ===
=== Node: x3105c0s7b0n0 ===

The following have been reloaded with a version change:
  1) gcc-native/14 => gcc-native/13


The following have been reloaded with a version change:
  1) gcc-native/13 => gcc-native/14.2

[INFO] GTL preloaded: /opt/cray/pe/mpich/9.0.1/ofi/nvidia/23.3/lib/libmpi_gtl_cuda.so
=============================================
  Polaris DDP + Eagle PyTorch + Cray MPICH
=============================================
Node              : x3105c0s7b0n0
ZFP_HOME          : /home/mrest/mpiAllReduceCompressed/zfp-install
GTL               : /opt/cray/pe/mpich/9.0.1/ofi/nvidia/23.3/lib/libmpi_gtl_cuda.so
MPICH_GPU_SUPPORT : 1

PyTorch version   : 2.8.0a0+gitba56102
PyTorch location  : /lus/eagle/projects/UIC-HPC/mrest/pytorch_mpi_build/src/pytorch/torch/__init__.py
CUDA available    : True 4
MPI available     : True
mpi4py            : MPI VERSION    : CRAY MPICH version 9.0.1.498 (ANL base 4.1.2)
mpi4py rank test  : rank 0 OK
=============================================
=== Starting training: backend=mpi, hook=None, zfp_rate=none at Sun May 24 04:21:24 AM UTC 2026 ===

================================================================================
DISTRIBUTED TRAINING LAUNCHER
================================================================================
  Model:      resnext101_32x8d (CIFAR stem) (pretrained)
  Dataset:    cifar10 (10 classes)
  Backend:    mpi
  Algorithm:  built-in (no hook)
  Epochs:     20
  Batch/rank: 32
  LR:         0.001
================================================================================


================================================================================
Distributed Training: RESNEXT101_32X8D on CIFAR10
Backend: MPI, Algorithm: built-in (no hook)
================================================================================
Ranks: 4, Epochs: 20, Batch/rank: 32, Effective batch: 128
LR: 0.001, Device: cuda:0

[Setup] Model on cuda:0, wrapped in DDP (static_graph=True)
[Setup] No hook — using DDP built-in MPI allreduce
[Data] Train batches: 391, Val batches: 79


[Epoch 1] Training... (lr=0.000001)

================================================================================
DISTRIBUTED TRAINING LAUNCHER
================================================================================
  Model:      resnext101_32x8d (CIFAR stem) (pretrained)
  Dataset:    cifar10 (10 classes)
  Backend:    mpi
  Algorithm:  built-in (no hook)
  Epochs:     20
  Batch/rank: 32
  LR:         0.001
================================================================================


================================================================================
DISTRIBUTED TRAINING LAUNCHER
================================================================================
  Model:      resnext101_32x8d (CIFAR stem) (pretrained)
  Dataset:    cifar10 (10 classes)
  Backend:    mpi
  Algorithm:  built-in (no hook)
  Epochs:     20
  Batch/rank: 32
  LR:         0.001
================================================================================


================================================================================
DISTRIBUTED TRAINING LAUNCHER
================================================================================
  Model:      resnext101_32x8d (CIFAR stem) (pretrained)
  Dataset:    cifar10 (10 classes)
  Backend:    mpi
  Algorithm:  built-in (no hook)
  Epochs:     20
  Batch/rank: 32
  LR:         0.001
================================================================================

  Batch [50/391] Loss: 2.3164, Acc: 10.38%
  Batch [100/391] Loss: 2.3122, Acc: 10.66%
  Batch [150/391] Loss: 2.3103, Acc: 10.71%
  Batch [200/391] Loss: 2.3114, Acc: 10.48%
  Batch [250/391] Loss: 2.3099, Acc: 10.79%
  Batch [300/391] Loss: 2.3099, Acc: 10.70%
  Batch [350/391] Loss: 2.3099, Acc: 10.63%
[Epoch 1] Train Loss: 2.3106, Acc: 10.74%  |  Val Loss: 2.3158, Acc: 10.04%  |  Time: 22.7s
  -> Best model saved (10.04%)
[Epoch 1] Summarizing hook timing...
[HOOK_TIMING_SUMMARY] epoch=1 no hook timing samples
[Epoch 1] Hook timing summary done

[Epoch 2] Training... (lr=0.000201)
  Batch [50/391] Loss: 2.3132, Acc: 10.50%
  Batch [100/391] Loss: 2.3091, Acc: 11.34%
  Batch [150/391] Loss: 2.3065, Acc: 11.81%
  Batch [200/391] Loss: 2.3014, Acc: 12.41%
  Batch [250/391] Loss: 2.2979, Acc: 12.62%
  Batch [300/391] Loss: 2.2956, Acc: 12.80%
  Batch [350/391] Loss: 2.2911, Acc: 13.31%
[Epoch 2] Train Loss: 2.2879, Acc: 13.64%  |  Val Loss: 2.2616, Acc: 17.36%  |  Time: 21.2s
  -> Best model saved (17.36%)
[Epoch 2] Summarizing hook timing...
[HOOK_TIMING_SUMMARY] epoch=2 no hook timing samples
[Epoch 2] Hook timing summary done

[Epoch 3] Training... (lr=0.000401)
  Batch [50/391] Loss: 2.2579, Acc: 17.00%
  Batch [100/391] Loss: 2.2527, Acc: 17.28%
  Batch [150/391] Loss: 2.2503, Acc: 17.54%
  Batch [200/391] Loss: 2.2457, Acc: 18.58%
  Batch [250/391] Loss: 2.2388, Acc: 19.94%
  Batch [300/391] Loss: 2.2310, Acc: 20.98%
  Batch [350/391] Loss: 2.2244, Acc: 21.70%
[Epoch 3] Train Loss: 2.2184, Acc: 22.14%  |  Val Loss: 2.1518, Acc: 28.72%  |  Time: 21.2s
  -> Best model saved (28.72%)
[Epoch 3] Summarizing hook timing...
[HOOK_TIMING_SUMMARY] epoch=3 no hook timing samples
[Epoch 3] Hook timing summary done

[Epoch 4] Training... (lr=0.000600)
  Batch [50/391] Loss: 2.1493, Acc: 28.81%
  Batch [100/391] Loss: 2.1441, Acc: 29.41%
  Batch [150/391] Loss: 2.1379, Acc: 29.60%
  Batch [200/391] Loss: 2.1341, Acc: 29.95%
  Batch [250/391] Loss: 2.1272, Acc: 30.38%
  Batch [300/391] Loss: 2.1192, Acc: 30.82%
  Batch [350/391] Loss: 2.1133, Acc: 31.25%
[Epoch 4] Train Loss: 2.1085, Acc: 31.54%  |  Val Loss: 2.0506, Acc: 35.12%  |  Time: 21.2s
  -> Best model saved (35.12%)
[Epoch 4] Summarizing hook timing...
[HOOK_TIMING_SUMMARY] epoch=4 no hook timing samples
[Epoch 4] Hook timing summary done

[Epoch 5] Training... (lr=0.000800)
  Batch [50/391] Loss: 2.0478, Acc: 34.12%
  Batch [100/391] Loss: 2.0390, Acc: 35.38%
  Batch [150/391] Loss: 2.0289, Acc: 36.52%
  Batch [200/391] Loss: 2.0209, Acc: 36.36%
  Batch [250/391] Loss: 2.0160, Acc: 36.25%
  Batch [300/391] Loss: 2.0087, Acc: 36.27%
  Batch [350/391] Loss: 2.0021, Acc: 36.46%
[Epoch 5] Train Loss: 1.9934, Acc: 36.98%  |  Val Loss: 1.9099, Acc: 41.52%  |  Time: 21.2s
  -> Best model saved (41.52%)
[Epoch 5] Summarizing hook timing...
[HOOK_TIMING_SUMMARY] epoch=5 no hook timing samples
[Epoch 5] Hook timing summary done

[Epoch 6] Training... (lr=0.001000)
  Batch [50/391] Loss: 1.9167, Acc: 39.31%
  Batch [100/391] Loss: 1.9127, Acc: 39.25%
  Batch [150/391] Loss: 1.9003, Acc: 40.25%
  Batch [200/391] Loss: 1.8914, Acc: 40.80%
  Batch [250/391] Loss: 1.8860, Acc: 40.90%
  Batch [300/391] Loss: 1.8798, Acc: 41.10%
  Batch [350/391] Loss: 1.8751, Acc: 41.27%
[Epoch 6] Train Loss: 1.8725, Acc: 41.26%  |  Val Loss: 1.8200, Acc: 44.40%  |  Time: 21.2s
  -> Best model saved (44.40%)
[Epoch 6] Summarizing hook timing...
[HOOK_TIMING_SUMMARY] epoch=6 no hook timing samples
[Epoch 6] Hook timing summary done

[Epoch 7] Training... (lr=0.000989)
  Batch [50/391] Loss: 1.8468, Acc: 41.12%
  Batch [100/391] Loss: 1.8365, Acc: 42.50%
  Batch [150/391] Loss: 1.8200, Acc: 43.77%
  Batch [200/391] Loss: 1.8096, Acc: 44.02%
  Batch [250/391] Loss: 1.7960, Acc: 44.77%
  Batch [300/391] Loss: 1.7851, Acc: 45.12%
  Batch [350/391] Loss: 1.7788, Acc: 45.36%
[Epoch 7] Train Loss: 1.7747, Acc: 45.32%  |  Val Loss: 1.7125, Acc: 47.84%  |  Time: 21.2s
  -> Best model saved (47.84%)
[Epoch 7] Summarizing hook timing...
[HOOK_TIMING_SUMMARY] epoch=7 no hook timing samples
[Epoch 7] Hook timing summary done

[Epoch 8] Training... (lr=0.000957)
  Batch [50/391] Loss: 1.7281, Acc: 44.38%
  Batch [100/391] Loss: 1.7160, Acc: 46.09%
  Batch [150/391] Loss: 1.7049, Acc: 46.38%
  Batch [200/391] Loss: 1.6880, Acc: 46.89%
  Batch [250/391] Loss: 1.6755, Acc: 46.95%
  Batch [300/391] Loss: 1.6637, Acc: 47.50%
  Batch [350/391] Loss: 1.6569, Acc: 47.76%
[Epoch 8] Train Loss: 1.6504, Acc: 47.85%  |  Val Loss: 1.5471, Acc: 52.92%  |  Time: 21.2s
  -> Best model saved (52.92%)
[Epoch 8] Summarizing hook timing...
[HOOK_TIMING_SUMMARY] epoch=8 no hook timing samples
[Epoch 8] Hook timing summary done

[Epoch 9] Training... (lr=0.000905)
  Batch [50/391] Loss: 1.5760, Acc: 49.38%
  Batch [100/391] Loss: 1.5641, Acc: 49.88%
  Batch [150/391] Loss: 1.5447, Acc: 51.06%
  Batch [200/391] Loss: 1.5437, Acc: 50.98%
  Batch [250/391] Loss: 1.5380, Acc: 51.15%
  Batch [300/391] Loss: 1.5274, Acc: 51.43%
  Batch [350/391] Loss: 1.5157, Acc: 51.95%
[Epoch 9] Train Loss: 1.5092, Acc: 52.13%  |  Val Loss: 1.4335, Acc: 56.80%  |  Time: 21.2s
  -> Best model saved (56.80%)
[Epoch 9] Summarizing hook timing...
[HOOK_TIMING_SUMMARY] epoch=9 no hook timing samples
[Epoch 9] Hook timing summary done

[Epoch 10] Training... (lr=0.000835)
  Batch [50/391] Loss: 1.4319, Acc: 56.38%
  Batch [100/391] Loss: 1.4347, Acc: 54.62%
  Batch [150/391] Loss: 1.4346, Acc: 54.56%
  Batch [200/391] Loss: 1.4244, Acc: 54.69%
  Batch [250/391] Loss: 1.4217, Acc: 54.77%
  Batch [300/391] Loss: 1.4143, Acc: 55.10%
  Batch [350/391] Loss: 1.4071, Acc: 55.43%
[Epoch 10] Train Loss: 1.3996, Acc: 55.50%  |  Val Loss: 1.3322, Acc: 60.36%  |  Time: 21.3s
  -> Best model saved (60.36%)
[Epoch 10] Summarizing hook timing...
[HOOK_TIMING_SUMMARY] epoch=10 no hook timing samples
[Epoch 10] Hook timing summary done

[Epoch 11] Training... (lr=0.000750)
  Batch [50/391] Loss: 1.3251, Acc: 60.44%
  Batch [100/391] Loss: 1.3341, Acc: 59.00%
  Batch [150/391] Loss: 1.3332, Acc: 58.71%
  Batch [200/391] Loss: 1.3356, Acc: 58.48%
  Batch [250/391] Loss: 1.3278, Acc: 58.73%
  Batch [300/391] Loss: 1.3205, Acc: 58.91%
  Batch [350/391] Loss: 1.3107, Acc: 59.12%
[Epoch 11] Train Loss: 1.3088, Acc: 58.94%  |  Val Loss: 1.2574, Acc: 63.24%  |  Time: 21.2s
  -> Best model saved (63.24%)
[Epoch 11] Summarizing hook timing...
[HOOK_TIMING_SUMMARY] epoch=11 no hook timing samples
[Epoch 11] Hook timing summary done

[Epoch 12] Training... (lr=0.000655)
  Batch [50/391] Loss: 1.2580, Acc: 60.44%
  Batch [100/391] Loss: 1.2639, Acc: 59.62%
  Batch [150/391] Loss: 1.2619, Acc: 59.56%
  Batch [200/391] Loss: 1.2579, Acc: 59.70%
  Batch [250/391] Loss: 1.2466, Acc: 60.16%
  Batch [300/391] Loss: 1.2460, Acc: 60.31%
  Batch [350/391] Loss: 1.2451, Acc: 60.38%
[Epoch 12] Train Loss: 1.2403, Acc: 60.37%  |  Val Loss: 1.1882, Acc: 65.56%  |  Time: 21.2s
  -> Best model saved (65.56%)
[Epoch 12] Summarizing hook timing...
[HOOK_TIMING_SUMMARY] epoch=12 no hook timing samples
[Epoch 12] Hook timing summary done

[Epoch 13] Training... (lr=0.000552)
  Batch [50/391] Loss: 1.2008, Acc: 62.19%
  Batch [100/391] Loss: 1.1927, Acc: 62.78%
  Batch [150/391] Loss: 1.1985, Acc: 62.42%
  Batch [200/391] Loss: 1.1893, Acc: 62.56%
  Batch [250/391] Loss: 1.1791, Acc: 62.76%
  Batch [300/391] Loss: 1.1736, Acc: 63.08%
  Batch [350/391] Loss: 1.1684, Acc: 63.13%
[Epoch 13] Train Loss: 1.1617, Acc: 63.22%  |  Val Loss: 1.1023, Acc: 67.08%  |  Time: 21.2s
  -> Best model saved (67.08%)
[Epoch 13] Summarizing hook timing...
[HOOK_TIMING_SUMMARY] epoch=13 no hook timing samples
[Epoch 13] Hook timing summary done

[Epoch 14] Training... (lr=0.000448)
  Batch [50/391] Loss: 1.0936, Acc: 65.00%
  Batch [100/391] Loss: 1.1109, Acc: 64.41%
  Batch [150/391] Loss: 1.1149, Acc: 64.33%
  Batch [200/391] Loss: 1.1209, Acc: 63.83%
  Batch [250/391] Loss: 1.1216, Acc: 63.79%
  Batch [300/391] Loss: 1.1206, Acc: 63.90%
  Batch [350/391] Loss: 1.1185, Acc: 63.90%
[Epoch 14] Train Loss: 1.1152, Acc: 64.02%  |  Val Loss: 1.0704, Acc: 68.64%  |  Time: 21.1s
  -> Best model saved (68.64%)
[Epoch 14] Summarizing hook timing...
[HOOK_TIMING_SUMMARY] epoch=14 no hook timing samples
[Epoch 14] Hook timing summary done

[Epoch 15] Training... (lr=0.000345)
  Batch [50/391] Loss: 1.0753, Acc: 65.12%
  Batch [100/391] Loss: 1.1096, Acc: 63.78%
  Batch [150/391] Loss: 1.1025, Acc: 64.21%
  Batch [200/391] Loss: 1.0985, Acc: 63.73%
  Batch [250/391] Loss: 1.0936, Acc: 63.74%
  Batch [300/391] Loss: 1.0882, Acc: 63.81%
  Batch [350/391] Loss: 1.0760, Acc: 64.38%
[Epoch 15] Train Loss: 1.0647, Acc: 64.86%  |  Val Loss: 0.9579, Acc: 70.12%  |  Time: 21.2s
  -> Best model saved (70.12%)
[Epoch 15] Summarizing hook timing...
[HOOK_TIMING_SUMMARY] epoch=15 no hook timing samples
[Epoch 15] Hook timing summary done

[Epoch 16] Training... (lr=0.000250)
  Batch [50/391] Loss: 0.9906, Acc: 66.12%
  Batch [100/391] Loss: 1.0051, Acc: 65.53%
  Batch [150/391] Loss: 1.0015, Acc: 65.85%
  Batch [200/391] Loss: 1.0065, Acc: 65.67%
  Batch [250/391] Loss: 0.9998, Acc: 66.00%
  Batch [300/391] Loss: 1.0041, Acc: 65.84%
  Batch [350/391] Loss: 0.9968, Acc: 66.38%
[Epoch 16] Train Loss: 0.9961, Acc: 66.42%  |  Val Loss: 0.9257, Acc: 70.64%  |  Time: 21.2s
  -> Best model saved (70.64%)
[Epoch 16] Summarizing hook timing...
[HOOK_TIMING_SUMMARY] epoch=16 no hook timing samples
[Epoch 16] Hook timing summary done

[Epoch 17] Training... (lr=0.000165)
  Batch [50/391] Loss: 1.0128, Acc: 66.44%
  Batch [100/391] Loss: 0.9920, Acc: 66.81%
  Batch [150/391] Loss: 0.9959, Acc: 66.44%
  Batch [200/391] Loss: 1.0041, Acc: 66.19%
  Batch [250/391] Loss: 0.9907, Acc: 66.70%
  Batch [300/391] Loss: 0.9923, Acc: 66.80%
  Batch [350/391] Loss: 0.9919, Acc: 66.70%
[Epoch 17] Train Loss: 0.9913, Acc: 66.67%  |  Val Loss: 0.9290, Acc: 70.88%  |  Time: 21.2s
  -> Best model saved (70.88%)
[Epoch 17] Summarizing hook timing...
[HOOK_TIMING_SUMMARY] epoch=17 no hook timing samples
[Epoch 17] Hook timing summary done

[Epoch 18] Training... (lr=0.000095)
  Batch [50/391] Loss: 1.0510, Acc: 64.81%
  Batch [100/391] Loss: 1.0412, Acc: 65.03%
  Batch [150/391] Loss: 1.0189, Acc: 65.65%
  Batch [200/391] Loss: 1.0001, Acc: 66.50%
  Batch [250/391] Loss: 1.0031, Acc: 66.41%
  Batch [300/391] Loss: 0.9991, Acc: 66.74%
  Batch [350/391] Loss: 0.9967, Acc: 66.79%
[Epoch 18] Train Loss: 0.9934, Acc: 66.74%  |  Val Loss: 0.9284, Acc: 70.76%  |  Time: 21.2s
[Epoch 18] Summarizing hook timing...
[HOOK_TIMING_SUMMARY] epoch=18 no hook timing samples
[Epoch 18] Hook timing summary done

[Epoch 19] Training... (lr=0.000043)
  Batch [50/391] Loss: 0.9321, Acc: 70.06%
  Batch [100/391] Loss: 0.9512, Acc: 68.34%
  Batch [150/391] Loss: 0.9759, Acc: 67.58%
  Batch [200/391] Loss: 0.9862, Acc: 67.17%
  Batch [250/391] Loss: 0.9891, Acc: 66.70%
  Batch [300/391] Loss: 0.9881, Acc: 66.62%
  Batch [350/391] Loss: 0.9821, Acc: 67.07%
[Epoch 19] Train Loss: 0.9817, Acc: 67.21%  |  Val Loss: 0.9149, Acc: 71.04%  |  Time: 21.2s
  -> Best model saved (71.04%)
[Epoch 19] Summarizing hook timing...
[HOOK_TIMING_SUMMARY] epoch=19 no hook timing samples
[Epoch 19] Hook timing summary done

[Epoch 20] Training... (lr=0.000011)
  Batch [50/391] Loss: 0.9523, Acc: 68.94%
  Batch [100/391] Loss: 0.9532, Acc: 68.00%
  Batch [150/391] Loss: 0.9632, Acc: 67.67%
  Batch [200/391] Loss: 0.9525, Acc: 67.86%
  Batch [250/391] Loss: 0.9616, Acc: 67.66%
  Batch [300/391] Loss: 0.9649, Acc: 67.74%
  Batch [350/391] Loss: 0.9725, Acc: 67.79%
[Epoch 20] Train Loss: 0.9727, Acc: 67.79%  |  Val Loss: 0.9097, Acc: 71.56%  |  Time: 21.3s
  -> Best model saved (71.56%)
[Epoch 20] Summarizing hook timing...
[HOOK_TIMING_SUMMARY] epoch=20 no hook timing samples
[Epoch 20] Hook timing summary done

================================================================================
Done in 447.5s | Best val acc: 71.56%
Epoch times: mean=21.3s  min=21.1s  max=22.7s
================================================================================
=== Finished training: backend=mpi, hook=None, zfp_rate=none, status=0 at Sun May 24 04:29:01 AM UTC 2026 ===
=== Starting training: backend=mpi, hook=ring, zfp_rate=none at Sun May 24 04:29:01 AM UTC 2026 ===

================================================================================
DISTRIBUTED TRAINING LAUNCHER
================================================================================
  Model:      resnext101_32x8d (CIFAR stem) (pretrained)
  Dataset:    cifar10 (10 classes)
  Backend:    mpi
  Algorithm:  ring
  Epochs:     20
  Batch/rank: 32
  LR:         0.001
================================================================================


================================================================================
Distributed Training: RESNEXT101_32X8D on CIFAR10
Backend: MPI, Algorithm: ring
================================================================================
Ranks: 4, Epochs: 20, Batch/rank: 32, Effective batch: 128
LR: 0.001, Device: cuda:0

[Setup] Model on cuda:0, wrapped in DDP (static_graph=True)
[Setup] Hook registered: mpi/ring
[Data] Train batches: 391, Val batches: 79


[Epoch 1] Training... (lr=0.000001)

================================================================================
DISTRIBUTED TRAINING LAUNCHER
================================================================================
  Model:      resnext101_32x8d (CIFAR stem) (pretrained)
  Dataset:    cifar10 (10 classes)
  Backend:    mpi
  Algorithm:  ring
  Epochs:     20
  Batch/rank: 32
  LR:         0.001
================================================================================


================================================================================
DISTRIBUTED TRAINING LAUNCHER
================================================================================
  Model:      resnext101_32x8d (CIFAR stem) (pretrained)
  Dataset:    cifar10 (10 classes)
  Backend:    mpi
  Algorithm:  ring
  Epochs:     20
  Batch/rank: 32
  LR:         0.001
================================================================================


================================================================================
DISTRIBUTED TRAINING LAUNCHER
================================================================================
  Model:      resnext101_32x8d (CIFAR stem) (pretrained)
  Dataset:    cifar10 (10 classes)
  Backend:    mpi
  Algorithm:  ring
  Epochs:     20
  Batch/rank: 32
  LR:         0.001
================================================================================

  Batch [50/391] Loss: 2.3163, Acc: 10.31%
  Batch [100/391] Loss: 2.3122, Acc: 10.56%
  Batch [150/391] Loss: 2.3103, Acc: 10.75%
  Batch [200/391] Loss: 2.3114, Acc: 10.50%
  Batch [250/391] Loss: 2.3099, Acc: 10.82%
  Batch [300/391] Loss: 2.3099, Acc: 10.73%
  Batch [350/391] Loss: 2.3099, Acc: 10.67%
[Epoch 1] Train Loss: 2.3106, Acc: 10.77%  |  Val Loss: 2.3158, Acc: 10.12%  |  Time: 28.6s
  -> Best model saved (10.12%)
[Epoch 1] Summarizing hook timing...

[HOOK_TIMING_SUMMARY] epoch=1
[HOOK_WORK_SUMMARY] label=mpi:ring calls=5059 work_total_ms=17772.576 work_mean_ms=3.513 work_min_ms=0.714 work_max_ms=32.141
[HOOK_TAIL_SUMMARY] label=mpi:ring steps=392 tail_total_ms=11164.952 tail_mean_ms=28.482 tail_min_ms=12.763 tail_max_ms=53.858
[Epoch 1] Hook timing summary done

[Epoch 2] Training... (lr=0.000201)
  Batch [50/391] Loss: 2.3134, Acc: 10.88%
  Batch [100/391] Loss: 2.3096, Acc: 11.41%
  Batch [150/391] Loss: 2.3071, Acc: 11.73%
  Batch [200/391] Loss: 2.3032, Acc: 12.23%
  Batch [250/391] Loss: 2.3008, Acc: 12.36%
  Batch [300/391] Loss: 2.2995, Acc: 12.33%
  Batch [350/391] Loss: 2.2967, Acc: 12.68%
[Epoch 2] Train Loss: 2.2948, Acc: 12.87%  |  Val Loss: 2.2821, Acc: 15.08%  |  Time: 27.2s
  -> Best model saved (15.08%)
[Epoch 2] Summarizing hook timing...

[HOOK_TIMING_SUMMARY] epoch=2
[HOOK_WORK_SUMMARY] label=mpi:ring calls=5083 work_total_ms=17768.514 work_mean_ms=3.496 work_min_ms=0.684 work_max_ms=31.570
[HOOK_TAIL_SUMMARY] label=mpi:ring steps=391 tail_total_ms=11109.140 tail_mean_ms=28.412 tail_min_ms=16.825 tail_max_ms=29.968
[Epoch 2] Hook timing summary done

[Epoch 3] Training... (lr=0.000401)
  Batch [50/391] Loss: 2.2796, Acc: 15.12%
  Batch [100/391] Loss: 2.2748, Acc: 16.03%
  Batch [150/391] Loss: 2.2715, Acc: 16.12%
  Batch [200/391] Loss: 2.2668, Acc: 16.77%
  Batch [250/391] Loss: 2.2609, Acc: 17.48%
  Batch [300/391] Loss: 2.2563, Acc: 18.05%
  Batch [350/391] Loss: 2.2528, Acc: 18.59%
[Epoch 3] Train Loss: 2.2488, Acc: 19.17%  |  Val Loss: 2.2099, Acc: 24.12%  |  Time: 27.1s
  -> Best model saved (24.12%)
[Epoch 3] Summarizing hook timing...

[HOOK_TIMING_SUMMARY] epoch=3
[HOOK_WORK_SUMMARY] label=mpi:ring calls=5083 work_total_ms=17777.261 work_mean_ms=3.497 work_min_ms=0.680 work_max_ms=32.180
[HOOK_TAIL_SUMMARY] label=mpi:ring steps=391 tail_total_ms=11309.529 tail_mean_ms=28.925 tail_min_ms=17.168 tail_max_ms=30.060
[Epoch 3] Hook timing summary done

[Epoch 4] Training... (lr=0.000600)
  Batch [50/391] Loss: 2.2152, Acc: 22.94%
  Batch [100/391] Loss: 2.2071, Acc: 24.06%
  Batch [150/391] Loss: 2.1990, Acc: 24.79%
  Batch [200/391] Loss: 2.1916, Acc: 25.41%
  Batch [250/391] Loss: 2.1836, Acc: 25.99%
  Batch [300/391] Loss: 2.1757, Acc: 26.74%
  Batch [350/391] Loss: 2.1690, Acc: 27.12%
[Epoch 4] Train Loss: 2.1633, Acc: 27.62%  |  Val Loss: 2.1021, Acc: 32.24%  |  Time: 27.2s
  -> Best model saved (32.24%)
[Epoch 4] Summarizing hook timing...

[HOOK_TIMING_SUMMARY] epoch=4
[HOOK_WORK_SUMMARY] label=mpi:ring calls=5083 work_total_ms=17346.265 work_mean_ms=3.413 work_min_ms=0.688 work_max_ms=31.121
[HOOK_TAIL_SUMMARY] label=mpi:ring steps=391 tail_total_ms=10649.935 tail_mean_ms=27.238 tail_min_ms=13.908 tail_max_ms=30.720
[Epoch 4] Hook timing summary done

[Epoch 5] Training... (lr=0.000800)
  Batch [50/391] Loss: 2.1015, Acc: 31.81%
  Batch [100/391] Loss: 2.0893, Acc: 33.53%
  Batch [150/391] Loss: 2.0761, Acc: 34.58%
  Batch [200/391] Loss: 2.0647, Acc: 34.70%
  Batch [250/391] Loss: 2.0596, Acc: 34.50%
  Batch [300/391] Loss: 2.0519, Acc: 34.80%
  Batch [350/391] Loss: 2.0448, Acc: 35.12%
[Epoch 5] Train Loss: 2.0354, Acc: 35.45%  |  Val Loss: 1.9490, Acc: 40.36%  |  Time: 27.1s
  -> Best model saved (40.36%)
[Epoch 5] Summarizing hook timing...

[HOOK_TIMING_SUMMARY] epoch=5
[HOOK_WORK_SUMMARY] label=mpi:ring calls=5083 work_total_ms=17531.645 work_mean_ms=3.449 work_min_ms=0.683 work_max_ms=32.062
[HOOK_TAIL_SUMMARY] label=mpi:ring steps=391 tail_total_ms=10707.222 tail_mean_ms=27.384 tail_min_ms=15.542 tail_max_ms=29.441
[Epoch 5] Hook timing summary done

[Epoch 6] Training... (lr=0.001000)
  Batch [50/391] Loss: 1.9495, Acc: 38.06%
  Batch [100/391] Loss: 1.9427, Acc: 38.72%
  Batch [150/391] Loss: 1.9259, Acc: 39.79%
  Batch [200/391] Loss: 1.9148, Acc: 40.38%
  Batch [250/391] Loss: 1.9023, Acc: 40.81%
  Batch [300/391] Loss: 1.8901, Acc: 41.04%
  Batch [350/391] Loss: 1.8811, Acc: 41.23%
[Epoch 6] Train Loss: 1.8720, Acc: 41.73%  |  Val Loss: 1.7778, Acc: 45.76%  |  Time: 27.2s
  -> Best model saved (45.76%)
[Epoch 6] Summarizing hook timing...

[HOOK_TIMING_SUMMARY] epoch=6
[HOOK_WORK_SUMMARY] label=mpi:ring calls=5083 work_total_ms=17587.791 work_mean_ms=3.460 work_min_ms=0.685 work_max_ms=32.071
[HOOK_TAIL_SUMMARY] label=mpi:ring steps=391 tail_total_ms=10692.929 tail_mean_ms=27.348 tail_min_ms=15.614 tail_max_ms=29.811
[Epoch 6] Hook timing summary done

[Epoch 7] Training... (lr=0.000989)
  Batch [50/391] Loss: 1.8021, Acc: 44.00%
  Batch [100/391] Loss: 1.7857, Acc: 45.22%
  Batch [150/391] Loss: 1.7631, Acc: 46.06%
  Batch [200/391] Loss: 1.7510, Acc: 46.36%
  Batch [250/391] Loss: 1.7358, Acc: 46.66%
  Batch [300/391] Loss: 1.7220, Acc: 47.29%
  Batch [350/391] Loss: 1.7139, Acc: 47.51%
[Epoch 7] Train Loss: 1.7088, Acc: 47.31%  |  Val Loss: 1.6081, Acc: 51.44%  |  Time: 27.2s
  -> Best model saved (51.44%)
[Epoch 7] Summarizing hook timing...

[HOOK_TIMING_SUMMARY] epoch=7
[HOOK_WORK_SUMMARY] label=mpi:ring calls=5083 work_total_ms=17651.250 work_mean_ms=3.473 work_min_ms=0.687 work_max_ms=31.450
[HOOK_TAIL_SUMMARY] label=mpi:ring steps=391 tail_total_ms=10732.405 tail_mean_ms=27.449 tail_min_ms=14.501 tail_max_ms=28.634
[Epoch 7] Hook timing summary done

[Epoch 8] Training... (lr=0.000957)
  Batch [50/391] Loss: 1.6289, Acc: 47.88%
  Batch [100/391] Loss: 1.6226, Acc: 48.44%
  Batch [150/391] Loss: 1.6117, Acc: 48.69%
  Batch [200/391] Loss: 1.5932, Acc: 49.44%
  Batch [250/391] Loss: 1.5780, Acc: 50.05%
  Batch [300/391] Loss: 1.5700, Acc: 50.30%
  Batch [350/391] Loss: 1.5663, Acc: 50.38%
[Epoch 8] Train Loss: 1.5606, Acc: 50.65%  |  Val Loss: 1.4778, Acc: 56.20%  |  Time: 27.2s
  -> Best model saved (56.20%)
[Epoch 8] Summarizing hook timing...

[HOOK_TIMING_SUMMARY] epoch=8
[HOOK_WORK_SUMMARY] label=mpi:ring calls=5083 work_total_ms=17450.497 work_mean_ms=3.433 work_min_ms=0.682 work_max_ms=33.126
[HOOK_TAIL_SUMMARY] label=mpi:ring steps=391 tail_total_ms=10461.350 tail_mean_ms=26.755 tail_min_ms=16.007 tail_max_ms=30.718
[Epoch 8] Hook timing summary done

[Epoch 9] Training... (lr=0.000905)
  Batch [50/391] Loss: 1.4861, Acc: 53.62%
  Batch [100/391] Loss: 1.4775, Acc: 54.03%
  Batch [150/391] Loss: 1.4678, Acc: 54.46%
  Batch [200/391] Loss: 1.4676, Acc: 54.16%
  Batch [250/391] Loss: 1.4601, Acc: 54.23%
  Batch [300/391] Loss: 1.4500, Acc: 54.49%
  Batch [350/391] Loss: 1.4397, Acc: 54.74%
[Epoch 9] Train Loss: 1.4313, Acc: 55.15%  |  Val Loss: 1.3476, Acc: 59.80%  |  Time: 27.2s
  -> Best model saved (59.80%)
[Epoch 9] Summarizing hook timing...

[HOOK_TIMING_SUMMARY] epoch=9
[HOOK_WORK_SUMMARY] label=mpi:ring calls=5083 work_total_ms=17416.438 work_mean_ms=3.426 work_min_ms=0.695 work_max_ms=30.931
[HOOK_TAIL_SUMMARY] label=mpi:ring steps=391 tail_total_ms=10690.410 tail_mean_ms=27.341 tail_min_ms=16.019 tail_max_ms=28.265
[Epoch 9] Hook timing summary done

[Epoch 10] Training... (lr=0.000835)
  Batch [50/391] Loss: 1.3283, Acc: 60.00%
  Batch [100/391] Loss: 1.3452, Acc: 57.66%
  Batch [150/391] Loss: 1.3447, Acc: 57.35%
  Batch [200/391] Loss: 1.3391, Acc: 57.58%
  Batch [250/391] Loss: 1.3341, Acc: 57.66%
  Batch [300/391] Loss: 1.3252, Acc: 57.92%
  Batch [350/391] Loss: 1.3164, Acc: 58.38%
[Epoch 10] Train Loss: 1.3079, Acc: 58.74%  |  Val Loss: 1.2544, Acc: 62.96%  |  Time: 27.2s
  -> Best model saved (62.96%)
[Epoch 10] Summarizing hook timing...

[HOOK_TIMING_SUMMARY] epoch=10
[HOOK_WORK_SUMMARY] label=mpi:ring calls=5083 work_total_ms=17427.988 work_mean_ms=3.429 work_min_ms=0.685 work_max_ms=31.411
[HOOK_TAIL_SUMMARY] label=mpi:ring steps=391 tail_total_ms=10436.258 tail_mean_ms=26.691 tail_min_ms=15.171 tail_max_ms=31.244
[Epoch 10] Hook timing summary done

[Epoch 11] Training... (lr=0.000750)
  Batch [50/391] Loss: 1.2524, Acc: 61.62%
  Batch [100/391] Loss: 1.2530, Acc: 60.56%
  Batch [150/391] Loss: 1.2513, Acc: 60.52%
  Batch [200/391] Loss: 1.2562, Acc: 60.06%
  Batch [250/391] Loss: 1.2463, Acc: 60.61%
  Batch [300/391] Loss: 1.2413, Acc: 60.79%
  Batch [350/391] Loss: 1.2317, Acc: 61.06%
[Epoch 11] Train Loss: 1.2296, Acc: 61.09%  |  Val Loss: 1.1701, Acc: 65.00%  |  Time: 27.2s
  -> Best model saved (65.00%)
[Epoch 11] Summarizing hook timing...

[HOOK_TIMING_SUMMARY] epoch=11
[HOOK_WORK_SUMMARY] label=mpi:ring calls=5083 work_total_ms=17829.207 work_mean_ms=3.508 work_min_ms=0.687 work_max_ms=32.008
[HOOK_TAIL_SUMMARY] label=mpi:ring steps=391 tail_total_ms=11286.258 tail_mean_ms=28.865 tail_min_ms=16.636 tail_max_ms=29.622
[Epoch 11] Hook timing summary done

[Epoch 12] Training... (lr=0.000655)
  Batch [50/391] Loss: 1.1711, Acc: 63.25%
  Batch [100/391] Loss: 1.1801, Acc: 61.81%
  Batch [150/391] Loss: 1.1822, Acc: 62.17%
  Batch [200/391] Loss: 1.1740, Acc: 62.38%
  Batch [250/391] Loss: 1.1625, Acc: 62.83%
  Batch [300/391] Loss: 1.1627, Acc: 62.80%
  Batch [350/391] Loss: 1.1617, Acc: 62.74%
[Epoch 12] Train Loss: 1.1581, Acc: 62.90%  |  Val Loss: 1.1113, Acc: 67.60%  |  Time: 27.1s
  -> Best model saved (67.60%)
[Epoch 12] Summarizing hook timing...

[HOOK_TIMING_SUMMARY] epoch=12
[HOOK_WORK_SUMMARY] label=mpi:ring calls=5083 work_total_ms=17742.238 work_mean_ms=3.491 work_min_ms=0.691 work_max_ms=35.064
[HOOK_TAIL_SUMMARY] label=mpi:ring steps=391 tail_total_ms=11272.192 tail_mean_ms=28.829 tail_min_ms=16.704 tail_max_ms=32.908
[Epoch 12] Hook timing summary done

[Epoch 13] Training... (lr=0.000552)
  Batch [50/391] Loss: 1.1236, Acc: 63.25%
  Batch [100/391] Loss: 1.1073, Acc: 64.06%
  Batch [150/391] Loss: 1.1209, Acc: 63.67%
  Batch [200/391] Loss: 1.1182, Acc: 63.70%
  Batch [250/391] Loss: 1.1082, Acc: 64.14%
  Batch [300/391] Loss: 1.1009, Acc: 64.47%
  Batch [350/391] Loss: 1.0938, Acc: 64.63%
[Epoch 13] Train Loss: 1.0895, Acc: 64.82%  |  Val Loss: 1.0463, Acc: 68.72%  |  Time: 27.1s
  -> Best model saved (68.72%)
[Epoch 13] Summarizing hook timing...

[HOOK_TIMING_SUMMARY] epoch=13
[HOOK_WORK_SUMMARY] label=mpi:ring calls=5083 work_total_ms=17747.715 work_mean_ms=3.492 work_min_ms=0.698 work_max_ms=31.603
[HOOK_TAIL_SUMMARY] label=mpi:ring steps=391 tail_total_ms=11273.065 tail_mean_ms=28.831 tail_min_ms=17.368 tail_max_ms=29.462
[Epoch 13] Hook timing summary done

[Epoch 14] Training... (lr=0.000448)
  Batch [50/391] Loss: 1.0430, Acc: 66.75%
  Batch [100/391] Loss: 1.0517, Acc: 65.69%
  Batch [150/391] Loss: 1.0500, Acc: 65.88%
  Batch [200/391] Loss: 1.0515, Acc: 65.84%
  Batch [250/391] Loss: 1.0530, Acc: 65.72%
  Batch [300/391] Loss: 1.0539, Acc: 65.80%
  Batch [350/391] Loss: 1.0543, Acc: 65.86%
[Epoch 14] Train Loss: 1.0497, Acc: 65.98%  |  Val Loss: 1.0069, Acc: 69.80%  |  Time: 27.3s
  -> Best model saved (69.80%)
[Epoch 14] Summarizing hook timing...

[HOOK_TIMING_SUMMARY] epoch=14
[HOOK_WORK_SUMMARY] label=mpi:ring calls=5083 work_total_ms=17654.614 work_mean_ms=3.473 work_min_ms=0.697 work_max_ms=31.887
[HOOK_TAIL_SUMMARY] label=mpi:ring steps=391 tail_total_ms=10820.626 tail_mean_ms=27.674 tail_min_ms=12.030 tail_max_ms=31.018
[Epoch 14] Hook timing summary done

[Epoch 15] Training... (lr=0.000345)
  Batch [50/391] Loss: 1.0083, Acc: 67.69%
  Batch [100/391] Loss: 1.0419, Acc: 66.19%
  Batch [150/391] Loss: 1.0406, Acc: 66.52%
  Batch [200/391] Loss: 1.0386, Acc: 66.42%
  Batch [250/391] Loss: 1.0355, Acc: 66.40%
  Batch [300/391] Loss: 1.0336, Acc: 66.35%
  Batch [350/391] Loss: 1.0283, Acc: 66.63%
[Epoch 15] Train Loss: 1.0240, Acc: 66.77%  |  Val Loss: 0.9810, Acc: 70.24%  |  Time: 27.1s
  -> Best model saved (70.24%)
[Epoch 15] Summarizing hook timing...

[HOOK_TIMING_SUMMARY] epoch=15
[HOOK_WORK_SUMMARY] label=mpi:ring calls=5083 work_total_ms=17399.607 work_mean_ms=3.423 work_min_ms=0.685 work_max_ms=30.861
[HOOK_TAIL_SUMMARY] label=mpi:ring steps=391 tail_total_ms=10635.679 tail_mean_ms=27.201 tail_min_ms=12.363 tail_max_ms=28.198
[Epoch 15] Hook timing summary done

[Epoch 16] Training... (lr=0.000250)
  Batch [50/391] Loss: 0.9805, Acc: 68.81%
  Batch [100/391] Loss: 1.0035, Acc: 67.59%
  Batch [150/391] Loss: 0.9985, Acc: 67.38%
  Batch [200/391] Loss: 1.0007, Acc: 67.38%
  Batch [250/391] Loss: 0.9929, Acc: 67.92%
  Batch [300/391] Loss: 0.9956, Acc: 67.94%
  Batch [350/391] Loss: 0.9883, Acc: 68.06%
[Epoch 16] Train Loss: 0.9843, Acc: 68.31%  |  Val Loss: 0.9548, Acc: 70.72%  |  Time: 27.2s
  -> Best model saved (70.72%)
[Epoch 16] Summarizing hook timing...

[HOOK_TIMING_SUMMARY] epoch=16
[HOOK_WORK_SUMMARY] label=mpi:ring calls=5083 work_total_ms=17925.249 work_mean_ms=3.527 work_min_ms=0.702 work_max_ms=32.181
[HOOK_TAIL_SUMMARY] label=mpi:ring steps=391 tail_total_ms=11454.314 tail_mean_ms=29.295 tail_min_ms=17.117 tail_max_ms=30.211
[Epoch 16] Hook timing summary done

[Epoch 17] Training... (lr=0.000165)
  Batch [50/391] Loss: 1.0066, Acc: 66.12%
  Batch [100/391] Loss: 0.9896, Acc: 67.19%
  Batch [150/391] Loss: 0.9874, Acc: 67.48%
  Batch [200/391] Loss: 0.9955, Acc: 67.20%
  Batch [250/391] Loss: 0.9864, Acc: 67.64%
  Batch [300/391] Loss: 0.9815, Acc: 67.99%
  Batch [350/391] Loss: 0.9802, Acc: 68.00%
[Epoch 17] Train Loss: 0.9813, Acc: 67.84%  |  Val Loss: 0.9471, Acc: 71.48%  |  Time: 27.0s
  -> Best model saved (71.48%)
[Epoch 17] Summarizing hook timing...

[HOOK_TIMING_SUMMARY] epoch=17
[HOOK_WORK_SUMMARY] label=mpi:ring calls=5083 work_total_ms=17584.299 work_mean_ms=3.459 work_min_ms=0.686 work_max_ms=31.738
[HOOK_TAIL_SUMMARY] label=mpi:ring steps=391 tail_total_ms=11104.801 tail_mean_ms=28.401 tail_min_ms=15.671 tail_max_ms=29.509
[Epoch 17] Hook timing summary done

[Epoch 18] Training... (lr=0.000095)
  Batch [50/391] Loss: 0.9950, Acc: 68.19%
  Batch [100/391] Loss: 0.9986, Acc: 67.56%
  Batch [150/391] Loss: 0.9866, Acc: 68.02%
  Batch [200/391] Loss: 0.9800, Acc: 68.03%
  Batch [250/391] Loss: 0.9841, Acc: 67.79%
  Batch [300/391] Loss: 0.9817, Acc: 68.00%
  Batch [350/391] Loss: 0.9809, Acc: 67.92%
[Epoch 18] Train Loss: 0.9779, Acc: 67.95%  |  Val Loss: 0.9556, Acc: 71.08%  |  Time: 27.5s
[Epoch 18] Summarizing hook timing...

[HOOK_TIMING_SUMMARY] epoch=18
[HOOK_WORK_SUMMARY] label=mpi:ring calls=5083 work_total_ms=17974.531 work_mean_ms=3.536 work_min_ms=0.686 work_max_ms=190.372
[HOOK_TAIL_SUMMARY] label=mpi:ring steps=391 tail_total_ms=11423.527 tail_mean_ms=29.216 tail_min_ms=9.810 tail_max_ms=249.419
[Epoch 18] Hook timing summary done

[Epoch 19] Training... (lr=0.000043)
  Batch [50/391] Loss: 0.9177, Acc: 70.50%
  Batch [100/391] Loss: 0.9407, Acc: 68.88%
  Batch [150/391] Loss: 0.9615, Acc: 68.67%
  Batch [200/391] Loss: 0.9686, Acc: 68.73%
  Batch [250/391] Loss: 0.9768, Acc: 68.15%
  Batch [300/391] Loss: 0.9773, Acc: 68.09%
  Batch [350/391] Loss: 0.9724, Acc: 68.29%
[Epoch 19] Train Loss: 0.9722, Acc: 68.50%  |  Val Loss: 0.9453, Acc: 70.92%  |  Time: 27.3s
[Epoch 19] Summarizing hook timing...

[HOOK_TIMING_SUMMARY] epoch=19
[HOOK_WORK_SUMMARY] label=mpi:ring calls=5083 work_total_ms=17615.814 work_mean_ms=3.466 work_min_ms=0.691 work_max_ms=51.049
[HOOK_TAIL_SUMMARY] label=mpi:ring steps=391 tail_total_ms=10940.177 tail_mean_ms=27.980 tail_min_ms=16.878 tail_max_ms=56.143
[Epoch 19] Hook timing summary done

[Epoch 20] Training... (lr=0.000011)
  Batch [50/391] Loss: 0.9494, Acc: 68.62%
  Batch [100/391] Loss: 0.9522, Acc: 68.66%
  Batch [150/391] Loss: 0.9526, Acc: 68.73%
  Batch [200/391] Loss: 0.9496, Acc: 69.08%
  Batch [250/391] Loss: 0.9546, Acc: 69.20%
  Batch [300/391] Loss: 0.9559, Acc: 69.17%
  Batch [350/391] Loss: 0.9640, Acc: 68.80%
[Epoch 20] Train Loss: 0.9650, Acc: 68.70%  |  Val Loss: 0.9375, Acc: 72.40%  |  Time: 27.2s
  -> Best model saved (72.40%)
[Epoch 20] Summarizing hook timing...

[HOOK_TIMING_SUMMARY] epoch=20
[HOOK_WORK_SUMMARY] label=mpi:ring calls=5083 work_total_ms=17851.519 work_mean_ms=3.512 work_min_ms=0.667 work_max_ms=31.978
[HOOK_TAIL_SUMMARY] label=mpi:ring steps=391 tail_total_ms=11343.891 tail_mean_ms=29.013 tail_min_ms=13.606 tail_max_ms=38.099
[Epoch 20] Hook timing summary done

================================================================================
Done in 565.8s | Best val acc: 72.40%
Epoch times: mean=27.3s  min=27.0s  max=28.6s
================================================================================
=== Finished training: backend=mpi, hook=ring, zfp_rate=none, status=0 at Sun May 24 04:38:37 AM UTC 2026 ===
=== Starting training: backend=mpi, hook=ring_zfp_naive, zfp_rate=16 at Sun May 24 04:38:37 AM UTC 2026 ===

================================================================================
DISTRIBUTED TRAINING LAUNCHER
================================================================================
  Model:      resnext101_32x8d (CIFAR stem) (pretrained)
  Dataset:    cifar10 (10 classes)
  Backend:    mpi
  Algorithm:  ring_zfp_naive
  ZFP rate:   16
  Epochs:     20
  Batch/rank: 32
  LR:         0.001
================================================================================


================================================================================
Distributed Training: RESNEXT101_32X8D on CIFAR10
Backend: MPI, Algorithm: ring_zfp_naive
================================================================================
Ranks: 4, Epochs: 20, Batch/rank: 32, Effective batch: 128
LR: 0.001, Device: cuda:0

[Setup] Model on cuda:0, wrapped in DDP (static_graph=True)
[Setup] Hook registered: mpi/ring_zfp_naive
[Data] Train batches: 391, Val batches: 79


[Epoch 1] Training... (lr=0.000001)

================================================================================
DISTRIBUTED TRAINING LAUNCHER
================================================================================
  Model:      resnext101_32x8d (CIFAR stem) (pretrained)
  Dataset:    cifar10 (10 classes)
  Backend:    mpi
  Algorithm:  ring_zfp_naive
  ZFP rate:   16
  Epochs:     20
  Batch/rank: 32
  LR:         0.001
================================================================================


================================================================================
DISTRIBUTED TRAINING LAUNCHER
================================================================================
  Model:      resnext101_32x8d (CIFAR stem) (pretrained)
  Dataset:    cifar10 (10 classes)
  Backend:    mpi
  Algorithm:  ring_zfp_naive
  ZFP rate:   16
  Epochs:     20
  Batch/rank: 32
  LR:         0.001
================================================================================


================================================================================
DISTRIBUTED TRAINING LAUNCHER
================================================================================
  Model:      resnext101_32x8d (CIFAR stem) (pretrained)
  Dataset:    cifar10 (10 classes)
  Backend:    mpi
  Algorithm:  ring_zfp_naive
  ZFP rate:   16
  Epochs:     20
  Batch/rank: 32
  LR:         0.001
================================================================================

  Batch [50/391] Loss: 2.3163, Acc: 10.44%
  Batch [100/391] Loss: 2.3122, Acc: 10.66%
  Batch [150/391] Loss: 2.3103, Acc: 10.75%
  Batch [200/391] Loss: 2.3114, Acc: 10.52%
  Batch [250/391] Loss: 2.3099, Acc: 10.82%
  Batch [300/391] Loss: 2.3099, Acc: 10.73%
  Batch [350/391] Loss: 2.3099, Acc: 10.68%
[Epoch 1] Train Loss: 2.3106, Acc: 10.77%  |  Val Loss: 2.3158, Acc: 10.08%  |  Time: 35.5s
  -> Best model saved (10.08%)
[Epoch 1] Summarizing hook timing...

[HOOK_TIMING_SUMMARY] epoch=1
[HOOK_WORK_SUMMARY] label=mpi:ring_zfp_naive:rate16 calls=5059 work_total_ms=24091.604 work_mean_ms=4.762 work_min_ms=1.544 work_max_ms=102.774
[HOOK_TAIL_SUMMARY] label=mpi:ring_zfp_naive:rate16 steps=392 tail_total_ms=17392.923 tail_mean_ms=44.370 tail_min_ms=2.762 tail_max_ms=157.480
[Epoch 1] Hook timing summary done

[Epoch 2] Training... (lr=0.000201)
  Batch [50/391] Loss: 2.3133, Acc: 11.12%
  Batch [100/391] Loss: 2.3096, Acc: 11.53%
  Batch [150/391] Loss: 2.3070, Acc: 11.81%
  Batch [200/391] Loss: 2.3029, Acc: 12.30%
  Batch [250/391] Loss: 2.3003, Acc: 12.57%
  Batch [300/391] Loss: 2.2992, Acc: 12.48%
  Batch [350/391] Loss: 2.2961, Acc: 12.78%
[Epoch 2] Train Loss: 2.2940, Acc: 12.98%  |  Val Loss: 2.2790, Acc: 15.84%  |  Time: 34.0s
  -> Best model saved (15.84%)
[Epoch 2] Summarizing hook timing...

[HOOK_TIMING_SUMMARY] epoch=2
[HOOK_WORK_SUMMARY] label=mpi:ring_zfp_naive:rate16 calls=5083 work_total_ms=23951.281 work_mean_ms=4.712 work_min_ms=1.551 work_max_ms=32.778
[HOOK_TAIL_SUMMARY] label=mpi:ring_zfp_naive:rate16 steps=391 tail_total_ms=17018.207 tail_mean_ms=43.525 tail_min_ms=34.414 tail_max_ms=46.259
[Epoch 2] Hook timing summary done

[Epoch 3] Training... (lr=0.000401)
  Batch [50/391] Loss: 2.2790, Acc: 14.75%
  Batch [100/391] Loss: 2.2751, Acc: 15.28%
  Batch [150/391] Loss: 2.2722, Acc: 15.48%
  Batch [200/391] Loss: 2.2669, Acc: 16.27%
  Batch [250/391] Loss: 2.2610, Acc: 17.10%
  Batch [300/391] Loss: 2.2566, Acc: 17.71%
  Batch [350/391] Loss: 2.2535, Acc: 17.99%
[Epoch 3] Train Loss: 2.2500, Acc: 18.49%  |  Val Loss: 2.2106, Acc: 24.48%  |  Time: 34.1s
  -> Best model saved (24.48%)
[Epoch 3] Summarizing hook timing...

[HOOK_TIMING_SUMMARY] epoch=3
[HOOK_WORK_SUMMARY] label=mpi:ring_zfp_naive:rate16 calls=5083 work_total_ms=24037.887 work_mean_ms=4.729 work_min_ms=1.548 work_max_ms=33.183
[HOOK_TAIL_SUMMARY] label=mpi:ring_zfp_naive:rate16 steps=391 tail_total_ms=17329.875 tail_mean_ms=44.322 tail_min_ms=32.667 tail_max_ms=50.217
[Epoch 3] Hook timing summary done

[Epoch 4] Training... (lr=0.000600)
  Batch [50/391] Loss: 2.2150, Acc: 23.75%
  Batch [100/391] Loss: 2.2086, Acc: 24.03%
  Batch [150/391] Loss: 2.2001, Acc: 24.96%
  Batch [200/391] Loss: 2.1928, Acc: 25.83%
  Batch [250/391] Loss: 2.1854, Acc: 26.40%
  Batch [300/391] Loss: 2.1779, Acc: 27.20%
  Batch [350/391] Loss: 2.1712, Acc: 27.77%
[Epoch 4] Train Loss: 2.1656, Acc: 28.14%  |  Val Loss: 2.0989, Acc: 32.60%  |  Time: 34.1s
  -> Best model saved (32.60%)
[Epoch 4] Summarizing hook timing...

[HOOK_TIMING_SUMMARY] epoch=4
[HOOK_WORK_SUMMARY] label=mpi:ring_zfp_naive:rate16 calls=5083 work_total_ms=24510.597 work_mean_ms=4.822 work_min_ms=1.554 work_max_ms=33.644
[HOOK_TAIL_SUMMARY] label=mpi:ring_zfp_naive:rate16 steps=391 tail_total_ms=17990.732 tail_mean_ms=46.012 tail_min_ms=35.552 tail_max_ms=47.420
[Epoch 4] Hook timing summary done

[Epoch 5] Training... (lr=0.000800)
  Batch [50/391] Loss: 2.0987, Acc: 31.44%
  Batch [100/391] Loss: 2.0883, Acc: 33.66%
  Batch [150/391] Loss: 2.0748, Acc: 34.83%
  Batch [200/391] Loss: 2.0657, Acc: 34.67%
  Batch [250/391] Loss: 2.0613, Acc: 34.49%
  Batch [300/391] Loss: 2.0530, Acc: 34.71%
  Batch [350/391] Loss: 2.0453, Acc: 34.84%
[Epoch 5] Train Loss: 2.0372, Acc: 35.22%  |  Val Loss: 1.9470, Acc: 40.72%  |  Time: 34.1s
  -> Best model saved (40.72%)
[Epoch 5] Summarizing hook timing...

[HOOK_TIMING_SUMMARY] epoch=5
[HOOK_WORK_SUMMARY] label=mpi:ring_zfp_naive:rate16 calls=5083 work_total_ms=24484.545 work_mean_ms=4.817 work_min_ms=1.539 work_max_ms=33.558
[HOOK_TAIL_SUMMARY] label=mpi:ring_zfp_naive:rate16 steps=391 tail_total_ms=18006.673 tail_mean_ms=46.053 tail_min_ms=34.858 tail_max_ms=47.078
[Epoch 5] Hook timing summary done

[Epoch 6] Training... (lr=0.001000)
  Batch [50/391] Loss: 1.9443, Acc: 40.00%
  Batch [100/391] Loss: 1.9391, Acc: 38.81%
  Batch [150/391] Loss: 1.9237, Acc: 39.77%
  Batch [200/391] Loss: 1.9130, Acc: 40.50%
  Batch [250/391] Loss: 1.9006, Acc: 40.81%
  Batch [300/391] Loss: 1.8887, Acc: 41.15%
  Batch [350/391] Loss: 1.8794, Acc: 41.58%
[Epoch 6] Train Loss: 1.8726, Acc: 41.86%  |  Val Loss: 1.7688, Acc: 47.28%  |  Time: 33.9s
  -> Best model saved (47.28%)
[Epoch 6] Summarizing hook timing...

[HOOK_TIMING_SUMMARY] epoch=6
[HOOK_WORK_SUMMARY] label=mpi:ring_zfp_naive:rate16 calls=5083 work_total_ms=24244.760 work_mean_ms=4.770 work_min_ms=1.519 work_max_ms=40.006
[HOOK_TAIL_SUMMARY] label=mpi:ring_zfp_naive:rate16 steps=391 tail_total_ms=17745.043 tail_mean_ms=45.384 tail_min_ms=32.697 tail_max_ms=52.844
[Epoch 6] Hook timing summary done

[Epoch 7] Training... (lr=0.000989)
  Batch [50/391] Loss: 1.7960, Acc: 44.06%
  Batch [100/391] Loss: 1.7819, Acc: 44.91%
  Batch [150/391] Loss: 1.7605, Acc: 45.46%
  Batch [200/391] Loss: 1.7482, Acc: 46.12%
  Batch [250/391] Loss: 1.7343, Acc: 46.48%
  Batch [300/391] Loss: 1.7207, Acc: 46.79%
  Batch [350/391] Loss: 1.7128, Acc: 47.06%
[Epoch 7] Train Loss: 1.7066, Acc: 46.99%  |  Val Loss: 1.6130, Acc: 50.88%  |  Time: 34.1s
  -> Best model saved (50.88%)
[Epoch 7] Summarizing hook timing...

[HOOK_TIMING_SUMMARY] epoch=7
[HOOK_WORK_SUMMARY] label=mpi:ring_zfp_naive:rate16 calls=5083 work_total_ms=24390.544 work_mean_ms=4.798 work_min_ms=1.555 work_max_ms=33.167
[HOOK_TAIL_SUMMARY] label=mpi:ring_zfp_naive:rate16 steps=391 tail_total_ms=17649.756 tail_mean_ms=45.140 tail_min_ms=32.356 tail_max_ms=47.931
[Epoch 7] Hook timing summary done

[Epoch 8] Training... (lr=0.000957)
  Batch [50/391] Loss: 1.6184, Acc: 48.62%
  Batch [100/391] Loss: 1.6147, Acc: 49.03%
  Batch [150/391] Loss: 1.5993, Acc: 49.10%
  Batch [200/391] Loss: 1.5838, Acc: 49.78%
  Batch [250/391] Loss: 1.5715, Acc: 50.23%
  Batch [300/391] Loss: 1.5629, Acc: 50.49%
  Batch [350/391] Loss: 1.5591, Acc: 50.66%
[Epoch 8] Train Loss: 1.5542, Acc: 50.78%  |  Val Loss: 1.4645, Acc: 56.08%  |  Time: 34.0s
  -> Best model saved (56.08%)
[Epoch 8] Summarizing hook timing...

[HOOK_TIMING_SUMMARY] epoch=8
[HOOK_WORK_SUMMARY] label=mpi:ring_zfp_naive:rate16 calls=5083 work_total_ms=24316.211 work_mean_ms=4.784 work_min_ms=1.550 work_max_ms=32.909
[HOOK_TAIL_SUMMARY] label=mpi:ring_zfp_naive:rate16 steps=391 tail_total_ms=17795.561 tail_mean_ms=45.513 tail_min_ms=32.533 tail_max_ms=51.772
[Epoch 8] Hook timing summary done

[Epoch 9] Training... (lr=0.000905)
  Batch [50/391] Loss: 1.4814, Acc: 53.50%
  Batch [100/391] Loss: 1.4711, Acc: 53.38%
  Batch [150/391] Loss: 1.4596, Acc: 54.06%
  Batch [200/391] Loss: 1.4615, Acc: 53.78%
  Batch [250/391] Loss: 1.4553, Acc: 53.73%
  Batch [300/391] Loss: 1.4435, Acc: 54.19%
  Batch [350/391] Loss: 1.4328, Acc: 54.46%
[Epoch 9] Train Loss: 1.4260, Acc: 54.78%  |  Val Loss: 1.3472, Acc: 59.96%  |  Time: 34.1s
  -> Best model saved (59.96%)
[Epoch 9] Summarizing hook timing...

[HOOK_TIMING_SUMMARY] epoch=9
[HOOK_WORK_SUMMARY] label=mpi:ring_zfp_naive:rate16 calls=5083 work_total_ms=24376.290 work_mean_ms=4.796 work_min_ms=1.552 work_max_ms=35.883
[HOOK_TAIL_SUMMARY] label=mpi:ring_zfp_naive:rate16 steps=391 tail_total_ms=17592.089 tail_mean_ms=44.993 tail_min_ms=35.891 tail_max_ms=48.549
[Epoch 9] Hook timing summary done

[Epoch 10] Training... (lr=0.000835)
  Batch [50/391] Loss: 1.3244, Acc: 58.88%
  Batch [100/391] Loss: 1.3376, Acc: 57.34%
  Batch [150/391] Loss: 1.3381, Acc: 57.79%
  Batch [200/391] Loss: 1.3318, Acc: 57.83%
  Batch [250/391] Loss: 1.3280, Acc: 58.11%
  Batch [300/391] Loss: 1.3187, Acc: 58.23%
  Batch [350/391] Loss: 1.3110, Acc: 58.58%
[Epoch 10] Train Loss: 1.3044, Acc: 58.79%  |  Val Loss: 1.2471, Acc: 63.20%  |  Time: 34.0s
  -> Best model saved (63.20%)
[Epoch 10] Summarizing hook timing...

[HOOK_TIMING_SUMMARY] epoch=10
[HOOK_WORK_SUMMARY] label=mpi:ring_zfp_naive:rate16 calls=5083 work_total_ms=24334.212 work_mean_ms=4.787 work_min_ms=1.536 work_max_ms=33.050
[HOOK_TAIL_SUMMARY] label=mpi:ring_zfp_naive:rate16 steps=391 tail_total_ms=17764.880 tail_mean_ms=45.434 tail_min_ms=32.784 tail_max_ms=46.461
[Epoch 10] Hook timing summary done

[Epoch 11] Training... (lr=0.000750)
  Batch [50/391] Loss: 1.2354, Acc: 62.12%
  Batch [100/391] Loss: 1.2449, Acc: 60.16%
  Batch [150/391] Loss: 1.2394, Acc: 60.77%
  Batch [200/391] Loss: 1.2441, Acc: 60.55%
  Batch [250/391] Loss: 1.2348, Acc: 61.02%
  Batch [300/391] Loss: 1.2293, Acc: 61.21%
  Batch [350/391] Loss: 1.2183, Acc: 61.59%
[Epoch 11] Train Loss: 1.2177, Acc: 61.47%  |  Val Loss: 1.1724, Acc: 64.88%  |  Time: 34.0s
  -> Best model saved (64.88%)
[Epoch 11] Summarizing hook timing...

[HOOK_TIMING_SUMMARY] epoch=11
[HOOK_WORK_SUMMARY] label=mpi:ring_zfp_naive:rate16 calls=5083 work_total_ms=24041.863 work_mean_ms=4.730 work_min_ms=1.554 work_max_ms=35.139
[HOOK_TAIL_SUMMARY] label=mpi:ring_zfp_naive:rate16 steps=391 tail_total_ms=17163.470 tail_mean_ms=43.896 tail_min_ms=34.554 tail_max_ms=47.784
[Epoch 11] Hook timing summary done

[Epoch 12] Training... (lr=0.000655)
  Batch [50/391] Loss: 1.1601, Acc: 64.19%
  Batch [100/391] Loss: 1.1733, Acc: 62.69%
  Batch [150/391] Loss: 1.1808, Acc: 61.92%
  Batch [200/391] Loss: 1.1712, Acc: 62.00%
  Batch [250/391] Loss: 1.1604, Acc: 62.41%
  Batch [300/391] Loss: 1.1591, Acc: 62.47%
  Batch [350/391] Loss: 1.1605, Acc: 62.46%
[Epoch 12] Train Loss: 1.1557, Acc: 62.53%  |  Val Loss: 1.1038, Acc: 67.56%  |  Time: 34.0s
  -> Best model saved (67.56%)
[Epoch 12] Summarizing hook timing...

[HOOK_TIMING_SUMMARY] epoch=12
[HOOK_WORK_SUMMARY] label=mpi:ring_zfp_naive:rate16 calls=5083 work_total_ms=24381.086 work_mean_ms=4.797 work_min_ms=1.551 work_max_ms=36.015
[HOOK_TAIL_SUMMARY] label=mpi:ring_zfp_naive:rate16 steps=391 tail_total_ms=17952.838 tail_mean_ms=45.915 tail_min_ms=36.154 tail_max_ms=49.540
[Epoch 12] Hook timing summary done

[Epoch 13] Training... (lr=0.000552)
  Batch [50/391] Loss: 1.1294, Acc: 62.06%
  Batch [100/391] Loss: 1.1105, Acc: 64.19%
  Batch [150/391] Loss: 1.1245, Acc: 63.60%
  Batch [200/391] Loss: 1.1192, Acc: 64.05%
  Batch [250/391] Loss: 1.1073, Acc: 64.53%
  Batch [300/391] Loss: 1.0985, Acc: 64.81%
  Batch [350/391] Loss: 1.0925, Acc: 64.78%
[Epoch 13] Train Loss: 1.0890, Acc: 64.86%  |  Val Loss: 1.0413, Acc: 69.16%  |  Time: 34.1s
  -> Best model saved (69.16%)
[Epoch 13] Summarizing hook timing...

[HOOK_TIMING_SUMMARY] epoch=13
[HOOK_WORK_SUMMARY] label=mpi:ring_zfp_naive:rate16 calls=5083 work_total_ms=24140.025 work_mean_ms=4.749 work_min_ms=1.544 work_max_ms=35.915
[HOOK_TAIL_SUMMARY] label=mpi:ring_zfp_naive:rate16 steps=391 tail_total_ms=17349.337 tail_mean_ms=44.372 tail_min_ms=35.090 tail_max_ms=48.850
[Epoch 13] Hook timing summary done

[Epoch 14] Training... (lr=0.000448)
  Batch [50/391] Loss: 1.0383, Acc: 66.19%
  Batch [100/391] Loss: 1.0458, Acc: 65.59%
  Batch [150/391] Loss: 1.0465, Acc: 65.58%
  Batch [200/391] Loss: 1.0519, Acc: 65.55%
  Batch [250/391] Loss: 1.0532, Acc: 65.50%
  Batch [300/391] Loss: 1.0517, Acc: 65.68%
  Batch [350/391] Loss: 1.0521, Acc: 65.82%
[Epoch 14] Train Loss: 1.0493, Acc: 65.82%  |  Val Loss: 1.0008, Acc: 70.40%  |  Time: 34.0s
  -> Best model saved (70.40%)
[Epoch 14] Summarizing hook timing...

[HOOK_TIMING_SUMMARY] epoch=14
[HOOK_WORK_SUMMARY] label=mpi:ring_zfp_naive:rate16 calls=5083 work_total_ms=24227.220 work_mean_ms=4.766 work_min_ms=1.558 work_max_ms=34.786
[HOOK_TAIL_SUMMARY] label=mpi:ring_zfp_naive:rate16 steps=391 tail_total_ms=17462.572 tail_mean_ms=44.661 tail_min_ms=32.320 tail_max_ms=47.705
[Epoch 14] Hook timing summary done

[Epoch 15] Training... (lr=0.000345)
  Batch [50/391] Loss: 1.0098, Acc: 67.88%
  Batch [100/391] Loss: 1.0419, Acc: 66.44%
  Batch [150/391] Loss: 1.0399, Acc: 66.56%
  Batch [200/391] Loss: 1.0378, Acc: 66.73%
  Batch [250/391] Loss: 1.0339, Acc: 66.79%
  Batch [300/391] Loss: 1.0330, Acc: 66.77%
  Batch [350/391] Loss: 1.0286, Acc: 66.76%
[Epoch 15] Train Loss: 1.0233, Acc: 66.93%  |  Val Loss: 0.9656, Acc: 71.76%  |  Time: 33.9s
  -> Best model saved (71.76%)
[Epoch 15] Summarizing hook timing...

[HOOK_TIMING_SUMMARY] epoch=15
[HOOK_WORK_SUMMARY] label=mpi:ring_zfp_naive:rate16 calls=5083 work_total_ms=24281.230 work_mean_ms=4.777 work_min_ms=1.552 work_max_ms=32.898
[HOOK_TAIL_SUMMARY] label=mpi:ring_zfp_naive:rate16 steps=391 tail_total_ms=17769.664 tail_mean_ms=45.447 tail_min_ms=32.738 tail_max_ms=46.396
[Epoch 15] Hook timing summary done

[Epoch 16] Training... (lr=0.000250)
  Batch [50/391] Loss: 0.9865, Acc: 69.12%
  Batch [100/391] Loss: 1.0037, Acc: 67.69%
  Batch [150/391] Loss: 0.9995, Acc: 67.60%
  Batch [200/391] Loss: 1.0053, Acc: 67.27%
  Batch [250/391] Loss: 0.9949, Acc: 67.83%
  Batch [300/391] Loss: 0.9962, Acc: 67.79%
  Batch [350/391] Loss: 0.9890, Acc: 67.98%
[Epoch 16] Train Loss: 0.9864, Acc: 68.13%  |  Val Loss: 0.9469, Acc: 71.52%  |  Time: 33.9s
[Epoch 16] Summarizing hook timing...

[HOOK_TIMING_SUMMARY] epoch=16
[HOOK_WORK_SUMMARY] label=mpi:ring_zfp_naive:rate16 calls=5083 work_total_ms=24087.791 work_mean_ms=4.739 work_min_ms=1.535 work_max_ms=32.958
[HOOK_TAIL_SUMMARY] label=mpi:ring_zfp_naive:rate16 steps=391 tail_total_ms=17381.488 tail_mean_ms=44.454 tail_min_ms=31.962 tail_max_ms=46.312
[Epoch 16] Hook timing summary done

[Epoch 17] Training... (lr=0.000165)
  Batch [50/391] Loss: 1.0106, Acc: 66.50%
  Batch [100/391] Loss: 0.9893, Acc: 67.75%
  Batch [150/391] Loss: 0.9870, Acc: 67.52%
  Batch [200/391] Loss: 0.9971, Acc: 67.09%
  Batch [250/391] Loss: 0.9852, Acc: 67.44%
  Batch [300/391] Loss: 0.9812, Acc: 67.69%
  Batch [350/391] Loss: 0.9782, Acc: 67.86%
[Epoch 17] Train Loss: 0.9815, Acc: 67.71%  |  Val Loss: 0.9318, Acc: 71.84%  |  Time: 34.0s
  -> Best model saved (71.84%)
[Epoch 17] Summarizing hook timing...

[HOOK_TIMING_SUMMARY] epoch=17
[HOOK_WORK_SUMMARY] label=mpi:ring_zfp_naive:rate16 calls=5083 work_total_ms=24177.226 work_mean_ms=4.756 work_min_ms=1.546 work_max_ms=52.765
[HOOK_TAIL_SUMMARY] label=mpi:ring_zfp_naive:rate16 steps=391 tail_total_ms=17464.254 tail_mean_ms=44.666 tail_min_ms=32.462 tail_max_ms=64.899
[Epoch 17] Hook timing summary done

[Epoch 18] Training... (lr=0.000095)
  Batch [50/391] Loss: 0.9994, Acc: 67.00%
  Batch [100/391] Loss: 0.9957, Acc: 67.31%
  Batch [150/391] Loss: 0.9853, Acc: 67.83%
  Batch [200/391] Loss: 0.9819, Acc: 68.05%
  Batch [250/391] Loss: 0.9840, Acc: 67.97%
  Batch [300/391] Loss: 0.9840, Acc: 67.94%
  Batch [350/391] Loss: 0.9824, Acc: 67.91%
[Epoch 18] Train Loss: 0.9802, Acc: 67.90%  |  Val Loss: 0.9493, Acc: 71.92%  |  Time: 33.9s
  -> Best model saved (71.92%)
[Epoch 18] Summarizing hook timing...

[HOOK_TIMING_SUMMARY] epoch=18
[HOOK_WORK_SUMMARY] label=mpi:ring_zfp_naive:rate16 calls=5083 work_total_ms=24082.276 work_mean_ms=4.738 work_min_ms=1.549 work_max_ms=32.613
[HOOK_TAIL_SUMMARY] label=mpi:ring_zfp_naive:rate16 steps=391 tail_total_ms=17420.349 tail_mean_ms=44.553 tail_min_ms=33.911 tail_max_ms=46.006
[Epoch 18] Hook timing summary done

[Epoch 19] Training... (lr=0.000043)
  Batch [50/391] Loss: 0.9159, Acc: 71.44%
  Batch [100/391] Loss: 0.9486, Acc: 69.25%
  Batch [150/391] Loss: 0.9716, Acc: 68.46%
  Batch [200/391] Loss: 0.9750, Acc: 68.42%
  Batch [250/391] Loss: 0.9803, Acc: 68.08%
  Batch [300/391] Loss: 0.9792, Acc: 67.96%
  Batch [350/391] Loss: 0.9740, Acc: 68.15%
[Epoch 19] Train Loss: 0.9725, Acc: 68.31%  |  Val Loss: 0.9324, Acc: 72.08%  |  Time: 33.8s
  -> Best model saved (72.08%)
[Epoch 19] Summarizing hook timing...

[HOOK_TIMING_SUMMARY] epoch=19
[HOOK_WORK_SUMMARY] label=mpi:ring_zfp_naive:rate16 calls=5083 work_total_ms=24181.936 work_mean_ms=4.757 work_min_ms=1.553 work_max_ms=32.679
[HOOK_TAIL_SUMMARY] label=mpi:ring_zfp_naive:rate16 steps=391 tail_total_ms=17523.132 tail_mean_ms=44.816 tail_min_ms=33.020 tail_max_ms=47.018
[Epoch 19] Hook timing summary done

[Epoch 20] Training... (lr=0.000011)
  Batch [50/391] Loss: 0.9503, Acc: 69.06%
  Batch [100/391] Loss: 0.9494, Acc: 68.97%
  Batch [150/391] Loss: 0.9507, Acc: 68.92%
  Batch [200/391] Loss: 0.9464, Acc: 69.16%
  Batch [250/391] Loss: 0.9524, Acc: 69.08%
  Batch [300/391] Loss: 0.9540, Acc: 69.23%
  Batch [350/391] Loss: 0.9630, Acc: 68.76%
[Epoch 20] Train Loss: 0.9641, Acc: 68.62%  |  Val Loss: 0.9234, Acc: 72.76%  |  Time: 34.1s
  -> Best model saved (72.76%)
[Epoch 20] Summarizing hook timing...

[HOOK_TIMING_SUMMARY] epoch=20
[HOOK_WORK_SUMMARY] label=mpi:ring_zfp_naive:rate16 calls=5083 work_total_ms=24085.811 work_mean_ms=4.739 work_min_ms=1.549 work_max_ms=36.257
[HOOK_TAIL_SUMMARY] label=mpi:ring_zfp_naive:rate16 steps=391 tail_total_ms=17388.472 tail_mean_ms=44.472 tail_min_ms=34.681 tail_max_ms=49.620
[Epoch 20] Hook timing summary done

================================================================================
Done in 703.4s | Best val acc: 72.76%
Epoch times: mean=34.1s  min=33.8s  max=35.5s
================================================================================
=== Finished training: backend=mpi, hook=ring_zfp_naive, zfp_rate=16, status=0 at Sun May 24 04:50:29 AM UTC 2026 ===
=== Starting training: backend=mpi, hook=ring_zfp_online_coll, zfp_rate=16 at Sun May 24 04:50:29 AM UTC 2026 ===

================================================================================
DISTRIBUTED TRAINING LAUNCHER
================================================================================
  Model:      resnext101_32x8d (CIFAR stem) (pretrained)
  Dataset:    cifar10 (10 classes)
  Backend:    mpi
  Algorithm:  ring_zfp_online_coll
  ZFP rate:   16
  Epochs:     20
  Batch/rank: 32
  LR:         0.001
================================================================================


================================================================================
Distributed Training: RESNEXT101_32X8D on CIFAR10
Backend: MPI, Algorithm: ring_zfp_online_coll
================================================================================
Ranks: 4, Epochs: 20, Batch/rank: 32, Effective batch: 128
LR: 0.001, Device: cuda:0

[Setup] Model on cuda:0, wrapped in DDP (static_graph=True)
[Setup] Hook registered: mpi/ring_zfp_online_coll
[Data] Train batches: 391, Val batches: 79


[Epoch 1] Training... (lr=0.000001)

================================================================================
DISTRIBUTED TRAINING LAUNCHER
================================================================================
  Model:      resnext101_32x8d (CIFAR stem) (pretrained)
  Dataset:    cifar10 (10 classes)
  Backend:    mpi
  Algorithm:  ring_zfp_online_coll
  ZFP rate:   16
  Epochs:     20
  Batch/rank: 32
  LR:         0.001
================================================================================


================================================================================
DISTRIBUTED TRAINING LAUNCHER
================================================================================
  Model:      resnext101_32x8d (CIFAR stem) (pretrained)
  Dataset:    cifar10 (10 classes)
  Backend:    mpi
  Algorithm:  ring_zfp_online_coll
  ZFP rate:   16
  Epochs:     20
  Batch/rank: 32
  LR:         0.001
================================================================================


================================================================================
DISTRIBUTED TRAINING LAUNCHER
================================================================================
  Model:      resnext101_32x8d (CIFAR stem) (pretrained)
  Dataset:    cifar10 (10 classes)
  Backend:    mpi
  Algorithm:  ring_zfp_online_coll
  ZFP rate:   16
  Epochs:     20
  Batch/rank: 32
  LR:         0.001
================================================================================

  Batch [50/391] Loss: 2.3163, Acc: 10.38%
  Batch [100/391] Loss: 2.3122, Acc: 10.59%
  Batch [150/391] Loss: 2.3103, Acc: 10.75%
  Batch [200/391] Loss: 2.3114, Acc: 10.52%
  Batch [250/391] Loss: 2.3099, Acc: 10.82%
  Batch [300/391] Loss: 2.3099, Acc: 10.73%
  Batch [350/391] Loss: 2.3099, Acc: 10.68%
[Epoch 1] Train Loss: 2.3106, Acc: 10.79%  |  Val Loss: 2.3158, Acc: 10.04%  |  Time: 39.3s
  -> Best model saved (10.04%)
[Epoch 1] Summarizing hook timing...

[HOOK_TIMING_SUMMARY] epoch=1
[HOOK_WORK_SUMMARY] label=mpi:ring_zfp_online_coll:rate16 calls=5059 work_total_ms=27572.836 work_mean_ms=5.450 work_min_ms=2.574 work_max_ms=52.143
[HOOK_TAIL_SUMMARY] label=mpi:ring_zfp_online_coll:rate16 steps=392 tail_total_ms=16441.813 tail_mean_ms=41.943 tail_min_ms=4.017 tail_max_ms=160.518
[Epoch 1] Hook timing summary done

[Epoch 2] Training... (lr=0.000201)
  Batch [50/391] Loss: 2.3134, Acc: 10.88%
  Batch [100/391] Loss: 2.3095, Acc: 11.28%
  Batch [150/391] Loss: 2.3069, Acc: 11.60%
  Batch [200/391] Loss: 2.3027, Acc: 11.95%
  Batch [250/391] Loss: 2.3005, Acc: 12.01%
  Batch [300/391] Loss: 2.2991, Acc: 12.25%
  Batch [350/391] Loss: 2.2959, Acc: 12.66%
[Epoch 2] Train Loss: 2.2939, Acc: 12.81%  |  Val Loss: 2.2786, Acc: 15.64%  |  Time: 37.9s
  -> Best model saved (15.64%)
[Epoch 2] Summarizing hook timing...

[HOOK_TIMING_SUMMARY] epoch=2
[HOOK_WORK_SUMMARY] label=mpi:ring_zfp_online_coll:rate16 calls=5083 work_total_ms=27688.258 work_mean_ms=5.447 work_min_ms=2.547 work_max_ms=23.717
[HOOK_TAIL_SUMMARY] label=mpi:ring_zfp_online_coll:rate16 steps=391 tail_total_ms=16521.475 tail_mean_ms=42.254 tail_min_ms=19.536 tail_max_ms=48.536
[Epoch 2] Hook timing summary done

[Epoch 3] Training... (lr=0.000401)
  Batch [50/391] Loss: 2.2768, Acc: 14.75%
  Batch [100/391] Loss: 2.2737, Acc: 15.38%
  Batch [150/391] Loss: 2.2709, Acc: 15.58%
  Batch [200/391] Loss: 2.2667, Acc: 16.22%
  Batch [250/391] Loss: 2.2609, Acc: 17.41%
  Batch [300/391] Loss: 2.2561, Acc: 18.00%
  Batch [350/391] Loss: 2.2525, Acc: 18.48%
[Epoch 3] Train Loss: 2.2487, Acc: 19.01%  |  Val Loss: 2.2098, Acc: 23.96%  |  Time: 37.6s
  -> Best model saved (23.96%)
[Epoch 3] Summarizing hook timing...

[HOOK_TIMING_SUMMARY] epoch=3
[HOOK_WORK_SUMMARY] label=mpi:ring_zfp_online_coll:rate16 calls=5083 work_total_ms=27410.504 work_mean_ms=5.393 work_min_ms=2.545 work_max_ms=30.893
[HOOK_TAIL_SUMMARY] label=mpi:ring_zfp_online_coll:rate16 steps=391 tail_total_ms=15850.306 tail_mean_ms=40.538 tail_min_ms=19.731 tail_max_ms=56.432
[Epoch 3] Hook timing summary done

[Epoch 4] Training... (lr=0.000600)
  Batch [50/391] Loss: 2.2143, Acc: 24.12%
  Batch [100/391] Loss: 2.2071, Acc: 24.12%
  Batch [150/391] Loss: 2.1991, Acc: 24.77%
  Batch [200/391] Loss: 2.1925, Acc: 25.64%
  Batch [250/391] Loss: 2.1855, Acc: 26.11%
  Batch [300/391] Loss: 2.1778, Acc: 26.73%
  Batch [350/391] Loss: 2.1715, Acc: 27.04%
[Epoch 4] Train Loss: 2.1660, Acc: 27.54%  |  Val Loss: 2.1026, Acc: 31.60%  |  Time: 37.9s
  -> Best model saved (31.60%)
[Epoch 4] Summarizing hook timing...

[HOOK_TIMING_SUMMARY] epoch=4
[HOOK_WORK_SUMMARY] label=mpi:ring_zfp_online_coll:rate16 calls=5083 work_total_ms=27991.347 work_mean_ms=5.507 work_min_ms=2.575 work_max_ms=28.299
[HOOK_TAIL_SUMMARY] label=mpi:ring_zfp_online_coll:rate16 steps=391 tail_total_ms=16636.763 tail_mean_ms=42.549 tail_min_ms=23.646 tail_max_ms=65.940
[Epoch 4] Hook timing summary done

[Epoch 5] Training... (lr=0.000800)
  Batch [50/391] Loss: 2.1054, Acc: 30.69%
  Batch [100/391] Loss: 2.0925, Acc: 32.41%
  Batch [150/391] Loss: 2.0789, Acc: 34.00%
  Batch [200/391] Loss: 2.0678, Acc: 34.31%
  Batch [250/391] Loss: 2.0633, Acc: 34.11%
  Batch [300/391] Loss: 2.0552, Acc: 34.30%
  Batch [350/391] Loss: 2.0472, Acc: 34.85%
[Epoch 5] Train Loss: 2.0378, Acc: 35.37%  |  Val Loss: 1.9527, Acc: 39.64%  |  Time: 37.3s
  -> Best model saved (39.64%)
[Epoch 5] Summarizing hook timing...

[HOOK_TIMING_SUMMARY] epoch=5
[HOOK_WORK_SUMMARY] label=mpi:ring_zfp_online_coll:rate16 calls=5083 work_total_ms=27172.431 work_mean_ms=5.346 work_min_ms=2.535 work_max_ms=30.632
[HOOK_TAIL_SUMMARY] label=mpi:ring_zfp_online_coll:rate16 steps=391 tail_total_ms=15436.151 tail_mean_ms=39.479 tail_min_ms=20.946 tail_max_ms=60.148
[Epoch 5] Hook timing summary done

[Epoch 6] Training... (lr=0.001000)
  Batch [50/391] Loss: 1.9506, Acc: 39.69%
  Batch [100/391] Loss: 1.9422, Acc: 39.69%
  Batch [150/391] Loss: 1.9263, Acc: 40.21%
  Batch [200/391] Loss: 1.9155, Acc: 40.58%
  Batch [250/391] Loss: 1.9028, Acc: 40.96%
  Batch [300/391] Loss: 1.8916, Acc: 41.27%
  Batch [350/391] Loss: 1.8809, Acc: 41.62%
[Epoch 6] Train Loss: 1.8735, Acc: 41.93%  |  Val Loss: 1.7660, Acc: 47.00%  |  Time: 37.6s
  -> Best model saved (47.00%)
[Epoch 6] Summarizing hook timing...

[HOOK_TIMING_SUMMARY] epoch=6
[HOOK_WORK_SUMMARY] label=mpi:ring_zfp_online_coll:rate16 calls=5083 work_total_ms=27625.967 work_mean_ms=5.435 work_min_ms=2.532 work_max_ms=22.487
[HOOK_TAIL_SUMMARY] label=mpi:ring_zfp_online_coll:rate16 steps=391 tail_total_ms=16162.812 tail_mean_ms=41.337 tail_min_ms=19.101 tail_max_ms=54.434
[Epoch 6] Hook timing summary done

[Epoch 7] Training... (lr=0.000989)
  Batch [50/391] Loss: 1.8024, Acc: 44.50%
  Batch [100/391] Loss: 1.7837, Acc: 45.69%
  Batch [150/391] Loss: 1.7613, Acc: 46.35%
  Batch [200/391] Loss: 1.7498, Acc: 46.92%
  Batch [250/391] Loss: 1.7340, Acc: 47.42%
  Batch [300/391] Loss: 1.7213, Acc: 47.73%
  Batch [350/391] Loss: 1.7136, Acc: 47.71%
[Epoch 7] Train Loss: 1.7080, Acc: 47.62%  |  Val Loss: 1.6141, Acc: 51.52%  |  Time: 37.7s
  -> Best model saved (51.52%)
[Epoch 7] Summarizing hook timing...

[HOOK_TIMING_SUMMARY] epoch=7
[HOOK_WORK_SUMMARY] label=mpi:ring_zfp_online_coll:rate16 calls=5083 work_total_ms=27731.369 work_mean_ms=5.456 work_min_ms=2.501 work_max_ms=31.307
[HOOK_TAIL_SUMMARY] label=mpi:ring_zfp_online_coll:rate16 steps=391 tail_total_ms=16313.532 tail_mean_ms=41.723 tail_min_ms=26.444 tail_max_ms=52.128
[Epoch 7] Hook timing summary done

[Epoch 8] Training... (lr=0.000957)
  Batch [50/391] Loss: 1.6384, Acc: 47.62%
  Batch [100/391] Loss: 1.6300, Acc: 48.78%
  Batch [150/391] Loss: 1.6163, Acc: 49.08%
  Batch [200/391] Loss: 1.5984, Acc: 49.75%
  Batch [250/391] Loss: 1.5835, Acc: 50.51%
  Batch [300/391] Loss: 1.5779, Acc: 50.72%
  Batch [350/391] Loss: 1.5729, Acc: 50.89%
[Epoch 8] Train Loss: 1.5656, Acc: 51.06%  |  Val Loss: 1.4798, Acc: 55.12%  |  Time: 37.9s
  -> Best model saved (55.12%)
[Epoch 8] Summarizing hook timing...

[HOOK_TIMING_SUMMARY] epoch=8
[HOOK_WORK_SUMMARY] label=mpi:ring_zfp_online_coll:rate16 calls=5083 work_total_ms=28053.180 work_mean_ms=5.519 work_min_ms=2.570 work_max_ms=30.508
[HOOK_TAIL_SUMMARY] label=mpi:ring_zfp_online_coll:rate16 steps=391 tail_total_ms=16786.130 tail_mean_ms=42.931 tail_min_ms=25.369 tail_max_ms=66.737
[Epoch 8] Hook timing summary done

[Epoch 9] Training... (lr=0.000905)
  Batch [50/391] Loss: 1.4969, Acc: 52.50%
  Batch [100/391] Loss: 1.4794, Acc: 53.66%
  Batch [150/391] Loss: 1.4683, Acc: 54.31%
  Batch [200/391] Loss: 1.4688, Acc: 54.28%
  Batch [250/391] Loss: 1.4612, Acc: 54.54%
  Batch [300/391] Loss: 1.4504, Acc: 54.98%
  Batch [350/391] Loss: 1.4377, Acc: 55.45%
[Epoch 9] Train Loss: 1.4298, Acc: 55.72%  |  Val Loss: 1.3585, Acc: 59.72%  |  Time: 37.7s
  -> Best model saved (59.72%)
[Epoch 9] Summarizing hook timing...

[HOOK_TIMING_SUMMARY] epoch=9
[HOOK_WORK_SUMMARY] label=mpi:ring_zfp_online_coll:rate16 calls=5083 work_total_ms=27848.030 work_mean_ms=5.479 work_min_ms=2.533 work_max_ms=28.283
[HOOK_TAIL_SUMMARY] label=mpi:ring_zfp_online_coll:rate16 steps=391 tail_total_ms=16358.511 tail_mean_ms=41.838 tail_min_ms=22.967 tail_max_ms=60.074
[Epoch 9] Hook timing summary done

[Epoch 10] Training... (lr=0.000835)
  Batch [50/391] Loss: 1.3257, Acc: 59.88%
  Batch [100/391] Loss: 1.3408, Acc: 57.56%
  Batch [150/391] Loss: 1.3454, Acc: 57.21%
  Batch [200/391] Loss: 1.3415, Acc: 57.44%
  Batch [250/391] Loss: 1.3393, Acc: 57.39%
  Batch [300/391] Loss: 1.3277, Acc: 57.80%
  Batch [350/391] Loss: 1.3192, Acc: 58.21%
[Epoch 10] Train Loss: 1.3110, Acc: 58.55%  |  Val Loss: 1.2447, Acc: 62.24%  |  Time: 37.8s
  -> Best model saved (62.24%)
[Epoch 10] Summarizing hook timing...

[HOOK_TIMING_SUMMARY] epoch=10
[HOOK_WORK_SUMMARY] label=mpi:ring_zfp_online_coll:rate16 calls=5083 work_total_ms=27598.945 work_mean_ms=5.430 work_min_ms=2.506 work_max_ms=23.292
[HOOK_TAIL_SUMMARY] label=mpi:ring_zfp_online_coll:rate16 steps=391 tail_total_ms=16397.911 tail_mean_ms=41.938 tail_min_ms=24.367 tail_max_ms=62.701
[Epoch 10] Hook timing summary done

[Epoch 11] Training... (lr=0.000750)
  Batch [50/391] Loss: 1.2403, Acc: 62.88%
  Batch [100/391] Loss: 1.2457, Acc: 61.53%
  Batch [150/391] Loss: 1.2445, Acc: 61.06%
  Batch [200/391] Loss: 1.2532, Acc: 60.73%
  Batch [250/391] Loss: 1.2441, Acc: 60.85%
  Batch [300/391] Loss: 1.2371, Acc: 60.88%
  Batch [350/391] Loss: 1.2280, Acc: 61.16%
[Epoch 11] Train Loss: 1.2257, Acc: 61.14%  |  Val Loss: 1.1741, Acc: 65.44%  |  Time: 38.1s
  -> Best model saved (65.44%)
[Epoch 11] Summarizing hook timing...

[HOOK_TIMING_SUMMARY] epoch=11
[HOOK_WORK_SUMMARY] label=mpi:ring_zfp_online_coll:rate16 calls=5083 work_total_ms=28245.188 work_mean_ms=5.557 work_min_ms=2.534 work_max_ms=30.526
[HOOK_TAIL_SUMMARY] label=mpi:ring_zfp_online_coll:rate16 steps=391 tail_total_ms=17095.779 tail_mean_ms=43.723 tail_min_ms=23.302 tail_max_ms=67.381
[Epoch 11] Hook timing summary done

[Epoch 12] Training... (lr=0.000655)
  Batch [50/391] Loss: 1.1669, Acc: 62.44%
  Batch [100/391] Loss: 1.1805, Acc: 61.19%
  Batch [150/391] Loss: 1.1852, Acc: 61.31%
  Batch [200/391] Loss: 1.1729, Acc: 62.11%
  Batch [250/391] Loss: 1.1631, Acc: 62.64%
  Batch [300/391] Loss: 1.1628, Acc: 62.70%
  Batch [350/391] Loss: 1.1653, Acc: 62.55%
[Epoch 12] Train Loss: 1.1604, Acc: 62.62%  |  Val Loss: 1.1091, Acc: 66.44%  |  Time: 38.1s
  -> Best model saved (66.44%)
[Epoch 12] Summarizing hook timing...

[HOOK_TIMING_SUMMARY] epoch=12
[HOOK_WORK_SUMMARY] label=mpi:ring_zfp_online_coll:rate16 calls=5083 work_total_ms=28014.033 work_mean_ms=5.511 work_min_ms=2.530 work_max_ms=30.049
[HOOK_TAIL_SUMMARY] label=mpi:ring_zfp_online_coll:rate16 steps=391 tail_total_ms=16935.645 tail_mean_ms=43.314 tail_min_ms=27.201 tail_max_ms=55.101
[Epoch 12] Hook timing summary done

[Epoch 13] Training... (lr=0.000552)
  Batch [50/391] Loss: 1.1283, Acc: 62.62%
  Batch [100/391] Loss: 1.1119, Acc: 64.44%
  Batch [150/391] Loss: 1.1271, Acc: 63.98%
  Batch [200/391] Loss: 1.1238, Acc: 63.94%
  Batch [250/391] Loss: 1.1165, Acc: 64.16%
  Batch [300/391] Loss: 1.1108, Acc: 64.48%
  Batch [350/391] Loss: 1.1016, Acc: 64.73%
[Epoch 13] Train Loss: 1.0964, Acc: 64.76%  |  Val Loss: 1.0667, Acc: 67.68%  |  Time: 37.8s
  -> Best model saved (67.68%)
[Epoch 13] Summarizing hook timing...

[HOOK_TIMING_SUMMARY] epoch=13
[HOOK_WORK_SUMMARY] label=mpi:ring_zfp_online_coll:rate16 calls=5083 work_total_ms=27728.691 work_mean_ms=5.455 work_min_ms=2.546 work_max_ms=37.031
[HOOK_TAIL_SUMMARY] label=mpi:ring_zfp_online_coll:rate16 steps=391 tail_total_ms=16311.019 tail_mean_ms=41.716 tail_min_ms=19.327 tail_max_ms=59.674
[Epoch 13] Hook timing summary done

[Epoch 14] Training... (lr=0.000448)
  Batch [50/391] Loss: 1.0230, Acc: 67.75%
  Batch [100/391] Loss: 1.0483, Acc: 66.38%
  Batch [150/391] Loss: 1.0531, Acc: 65.94%
  Batch [200/391] Loss: 1.0551, Acc: 65.70%
  Batch [250/391] Loss: 1.0583, Acc: 65.54%
  Batch [300/391] Loss: 1.0578, Acc: 65.65%
  Batch [350/391] Loss: 1.0562, Acc: 65.91%
[Epoch 14] Train Loss: 1.0522, Acc: 66.10%  |  Val Loss: 1.0147, Acc: 69.52%  |  Time: 38.7s
  -> Best model saved (69.52%)
[Epoch 14] Summarizing hook timing...

[HOOK_TIMING_SUMMARY] epoch=14
[HOOK_WORK_SUMMARY] label=mpi:ring_zfp_online_coll:rate16 calls=5083 work_total_ms=28639.701 work_mean_ms=5.634 work_min_ms=2.565 work_max_ms=259.694
[HOOK_TAIL_SUMMARY] label=mpi:ring_zfp_online_coll:rate16 steps=391 tail_total_ms=17044.704 tail_mean_ms=43.593 tail_min_ms=20.426 tail_max_ms=299.837
[Epoch 14] Hook timing summary done

[Epoch 15] Training... (lr=0.000345)
  Batch [50/391] Loss: 1.0245, Acc: 66.81%
  Batch [100/391] Loss: 1.0476, Acc: 66.28%
  Batch [150/391] Loss: 1.0524, Acc: 65.96%
  Batch [200/391] Loss: 1.0505, Acc: 65.86%
  Batch [250/391] Loss: 1.0443, Acc: 66.08%
  Batch [300/391] Loss: 1.0424, Acc: 66.03%
  Batch [350/391] Loss: 1.0371, Acc: 66.12%
[Epoch 15] Train Loss: 1.0315, Acc: 66.30%  |  Val Loss: 0.9934, Acc: 70.24%  |  Time: 37.6s
  -> Best model saved (70.24%)
[Epoch 15] Summarizing hook timing...

[HOOK_TIMING_SUMMARY] epoch=15
[HOOK_WORK_SUMMARY] label=mpi:ring_zfp_online_coll:rate16 calls=5083 work_total_ms=27454.921 work_mean_ms=5.401 work_min_ms=2.582 work_max_ms=23.458
[HOOK_TAIL_SUMMARY] label=mpi:ring_zfp_online_coll:rate16 steps=391 tail_total_ms=16025.139 tail_mean_ms=40.985 tail_min_ms=19.581 tail_max_ms=54.768
[Epoch 15] Hook timing summary done

[Epoch 16] Training... (lr=0.000250)
  Batch [50/391] Loss: 0.9907, Acc: 69.19%
  Batch [100/391] Loss: 1.0073, Acc: 67.81%
  Batch [150/391] Loss: 1.0022, Acc: 67.90%
  Batch [200/391] Loss: 1.0041, Acc: 67.80%
  Batch [250/391] Loss: 0.9949, Acc: 68.04%
  Batch [300/391] Loss: 0.9993, Acc: 68.06%
  Batch [350/391] Loss: 0.9956, Acc: 68.03%
[Epoch 16] Train Loss: 0.9937, Acc: 68.14%  |  Val Loss: 0.9619, Acc: 70.88%  |  Time: 37.7s
  -> Best model saved (70.88%)
[Epoch 16] Summarizing hook timing...

[HOOK_TIMING_SUMMARY] epoch=16
[HOOK_WORK_SUMMARY] label=mpi:ring_zfp_online_coll:rate16 calls=5083 work_total_ms=27546.168 work_mean_ms=5.419 work_min_ms=2.541 work_max_ms=23.487
[HOOK_TAIL_SUMMARY] label=mpi:ring_zfp_online_coll:rate16 steps=391 tail_total_ms=16039.776 tail_mean_ms=41.022 tail_min_ms=20.640 tail_max_ms=61.157
[Epoch 16] Hook timing summary done

[Epoch 17] Training... (lr=0.000165)
  Batch [50/391] Loss: 0.9939, Acc: 67.19%
  Batch [100/391] Loss: 0.9821, Acc: 67.84%
  Batch [150/391] Loss: 0.9868, Acc: 67.56%
  Batch [200/391] Loss: 0.9967, Acc: 67.25%
  Batch [250/391] Loss: 0.9888, Acc: 67.54%
  Batch [300/391] Loss: 0.9836, Acc: 67.89%
  Batch [350/391] Loss: 0.9827, Acc: 67.87%
[Epoch 17] Train Loss: 0.9837, Acc: 67.76%  |  Val Loss: 0.9506, Acc: 71.20%  |  Time: 37.5s
  -> Best model saved (71.20%)
[Epoch 17] Summarizing hook timing...

[HOOK_TIMING_SUMMARY] epoch=17
[HOOK_WORK_SUMMARY] label=mpi:ring_zfp_online_coll:rate16 calls=5083 work_total_ms=27454.461 work_mean_ms=5.401 work_min_ms=2.558 work_max_ms=21.517
[HOOK_TAIL_SUMMARY] label=mpi:ring_zfp_online_coll:rate16 steps=391 tail_total_ms=15730.427 tail_mean_ms=40.231 tail_min_ms=21.207 tail_max_ms=48.772
[Epoch 17] Hook timing summary done

[Epoch 18] Training... (lr=0.000095)
  Batch [50/391] Loss: 0.9976, Acc: 67.31%
  Batch [100/391] Loss: 0.9974, Acc: 67.09%
  Batch [150/391] Loss: 0.9867, Acc: 67.73%
  Batch [200/391] Loss: 0.9820, Acc: 67.80%
  Batch [250/391] Loss: 0.9883, Acc: 67.55%
  Batch [300/391] Loss: 0.9884, Acc: 67.75%
  Batch [350/391] Loss: 0.9861, Acc: 67.63%
[Epoch 18] Train Loss: 0.9827, Acc: 67.78%  |  Val Loss: 0.9639, Acc: 71.32%  |  Time: 40.4s
  -> Best model saved (71.32%)
[Epoch 18] Summarizing hook timing...

[HOOK_TIMING_SUMMARY] epoch=18
[HOOK_WORK_SUMMARY] label=mpi:ring_zfp_online_coll:rate16 calls=5083 work_total_ms=28802.256 work_mean_ms=5.666 work_min_ms=2.478 work_max_ms=531.801
[HOOK_TAIL_SUMMARY] label=mpi:ring_zfp_online_coll:rate16 steps=391 tail_total_ms=17069.607 tail_mean_ms=43.656 tail_min_ms=26.034 tail_max_ms=118.876
[Epoch 18] Hook timing summary done

[Epoch 19] Training... (lr=0.000043)
  Batch [50/391] Loss: 0.9250, Acc: 71.06%
  Batch [100/391] Loss: 0.9462, Acc: 69.75%
  Batch [150/391] Loss: 0.9626, Acc: 69.25%
  Batch [200/391] Loss: 0.9703, Acc: 68.98%
  Batch [250/391] Loss: 0.9773, Acc: 68.46%
  Batch [300/391] Loss: 0.9760, Acc: 68.52%
  Batch [350/391] Loss: 0.9716, Acc: 68.59%
[Epoch 19] Train Loss: 0.9719, Acc: 68.69%  |  Val Loss: 0.9515, Acc: 70.92%  |  Time: 38.3s
[Epoch 19] Summarizing hook timing...

[HOOK_TIMING_SUMMARY] epoch=19
[HOOK_WORK_SUMMARY] label=mpi:ring_zfp_online_coll:rate16 calls=5083 work_total_ms=28328.590 work_mean_ms=5.573 work_min_ms=2.566 work_max_ms=26.379
[HOOK_TAIL_SUMMARY] label=mpi:ring_zfp_online_coll:rate16 steps=391 tail_total_ms=17295.659 tail_mean_ms=44.234 tail_min_ms=23.432 tail_max_ms=65.842
[Epoch 19] Hook timing summary done

[Epoch 20] Training... (lr=0.000011)
  Batch [50/391] Loss: 0.9676, Acc: 67.69%
  Batch [100/391] Loss: 0.9632, Acc: 68.03%
  Batch [150/391] Loss: 0.9601, Acc: 68.25%
  Batch [200/391] Loss: 0.9552, Acc: 68.75%
  Batch [250/391] Loss: 0.9583, Acc: 68.79%
  Batch [300/391] Loss: 0.9598, Acc: 68.81%
  Batch [350/391] Loss: 0.9671, Acc: 68.55%
[Epoch 20] Train Loss: 0.9682, Acc: 68.39%  |  Val Loss: 0.9406, Acc: 71.36%  |  Time: 37.7s
  -> Best model saved (71.36%)
[Epoch 20] Summarizing hook timing...

[HOOK_TIMING_SUMMARY] epoch=20
[HOOK_WORK_SUMMARY] label=mpi:ring_zfp_online_coll:rate16 calls=5083 work_total_ms=27775.421 work_mean_ms=5.464 work_min_ms=2.559 work_max_ms=24.671
[HOOK_TAIL_SUMMARY] label=mpi:ring_zfp_online_coll:rate16 steps=391 tail_total_ms=16209.665 tail_mean_ms=41.457 tail_min_ms=22.421 tail_max_ms=70.352
[Epoch 20] Hook timing summary done

================================================================================
Done in 782.5s | Best val acc: 71.36%
Epoch times: mean=38.0s  min=37.3s  max=40.4s
================================================================================
=== Finished training: backend=mpi, hook=ring_zfp_online_coll, zfp_rate=16, status=0 at Sun May 24 05:03:42 AM UTC 2026 ===
=== Starting training: backend=mpi, hook=ring_zfp_online_coll, zfp_rate=10 at Sun May 24 05:03:42 AM UTC 2026 ===

================================================================================
DISTRIBUTED TRAINING LAUNCHER
================================================================================
  Model:      resnext101_32x8d (CIFAR stem) (pretrained)
  Dataset:    cifar10 (10 classes)
  Backend:    mpi
  Algorithm:  ring_zfp_online_coll
  ZFP rate:   10
  Epochs:     20
  Batch/rank: 32
  LR:         0.001
================================================================================


================================================================================
Distributed Training: RESNEXT101_32X8D on CIFAR10
Backend: MPI, Algorithm: ring_zfp_online_coll
================================================================================
Ranks: 4, Epochs: 20, Batch/rank: 32, Effective batch: 128
LR: 0.001, Device: cuda:0

[Setup] Model on cuda:0, wrapped in DDP (static_graph=True)
[Setup] Hook registered: mpi/ring_zfp_online_coll

================================================================================
DISTRIBUTED TRAINING LAUNCHER
================================================================================
  Model:      resnext101_32x8d (CIFAR stem) (pretrained)
  Dataset:    cifar10 (10 classes)
  Backend:    mpi
  Algorithm:  ring_zfp_online_coll
  ZFP rate:   10
  Epochs:     20
  Batch/rank: 32
  LR:         0.001
================================================================================


================================================================================
DISTRIBUTED TRAINING LAUNCHER
================================================================================
  Model:      resnext101_32x8d (CIFAR stem) (pretrained)
  Dataset:    cifar10 (10 classes)
  Backend:    mpi
  Algorithm:  ring_zfp_online_coll
  ZFP rate:   10
  Epochs:     20
  Batch/rank: 32
  LR:         0.001
================================================================================

[Data] Train batches: 391, Val batches: 79


[Epoch 1] Training... (lr=0.000001)

================================================================================
DISTRIBUTED TRAINING LAUNCHER
================================================================================
  Model:      resnext101_32x8d (CIFAR stem) (pretrained)
  Dataset:    cifar10 (10 classes)
  Backend:    mpi
  Algorithm:  ring_zfp_online_coll
  ZFP rate:   10
  Epochs:     20
  Batch/rank: 32
  LR:         0.001
================================================================================

  Batch [50/391] Loss: 2.3163, Acc: 10.44%
  Batch [100/391] Loss: 2.3122, Acc: 10.62%
  Batch [150/391] Loss: 2.3103, Acc: 10.81%
  Batch [200/391] Loss: 2.3114, Acc: 10.58%
  Batch [250/391] Loss: 2.3098, Acc: 10.88%
  Batch [300/391] Loss: 2.3099, Acc: 10.76%
  Batch [350/391] Loss: 2.3098, Acc: 10.71%
[Epoch 1] Train Loss: 2.3106, Acc: 10.81%  |  Val Loss: 2.3158, Acc: 10.04%  |  Time: 38.6s
  -> Best model saved (10.04%)
[Epoch 1] Summarizing hook timing...

[HOOK_TIMING_SUMMARY] epoch=1
[HOOK_WORK_SUMMARY] label=mpi:ring_zfp_online_coll:rate10 calls=5059 work_total_ms=26785.969 work_mean_ms=5.295 work_min_ms=1.890 work_max_ms=21.843
[HOOK_TAIL_SUMMARY] label=mpi:ring_zfp_online_coll:rate10 steps=392 tail_total_ms=16018.811 tail_mean_ms=40.864 tail_min_ms=3.760 tail_max_ms=126.700
[Epoch 1] Hook timing summary done

[Epoch 2] Training... (lr=0.000201)
  Batch [50/391] Loss: 2.3136, Acc: 10.94%
  Batch [100/391] Loss: 2.3098, Acc: 11.47%
  Batch [150/391] Loss: 2.3074, Acc: 11.77%
  Batch [200/391] Loss: 2.3034, Acc: 12.22%
  Batch [250/391] Loss: 2.3011, Acc: 12.40%
  Batch [300/391] Loss: 2.2999, Acc: 12.38%
  Batch [350/391] Loss: 2.2971, Acc: 12.77%
[Epoch 2] Train Loss: 2.2953, Acc: 13.00%  |  Val Loss: 2.2844, Acc: 14.72%  |  Time: 36.5s
  -> Best model saved (14.72%)
[Epoch 2] Summarizing hook timing...

[HOOK_TIMING_SUMMARY] epoch=2
[HOOK_WORK_SUMMARY] label=mpi:ring_zfp_online_coll:rate10 calls=5083 work_total_ms=26571.477 work_mean_ms=5.228 work_min_ms=2.060 work_max_ms=21.320
[HOOK_TAIL_SUMMARY] label=mpi:ring_zfp_online_coll:rate10 steps=391 tail_total_ms=15109.001 tail_mean_ms=38.642 tail_min_ms=16.368 tail_max_ms=62.244
[Epoch 2] Hook timing summary done

[Epoch 3] Training... (lr=0.000401)
  Batch [50/391] Loss: 2.2858, Acc: 13.12%
  Batch [100/391] Loss: 2.2786, Acc: 14.28%
  Batch [150/391] Loss: 2.2748, Acc: 15.15%
  Batch [200/391] Loss: 2.2711, Acc: 15.55%
  Batch [250/391] Loss: 2.2652, Acc: 16.68%
  Batch [300/391] Loss: 2.2602, Acc: 17.33%
  Batch [350/391] Loss: 2.2563, Acc: 17.79%
[Epoch 3] Train Loss: 2.2526, Acc: 18.16%  |  Val Loss: 2.2147, Acc: 23.60%  |  Time: 36.4s
  -> Best model saved (23.60%)
[Epoch 3] Summarizing hook timing...

[HOOK_TIMING_SUMMARY] epoch=3
[HOOK_WORK_SUMMARY] label=mpi:ring_zfp_online_coll:rate10 calls=5083 work_total_ms=26534.386 work_mean_ms=5.220 work_min_ms=2.015 work_max_ms=27.880
[HOOK_TAIL_SUMMARY] label=mpi:ring_zfp_online_coll:rate10 steps=391 tail_total_ms=15054.151 tail_mean_ms=38.502 tail_min_ms=18.711 tail_max_ms=57.626
[Epoch 3] Hook timing summary done

[Epoch 4] Training... (lr=0.000600)
  Batch [50/391] Loss: 2.2177, Acc: 23.06%
  Batch [100/391] Loss: 2.2108, Acc: 23.44%
  Batch [150/391] Loss: 2.2029, Acc: 24.10%
  Batch [200/391] Loss: 2.1966, Acc: 24.86%
  Batch [250/391] Loss: 2.1890, Acc: 25.27%
  Batch [300/391] Loss: 2.1815, Acc: 26.00%
  Batch [350/391] Loss: 2.1750, Acc: 26.49%
[Epoch 4] Train Loss: 2.1697, Acc: 26.96%  |  Val Loss: 2.1099, Acc: 32.76%  |  Time: 36.8s
  -> Best model saved (32.76%)
[Epoch 4] Summarizing hook timing...

[HOOK_TIMING_SUMMARY] epoch=4
[HOOK_WORK_SUMMARY] label=mpi:ring_zfp_online_coll:rate10 calls=5083 work_total_ms=26559.534 work_mean_ms=5.225 work_min_ms=2.038 work_max_ms=32.935
[HOOK_TAIL_SUMMARY] label=mpi:ring_zfp_online_coll:rate10 steps=391 tail_total_ms=15486.352 tail_mean_ms=39.607 tail_min_ms=21.344 tail_max_ms=54.403
[Epoch 4] Hook timing summary done

[Epoch 5] Training... (lr=0.000800)
  Batch [50/391] Loss: 2.1126, Acc: 30.94%
  Batch [100/391] Loss: 2.0986, Acc: 33.34%
  Batch [150/391] Loss: 2.0874, Acc: 33.94%
  Batch [200/391] Loss: 2.0763, Acc: 34.17%
  Batch [250/391] Loss: 2.0704, Acc: 34.34%
  Batch [300/391] Loss: 2.0616, Acc: 34.80%
  Batch [350/391] Loss: 2.0544, Acc: 35.23%
[Epoch 5] Train Loss: 2.0454, Acc: 35.59%  |  Val Loss: 1.9617, Acc: 40.84%  |  Time: 36.5s
  -> Best model saved (40.84%)
[Epoch 5] Summarizing hook timing...

[HOOK_TIMING_SUMMARY] epoch=5
[HOOK_WORK_SUMMARY] label=mpi:ring_zfp_online_coll:rate10 calls=5083 work_total_ms=26690.965 work_mean_ms=5.251 work_min_ms=1.974 work_max_ms=27.018
[HOOK_TAIL_SUMMARY] label=mpi:ring_zfp_online_coll:rate10 steps=391 tail_total_ms=15150.585 tail_mean_ms=38.748 tail_min_ms=18.379 tail_max_ms=61.266
[Epoch 5] Hook timing summary done

[Epoch 6] Training... (lr=0.001000)
  Batch [50/391] Loss: 1.9570, Acc: 37.88%
  Batch [100/391] Loss: 1.9496, Acc: 38.47%
  Batch [150/391] Loss: 1.9355, Acc: 39.52%
  Batch [200/391] Loss: 1.9267, Acc: 39.78%
  Batch [250/391] Loss: 1.9135, Acc: 40.48%
  Batch [300/391] Loss: 1.9027, Acc: 40.68%
  Batch [350/391] Loss: 1.8925, Acc: 41.19%
[Epoch 6] Train Loss: 1.8837, Acc: 41.35%  |  Val Loss: 1.7873, Acc: 46.60%  |  Time: 36.9s
  -> Best model saved (46.60%)
[Epoch 6] Summarizing hook timing...

[HOOK_TIMING_SUMMARY] epoch=6
[HOOK_WORK_SUMMARY] label=mpi:ring_zfp_online_coll:rate10 calls=5083 work_total_ms=26733.701 work_mean_ms=5.259 work_min_ms=1.891 work_max_ms=29.280
[HOOK_TAIL_SUMMARY] label=mpi:ring_zfp_online_coll:rate10 steps=391 tail_total_ms=15744.035 tail_mean_ms=40.266 tail_min_ms=15.461 tail_max_ms=58.983
[Epoch 6] Hook timing summary done

[Epoch 7] Training... (lr=0.000989)
  Batch [50/391] Loss: 1.8034, Acc: 45.19%
  Batch [100/391] Loss: 1.7881, Acc: 46.22%
  Batch [150/391] Loss: 1.7677, Acc: 46.52%
  Batch [200/391] Loss: 1.7558, Acc: 46.62%
  Batch [250/391] Loss: 1.7382, Acc: 47.17%
  Batch [300/391] Loss: 1.7242, Acc: 47.67%
  Batch [350/391] Loss: 1.7156, Acc: 47.56%
[Epoch 7] Train Loss: 1.7098, Acc: 47.53%  |  Val Loss: 1.6263, Acc: 50.52%  |  Time: 36.4s
  -> Best model saved (50.52%)
[Epoch 7] Summarizing hook timing...

[HOOK_TIMING_SUMMARY] epoch=7
[HOOK_WORK_SUMMARY] label=mpi:ring_zfp_online_coll:rate10 calls=5083 work_total_ms=26506.341 work_mean_ms=5.215 work_min_ms=2.052 work_max_ms=22.474
[HOOK_TAIL_SUMMARY] label=mpi:ring_zfp_online_coll:rate10 steps=391 tail_total_ms=15071.712 tail_mean_ms=38.547 tail_min_ms=18.911 tail_max_ms=53.470
[Epoch 7] Hook timing summary done

[Epoch 8] Training... (lr=0.000957)
  Batch [50/391] Loss: 1.6335, Acc: 47.88%
  Batch [100/391] Loss: 1.6263, Acc: 48.66%
  Batch [150/391] Loss: 1.6155, Acc: 48.42%
  Batch [200/391] Loss: 1.5989, Acc: 49.17%
  Batch [250/391] Loss: 1.5858, Acc: 49.69%
  Batch [300/391] Loss: 1.5764, Acc: 50.17%
  Batch [350/391] Loss: 1.5680, Acc: 50.48%
[Epoch 8] Train Loss: 1.5612, Acc: 50.60%  |  Val Loss: 1.4671, Acc: 55.80%  |  Time: 36.6s
  -> Best model saved (55.80%)
[Epoch 8] Summarizing hook timing...

[HOOK_TIMING_SUMMARY] epoch=8
[HOOK_WORK_SUMMARY] label=mpi:ring_zfp_online_coll:rate10 calls=5083 work_total_ms=26843.373 work_mean_ms=5.281 work_min_ms=2.055 work_max_ms=21.787
[HOOK_TAIL_SUMMARY] label=mpi:ring_zfp_online_coll:rate10 steps=391 tail_total_ms=15518.330 tail_mean_ms=39.689 tail_min_ms=18.193 tail_max_ms=70.067
[Epoch 8] Hook timing summary done

[Epoch 9] Training... (lr=0.000905)
  Batch [50/391] Loss: 1.4757, Acc: 54.81%
  Batch [100/391] Loss: 1.4645, Acc: 54.84%
  Batch [150/391] Loss: 1.4515, Acc: 55.60%
  Batch [200/391] Loss: 1.4523, Acc: 55.31%
  Batch [250/391] Loss: 1.4418, Acc: 55.41%
  Batch [300/391] Loss: 1.4286, Acc: 55.64%
  Batch [350/391] Loss: 1.4196, Acc: 55.88%
[Epoch 9] Train Loss: 1.4112, Acc: 56.09%  |  Val Loss: 1.3464, Acc: 60.36%  |  Time: 36.4s
  -> Best model saved (60.36%)
[Epoch 9] Summarizing hook timing...

[HOOK_TIMING_SUMMARY] epoch=9
[HOOK_WORK_SUMMARY] label=mpi:ring_zfp_online_coll:rate10 calls=5083 work_total_ms=26429.368 work_mean_ms=5.200 work_min_ms=2.031 work_max_ms=38.065
[HOOK_TAIL_SUMMARY] label=mpi:ring_zfp_online_coll:rate10 steps=391 tail_total_ms=15016.788 tail_mean_ms=38.406 tail_min_ms=18.693 tail_max_ms=61.530
[Epoch 9] Hook timing summary done

[Epoch 10] Training... (lr=0.000835)
  Batch [50/391] Loss: 1.2968, Acc: 61.50%
  Batch [100/391] Loss: 1.3172, Acc: 59.56%
  Batch [150/391] Loss: 1.3218, Acc: 58.85%
  Batch [200/391] Loss: 1.3184, Acc: 58.89%
  Batch [250/391] Loss: 1.3127, Acc: 59.15%
  Batch [300/391] Loss: 1.3040, Acc: 59.40%
  Batch [350/391] Loss: 1.2945, Acc: 59.57%
[Epoch 10] Train Loss: 1.2873, Acc: 59.80%  |  Val Loss: 1.2288, Acc: 63.56%  |  Time: 36.5s
  -> Best model saved (63.56%)
[Epoch 10] Summarizing hook timing...

[HOOK_TIMING_SUMMARY] epoch=10
[HOOK_WORK_SUMMARY] label=mpi:ring_zfp_online_coll:rate10 calls=5083 work_total_ms=26576.446 work_mean_ms=5.228 work_min_ms=2.060 work_max_ms=22.233
[HOOK_TAIL_SUMMARY] label=mpi:ring_zfp_online_coll:rate10 steps=391 tail_total_ms=15215.168 tail_mean_ms=38.913 tail_min_ms=19.310 tail_max_ms=60.081
[Epoch 10] Hook timing summary done

[Epoch 11] Training... (lr=0.000750)
  Batch [50/391] Loss: 1.2207, Acc: 62.81%
  Batch [100/391] Loss: 1.2250, Acc: 61.56%
  Batch [150/391] Loss: 1.2200, Acc: 61.85%
  Batch [200/391] Loss: 1.2286, Acc: 61.19%
  Batch [250/391] Loss: 1.2187, Acc: 61.80%
  Batch [300/391] Loss: 1.2133, Acc: 61.89%
  Batch [350/391] Loss: 1.2048, Acc: 62.12%
[Epoch 11] Train Loss: 1.2027, Acc: 62.08%  |  Val Loss: 1.1488, Acc: 65.08%  |  Time: 36.5s
  -> Best model saved (65.08%)
[Epoch 11] Summarizing hook timing...

[HOOK_TIMING_SUMMARY] epoch=11
[HOOK_WORK_SUMMARY] label=mpi:ring_zfp_online_coll:rate10 calls=5083 work_total_ms=26674.506 work_mean_ms=5.248 work_min_ms=2.049 work_max_ms=21.658
[HOOK_TAIL_SUMMARY] label=mpi:ring_zfp_online_coll:rate10 steps=391 tail_total_ms=15276.841 tail_mean_ms=39.071 tail_min_ms=15.893 tail_max_ms=59.050
[Epoch 11] Hook timing summary done

[Epoch 12] Training... (lr=0.000655)
  Batch [50/391] Loss: 1.1445, Acc: 64.56%
  Batch [100/391] Loss: 1.1652, Acc: 63.22%
  Batch [150/391] Loss: 1.1633, Acc: 63.08%
  Batch [200/391] Loss: 1.1523, Acc: 63.30%
  Batch [250/391] Loss: 1.1406, Acc: 63.64%
  Batch [300/391] Loss: 1.1402, Acc: 63.57%
  Batch [350/391] Loss: 1.1385, Acc: 63.48%
[Epoch 12] Train Loss: 1.1341, Acc: 63.56%  |  Val Loss: 1.0873, Acc: 66.96%  |  Time: 36.5s
  -> Best model saved (66.96%)
[Epoch 12] Summarizing hook timing...

[HOOK_TIMING_SUMMARY] epoch=12
[HOOK_WORK_SUMMARY] label=mpi:ring_zfp_online_coll:rate10 calls=5083 work_total_ms=26453.832 work_mean_ms=5.204 work_min_ms=2.007 work_max_ms=23.463
[HOOK_TAIL_SUMMARY] label=mpi:ring_zfp_online_coll:rate10 steps=391 tail_total_ms=15117.390 tail_mean_ms=38.663 tail_min_ms=18.436 tail_max_ms=61.918
[Epoch 12] Hook timing summary done

[Epoch 13] Training... (lr=0.000552)
  Batch [50/391] Loss: 1.0934, Acc: 63.44%
  Batch [100/391] Loss: 1.0876, Acc: 64.88%
  Batch [150/391] Loss: 1.0982, Acc: 64.44%
  Batch [200/391] Loss: 1.0958, Acc: 64.45%
  Batch [250/391] Loss: 1.0850, Acc: 64.96%
  Batch [300/391] Loss: 1.0793, Acc: 65.15%
  Batch [350/391] Loss: 1.0732, Acc: 65.32%
[Epoch 13] Train Loss: 1.0688, Acc: 65.45%  |  Val Loss: 1.0279, Acc: 69.00%  |  Time: 36.6s
  -> Best model saved (69.00%)
[Epoch 13] Summarizing hook timing...

[HOOK_TIMING_SUMMARY] epoch=13
[HOOK_WORK_SUMMARY] label=mpi:ring_zfp_online_coll:rate10 calls=5083 work_total_ms=26463.717 work_mean_ms=5.206 work_min_ms=1.983 work_max_ms=21.595
[HOOK_TAIL_SUMMARY] label=mpi:ring_zfp_online_coll:rate10 steps=391 tail_total_ms=15241.930 tail_mean_ms=38.982 tail_min_ms=19.842 tail_max_ms=46.252
[Epoch 13] Hook timing summary done

[Epoch 14] Training... (lr=0.000448)
  Batch [50/391] Loss: 1.0076, Acc: 67.12%
  Batch [100/391] Loss: 1.0197, Acc: 66.44%
  Batch [150/391] Loss: 1.0191, Acc: 66.79%
  Batch [200/391] Loss: 1.0217, Acc: 66.67%
  Batch [250/391] Loss: 1.0265, Acc: 66.60%
  Batch [300/391] Loss: 1.0292, Acc: 66.59%
  Batch [350/391] Loss: 1.0273, Acc: 66.75%
[Epoch 14] Train Loss: 1.0241, Acc: 66.82%  |  Val Loss: 0.9843, Acc: 70.40%  |  Time: 36.4s
  -> Best model saved (70.40%)
[Epoch 14] Summarizing hook timing...

[HOOK_TIMING_SUMMARY] epoch=14
[HOOK_WORK_SUMMARY] label=mpi:ring_zfp_online_coll:rate10 calls=5083 work_total_ms=26419.598 work_mean_ms=5.198 work_min_ms=2.030 work_max_ms=20.988
[HOOK_TAIL_SUMMARY] label=mpi:ring_zfp_online_coll:rate10 steps=391 tail_total_ms=15069.442 tail_mean_ms=38.541 tail_min_ms=20.585 tail_max_ms=50.348
[Epoch 14] Hook timing summary done

[Epoch 15] Training... (lr=0.000345)
  Batch [50/391] Loss: 0.9861, Acc: 67.81%
  Batch [100/391] Loss: 1.0157, Acc: 66.97%
  Batch [150/391] Loss: 1.0181, Acc: 67.06%
  Batch [200/391] Loss: 1.0206, Acc: 66.88%
  Batch [250/391] Loss: 1.0170, Acc: 66.84%
  Batch [300/391] Loss: 1.0175, Acc: 66.74%
  Batch [350/391] Loss: 1.0106, Acc: 67.15%
[Epoch 15] Train Loss: 1.0059, Acc: 67.35%  |  Val Loss: 0.9619, Acc: 71.56%  |  Time: 36.4s
  -> Best model saved (71.56%)
[Epoch 15] Summarizing hook timing...

[HOOK_TIMING_SUMMARY] epoch=15
[HOOK_WORK_SUMMARY] label=mpi:ring_zfp_online_coll:rate10 calls=5083 work_total_ms=26474.827 work_mean_ms=5.209 work_min_ms=1.980 work_max_ms=21.650
[HOOK_TAIL_SUMMARY] label=mpi:ring_zfp_online_coll:rate10 steps=391 tail_total_ms=15055.019 tail_mean_ms=38.504 tail_min_ms=19.421 tail_max_ms=51.244
[Epoch 15] Hook timing summary done

[Epoch 16] Training... (lr=0.000250)
  Batch [50/391] Loss: 0.9559, Acc: 69.50%
  Batch [100/391] Loss: 0.9693, Acc: 68.75%
  Batch [150/391] Loss: 0.9667, Acc: 68.58%
  Batch [200/391] Loss: 0.9689, Acc: 68.19%
  Batch [250/391] Loss: 0.9631, Acc: 68.51%
  Batch [300/391] Loss: 0.9651, Acc: 68.55%
  Batch [350/391] Loss: 0.9603, Acc: 68.65%
[Epoch 16] Train Loss: 0.9580, Acc: 68.86%  |  Val Loss: 0.9294, Acc: 72.00%  |  Time: 36.3s
  -> Best model saved (72.00%)
[Epoch 16] Summarizing hook timing...

[HOOK_TIMING_SUMMARY] epoch=16
[HOOK_WORK_SUMMARY] label=mpi:ring_zfp_online_coll:rate10 calls=5083 work_total_ms=26465.978 work_mean_ms=5.207 work_min_ms=1.976 work_max_ms=26.464
[HOOK_TAIL_SUMMARY] label=mpi:ring_zfp_online_coll:rate10 steps=391 tail_total_ms=14980.005 tail_mean_ms=38.312 tail_min_ms=18.338 tail_max_ms=43.810
[Epoch 16] Hook timing summary done

[Epoch 17] Training... (lr=0.000165)
  Batch [50/391] Loss: 0.9708, Acc: 68.31%
  Batch [100/391] Loss: 0.9588, Acc: 68.88%
  Batch [150/391] Loss: 0.9610, Acc: 68.79%
  Batch [200/391] Loss: 0.9692, Acc: 68.56%
  Batch [250/391] Loss: 0.9577, Acc: 68.67%
  Batch [300/391] Loss: 0.9562, Acc: 68.79%
  Batch [350/391] Loss: 0.9540, Acc: 68.72%
[Epoch 17] Train Loss: 0.9538, Acc: 68.78%  |  Val Loss: 0.9215, Acc: 71.56%  |  Time: 36.3s
[Epoch 17] Summarizing hook timing...

[HOOK_TIMING_SUMMARY] epoch=17
[HOOK_WORK_SUMMARY] label=mpi:ring_zfp_online_coll:rate10 calls=5083 work_total_ms=26361.618 work_mean_ms=5.186 work_min_ms=2.063 work_max_ms=22.122
[HOOK_TAIL_SUMMARY] label=mpi:ring_zfp_online_coll:rate10 steps=391 tail_total_ms=14868.999 tail_mean_ms=38.028 tail_min_ms=18.481 tail_max_ms=46.734
[Epoch 17] Hook timing summary done

[Epoch 18] Training... (lr=0.000095)
  Batch [50/391] Loss: 0.9647, Acc: 69.00%
  Batch [100/391] Loss: 0.9749, Acc: 68.34%
  Batch [150/391] Loss: 0.9641, Acc: 68.65%
  Batch [200/391] Loss: 0.9600, Acc: 68.73%
  Batch [250/391] Loss: 0.9640, Acc: 68.49%
  Batch [300/391] Loss: 0.9614, Acc: 68.53%
  Batch [350/391] Loss: 0.9599, Acc: 68.60%
[Epoch 18] Train Loss: 0.9588, Acc: 68.50%  |  Val Loss: 0.9343, Acc: 71.48%  |  Time: 36.6s
[Epoch 18] Summarizing hook timing...

[HOOK_TIMING_SUMMARY] epoch=18
[HOOK_WORK_SUMMARY] label=mpi:ring_zfp_online_coll:rate10 calls=5083 work_total_ms=26582.398 work_mean_ms=5.230 work_min_ms=2.056 work_max_ms=21.825
[HOOK_TAIL_SUMMARY] label=mpi:ring_zfp_online_coll:rate10 steps=391 tail_total_ms=15128.333 tail_mean_ms=38.691 tail_min_ms=19.227 tail_max_ms=70.578
[Epoch 18] Hook timing summary done

[Epoch 19] Training... (lr=0.000043)
  Batch [50/391] Loss: 0.8940, Acc: 72.44%
  Batch [100/391] Loss: 0.9192, Acc: 70.66%
  Batch [150/391] Loss: 0.9435, Acc: 69.69%
  Batch [200/391] Loss: 0.9480, Acc: 69.39%
  Batch [250/391] Loss: 0.9523, Acc: 68.97%
  Batch [300/391] Loss: 0.9521, Acc: 68.85%
  Batch [350/391] Loss: 0.9482, Acc: 68.96%
[Epoch 19] Train Loss: 0.9487, Acc: 69.06%  |  Val Loss: 0.9203, Acc: 72.44%  |  Time: 36.4s
  -> Best model saved (72.44%)
[Epoch 19] Summarizing hook timing...

[HOOK_TIMING_SUMMARY] epoch=19
[HOOK_WORK_SUMMARY] label=mpi:ring_zfp_online_coll:rate10 calls=5083 work_total_ms=26315.982 work_mean_ms=5.177 work_min_ms=2.046 work_max_ms=28.859
[HOOK_TAIL_SUMMARY] label=mpi:ring_zfp_online_coll:rate10 steps=391 tail_total_ms=14797.221 tail_mean_ms=37.845 tail_min_ms=20.962 tail_max_ms=63.053
[Epoch 19] Hook timing summary done

[Epoch 20] Training... (lr=0.000011)
  Batch [50/391] Loss: 0.9173, Acc: 69.50%
  Batch [100/391] Loss: 0.9191, Acc: 69.62%
  Batch [150/391] Loss: 0.9240, Acc: 69.58%
  Batch [200/391] Loss: 0.9212, Acc: 69.64%
  Batch [250/391] Loss: 0.9273, Acc: 69.60%
  Batch [300/391] Loss: 0.9297, Acc: 69.62%
  Batch [350/391] Loss: 0.9371, Acc: 69.46%
[Epoch 20] Train Loss: 0.9391, Acc: 69.41%  |  Val Loss: 0.9196, Acc: 73.44%  |  Time: 36.9s
  -> Best model saved (73.44%)
[Epoch 20] Summarizing hook timing...

[HOOK_TIMING_SUMMARY] epoch=20
[HOOK_WORK_SUMMARY] label=mpi:ring_zfp_online_coll:rate10 calls=5083 work_total_ms=27111.900 work_mean_ms=5.334 work_min_ms=2.035 work_max_ms=20.798
[HOOK_TAIL_SUMMARY] label=mpi:ring_zfp_online_coll:rate10 steps=391 tail_total_ms=15909.376 tail_mean_ms=40.689 tail_min_ms=19.589 tail_max_ms=52.894
[Epoch 20] Hook timing summary done

================================================================================
Done in 753.8s | Best val acc: 73.44%
Epoch times: mean=36.6s  min=36.3s  max=38.6s
================================================================================
=== Finished training: backend=mpi, hook=ring_zfp_online_coll, zfp_rate=10, status=0 at Sun May 24 05:16:36 AM UTC 2026 ===
=== Job finished: Sun May 24 05:16:36 AM UTC 2026 ===
