=== Job started: Sun May 24 05:20:35 AM UTC 2026 ===
=== Node: x3105c0s37b1n0 ===

The following have been reloaded with a version change:
  1) gcc-native/14 => gcc-native/13


The following have been reloaded with a version change:
  1) gcc-native/13 => gcc-native/14.2

[INFO] GTL preloaded: /opt/cray/pe/mpich/9.0.1/ofi/nvidia/23.3/lib/libmpi_gtl_cuda.so
=============================================
  Polaris DDP + Eagle PyTorch + Cray MPICH
=============================================
Node              : x3105c0s37b1n0
ZFP_HOME          : /home/mrest/mpiAllReduceCompressed/zfp-install
GTL               : /opt/cray/pe/mpich/9.0.1/ofi/nvidia/23.3/lib/libmpi_gtl_cuda.so
MPICH_GPU_SUPPORT : 1

PyTorch version   : 2.8.0a0+gitba56102
PyTorch location  : /lus/eagle/projects/UIC-HPC/mrest/pytorch_mpi_build/src/pytorch/torch/__init__.py
CUDA available    : True 4
MPI available     : True
mpi4py            : MPI VERSION    : CRAY MPICH version 9.0.1.498 (ANL base 4.1.2)
mpi4py rank test  : rank 0 OK
=============================================
=== Starting training: backend=mpi, hook=recursive_doubling, zfp_rate=none at Sun May 24 05:21:07 AM UTC 2026 ===

================================================================================
DISTRIBUTED TRAINING LAUNCHER
================================================================================
  Model:      resnext101_32x8d (CIFAR stem) (pretrained)
  Dataset:    cifar10 (10 classes)
  Backend:    mpi
  Algorithm:  recursive_doubling
  Epochs:     20
  Batch/rank: 32
  LR:         0.001
================================================================================


================================================================================
Distributed Training: RESNEXT101_32X8D on CIFAR10
Backend: MPI, Algorithm: recursive_doubling
================================================================================
Ranks: 4, Epochs: 20, Batch/rank: 32, Effective batch: 128
LR: 0.001, Device: cuda:0

[Setup] Model on cuda:0, wrapped in DDP (static_graph=True)
[Setup] Hook registered: mpi/recursive_doubling

================================================================================
DISTRIBUTED TRAINING LAUNCHER
================================================================================
  Model:      resnext101_32x8d (CIFAR stem) (pretrained)
  Dataset:    cifar10 (10 classes)
  Backend:    mpi
  Algorithm:  recursive_doubling
  Epochs:     20
  Batch/rank: 32
  LR:         0.001
================================================================================


================================================================================
DISTRIBUTED TRAINING LAUNCHER
================================================================================
  Model:      resnext101_32x8d (CIFAR stem) (pretrained)
  Dataset:    cifar10 (10 classes)
  Backend:    mpi
  Algorithm:  recursive_doubling
  Epochs:     20
  Batch/rank: 32
  LR:         0.001
================================================================================


================================================================================
DISTRIBUTED TRAINING LAUNCHER
================================================================================
  Model:      resnext101_32x8d (CIFAR stem) (pretrained)
  Dataset:    cifar10 (10 classes)
  Backend:    mpi
  Algorithm:  recursive_doubling
  Epochs:     20
  Batch/rank: 32
  LR:         0.001
================================================================================

[Data] Train batches: 391, Val batches: 79


[Epoch 1] Training... (lr=0.000001)
  Batch [50/391] Loss: 2.3164, Acc: 10.38%
  Batch [100/391] Loss: 2.3122, Acc: 10.59%
  Batch [150/391] Loss: 2.3103, Acc: 10.77%
  Batch [200/391] Loss: 2.3114, Acc: 10.53%
  Batch [250/391] Loss: 2.3099, Acc: 10.84%
  Batch [300/391] Loss: 2.3099, Acc: 10.73%
  Batch [350/391] Loss: 2.3098, Acc: 10.68%
[Epoch 1] Train Loss: 2.3106, Acc: 10.78%  |  Val Loss: 2.3158, Acc: 10.08%  |  Time: 31.3s
  -> Best model saved (10.08%)
[Epoch 1] Summarizing hook timing...

[HOOK_TIMING_SUMMARY] epoch=1
[HOOK_WORK_SUMMARY] label=mpi:recursive_doubling calls=5059 work_total_ms=16661.078 work_mean_ms=3.293 work_min_ms=0.355 work_max_ms=25.190
[HOOK_TAIL_SUMMARY] label=mpi:recursive_doubling steps=392 tail_total_ms=9881.006 tail_mean_ms=25.207 tail_min_ms=0.940 tail_max_ms=28.099
[Epoch 1] Hook timing summary done

[Epoch 2] Training... (lr=0.000201)
  Batch [50/391] Loss: 2.3134, Acc: 10.94%
  Batch [100/391] Loss: 2.3094, Acc: 11.44%
  Batch [150/391] Loss: 2.3073, Acc: 11.73%
  Batch [200/391] Loss: 2.3033, Acc: 12.14%
  Batch [250/391] Loss: 2.3011, Acc: 12.20%
  Batch [300/391] Loss: 2.2998, Acc: 12.26%
  Batch [350/391] Loss: 2.2969, Acc: 12.56%
[Epoch 2] Train Loss: 2.2949, Acc: 12.75%  |  Val Loss: 2.2800, Acc: 15.24%  |  Time: 26.4s
  -> Best model saved (15.24%)
[Epoch 2] Summarizing hook timing...

[HOOK_TIMING_SUMMARY] epoch=2
[HOOK_WORK_SUMMARY] label=mpi:recursive_doubling calls=5083 work_total_ms=16961.953 work_mean_ms=3.337 work_min_ms=0.357 work_max_ms=25.246
[HOOK_TAIL_SUMMARY] label=mpi:recursive_doubling steps=391 tail_total_ms=10363.440 tail_mean_ms=26.505 tail_min_ms=14.835 tail_max_ms=27.785
[Epoch 2] Hook timing summary done

[Epoch 3] Training... (lr=0.000401)
  Batch [50/391] Loss: 2.2770, Acc: 15.44%
  Batch [100/391] Loss: 2.2739, Acc: 15.88%
  Batch [150/391] Loss: 2.2708, Acc: 16.15%
  Batch [200/391] Loss: 2.2665, Acc: 16.78%
  Batch [250/391] Loss: 2.2607, Acc: 17.40%
  Batch [300/391] Loss: 2.2560, Acc: 17.95%
  Batch [350/391] Loss: 2.2524, Acc: 18.45%
[Epoch 3] Train Loss: 2.2486, Acc: 18.91%  |  Val Loss: 2.2124, Acc: 23.40%  |  Time: 26.4s
  -> Best model saved (23.40%)
[Epoch 3] Summarizing hook timing...

[HOOK_TIMING_SUMMARY] epoch=3
[HOOK_WORK_SUMMARY] label=mpi:recursive_doubling calls=5083 work_total_ms=17023.122 work_mean_ms=3.349 work_min_ms=0.356 work_max_ms=21.884
[HOOK_TAIL_SUMMARY] label=mpi:recursive_doubling steps=391 tail_total_ms=10524.275 tail_mean_ms=26.916 tail_min_ms=10.787 tail_max_ms=28.075
[Epoch 3] Hook timing summary done

[Epoch 4] Training... (lr=0.000600)
  Batch [50/391] Loss: 2.2148, Acc: 23.00%
  Batch [100/391] Loss: 2.2075, Acc: 23.62%
  Batch [150/391] Loss: 2.1986, Acc: 24.60%
  Batch [200/391] Loss: 2.1913, Acc: 25.33%
  Batch [250/391] Loss: 2.1840, Acc: 25.91%
  Batch [300/391] Loss: 2.1764, Acc: 26.61%
  Batch [350/391] Loss: 2.1699, Acc: 27.13%
[Epoch 4] Train Loss: 2.1642, Acc: 27.65%  |  Val Loss: 2.1010, Acc: 32.32%  |  Time: 26.6s
  -> Best model saved (32.32%)
[Epoch 4] Summarizing hook timing...

[HOOK_TIMING_SUMMARY] epoch=4
[HOOK_WORK_SUMMARY] label=mpi:recursive_doubling calls=5083 work_total_ms=16955.917 work_mean_ms=3.336 work_min_ms=0.361 work_max_ms=25.731
[HOOK_TAIL_SUMMARY] label=mpi:recursive_doubling steps=391 tail_total_ms=10077.380 tail_mean_ms=25.773 tail_min_ms=12.356 tail_max_ms=28.192
[Epoch 4] Hook timing summary done

[Epoch 5] Training... (lr=0.000800)
  Batch [50/391] Loss: 2.1013, Acc: 31.81%
  Batch [100/391] Loss: 2.0892, Acc: 33.31%
  Batch [150/391] Loss: 2.0774, Acc: 34.29%
  Batch [200/391] Loss: 2.0669, Acc: 34.53%
  Batch [250/391] Loss: 2.0615, Acc: 34.69%
  Batch [300/391] Loss: 2.0519, Acc: 35.35%
  Batch [350/391] Loss: 2.0435, Acc: 35.66%
[Epoch 5] Train Loss: 2.0336, Acc: 36.27%  |  Val Loss: 1.9487, Acc: 40.84%  |  Time: 26.5s
  -> Best model saved (40.84%)
[Epoch 5] Summarizing hook timing...

[HOOK_TIMING_SUMMARY] epoch=5
[HOOK_WORK_SUMMARY] label=mpi:recursive_doubling calls=5083 work_total_ms=17013.882 work_mean_ms=3.347 work_min_ms=0.362 work_max_ms=23.672
[HOOK_TAIL_SUMMARY] label=mpi:recursive_doubling steps=391 tail_total_ms=10190.058 tail_mean_ms=26.062 tail_min_ms=11.109 tail_max_ms=27.044
[Epoch 5] Hook timing summary done

[Epoch 6] Training... (lr=0.001000)
  Batch [50/391] Loss: 1.9463, Acc: 38.50%
  Batch [100/391] Loss: 1.9387, Acc: 38.81%
  Batch [150/391] Loss: 1.9231, Acc: 39.27%
  Batch [200/391] Loss: 1.9120, Acc: 40.36%
  Batch [250/391] Loss: 1.8995, Acc: 41.09%
  Batch [300/391] Loss: 1.8871, Acc: 41.53%
  Batch [350/391] Loss: 1.8756, Acc: 41.83%
[Epoch 6] Train Loss: 1.8671, Acc: 42.03%  |  Val Loss: 1.7683, Acc: 46.68%  |  Time: 26.5s
  -> Best model saved (46.68%)
[Epoch 6] Summarizing hook timing...

[HOOK_TIMING_SUMMARY] epoch=6
[HOOK_WORK_SUMMARY] label=mpi:recursive_doubling calls=5083 work_total_ms=16904.607 work_mean_ms=3.326 work_min_ms=0.361 work_max_ms=28.418
[HOOK_TAIL_SUMMARY] label=mpi:recursive_doubling steps=391 tail_total_ms=10066.910 tail_mean_ms=25.747 tail_min_ms=12.770 tail_max_ms=26.905
[Epoch 6] Hook timing summary done

[Epoch 7] Training... (lr=0.000989)
  Batch [50/391] Loss: 1.7969, Acc: 44.44%
  Batch [100/391] Loss: 1.7790, Acc: 45.09%
  Batch [150/391] Loss: 1.7523, Acc: 46.04%
  Batch [200/391] Loss: 1.7406, Acc: 46.34%
  Batch [250/391] Loss: 1.7245, Acc: 46.98%
  Batch [300/391] Loss: 1.7095, Acc: 47.48%
  Batch [350/391] Loss: 1.7010, Acc: 47.45%
[Epoch 7] Train Loss: 1.6949, Acc: 47.41%  |  Val Loss: 1.5976, Acc: 52.20%  |  Time: 26.7s
  -> Best model saved (52.20%)
[Epoch 7] Summarizing hook timing...

[HOOK_TIMING_SUMMARY] epoch=7
[HOOK_WORK_SUMMARY] label=mpi:recursive_doubling calls=5083 work_total_ms=17157.263 work_mean_ms=3.375 work_min_ms=0.355 work_max_ms=22.678
[HOOK_TAIL_SUMMARY] label=mpi:recursive_doubling steps=391 tail_total_ms=10515.346 tail_mean_ms=26.893 tail_min_ms=14.900 tail_max_ms=28.230
[Epoch 7] Hook timing summary done

[Epoch 8] Training... (lr=0.000957)
  Batch [50/391] Loss: 1.6162, Acc: 49.12%
  Batch [100/391] Loss: 1.6088, Acc: 50.25%
  Batch [150/391] Loss: 1.6000, Acc: 50.02%
  Batch [200/391] Loss: 1.5839, Acc: 50.64%
  Batch [250/391] Loss: 1.5695, Acc: 50.89%
  Batch [300/391] Loss: 1.5589, Acc: 51.30%
  Batch [350/391] Loss: 1.5520, Acc: 51.50%
[Epoch 8] Train Loss: 1.5448, Acc: 51.64%  |  Val Loss: 1.4662, Acc: 56.20%  |  Time: 26.6s
  -> Best model saved (56.20%)
[Epoch 8] Summarizing hook timing...

[HOOK_TIMING_SUMMARY] epoch=8
[HOOK_WORK_SUMMARY] label=mpi:recursive_doubling calls=5083 work_total_ms=17160.425 work_mean_ms=3.376 work_min_ms=0.358 work_max_ms=22.094
[HOOK_TAIL_SUMMARY] label=mpi:recursive_doubling steps=391 tail_total_ms=10641.313 tail_mean_ms=27.216 tail_min_ms=14.194 tail_max_ms=28.122
[Epoch 8] Hook timing summary done

[Epoch 9] Training... (lr=0.000905)
  Batch [50/391] Loss: 1.4777, Acc: 53.62%
  Batch [100/391] Loss: 1.4599, Acc: 54.31%
  Batch [150/391] Loss: 1.4480, Acc: 54.92%
  Batch [200/391] Loss: 1.4475, Acc: 54.92%
  Batch [250/391] Loss: 1.4386, Acc: 54.90%
  Batch [300/391] Loss: 1.4278, Acc: 55.05%
  Batch [350/391] Loss: 1.4189, Acc: 55.24%
[Epoch 9] Train Loss: 1.4100, Acc: 55.53%  |  Val Loss: 1.3366, Acc: 59.28%  |  Time: 26.5s
  -> Best model saved (59.28%)
[Epoch 9] Summarizing hook timing...

[HOOK_TIMING_SUMMARY] epoch=9
[HOOK_WORK_SUMMARY] label=mpi:recursive_doubling calls=5083 work_total_ms=17092.272 work_mean_ms=3.363 work_min_ms=0.364 work_max_ms=23.214
[HOOK_TAIL_SUMMARY] label=mpi:recursive_doubling steps=391 tail_total_ms=10627.378 tail_mean_ms=27.180 tail_min_ms=14.071 tail_max_ms=28.392
[Epoch 9] Hook timing summary done

[Epoch 10] Training... (lr=0.000835)
  Batch [50/391] Loss: 1.3016, Acc: 59.00%
  Batch [100/391] Loss: 1.3191, Acc: 58.03%
  Batch [150/391] Loss: 1.3222, Acc: 58.40%
  Batch [200/391] Loss: 1.3166, Acc: 58.55%
  Batch [250/391] Loss: 1.3107, Acc: 58.69%
  Batch [300/391] Loss: 1.2999, Acc: 58.91%
  Batch [350/391] Loss: 1.2921, Acc: 59.11%
[Epoch 10] Train Loss: 1.2846, Acc: 59.38%  |  Val Loss: 1.2221, Acc: 63.72%  |  Time: 26.4s
  -> Best model saved (63.72%)
[Epoch 10] Summarizing hook timing...

[HOOK_TIMING_SUMMARY] epoch=10
[HOOK_WORK_SUMMARY] label=mpi:recursive_doubling calls=5083 work_total_ms=16944.096 work_mean_ms=3.333 work_min_ms=0.365 work_max_ms=20.979
[HOOK_TAIL_SUMMARY] label=mpi:recursive_doubling steps=391 tail_total_ms=10445.664 tail_mean_ms=26.715 tail_min_ms=13.839 tail_max_ms=27.376
[Epoch 10] Hook timing summary done

[Epoch 11] Training... (lr=0.000750)
  Batch [50/391] Loss: 1.2210, Acc: 60.62%
  Batch [100/391] Loss: 1.2226, Acc: 60.22%
  Batch [150/391] Loss: 1.2164, Acc: 61.08%
  Batch [200/391] Loss: 1.2201, Acc: 60.84%
  Batch [250/391] Loss: 1.2115, Acc: 61.30%
  Batch [300/391] Loss: 1.2065, Acc: 61.40%
  Batch [350/391] Loss: 1.1966, Acc: 61.73%
[Epoch 11] Train Loss: 1.1958, Acc: 61.70%  |  Val Loss: 1.1504, Acc: 65.92%  |  Time: 26.7s
  -> Best model saved (65.92%)
[Epoch 11] Summarizing hook timing...

[HOOK_TIMING_SUMMARY] epoch=11
[HOOK_WORK_SUMMARY] label=mpi:recursive_doubling calls=5083 work_total_ms=17030.634 work_mean_ms=3.351 work_min_ms=0.362 work_max_ms=24.378
[HOOK_TAIL_SUMMARY] label=mpi:recursive_doubling steps=391 tail_total_ms=10258.880 tail_mean_ms=26.238 tail_min_ms=13.253 tail_max_ms=27.633
[Epoch 11] Hook timing summary done

[Epoch 12] Training... (lr=0.000655)
  Batch [50/391] Loss: 1.1520, Acc: 64.56%
  Batch [100/391] Loss: 1.1563, Acc: 63.53%
  Batch [150/391] Loss: 1.1585, Acc: 63.21%
  Batch [200/391] Loss: 1.1523, Acc: 63.38%
  Batch [250/391] Loss: 1.1376, Acc: 63.65%
  Batch [300/391] Loss: 1.1356, Acc: 63.59%
  Batch [350/391] Loss: 1.1381, Acc: 63.44%
[Epoch 12] Train Loss: 1.1342, Acc: 63.54%  |  Val Loss: 1.0871, Acc: 67.00%  |  Time: 26.5s
  -> Best model saved (67.00%)
[Epoch 12] Summarizing hook timing...

[HOOK_TIMING_SUMMARY] epoch=12
[HOOK_WORK_SUMMARY] label=mpi:recursive_doubling calls=5083 work_total_ms=16657.172 work_mean_ms=3.277 work_min_ms=0.363 work_max_ms=24.979
[HOOK_TAIL_SUMMARY] label=mpi:recursive_doubling steps=391 tail_total_ms=9689.055 tail_mean_ms=24.780 tail_min_ms=9.305 tail_max_ms=28.421
[Epoch 12] Hook timing summary done

[Epoch 13] Training... (lr=0.000552)
  Batch [50/391] Loss: 1.0824, Acc: 65.69%
  Batch [100/391] Loss: 1.0733, Acc: 65.84%
  Batch [150/391] Loss: 1.0860, Acc: 65.44%
  Batch [200/391] Loss: 1.0883, Acc: 65.08%
  Batch [250/391] Loss: 1.0763, Acc: 65.61%
  Batch [300/391] Loss: 1.0733, Acc: 65.73%
  Batch [350/391] Loss: 1.0709, Acc: 65.54%
[Epoch 13] Train Loss: 1.0674, Acc: 65.55%  |  Val Loss: 1.0137, Acc: 69.72%  |  Time: 26.4s
  -> Best model saved (69.72%)
[Epoch 13] Summarizing hook timing...

[HOOK_TIMING_SUMMARY] epoch=13
[HOOK_WORK_SUMMARY] label=mpi:recursive_doubling calls=5083 work_total_ms=16941.859 work_mean_ms=3.333 work_min_ms=0.350 work_max_ms=22.952
[HOOK_TAIL_SUMMARY] label=mpi:recursive_doubling steps=391 tail_total_ms=10356.749 tail_mean_ms=26.488 tail_min_ms=14.394 tail_max_ms=28.239
[Epoch 13] Hook timing summary done

[Epoch 14] Training... (lr=0.000448)
  Batch [50/391] Loss: 1.0101, Acc: 68.12%
  Batch [100/391] Loss: 1.0195, Acc: 67.22%
  Batch [150/391] Loss: 1.0169, Acc: 67.50%
  Batch [200/391] Loss: 1.0229, Acc: 67.20%
  Batch [250/391] Loss: 1.0300, Acc: 66.92%
  Batch [300/391] Loss: 1.0308, Acc: 67.02%
  Batch [350/391] Loss: 1.0317, Acc: 66.97%
[Epoch 14] Train Loss: 1.0288, Acc: 67.06%  |  Val Loss: 0.9776, Acc: 69.96%  |  Time: 26.5s
  -> Best model saved (69.96%)
[Epoch 14] Summarizing hook timing...

[HOOK_TIMING_SUMMARY] epoch=14
[HOOK_WORK_SUMMARY] label=mpi:recursive_doubling calls=5083 work_total_ms=17068.356 work_mean_ms=3.358 work_min_ms=0.357 work_max_ms=23.687
[HOOK_TAIL_SUMMARY] label=mpi:recursive_doubling steps=391 tail_total_ms=10411.561 tail_mean_ms=26.628 tail_min_ms=14.941 tail_max_ms=28.630
[Epoch 14] Hook timing summary done

[Epoch 15] Training... (lr=0.000345)
  Batch [50/391] Loss: 1.0090, Acc: 67.31%
  Batch [100/391] Loss: 1.0269, Acc: 66.25%
  Batch [150/391] Loss: 1.0238, Acc: 66.58%
  Batch [200/391] Loss: 1.0226, Acc: 66.58%
  Batch [250/391] Loss: 1.0176, Acc: 66.58%
  Batch [300/391] Loss: 1.0162, Acc: 66.64%
  Batch [350/391] Loss: 1.0094, Acc: 66.92%
[Epoch 15] Train Loss: 1.0026, Acc: 67.20%  |  Val Loss: 0.9533, Acc: 70.80%  |  Time: 26.4s
  -> Best model saved (70.80%)
[Epoch 15] Summarizing hook timing...

[HOOK_TIMING_SUMMARY] epoch=15
[HOOK_WORK_SUMMARY] label=mpi:recursive_doubling calls=5083 work_total_ms=16754.347 work_mean_ms=3.296 work_min_ms=0.361 work_max_ms=24.466
[HOOK_TAIL_SUMMARY] label=mpi:recursive_doubling steps=391 tail_total_ms=9835.592 tail_mean_ms=25.155 tail_min_ms=10.770 tail_max_ms=27.301
[Epoch 15] Hook timing summary done

[Epoch 16] Training... (lr=0.000250)
  Batch [50/391] Loss: 0.9708, Acc: 67.94%
  Batch [100/391] Loss: 0.9784, Acc: 67.56%
  Batch [150/391] Loss: 0.9740, Acc: 68.00%
  Batch [200/391] Loss: 0.9734, Acc: 67.98%
  Batch [250/391] Loss: 0.9669, Acc: 68.22%
  Batch [300/391] Loss: 0.9707, Acc: 68.23%
  Batch [350/391] Loss: 0.9653, Acc: 68.39%
[Epoch 16] Train Loss: 0.9643, Acc: 68.54%  |  Val Loss: 0.9193, Acc: 72.48%  |  Time: 26.5s
  -> Best model saved (72.48%)
[Epoch 16] Summarizing hook timing...

[HOOK_TIMING_SUMMARY] epoch=16
[HOOK_WORK_SUMMARY] label=mpi:recursive_doubling calls=5083 work_total_ms=16969.502 work_mean_ms=3.338 work_min_ms=0.369 work_max_ms=26.458
[HOOK_TAIL_SUMMARY] label=mpi:recursive_doubling steps=391 tail_total_ms=10076.972 tail_mean_ms=25.772 tail_min_ms=12.717 tail_max_ms=27.109
[Epoch 16] Hook timing summary done

[Epoch 17] Training... (lr=0.000165)
  Batch [50/391] Loss: 0.9704, Acc: 67.69%
  Batch [100/391] Loss: 0.9574, Acc: 68.53%
  Batch [150/391] Loss: 0.9601, Acc: 68.73%
  Batch [200/391] Loss: 0.9693, Acc: 68.47%
  Batch [250/391] Loss: 0.9619, Acc: 68.83%
  Batch [300/391] Loss: 0.9571, Acc: 68.88%
  Batch [350/391] Loss: 0.9579, Acc: 68.74%
[Epoch 17] Train Loss: 0.9593, Acc: 68.61%  |  Val Loss: 0.9153, Acc: 71.80%  |  Time: 26.5s
[Epoch 17] Summarizing hook timing...

[HOOK_TIMING_SUMMARY] epoch=17
[HOOK_WORK_SUMMARY] label=mpi:recursive_doubling calls=5083 work_total_ms=17013.798 work_mean_ms=3.347 work_min_ms=0.361 work_max_ms=26.041
[HOOK_TAIL_SUMMARY] label=mpi:recursive_doubling steps=391 tail_total_ms=10123.698 tail_mean_ms=25.892 tail_min_ms=14.499 tail_max_ms=28.377
[Epoch 17] Hook timing summary done

[Epoch 18] Training... (lr=0.000095)
  Batch [50/391] Loss: 0.9802, Acc: 68.31%
  Batch [100/391] Loss: 0.9800, Acc: 68.28%
  Batch [150/391] Loss: 0.9705, Acc: 68.40%
  Batch [200/391] Loss: 0.9654, Acc: 68.66%
  Batch [250/391] Loss: 0.9686, Acc: 68.59%
  Batch [300/391] Loss: 0.9702, Acc: 68.44%
  Batch [350/391] Loss: 0.9671, Acc: 68.47%
[Epoch 18] Train Loss: 0.9637, Acc: 68.45%  |  Val Loss: 0.9290, Acc: 71.52%  |  Time: 26.5s
[Epoch 18] Summarizing hook timing...

[HOOK_TIMING_SUMMARY] epoch=18
[HOOK_WORK_SUMMARY] label=mpi:recursive_doubling calls=5083 work_total_ms=16867.397 work_mean_ms=3.318 work_min_ms=0.364 work_max_ms=24.763
[HOOK_TAIL_SUMMARY] label=mpi:recursive_doubling steps=391 tail_total_ms=10039.840 tail_mean_ms=25.677 tail_min_ms=12.169 tail_max_ms=28.010
[Epoch 18] Hook timing summary done

[Epoch 19] Training... (lr=0.000043)
  Batch [50/391] Loss: 0.9024, Acc: 71.19%
  Batch [100/391] Loss: 0.9275, Acc: 69.69%
  Batch [150/391] Loss: 0.9461, Acc: 69.21%
  Batch [200/391] Loss: 0.9539, Acc: 69.11%
  Batch [250/391] Loss: 0.9597, Acc: 68.94%
  Batch [300/391] Loss: 0.9556, Acc: 69.12%
  Batch [350/391] Loss: 0.9491, Acc: 69.33%
[Epoch 19] Train Loss: 0.9486, Acc: 69.36%  |  Val Loss: 0.9154, Acc: 72.48%  |  Time: 26.7s
[Epoch 19] Summarizing hook timing...

[HOOK_TIMING_SUMMARY] epoch=19
[HOOK_WORK_SUMMARY] label=mpi:recursive_doubling calls=5083 work_total_ms=16961.541 work_mean_ms=3.337 work_min_ms=0.360 work_max_ms=27.162
[HOOK_TAIL_SUMMARY] label=mpi:recursive_doubling steps=391 tail_total_ms=10218.402 tail_mean_ms=26.134 tail_min_ms=12.712 tail_max_ms=27.854
[Epoch 19] Hook timing summary done

[Epoch 20] Training... (lr=0.000011)
  Batch [50/391] Loss: 0.9356, Acc: 69.12%
  Batch [100/391] Loss: 0.9351, Acc: 69.75%
  Batch [150/391] Loss: 0.9361, Acc: 69.40%
  Batch [200/391] Loss: 0.9356, Acc: 69.50%
  Batch [250/391] Loss: 0.9407, Acc: 69.50%
  Batch [300/391] Loss: 0.9422, Acc: 69.41%
  Batch [350/391] Loss: 0.9484, Acc: 68.98%
[Epoch 20] Train Loss: 0.9488, Acc: 68.95%  |  Val Loss: 0.9107, Acc: 71.88%  |  Time: 26.4s
[Epoch 20] Summarizing hook timing...

[HOOK_TIMING_SUMMARY] epoch=20
[HOOK_WORK_SUMMARY] label=mpi:recursive_doubling calls=5083 work_total_ms=16958.705 work_mean_ms=3.336 work_min_ms=0.356 work_max_ms=26.604
[HOOK_TAIL_SUMMARY] label=mpi:recursive_doubling steps=391 tail_total_ms=10385.694 tail_mean_ms=26.562 tail_min_ms=14.480 tail_max_ms=28.030
[Epoch 20] Hook timing summary done

================================================================================
Done in 553.3s | Best val acc: 72.48%
Epoch times: mean=26.8s  min=26.4s  max=31.3s
================================================================================
=== Finished training: backend=mpi, hook=recursive_doubling, zfp_rate=none, status=0 at Sun May 24 05:30:41 AM UTC 2026 ===
=== Starting training: backend=mpi, hook=recursive_doubling_zfp_naive, zfp_rate=16 at Sun May 24 05:30:41 AM UTC 2026 ===

================================================================================
DISTRIBUTED TRAINING LAUNCHER
================================================================================
  Model:      resnext101_32x8d (CIFAR stem) (pretrained)
  Dataset:    cifar10 (10 classes)
  Backend:    mpi
  Algorithm:  recursive_doubling_zfp_naive
  ZFP rate:   16
  Epochs:     20
  Batch/rank: 32
  LR:         0.001
================================================================================


================================================================================
Distributed Training: RESNEXT101_32X8D on CIFAR10
Backend: MPI, Algorithm: recursive_doubling_zfp_naive
================================================================================
Ranks: 4, Epochs: 20, Batch/rank: 32, Effective batch: 128
LR: 0.001, Device: cuda:0

[Setup] Model on cuda:0, wrapped in DDP (static_graph=True)
[Setup] Hook registered: mpi/recursive_doubling_zfp_naive

================================================================================
DISTRIBUTED TRAINING LAUNCHER
================================================================================
  Model:      resnext101_32x8d (CIFAR stem) (pretrained)
  Dataset:    cifar10 (10 classes)
  Backend:    mpi
  Algorithm:  recursive_doubling_zfp_naive
  ZFP rate:   16
  Epochs:     20
  Batch/rank: 32
  LR:         0.001
================================================================================

[Data] Train batches: 391, Val batches: 79


[Epoch 1] Training... (lr=0.000001)

================================================================================
DISTRIBUTED TRAINING LAUNCHER
================================================================================
  Model:      resnext101_32x8d (CIFAR stem) (pretrained)
  Dataset:    cifar10 (10 classes)
  Backend:    mpi
  Algorithm:  recursive_doubling_zfp_naive
  ZFP rate:   16
  Epochs:     20
  Batch/rank: 32
  LR:         0.001
================================================================================


================================================================================
DISTRIBUTED TRAINING LAUNCHER
================================================================================
  Model:      resnext101_32x8d (CIFAR stem) (pretrained)
  Dataset:    cifar10 (10 classes)
  Backend:    mpi
  Algorithm:  recursive_doubling_zfp_naive
  ZFP rate:   16
  Epochs:     20
  Batch/rank: 32
  LR:         0.001
================================================================================

  Batch [50/391] Loss: 2.3163, Acc: 10.38%
  Batch [100/391] Loss: 2.3122, Acc: 10.53%
  Batch [150/391] Loss: 2.3103, Acc: 10.69%
  Batch [200/391] Loss: 2.3114, Acc: 10.44%
  Batch [250/391] Loss: 2.3099, Acc: 10.76%
  Batch [300/391] Loss: 2.3099, Acc: 10.68%
  Batch [350/391] Loss: 2.3099, Acc: 10.63%
[Epoch 1] Train Loss: 2.3106, Acc: 10.74%  |  Val Loss: 2.3158, Acc: 10.04%  |  Time: 33.4s
  -> Best model saved (10.04%)
[Epoch 1] Summarizing hook timing...

[HOOK_TIMING_SUMMARY] epoch=1
[HOOK_WORK_SUMMARY] label=mpi:recursive_doubling_zfp_naive:rate16 calls=5059 work_total_ms=21870.336 work_mean_ms=4.323 work_min_ms=0.771 work_max_ms=33.130
[HOOK_TAIL_SUMMARY] label=mpi:recursive_doubling_zfp_naive:rate16 steps=392 tail_total_ms=14924.982 tail_mean_ms=38.074 tail_min_ms=10.468 tail_max_ms=138.786
[Epoch 1] Hook timing summary done

[Epoch 2] Training... (lr=0.000201)
  Batch [50/391] Loss: 2.3133, Acc: 11.06%
  Batch [100/391] Loss: 2.3095, Acc: 11.50%
  Batch [150/391] Loss: 2.3072, Acc: 11.65%
  Batch [200/391] Loss: 2.3031, Acc: 12.11%
  Batch [250/391] Loss: 2.3006, Acc: 12.39%
  Batch [300/391] Loss: 2.2993, Acc: 12.46%
  Batch [350/391] Loss: 2.2963, Acc: 12.70%
[Epoch 2] Train Loss: 2.2944, Acc: 12.90%  |  Val Loss: 2.2798, Acc: 16.44%  |  Time: 31.9s
  -> Best model saved (16.44%)
[Epoch 2] Summarizing hook timing...

[HOOK_TIMING_SUMMARY] epoch=2
[HOOK_WORK_SUMMARY] label=mpi:recursive_doubling_zfp_naive:rate16 calls=5083 work_total_ms=21993.777 work_mean_ms=4.327 work_min_ms=0.759 work_max_ms=31.383
[HOOK_TAIL_SUMMARY] label=mpi:recursive_doubling_zfp_naive:rate16 steps=391 tail_total_ms=15033.277 tail_mean_ms=38.448 tail_min_ms=27.100 tail_max_ms=40.520
[Epoch 2] Hook timing summary done

[Epoch 3] Training... (lr=0.000401)
  Batch [50/391] Loss: 2.2773, Acc: 14.38%
  Batch [100/391] Loss: 2.2748, Acc: 15.22%
  Batch [150/391] Loss: 2.2719, Acc: 15.52%
  Batch [200/391] Loss: 2.2684, Acc: 15.83%
  Batch [250/391] Loss: 2.2624, Acc: 16.85%
  Batch [300/391] Loss: 2.2578, Acc: 17.45%
  Batch [350/391] Loss: 2.2544, Acc: 17.93%
[Epoch 3] Train Loss: 2.2509, Acc: 18.36%  |  Val Loss: 2.2120, Acc: 23.84%  |  Time: 31.8s
  -> Best model saved (23.84%)
[Epoch 3] Summarizing hook timing...

[HOOK_TIMING_SUMMARY] epoch=3
[HOOK_WORK_SUMMARY] label=mpi:recursive_doubling_zfp_naive:rate16 calls=5083 work_total_ms=21950.753 work_mean_ms=4.318 work_min_ms=0.753 work_max_ms=31.622
[HOOK_TAIL_SUMMARY] label=mpi:recursive_doubling_zfp_naive:rate16 steps=391 tail_total_ms=15006.566 tail_mean_ms=38.380 tail_min_ms=26.466 tail_max_ms=40.652
[Epoch 3] Hook timing summary done

[Epoch 4] Training... (lr=0.000600)
  Batch [50/391] Loss: 2.2153, Acc: 24.12%
  Batch [100/391] Loss: 2.2069, Acc: 24.16%
  Batch [150/391] Loss: 2.1984, Acc: 25.06%
  Batch [200/391] Loss: 2.1917, Acc: 25.83%
  Batch [250/391] Loss: 2.1843, Acc: 26.36%
  Batch [300/391] Loss: 2.1770, Acc: 27.10%
  Batch [350/391] Loss: 2.1710, Acc: 27.48%
[Epoch 4] Train Loss: 2.1658, Acc: 27.66%  |  Val Loss: 2.1032, Acc: 32.80%  |  Time: 31.8s
  -> Best model saved (32.80%)
[Epoch 4] Summarizing hook timing...

[HOOK_TIMING_SUMMARY] epoch=4
[HOOK_WORK_SUMMARY] label=mpi:recursive_doubling_zfp_naive:rate16 calls=5083 work_total_ms=21741.844 work_mean_ms=4.277 work_min_ms=0.753 work_max_ms=31.055
[HOOK_TAIL_SUMMARY] label=mpi:recursive_doubling_zfp_naive:rate16 steps=391 tail_total_ms=14795.289 tail_mean_ms=37.840 tail_min_ms=26.140 tail_max_ms=38.956
[Epoch 4] Hook timing summary done

[Epoch 5] Training... (lr=0.000800)
  Batch [50/391] Loss: 2.1068, Acc: 31.88%
  Batch [100/391] Loss: 2.0950, Acc: 33.47%
  Batch [150/391] Loss: 2.0834, Acc: 33.85%
  Batch [200/391] Loss: 2.0718, Acc: 34.28%
  Batch [250/391] Loss: 2.0667, Acc: 34.39%
  Batch [300/391] Loss: 2.0580, Acc: 34.53%
  Batch [350/391] Loss: 2.0503, Acc: 34.87%
[Epoch 5] Train Loss: 2.0408, Acc: 35.44%  |  Val Loss: 1.9531, Acc: 41.12%  |  Time: 31.8s
  -> Best model saved (41.12%)
[Epoch 5] Summarizing hook timing...

[HOOK_TIMING_SUMMARY] epoch=5
[HOOK_WORK_SUMMARY] label=mpi:recursive_doubling_zfp_naive:rate16 calls=5083 work_total_ms=22136.098 work_mean_ms=4.355 work_min_ms=0.752 work_max_ms=31.812
[HOOK_TAIL_SUMMARY] label=mpi:recursive_doubling_zfp_naive:rate16 steps=391 tail_total_ms=15387.885 tail_mean_ms=39.355 tail_min_ms=29.010 tail_max_ms=41.298
[Epoch 5] Hook timing summary done

[Epoch 6] Training... (lr=0.001000)
  Batch [50/391] Loss: 1.9589, Acc: 38.38%
  Batch [100/391] Loss: 1.9538, Acc: 38.09%
  Batch [150/391] Loss: 1.9379, Acc: 38.71%
  Batch [200/391] Loss: 1.9276, Acc: 39.39%
  Batch [250/391] Loss: 1.9152, Acc: 40.11%
  Batch [300/391] Loss: 1.9038, Acc: 40.61%
  Batch [350/391] Loss: 1.8930, Acc: 40.91%
[Epoch 6] Train Loss: 1.8848, Acc: 41.34%  |  Val Loss: 1.7791, Acc: 46.16%  |  Time: 31.9s
  -> Best model saved (46.16%)
[Epoch 6] Summarizing hook timing...

[HOOK_TIMING_SUMMARY] epoch=6
[HOOK_WORK_SUMMARY] label=mpi:recursive_doubling_zfp_naive:rate16 calls=5083 work_total_ms=21741.887 work_mean_ms=4.277 work_min_ms=0.751 work_max_ms=31.096
[HOOK_TAIL_SUMMARY] label=mpi:recursive_doubling_zfp_naive:rate16 steps=391 tail_total_ms=14933.188 tail_mean_ms=38.192 tail_min_ms=27.587 tail_max_ms=39.215
[Epoch 6] Hook timing summary done

[Epoch 7] Training... (lr=0.000989)
  Batch [50/391] Loss: 1.8088, Acc: 43.38%
  Batch [100/391] Loss: 1.7898, Acc: 44.62%
  Batch [150/391] Loss: 1.7675, Acc: 45.83%
  Batch [200/391] Loss: 1.7567, Acc: 46.20%
  Batch [250/391] Loss: 1.7411, Acc: 46.50%
  Batch [300/391] Loss: 1.7274, Acc: 46.91%
  Batch [350/391] Loss: 1.7185, Acc: 47.26%
[Epoch 7] Train Loss: 1.7127, Acc: 47.25%  |  Val Loss: 1.6228, Acc: 51.92%  |  Time: 31.8s
  -> Best model saved (51.92%)
[Epoch 7] Summarizing hook timing...

[HOOK_TIMING_SUMMARY] epoch=7
[HOOK_WORK_SUMMARY] label=mpi:recursive_doubling_zfp_naive:rate16 calls=5083 work_total_ms=21736.102 work_mean_ms=4.276 work_min_ms=0.753 work_max_ms=31.101
[HOOK_TAIL_SUMMARY] label=mpi:recursive_doubling_zfp_naive:rate16 steps=391 tail_total_ms=14884.518 tail_mean_ms=38.068 tail_min_ms=27.311 tail_max_ms=42.397
[Epoch 7] Hook timing summary done

[Epoch 8] Training... (lr=0.000957)
  Batch [50/391] Loss: 1.6269, Acc: 48.56%
  Batch [100/391] Loss: 1.6181, Acc: 49.59%
  Batch [150/391] Loss: 1.6086, Acc: 49.40%
  Batch [200/391] Loss: 1.5943, Acc: 50.23%
  Batch [250/391] Loss: 1.5821, Acc: 50.71%
  Batch [300/391] Loss: 1.5721, Acc: 50.93%
  Batch [350/391] Loss: 1.5669, Acc: 50.88%
[Epoch 8] Train Loss: 1.5612, Acc: 51.03%  |  Val Loss: 1.4646, Acc: 56.52%  |  Time: 31.7s
  -> Best model saved (56.52%)
[Epoch 8] Summarizing hook timing...

[HOOK_TIMING_SUMMARY] epoch=8
[HOOK_WORK_SUMMARY] label=mpi:recursive_doubling_zfp_naive:rate16 calls=5083 work_total_ms=21923.556 work_mean_ms=4.313 work_min_ms=0.770 work_max_ms=31.057
[HOOK_TAIL_SUMMARY] label=mpi:recursive_doubling_zfp_naive:rate16 steps=391 tail_total_ms=14983.660 tail_mean_ms=38.321 tail_min_ms=26.997 tail_max_ms=40.360
[Epoch 8] Hook timing summary done

[Epoch 9] Training... (lr=0.000905)
  Batch [50/391] Loss: 1.4832, Acc: 53.12%
  Batch [100/391] Loss: 1.4766, Acc: 53.69%
  Batch [150/391] Loss: 1.4618, Acc: 54.73%
  Batch [200/391] Loss: 1.4626, Acc: 54.56%
  Batch [250/391] Loss: 1.4541, Acc: 54.54%
  Batch [300/391] Loss: 1.4418, Acc: 54.81%
  Batch [350/391] Loss: 1.4316, Acc: 54.96%
[Epoch 9] Train Loss: 1.4232, Acc: 55.26%  |  Val Loss: 1.3529, Acc: 59.64%  |  Time: 31.8s
  -> Best model saved (59.64%)
[Epoch 9] Summarizing hook timing...

[HOOK_TIMING_SUMMARY] epoch=9
[HOOK_WORK_SUMMARY] label=mpi:recursive_doubling_zfp_naive:rate16 calls=5083 work_total_ms=21933.575 work_mean_ms=4.315 work_min_ms=0.746 work_max_ms=32.241
[HOOK_TAIL_SUMMARY] label=mpi:recursive_doubling_zfp_naive:rate16 steps=391 tail_total_ms=15236.521 tail_mean_ms=38.968 tail_min_ms=29.215 tail_max_ms=40.561
[Epoch 9] Hook timing summary done

[Epoch 10] Training... (lr=0.000835)
  Batch [50/391] Loss: 1.3174, Acc: 59.88%
  Batch [100/391] Loss: 1.3381, Acc: 58.00%
  Batch [150/391] Loss: 1.3413, Acc: 57.69%
  Batch [200/391] Loss: 1.3351, Acc: 57.92%
  Batch [250/391] Loss: 1.3314, Acc: 58.10%
  Batch [300/391] Loss: 1.3192, Acc: 58.67%
  Batch [350/391] Loss: 1.3107, Acc: 58.88%
[Epoch 10] Train Loss: 1.3033, Acc: 59.14%  |  Val Loss: 1.2468, Acc: 63.20%  |  Time: 31.6s
  -> Best model saved (63.20%)
[Epoch 10] Summarizing hook timing...

[HOOK_TIMING_SUMMARY] epoch=10
[HOOK_WORK_SUMMARY] label=mpi:recursive_doubling_zfp_naive:rate16 calls=5083 work_total_ms=21876.958 work_mean_ms=4.304 work_min_ms=0.758 work_max_ms=31.512
[HOOK_TAIL_SUMMARY] label=mpi:recursive_doubling_zfp_naive:rate16 steps=391 tail_total_ms=15276.502 tail_mean_ms=39.070 tail_min_ms=28.844 tail_max_ms=40.145
[Epoch 10] Hook timing summary done

[Epoch 11] Training... (lr=0.000750)
  Batch [50/391] Loss: 1.2394, Acc: 61.56%
  Batch [100/391] Loss: 1.2430, Acc: 60.59%
  Batch [150/391] Loss: 1.2422, Acc: 60.44%
  Batch [200/391] Loss: 1.2497, Acc: 59.84%
  Batch [250/391] Loss: 1.2378, Acc: 60.45%
  Batch [300/391] Loss: 1.2323, Acc: 60.61%
  Batch [350/391] Loss: 1.2222, Acc: 60.88%
[Epoch 11] Train Loss: 1.2187, Acc: 60.94%  |  Val Loss: 1.1725, Acc: 64.28%  |  Time: 31.8s
  -> Best model saved (64.28%)
[Epoch 11] Summarizing hook timing...

[HOOK_TIMING_SUMMARY] epoch=11
[HOOK_WORK_SUMMARY] label=mpi:recursive_doubling_zfp_naive:rate16 calls=5083 work_total_ms=21674.499 work_mean_ms=4.264 work_min_ms=0.752 work_max_ms=31.337
[HOOK_TAIL_SUMMARY] label=mpi:recursive_doubling_zfp_naive:rate16 steps=391 tail_total_ms=14903.553 tail_mean_ms=38.117 tail_min_ms=27.005 tail_max_ms=39.119
[Epoch 11] Hook timing summary done

[Epoch 12] Training... (lr=0.000655)
  Batch [50/391] Loss: 1.1577, Acc: 64.44%
  Batch [100/391] Loss: 1.1751, Acc: 62.25%
  Batch [150/391] Loss: 1.1753, Acc: 61.98%
  Batch [200/391] Loss: 1.1660, Acc: 62.31%
  Batch [250/391] Loss: 1.1556, Acc: 62.75%
  Batch [300/391] Loss: 1.1550, Acc: 62.77%
  Batch [350/391] Loss: 1.1563, Acc: 62.71%
[Epoch 12] Train Loss: 1.1520, Acc: 62.78%  |  Val Loss: 1.0987, Acc: 67.68%  |  Time: 31.9s
  -> Best model saved (67.68%)
[Epoch 12] Summarizing hook timing...

[HOOK_TIMING_SUMMARY] epoch=12
[HOOK_WORK_SUMMARY] label=mpi:recursive_doubling_zfp_naive:rate16 calls=5083 work_total_ms=21849.086 work_mean_ms=4.298 work_min_ms=0.756 work_max_ms=31.032
[HOOK_TAIL_SUMMARY] label=mpi:recursive_doubling_zfp_naive:rate16 steps=391 tail_total_ms=15046.069 tail_mean_ms=38.481 tail_min_ms=27.463 tail_max_ms=39.969
[Epoch 12] Hook timing summary done

[Epoch 13] Training... (lr=0.000552)
  Batch [50/391] Loss: 1.1160, Acc: 63.56%
  Batch [100/391] Loss: 1.1013, Acc: 64.59%
  Batch [150/391] Loss: 1.1153, Acc: 64.25%
  Batch [200/391] Loss: 1.1124, Acc: 64.25%
  Batch [250/391] Loss: 1.1048, Acc: 64.54%
  Batch [300/391] Loss: 1.0994, Acc: 65.00%
  Batch [350/391] Loss: 1.0914, Acc: 65.21%
[Epoch 13] Train Loss: 1.0870, Acc: 65.26%  |  Val Loss: 1.0460, Acc: 68.00%  |  Time: 31.9s
  -> Best model saved (68.00%)
[Epoch 13] Summarizing hook timing...

[HOOK_TIMING_SUMMARY] epoch=13
[HOOK_WORK_SUMMARY] label=mpi:recursive_doubling_zfp_naive:rate16 calls=5083 work_total_ms=22115.702 work_mean_ms=4.351 work_min_ms=0.744 work_max_ms=31.444
[HOOK_TAIL_SUMMARY] label=mpi:recursive_doubling_zfp_naive:rate16 steps=391 tail_total_ms=15622.932 tail_mean_ms=39.956 tail_min_ms=26.338 tail_max_ms=48.099
[Epoch 13] Hook timing summary done

[Epoch 14] Training... (lr=0.000448)
  Batch [50/391] Loss: 1.0134, Acc: 67.56%
  Batch [100/391] Loss: 1.0359, Acc: 66.59%
  Batch [150/391] Loss: 1.0386, Acc: 66.65%
  Batch [200/391] Loss: 1.0411, Acc: 66.78%
  Batch [250/391] Loss: 1.0437, Acc: 66.51%
  Batch [300/391] Loss: 1.0434, Acc: 66.53%
  Batch [350/391] Loss: 1.0423, Acc: 66.57%
[Epoch 14] Train Loss: 1.0385, Acc: 66.82%  |  Val Loss: 1.0024, Acc: 70.12%  |  Time: 31.9s
  -> Best model saved (70.12%)
[Epoch 14] Summarizing hook timing...

[HOOK_TIMING_SUMMARY] epoch=14
[HOOK_WORK_SUMMARY] label=mpi:recursive_doubling_zfp_naive:rate16 calls=5083 work_total_ms=21829.168 work_mean_ms=4.295 work_min_ms=0.745 work_max_ms=31.668
[HOOK_TAIL_SUMMARY] label=mpi:recursive_doubling_zfp_naive:rate16 steps=391 tail_total_ms=15011.466 tail_mean_ms=38.392 tail_min_ms=27.295 tail_max_ms=40.437
[Epoch 14] Hook timing summary done

[Epoch 15] Training... (lr=0.000345)
  Batch [50/391] Loss: 0.9891, Acc: 67.06%
  Batch [100/391] Loss: 1.0235, Acc: 66.44%
  Batch [150/391] Loss: 1.0294, Acc: 66.52%
  Batch [200/391] Loss: 1.0298, Acc: 66.16%
  Batch [250/391] Loss: 1.0267, Acc: 66.39%
  Batch [300/391] Loss: 1.0241, Acc: 66.49%
  Batch [350/391] Loss: 1.0194, Acc: 66.77%
[Epoch 15] Train Loss: 1.0144, Acc: 66.94%  |  Val Loss: 0.9813, Acc: 70.04%  |  Time: 31.8s
[Epoch 15] Summarizing hook timing...

[HOOK_TIMING_SUMMARY] epoch=15
[HOOK_WORK_SUMMARY] label=mpi:recursive_doubling_zfp_naive:rate16 calls=5083 work_total_ms=21929.958 work_mean_ms=4.314 work_min_ms=0.741 work_max_ms=31.206
[HOOK_TAIL_SUMMARY] label=mpi:recursive_doubling_zfp_naive:rate16 steps=391 tail_total_ms=15267.210 tail_mean_ms=39.047 tail_min_ms=26.510 tail_max_ms=40.487
[Epoch 15] Hook timing summary done

[Epoch 16] Training... (lr=0.000250)
  Batch [50/391] Loss: 0.9788, Acc: 69.12%
  Batch [100/391] Loss: 0.9959, Acc: 68.41%
  Batch [150/391] Loss: 0.9947, Acc: 67.85%
  Batch [200/391] Loss: 0.9923, Acc: 68.08%
  Batch [250/391] Loss: 0.9861, Acc: 68.35%
  Batch [300/391] Loss: 0.9868, Acc: 68.26%
  Batch [350/391] Loss: 0.9818, Acc: 68.28%
[Epoch 16] Train Loss: 0.9789, Acc: 68.35%  |  Val Loss: 0.9452, Acc: 71.64%  |  Time: 31.8s
  -> Best model saved (71.64%)
[Epoch 16] Summarizing hook timing...

[HOOK_TIMING_SUMMARY] epoch=16
[HOOK_WORK_SUMMARY] label=mpi:recursive_doubling_zfp_naive:rate16 calls=5083 work_total_ms=21704.002 work_mean_ms=4.270 work_min_ms=0.766 work_max_ms=31.039
[HOOK_TAIL_SUMMARY] label=mpi:recursive_doubling_zfp_naive:rate16 steps=391 tail_total_ms=14653.665 tail_mean_ms=37.477 tail_min_ms=26.476 tail_max_ms=44.757
[Epoch 16] Hook timing summary done

[Epoch 17] Training... (lr=0.000165)
  Batch [50/391] Loss: 0.9851, Acc: 67.69%
  Batch [100/391] Loss: 0.9716, Acc: 68.34%
  Batch [150/391] Loss: 0.9781, Acc: 67.83%
  Batch [200/391] Loss: 0.9846, Acc: 67.48%
  Batch [250/391] Loss: 0.9752, Acc: 67.97%
  Batch [300/391] Loss: 0.9724, Acc: 68.23%
  Batch [350/391] Loss: 0.9700, Acc: 68.24%
[Epoch 17] Train Loss: 0.9689, Acc: 68.13%  |  Val Loss: 0.9343, Acc: 71.56%  |  Time: 32.1s
[Epoch 17] Summarizing hook timing...

[HOOK_TIMING_SUMMARY] epoch=17
[HOOK_WORK_SUMMARY] label=mpi:recursive_doubling_zfp_naive:rate16 calls=5083 work_total_ms=21677.405 work_mean_ms=4.265 work_min_ms=0.746 work_max_ms=31.178
[HOOK_TAIL_SUMMARY] label=mpi:recursive_doubling_zfp_naive:rate16 steps=391 tail_total_ms=14869.463 tail_mean_ms=38.029 tail_min_ms=27.200 tail_max_ms=40.295
[Epoch 17] Hook timing summary done

[Epoch 18] Training... (lr=0.000095)
  Batch [50/391] Loss: 0.9912, Acc: 68.06%
  Batch [100/391] Loss: 0.9865, Acc: 67.84%
  Batch [150/391] Loss: 0.9709, Acc: 68.38%
  Batch [200/391] Loss: 0.9648, Acc: 68.48%
  Batch [250/391] Loss: 0.9695, Acc: 68.47%
  Batch [300/391] Loss: 0.9700, Acc: 68.43%
  Batch [350/391] Loss: 0.9703, Acc: 68.27%
[Epoch 18] Train Loss: 0.9675, Acc: 68.29%  |  Val Loss: 0.9478, Acc: 70.64%  |  Time: 31.9s
[Epoch 18] Summarizing hook timing...

[HOOK_TIMING_SUMMARY] epoch=18
[HOOK_WORK_SUMMARY] label=mpi:recursive_doubling_zfp_naive:rate16 calls=5083 work_total_ms=21730.866 work_mean_ms=4.275 work_min_ms=0.750 work_max_ms=31.155
[HOOK_TAIL_SUMMARY] label=mpi:recursive_doubling_zfp_naive:rate16 steps=391 tail_total_ms=14919.000 tail_mean_ms=38.156 tail_min_ms=27.370 tail_max_ms=39.039
[Epoch 18] Hook timing summary done

[Epoch 19] Training... (lr=0.000043)
  Batch [50/391] Loss: 0.9139, Acc: 71.50%
  Batch [100/391] Loss: 0.9360, Acc: 69.41%
  Batch [150/391] Loss: 0.9571, Acc: 68.94%
  Batch [200/391] Loss: 0.9636, Acc: 68.56%
  Batch [250/391] Loss: 0.9703, Acc: 68.09%
  Batch [300/391] Loss: 0.9694, Acc: 68.17%
  Batch [350/391] Loss: 0.9653, Acc: 68.30%
[Epoch 19] Train Loss: 0.9645, Acc: 68.37%  |  Val Loss: 0.9337, Acc: 71.64%  |  Time: 31.9s
[Epoch 19] Summarizing hook timing...

[HOOK_TIMING_SUMMARY] epoch=19
[HOOK_WORK_SUMMARY] label=mpi:recursive_doubling_zfp_naive:rate16 calls=5083 work_total_ms=22116.935 work_mean_ms=4.351 work_min_ms=0.756 work_max_ms=31.558
[HOOK_TAIL_SUMMARY] label=mpi:recursive_doubling_zfp_naive:rate16 steps=391 tail_total_ms=15230.409 tail_mean_ms=38.952 tail_min_ms=27.974 tail_max_ms=39.740
[Epoch 19] Hook timing summary done

[Epoch 20] Training... (lr=0.000011)
  Batch [50/391] Loss: 0.9467, Acc: 68.38%
  Batch [100/391] Loss: 0.9429, Acc: 68.88%
  Batch [150/391] Loss: 0.9455, Acc: 68.88%
  Batch [200/391] Loss: 0.9398, Acc: 69.28%
  Batch [250/391] Loss: 0.9451, Acc: 68.99%
  Batch [300/391] Loss: 0.9441, Acc: 69.27%
  Batch [350/391] Loss: 0.9523, Acc: 68.92%
[Epoch 20] Train Loss: 0.9539, Acc: 68.84%  |  Val Loss: 0.9267, Acc: 72.32%  |  Time: 31.9s
  -> Best model saved (72.32%)
[Epoch 20] Summarizing hook timing...

[HOOK_TIMING_SUMMARY] epoch=20
[HOOK_WORK_SUMMARY] label=mpi:recursive_doubling_zfp_naive:rate16 calls=5083 work_total_ms=21845.283 work_mean_ms=4.298 work_min_ms=0.761 work_max_ms=31.140
[HOOK_TAIL_SUMMARY] label=mpi:recursive_doubling_zfp_naive:rate16 steps=391 tail_total_ms=15024.483 tail_mean_ms=38.426 tail_min_ms=27.675 tail_max_ms=45.993
[Epoch 20] Hook timing summary done

================================================================================
Done in 656.8s | Best val acc: 72.32%
Epoch times: mean=31.9s  min=31.6s  max=33.4s
================================================================================
=== Finished training: backend=mpi, hook=recursive_doubling_zfp_naive, zfp_rate=16, status=0 at Sun May 24 05:41:47 AM UTC 2026 ===
=== Starting training: backend=mpi, hook=recursive_doubling_zfp_online_coll, zfp_rate=16 at Sun May 24 05:41:47 AM UTC 2026 ===

================================================================================
DISTRIBUTED TRAINING LAUNCHER
================================================================================
  Model:      resnext101_32x8d (CIFAR stem) (pretrained)
  Dataset:    cifar10 (10 classes)
  Backend:    mpi
  Algorithm:  recursive_doubling_zfp_online_coll
  ZFP rate:   16
  Epochs:     20
  Batch/rank: 32
  LR:         0.001
================================================================================


================================================================================
Distributed Training: RESNEXT101_32X8D on CIFAR10
Backend: MPI, Algorithm: recursive_doubling_zfp_online_coll
================================================================================
Ranks: 4, Epochs: 20, Batch/rank: 32, Effective batch: 128
LR: 0.001, Device: cuda:0

[Setup] Model on cuda:0, wrapped in DDP (static_graph=True)
[Setup] Hook registered: mpi/recursive_doubling_zfp_online_coll

================================================================================
DISTRIBUTED TRAINING LAUNCHER
================================================================================
  Model:      resnext101_32x8d (CIFAR stem) (pretrained)
  Dataset:    cifar10 (10 classes)
  Backend:    mpi
  Algorithm:  recursive_doubling_zfp_online_coll
  ZFP rate:   16
  Epochs:     20
  Batch/rank: 32
  LR:         0.001
================================================================================

[Data] Train batches: 391, Val batches: 79


[Epoch 1] Training... (lr=0.000001)

================================================================================
DISTRIBUTED TRAINING LAUNCHER
================================================================================
  Model:      resnext101_32x8d (CIFAR stem) (pretrained)
  Dataset:    cifar10 (10 classes)
  Backend:    mpi
  Algorithm:  recursive_doubling_zfp_online_coll
  ZFP rate:   16
  Epochs:     20
  Batch/rank: 32
  LR:         0.001
================================================================================


================================================================================
DISTRIBUTED TRAINING LAUNCHER
================================================================================
  Model:      resnext101_32x8d (CIFAR stem) (pretrained)
  Dataset:    cifar10 (10 classes)
  Backend:    mpi
  Algorithm:  recursive_doubling_zfp_online_coll
  ZFP rate:   16
  Epochs:     20
  Batch/rank: 32
  LR:         0.001
================================================================================

  Batch [50/391] Loss: 2.3163, Acc: 10.31%
  Batch [100/391] Loss: 2.3122, Acc: 10.59%
  Batch [150/391] Loss: 2.3103, Acc: 10.75%
  Batch [200/391] Loss: 2.3114, Acc: 10.52%
  Batch [250/391] Loss: 2.3099, Acc: 10.82%
  Batch [300/391] Loss: 2.3099, Acc: 10.73%
  Batch [350/391] Loss: 2.3098, Acc: 10.68%
[Epoch 1] Train Loss: 2.3106, Acc: 10.78%  |  Val Loss: 2.3158, Acc: 10.08%  |  Time: 32.5s
  -> Best model saved (10.08%)
[Epoch 1] Summarizing hook timing...

[HOOK_TIMING_SUMMARY] epoch=1
[HOOK_WORK_SUMMARY] label=mpi:recursive_doubling_zfp_online_coll:rate16 calls=5059 work_total_ms=21291.147 work_mean_ms=4.209 work_min_ms=0.623 work_max_ms=126.651
[HOOK_TAIL_SUMMARY] label=mpi:recursive_doubling_zfp_online_coll:rate16 steps=392 tail_total_ms=14562.549 tail_mean_ms=37.149 tail_min_ms=4.853 tail_max_ms=149.693
[Epoch 1] Hook timing summary done

[Epoch 2] Training... (lr=0.000201)
  Batch [50/391] Loss: 2.3136, Acc: 11.00%
  Batch [100/391] Loss: 2.3097, Acc: 11.50%
  Batch [150/391] Loss: 2.3074, Acc: 11.71%
  Batch [200/391] Loss: 2.3034, Acc: 12.12%
  Batch [250/391] Loss: 2.3009, Acc: 12.30%
  Batch [300/391] Loss: 2.2993, Acc: 12.34%
  Batch [350/391] Loss: 2.2961, Acc: 12.64%
[Epoch 2] Train Loss: 2.2938, Acc: 12.98%  |  Val Loss: 2.2783, Acc: 15.84%  |  Time: 30.8s
  -> Best model saved (15.84%)
[Epoch 2] Summarizing hook timing...

[HOOK_TIMING_SUMMARY] epoch=2
[HOOK_WORK_SUMMARY] label=mpi:recursive_doubling_zfp_online_coll:rate16 calls=5083 work_total_ms=21098.831 work_mean_ms=4.151 work_min_ms=0.626 work_max_ms=25.587
[HOOK_TAIL_SUMMARY] label=mpi:recursive_doubling_zfp_online_coll:rate16 steps=391 tail_total_ms=14332.450 tail_mean_ms=36.656 tail_min_ms=27.187 tail_max_ms=42.712
[Epoch 2] Hook timing summary done

[Epoch 3] Training... (lr=0.000401)
  Batch [50/391] Loss: 2.2775, Acc: 14.69%
  Batch [100/391] Loss: 2.2740, Acc: 15.31%
  Batch [150/391] Loss: 2.2710, Acc: 16.02%
  Batch [200/391] Loss: 2.2663, Acc: 16.70%
  Batch [250/391] Loss: 2.2607, Acc: 17.34%
  Batch [300/391] Loss: 2.2561, Acc: 17.96%
  Batch [350/391] Loss: 2.2526, Acc: 18.46%
[Epoch 3] Train Loss: 2.2488, Acc: 18.91%  |  Val Loss: 2.2085, Acc: 24.16%  |  Time: 31.0s
  -> Best model saved (24.16%)
[Epoch 3] Summarizing hook timing...

[HOOK_TIMING_SUMMARY] epoch=3
[HOOK_WORK_SUMMARY] label=mpi:recursive_doubling_zfp_online_coll:rate16 calls=5083 work_total_ms=20821.251 work_mean_ms=4.096 work_min_ms=0.612 work_max_ms=26.287
[HOOK_TAIL_SUMMARY] label=mpi:recursive_doubling_zfp_online_coll:rate16 steps=391 tail_total_ms=14009.281 tail_mean_ms=35.829 tail_min_ms=25.426 tail_max_ms=36.698
[Epoch 3] Hook timing summary done

[Epoch 4] Training... (lr=0.000600)
  Batch [50/391] Loss: 2.2161, Acc: 23.00%
  Batch [100/391] Loss: 2.2072, Acc: 23.84%
  Batch [150/391] Loss: 2.1993, Acc: 24.42%
  Batch [200/391] Loss: 2.1910, Acc: 25.58%
  Batch [250/391] Loss: 2.1831, Acc: 26.12%
  Batch [300/391] Loss: 2.1760, Acc: 26.75%
  Batch [350/391] Loss: 2.1698, Acc: 27.19%
[Epoch 4] Train Loss: 2.1642, Acc: 27.60%  |  Val Loss: 2.1021, Acc: 32.36%  |  Time: 30.6s
  -> Best model saved (32.36%)
[Epoch 4] Summarizing hook timing...

[HOOK_TIMING_SUMMARY] epoch=4
[HOOK_WORK_SUMMARY] label=mpi:recursive_doubling_zfp_online_coll:rate16 calls=5083 work_total_ms=21120.143 work_mean_ms=4.155 work_min_ms=0.616 work_max_ms=23.947
[HOOK_TAIL_SUMMARY] label=mpi:recursive_doubling_zfp_online_coll:rate16 steps=391 tail_total_ms=14535.521 tail_mean_ms=37.175 tail_min_ms=26.233 tail_max_ms=39.806
[Epoch 4] Hook timing summary done

[Epoch 5] Training... (lr=0.000800)
  Batch [50/391] Loss: 2.1001, Acc: 31.69%
  Batch [100/391] Loss: 2.0886, Acc: 34.09%
  Batch [150/391] Loss: 2.0741, Acc: 34.88%
  Batch [200/391] Loss: 2.0634, Acc: 35.00%
  Batch [250/391] Loss: 2.0585, Acc: 34.70%
  Batch [300/391] Loss: 2.0499, Acc: 35.03%
  Batch [350/391] Loss: 2.0423, Acc: 35.38%
[Epoch 5] Train Loss: 2.0330, Acc: 35.78%  |  Val Loss: 1.9440, Acc: 40.88%  |  Time: 30.8s
  -> Best model saved (40.88%)
[Epoch 5] Summarizing hook timing...

[HOOK_TIMING_SUMMARY] epoch=5
[HOOK_WORK_SUMMARY] label=mpi:recursive_doubling_zfp_online_coll:rate16 calls=5083 work_total_ms=21259.825 work_mean_ms=4.183 work_min_ms=0.622 work_max_ms=24.073
[HOOK_TAIL_SUMMARY] label=mpi:recursive_doubling_zfp_online_coll:rate16 steps=391 tail_total_ms=14655.106 tail_mean_ms=37.481 tail_min_ms=27.072 tail_max_ms=38.286
[Epoch 5] Hook timing summary done

[Epoch 6] Training... (lr=0.001000)
  Batch [50/391] Loss: 1.9457, Acc: 39.81%
  Batch [100/391] Loss: 1.9373, Acc: 39.28%
  Batch [150/391] Loss: 1.9225, Acc: 40.12%
  Batch [200/391] Loss: 1.9125, Acc: 40.44%
  Batch [250/391] Loss: 1.8993, Acc: 40.92%
  Batch [300/391] Loss: 1.8881, Acc: 41.16%
  Batch [350/391] Loss: 1.8780, Acc: 41.39%
[Epoch 6] Train Loss: 1.8700, Acc: 41.74%  |  Val Loss: 1.7692, Acc: 46.52%  |  Time: 30.6s
  -> Best model saved (46.52%)
[Epoch 6] Summarizing hook timing...

[HOOK_TIMING_SUMMARY] epoch=6
[HOOK_WORK_SUMMARY] label=mpi:recursive_doubling_zfp_online_coll:rate16 calls=5083 work_total_ms=20967.895 work_mean_ms=4.125 work_min_ms=0.616 work_max_ms=25.373
[HOOK_TAIL_SUMMARY] label=mpi:recursive_doubling_zfp_online_coll:rate16 steps=391 tail_total_ms=14392.660 tail_mean_ms=36.810 tail_min_ms=25.788 tail_max_ms=38.088
[Epoch 6] Hook timing summary done

[Epoch 7] Training... (lr=0.000989)
  Batch [50/391] Loss: 1.8049, Acc: 44.38%
  Batch [100/391] Loss: 1.7880, Acc: 45.31%
  Batch [150/391] Loss: 1.7668, Acc: 45.81%
  Batch [200/391] Loss: 1.7529, Acc: 46.30%
  Batch [250/391] Loss: 1.7369, Acc: 46.66%
  Batch [300/391] Loss: 1.7217, Acc: 47.00%
  Batch [350/391] Loss: 1.7134, Acc: 47.12%
[Epoch 7] Train Loss: 1.7073, Acc: 47.26%  |  Val Loss: 1.6143, Acc: 51.24%  |  Time: 30.7s
  -> Best model saved (51.24%)
[Epoch 7] Summarizing hook timing...

[HOOK_TIMING_SUMMARY] epoch=7
[HOOK_WORK_SUMMARY] label=mpi:recursive_doubling_zfp_online_coll:rate16 calls=5083 work_total_ms=21066.760 work_mean_ms=4.145 work_min_ms=0.619 work_max_ms=24.252
[HOOK_TAIL_SUMMARY] label=mpi:recursive_doubling_zfp_online_coll:rate16 steps=391 tail_total_ms=14507.321 tail_mean_ms=37.103 tail_min_ms=27.396 tail_max_ms=38.220
[Epoch 7] Hook timing summary done

[Epoch 8] Training... (lr=0.000957)
  Batch [50/391] Loss: 1.6291, Acc: 47.88%
  Batch [100/391] Loss: 1.6194, Acc: 48.69%
  Batch [150/391] Loss: 1.6079, Acc: 48.88%
  Batch [200/391] Loss: 1.5899, Acc: 49.61%
  Batch [250/391] Loss: 1.5756, Acc: 50.33%
  Batch [300/391] Loss: 1.5681, Acc: 50.62%
  Batch [350/391] Loss: 1.5640, Acc: 50.67%
[Epoch 8] Train Loss: 1.5592, Acc: 50.78%  |  Val Loss: 1.4674, Acc: 55.72%  |  Time: 30.9s
  -> Best model saved (55.72%)
[Epoch 8] Summarizing hook timing...

[HOOK_TIMING_SUMMARY] epoch=8
[HOOK_WORK_SUMMARY] label=mpi:recursive_doubling_zfp_online_coll:rate16 calls=5083 work_total_ms=20987.713 work_mean_ms=4.129 work_min_ms=0.614 work_max_ms=26.293
[HOOK_TAIL_SUMMARY] label=mpi:recursive_doubling_zfp_online_coll:rate16 steps=391 tail_total_ms=14251.273 tail_mean_ms=36.448 tail_min_ms=24.984 tail_max_ms=38.533
[Epoch 8] Hook timing summary done

[Epoch 9] Training... (lr=0.000905)
  Batch [50/391] Loss: 1.4737, Acc: 54.38%
  Batch [100/391] Loss: 1.4671, Acc: 53.97%
  Batch [150/391] Loss: 1.4580, Acc: 54.48%
  Batch [200/391] Loss: 1.4601, Acc: 54.28%
  Batch [250/391] Loss: 1.4533, Acc: 54.24%
  Batch [300/391] Loss: 1.4410, Acc: 54.67%
  Batch [350/391] Loss: 1.4311, Acc: 55.02%
[Epoch 9] Train Loss: 1.4241, Acc: 55.12%  |  Val Loss: 1.3534, Acc: 58.72%  |  Time: 30.8s
  -> Best model saved (58.72%)
[Epoch 9] Summarizing hook timing...

[HOOK_TIMING_SUMMARY] epoch=9
[HOOK_WORK_SUMMARY] label=mpi:recursive_doubling_zfp_online_coll:rate16 calls=5083 work_total_ms=21172.445 work_mean_ms=4.165 work_min_ms=0.622 work_max_ms=23.990
[HOOK_TAIL_SUMMARY] label=mpi:recursive_doubling_zfp_online_coll:rate16 steps=391 tail_total_ms=14576.806 tail_mean_ms=37.281 tail_min_ms=25.686 tail_max_ms=37.851
[Epoch 9] Hook timing summary done

[Epoch 10] Training... (lr=0.000835)
  Batch [50/391] Loss: 1.3135, Acc: 60.94%
  Batch [100/391] Loss: 1.3301, Acc: 59.16%
  Batch [150/391] Loss: 1.3351, Acc: 58.21%
  Batch [200/391] Loss: 1.3290, Acc: 58.38%
  Batch [250/391] Loss: 1.3247, Acc: 58.51%
  Batch [300/391] Loss: 1.3170, Acc: 58.89%
  Batch [350/391] Loss: 1.3078, Acc: 59.09%
[Epoch 10] Train Loss: 1.3012, Acc: 59.26%  |  Val Loss: 1.2536, Acc: 62.52%  |  Time: 30.9s
  -> Best model saved (62.52%)
[Epoch 10] Summarizing hook timing...

[HOOK_TIMING_SUMMARY] epoch=10
[HOOK_WORK_SUMMARY] label=mpi:recursive_doubling_zfp_online_coll:rate16 calls=5083 work_total_ms=20815.999 work_mean_ms=4.095 work_min_ms=0.617 work_max_ms=26.617
[HOOK_TAIL_SUMMARY] label=mpi:recursive_doubling_zfp_online_coll:rate16 steps=391 tail_total_ms=13959.620 tail_mean_ms=35.702 tail_min_ms=25.493 tail_max_ms=36.669
[Epoch 10] Hook timing summary done

[Epoch 11] Training... (lr=0.000750)
  Batch [50/391] Loss: 1.2434, Acc: 61.56%
  Batch [100/391] Loss: 1.2442, Acc: 60.94%
  Batch [150/391] Loss: 1.2428, Acc: 60.69%
  Batch [200/391] Loss: 1.2476, Acc: 60.47%
  Batch [250/391] Loss: 1.2376, Acc: 60.85%
  Batch [300/391] Loss: 1.2342, Acc: 60.96%
  Batch [350/391] Loss: 1.2242, Acc: 61.19%
[Epoch 11] Train Loss: 1.2215, Acc: 61.12%  |  Val Loss: 1.1715, Acc: 64.64%  |  Time: 30.9s
  -> Best model saved (64.64%)
[Epoch 11] Summarizing hook timing...

[HOOK_TIMING_SUMMARY] epoch=11
[HOOK_WORK_SUMMARY] label=mpi:recursive_doubling_zfp_online_coll:rate16 calls=5083 work_total_ms=21373.211 work_mean_ms=4.205 work_min_ms=0.612 work_max_ms=22.084
[HOOK_TAIL_SUMMARY] label=mpi:recursive_doubling_zfp_online_coll:rate16 steps=391 tail_total_ms=14809.651 tail_mean_ms=37.876 tail_min_ms=27.990 tail_max_ms=38.538
[Epoch 11] Hook timing summary done

[Epoch 12] Training... (lr=0.000655)
  Batch [50/391] Loss: 1.1549, Acc: 63.88%
  Batch [100/391] Loss: 1.1739, Acc: 62.72%
  Batch [150/391] Loss: 1.1769, Acc: 62.50%
  Batch [200/391] Loss: 1.1679, Acc: 62.70%
  Batch [250/391] Loss: 1.1577, Acc: 63.06%
  Batch [300/391] Loss: 1.1567, Acc: 62.96%
  Batch [350/391] Loss: 1.1575, Acc: 62.76%
[Epoch 12] Train Loss: 1.1535, Acc: 62.88%  |  Val Loss: 1.1016, Acc: 67.56%  |  Time: 30.9s
  -> Best model saved (67.56%)
[Epoch 12] Summarizing hook timing...

[HOOK_TIMING_SUMMARY] epoch=12
[HOOK_WORK_SUMMARY] label=mpi:recursive_doubling_zfp_online_coll:rate16 calls=5083 work_total_ms=21080.445 work_mean_ms=4.147 work_min_ms=0.614 work_max_ms=26.543
[HOOK_TAIL_SUMMARY] label=mpi:recursive_doubling_zfp_online_coll:rate16 steps=391 tail_total_ms=14230.639 tail_mean_ms=36.395 tail_min_ms=24.271 tail_max_ms=39.019
[Epoch 12] Hook timing summary done

[Epoch 13] Training... (lr=0.000552)
  Batch [50/391] Loss: 1.1270, Acc: 62.31%
  Batch [100/391] Loss: 1.1087, Acc: 63.62%
  Batch [150/391] Loss: 1.1222, Acc: 63.44%
  Batch [200/391] Loss: 1.1184, Acc: 63.55%
  Batch [250/391] Loss: 1.1075, Acc: 64.14%
  Batch [300/391] Loss: 1.0990, Acc: 64.52%
  Batch [350/391] Loss: 1.0916, Acc: 64.72%
[Epoch 13] Train Loss: 1.0873, Acc: 64.79%  |  Val Loss: 1.0469, Acc: 68.32%  |  Time: 30.9s
  -> Best model saved (68.32%)
[Epoch 13] Summarizing hook timing...

[HOOK_TIMING_SUMMARY] epoch=13
[HOOK_WORK_SUMMARY] label=mpi:recursive_doubling_zfp_online_coll:rate16 calls=5083 work_total_ms=21099.345 work_mean_ms=4.151 work_min_ms=0.615 work_max_ms=27.502
[HOOK_TAIL_SUMMARY] label=mpi:recursive_doubling_zfp_online_coll:rate16 steps=391 tail_total_ms=14392.702 tail_mean_ms=36.810 tail_min_ms=24.547 tail_max_ms=38.498
[Epoch 13] Hook timing summary done

[Epoch 14] Training... (lr=0.000448)
  Batch [50/391] Loss: 1.0347, Acc: 66.38%
  Batch [100/391] Loss: 1.0437, Acc: 66.16%
  Batch [150/391] Loss: 1.0450, Acc: 66.35%
  Batch [200/391] Loss: 1.0461, Acc: 66.23%
  Batch [250/391] Loss: 1.0491, Acc: 66.00%
  Batch [300/391] Loss: 1.0494, Acc: 65.98%
  Batch [350/391] Loss: 1.0491, Acc: 66.16%
[Epoch 14] Train Loss: 1.0451, Acc: 66.21%  |  Val Loss: 1.0043, Acc: 70.00%  |  Time: 30.7s
  -> Best model saved (70.00%)
[Epoch 14] Summarizing hook timing...

[HOOK_TIMING_SUMMARY] epoch=14
[HOOK_WORK_SUMMARY] label=mpi:recursive_doubling_zfp_online_coll:rate16 calls=5083 work_total_ms=21002.914 work_mean_ms=4.132 work_min_ms=0.609 work_max_ms=25.243
[HOOK_TAIL_SUMMARY] label=mpi:recursive_doubling_zfp_online_coll:rate16 steps=391 tail_total_ms=14472.283 tail_mean_ms=37.014 tail_min_ms=26.168 tail_max_ms=38.271
[Epoch 14] Hook timing summary done

[Epoch 15] Training... (lr=0.000345)
  Batch [50/391] Loss: 1.0071, Acc: 67.38%
  Batch [100/391] Loss: 1.0405, Acc: 66.62%
  Batch [150/391] Loss: 1.0416, Acc: 66.60%
  Batch [200/391] Loss: 1.0383, Acc: 66.69%
  Batch [250/391] Loss: 1.0338, Acc: 66.54%
  Batch [300/391] Loss: 1.0312, Acc: 66.50%
  Batch [350/391] Loss: 1.0255, Acc: 66.57%
[Epoch 15] Train Loss: 1.0196, Acc: 66.82%  |  Val Loss: 0.9749, Acc: 70.04%  |  Time: 30.8s
  -> Best model saved (70.04%)
[Epoch 15] Summarizing hook timing...

[HOOK_TIMING_SUMMARY] epoch=15
[HOOK_WORK_SUMMARY] label=mpi:recursive_doubling_zfp_online_coll:rate16 calls=5083 work_total_ms=20764.426 work_mean_ms=4.085 work_min_ms=0.618 work_max_ms=26.096
[HOOK_TAIL_SUMMARY] label=mpi:recursive_doubling_zfp_online_coll:rate16 steps=391 tail_total_ms=13981.677 tail_mean_ms=35.759 tail_min_ms=25.633 tail_max_ms=36.877
[Epoch 15] Hook timing summary done

[Epoch 16] Training... (lr=0.000250)
  Batch [50/391] Loss: 0.9799, Acc: 69.44%
  Batch [100/391] Loss: 0.9984, Acc: 67.53%
  Batch [150/391] Loss: 0.9936, Acc: 67.25%
  Batch [200/391] Loss: 0.9944, Acc: 67.33%
  Batch [250/391] Loss: 0.9877, Acc: 67.80%
  Batch [300/391] Loss: 0.9912, Acc: 67.74%
  Batch [350/391] Loss: 0.9832, Acc: 67.96%
[Epoch 16] Train Loss: 0.9793, Acc: 68.21%  |  Val Loss: 0.9528, Acc: 70.76%  |  Time: 30.8s
  -> Best model saved (70.76%)
[Epoch 16] Summarizing hook timing...

[HOOK_TIMING_SUMMARY] epoch=16
[HOOK_WORK_SUMMARY] label=mpi:recursive_doubling_zfp_online_coll:rate16 calls=5083 work_total_ms=20685.174 work_mean_ms=4.069 work_min_ms=0.592 work_max_ms=26.771
[HOOK_TAIL_SUMMARY] label=mpi:recursive_doubling_zfp_online_coll:rate16 steps=391 tail_total_ms=13835.366 tail_mean_ms=35.385 tail_min_ms=24.766 tail_max_ms=36.812
[Epoch 16] Hook timing summary done

[Epoch 17] Training... (lr=0.000165)
  Batch [50/391] Loss: 1.0014, Acc: 66.81%
  Batch [100/391] Loss: 0.9846, Acc: 67.53%
  Batch [150/391] Loss: 0.9832, Acc: 67.60%
  Batch [200/391] Loss: 0.9923, Acc: 67.31%
  Batch [250/391] Loss: 0.9852, Acc: 67.49%
  Batch [300/391] Loss: 0.9803, Acc: 67.86%
  Batch [350/391] Loss: 0.9782, Acc: 67.94%
[Epoch 17] Train Loss: 0.9799, Acc: 67.71%  |  Val Loss: 0.9460, Acc: 71.16%  |  Time: 31.0s
  -> Best model saved (71.16%)
[Epoch 17] Summarizing hook timing...

[HOOK_TIMING_SUMMARY] epoch=17
[HOOK_WORK_SUMMARY] label=mpi:recursive_doubling_zfp_online_coll:rate16 calls=5083 work_total_ms=20953.193 work_mean_ms=4.122 work_min_ms=0.618 work_max_ms=25.754
[HOOK_TAIL_SUMMARY] label=mpi:recursive_doubling_zfp_online_coll:rate16 steps=391 tail_total_ms=13999.054 tail_mean_ms=35.803 tail_min_ms=24.523 tail_max_ms=36.730
[Epoch 17] Hook timing summary done

[Epoch 18] Training... (lr=0.000095)
  Batch [50/391] Loss: 0.9937, Acc: 67.62%
  Batch [100/391] Loss: 0.9954, Acc: 67.41%
  Batch [150/391] Loss: 0.9833, Acc: 67.60%
  Batch [200/391] Loss: 0.9758, Acc: 67.91%
  Batch [250/391] Loss: 0.9789, Acc: 67.90%
  Batch [300/391] Loss: 0.9783, Acc: 67.94%
  Batch [350/391] Loss: 0.9783, Acc: 67.92%
[Epoch 18] Train Loss: 0.9757, Acc: 68.06%  |  Val Loss: 0.9572, Acc: 70.76%  |  Time: 31.0s
[Epoch 18] Summarizing hook timing...

[HOOK_TIMING_SUMMARY] epoch=18
[HOOK_WORK_SUMMARY] label=mpi:recursive_doubling_zfp_online_coll:rate16 calls=5083 work_total_ms=21042.156 work_mean_ms=4.140 work_min_ms=0.619 work_max_ms=26.010
[HOOK_TAIL_SUMMARY] label=mpi:recursive_doubling_zfp_online_coll:rate16 steps=391 tail_total_ms=14124.168 tail_mean_ms=36.123 tail_min_ms=27.418 tail_max_ms=38.348
[Epoch 18] Hook timing summary done

[Epoch 19] Training... (lr=0.000043)
  Batch [50/391] Loss: 0.9138, Acc: 70.31%
  Batch [100/391] Loss: 0.9374, Acc: 68.94%
  Batch [150/391] Loss: 0.9599, Acc: 68.58%
  Batch [200/391] Loss: 0.9645, Acc: 68.72%
  Batch [250/391] Loss: 0.9715, Acc: 68.12%
  Batch [300/391] Loss: 0.9707, Acc: 68.17%
  Batch [350/391] Loss: 0.9661, Acc: 68.25%
[Epoch 19] Train Loss: 0.9654, Acc: 68.44%  |  Val Loss: 0.9478, Acc: 71.24%  |  Time: 31.0s
  -> Best model saved (71.24%)
[Epoch 19] Summarizing hook timing...

[HOOK_TIMING_SUMMARY] epoch=19
[HOOK_WORK_SUMMARY] label=mpi:recursive_doubling_zfp_online_coll:rate16 calls=5083 work_total_ms=21329.214 work_mean_ms=4.196 work_min_ms=0.610 work_max_ms=37.229
[HOOK_TAIL_SUMMARY] label=mpi:recursive_doubling_zfp_online_coll:rate16 steps=391 tail_total_ms=14725.855 tail_mean_ms=37.662 tail_min_ms=26.530 tail_max_ms=69.306
[Epoch 19] Hook timing summary done

[Epoch 20] Training... (lr=0.000011)
  Batch [50/391] Loss: 0.9474, Acc: 69.19%
  Batch [100/391] Loss: 0.9480, Acc: 69.12%
  Batch [150/391] Loss: 0.9506, Acc: 69.12%
  Batch [200/391] Loss: 0.9473, Acc: 69.12%
  Batch [250/391] Loss: 0.9534, Acc: 69.00%
  Batch [300/391] Loss: 0.9542, Acc: 68.97%
  Batch [350/391] Loss: 0.9615, Acc: 68.66%
[Epoch 20] Train Loss: 0.9620, Acc: 68.58%  |  Val Loss: 0.9315, Acc: 71.96%  |  Time: 30.7s
  -> Best model saved (71.96%)
[Epoch 20] Summarizing hook timing...

[HOOK_TIMING_SUMMARY] epoch=20
[HOOK_WORK_SUMMARY] label=mpi:recursive_doubling_zfp_online_coll:rate16 calls=5083 work_total_ms=20995.716 work_mean_ms=4.131 work_min_ms=0.617 work_max_ms=26.934
[HOOK_TAIL_SUMMARY] label=mpi:recursive_doubling_zfp_online_coll:rate16 steps=391 tail_total_ms=14332.360 tail_mean_ms=36.656 tail_min_ms=26.835 tail_max_ms=38.377
[Epoch 20] Hook timing summary done

================================================================================
Done in 640.3s | Best val acc: 71.96%
Epoch times: mean=30.9s  min=30.6s  max=32.5s
================================================================================
=== Finished training: backend=mpi, hook=recursive_doubling_zfp_online_coll, zfp_rate=16, status=0 at Sun May 24 05:52:37 AM UTC 2026 ===
=== Starting training: backend=mpi, hook=recursive_doubling_zfp_online_coll, zfp_rate=8 at Sun May 24 05:52:37 AM UTC 2026 ===

================================================================================
DISTRIBUTED TRAINING LAUNCHER
================================================================================
  Model:      resnext101_32x8d (CIFAR stem) (pretrained)
  Dataset:    cifar10 (10 classes)
  Backend:    mpi
  Algorithm:  recursive_doubling_zfp_online_coll
  ZFP rate:   8
  Epochs:     20
  Batch/rank: 32
  LR:         0.001
================================================================================


================================================================================
Distributed Training: RESNEXT101_32X8D on CIFAR10
Backend: MPI, Algorithm: recursive_doubling_zfp_online_coll
================================================================================
Ranks: 4, Epochs: 20, Batch/rank: 32, Effective batch: 128
LR: 0.001, Device: cuda:0

[Setup] Model on cuda:0, wrapped in DDP (static_graph=True)
[Setup] Hook registered: mpi/recursive_doubling_zfp_online_coll
[Data] Train batches: 391, Val batches: 79


[Epoch 1] Training... (lr=0.000001)

================================================================================
DISTRIBUTED TRAINING LAUNCHER
================================================================================
  Model:      resnext101_32x8d (CIFAR stem) (pretrained)
  Dataset:    cifar10 (10 classes)
  Backend:    mpi
  Algorithm:  recursive_doubling_zfp_online_coll
  ZFP rate:   8
  Epochs:     20
  Batch/rank: 32
  LR:         0.001
================================================================================


================================================================================
DISTRIBUTED TRAINING LAUNCHER
================================================================================
  Model:      resnext101_32x8d (CIFAR stem) (pretrained)
  Dataset:    cifar10 (10 classes)
  Backend:    mpi
  Algorithm:  recursive_doubling_zfp_online_coll
  ZFP rate:   8
  Epochs:     20
  Batch/rank: 32
  LR:         0.001
================================================================================


================================================================================
DISTRIBUTED TRAINING LAUNCHER
================================================================================
  Model:      resnext101_32x8d (CIFAR stem) (pretrained)
  Dataset:    cifar10 (10 classes)
  Backend:    mpi
  Algorithm:  recursive_doubling_zfp_online_coll
  ZFP rate:   8
  Epochs:     20
  Batch/rank: 32
  LR:         0.001
================================================================================

  Batch [50/391] Loss: 2.3163, Acc: 10.44%
  Batch [100/391] Loss: 2.3122, Acc: 10.69%
  Batch [150/391] Loss: 2.3103, Acc: 10.79%
  Batch [200/391] Loss: 2.3114, Acc: 10.55%
  Batch [250/391] Loss: 2.3098, Acc: 10.85%
  Batch [300/391] Loss: 2.3099, Acc: 10.75%
  Batch [350/391] Loss: 2.3098, Acc: 10.70%
[Epoch 1] Train Loss: 2.3106, Acc: 10.78%  |  Val Loss: 2.3158, Acc: 10.04%  |  Time: 30.3s
  -> Best model saved (10.04%)
[Epoch 1] Summarizing hook timing...

[HOOK_TIMING_SUMMARY] epoch=1
[HOOK_WORK_SUMMARY] label=mpi:recursive_doubling_zfp_online_coll:rate8 calls=5059 work_total_ms=19032.035 work_mean_ms=3.762 work_min_ms=0.574 work_max_ms=150.901
[HOOK_TAIL_SUMMARY] label=mpi:recursive_doubling_zfp_online_coll:rate8 steps=392 tail_total_ms=12484.043 tail_mean_ms=31.847 tail_min_ms=1.702 tail_max_ms=174.253
[Epoch 1] Hook timing summary done

[Epoch 2] Training... (lr=0.000201)
  Batch [50/391] Loss: 2.3134, Acc: 10.94%
  Batch [100/391] Loss: 2.3096, Acc: 11.34%
  Batch [150/391] Loss: 2.3072, Acc: 11.67%
  Batch [200/391] Loss: 2.3033, Acc: 12.08%
  Batch [250/391] Loss: 2.3010, Acc: 12.18%
  Batch [300/391] Loss: 2.2996, Acc: 12.31%
  Batch [350/391] Loss: 2.2964, Acc: 12.71%
[Epoch 2] Train Loss: 2.2942, Acc: 13.07%  |  Val Loss: 2.2779, Acc: 15.32%  |  Time: 28.8s
  -> Best model saved (15.32%)
[Epoch 2] Summarizing hook timing...

[HOOK_TIMING_SUMMARY] epoch=2
[HOOK_WORK_SUMMARY] label=mpi:recursive_doubling_zfp_online_coll:rate8 calls=5083 work_total_ms=19019.985 work_mean_ms=3.742 work_min_ms=0.571 work_max_ms=25.181
[HOOK_TAIL_SUMMARY] label=mpi:recursive_doubling_zfp_online_coll:rate8 steps=391 tail_total_ms=12409.638 tail_mean_ms=31.738 tail_min_ms=20.774 tail_max_ms=34.081
[Epoch 2] Hook timing summary done

[Epoch 3] Training... (lr=0.000401)
  Batch [50/391] Loss: 2.2787, Acc: 14.25%
  Batch [100/391] Loss: 2.2745, Acc: 15.03%
  Batch [150/391] Loss: 2.2715, Acc: 15.79%
  Batch [200/391] Loss: 2.2676, Acc: 16.08%
  Batch [250/391] Loss: 2.2618, Acc: 16.95%
  Batch [300/391] Loss: 2.2573, Acc: 17.55%
  Batch [350/391] Loss: 2.2542, Acc: 17.92%
[Epoch 3] Train Loss: 2.2507, Acc: 18.48%  |  Val Loss: 2.2151, Acc: 23.16%  |  Time: 28.6s
  -> Best model saved (23.16%)
[Epoch 3] Summarizing hook timing...

[HOOK_TIMING_SUMMARY] epoch=3
[HOOK_WORK_SUMMARY] label=mpi:recursive_doubling_zfp_online_coll:rate8 calls=5083 work_total_ms=18868.642 work_mean_ms=3.712 work_min_ms=0.579 work_max_ms=26.748
[HOOK_TAIL_SUMMARY] label=mpi:recursive_doubling_zfp_online_coll:rate8 steps=391 tail_total_ms=12011.189 tail_mean_ms=30.719 tail_min_ms=20.639 tail_max_ms=32.515
[Epoch 3] Hook timing summary done

[Epoch 4] Training... (lr=0.000600)
  Batch [50/391] Loss: 2.2150, Acc: 23.88%
  Batch [100/391] Loss: 2.2084, Acc: 24.00%
  Batch [150/391] Loss: 2.2004, Acc: 24.56%
  Batch [200/391] Loss: 2.1941, Acc: 25.06%
  Batch [250/391] Loss: 2.1870, Acc: 25.70%
  Batch [300/391] Loss: 2.1796, Acc: 26.59%
  Batch [350/391] Loss: 2.1729, Acc: 27.08%
[Epoch 4] Train Loss: 2.1673, Acc: 27.46%  |  Val Loss: 2.1034, Acc: 31.76%  |  Time: 28.8s
  -> Best model saved (31.76%)
[Epoch 4] Summarizing hook timing...

[HOOK_TIMING_SUMMARY] epoch=4
[HOOK_WORK_SUMMARY] label=mpi:recursive_doubling_zfp_online_coll:rate8 calls=5083 work_total_ms=19028.708 work_mean_ms=3.744 work_min_ms=0.562 work_max_ms=27.067
[HOOK_TAIL_SUMMARY] label=mpi:recursive_doubling_zfp_online_coll:rate8 steps=391 tail_total_ms=12251.060 tail_mean_ms=31.333 tail_min_ms=19.432 tail_max_ms=32.414
[Epoch 4] Hook timing summary done

[Epoch 5] Training... (lr=0.000800)
  Batch [50/391] Loss: 2.1044, Acc: 31.12%
  Batch [100/391] Loss: 2.0913, Acc: 32.94%
  Batch [150/391] Loss: 2.0778, Acc: 34.10%
  Batch [200/391] Loss: 2.0691, Acc: 34.16%
  Batch [250/391] Loss: 2.0648, Acc: 34.31%
  Batch [300/391] Loss: 2.0561, Acc: 34.53%
  Batch [350/391] Loss: 2.0483, Acc: 34.78%
[Epoch 5] Train Loss: 2.0394, Acc: 35.06%  |  Val Loss: 1.9517, Acc: 40.92%  |  Time: 28.8s
  -> Best model saved (40.92%)
[Epoch 5] Summarizing hook timing...

[HOOK_TIMING_SUMMARY] epoch=5
[HOOK_WORK_SUMMARY] label=mpi:recursive_doubling_zfp_online_coll:rate8 calls=5083 work_total_ms=18991.312 work_mean_ms=3.736 work_min_ms=0.578 work_max_ms=26.280
[HOOK_TAIL_SUMMARY] label=mpi:recursive_doubling_zfp_online_coll:rate8 steps=391 tail_total_ms=12264.667 tail_mean_ms=31.367 tail_min_ms=20.330 tail_max_ms=32.556
[Epoch 5] Hook timing summary done

[Epoch 6] Training... (lr=0.001000)
  Batch [50/391] Loss: 1.9476, Acc: 38.12%
  Batch [100/391] Loss: 1.9420, Acc: 37.88%
  Batch [150/391] Loss: 1.9285, Acc: 38.69%
  Batch [200/391] Loss: 1.9173, Acc: 39.39%
  Batch [250/391] Loss: 1.9048, Acc: 39.96%
  Batch [300/391] Loss: 1.8929, Acc: 40.59%
  Batch [350/391] Loss: 1.8821, Acc: 41.02%
[Epoch 6] Train Loss: 1.8738, Acc: 41.32%  |  Val Loss: 1.7726, Acc: 46.32%  |  Time: 28.7s
  -> Best model saved (46.32%)
[Epoch 6] Summarizing hook timing...

[HOOK_TIMING_SUMMARY] epoch=6
[HOOK_WORK_SUMMARY] label=mpi:recursive_doubling_zfp_online_coll:rate8 calls=5083 work_total_ms=18928.335 work_mean_ms=3.724 work_min_ms=0.579 work_max_ms=25.833
[HOOK_TAIL_SUMMARY] label=mpi:recursive_doubling_zfp_online_coll:rate8 steps=391 tail_total_ms=12309.901 tail_mean_ms=31.483 tail_min_ms=21.001 tail_max_ms=32.341
[Epoch 6] Hook timing summary done

[Epoch 7] Training... (lr=0.000989)
  Batch [50/391] Loss: 1.7971, Acc: 44.69%
  Batch [100/391] Loss: 1.7808, Acc: 45.41%
  Batch [150/391] Loss: 1.7600, Acc: 46.33%
  Batch [200/391] Loss: 1.7483, Acc: 46.70%
  Batch [250/391] Loss: 1.7324, Acc: 47.10%
  Batch [300/391] Loss: 1.7175, Acc: 47.33%
  Batch [350/391] Loss: 1.7085, Acc: 47.45%
[Epoch 7] Train Loss: 1.7025, Acc: 47.47%  |  Val Loss: 1.6168, Acc: 51.92%  |  Time: 28.8s
  -> Best model saved (51.92%)
[Epoch 7] Summarizing hook timing...

[HOOK_TIMING_SUMMARY] epoch=7
[HOOK_WORK_SUMMARY] label=mpi:recursive_doubling_zfp_online_coll:rate8 calls=5083 work_total_ms=18625.196 work_mean_ms=3.664 work_min_ms=0.577 work_max_ms=27.133
[HOOK_TAIL_SUMMARY] label=mpi:recursive_doubling_zfp_online_coll:rate8 steps=391 tail_total_ms=11801.301 tail_mean_ms=30.182 tail_min_ms=19.467 tail_max_ms=32.773
[Epoch 7] Hook timing summary done

[Epoch 8] Training... (lr=0.000957)
  Batch [50/391] Loss: 1.6382, Acc: 47.75%
  Batch [100/391] Loss: 1.6248, Acc: 48.66%
  Batch [150/391] Loss: 1.6121, Acc: 49.27%
  Batch [200/391] Loss: 1.5929, Acc: 50.05%
  Batch [250/391] Loss: 1.5793, Acc: 50.34%
  Batch [300/391] Loss: 1.5690, Acc: 50.90%
  Batch [350/391] Loss: 1.5630, Acc: 51.21%
[Epoch 8] Train Loss: 1.5563, Acc: 51.41%  |  Val Loss: 1.4705, Acc: 55.64%  |  Time: 28.8s
  -> Best model saved (55.64%)
[Epoch 8] Summarizing hook timing...

[HOOK_TIMING_SUMMARY] epoch=8
[HOOK_WORK_SUMMARY] label=mpi:recursive_doubling_zfp_online_coll:rate8 calls=5083 work_total_ms=18828.534 work_mean_ms=3.704 work_min_ms=0.576 work_max_ms=26.977
[HOOK_TAIL_SUMMARY] label=mpi:recursive_doubling_zfp_online_coll:rate8 steps=391 tail_total_ms=11900.457 tail_mean_ms=30.436 tail_min_ms=19.738 tail_max_ms=32.221
[Epoch 8] Hook timing summary done

[Epoch 9] Training... (lr=0.000905)
  Batch [50/391] Loss: 1.4720, Acc: 55.06%
  Batch [100/391] Loss: 1.4634, Acc: 54.75%
  Batch [150/391] Loss: 1.4504, Acc: 55.33%
  Batch [200/391] Loss: 1.4529, Acc: 55.14%
  Batch [250/391] Loss: 1.4440, Acc: 55.17%
  Batch [300/391] Loss: 1.4303, Acc: 55.40%
  Batch [350/391] Loss: 1.4202, Acc: 55.73%
[Epoch 9] Train Loss: 1.4120, Acc: 55.94%  |  Val Loss: 1.3471, Acc: 59.56%  |  Time: 29.0s
  -> Best model saved (59.56%)
[Epoch 9] Summarizing hook timing...

[HOOK_TIMING_SUMMARY] epoch=9
[HOOK_WORK_SUMMARY] label=mpi:recursive_doubling_zfp_online_coll:rate8 calls=5083 work_total_ms=19067.673 work_mean_ms=3.751 work_min_ms=0.575 work_max_ms=27.146
[HOOK_TAIL_SUMMARY] label=mpi:recursive_doubling_zfp_online_coll:rate8 steps=391 tail_total_ms=12137.711 tail_mean_ms=31.043 tail_min_ms=18.770 tail_max_ms=33.191
[Epoch 9] Hook timing summary done

[Epoch 10] Training... (lr=0.000835)
  Batch [50/391] Loss: 1.2969, Acc: 60.44%
  Batch [100/391] Loss: 1.3198, Acc: 59.12%
  Batch [150/391] Loss: 1.3243, Acc: 58.71%
  Batch [200/391] Loss: 1.3198, Acc: 58.70%
  Batch [250/391] Loss: 1.3165, Acc: 58.77%
  Batch [300/391] Loss: 1.3072, Acc: 59.14%
  Batch [350/391] Loss: 1.2980, Acc: 59.43%
[Epoch 10] Train Loss: 1.2917, Acc: 59.66%  |  Val Loss: 1.2385, Acc: 63.28%  |  Time: 28.8s
  -> Best model saved (63.28%)
[Epoch 10] Summarizing hook timing...

[HOOK_TIMING_SUMMARY] epoch=10
[HOOK_WORK_SUMMARY] label=mpi:recursive_doubling_zfp_online_coll:rate8 calls=5083 work_total_ms=19155.887 work_mean_ms=3.769 work_min_ms=0.572 work_max_ms=23.743
[HOOK_TAIL_SUMMARY] label=mpi:recursive_doubling_zfp_online_coll:rate8 steps=391 tail_total_ms=12462.705 tail_mean_ms=31.874 tail_min_ms=21.695 tail_max_ms=32.743
[Epoch 10] Hook timing summary done

[Epoch 11] Training... (lr=0.000750)
  Batch [50/391] Loss: 1.2275, Acc: 62.56%
  Batch [100/391] Loss: 1.2305, Acc: 61.12%
  Batch [150/391] Loss: 1.2288, Acc: 61.08%
  Batch [200/391] Loss: 1.2350, Acc: 60.52%
  Batch [250/391] Loss: 1.2247, Acc: 61.02%
  Batch [300/391] Loss: 1.2185, Acc: 61.17%
  Batch [350/391] Loss: 1.2081, Acc: 61.58%
[Epoch 11] Train Loss: 1.2054, Acc: 61.58%  |  Val Loss: 1.1633, Acc: 64.36%  |  Time: 28.9s
  -> Best model saved (64.36%)
[Epoch 11] Summarizing hook timing...

[HOOK_TIMING_SUMMARY] epoch=11
[HOOK_WORK_SUMMARY] label=mpi:recursive_doubling_zfp_online_coll:rate8 calls=5083 work_total_ms=18718.352 work_mean_ms=3.683 work_min_ms=0.570 work_max_ms=26.849
[HOOK_TAIL_SUMMARY] label=mpi:recursive_doubling_zfp_online_coll:rate8 steps=391 tail_total_ms=11829.096 tail_mean_ms=30.253 tail_min_ms=20.120 tail_max_ms=30.967
[Epoch 11] Hook timing summary done

[Epoch 12] Training... (lr=0.000655)
  Batch [50/391] Loss: 1.1511, Acc: 65.12%
  Batch [100/391] Loss: 1.1674, Acc: 63.25%
  Batch [150/391] Loss: 1.1689, Acc: 62.92%
  Batch [200/391] Loss: 1.1593, Acc: 63.20%
  Batch [250/391] Loss: 1.1479, Acc: 63.45%
  Batch [300/391] Loss: 1.1476, Acc: 63.38%
  Batch [350/391] Loss: 1.1481, Acc: 63.07%
[Epoch 12] Train Loss: 1.1435, Acc: 63.10%  |  Val Loss: 1.0990, Acc: 67.44%  |  Time: 28.8s
  -> Best model saved (67.44%)
[Epoch 12] Summarizing hook timing...

[HOOK_TIMING_SUMMARY] epoch=12
[HOOK_WORK_SUMMARY] label=mpi:recursive_doubling_zfp_online_coll:rate8 calls=5083 work_total_ms=18963.869 work_mean_ms=3.731 work_min_ms=0.566 work_max_ms=26.941
[HOOK_TAIL_SUMMARY] label=mpi:recursive_doubling_zfp_online_coll:rate8 steps=391 tail_total_ms=12163.396 tail_mean_ms=31.108 tail_min_ms=19.030 tail_max_ms=32.561
[Epoch 12] Hook timing summary done

[Epoch 13] Training... (lr=0.000552)
  Batch [50/391] Loss: 1.1004, Acc: 63.50%
  Batch [100/391] Loss: 1.0921, Acc: 64.31%
  Batch [150/391] Loss: 1.1078, Acc: 64.40%
  Batch [200/391] Loss: 1.1069, Acc: 64.30%
  Batch [250/391] Loss: 1.0955, Acc: 64.79%
  Batch [300/391] Loss: 1.0898, Acc: 65.08%
  Batch [350/391] Loss: 1.0835, Acc: 65.28%
[Epoch 13] Train Loss: 1.0787, Acc: 65.32%  |  Val Loss: 1.0382, Acc: 67.92%  |  Time: 28.8s
  -> Best model saved (67.92%)
[Epoch 13] Summarizing hook timing...

[HOOK_TIMING_SUMMARY] epoch=13
[HOOK_WORK_SUMMARY] label=mpi:recursive_doubling_zfp_online_coll:rate8 calls=5083 work_total_ms=18634.996 work_mean_ms=3.666 work_min_ms=0.583 work_max_ms=27.439
[HOOK_TAIL_SUMMARY] label=mpi:recursive_doubling_zfp_online_coll:rate8 steps=391 tail_total_ms=11719.849 tail_mean_ms=29.974 tail_min_ms=21.528 tail_max_ms=32.531
[Epoch 13] Hook timing summary done

[Epoch 14] Training... (lr=0.000448)
  Batch [50/391] Loss: 1.0110, Acc: 67.56%
  Batch [100/391] Loss: 1.0290, Acc: 66.72%
  Batch [150/391] Loss: 1.0269, Acc: 67.10%
  Batch [200/391] Loss: 1.0277, Acc: 66.91%
  Batch [250/391] Loss: 1.0339, Acc: 66.58%
  Batch [300/391] Loss: 1.0346, Acc: 66.56%
  Batch [350/391] Loss: 1.0339, Acc: 66.61%
[Epoch 14] Train Loss: 1.0307, Acc: 66.69%  |  Val Loss: 0.9937, Acc: 69.44%  |  Time: 28.7s
  -> Best model saved (69.44%)
[Epoch 14] Summarizing hook timing...

[HOOK_TIMING_SUMMARY] epoch=14
[HOOK_WORK_SUMMARY] label=mpi:recursive_doubling_zfp_online_coll:rate8 calls=5083 work_total_ms=18707.758 work_mean_ms=3.680 work_min_ms=0.577 work_max_ms=28.020
[HOOK_TAIL_SUMMARY] label=mpi:recursive_doubling_zfp_online_coll:rate8 steps=391 tail_total_ms=11883.817 tail_mean_ms=30.393 tail_min_ms=18.839 tail_max_ms=32.369
[Epoch 14] Hook timing summary done

[Epoch 15] Training... (lr=0.000345)
  Batch [50/391] Loss: 0.9982, Acc: 67.75%
  Batch [100/391] Loss: 1.0293, Acc: 66.97%
  Batch [150/391] Loss: 1.0276, Acc: 67.00%
  Batch [200/391] Loss: 1.0272, Acc: 66.72%
  Batch [250/391] Loss: 1.0212, Acc: 66.62%
  Batch [300/391] Loss: 1.0202, Acc: 66.60%
  Batch [350/391] Loss: 1.0133, Acc: 66.95%
[Epoch 15] Train Loss: 1.0066, Acc: 67.18%  |  Val Loss: 0.9655, Acc: 70.52%  |  Time: 28.9s
  -> Best model saved (70.52%)
[Epoch 15] Summarizing hook timing...

[HOOK_TIMING_SUMMARY] epoch=15
[HOOK_WORK_SUMMARY] label=mpi:recursive_doubling_zfp_online_coll:rate8 calls=5083 work_total_ms=18875.696 work_mean_ms=3.713 work_min_ms=0.562 work_max_ms=27.039
[HOOK_TAIL_SUMMARY] label=mpi:recursive_doubling_zfp_online_coll:rate8 steps=391 tail_total_ms=11847.597 tail_mean_ms=30.301 tail_min_ms=19.678 tail_max_ms=32.708
[Epoch 15] Hook timing summary done

[Epoch 16] Training... (lr=0.000250)
  Batch [50/391] Loss: 0.9633, Acc: 69.38%
  Batch [100/391] Loss: 0.9824, Acc: 68.41%
  Batch [150/391] Loss: 0.9756, Acc: 68.54%
  Batch [200/391] Loss: 0.9766, Acc: 68.66%
  Batch [250/391] Loss: 0.9713, Acc: 68.72%
  Batch [300/391] Loss: 0.9735, Acc: 68.59%
  Batch [350/391] Loss: 0.9685, Acc: 68.61%
[Epoch 16] Train Loss: 0.9639, Acc: 68.86%  |  Val Loss: 0.9382, Acc: 71.24%  |  Time: 28.9s
  -> Best model saved (71.24%)
[Epoch 16] Summarizing hook timing...

[HOOK_TIMING_SUMMARY] epoch=16
[HOOK_WORK_SUMMARY] label=mpi:recursive_doubling_zfp_online_coll:rate8 calls=5083 work_total_ms=18719.139 work_mean_ms=3.683 work_min_ms=0.574 work_max_ms=26.903
[HOOK_TAIL_SUMMARY] label=mpi:recursive_doubling_zfp_online_coll:rate8 steps=391 tail_total_ms=11809.828 tail_mean_ms=30.204 tail_min_ms=18.927 tail_max_ms=32.136
[Epoch 16] Hook timing summary done

[Epoch 17] Training... (lr=0.000165)
  Batch [50/391] Loss: 0.9756, Acc: 67.38%
  Batch [100/391] Loss: 0.9688, Acc: 68.28%
  Batch [150/391] Loss: 0.9672, Acc: 68.21%
  Batch [200/391] Loss: 0.9730, Acc: 68.14%
  Batch [250/391] Loss: 0.9639, Acc: 68.34%
  Batch [300/391] Loss: 0.9614, Acc: 68.59%
  Batch [350/391] Loss: 0.9578, Acc: 68.73%
[Epoch 17] Train Loss: 0.9576, Acc: 68.61%  |  Val Loss: 0.9330, Acc: 71.52%  |  Time: 28.8s
  -> Best model saved (71.52%)
[Epoch 17] Summarizing hook timing...

[HOOK_TIMING_SUMMARY] epoch=17
[HOOK_WORK_SUMMARY] label=mpi:recursive_doubling_zfp_online_coll:rate8 calls=5083 work_total_ms=19187.135 work_mean_ms=3.775 work_min_ms=0.561 work_max_ms=23.115
[HOOK_TAIL_SUMMARY] label=mpi:recursive_doubling_zfp_online_coll:rate8 steps=391 tail_total_ms=12510.087 tail_mean_ms=31.995 tail_min_ms=20.678 tail_max_ms=33.183
[Epoch 17] Hook timing summary done

[Epoch 18] Training... (lr=0.000095)
  Batch [50/391] Loss: 0.9713, Acc: 69.19%
  Batch [100/391] Loss: 0.9770, Acc: 68.50%
  Batch [150/391] Loss: 0.9616, Acc: 69.25%
  Batch [200/391] Loss: 0.9594, Acc: 69.16%
  Batch [250/391] Loss: 0.9642, Acc: 68.78%
  Batch [300/391] Loss: 0.9637, Acc: 68.66%
  Batch [350/391] Loss: 0.9629, Acc: 68.67%
[Epoch 18] Train Loss: 0.9609, Acc: 68.64%  |  Val Loss: 0.9402, Acc: 71.68%  |  Time: 28.9s
  -> Best model saved (71.68%)
[Epoch 18] Summarizing hook timing...

[HOOK_TIMING_SUMMARY] epoch=18
[HOOK_WORK_SUMMARY] label=mpi:recursive_doubling_zfp_online_coll:rate8 calls=5083 work_total_ms=19123.124 work_mean_ms=3.762 work_min_ms=0.574 work_max_ms=27.073
[HOOK_TAIL_SUMMARY] label=mpi:recursive_doubling_zfp_online_coll:rate8 steps=391 tail_total_ms=12425.008 tail_mean_ms=31.778 tail_min_ms=21.974 tail_max_ms=33.668
[Epoch 18] Hook timing summary done

[Epoch 19] Training... (lr=0.000043)
  Batch [50/391] Loss: 0.9064, Acc: 70.75%
  Batch [100/391] Loss: 0.9259, Acc: 69.72%
  Batch [150/391] Loss: 0.9498, Acc: 69.10%
  Batch [200/391] Loss: 0.9542, Acc: 68.89%
  Batch [250/391] Loss: 0.9615, Acc: 68.33%
  Batch [300/391] Loss: 0.9606, Acc: 68.31%
  Batch [350/391] Loss: 0.9563, Acc: 68.60%
[Epoch 19] Train Loss: 0.9557, Acc: 68.82%  |  Val Loss: 0.9319, Acc: 71.84%  |  Time: 28.9s
  -> Best model saved (71.84%)
[Epoch 19] Summarizing hook timing...

[HOOK_TIMING_SUMMARY] epoch=19
[HOOK_WORK_SUMMARY] label=mpi:recursive_doubling_zfp_online_coll:rate8 calls=5083 work_total_ms=18563.893 work_mean_ms=3.652 work_min_ms=0.576 work_max_ms=27.454
[HOOK_TAIL_SUMMARY] label=mpi:recursive_doubling_zfp_online_coll:rate8 steps=391 tail_total_ms=11717.486 tail_mean_ms=29.968 tail_min_ms=19.442 tail_max_ms=32.200
[Epoch 19] Hook timing summary done

[Epoch 20] Training... (lr=0.000011)
  Batch [50/391] Loss: 0.9357, Acc: 68.62%
  Batch [100/391] Loss: 0.9327, Acc: 69.00%
  Batch [150/391] Loss: 0.9331, Acc: 69.48%
  Batch [200/391] Loss: 0.9307, Acc: 69.78%
  Batch [250/391] Loss: 0.9373, Acc: 69.64%
  Batch [300/391] Loss: 0.9389, Acc: 69.66%
  Batch [350/391] Loss: 0.9468, Acc: 69.45%
[Epoch 20] Train Loss: 0.9466, Acc: 69.30%  |  Val Loss: 0.9247, Acc: 72.48%  |  Time: 28.8s
  -> Best model saved (72.48%)
[Epoch 20] Summarizing hook timing...

[HOOK_TIMING_SUMMARY] epoch=20
[HOOK_WORK_SUMMARY] label=mpi:recursive_doubling_zfp_online_coll:rate8 calls=5083 work_total_ms=18533.471 work_mean_ms=3.646 work_min_ms=0.576 work_max_ms=28.831
[HOOK_TAIL_SUMMARY] label=mpi:recursive_doubling_zfp_online_coll:rate8 steps=391 tail_total_ms=11577.786 tail_mean_ms=29.611 tail_min_ms=18.146 tail_max_ms=30.449
[Epoch 20] Hook timing summary done

================================================================================
Done in 601.2s | Best val acc: 72.48%
Epoch times: mean=28.9s  min=28.6s  max=30.3s
================================================================================
=== Finished training: backend=mpi, hook=recursive_doubling_zfp_online_coll, zfp_rate=8, status=0 at Sun May 24 06:02:47 AM UTC 2026 ===
=== Job finished: Sun May 24 06:02:47 AM UTC 2026 ===
