
================================================================================
Distributed Training: RESNEXT101_32X8D on CIFAR10
Backend: MPI, Algorithm: ring_zfp_online_coll
================================================================================
Ranks: 4, Epochs: 20, Batch/rank: 32, Effective batch: 128
LR: 0.001, Device: cuda:0

[Setup] Model on cuda:0, wrapped in DDP (static_graph=True)
[Setup] Hook registered: mpi/ring_zfp_online_coll
[Data] Train batches: 391, Val batches: 79


[Epoch 1] Training... (lr=0.000001)
  Batch [50/391] Loss: 2.3163, Acc: 10.38%
  Batch [100/391] Loss: 2.3122, Acc: 10.59%
  Batch [150/391] Loss: 2.3103, Acc: 10.75%
  Batch [200/391] Loss: 2.3114, Acc: 10.52%
  Batch [250/391] Loss: 2.3099, Acc: 10.82%
  Batch [300/391] Loss: 2.3099, Acc: 10.73%
  Batch [350/391] Loss: 2.3099, Acc: 10.68%
[Epoch 1] Train Loss: 2.3106, Acc: 10.79%  |  Val Loss: 2.3158, Acc: 10.04%  |  Time: 39.3s
  -> Best model saved (10.04%)
[Epoch 1] Summarizing hook timing...

[HOOK_TIMING_SUMMARY] epoch=1
[HOOK_WORK_SUMMARY] label=mpi:ring_zfp_online_coll:rate16 calls=5059 work_total_ms=27572.836 work_mean_ms=5.450 work_min_ms=2.574 work_max_ms=52.143
[HOOK_TAIL_SUMMARY] label=mpi:ring_zfp_online_coll:rate16 steps=392 tail_total_ms=16441.813 tail_mean_ms=41.943 tail_min_ms=4.017 tail_max_ms=160.518
[Epoch 1] Hook timing summary done

[Epoch 2] Training... (lr=0.000201)
  Batch [50/391] Loss: 2.3134, Acc: 10.88%
  Batch [100/391] Loss: 2.3095, Acc: 11.28%
  Batch [150/391] Loss: 2.3069, Acc: 11.60%
  Batch [200/391] Loss: 2.3027, Acc: 11.95%
  Batch [250/391] Loss: 2.3005, Acc: 12.01%
  Batch [300/391] Loss: 2.2991, Acc: 12.25%
  Batch [350/391] Loss: 2.2959, Acc: 12.66%
[Epoch 2] Train Loss: 2.2939, Acc: 12.81%  |  Val Loss: 2.2786, Acc: 15.64%  |  Time: 37.9s
  -> Best model saved (15.64%)
[Epoch 2] Summarizing hook timing...

[HOOK_TIMING_SUMMARY] epoch=2
[HOOK_WORK_SUMMARY] label=mpi:ring_zfp_online_coll:rate16 calls=5083 work_total_ms=27688.258 work_mean_ms=5.447 work_min_ms=2.547 work_max_ms=23.717
[HOOK_TAIL_SUMMARY] label=mpi:ring_zfp_online_coll:rate16 steps=391 tail_total_ms=16521.475 tail_mean_ms=42.254 tail_min_ms=19.536 tail_max_ms=48.536
[Epoch 2] Hook timing summary done

[Epoch 3] Training... (lr=0.000401)
  Batch [50/391] Loss: 2.2768, Acc: 14.75%
  Batch [100/391] Loss: 2.2737, Acc: 15.38%
  Batch [150/391] Loss: 2.2709, Acc: 15.58%
  Batch [200/391] Loss: 2.2667, Acc: 16.22%
  Batch [250/391] Loss: 2.2609, Acc: 17.41%
  Batch [300/391] Loss: 2.2561, Acc: 18.00%
  Batch [350/391] Loss: 2.2525, Acc: 18.48%
[Epoch 3] Train Loss: 2.2487, Acc: 19.01%  |  Val Loss: 2.2098, Acc: 23.96%  |  Time: 37.6s
  -> Best model saved (23.96%)
[Epoch 3] Summarizing hook timing...

[HOOK_TIMING_SUMMARY] epoch=3
[HOOK_WORK_SUMMARY] label=mpi:ring_zfp_online_coll:rate16 calls=5083 work_total_ms=27410.504 work_mean_ms=5.393 work_min_ms=2.545 work_max_ms=30.893
[HOOK_TAIL_SUMMARY] label=mpi:ring_zfp_online_coll:rate16 steps=391 tail_total_ms=15850.306 tail_mean_ms=40.538 tail_min_ms=19.731 tail_max_ms=56.432
[Epoch 3] Hook timing summary done

[Epoch 4] Training... (lr=0.000600)
  Batch [50/391] Loss: 2.2143, Acc: 24.12%
  Batch [100/391] Loss: 2.2071, Acc: 24.12%
  Batch [150/391] Loss: 2.1991, Acc: 24.77%
  Batch [200/391] Loss: 2.1925, Acc: 25.64%
  Batch [250/391] Loss: 2.1855, Acc: 26.11%
  Batch [300/391] Loss: 2.1778, Acc: 26.73%
  Batch [350/391] Loss: 2.1715, Acc: 27.04%
[Epoch 4] Train Loss: 2.1660, Acc: 27.54%  |  Val Loss: 2.1026, Acc: 31.60%  |  Time: 37.9s
  -> Best model saved (31.60%)
[Epoch 4] Summarizing hook timing...

[HOOK_TIMING_SUMMARY] epoch=4
[HOOK_WORK_SUMMARY] label=mpi:ring_zfp_online_coll:rate16 calls=5083 work_total_ms=27991.347 work_mean_ms=5.507 work_min_ms=2.575 work_max_ms=28.299
[HOOK_TAIL_SUMMARY] label=mpi:ring_zfp_online_coll:rate16 steps=391 tail_total_ms=16636.763 tail_mean_ms=42.549 tail_min_ms=23.646 tail_max_ms=65.940
[Epoch 4] Hook timing summary done

[Epoch 5] Training... (lr=0.000800)
  Batch [50/391] Loss: 2.1054, Acc: 30.69%
  Batch [100/391] Loss: 2.0925, Acc: 32.41%
  Batch [150/391] Loss: 2.0789, Acc: 34.00%
  Batch [200/391] Loss: 2.0678, Acc: 34.31%
  Batch [250/391] Loss: 2.0633, Acc: 34.11%
  Batch [300/391] Loss: 2.0552, Acc: 34.30%
  Batch [350/391] Loss: 2.0472, Acc: 34.85%
[Epoch 5] Train Loss: 2.0378, Acc: 35.37%  |  Val Loss: 1.9527, Acc: 39.64%  |  Time: 37.3s
  -> Best model saved (39.64%)
[Epoch 5] Summarizing hook timing...

[HOOK_TIMING_SUMMARY] epoch=5
[HOOK_WORK_SUMMARY] label=mpi:ring_zfp_online_coll:rate16 calls=5083 work_total_ms=27172.431 work_mean_ms=5.346 work_min_ms=2.535 work_max_ms=30.632
[HOOK_TAIL_SUMMARY] label=mpi:ring_zfp_online_coll:rate16 steps=391 tail_total_ms=15436.151 tail_mean_ms=39.479 tail_min_ms=20.946 tail_max_ms=60.148
[Epoch 5] Hook timing summary done

[Epoch 6] Training... (lr=0.001000)
  Batch [50/391] Loss: 1.9506, Acc: 39.69%
  Batch [100/391] Loss: 1.9422, Acc: 39.69%
  Batch [150/391] Loss: 1.9263, Acc: 40.21%
  Batch [200/391] Loss: 1.9155, Acc: 40.58%
  Batch [250/391] Loss: 1.9028, Acc: 40.96%
  Batch [300/391] Loss: 1.8916, Acc: 41.27%
  Batch [350/391] Loss: 1.8809, Acc: 41.62%
[Epoch 6] Train Loss: 1.8735, Acc: 41.93%  |  Val Loss: 1.7660, Acc: 47.00%  |  Time: 37.6s
  -> Best model saved (47.00%)
[Epoch 6] Summarizing hook timing...

[HOOK_TIMING_SUMMARY] epoch=6
[HOOK_WORK_SUMMARY] label=mpi:ring_zfp_online_coll:rate16 calls=5083 work_total_ms=27625.967 work_mean_ms=5.435 work_min_ms=2.532 work_max_ms=22.487
[HOOK_TAIL_SUMMARY] label=mpi:ring_zfp_online_coll:rate16 steps=391 tail_total_ms=16162.812 tail_mean_ms=41.337 tail_min_ms=19.101 tail_max_ms=54.434
[Epoch 6] Hook timing summary done

[Epoch 7] Training... (lr=0.000989)
  Batch [50/391] Loss: 1.8024, Acc: 44.50%
  Batch [100/391] Loss: 1.7837, Acc: 45.69%
  Batch [150/391] Loss: 1.7613, Acc: 46.35%
  Batch [200/391] Loss: 1.7498, Acc: 46.92%
  Batch [250/391] Loss: 1.7340, Acc: 47.42%
  Batch [300/391] Loss: 1.7213, Acc: 47.73%
  Batch [350/391] Loss: 1.7136, Acc: 47.71%
[Epoch 7] Train Loss: 1.7080, Acc: 47.62%  |  Val Loss: 1.6141, Acc: 51.52%  |  Time: 37.7s
  -> Best model saved (51.52%)
[Epoch 7] Summarizing hook timing...

[HOOK_TIMING_SUMMARY] epoch=7
[HOOK_WORK_SUMMARY] label=mpi:ring_zfp_online_coll:rate16 calls=5083 work_total_ms=27731.369 work_mean_ms=5.456 work_min_ms=2.501 work_max_ms=31.307
[HOOK_TAIL_SUMMARY] label=mpi:ring_zfp_online_coll:rate16 steps=391 tail_total_ms=16313.532 tail_mean_ms=41.723 tail_min_ms=26.444 tail_max_ms=52.128
[Epoch 7] Hook timing summary done

[Epoch 8] Training... (lr=0.000957)
  Batch [50/391] Loss: 1.6384, Acc: 47.62%
  Batch [100/391] Loss: 1.6300, Acc: 48.78%
  Batch [150/391] Loss: 1.6163, Acc: 49.08%
  Batch [200/391] Loss: 1.5984, Acc: 49.75%
  Batch [250/391] Loss: 1.5835, Acc: 50.51%
  Batch [300/391] Loss: 1.5779, Acc: 50.72%
  Batch [350/391] Loss: 1.5729, Acc: 50.89%
[Epoch 8] Train Loss: 1.5656, Acc: 51.06%  |  Val Loss: 1.4798, Acc: 55.12%  |  Time: 37.9s
  -> Best model saved (55.12%)
[Epoch 8] Summarizing hook timing...

[HOOK_TIMING_SUMMARY] epoch=8
[HOOK_WORK_SUMMARY] label=mpi:ring_zfp_online_coll:rate16 calls=5083 work_total_ms=28053.180 work_mean_ms=5.519 work_min_ms=2.570 work_max_ms=30.508
[HOOK_TAIL_SUMMARY] label=mpi:ring_zfp_online_coll:rate16 steps=391 tail_total_ms=16786.130 tail_mean_ms=42.931 tail_min_ms=25.369 tail_max_ms=66.737
[Epoch 8] Hook timing summary done

[Epoch 9] Training... (lr=0.000905)
  Batch [50/391] Loss: 1.4969, Acc: 52.50%
  Batch [100/391] Loss: 1.4794, Acc: 53.66%
  Batch [150/391] Loss: 1.4683, Acc: 54.31%
  Batch [200/391] Loss: 1.4688, Acc: 54.28%
  Batch [250/391] Loss: 1.4612, Acc: 54.54%
  Batch [300/391] Loss: 1.4504, Acc: 54.98%
  Batch [350/391] Loss: 1.4377, Acc: 55.45%
[Epoch 9] Train Loss: 1.4298, Acc: 55.72%  |  Val Loss: 1.3585, Acc: 59.72%  |  Time: 37.7s
  -> Best model saved (59.72%)
[Epoch 9] Summarizing hook timing...

[HOOK_TIMING_SUMMARY] epoch=9
[HOOK_WORK_SUMMARY] label=mpi:ring_zfp_online_coll:rate16 calls=5083 work_total_ms=27848.030 work_mean_ms=5.479 work_min_ms=2.533 work_max_ms=28.283
[HOOK_TAIL_SUMMARY] label=mpi:ring_zfp_online_coll:rate16 steps=391 tail_total_ms=16358.511 tail_mean_ms=41.838 tail_min_ms=22.967 tail_max_ms=60.074
[Epoch 9] Hook timing summary done

[Epoch 10] Training... (lr=0.000835)
  Batch [50/391] Loss: 1.3257, Acc: 59.88%
  Batch [100/391] Loss: 1.3408, Acc: 57.56%
  Batch [150/391] Loss: 1.3454, Acc: 57.21%
  Batch [200/391] Loss: 1.3415, Acc: 57.44%
  Batch [250/391] Loss: 1.3393, Acc: 57.39%
  Batch [300/391] Loss: 1.3277, Acc: 57.80%
  Batch [350/391] Loss: 1.3192, Acc: 58.21%
[Epoch 10] Train Loss: 1.3110, Acc: 58.55%  |  Val Loss: 1.2447, Acc: 62.24%  |  Time: 37.8s
  -> Best model saved (62.24%)
[Epoch 10] Summarizing hook timing...

[HOOK_TIMING_SUMMARY] epoch=10
[HOOK_WORK_SUMMARY] label=mpi:ring_zfp_online_coll:rate16 calls=5083 work_total_ms=27598.945 work_mean_ms=5.430 work_min_ms=2.506 work_max_ms=23.292
[HOOK_TAIL_SUMMARY] label=mpi:ring_zfp_online_coll:rate16 steps=391 tail_total_ms=16397.911 tail_mean_ms=41.938 tail_min_ms=24.367 tail_max_ms=62.701
[Epoch 10] Hook timing summary done

[Epoch 11] Training... (lr=0.000750)
  Batch [50/391] Loss: 1.2403, Acc: 62.88%
  Batch [100/391] Loss: 1.2457, Acc: 61.53%
  Batch [150/391] Loss: 1.2445, Acc: 61.06%
  Batch [200/391] Loss: 1.2532, Acc: 60.73%
  Batch [250/391] Loss: 1.2441, Acc: 60.85%
  Batch [300/391] Loss: 1.2371, Acc: 60.88%
  Batch [350/391] Loss: 1.2280, Acc: 61.16%
[Epoch 11] Train Loss: 1.2257, Acc: 61.14%  |  Val Loss: 1.1741, Acc: 65.44%  |  Time: 38.1s
  -> Best model saved (65.44%)
[Epoch 11] Summarizing hook timing...

[HOOK_TIMING_SUMMARY] epoch=11
[HOOK_WORK_SUMMARY] label=mpi:ring_zfp_online_coll:rate16 calls=5083 work_total_ms=28245.188 work_mean_ms=5.557 work_min_ms=2.534 work_max_ms=30.526
[HOOK_TAIL_SUMMARY] label=mpi:ring_zfp_online_coll:rate16 steps=391 tail_total_ms=17095.779 tail_mean_ms=43.723 tail_min_ms=23.302 tail_max_ms=67.381
[Epoch 11] Hook timing summary done

[Epoch 12] Training... (lr=0.000655)
  Batch [50/391] Loss: 1.1669, Acc: 62.44%
  Batch [100/391] Loss: 1.1805, Acc: 61.19%
  Batch [150/391] Loss: 1.1852, Acc: 61.31%
  Batch [200/391] Loss: 1.1729, Acc: 62.11%
  Batch [250/391] Loss: 1.1631, Acc: 62.64%
  Batch [300/391] Loss: 1.1628, Acc: 62.70%
  Batch [350/391] Loss: 1.1653, Acc: 62.55%
[Epoch 12] Train Loss: 1.1604, Acc: 62.62%  |  Val Loss: 1.1091, Acc: 66.44%  |  Time: 38.1s
  -> Best model saved (66.44%)
[Epoch 12] Summarizing hook timing...

[HOOK_TIMING_SUMMARY] epoch=12
[HOOK_WORK_SUMMARY] label=mpi:ring_zfp_online_coll:rate16 calls=5083 work_total_ms=28014.033 work_mean_ms=5.511 work_min_ms=2.530 work_max_ms=30.049
[HOOK_TAIL_SUMMARY] label=mpi:ring_zfp_online_coll:rate16 steps=391 tail_total_ms=16935.645 tail_mean_ms=43.314 tail_min_ms=27.201 tail_max_ms=55.101
[Epoch 12] Hook timing summary done

[Epoch 13] Training... (lr=0.000552)
  Batch [50/391] Loss: 1.1283, Acc: 62.62%
  Batch [100/391] Loss: 1.1119, Acc: 64.44%
  Batch [150/391] Loss: 1.1271, Acc: 63.98%
  Batch [200/391] Loss: 1.1238, Acc: 63.94%
  Batch [250/391] Loss: 1.1165, Acc: 64.16%
  Batch [300/391] Loss: 1.1108, Acc: 64.48%
  Batch [350/391] Loss: 1.1016, Acc: 64.73%
[Epoch 13] Train Loss: 1.0964, Acc: 64.76%  |  Val Loss: 1.0667, Acc: 67.68%  |  Time: 37.8s
  -> Best model saved (67.68%)
[Epoch 13] Summarizing hook timing...

[HOOK_TIMING_SUMMARY] epoch=13
[HOOK_WORK_SUMMARY] label=mpi:ring_zfp_online_coll:rate16 calls=5083 work_total_ms=27728.691 work_mean_ms=5.455 work_min_ms=2.546 work_max_ms=37.031
[HOOK_TAIL_SUMMARY] label=mpi:ring_zfp_online_coll:rate16 steps=391 tail_total_ms=16311.019 tail_mean_ms=41.716 tail_min_ms=19.327 tail_max_ms=59.674
[Epoch 13] Hook timing summary done

[Epoch 14] Training... (lr=0.000448)
  Batch [50/391] Loss: 1.0230, Acc: 67.75%
  Batch [100/391] Loss: 1.0483, Acc: 66.38%
  Batch [150/391] Loss: 1.0531, Acc: 65.94%
  Batch [200/391] Loss: 1.0551, Acc: 65.70%
  Batch [250/391] Loss: 1.0583, Acc: 65.54%
  Batch [300/391] Loss: 1.0578, Acc: 65.65%
  Batch [350/391] Loss: 1.0562, Acc: 65.91%
[Epoch 14] Train Loss: 1.0522, Acc: 66.10%  |  Val Loss: 1.0147, Acc: 69.52%  |  Time: 38.7s
  -> Best model saved (69.52%)
[Epoch 14] Summarizing hook timing...

[HOOK_TIMING_SUMMARY] epoch=14
[HOOK_WORK_SUMMARY] label=mpi:ring_zfp_online_coll:rate16 calls=5083 work_total_ms=28639.701 work_mean_ms=5.634 work_min_ms=2.565 work_max_ms=259.694
[HOOK_TAIL_SUMMARY] label=mpi:ring_zfp_online_coll:rate16 steps=391 tail_total_ms=17044.704 tail_mean_ms=43.593 tail_min_ms=20.426 tail_max_ms=299.837
[Epoch 14] Hook timing summary done

[Epoch 15] Training... (lr=0.000345)
  Batch [50/391] Loss: 1.0245, Acc: 66.81%
  Batch [100/391] Loss: 1.0476, Acc: 66.28%
  Batch [150/391] Loss: 1.0524, Acc: 65.96%
  Batch [200/391] Loss: 1.0505, Acc: 65.86%
  Batch [250/391] Loss: 1.0443, Acc: 66.08%
  Batch [300/391] Loss: 1.0424, Acc: 66.03%
  Batch [350/391] Loss: 1.0371, Acc: 66.12%
[Epoch 15] Train Loss: 1.0315, Acc: 66.30%  |  Val Loss: 0.9934, Acc: 70.24%  |  Time: 37.6s
  -> Best model saved (70.24%)
[Epoch 15] Summarizing hook timing...

[HOOK_TIMING_SUMMARY] epoch=15
[HOOK_WORK_SUMMARY] label=mpi:ring_zfp_online_coll:rate16 calls=5083 work_total_ms=27454.921 work_mean_ms=5.401 work_min_ms=2.582 work_max_ms=23.458
[HOOK_TAIL_SUMMARY] label=mpi:ring_zfp_online_coll:rate16 steps=391 tail_total_ms=16025.139 tail_mean_ms=40.985 tail_min_ms=19.581 tail_max_ms=54.768
[Epoch 15] Hook timing summary done

[Epoch 16] Training... (lr=0.000250)
  Batch [50/391] Loss: 0.9907, Acc: 69.19%
  Batch [100/391] Loss: 1.0073, Acc: 67.81%
  Batch [150/391] Loss: 1.0022, Acc: 67.90%
  Batch [200/391] Loss: 1.0041, Acc: 67.80%
  Batch [250/391] Loss: 0.9949, Acc: 68.04%
  Batch [300/391] Loss: 0.9993, Acc: 68.06%
  Batch [350/391] Loss: 0.9956, Acc: 68.03%
[Epoch 16] Train Loss: 0.9937, Acc: 68.14%  |  Val Loss: 0.9619, Acc: 70.88%  |  Time: 37.7s
  -> Best model saved (70.88%)
[Epoch 16] Summarizing hook timing...

[HOOK_TIMING_SUMMARY] epoch=16
[HOOK_WORK_SUMMARY] label=mpi:ring_zfp_online_coll:rate16 calls=5083 work_total_ms=27546.168 work_mean_ms=5.419 work_min_ms=2.541 work_max_ms=23.487
[HOOK_TAIL_SUMMARY] label=mpi:ring_zfp_online_coll:rate16 steps=391 tail_total_ms=16039.776 tail_mean_ms=41.022 tail_min_ms=20.640 tail_max_ms=61.157
[Epoch 16] Hook timing summary done

[Epoch 17] Training... (lr=0.000165)
  Batch [50/391] Loss: 0.9939, Acc: 67.19%
  Batch [100/391] Loss: 0.9821, Acc: 67.84%
  Batch [150/391] Loss: 0.9868, Acc: 67.56%
  Batch [200/391] Loss: 0.9967, Acc: 67.25%
  Batch [250/391] Loss: 0.9888, Acc: 67.54%
  Batch [300/391] Loss: 0.9836, Acc: 67.89%
  Batch [350/391] Loss: 0.9827, Acc: 67.87%
[Epoch 17] Train Loss: 0.9837, Acc: 67.76%  |  Val Loss: 0.9506, Acc: 71.20%  |  Time: 37.5s
  -> Best model saved (71.20%)
[Epoch 17] Summarizing hook timing...

[HOOK_TIMING_SUMMARY] epoch=17
[HOOK_WORK_SUMMARY] label=mpi:ring_zfp_online_coll:rate16 calls=5083 work_total_ms=27454.461 work_mean_ms=5.401 work_min_ms=2.558 work_max_ms=21.517
[HOOK_TAIL_SUMMARY] label=mpi:ring_zfp_online_coll:rate16 steps=391 tail_total_ms=15730.427 tail_mean_ms=40.231 tail_min_ms=21.207 tail_max_ms=48.772
[Epoch 17] Hook timing summary done

[Epoch 18] Training... (lr=0.000095)
  Batch [50/391] Loss: 0.9976, Acc: 67.31%
  Batch [100/391] Loss: 0.9974, Acc: 67.09%
  Batch [150/391] Loss: 0.9867, Acc: 67.73%
  Batch [200/391] Loss: 0.9820, Acc: 67.80%
  Batch [250/391] Loss: 0.9883, Acc: 67.55%
  Batch [300/391] Loss: 0.9884, Acc: 67.75%
  Batch [350/391] Loss: 0.9861, Acc: 67.63%
[Epoch 18] Train Loss: 0.9827, Acc: 67.78%  |  Val Loss: 0.9639, Acc: 71.32%  |  Time: 40.4s
  -> Best model saved (71.32%)
[Epoch 18] Summarizing hook timing...

[HOOK_TIMING_SUMMARY] epoch=18
[HOOK_WORK_SUMMARY] label=mpi:ring_zfp_online_coll:rate16 calls=5083 work_total_ms=28802.256 work_mean_ms=5.666 work_min_ms=2.478 work_max_ms=531.801
[HOOK_TAIL_SUMMARY] label=mpi:ring_zfp_online_coll:rate16 steps=391 tail_total_ms=17069.607 tail_mean_ms=43.656 tail_min_ms=26.034 tail_max_ms=118.876
[Epoch 18] Hook timing summary done

[Epoch 19] Training... (lr=0.000043)
  Batch [50/391] Loss: 0.9250, Acc: 71.06%
  Batch [100/391] Loss: 0.9462, Acc: 69.75%
  Batch [150/391] Loss: 0.9626, Acc: 69.25%
  Batch [200/391] Loss: 0.9703, Acc: 68.98%
  Batch [250/391] Loss: 0.9773, Acc: 68.46%
  Batch [300/391] Loss: 0.9760, Acc: 68.52%
  Batch [350/391] Loss: 0.9716, Acc: 68.59%
[Epoch 19] Train Loss: 0.9719, Acc: 68.69%  |  Val Loss: 0.9515, Acc: 70.92%  |  Time: 38.3s
[Epoch 19] Summarizing hook timing...

[HOOK_TIMING_SUMMARY] epoch=19
[HOOK_WORK_SUMMARY] label=mpi:ring_zfp_online_coll:rate16 calls=5083 work_total_ms=28328.590 work_mean_ms=5.573 work_min_ms=2.566 work_max_ms=26.379
[HOOK_TAIL_SUMMARY] label=mpi:ring_zfp_online_coll:rate16 steps=391 tail_total_ms=17295.659 tail_mean_ms=44.234 tail_min_ms=23.432 tail_max_ms=65.842
[Epoch 19] Hook timing summary done

[Epoch 20] Training... (lr=0.000011)
  Batch [50/391] Loss: 0.9676, Acc: 67.69%
  Batch [100/391] Loss: 0.9632, Acc: 68.03%
  Batch [150/391] Loss: 0.9601, Acc: 68.25%
  Batch [200/391] Loss: 0.9552, Acc: 68.75%
  Batch [250/391] Loss: 0.9583, Acc: 68.79%
  Batch [300/391] Loss: 0.9598, Acc: 68.81%
  Batch [350/391] Loss: 0.9671, Acc: 68.55%
[Epoch 20] Train Loss: 0.9682, Acc: 68.39%  |  Val Loss: 0.9406, Acc: 71.36%  |  Time: 37.7s
  -> Best model saved (71.36%)
[Epoch 20] Summarizing hook timing...

[HOOK_TIMING_SUMMARY] epoch=20
[HOOK_WORK_SUMMARY] label=mpi:ring_zfp_online_coll:rate16 calls=5083 work_total_ms=27775.421 work_mean_ms=5.464 work_min_ms=2.559 work_max_ms=24.671
[HOOK_TAIL_SUMMARY] label=mpi:ring_zfp_online_coll:rate16 steps=391 tail_total_ms=16209.665 tail_mean_ms=41.457 tail_min_ms=22.421 tail_max_ms=70.352
[Epoch 20] Hook timing summary done

================================================================================
Done in 782.5s | Best val acc: 71.36%
Epoch times: mean=38.0s  min=37.3s  max=40.4s
================================================================================
