
================================================================================
Distributed Training: RESNEXT101_32X8D on CIFAR10
Backend: MPI, Algorithm: recursive_doubling_zfp_online_coll
================================================================================
Ranks: 4, Epochs: 20, Batch/rank: 32, Effective batch: 128
LR: 0.001, Device: cuda:0

[Setup] Model on cuda:0, wrapped in DDP (static_graph=True)
[Setup] Hook registered: mpi/recursive_doubling_zfp_online_coll
[Data] Train batches: 391, Val batches: 79


[Epoch 1] Training... (lr=0.000001)
  Batch [50/391] Loss: 2.3163, Acc: 10.31%
  Batch [100/391] Loss: 2.3122, Acc: 10.59%
  Batch [150/391] Loss: 2.3103, Acc: 10.75%
  Batch [200/391] Loss: 2.3114, Acc: 10.52%
  Batch [250/391] Loss: 2.3099, Acc: 10.82%
  Batch [300/391] Loss: 2.3099, Acc: 10.73%
  Batch [350/391] Loss: 2.3098, Acc: 10.68%
[Epoch 1] Train Loss: 2.3106, Acc: 10.78%  |  Val Loss: 2.3158, Acc: 10.08%  |  Time: 32.5s
  -> Best model saved (10.08%)
[Epoch 1] Summarizing hook timing...

[HOOK_TIMING_SUMMARY] epoch=1
[HOOK_WORK_SUMMARY] label=mpi:recursive_doubling_zfp_online_coll:rate16 calls=5059 work_total_ms=21291.147 work_mean_ms=4.209 work_min_ms=0.623 work_max_ms=126.651
[HOOK_TAIL_SUMMARY] label=mpi:recursive_doubling_zfp_online_coll:rate16 steps=392 tail_total_ms=14562.549 tail_mean_ms=37.149 tail_min_ms=4.853 tail_max_ms=149.693
[Epoch 1] Hook timing summary done

[Epoch 2] Training... (lr=0.000201)
  Batch [50/391] Loss: 2.3136, Acc: 11.00%
  Batch [100/391] Loss: 2.3097, Acc: 11.50%
  Batch [150/391] Loss: 2.3074, Acc: 11.71%
  Batch [200/391] Loss: 2.3034, Acc: 12.12%
  Batch [250/391] Loss: 2.3009, Acc: 12.30%
  Batch [300/391] Loss: 2.2993, Acc: 12.34%
  Batch [350/391] Loss: 2.2961, Acc: 12.64%
[Epoch 2] Train Loss: 2.2938, Acc: 12.98%  |  Val Loss: 2.2783, Acc: 15.84%  |  Time: 30.8s
  -> Best model saved (15.84%)
[Epoch 2] Summarizing hook timing...

[HOOK_TIMING_SUMMARY] epoch=2
[HOOK_WORK_SUMMARY] label=mpi:recursive_doubling_zfp_online_coll:rate16 calls=5083 work_total_ms=21098.831 work_mean_ms=4.151 work_min_ms=0.626 work_max_ms=25.587
[HOOK_TAIL_SUMMARY] label=mpi:recursive_doubling_zfp_online_coll:rate16 steps=391 tail_total_ms=14332.450 tail_mean_ms=36.656 tail_min_ms=27.187 tail_max_ms=42.712
[Epoch 2] Hook timing summary done

[Epoch 3] Training... (lr=0.000401)
  Batch [50/391] Loss: 2.2775, Acc: 14.69%
  Batch [100/391] Loss: 2.2740, Acc: 15.31%
  Batch [150/391] Loss: 2.2710, Acc: 16.02%
  Batch [200/391] Loss: 2.2663, Acc: 16.70%
  Batch [250/391] Loss: 2.2607, Acc: 17.34%
  Batch [300/391] Loss: 2.2561, Acc: 17.96%
  Batch [350/391] Loss: 2.2526, Acc: 18.46%
[Epoch 3] Train Loss: 2.2488, Acc: 18.91%  |  Val Loss: 2.2085, Acc: 24.16%  |  Time: 31.0s
  -> Best model saved (24.16%)
[Epoch 3] Summarizing hook timing...

[HOOK_TIMING_SUMMARY] epoch=3
[HOOK_WORK_SUMMARY] label=mpi:recursive_doubling_zfp_online_coll:rate16 calls=5083 work_total_ms=20821.251 work_mean_ms=4.096 work_min_ms=0.612 work_max_ms=26.287
[HOOK_TAIL_SUMMARY] label=mpi:recursive_doubling_zfp_online_coll:rate16 steps=391 tail_total_ms=14009.281 tail_mean_ms=35.829 tail_min_ms=25.426 tail_max_ms=36.698
[Epoch 3] Hook timing summary done

[Epoch 4] Training... (lr=0.000600)
  Batch [50/391] Loss: 2.2161, Acc: 23.00%
  Batch [100/391] Loss: 2.2072, Acc: 23.84%
  Batch [150/391] Loss: 2.1993, Acc: 24.42%
  Batch [200/391] Loss: 2.1910, Acc: 25.58%
  Batch [250/391] Loss: 2.1831, Acc: 26.12%
  Batch [300/391] Loss: 2.1760, Acc: 26.75%
  Batch [350/391] Loss: 2.1698, Acc: 27.19%
[Epoch 4] Train Loss: 2.1642, Acc: 27.60%  |  Val Loss: 2.1021, Acc: 32.36%  |  Time: 30.6s
  -> Best model saved (32.36%)
[Epoch 4] Summarizing hook timing...

[HOOK_TIMING_SUMMARY] epoch=4
[HOOK_WORK_SUMMARY] label=mpi:recursive_doubling_zfp_online_coll:rate16 calls=5083 work_total_ms=21120.143 work_mean_ms=4.155 work_min_ms=0.616 work_max_ms=23.947
[HOOK_TAIL_SUMMARY] label=mpi:recursive_doubling_zfp_online_coll:rate16 steps=391 tail_total_ms=14535.521 tail_mean_ms=37.175 tail_min_ms=26.233 tail_max_ms=39.806
[Epoch 4] Hook timing summary done

[Epoch 5] Training... (lr=0.000800)
  Batch [50/391] Loss: 2.1001, Acc: 31.69%
  Batch [100/391] Loss: 2.0886, Acc: 34.09%
  Batch [150/391] Loss: 2.0741, Acc: 34.88%
  Batch [200/391] Loss: 2.0634, Acc: 35.00%
  Batch [250/391] Loss: 2.0585, Acc: 34.70%
  Batch [300/391] Loss: 2.0499, Acc: 35.03%
  Batch [350/391] Loss: 2.0423, Acc: 35.38%
[Epoch 5] Train Loss: 2.0330, Acc: 35.78%  |  Val Loss: 1.9440, Acc: 40.88%  |  Time: 30.8s
  -> Best model saved (40.88%)
[Epoch 5] Summarizing hook timing...

[HOOK_TIMING_SUMMARY] epoch=5
[HOOK_WORK_SUMMARY] label=mpi:recursive_doubling_zfp_online_coll:rate16 calls=5083 work_total_ms=21259.825 work_mean_ms=4.183 work_min_ms=0.622 work_max_ms=24.073
[HOOK_TAIL_SUMMARY] label=mpi:recursive_doubling_zfp_online_coll:rate16 steps=391 tail_total_ms=14655.106 tail_mean_ms=37.481 tail_min_ms=27.072 tail_max_ms=38.286
[Epoch 5] Hook timing summary done

[Epoch 6] Training... (lr=0.001000)
  Batch [50/391] Loss: 1.9457, Acc: 39.81%
  Batch [100/391] Loss: 1.9373, Acc: 39.28%
  Batch [150/391] Loss: 1.9225, Acc: 40.12%
  Batch [200/391] Loss: 1.9125, Acc: 40.44%
  Batch [250/391] Loss: 1.8993, Acc: 40.92%
  Batch [300/391] Loss: 1.8881, Acc: 41.16%
  Batch [350/391] Loss: 1.8780, Acc: 41.39%
[Epoch 6] Train Loss: 1.8700, Acc: 41.74%  |  Val Loss: 1.7692, Acc: 46.52%  |  Time: 30.6s
  -> Best model saved (46.52%)
[Epoch 6] Summarizing hook timing...

[HOOK_TIMING_SUMMARY] epoch=6
[HOOK_WORK_SUMMARY] label=mpi:recursive_doubling_zfp_online_coll:rate16 calls=5083 work_total_ms=20967.895 work_mean_ms=4.125 work_min_ms=0.616 work_max_ms=25.373
[HOOK_TAIL_SUMMARY] label=mpi:recursive_doubling_zfp_online_coll:rate16 steps=391 tail_total_ms=14392.660 tail_mean_ms=36.810 tail_min_ms=25.788 tail_max_ms=38.088
[Epoch 6] Hook timing summary done

[Epoch 7] Training... (lr=0.000989)
  Batch [50/391] Loss: 1.8049, Acc: 44.38%
  Batch [100/391] Loss: 1.7880, Acc: 45.31%
  Batch [150/391] Loss: 1.7668, Acc: 45.81%
  Batch [200/391] Loss: 1.7529, Acc: 46.30%
  Batch [250/391] Loss: 1.7369, Acc: 46.66%
  Batch [300/391] Loss: 1.7217, Acc: 47.00%
  Batch [350/391] Loss: 1.7134, Acc: 47.12%
[Epoch 7] Train Loss: 1.7073, Acc: 47.26%  |  Val Loss: 1.6143, Acc: 51.24%  |  Time: 30.7s
  -> Best model saved (51.24%)
[Epoch 7] Summarizing hook timing...

[HOOK_TIMING_SUMMARY] epoch=7
[HOOK_WORK_SUMMARY] label=mpi:recursive_doubling_zfp_online_coll:rate16 calls=5083 work_total_ms=21066.760 work_mean_ms=4.145 work_min_ms=0.619 work_max_ms=24.252
[HOOK_TAIL_SUMMARY] label=mpi:recursive_doubling_zfp_online_coll:rate16 steps=391 tail_total_ms=14507.321 tail_mean_ms=37.103 tail_min_ms=27.396 tail_max_ms=38.220
[Epoch 7] Hook timing summary done

[Epoch 8] Training... (lr=0.000957)
  Batch [50/391] Loss: 1.6291, Acc: 47.88%
  Batch [100/391] Loss: 1.6194, Acc: 48.69%
  Batch [150/391] Loss: 1.6079, Acc: 48.88%
  Batch [200/391] Loss: 1.5899, Acc: 49.61%
  Batch [250/391] Loss: 1.5756, Acc: 50.33%
  Batch [300/391] Loss: 1.5681, Acc: 50.62%
  Batch [350/391] Loss: 1.5640, Acc: 50.67%
[Epoch 8] Train Loss: 1.5592, Acc: 50.78%  |  Val Loss: 1.4674, Acc: 55.72%  |  Time: 30.9s
  -> Best model saved (55.72%)
[Epoch 8] Summarizing hook timing...

[HOOK_TIMING_SUMMARY] epoch=8
[HOOK_WORK_SUMMARY] label=mpi:recursive_doubling_zfp_online_coll:rate16 calls=5083 work_total_ms=20987.713 work_mean_ms=4.129 work_min_ms=0.614 work_max_ms=26.293
[HOOK_TAIL_SUMMARY] label=mpi:recursive_doubling_zfp_online_coll:rate16 steps=391 tail_total_ms=14251.273 tail_mean_ms=36.448 tail_min_ms=24.984 tail_max_ms=38.533
[Epoch 8] Hook timing summary done

[Epoch 9] Training... (lr=0.000905)
  Batch [50/391] Loss: 1.4737, Acc: 54.38%
  Batch [100/391] Loss: 1.4671, Acc: 53.97%
  Batch [150/391] Loss: 1.4580, Acc: 54.48%
  Batch [200/391] Loss: 1.4601, Acc: 54.28%
  Batch [250/391] Loss: 1.4533, Acc: 54.24%
  Batch [300/391] Loss: 1.4410, Acc: 54.67%
  Batch [350/391] Loss: 1.4311, Acc: 55.02%
[Epoch 9] Train Loss: 1.4241, Acc: 55.12%  |  Val Loss: 1.3534, Acc: 58.72%  |  Time: 30.8s
  -> Best model saved (58.72%)
[Epoch 9] Summarizing hook timing...

[HOOK_TIMING_SUMMARY] epoch=9
[HOOK_WORK_SUMMARY] label=mpi:recursive_doubling_zfp_online_coll:rate16 calls=5083 work_total_ms=21172.445 work_mean_ms=4.165 work_min_ms=0.622 work_max_ms=23.990
[HOOK_TAIL_SUMMARY] label=mpi:recursive_doubling_zfp_online_coll:rate16 steps=391 tail_total_ms=14576.806 tail_mean_ms=37.281 tail_min_ms=25.686 tail_max_ms=37.851
[Epoch 9] Hook timing summary done

[Epoch 10] Training... (lr=0.000835)
  Batch [50/391] Loss: 1.3135, Acc: 60.94%
  Batch [100/391] Loss: 1.3301, Acc: 59.16%
  Batch [150/391] Loss: 1.3351, Acc: 58.21%
  Batch [200/391] Loss: 1.3290, Acc: 58.38%
  Batch [250/391] Loss: 1.3247, Acc: 58.51%
  Batch [300/391] Loss: 1.3170, Acc: 58.89%
  Batch [350/391] Loss: 1.3078, Acc: 59.09%
[Epoch 10] Train Loss: 1.3012, Acc: 59.26%  |  Val Loss: 1.2536, Acc: 62.52%  |  Time: 30.9s
  -> Best model saved (62.52%)
[Epoch 10] Summarizing hook timing...

[HOOK_TIMING_SUMMARY] epoch=10
[HOOK_WORK_SUMMARY] label=mpi:recursive_doubling_zfp_online_coll:rate16 calls=5083 work_total_ms=20815.999 work_mean_ms=4.095 work_min_ms=0.617 work_max_ms=26.617
[HOOK_TAIL_SUMMARY] label=mpi:recursive_doubling_zfp_online_coll:rate16 steps=391 tail_total_ms=13959.620 tail_mean_ms=35.702 tail_min_ms=25.493 tail_max_ms=36.669
[Epoch 10] Hook timing summary done

[Epoch 11] Training... (lr=0.000750)
  Batch [50/391] Loss: 1.2434, Acc: 61.56%
  Batch [100/391] Loss: 1.2442, Acc: 60.94%
  Batch [150/391] Loss: 1.2428, Acc: 60.69%
  Batch [200/391] Loss: 1.2476, Acc: 60.47%
  Batch [250/391] Loss: 1.2376, Acc: 60.85%
  Batch [300/391] Loss: 1.2342, Acc: 60.96%
  Batch [350/391] Loss: 1.2242, Acc: 61.19%
[Epoch 11] Train Loss: 1.2215, Acc: 61.12%  |  Val Loss: 1.1715, Acc: 64.64%  |  Time: 30.9s
  -> Best model saved (64.64%)
[Epoch 11] Summarizing hook timing...

[HOOK_TIMING_SUMMARY] epoch=11
[HOOK_WORK_SUMMARY] label=mpi:recursive_doubling_zfp_online_coll:rate16 calls=5083 work_total_ms=21373.211 work_mean_ms=4.205 work_min_ms=0.612 work_max_ms=22.084
[HOOK_TAIL_SUMMARY] label=mpi:recursive_doubling_zfp_online_coll:rate16 steps=391 tail_total_ms=14809.651 tail_mean_ms=37.876 tail_min_ms=27.990 tail_max_ms=38.538
[Epoch 11] Hook timing summary done

[Epoch 12] Training... (lr=0.000655)
  Batch [50/391] Loss: 1.1549, Acc: 63.88%
  Batch [100/391] Loss: 1.1739, Acc: 62.72%
  Batch [150/391] Loss: 1.1769, Acc: 62.50%
  Batch [200/391] Loss: 1.1679, Acc: 62.70%
  Batch [250/391] Loss: 1.1577, Acc: 63.06%
  Batch [300/391] Loss: 1.1567, Acc: 62.96%
  Batch [350/391] Loss: 1.1575, Acc: 62.76%
[Epoch 12] Train Loss: 1.1535, Acc: 62.88%  |  Val Loss: 1.1016, Acc: 67.56%  |  Time: 30.9s
  -> Best model saved (67.56%)
[Epoch 12] Summarizing hook timing...

[HOOK_TIMING_SUMMARY] epoch=12
[HOOK_WORK_SUMMARY] label=mpi:recursive_doubling_zfp_online_coll:rate16 calls=5083 work_total_ms=21080.445 work_mean_ms=4.147 work_min_ms=0.614 work_max_ms=26.543
[HOOK_TAIL_SUMMARY] label=mpi:recursive_doubling_zfp_online_coll:rate16 steps=391 tail_total_ms=14230.639 tail_mean_ms=36.395 tail_min_ms=24.271 tail_max_ms=39.019
[Epoch 12] Hook timing summary done

[Epoch 13] Training... (lr=0.000552)
  Batch [50/391] Loss: 1.1270, Acc: 62.31%
  Batch [100/391] Loss: 1.1087, Acc: 63.62%
  Batch [150/391] Loss: 1.1222, Acc: 63.44%
  Batch [200/391] Loss: 1.1184, Acc: 63.55%
  Batch [250/391] Loss: 1.1075, Acc: 64.14%
  Batch [300/391] Loss: 1.0990, Acc: 64.52%
  Batch [350/391] Loss: 1.0916, Acc: 64.72%
[Epoch 13] Train Loss: 1.0873, Acc: 64.79%  |  Val Loss: 1.0469, Acc: 68.32%  |  Time: 30.9s
  -> Best model saved (68.32%)
[Epoch 13] Summarizing hook timing...

[HOOK_TIMING_SUMMARY] epoch=13
[HOOK_WORK_SUMMARY] label=mpi:recursive_doubling_zfp_online_coll:rate16 calls=5083 work_total_ms=21099.345 work_mean_ms=4.151 work_min_ms=0.615 work_max_ms=27.502
[HOOK_TAIL_SUMMARY] label=mpi:recursive_doubling_zfp_online_coll:rate16 steps=391 tail_total_ms=14392.702 tail_mean_ms=36.810 tail_min_ms=24.547 tail_max_ms=38.498
[Epoch 13] Hook timing summary done

[Epoch 14] Training... (lr=0.000448)
  Batch [50/391] Loss: 1.0347, Acc: 66.38%
  Batch [100/391] Loss: 1.0437, Acc: 66.16%
  Batch [150/391] Loss: 1.0450, Acc: 66.35%
  Batch [200/391] Loss: 1.0461, Acc: 66.23%
  Batch [250/391] Loss: 1.0491, Acc: 66.00%
  Batch [300/391] Loss: 1.0494, Acc: 65.98%
  Batch [350/391] Loss: 1.0491, Acc: 66.16%
[Epoch 14] Train Loss: 1.0451, Acc: 66.21%  |  Val Loss: 1.0043, Acc: 70.00%  |  Time: 30.7s
  -> Best model saved (70.00%)
[Epoch 14] Summarizing hook timing...

[HOOK_TIMING_SUMMARY] epoch=14
[HOOK_WORK_SUMMARY] label=mpi:recursive_doubling_zfp_online_coll:rate16 calls=5083 work_total_ms=21002.914 work_mean_ms=4.132 work_min_ms=0.609 work_max_ms=25.243
[HOOK_TAIL_SUMMARY] label=mpi:recursive_doubling_zfp_online_coll:rate16 steps=391 tail_total_ms=14472.283 tail_mean_ms=37.014 tail_min_ms=26.168 tail_max_ms=38.271
[Epoch 14] Hook timing summary done

[Epoch 15] Training... (lr=0.000345)
  Batch [50/391] Loss: 1.0071, Acc: 67.38%
  Batch [100/391] Loss: 1.0405, Acc: 66.62%
  Batch [150/391] Loss: 1.0416, Acc: 66.60%
  Batch [200/391] Loss: 1.0383, Acc: 66.69%
  Batch [250/391] Loss: 1.0338, Acc: 66.54%
  Batch [300/391] Loss: 1.0312, Acc: 66.50%
  Batch [350/391] Loss: 1.0255, Acc: 66.57%
[Epoch 15] Train Loss: 1.0196, Acc: 66.82%  |  Val Loss: 0.9749, Acc: 70.04%  |  Time: 30.8s
  -> Best model saved (70.04%)
[Epoch 15] Summarizing hook timing...

[HOOK_TIMING_SUMMARY] epoch=15
[HOOK_WORK_SUMMARY] label=mpi:recursive_doubling_zfp_online_coll:rate16 calls=5083 work_total_ms=20764.426 work_mean_ms=4.085 work_min_ms=0.618 work_max_ms=26.096
[HOOK_TAIL_SUMMARY] label=mpi:recursive_doubling_zfp_online_coll:rate16 steps=391 tail_total_ms=13981.677 tail_mean_ms=35.759 tail_min_ms=25.633 tail_max_ms=36.877
[Epoch 15] Hook timing summary done

[Epoch 16] Training... (lr=0.000250)
  Batch [50/391] Loss: 0.9799, Acc: 69.44%
  Batch [100/391] Loss: 0.9984, Acc: 67.53%
  Batch [150/391] Loss: 0.9936, Acc: 67.25%
  Batch [200/391] Loss: 0.9944, Acc: 67.33%
  Batch [250/391] Loss: 0.9877, Acc: 67.80%
  Batch [300/391] Loss: 0.9912, Acc: 67.74%
  Batch [350/391] Loss: 0.9832, Acc: 67.96%
[Epoch 16] Train Loss: 0.9793, Acc: 68.21%  |  Val Loss: 0.9528, Acc: 70.76%  |  Time: 30.8s
  -> Best model saved (70.76%)
[Epoch 16] Summarizing hook timing...

[HOOK_TIMING_SUMMARY] epoch=16
[HOOK_WORK_SUMMARY] label=mpi:recursive_doubling_zfp_online_coll:rate16 calls=5083 work_total_ms=20685.174 work_mean_ms=4.069 work_min_ms=0.592 work_max_ms=26.771
[HOOK_TAIL_SUMMARY] label=mpi:recursive_doubling_zfp_online_coll:rate16 steps=391 tail_total_ms=13835.366 tail_mean_ms=35.385 tail_min_ms=24.766 tail_max_ms=36.812
[Epoch 16] Hook timing summary done

[Epoch 17] Training... (lr=0.000165)
  Batch [50/391] Loss: 1.0014, Acc: 66.81%
  Batch [100/391] Loss: 0.9846, Acc: 67.53%
  Batch [150/391] Loss: 0.9832, Acc: 67.60%
  Batch [200/391] Loss: 0.9923, Acc: 67.31%
  Batch [250/391] Loss: 0.9852, Acc: 67.49%
  Batch [300/391] Loss: 0.9803, Acc: 67.86%
  Batch [350/391] Loss: 0.9782, Acc: 67.94%
[Epoch 17] Train Loss: 0.9799, Acc: 67.71%  |  Val Loss: 0.9460, Acc: 71.16%  |  Time: 31.0s
  -> Best model saved (71.16%)
[Epoch 17] Summarizing hook timing...

[HOOK_TIMING_SUMMARY] epoch=17
[HOOK_WORK_SUMMARY] label=mpi:recursive_doubling_zfp_online_coll:rate16 calls=5083 work_total_ms=20953.193 work_mean_ms=4.122 work_min_ms=0.618 work_max_ms=25.754
[HOOK_TAIL_SUMMARY] label=mpi:recursive_doubling_zfp_online_coll:rate16 steps=391 tail_total_ms=13999.054 tail_mean_ms=35.803 tail_min_ms=24.523 tail_max_ms=36.730
[Epoch 17] Hook timing summary done

[Epoch 18] Training... (lr=0.000095)
  Batch [50/391] Loss: 0.9937, Acc: 67.62%
  Batch [100/391] Loss: 0.9954, Acc: 67.41%
  Batch [150/391] Loss: 0.9833, Acc: 67.60%
  Batch [200/391] Loss: 0.9758, Acc: 67.91%
  Batch [250/391] Loss: 0.9789, Acc: 67.90%
  Batch [300/391] Loss: 0.9783, Acc: 67.94%
  Batch [350/391] Loss: 0.9783, Acc: 67.92%
[Epoch 18] Train Loss: 0.9757, Acc: 68.06%  |  Val Loss: 0.9572, Acc: 70.76%  |  Time: 31.0s
[Epoch 18] Summarizing hook timing...

[HOOK_TIMING_SUMMARY] epoch=18
[HOOK_WORK_SUMMARY] label=mpi:recursive_doubling_zfp_online_coll:rate16 calls=5083 work_total_ms=21042.156 work_mean_ms=4.140 work_min_ms=0.619 work_max_ms=26.010
[HOOK_TAIL_SUMMARY] label=mpi:recursive_doubling_zfp_online_coll:rate16 steps=391 tail_total_ms=14124.168 tail_mean_ms=36.123 tail_min_ms=27.418 tail_max_ms=38.348
[Epoch 18] Hook timing summary done

[Epoch 19] Training... (lr=0.000043)
  Batch [50/391] Loss: 0.9138, Acc: 70.31%
  Batch [100/391] Loss: 0.9374, Acc: 68.94%
  Batch [150/391] Loss: 0.9599, Acc: 68.58%
  Batch [200/391] Loss: 0.9645, Acc: 68.72%
  Batch [250/391] Loss: 0.9715, Acc: 68.12%
  Batch [300/391] Loss: 0.9707, Acc: 68.17%
  Batch [350/391] Loss: 0.9661, Acc: 68.25%
[Epoch 19] Train Loss: 0.9654, Acc: 68.44%  |  Val Loss: 0.9478, Acc: 71.24%  |  Time: 31.0s
  -> Best model saved (71.24%)
[Epoch 19] Summarizing hook timing...

[HOOK_TIMING_SUMMARY] epoch=19
[HOOK_WORK_SUMMARY] label=mpi:recursive_doubling_zfp_online_coll:rate16 calls=5083 work_total_ms=21329.214 work_mean_ms=4.196 work_min_ms=0.610 work_max_ms=37.229
[HOOK_TAIL_SUMMARY] label=mpi:recursive_doubling_zfp_online_coll:rate16 steps=391 tail_total_ms=14725.855 tail_mean_ms=37.662 tail_min_ms=26.530 tail_max_ms=69.306
[Epoch 19] Hook timing summary done

[Epoch 20] Training... (lr=0.000011)
  Batch [50/391] Loss: 0.9474, Acc: 69.19%
  Batch [100/391] Loss: 0.9480, Acc: 69.12%
  Batch [150/391] Loss: 0.9506, Acc: 69.12%
  Batch [200/391] Loss: 0.9473, Acc: 69.12%
  Batch [250/391] Loss: 0.9534, Acc: 69.00%
  Batch [300/391] Loss: 0.9542, Acc: 68.97%
  Batch [350/391] Loss: 0.9615, Acc: 68.66%
[Epoch 20] Train Loss: 0.9620, Acc: 68.58%  |  Val Loss: 0.9315, Acc: 71.96%  |  Time: 30.7s
  -> Best model saved (71.96%)
[Epoch 20] Summarizing hook timing...

[HOOK_TIMING_SUMMARY] epoch=20
[HOOK_WORK_SUMMARY] label=mpi:recursive_doubling_zfp_online_coll:rate16 calls=5083 work_total_ms=20995.716 work_mean_ms=4.131 work_min_ms=0.617 work_max_ms=26.934
[HOOK_TAIL_SUMMARY] label=mpi:recursive_doubling_zfp_online_coll:rate16 steps=391 tail_total_ms=14332.360 tail_mean_ms=36.656 tail_min_ms=26.835 tail_max_ms=38.377
[Epoch 20] Hook timing summary done

================================================================================
Done in 640.3s | Best val acc: 71.96%
Epoch times: mean=30.9s  min=30.6s  max=32.5s
================================================================================
