
================================================================================
Distributed Training: RESNEXT101_32X8D on CIFAR10
Backend: MPI, Algorithm: ring
================================================================================
Ranks: 4, Epochs: 20, Batch/rank: 32, Effective batch: 128
LR: 0.001, Device: cuda:0

[Setup] Model on cuda:0, wrapped in DDP (static_graph=True)
[Setup] Hook registered: mpi/ring
[Data] Train batches: 391, Val batches: 79


[Epoch 1] Training... (lr=0.000001)
  Batch [50/391] Loss: 2.3163, Acc: 10.31%
  Batch [100/391] Loss: 2.3122, Acc: 10.56%
  Batch [150/391] Loss: 2.3103, Acc: 10.75%
  Batch [200/391] Loss: 2.3114, Acc: 10.50%
  Batch [250/391] Loss: 2.3099, Acc: 10.82%
  Batch [300/391] Loss: 2.3099, Acc: 10.73%
  Batch [350/391] Loss: 2.3099, Acc: 10.67%
[Epoch 1] Train Loss: 2.3106, Acc: 10.77%  |  Val Loss: 2.3158, Acc: 10.12%  |  Time: 28.6s
  -> Best model saved (10.12%)
[Epoch 1] Summarizing hook timing...

[HOOK_TIMING_SUMMARY] epoch=1
[HOOK_WORK_SUMMARY] label=mpi:ring calls=5059 work_total_ms=17772.576 work_mean_ms=3.513 work_min_ms=0.714 work_max_ms=32.141
[HOOK_TAIL_SUMMARY] label=mpi:ring steps=392 tail_total_ms=11164.952 tail_mean_ms=28.482 tail_min_ms=12.763 tail_max_ms=53.858
[Epoch 1] Hook timing summary done

[Epoch 2] Training... (lr=0.000201)
  Batch [50/391] Loss: 2.3134, Acc: 10.88%
  Batch [100/391] Loss: 2.3096, Acc: 11.41%
  Batch [150/391] Loss: 2.3071, Acc: 11.73%
  Batch [200/391] Loss: 2.3032, Acc: 12.23%
  Batch [250/391] Loss: 2.3008, Acc: 12.36%
  Batch [300/391] Loss: 2.2995, Acc: 12.33%
  Batch [350/391] Loss: 2.2967, Acc: 12.68%
[Epoch 2] Train Loss: 2.2948, Acc: 12.87%  |  Val Loss: 2.2821, Acc: 15.08%  |  Time: 27.2s
  -> Best model saved (15.08%)
[Epoch 2] Summarizing hook timing...

[HOOK_TIMING_SUMMARY] epoch=2
[HOOK_WORK_SUMMARY] label=mpi:ring calls=5083 work_total_ms=17768.514 work_mean_ms=3.496 work_min_ms=0.684 work_max_ms=31.570
[HOOK_TAIL_SUMMARY] label=mpi:ring steps=391 tail_total_ms=11109.140 tail_mean_ms=28.412 tail_min_ms=16.825 tail_max_ms=29.968
[Epoch 2] Hook timing summary done

[Epoch 3] Training... (lr=0.000401)
  Batch [50/391] Loss: 2.2796, Acc: 15.12%
  Batch [100/391] Loss: 2.2748, Acc: 16.03%
  Batch [150/391] Loss: 2.2715, Acc: 16.12%
  Batch [200/391] Loss: 2.2668, Acc: 16.77%
  Batch [250/391] Loss: 2.2609, Acc: 17.48%
  Batch [300/391] Loss: 2.2563, Acc: 18.05%
  Batch [350/391] Loss: 2.2528, Acc: 18.59%
[Epoch 3] Train Loss: 2.2488, Acc: 19.17%  |  Val Loss: 2.2099, Acc: 24.12%  |  Time: 27.1s
  -> Best model saved (24.12%)
[Epoch 3] Summarizing hook timing...

[HOOK_TIMING_SUMMARY] epoch=3
[HOOK_WORK_SUMMARY] label=mpi:ring calls=5083 work_total_ms=17777.261 work_mean_ms=3.497 work_min_ms=0.680 work_max_ms=32.180
[HOOK_TAIL_SUMMARY] label=mpi:ring steps=391 tail_total_ms=11309.529 tail_mean_ms=28.925 tail_min_ms=17.168 tail_max_ms=30.060
[Epoch 3] Hook timing summary done

[Epoch 4] Training... (lr=0.000600)
  Batch [50/391] Loss: 2.2152, Acc: 22.94%
  Batch [100/391] Loss: 2.2071, Acc: 24.06%
  Batch [150/391] Loss: 2.1990, Acc: 24.79%
  Batch [200/391] Loss: 2.1916, Acc: 25.41%
  Batch [250/391] Loss: 2.1836, Acc: 25.99%
  Batch [300/391] Loss: 2.1757, Acc: 26.74%
  Batch [350/391] Loss: 2.1690, Acc: 27.12%
[Epoch 4] Train Loss: 2.1633, Acc: 27.62%  |  Val Loss: 2.1021, Acc: 32.24%  |  Time: 27.2s
  -> Best model saved (32.24%)
[Epoch 4] Summarizing hook timing...

[HOOK_TIMING_SUMMARY] epoch=4
[HOOK_WORK_SUMMARY] label=mpi:ring calls=5083 work_total_ms=17346.265 work_mean_ms=3.413 work_min_ms=0.688 work_max_ms=31.121
[HOOK_TAIL_SUMMARY] label=mpi:ring steps=391 tail_total_ms=10649.935 tail_mean_ms=27.238 tail_min_ms=13.908 tail_max_ms=30.720
[Epoch 4] Hook timing summary done

[Epoch 5] Training... (lr=0.000800)
  Batch [50/391] Loss: 2.1015, Acc: 31.81%
  Batch [100/391] Loss: 2.0893, Acc: 33.53%
  Batch [150/391] Loss: 2.0761, Acc: 34.58%
  Batch [200/391] Loss: 2.0647, Acc: 34.70%
  Batch [250/391] Loss: 2.0596, Acc: 34.50%
  Batch [300/391] Loss: 2.0519, Acc: 34.80%
  Batch [350/391] Loss: 2.0448, Acc: 35.12%
[Epoch 5] Train Loss: 2.0354, Acc: 35.45%  |  Val Loss: 1.9490, Acc: 40.36%  |  Time: 27.1s
  -> Best model saved (40.36%)
[Epoch 5] Summarizing hook timing...

[HOOK_TIMING_SUMMARY] epoch=5
[HOOK_WORK_SUMMARY] label=mpi:ring calls=5083 work_total_ms=17531.645 work_mean_ms=3.449 work_min_ms=0.683 work_max_ms=32.062
[HOOK_TAIL_SUMMARY] label=mpi:ring steps=391 tail_total_ms=10707.222 tail_mean_ms=27.384 tail_min_ms=15.542 tail_max_ms=29.441
[Epoch 5] Hook timing summary done

[Epoch 6] Training... (lr=0.001000)
  Batch [50/391] Loss: 1.9495, Acc: 38.06%
  Batch [100/391] Loss: 1.9427, Acc: 38.72%
  Batch [150/391] Loss: 1.9259, Acc: 39.79%
  Batch [200/391] Loss: 1.9148, Acc: 40.38%
  Batch [250/391] Loss: 1.9023, Acc: 40.81%
  Batch [300/391] Loss: 1.8901, Acc: 41.04%
  Batch [350/391] Loss: 1.8811, Acc: 41.23%
[Epoch 6] Train Loss: 1.8720, Acc: 41.73%  |  Val Loss: 1.7778, Acc: 45.76%  |  Time: 27.2s
  -> Best model saved (45.76%)
[Epoch 6] Summarizing hook timing...

[HOOK_TIMING_SUMMARY] epoch=6
[HOOK_WORK_SUMMARY] label=mpi:ring calls=5083 work_total_ms=17587.791 work_mean_ms=3.460 work_min_ms=0.685 work_max_ms=32.071
[HOOK_TAIL_SUMMARY] label=mpi:ring steps=391 tail_total_ms=10692.929 tail_mean_ms=27.348 tail_min_ms=15.614 tail_max_ms=29.811
[Epoch 6] Hook timing summary done

[Epoch 7] Training... (lr=0.000989)
  Batch [50/391] Loss: 1.8021, Acc: 44.00%
  Batch [100/391] Loss: 1.7857, Acc: 45.22%
  Batch [150/391] Loss: 1.7631, Acc: 46.06%
  Batch [200/391] Loss: 1.7510, Acc: 46.36%
  Batch [250/391] Loss: 1.7358, Acc: 46.66%
  Batch [300/391] Loss: 1.7220, Acc: 47.29%
  Batch [350/391] Loss: 1.7139, Acc: 47.51%
[Epoch 7] Train Loss: 1.7088, Acc: 47.31%  |  Val Loss: 1.6081, Acc: 51.44%  |  Time: 27.2s
  -> Best model saved (51.44%)
[Epoch 7] Summarizing hook timing...

[HOOK_TIMING_SUMMARY] epoch=7
[HOOK_WORK_SUMMARY] label=mpi:ring calls=5083 work_total_ms=17651.250 work_mean_ms=3.473 work_min_ms=0.687 work_max_ms=31.450
[HOOK_TAIL_SUMMARY] label=mpi:ring steps=391 tail_total_ms=10732.405 tail_mean_ms=27.449 tail_min_ms=14.501 tail_max_ms=28.634
[Epoch 7] Hook timing summary done

[Epoch 8] Training... (lr=0.000957)
  Batch [50/391] Loss: 1.6289, Acc: 47.88%
  Batch [100/391] Loss: 1.6226, Acc: 48.44%
  Batch [150/391] Loss: 1.6117, Acc: 48.69%
  Batch [200/391] Loss: 1.5932, Acc: 49.44%
  Batch [250/391] Loss: 1.5780, Acc: 50.05%
  Batch [300/391] Loss: 1.5700, Acc: 50.30%
  Batch [350/391] Loss: 1.5663, Acc: 50.38%
[Epoch 8] Train Loss: 1.5606, Acc: 50.65%  |  Val Loss: 1.4778, Acc: 56.20%  |  Time: 27.2s
  -> Best model saved (56.20%)
[Epoch 8] Summarizing hook timing...

[HOOK_TIMING_SUMMARY] epoch=8
[HOOK_WORK_SUMMARY] label=mpi:ring calls=5083 work_total_ms=17450.497 work_mean_ms=3.433 work_min_ms=0.682 work_max_ms=33.126
[HOOK_TAIL_SUMMARY] label=mpi:ring steps=391 tail_total_ms=10461.350 tail_mean_ms=26.755 tail_min_ms=16.007 tail_max_ms=30.718
[Epoch 8] Hook timing summary done

[Epoch 9] Training... (lr=0.000905)
  Batch [50/391] Loss: 1.4861, Acc: 53.62%
  Batch [100/391] Loss: 1.4775, Acc: 54.03%
  Batch [150/391] Loss: 1.4678, Acc: 54.46%
  Batch [200/391] Loss: 1.4676, Acc: 54.16%
  Batch [250/391] Loss: 1.4601, Acc: 54.23%
  Batch [300/391] Loss: 1.4500, Acc: 54.49%
  Batch [350/391] Loss: 1.4397, Acc: 54.74%
[Epoch 9] Train Loss: 1.4313, Acc: 55.15%  |  Val Loss: 1.3476, Acc: 59.80%  |  Time: 27.2s
  -> Best model saved (59.80%)
[Epoch 9] Summarizing hook timing...

[HOOK_TIMING_SUMMARY] epoch=9
[HOOK_WORK_SUMMARY] label=mpi:ring calls=5083 work_total_ms=17416.438 work_mean_ms=3.426 work_min_ms=0.695 work_max_ms=30.931
[HOOK_TAIL_SUMMARY] label=mpi:ring steps=391 tail_total_ms=10690.410 tail_mean_ms=27.341 tail_min_ms=16.019 tail_max_ms=28.265
[Epoch 9] Hook timing summary done

[Epoch 10] Training... (lr=0.000835)
  Batch [50/391] Loss: 1.3283, Acc: 60.00%
  Batch [100/391] Loss: 1.3452, Acc: 57.66%
  Batch [150/391] Loss: 1.3447, Acc: 57.35%
  Batch [200/391] Loss: 1.3391, Acc: 57.58%
  Batch [250/391] Loss: 1.3341, Acc: 57.66%
  Batch [300/391] Loss: 1.3252, Acc: 57.92%
  Batch [350/391] Loss: 1.3164, Acc: 58.38%
[Epoch 10] Train Loss: 1.3079, Acc: 58.74%  |  Val Loss: 1.2544, Acc: 62.96%  |  Time: 27.2s
  -> Best model saved (62.96%)
[Epoch 10] Summarizing hook timing...

[HOOK_TIMING_SUMMARY] epoch=10
[HOOK_WORK_SUMMARY] label=mpi:ring calls=5083 work_total_ms=17427.988 work_mean_ms=3.429 work_min_ms=0.685 work_max_ms=31.411
[HOOK_TAIL_SUMMARY] label=mpi:ring steps=391 tail_total_ms=10436.258 tail_mean_ms=26.691 tail_min_ms=15.171 tail_max_ms=31.244
[Epoch 10] Hook timing summary done

[Epoch 11] Training... (lr=0.000750)
  Batch [50/391] Loss: 1.2524, Acc: 61.62%
  Batch [100/391] Loss: 1.2530, Acc: 60.56%
  Batch [150/391] Loss: 1.2513, Acc: 60.52%
  Batch [200/391] Loss: 1.2562, Acc: 60.06%
  Batch [250/391] Loss: 1.2463, Acc: 60.61%
  Batch [300/391] Loss: 1.2413, Acc: 60.79%
  Batch [350/391] Loss: 1.2317, Acc: 61.06%
[Epoch 11] Train Loss: 1.2296, Acc: 61.09%  |  Val Loss: 1.1701, Acc: 65.00%  |  Time: 27.2s
  -> Best model saved (65.00%)
[Epoch 11] Summarizing hook timing...

[HOOK_TIMING_SUMMARY] epoch=11
[HOOK_WORK_SUMMARY] label=mpi:ring calls=5083 work_total_ms=17829.207 work_mean_ms=3.508 work_min_ms=0.687 work_max_ms=32.008
[HOOK_TAIL_SUMMARY] label=mpi:ring steps=391 tail_total_ms=11286.258 tail_mean_ms=28.865 tail_min_ms=16.636 tail_max_ms=29.622
[Epoch 11] Hook timing summary done

[Epoch 12] Training... (lr=0.000655)
  Batch [50/391] Loss: 1.1711, Acc: 63.25%
  Batch [100/391] Loss: 1.1801, Acc: 61.81%
  Batch [150/391] Loss: 1.1822, Acc: 62.17%
  Batch [200/391] Loss: 1.1740, Acc: 62.38%
  Batch [250/391] Loss: 1.1625, Acc: 62.83%
  Batch [300/391] Loss: 1.1627, Acc: 62.80%
  Batch [350/391] Loss: 1.1617, Acc: 62.74%
[Epoch 12] Train Loss: 1.1581, Acc: 62.90%  |  Val Loss: 1.1113, Acc: 67.60%  |  Time: 27.1s
  -> Best model saved (67.60%)
[Epoch 12] Summarizing hook timing...

[HOOK_TIMING_SUMMARY] epoch=12
[HOOK_WORK_SUMMARY] label=mpi:ring calls=5083 work_total_ms=17742.238 work_mean_ms=3.491 work_min_ms=0.691 work_max_ms=35.064
[HOOK_TAIL_SUMMARY] label=mpi:ring steps=391 tail_total_ms=11272.192 tail_mean_ms=28.829 tail_min_ms=16.704 tail_max_ms=32.908
[Epoch 12] Hook timing summary done

[Epoch 13] Training... (lr=0.000552)
  Batch [50/391] Loss: 1.1236, Acc: 63.25%
  Batch [100/391] Loss: 1.1073, Acc: 64.06%
  Batch [150/391] Loss: 1.1209, Acc: 63.67%
  Batch [200/391] Loss: 1.1182, Acc: 63.70%
  Batch [250/391] Loss: 1.1082, Acc: 64.14%
  Batch [300/391] Loss: 1.1009, Acc: 64.47%
  Batch [350/391] Loss: 1.0938, Acc: 64.63%
[Epoch 13] Train Loss: 1.0895, Acc: 64.82%  |  Val Loss: 1.0463, Acc: 68.72%  |  Time: 27.1s
  -> Best model saved (68.72%)
[Epoch 13] Summarizing hook timing...

[HOOK_TIMING_SUMMARY] epoch=13
[HOOK_WORK_SUMMARY] label=mpi:ring calls=5083 work_total_ms=17747.715 work_mean_ms=3.492 work_min_ms=0.698 work_max_ms=31.603
[HOOK_TAIL_SUMMARY] label=mpi:ring steps=391 tail_total_ms=11273.065 tail_mean_ms=28.831 tail_min_ms=17.368 tail_max_ms=29.462
[Epoch 13] Hook timing summary done

[Epoch 14] Training... (lr=0.000448)
  Batch [50/391] Loss: 1.0430, Acc: 66.75%
  Batch [100/391] Loss: 1.0517, Acc: 65.69%
  Batch [150/391] Loss: 1.0500, Acc: 65.88%
  Batch [200/391] Loss: 1.0515, Acc: 65.84%
  Batch [250/391] Loss: 1.0530, Acc: 65.72%
  Batch [300/391] Loss: 1.0539, Acc: 65.80%
  Batch [350/391] Loss: 1.0543, Acc: 65.86%
[Epoch 14] Train Loss: 1.0497, Acc: 65.98%  |  Val Loss: 1.0069, Acc: 69.80%  |  Time: 27.3s
  -> Best model saved (69.80%)
[Epoch 14] Summarizing hook timing...

[HOOK_TIMING_SUMMARY] epoch=14
[HOOK_WORK_SUMMARY] label=mpi:ring calls=5083 work_total_ms=17654.614 work_mean_ms=3.473 work_min_ms=0.697 work_max_ms=31.887
[HOOK_TAIL_SUMMARY] label=mpi:ring steps=391 tail_total_ms=10820.626 tail_mean_ms=27.674 tail_min_ms=12.030 tail_max_ms=31.018
[Epoch 14] Hook timing summary done

[Epoch 15] Training... (lr=0.000345)
  Batch [50/391] Loss: 1.0083, Acc: 67.69%
  Batch [100/391] Loss: 1.0419, Acc: 66.19%
  Batch [150/391] Loss: 1.0406, Acc: 66.52%
  Batch [200/391] Loss: 1.0386, Acc: 66.42%
  Batch [250/391] Loss: 1.0355, Acc: 66.40%
  Batch [300/391] Loss: 1.0336, Acc: 66.35%
  Batch [350/391] Loss: 1.0283, Acc: 66.63%
[Epoch 15] Train Loss: 1.0240, Acc: 66.77%  |  Val Loss: 0.9810, Acc: 70.24%  |  Time: 27.1s
  -> Best model saved (70.24%)
[Epoch 15] Summarizing hook timing...

[HOOK_TIMING_SUMMARY] epoch=15
[HOOK_WORK_SUMMARY] label=mpi:ring calls=5083 work_total_ms=17399.607 work_mean_ms=3.423 work_min_ms=0.685 work_max_ms=30.861
[HOOK_TAIL_SUMMARY] label=mpi:ring steps=391 tail_total_ms=10635.679 tail_mean_ms=27.201 tail_min_ms=12.363 tail_max_ms=28.198
[Epoch 15] Hook timing summary done

[Epoch 16] Training... (lr=0.000250)
  Batch [50/391] Loss: 0.9805, Acc: 68.81%
  Batch [100/391] Loss: 1.0035, Acc: 67.59%
  Batch [150/391] Loss: 0.9985, Acc: 67.38%
  Batch [200/391] Loss: 1.0007, Acc: 67.38%
  Batch [250/391] Loss: 0.9929, Acc: 67.92%
  Batch [300/391] Loss: 0.9956, Acc: 67.94%
  Batch [350/391] Loss: 0.9883, Acc: 68.06%
[Epoch 16] Train Loss: 0.9843, Acc: 68.31%  |  Val Loss: 0.9548, Acc: 70.72%  |  Time: 27.2s
  -> Best model saved (70.72%)
[Epoch 16] Summarizing hook timing...

[HOOK_TIMING_SUMMARY] epoch=16
[HOOK_WORK_SUMMARY] label=mpi:ring calls=5083 work_total_ms=17925.249 work_mean_ms=3.527 work_min_ms=0.702 work_max_ms=32.181
[HOOK_TAIL_SUMMARY] label=mpi:ring steps=391 tail_total_ms=11454.314 tail_mean_ms=29.295 tail_min_ms=17.117 tail_max_ms=30.211
[Epoch 16] Hook timing summary done

[Epoch 17] Training... (lr=0.000165)
  Batch [50/391] Loss: 1.0066, Acc: 66.12%
  Batch [100/391] Loss: 0.9896, Acc: 67.19%
  Batch [150/391] Loss: 0.9874, Acc: 67.48%
  Batch [200/391] Loss: 0.9955, Acc: 67.20%
  Batch [250/391] Loss: 0.9864, Acc: 67.64%
  Batch [300/391] Loss: 0.9815, Acc: 67.99%
  Batch [350/391] Loss: 0.9802, Acc: 68.00%
[Epoch 17] Train Loss: 0.9813, Acc: 67.84%  |  Val Loss: 0.9471, Acc: 71.48%  |  Time: 27.0s
  -> Best model saved (71.48%)
[Epoch 17] Summarizing hook timing...

[HOOK_TIMING_SUMMARY] epoch=17
[HOOK_WORK_SUMMARY] label=mpi:ring calls=5083 work_total_ms=17584.299 work_mean_ms=3.459 work_min_ms=0.686 work_max_ms=31.738
[HOOK_TAIL_SUMMARY] label=mpi:ring steps=391 tail_total_ms=11104.801 tail_mean_ms=28.401 tail_min_ms=15.671 tail_max_ms=29.509
[Epoch 17] Hook timing summary done

[Epoch 18] Training... (lr=0.000095)
  Batch [50/391] Loss: 0.9950, Acc: 68.19%
  Batch [100/391] Loss: 0.9986, Acc: 67.56%
  Batch [150/391] Loss: 0.9866, Acc: 68.02%
  Batch [200/391] Loss: 0.9800, Acc: 68.03%
  Batch [250/391] Loss: 0.9841, Acc: 67.79%
  Batch [300/391] Loss: 0.9817, Acc: 68.00%
  Batch [350/391] Loss: 0.9809, Acc: 67.92%
[Epoch 18] Train Loss: 0.9779, Acc: 67.95%  |  Val Loss: 0.9556, Acc: 71.08%  |  Time: 27.5s
[Epoch 18] Summarizing hook timing...

[HOOK_TIMING_SUMMARY] epoch=18
[HOOK_WORK_SUMMARY] label=mpi:ring calls=5083 work_total_ms=17974.531 work_mean_ms=3.536 work_min_ms=0.686 work_max_ms=190.372
[HOOK_TAIL_SUMMARY] label=mpi:ring steps=391 tail_total_ms=11423.527 tail_mean_ms=29.216 tail_min_ms=9.810 tail_max_ms=249.419
[Epoch 18] Hook timing summary done

[Epoch 19] Training... (lr=0.000043)
  Batch [50/391] Loss: 0.9177, Acc: 70.50%
  Batch [100/391] Loss: 0.9407, Acc: 68.88%
  Batch [150/391] Loss: 0.9615, Acc: 68.67%
  Batch [200/391] Loss: 0.9686, Acc: 68.73%
  Batch [250/391] Loss: 0.9768, Acc: 68.15%
  Batch [300/391] Loss: 0.9773, Acc: 68.09%
  Batch [350/391] Loss: 0.9724, Acc: 68.29%
[Epoch 19] Train Loss: 0.9722, Acc: 68.50%  |  Val Loss: 0.9453, Acc: 70.92%  |  Time: 27.3s
[Epoch 19] Summarizing hook timing...

[HOOK_TIMING_SUMMARY] epoch=19
[HOOK_WORK_SUMMARY] label=mpi:ring calls=5083 work_total_ms=17615.814 work_mean_ms=3.466 work_min_ms=0.691 work_max_ms=51.049
[HOOK_TAIL_SUMMARY] label=mpi:ring steps=391 tail_total_ms=10940.177 tail_mean_ms=27.980 tail_min_ms=16.878 tail_max_ms=56.143
[Epoch 19] Hook timing summary done

[Epoch 20] Training... (lr=0.000011)
  Batch [50/391] Loss: 0.9494, Acc: 68.62%
  Batch [100/391] Loss: 0.9522, Acc: 68.66%
  Batch [150/391] Loss: 0.9526, Acc: 68.73%
  Batch [200/391] Loss: 0.9496, Acc: 69.08%
  Batch [250/391] Loss: 0.9546, Acc: 69.20%
  Batch [300/391] Loss: 0.9559, Acc: 69.17%
  Batch [350/391] Loss: 0.9640, Acc: 68.80%
[Epoch 20] Train Loss: 0.9650, Acc: 68.70%  |  Val Loss: 0.9375, Acc: 72.40%  |  Time: 27.2s
  -> Best model saved (72.40%)
[Epoch 20] Summarizing hook timing...

[HOOK_TIMING_SUMMARY] epoch=20
[HOOK_WORK_SUMMARY] label=mpi:ring calls=5083 work_total_ms=17851.519 work_mean_ms=3.512 work_min_ms=0.667 work_max_ms=31.978
[HOOK_TAIL_SUMMARY] label=mpi:ring steps=391 tail_total_ms=11343.891 tail_mean_ms=29.013 tail_min_ms=13.606 tail_max_ms=38.099
[Epoch 20] Hook timing summary done

================================================================================
Done in 565.8s | Best val acc: 72.40%
Epoch times: mean=27.3s  min=27.0s  max=28.6s
================================================================================
