
================================================================================
Distributed Training: RESNEXT101_32X8D on CIFAR10
Backend: MPI, Algorithm: recursive_doubling_zfp_naive
================================================================================
Ranks: 4, Epochs: 20, Batch/rank: 32, Effective batch: 128
LR: 0.001, Device: cuda:0

[Setup] Model on cuda:0, wrapped in DDP (static_graph=True)
[Setup] Hook registered: mpi/recursive_doubling_zfp_naive
[Data] Train batches: 391, Val batches: 79


[Epoch 1] Training... (lr=0.000001)
  Batch [50/391] Loss: 2.3163, Acc: 10.38%
  Batch [100/391] Loss: 2.3122, Acc: 10.53%
  Batch [150/391] Loss: 2.3103, Acc: 10.69%
  Batch [200/391] Loss: 2.3114, Acc: 10.44%
  Batch [250/391] Loss: 2.3099, Acc: 10.76%
  Batch [300/391] Loss: 2.3099, Acc: 10.68%
  Batch [350/391] Loss: 2.3099, Acc: 10.63%
[Epoch 1] Train Loss: 2.3106, Acc: 10.74%  |  Val Loss: 2.3158, Acc: 10.04%  |  Time: 33.4s
  -> Best model saved (10.04%)
[Epoch 1] Summarizing hook timing...

[HOOK_TIMING_SUMMARY] epoch=1
[HOOK_WORK_SUMMARY] label=mpi:recursive_doubling_zfp_naive:rate16 calls=5059 work_total_ms=21870.336 work_mean_ms=4.323 work_min_ms=0.771 work_max_ms=33.130
[HOOK_TAIL_SUMMARY] label=mpi:recursive_doubling_zfp_naive:rate16 steps=392 tail_total_ms=14924.982 tail_mean_ms=38.074 tail_min_ms=10.468 tail_max_ms=138.786
[Epoch 1] Hook timing summary done

[Epoch 2] Training... (lr=0.000201)
  Batch [50/391] Loss: 2.3133, Acc: 11.06%
  Batch [100/391] Loss: 2.3095, Acc: 11.50%
  Batch [150/391] Loss: 2.3072, Acc: 11.65%
  Batch [200/391] Loss: 2.3031, Acc: 12.11%
  Batch [250/391] Loss: 2.3006, Acc: 12.39%
  Batch [300/391] Loss: 2.2993, Acc: 12.46%
  Batch [350/391] Loss: 2.2963, Acc: 12.70%
[Epoch 2] Train Loss: 2.2944, Acc: 12.90%  |  Val Loss: 2.2798, Acc: 16.44%  |  Time: 31.9s
  -> Best model saved (16.44%)
[Epoch 2] Summarizing hook timing...

[HOOK_TIMING_SUMMARY] epoch=2
[HOOK_WORK_SUMMARY] label=mpi:recursive_doubling_zfp_naive:rate16 calls=5083 work_total_ms=21993.777 work_mean_ms=4.327 work_min_ms=0.759 work_max_ms=31.383
[HOOK_TAIL_SUMMARY] label=mpi:recursive_doubling_zfp_naive:rate16 steps=391 tail_total_ms=15033.277 tail_mean_ms=38.448 tail_min_ms=27.100 tail_max_ms=40.520
[Epoch 2] Hook timing summary done

[Epoch 3] Training... (lr=0.000401)
  Batch [50/391] Loss: 2.2773, Acc: 14.38%
  Batch [100/391] Loss: 2.2748, Acc: 15.22%
  Batch [150/391] Loss: 2.2719, Acc: 15.52%
  Batch [200/391] Loss: 2.2684, Acc: 15.83%
  Batch [250/391] Loss: 2.2624, Acc: 16.85%
  Batch [300/391] Loss: 2.2578, Acc: 17.45%
  Batch [350/391] Loss: 2.2544, Acc: 17.93%
[Epoch 3] Train Loss: 2.2509, Acc: 18.36%  |  Val Loss: 2.2120, Acc: 23.84%  |  Time: 31.8s
  -> Best model saved (23.84%)
[Epoch 3] Summarizing hook timing...

[HOOK_TIMING_SUMMARY] epoch=3
[HOOK_WORK_SUMMARY] label=mpi:recursive_doubling_zfp_naive:rate16 calls=5083 work_total_ms=21950.753 work_mean_ms=4.318 work_min_ms=0.753 work_max_ms=31.622
[HOOK_TAIL_SUMMARY] label=mpi:recursive_doubling_zfp_naive:rate16 steps=391 tail_total_ms=15006.566 tail_mean_ms=38.380 tail_min_ms=26.466 tail_max_ms=40.652
[Epoch 3] Hook timing summary done

[Epoch 4] Training... (lr=0.000600)
  Batch [50/391] Loss: 2.2153, Acc: 24.12%
  Batch [100/391] Loss: 2.2069, Acc: 24.16%
  Batch [150/391] Loss: 2.1984, Acc: 25.06%
  Batch [200/391] Loss: 2.1917, Acc: 25.83%
  Batch [250/391] Loss: 2.1843, Acc: 26.36%
  Batch [300/391] Loss: 2.1770, Acc: 27.10%
  Batch [350/391] Loss: 2.1710, Acc: 27.48%
[Epoch 4] Train Loss: 2.1658, Acc: 27.66%  |  Val Loss: 2.1032, Acc: 32.80%  |  Time: 31.8s
  -> Best model saved (32.80%)
[Epoch 4] Summarizing hook timing...

[HOOK_TIMING_SUMMARY] epoch=4
[HOOK_WORK_SUMMARY] label=mpi:recursive_doubling_zfp_naive:rate16 calls=5083 work_total_ms=21741.844 work_mean_ms=4.277 work_min_ms=0.753 work_max_ms=31.055
[HOOK_TAIL_SUMMARY] label=mpi:recursive_doubling_zfp_naive:rate16 steps=391 tail_total_ms=14795.289 tail_mean_ms=37.840 tail_min_ms=26.140 tail_max_ms=38.956
[Epoch 4] Hook timing summary done

[Epoch 5] Training... (lr=0.000800)
  Batch [50/391] Loss: 2.1068, Acc: 31.88%
  Batch [100/391] Loss: 2.0950, Acc: 33.47%
  Batch [150/391] Loss: 2.0834, Acc: 33.85%
  Batch [200/391] Loss: 2.0718, Acc: 34.28%
  Batch [250/391] Loss: 2.0667, Acc: 34.39%
  Batch [300/391] Loss: 2.0580, Acc: 34.53%
  Batch [350/391] Loss: 2.0503, Acc: 34.87%
[Epoch 5] Train Loss: 2.0408, Acc: 35.44%  |  Val Loss: 1.9531, Acc: 41.12%  |  Time: 31.8s
  -> Best model saved (41.12%)
[Epoch 5] Summarizing hook timing...

[HOOK_TIMING_SUMMARY] epoch=5
[HOOK_WORK_SUMMARY] label=mpi:recursive_doubling_zfp_naive:rate16 calls=5083 work_total_ms=22136.098 work_mean_ms=4.355 work_min_ms=0.752 work_max_ms=31.812
[HOOK_TAIL_SUMMARY] label=mpi:recursive_doubling_zfp_naive:rate16 steps=391 tail_total_ms=15387.885 tail_mean_ms=39.355 tail_min_ms=29.010 tail_max_ms=41.298
[Epoch 5] Hook timing summary done

[Epoch 6] Training... (lr=0.001000)
  Batch [50/391] Loss: 1.9589, Acc: 38.38%
  Batch [100/391] Loss: 1.9538, Acc: 38.09%
  Batch [150/391] Loss: 1.9379, Acc: 38.71%
  Batch [200/391] Loss: 1.9276, Acc: 39.39%
  Batch [250/391] Loss: 1.9152, Acc: 40.11%
  Batch [300/391] Loss: 1.9038, Acc: 40.61%
  Batch [350/391] Loss: 1.8930, Acc: 40.91%
[Epoch 6] Train Loss: 1.8848, Acc: 41.34%  |  Val Loss: 1.7791, Acc: 46.16%  |  Time: 31.9s
  -> Best model saved (46.16%)
[Epoch 6] Summarizing hook timing...

[HOOK_TIMING_SUMMARY] epoch=6
[HOOK_WORK_SUMMARY] label=mpi:recursive_doubling_zfp_naive:rate16 calls=5083 work_total_ms=21741.887 work_mean_ms=4.277 work_min_ms=0.751 work_max_ms=31.096
[HOOK_TAIL_SUMMARY] label=mpi:recursive_doubling_zfp_naive:rate16 steps=391 tail_total_ms=14933.188 tail_mean_ms=38.192 tail_min_ms=27.587 tail_max_ms=39.215
[Epoch 6] Hook timing summary done

[Epoch 7] Training... (lr=0.000989)
  Batch [50/391] Loss: 1.8088, Acc: 43.38%
  Batch [100/391] Loss: 1.7898, Acc: 44.62%
  Batch [150/391] Loss: 1.7675, Acc: 45.83%
  Batch [200/391] Loss: 1.7567, Acc: 46.20%
  Batch [250/391] Loss: 1.7411, Acc: 46.50%
  Batch [300/391] Loss: 1.7274, Acc: 46.91%
  Batch [350/391] Loss: 1.7185, Acc: 47.26%
[Epoch 7] Train Loss: 1.7127, Acc: 47.25%  |  Val Loss: 1.6228, Acc: 51.92%  |  Time: 31.8s
  -> Best model saved (51.92%)
[Epoch 7] Summarizing hook timing...

[HOOK_TIMING_SUMMARY] epoch=7
[HOOK_WORK_SUMMARY] label=mpi:recursive_doubling_zfp_naive:rate16 calls=5083 work_total_ms=21736.102 work_mean_ms=4.276 work_min_ms=0.753 work_max_ms=31.101
[HOOK_TAIL_SUMMARY] label=mpi:recursive_doubling_zfp_naive:rate16 steps=391 tail_total_ms=14884.518 tail_mean_ms=38.068 tail_min_ms=27.311 tail_max_ms=42.397
[Epoch 7] Hook timing summary done

[Epoch 8] Training... (lr=0.000957)
  Batch [50/391] Loss: 1.6269, Acc: 48.56%
  Batch [100/391] Loss: 1.6181, Acc: 49.59%
  Batch [150/391] Loss: 1.6086, Acc: 49.40%
  Batch [200/391] Loss: 1.5943, Acc: 50.23%
  Batch [250/391] Loss: 1.5821, Acc: 50.71%
  Batch [300/391] Loss: 1.5721, Acc: 50.93%
  Batch [350/391] Loss: 1.5669, Acc: 50.88%
[Epoch 8] Train Loss: 1.5612, Acc: 51.03%  |  Val Loss: 1.4646, Acc: 56.52%  |  Time: 31.7s
  -> Best model saved (56.52%)
[Epoch 8] Summarizing hook timing...

[HOOK_TIMING_SUMMARY] epoch=8
[HOOK_WORK_SUMMARY] label=mpi:recursive_doubling_zfp_naive:rate16 calls=5083 work_total_ms=21923.556 work_mean_ms=4.313 work_min_ms=0.770 work_max_ms=31.057
[HOOK_TAIL_SUMMARY] label=mpi:recursive_doubling_zfp_naive:rate16 steps=391 tail_total_ms=14983.660 tail_mean_ms=38.321 tail_min_ms=26.997 tail_max_ms=40.360
[Epoch 8] Hook timing summary done

[Epoch 9] Training... (lr=0.000905)
  Batch [50/391] Loss: 1.4832, Acc: 53.12%
  Batch [100/391] Loss: 1.4766, Acc: 53.69%
  Batch [150/391] Loss: 1.4618, Acc: 54.73%
  Batch [200/391] Loss: 1.4626, Acc: 54.56%
  Batch [250/391] Loss: 1.4541, Acc: 54.54%
  Batch [300/391] Loss: 1.4418, Acc: 54.81%
  Batch [350/391] Loss: 1.4316, Acc: 54.96%
[Epoch 9] Train Loss: 1.4232, Acc: 55.26%  |  Val Loss: 1.3529, Acc: 59.64%  |  Time: 31.8s
  -> Best model saved (59.64%)
[Epoch 9] Summarizing hook timing...

[HOOK_TIMING_SUMMARY] epoch=9
[HOOK_WORK_SUMMARY] label=mpi:recursive_doubling_zfp_naive:rate16 calls=5083 work_total_ms=21933.575 work_mean_ms=4.315 work_min_ms=0.746 work_max_ms=32.241
[HOOK_TAIL_SUMMARY] label=mpi:recursive_doubling_zfp_naive:rate16 steps=391 tail_total_ms=15236.521 tail_mean_ms=38.968 tail_min_ms=29.215 tail_max_ms=40.561
[Epoch 9] Hook timing summary done

[Epoch 10] Training... (lr=0.000835)
  Batch [50/391] Loss: 1.3174, Acc: 59.88%
  Batch [100/391] Loss: 1.3381, Acc: 58.00%
  Batch [150/391] Loss: 1.3413, Acc: 57.69%
  Batch [200/391] Loss: 1.3351, Acc: 57.92%
  Batch [250/391] Loss: 1.3314, Acc: 58.10%
  Batch [300/391] Loss: 1.3192, Acc: 58.67%
  Batch [350/391] Loss: 1.3107, Acc: 58.88%
[Epoch 10] Train Loss: 1.3033, Acc: 59.14%  |  Val Loss: 1.2468, Acc: 63.20%  |  Time: 31.6s
  -> Best model saved (63.20%)
[Epoch 10] Summarizing hook timing...

[HOOK_TIMING_SUMMARY] epoch=10
[HOOK_WORK_SUMMARY] label=mpi:recursive_doubling_zfp_naive:rate16 calls=5083 work_total_ms=21876.958 work_mean_ms=4.304 work_min_ms=0.758 work_max_ms=31.512
[HOOK_TAIL_SUMMARY] label=mpi:recursive_doubling_zfp_naive:rate16 steps=391 tail_total_ms=15276.502 tail_mean_ms=39.070 tail_min_ms=28.844 tail_max_ms=40.145
[Epoch 10] Hook timing summary done

[Epoch 11] Training... (lr=0.000750)
  Batch [50/391] Loss: 1.2394, Acc: 61.56%
  Batch [100/391] Loss: 1.2430, Acc: 60.59%
  Batch [150/391] Loss: 1.2422, Acc: 60.44%
  Batch [200/391] Loss: 1.2497, Acc: 59.84%
  Batch [250/391] Loss: 1.2378, Acc: 60.45%
  Batch [300/391] Loss: 1.2323, Acc: 60.61%
  Batch [350/391] Loss: 1.2222, Acc: 60.88%
[Epoch 11] Train Loss: 1.2187, Acc: 60.94%  |  Val Loss: 1.1725, Acc: 64.28%  |  Time: 31.8s
  -> Best model saved (64.28%)
[Epoch 11] Summarizing hook timing...

[HOOK_TIMING_SUMMARY] epoch=11
[HOOK_WORK_SUMMARY] label=mpi:recursive_doubling_zfp_naive:rate16 calls=5083 work_total_ms=21674.499 work_mean_ms=4.264 work_min_ms=0.752 work_max_ms=31.337
[HOOK_TAIL_SUMMARY] label=mpi:recursive_doubling_zfp_naive:rate16 steps=391 tail_total_ms=14903.553 tail_mean_ms=38.117 tail_min_ms=27.005 tail_max_ms=39.119
[Epoch 11] Hook timing summary done

[Epoch 12] Training... (lr=0.000655)
  Batch [50/391] Loss: 1.1577, Acc: 64.44%
  Batch [100/391] Loss: 1.1751, Acc: 62.25%
  Batch [150/391] Loss: 1.1753, Acc: 61.98%
  Batch [200/391] Loss: 1.1660, Acc: 62.31%
  Batch [250/391] Loss: 1.1556, Acc: 62.75%
  Batch [300/391] Loss: 1.1550, Acc: 62.77%
  Batch [350/391] Loss: 1.1563, Acc: 62.71%
[Epoch 12] Train Loss: 1.1520, Acc: 62.78%  |  Val Loss: 1.0987, Acc: 67.68%  |  Time: 31.9s
  -> Best model saved (67.68%)
[Epoch 12] Summarizing hook timing...

[HOOK_TIMING_SUMMARY] epoch=12
[HOOK_WORK_SUMMARY] label=mpi:recursive_doubling_zfp_naive:rate16 calls=5083 work_total_ms=21849.086 work_mean_ms=4.298 work_min_ms=0.756 work_max_ms=31.032
[HOOK_TAIL_SUMMARY] label=mpi:recursive_doubling_zfp_naive:rate16 steps=391 tail_total_ms=15046.069 tail_mean_ms=38.481 tail_min_ms=27.463 tail_max_ms=39.969
[Epoch 12] Hook timing summary done

[Epoch 13] Training... (lr=0.000552)
  Batch [50/391] Loss: 1.1160, Acc: 63.56%
  Batch [100/391] Loss: 1.1013, Acc: 64.59%
  Batch [150/391] Loss: 1.1153, Acc: 64.25%
  Batch [200/391] Loss: 1.1124, Acc: 64.25%
  Batch [250/391] Loss: 1.1048, Acc: 64.54%
  Batch [300/391] Loss: 1.0994, Acc: 65.00%
  Batch [350/391] Loss: 1.0914, Acc: 65.21%
[Epoch 13] Train Loss: 1.0870, Acc: 65.26%  |  Val Loss: 1.0460, Acc: 68.00%  |  Time: 31.9s
  -> Best model saved (68.00%)
[Epoch 13] Summarizing hook timing...

[HOOK_TIMING_SUMMARY] epoch=13
[HOOK_WORK_SUMMARY] label=mpi:recursive_doubling_zfp_naive:rate16 calls=5083 work_total_ms=22115.702 work_mean_ms=4.351 work_min_ms=0.744 work_max_ms=31.444
[HOOK_TAIL_SUMMARY] label=mpi:recursive_doubling_zfp_naive:rate16 steps=391 tail_total_ms=15622.932 tail_mean_ms=39.956 tail_min_ms=26.338 tail_max_ms=48.099
[Epoch 13] Hook timing summary done

[Epoch 14] Training... (lr=0.000448)
  Batch [50/391] Loss: 1.0134, Acc: 67.56%
  Batch [100/391] Loss: 1.0359, Acc: 66.59%
  Batch [150/391] Loss: 1.0386, Acc: 66.65%
  Batch [200/391] Loss: 1.0411, Acc: 66.78%
  Batch [250/391] Loss: 1.0437, Acc: 66.51%
  Batch [300/391] Loss: 1.0434, Acc: 66.53%
  Batch [350/391] Loss: 1.0423, Acc: 66.57%
[Epoch 14] Train Loss: 1.0385, Acc: 66.82%  |  Val Loss: 1.0024, Acc: 70.12%  |  Time: 31.9s
  -> Best model saved (70.12%)
[Epoch 14] Summarizing hook timing...

[HOOK_TIMING_SUMMARY] epoch=14
[HOOK_WORK_SUMMARY] label=mpi:recursive_doubling_zfp_naive:rate16 calls=5083 work_total_ms=21829.168 work_mean_ms=4.295 work_min_ms=0.745 work_max_ms=31.668
[HOOK_TAIL_SUMMARY] label=mpi:recursive_doubling_zfp_naive:rate16 steps=391 tail_total_ms=15011.466 tail_mean_ms=38.392 tail_min_ms=27.295 tail_max_ms=40.437
[Epoch 14] Hook timing summary done

[Epoch 15] Training... (lr=0.000345)
  Batch [50/391] Loss: 0.9891, Acc: 67.06%
  Batch [100/391] Loss: 1.0235, Acc: 66.44%
  Batch [150/391] Loss: 1.0294, Acc: 66.52%
  Batch [200/391] Loss: 1.0298, Acc: 66.16%
  Batch [250/391] Loss: 1.0267, Acc: 66.39%
  Batch [300/391] Loss: 1.0241, Acc: 66.49%
  Batch [350/391] Loss: 1.0194, Acc: 66.77%
[Epoch 15] Train Loss: 1.0144, Acc: 66.94%  |  Val Loss: 0.9813, Acc: 70.04%  |  Time: 31.8s
[Epoch 15] Summarizing hook timing...

[HOOK_TIMING_SUMMARY] epoch=15
[HOOK_WORK_SUMMARY] label=mpi:recursive_doubling_zfp_naive:rate16 calls=5083 work_total_ms=21929.958 work_mean_ms=4.314 work_min_ms=0.741 work_max_ms=31.206
[HOOK_TAIL_SUMMARY] label=mpi:recursive_doubling_zfp_naive:rate16 steps=391 tail_total_ms=15267.210 tail_mean_ms=39.047 tail_min_ms=26.510 tail_max_ms=40.487
[Epoch 15] Hook timing summary done

[Epoch 16] Training... (lr=0.000250)
  Batch [50/391] Loss: 0.9788, Acc: 69.12%
  Batch [100/391] Loss: 0.9959, Acc: 68.41%
  Batch [150/391] Loss: 0.9947, Acc: 67.85%
  Batch [200/391] Loss: 0.9923, Acc: 68.08%
  Batch [250/391] Loss: 0.9861, Acc: 68.35%
  Batch [300/391] Loss: 0.9868, Acc: 68.26%
  Batch [350/391] Loss: 0.9818, Acc: 68.28%
[Epoch 16] Train Loss: 0.9789, Acc: 68.35%  |  Val Loss: 0.9452, Acc: 71.64%  |  Time: 31.8s
  -> Best model saved (71.64%)
[Epoch 16] Summarizing hook timing...

[HOOK_TIMING_SUMMARY] epoch=16
[HOOK_WORK_SUMMARY] label=mpi:recursive_doubling_zfp_naive:rate16 calls=5083 work_total_ms=21704.002 work_mean_ms=4.270 work_min_ms=0.766 work_max_ms=31.039
[HOOK_TAIL_SUMMARY] label=mpi:recursive_doubling_zfp_naive:rate16 steps=391 tail_total_ms=14653.665 tail_mean_ms=37.477 tail_min_ms=26.476 tail_max_ms=44.757
[Epoch 16] Hook timing summary done

[Epoch 17] Training... (lr=0.000165)
  Batch [50/391] Loss: 0.9851, Acc: 67.69%
  Batch [100/391] Loss: 0.9716, Acc: 68.34%
  Batch [150/391] Loss: 0.9781, Acc: 67.83%
  Batch [200/391] Loss: 0.9846, Acc: 67.48%
  Batch [250/391] Loss: 0.9752, Acc: 67.97%
  Batch [300/391] Loss: 0.9724, Acc: 68.23%
  Batch [350/391] Loss: 0.9700, Acc: 68.24%
[Epoch 17] Train Loss: 0.9689, Acc: 68.13%  |  Val Loss: 0.9343, Acc: 71.56%  |  Time: 32.1s
[Epoch 17] Summarizing hook timing...

[HOOK_TIMING_SUMMARY] epoch=17
[HOOK_WORK_SUMMARY] label=mpi:recursive_doubling_zfp_naive:rate16 calls=5083 work_total_ms=21677.405 work_mean_ms=4.265 work_min_ms=0.746 work_max_ms=31.178
[HOOK_TAIL_SUMMARY] label=mpi:recursive_doubling_zfp_naive:rate16 steps=391 tail_total_ms=14869.463 tail_mean_ms=38.029 tail_min_ms=27.200 tail_max_ms=40.295
[Epoch 17] Hook timing summary done

[Epoch 18] Training... (lr=0.000095)
  Batch [50/391] Loss: 0.9912, Acc: 68.06%
  Batch [100/391] Loss: 0.9865, Acc: 67.84%
  Batch [150/391] Loss: 0.9709, Acc: 68.38%
  Batch [200/391] Loss: 0.9648, Acc: 68.48%
  Batch [250/391] Loss: 0.9695, Acc: 68.47%
  Batch [300/391] Loss: 0.9700, Acc: 68.43%
  Batch [350/391] Loss: 0.9703, Acc: 68.27%
[Epoch 18] Train Loss: 0.9675, Acc: 68.29%  |  Val Loss: 0.9478, Acc: 70.64%  |  Time: 31.9s
[Epoch 18] Summarizing hook timing...

[HOOK_TIMING_SUMMARY] epoch=18
[HOOK_WORK_SUMMARY] label=mpi:recursive_doubling_zfp_naive:rate16 calls=5083 work_total_ms=21730.866 work_mean_ms=4.275 work_min_ms=0.750 work_max_ms=31.155
[HOOK_TAIL_SUMMARY] label=mpi:recursive_doubling_zfp_naive:rate16 steps=391 tail_total_ms=14919.000 tail_mean_ms=38.156 tail_min_ms=27.370 tail_max_ms=39.039
[Epoch 18] Hook timing summary done

[Epoch 19] Training... (lr=0.000043)
  Batch [50/391] Loss: 0.9139, Acc: 71.50%
  Batch [100/391] Loss: 0.9360, Acc: 69.41%
  Batch [150/391] Loss: 0.9571, Acc: 68.94%
  Batch [200/391] Loss: 0.9636, Acc: 68.56%
  Batch [250/391] Loss: 0.9703, Acc: 68.09%
  Batch [300/391] Loss: 0.9694, Acc: 68.17%
  Batch [350/391] Loss: 0.9653, Acc: 68.30%
[Epoch 19] Train Loss: 0.9645, Acc: 68.37%  |  Val Loss: 0.9337, Acc: 71.64%  |  Time: 31.9s
[Epoch 19] Summarizing hook timing...

[HOOK_TIMING_SUMMARY] epoch=19
[HOOK_WORK_SUMMARY] label=mpi:recursive_doubling_zfp_naive:rate16 calls=5083 work_total_ms=22116.935 work_mean_ms=4.351 work_min_ms=0.756 work_max_ms=31.558
[HOOK_TAIL_SUMMARY] label=mpi:recursive_doubling_zfp_naive:rate16 steps=391 tail_total_ms=15230.409 tail_mean_ms=38.952 tail_min_ms=27.974 tail_max_ms=39.740
[Epoch 19] Hook timing summary done

[Epoch 20] Training... (lr=0.000011)
  Batch [50/391] Loss: 0.9467, Acc: 68.38%
  Batch [100/391] Loss: 0.9429, Acc: 68.88%
  Batch [150/391] Loss: 0.9455, Acc: 68.88%
  Batch [200/391] Loss: 0.9398, Acc: 69.28%
  Batch [250/391] Loss: 0.9451, Acc: 68.99%
  Batch [300/391] Loss: 0.9441, Acc: 69.27%
  Batch [350/391] Loss: 0.9523, Acc: 68.92%
[Epoch 20] Train Loss: 0.9539, Acc: 68.84%  |  Val Loss: 0.9267, Acc: 72.32%  |  Time: 31.9s
  -> Best model saved (72.32%)
[Epoch 20] Summarizing hook timing...

[HOOK_TIMING_SUMMARY] epoch=20
[HOOK_WORK_SUMMARY] label=mpi:recursive_doubling_zfp_naive:rate16 calls=5083 work_total_ms=21845.283 work_mean_ms=4.298 work_min_ms=0.761 work_max_ms=31.140
[HOOK_TAIL_SUMMARY] label=mpi:recursive_doubling_zfp_naive:rate16 steps=391 tail_total_ms=15024.483 tail_mean_ms=38.426 tail_min_ms=27.675 tail_max_ms=45.993
[Epoch 20] Hook timing summary done

================================================================================
Done in 656.8s | Best val acc: 72.32%
Epoch times: mean=31.9s  min=31.6s  max=33.4s
================================================================================
