=== Job started: Fri Jul 31 10:21:08 AM EDT 2026 ===
=== Node: frontier05956 ===
=== Copying golden cache from Lustre to local NVMe on  frontier07031  ===
=== Copying golden cache from Lustre to local NVMe on  frontier06627  ===
=== Copying golden cache from Lustre to local NVMe on  frontier07037  ===
=== Copying golden cache from Lustre to local NVMe on  frontier05956  ===
Using ENV_TARBALL=/lustre/orion/gen243/proj-shared/matilderestelli/pytorch/conda_env_torch_vision_20260701_hipfix.tar.gz
Using ENV_DIR=/mnt/bb/matilderestelli/torch_env
Deactivating conda environments
Deactivating conda environments
Deactivating conda environments
Deactivating conda environments
PyTorch: 2.14.0a0
Location: /mnt/bb/matilderestelli/torch_env/lib/python3.10/site-packages/torch/__init__.py
HIP available: True gpus: 8
MPI available: True
Deactivating conda environments
Deactivating conda environments
Deactivating conda environments
Deactivating conda environments
Deactivating conda environments
Deactivating conda environments
Deactivating conda environments
Deactivating conda environments
python 3.10.20 | packaged by conda-forge | (main, Jun 11 2026, 03:31:56) [GCC 14.3.0]
torchvision._C spec: ModuleSpec(name='torchvision._C', loader=<_frozen_importlib_external.ExtensionFileLoader object at 0x7fffed4c7d00>, origin='/mnt/bb/matilderestelli/torch_env/lib/python3.10/site-packages/torchvision/_C.so')
origin: /mnt/bb/matilderestelli/torch_env/lib/python3.10/site-packages/torchvision/_C.so
python 3.10.20 | packaged by conda-forge | (main, Jun 11 2026, 03:31:56) [GCC 14.3.0]
torchvision._C spec: ModuleSpec(name='torchvision._C', loader=<_frozen_importlib_external.ExtensionFileLoader object at 0x7ffee4ac6d10>, origin='/mnt/bb/matilderestelli/torch_env/lib/python3.10/site-packages/torchvision/_C.so')
origin: /mnt/bb/matilderestelli/torch_env/lib/python3.10/site-packages/torchvision/_C.so
python 3.10.20 | packaged by conda-forge | (main, Jun 11 2026, 03:31:56) [GCC 14.3.0]
torchvision._C spec: ModuleSpec(name='torchvision._C', loader=<_frozen_importlib_external.ExtensionFileLoader object at 0x7fffed4c7d30>, origin='/mnt/bb/matilderestelli/torch_env/lib/python3.10/site-packages/torchvision/_C.so')
origin: /mnt/bb/matilderestelli/torch_env/lib/python3.10/site-packages/torchvision/_C.so
python 3.10.20 | packaged by conda-forge | (main, Jun 11 2026, 03:31:56) [GCC 14.3.0]
torchvision._C spec: ModuleSpec(name='torchvision._C', loader=<_frozen_importlib_external.ExtensionFileLoader object at 0x7fffed4c7d00>, origin='/mnt/bb/matilderestelli/torch_env/lib/python3.10/site-packages/torchvision/_C.so')
origin: /mnt/bb/matilderestelli/torch_env/lib/python3.10/site-packages/torchvision/_C.so
python 3.10.20 | packaged by conda-forge | (main, Jun 11 2026, 03:31:56) [GCC 14.3.0]
torchvision._C spec: ModuleSpec(name='torchvision._C', loader=<_frozen_importlib_external.ExtensionFileLoader object at 0x7ffee4c0aa40>, origin='/mnt/bb/matilderestelli/torch_env/lib/python3.10/site-packages/torchvision/_C.so')
origin: /mnt/bb/matilderestelli/torch_env/lib/python3.10/site-packages/torchvision/_C.so
python 3.10.20 | packaged by conda-forge | (main, Jun 11 2026, 03:31:56) [GCC 14.3.0]
torchvision._C spec: ModuleSpec(name='torchvision._C', loader=<_frozen_importlib_external.ExtensionFileLoader object at 0x7fffed4c7d30>, origin='/mnt/bb/matilderestelli/torch_env/lib/python3.10/site-packages/torchvision/_C.so')
origin: /mnt/bb/matilderestelli/torch_env/lib/python3.10/site-packages/torchvision/_C.so
python 3.10.20 | packaged by conda-forge | (main, Jun 11 2026, 03:31:56) [GCC 14.3.0]
torchvision._C spec: ModuleSpec(name='torchvision._C', loader=<_frozen_importlib_external.ExtensionFileLoader object at 0x7ffee918bf40>, origin='/mnt/bb/matilderestelli/torch_env/lib/python3.10/site-packages/torchvision/_C.so')
origin: /mnt/bb/matilderestelli/torch_env/lib/python3.10/site-packages/torchvision/_C.so
python 3.10.20 | packaged by conda-forge | (main, Jun 11 2026, 03:31:56) [GCC 14.3.0]
torchvision._C spec: ModuleSpec(name='torchvision._C', loader=<_frozen_importlib_external.ExtensionFileLoader object at 0x7fffed4c7d30>, origin='/mnt/bb/matilderestelli/torch_env/lib/python3.10/site-packages/torchvision/_C.so')
origin: /mnt/bb/matilderestelli/torch_env/lib/python3.10/site-packages/torchvision/_C.so
-rwxr-xr-x 1 matilderestelli matilderestelli 1495168 Jun 26 11:13 /mnt/bb/matilderestelli/torch_env/lib/python3.10/site-packages/torchvision/_C.so
torchvision package dir: /mnt/bb/matilderestelli/torch_env/lib/python3.10/site-packages/torchvision
C candidates: [PosixPath('/mnt/bb/matilderestelli/torch_env/lib/python3.10/site-packages/torchvision/_C.so')]
=== Starting: model=wide_resnet50_2, ws=8, bs=8, gb=64, lr=0.05, sched=cosine, warmup=0, epochs=5, mom=0.9, wd=5e-4, nesterov=true, wd_bn_bias=false, backend=mpi, hook=ring_zfp_online_coll, zfp=8 at Fri Jul 31 10:22:01 AM EDT 2026 ===
MIOPEN_USER_DB_PATH=/mnt/bb/matilderestelli/miopen_cache_5126430/miopen_db
MIOPEN_CUSTOM_CACHE_DIR=/mnt/bb/matilderestelli/miopen_cache_5126430/kernel_cache
drwxr-sr-x 2 matilderestelli gen243 103 Jul 14 05:38 /mnt/bb/matilderestelli/miopen_cache_5126430/miopen_db
==== GPU visibility debug (batch shell) ====
frontier05956
ROCR_VISIBLE_DEVICES=0,1,2,3,4,5,6,7
SLURM_JOB_GPUS=0,1,2,3,4,5,6,7
[37mROCk module version 6.16.13 is loaded[0m
=====================    
HSA System Attributes    
=====================    
Runtime Version:         1.18
Runtime Ext Version:     1.14
System Timestamp Freq.:  1000.000000MHz
Sig. Max Wait Duration:  18446744073709551615 (0xFFFFFFFFFFFFFFFF) (timestamp count)
Machine Model:           LARGE                              
System Endianness:       LITTLE                             
Mwaitx:                  DISABLED
XNACK enabled:           NO
DMAbuf Support:          YES
VMM Support:             YES

==========               
HSA Agents               
==========               
*******                  
Agent 1                  
*******                  
  Name:                    AMD EPYC 7A53 64-Core Processor    
  Uuid:                    CPU-XX                             
  Marketing Name:          AMD EPYC 7A53 64-Core Processor    
  Vendor Name:             CPU                                
  Feature:                 None specified                     
  Profile:                 FULL_PROFILE                       
  Float Round Mode:        NEAR                               
  Max Queue Number:        0(0x0)                             
  Queue Min Size:          0(0x0)                             

================================================================================
DISTRIBUTED TRAINING LAUNCHER
================================================================================
  Model:      wide_resnet50_2 (CIFAR stem) (from scratch)
  Dataset:    cifar10 (10 classes)
  Image size: 32
  LR:         0.05
  Momentum:   0.9 (nesterov=True)
  Optimizer:  sgd
  Weight dec: 0.0005 (on BN/bias=False)
  Backend:    mpi
  Algorithm:  ring_zfp_online_coll
  ZFP rate:   8
  Epochs:     5
  Batch/rank: 8
  LR:         0.05
  Scheduler:  cosine

================================================================================
DISTRIBUTED TRAINING LAUNCHER
================================================================================
  Model:      wide_resnet50_2 (CIFAR stem) (from scratch)
  Dataset:    cifar10 (10 classes)
  Image size: 32
  LR:         0.05
  Momentum:   0.9 (nesterov=True)
  Optimizer:  sgd
  Weight dec: 0.0005 (on BN/bias=False)
  Backend:    mpi
  Algorithm:  ring_zfp_online_coll
  ZFP rate:   8
  Epochs:     5
  Batch/rank: 8
  LR:         0.05
  Scheduler:  cosine
  Warmup:     0
  Grad clip:  None
  Drop last:  True
  Data dir:   ./data
================================================================================


================================================================================
DISTRIBUTED TRAINING LAUNCHER
================================================================================
  Model:      wide_resnet50_2 (CIFAR stem) (from scratch)
  Dataset:    cifar10 (10 classes)
  Image size: 32
  LR:         0.05
  Momentum:   0.9 (nesterov=True)
  Optimizer:  sgd
  Weight dec: 0.0005 (on BN/bias=False)
  Backend:    mpi
  Algorithm:  ring_zfp_online_coll
  ZFP rate:   8
  Epochs:     5
  Batch/rank: 8
  LR:         0.05
  Scheduler:  cosine
  Warmup:     0
  Grad clip:  None
  Drop last:  True
  Data dir:   ./data
  Warmup:     0
  Grad clip:  None
  Drop last:  True
  Data dir:   ./data
================================================================================


================================================================================
DISTRIBUTED TRAINING LAUNCHER
================================================================================
  Model:      wide_resnet50_2 (CIFAR stem) (from scratch)
  Dataset:    cifar10 (10 classes)
  Image size: 32
  LR:         0.05
  Momentum:   0.9 (nesterov=True)
  Optimizer:  sgd
  Weight dec: 0.0005 (on BN/bias=False)
  Backend:    mpi
  Algorithm:  ring_zfp_online_coll
  ZFP rate:   8
  Epochs:     5
  Batch/rank: 8
  LR:         0.05
  Scheduler:  cosine
  Warmup:     0
  Grad clip:  None
  Drop last:  True
  Data dir:   ./data
================================================================================

================================================================================


================================================================================
DISTRIBUTED TRAINING LAUNCHER
================================================================================
  Model:      wide_resnet50_2 (CIFAR stem) (from scratch)
  Dataset:    cifar10 (10 classes)
  Image size: 32

================================================================================
DISTRIBUTED TRAINING LAUNCHER
================================================================================
  Model:      wide_resnet50_2 (CIFAR stem) (from scratch)
  Dataset:    cifar10 (10 classes)
  Image size: 32
  LR:         0.05
  Momentum:   0.9 (nesterov=True)
  Optimizer:  sgd
  Weight dec: 0.0005 (on BN/bias=False)
  Backend:    mpi
  Algorithm:  ring_zfp_online_coll
  ZFP rate:   8
  Epochs:     5
  Batch/rank: 8
  LR:         0.05
  Scheduler:  cosine
  Warmup:     0
  Grad clip:  None
  Drop last:  True
  Data dir:   ./data
================================================================================

  LR:         0.05
  Momentum:   0.9 (nesterov=True)
  Optimizer:  sgd
  Weight dec: 0.0005 (on BN/bias=False)
  Backend:    mpi
  Algorithm:  ring_zfp_online_coll
  ZFP rate:   8
  Epochs:     5
  Batch/rank: 8
  LR:         0.05
  Scheduler:  cosine
  Warmup:     0
  Grad clip:  None
  Drop last:  True
  Data dir:   ./data
================================================================================


================================================================================
DISTRIBUTED TRAINING LAUNCHER
================================================================================
  Model:      wide_resnet50_2 (CIFAR stem) (from scratch)
  Dataset:    cifar10 (10 classes)
  Image size: 32
  LR:         0.05
  Momentum:   0.9 (nesterov=True)
  Optimizer:  sgd
  Weight dec: 0.0005 (on BN/bias=False)
  Backend:    mpi
  Algorithm:  ring_zfp_online_coll
  ZFP rate:   8
  Epochs:     5
  Batch/rank: 8
  LR:         0.05
  Scheduler:  cosine
  Warmup:     0
  Grad clip:  None

================================================================================
DISTRIBUTED TRAINING LAUNCHER
================================================================================
  Model:      wide_resnet50_2 (CIFAR stem) (from scratch)
  Dataset:    cifar10 (10 classes)
  Image size: 32
  LR:         0.05
  Momentum:   0.9 (nesterov=True)
  Optimizer:  sgd
  Weight dec: 0.0005 (on BN/bias=False)
  Backend:    mpi
  Algorithm:  ring_zfp_online_coll
  ZFP rate:   8
  Epochs:     5
  Batch/rank: 8
  LR:         0.05
  Scheduler:  cosine
  Warmup:     0
  Grad clip:  None
  Drop last:  True
  Data dir:   ./data
================================================================================

  Drop last:  True
  Data dir:   ./data
================================================================================


================================================================================
Distributed Training: WIDE_RESNET50_2 on CIFAR10
Backend: MPI, Algorithm: ring_zfp_online_coll
================================================================================
Ranks: 8, Epochs: 5, Batch/rank: 8, Effective batch: 64
LR: 0.05, Device: cuda:0

[Cache] Pretrained weights cache (TORCH_HOME) = /lustre/orion/gen243/proj-shared/matilderestelli/pretrained_weights_cache
[Setup] Model on cuda:0, wrapped in DDP (static_graph=True)
[Setup] Hook registered: mpi/ring_zfp_online_coll
[Optim] SGD: lr=0.05 momentum=0.9 nesterov=True wd=0.0005 wd_on_bn_bias=False
[Optim]   group 0: 66,778,816 params, wd=0.0005
[Optim]   group 1: 68,234 params, wd=0.0
[Data] Train batches: 781, Val batches: 1250

[Sched] cosine: steps/epoch=781, total_steps=3905, warmup_steps=0 (0 epochs)


[Epoch 1] Training... (lr at epoch start=0.050000)
  Batch [50/781] Loss: 8.2875, Acc: 11.50%, lr: 0.049980
  Batch [100/781] Loss: 5.3302, Acc: 11.62%, lr: 0.049919
  Batch [150/781] Loss: 4.3131, Acc: 12.67%, lr: 0.049818
  Batch [200/781] Loss: 3.7936, Acc: 13.38%, lr: 0.049677
  Batch [250/781] Loss: 3.4764, Acc: 13.95%, lr: 0.049496
  Batch [300/781] Loss: 3.2580, Acc: 14.62%, lr: 0.049275
  Batch [350/781] Loss: 3.0959, Acc: 15.39%, lr: 0.049015
  Batch [400/781] Loss: 2.9665, Acc: 15.81%, lr: 0.048717
  Batch [450/781] Loss: 2.8736, Acc: 16.22%, lr: 0.048380
  Batch [500/781] Loss: 2.7936, Acc: 16.40%, lr: 0.048005
  Batch [550/781] Loss: 2.7262, Acc: 17.09%, lr: 0.047592
  Batch [600/781] Loss: 2.6661, Acc: 17.56%, lr: 0.047144
  Batch [650/781] Loss: 2.6185, Acc: 17.83%, lr: 0.046659
  Batch [700/781] Loss: 2.5750, Acc: 18.09%, lr: 0.046139
  Batch [750/781] Loss: 2.5373, Acc: 18.23%, lr: 0.045586
[Epoch 1] Train Loss: 2.5129, Acc: 18.50%  |  Val Loss: 1.9583, Acc: 24.75%  |  Time: 92.8s
[Epoch 1] t_iter median: 77.61 ms  (fwd 9.41 | bwd+comm 62.92 | opt 5.16 | data 0.06)  |  train-only epoch: 82.9s
  -> Best model saved (24.75%)
[Epoch 1] Summarizing hook timing...

[HOOK_TIMING_SUMMARY] epoch=1
[HOOK_WORK_SUMMARY] label=mpi:ring_zfp_online_coll:rate8 calls=6234 work_total_ms=48806.462 work_mean_ms=7.829 work_min_ms=6.056 work_max_ms=791.803
[HOOK_TAIL_SUMMARY] label=mpi:ring_zfp_online_coll:rate8 steps=782 tail_total_ms=27095.657 tail_mean_ms=34.649 tail_min_ms=14.470 tail_max_ms=801.841
[Epoch 1] Hook timing summary done

[Epoch 2] Training... (lr at epoch start=0.045225)
  Batch [50/781] Loss: 1.9931, Acc: 25.50%, lr: 0.044618
  Batch [100/781] Loss: 1.9684, Acc: 24.75%, lr: 0.043979
  Batch [150/781] Loss: 1.9442, Acc: 26.83%, lr: 0.043309
  Batch [200/781] Loss: 1.9458, Acc: 27.56%, lr: 0.042610
  Batch [250/781] Loss: 1.9497, Acc: 27.25%, lr: 0.041882
  Batch [300/781] Loss: 1.9457, Acc: 26.92%, lr: 0.041127
  Batch [350/781] Loss: 1.9406, Acc: 27.18%, lr: 0.040346
  Batch [400/781] Loss: 1.9308, Acc: 27.84%, lr: 0.039540
  Batch [450/781] Loss: 1.9142, Acc: 28.25%, lr: 0.038710
  Batch [500/781] Loss: 1.9058, Acc: 28.70%, lr: 0.037858
  Batch [550/781] Loss: 1.8932, Acc: 29.57%, lr: 0.036986
  Batch [600/781] Loss: 1.8848, Acc: 29.77%, lr: 0.036094
  Batch [650/781] Loss: 1.8782, Acc: 30.06%, lr: 0.035184
  Batch [700/781] Loss: 1.8707, Acc: 30.14%, lr: 0.034257
  Batch [750/781] Loss: 1.8609, Acc: 30.52%, lr: 0.033316
[Epoch 2] Train Loss: 1.8562, Acc: 30.70%  |  Val Loss: 2.9080, Acc: 33.06%  |  Time: 71.3s
[Epoch 2] t_iter median: 77.85 ms  (fwd 9.72 | bwd+comm 62.84 | opt 5.18 | data 0.06)  |  train-only epoch: 61.2s
  -> Best model saved (33.06%)
[Epoch 2] Summarizing hook timing...

[HOOK_TIMING_SUMMARY] epoch=2
[HOOK_WORK_SUMMARY] label=mpi:ring_zfp_online_coll:rate8 calls=6248 work_total_ms=47961.796 work_mean_ms=7.676 work_min_ms=5.957 work_max_ms=58.716
[HOOK_TAIL_SUMMARY] label=mpi:ring_zfp_online_coll:rate8 steps=781 tail_total_ms=26402.597 tail_mean_ms=33.806 tail_min_ms=25.229 tail_max_ms=91.461
[Epoch 2] Hook timing summary done

[Epoch 3] Training... (lr at epoch start=0.032725)
  Batch [50/781] Loss: 1.7249, Acc: 37.75%, lr: 0.031763
  Batch [100/781] Loss: 1.7229, Acc: 38.75%, lr: 0.030790
  Batch [150/781] Loss: 1.7078, Acc: 37.67%, lr: 0.029807
  Batch [200/781] Loss: 1.7017, Acc: 37.06%, lr: 0.028816
  Batch [250/781] Loss: 1.7140, Acc: 36.35%, lr: 0.027820
  Batch [300/781] Loss: 1.7296, Acc: 36.21%, lr: 0.026819
  Batch [350/781] Loss: 1.7153, Acc: 36.86%, lr: 0.025814
  Batch [400/781] Loss: 1.7085, Acc: 36.84%, lr: 0.024809
  Batch [450/781] Loss: 1.6991, Acc: 37.03%, lr: 0.023804
  Batch [500/781] Loss: 1.6937, Acc: 37.33%, lr: 0.022801
  Batch [550/781] Loss: 1.6803, Acc: 37.84%, lr: 0.021801
  Batch [600/781] Loss: 1.6760, Acc: 38.08%, lr: 0.020806
  Batch [650/781] Loss: 1.6805, Acc: 37.98%, lr: 0.019819
  Batch [700/781] Loss: 1.6735, Acc: 38.25%, lr: 0.018839
  Batch [750/781] Loss: 1.6713, Acc: 38.32%, lr: 0.017870
[Epoch 3] Train Loss: 1.6670, Acc: 38.51%  |  Val Loss: 1.4614, Acc: 46.25%  |  Time: 71.8s
[Epoch 3] t_iter median: 77.66 ms  (fwd 9.89 | bwd+comm 62.53 | opt 5.18 | data 0.06)  |  train-only epoch: 60.9s
  -> Best model saved (46.25%)
[Epoch 3] Summarizing hook timing...

[HOOK_TIMING_SUMMARY] epoch=3
[HOOK_WORK_SUMMARY] label=mpi:ring_zfp_online_coll:rate8 calls=6248 work_total_ms=47528.420 work_mean_ms=7.607 work_min_ms=5.987 work_max_ms=11.395
[HOOK_TAIL_SUMMARY] label=mpi:ring_zfp_online_coll:rate8 steps=781 tail_total_ms=25097.329 tail_mean_ms=32.135 tail_min_ms=24.799 tail_max_ms=40.686
[Epoch 3] Hook timing summary done

[Epoch 4] Training... (lr at epoch start=0.017275)
  Batch [50/781] Loss: 1.5605, Acc: 41.00%, lr: 0.016325
  Batch [100/781] Loss: 1.5689, Acc: 39.50%, lr: 0.015389
  Batch [150/781] Loss: 1.5805, Acc: 40.92%, lr: 0.014468
  Batch [200/781] Loss: 1.5820, Acc: 40.38%, lr: 0.013565
  Batch [250/781] Loss: 1.5572, Acc: 40.75%, lr: 0.012680
  Batch [300/781] Loss: 1.5435, Acc: 41.00%, lr: 0.011816
  Batch [350/781] Loss: 1.5464, Acc: 41.50%, lr: 0.010972
  Batch [400/781] Loss: 1.5323, Acc: 42.44%, lr: 0.010151
  Batch [450/781] Loss: 1.5231, Acc: 42.92%, lr: 0.009354
  Batch [500/781] Loss: 1.5200, Acc: 43.27%, lr: 0.008583
  Batch [550/781] Loss: 1.5081, Acc: 43.80%, lr: 0.007838
  Batch [600/781] Loss: 1.5057, Acc: 44.21%, lr: 0.007121
  Batch [650/781] Loss: 1.5028, Acc: 44.56%, lr: 0.006433
  Batch [700/781] Loss: 1.4956, Acc: 45.16%, lr: 0.005774
  Batch [750/781] Loss: 1.4826, Acc: 45.40%, lr: 0.005147
[Epoch 4] Train Loss: 1.4786, Acc: 45.73%  |  Val Loss: 1.3633, Acc: 52.45%  |  Time: 71.9s
[Epoch 4] t_iter median: 77.92 ms  (fwd 9.91 | bwd+comm 62.68 | opt 5.18 | data 0.11)  |  train-only epoch: 61.7s
  -> Best model saved (52.45%)
[Epoch 4] Summarizing hook timing...

[HOOK_TIMING_SUMMARY] epoch=4
[HOOK_WORK_SUMMARY] label=mpi:ring_zfp_online_coll:rate8 calls=6248 work_total_ms=48318.217 work_mean_ms=7.733 work_min_ms=5.997 work_max_ms=107.833
[HOOK_TAIL_SUMMARY] label=mpi:ring_zfp_online_coll:rate8 steps=781 tail_total_ms=25780.332 tail_mean_ms=33.009 tail_min_ms=24.869 tail_max_ms=147.512
[Epoch 4] Hook timing summary done

[Epoch 5] Training... (lr at epoch start=0.004775)
  Batch [50/781] Loss: 1.3203, Acc: 51.50%, lr: 0.004200
  Batch [100/781] Loss: 1.3521, Acc: 52.88%, lr: 0.003659
  Batch [150/781] Loss: 1.3594, Acc: 51.50%, lr: 0.003153
  Batch [200/781] Loss: 1.3582, Acc: 50.81%, lr: 0.002682
  Batch [250/781] Loss: 1.3570, Acc: 51.15%, lr: 0.002247
  Batch [300/781] Loss: 1.3448, Acc: 51.54%, lr: 0.001849
  Batch [350/781] Loss: 1.3469, Acc: 51.07%, lr: 0.001488
  Batch [400/781] Loss: 1.3460, Acc: 51.16%, lr: 0.001165
  Batch [450/781] Loss: 1.3402, Acc: 51.44%, lr: 0.000881
  Batch [500/781] Loss: 1.3364, Acc: 51.62%, lr: 0.000636
  Batch [550/781] Loss: 1.3270, Acc: 51.91%, lr: 0.000430
  Batch [600/781] Loss: 1.3285, Acc: 51.96%, lr: 0.000265
  Batch [650/781] Loss: 1.3243, Acc: 52.19%, lr: 0.000139
  Batch [700/781] Loss: 1.3164, Acc: 52.54%, lr: 0.000053
  Batch [750/781] Loss: 1.3109, Acc: 52.80%, lr: 0.000008
[Epoch 5] Train Loss: 1.3131, Acc: 52.75%  |  Val Loss: 1.3199, Acc: 54.71%  |  Time: 71.6s
[Epoch 5] t_iter median: 78.19 ms  (fwd 10.03 | bwd+comm 62.86 | opt 5.18 | data 0.07)  |  train-only epoch: 61.3s
  -> Best model saved (54.71%)
[Epoch 5] Summarizing hook timing...

[HOOK_TIMING_SUMMARY] epoch=5
[HOOK_WORK_SUMMARY] label=mpi:ring_zfp_online_coll:rate8 calls=6248 work_total_ms=47789.157 work_mean_ms=7.649 work_min_ms=6.066 work_max_ms=15.437
[HOOK_TAIL_SUMMARY] label=mpi:ring_zfp_online_coll:rate8 steps=781 tail_total_ms=24784.768 tail_mean_ms=31.735 tail_min_ms=23.598 tail_max_ms=42.505
[Epoch 5] Hook timing summary done

================================================================================
Done in 386.1s | Best val acc: 54.71%
Epoch times (train+val): mean=75.9s  min=71.3s  max=92.8s
Train-only epoch time (epochs 2..N): median=61.26s  min=60.87s  max=61.74s
  -> use this for STRONG scaling (fixed global batch)
  -> use t_iter_median_ms from the CSV for WEAK scaling (fixed local batch)
================================================================================
=== Finished training: model=wide_resnet50_2, dataset=cifar10, batch=8, lr=0.05, scheduler=cosine, backend=mpi, hook=ring_zfp_online_coll, zfp_rate=8, status=0 at Fri Jul 31 10:28:34 AM EDT 2026 ===
=== Starting: model=wide_resnet50_2, ws=8, bs=32, gb=256, lr=0.20, sched=cosine, warmup=0, epochs=5, mom=0.9, wd=5e-4, nesterov=true, wd_bn_bias=false, backend=mpi, hook=ring_zfp_online_coll, zfp=8 at Fri Jul 31 10:28:34 AM EDT 2026 ===
MIOPEN_USER_DB_PATH=/mnt/bb/matilderestelli/miopen_cache_5126430/miopen_db
MIOPEN_CUSTOM_CACHE_DIR=/mnt/bb/matilderestelli/miopen_cache_5126430/kernel_cache
drwxr-sr-x 2 matilderestelli gen243 103 Jul 14 05:38 /mnt/bb/matilderestelli/miopen_cache_5126430/miopen_db
==== GPU visibility debug (batch shell) ====
frontier05956
ROCR_VISIBLE_DEVICES=0,1,2,3,4,5,6,7
SLURM_JOB_GPUS=0,1,2,3,4,5,6,7
[37mROCk module version 6.16.13 is loaded[0m
=====================    
HSA System Attributes    
=====================    
Runtime Version:         1.18
Runtime Ext Version:     1.14
System Timestamp Freq.:  1000.000000MHz
Sig. Max Wait Duration:  18446744073709551615 (0xFFFFFFFFFFFFFFFF) (timestamp count)
Machine Model:           LARGE                              
System Endianness:       LITTLE                             
Mwaitx:                  DISABLED
XNACK enabled:           NO
DMAbuf Support:          YES
VMM Support:             YES

==========               
HSA Agents               
==========               
*******                  
Agent 1                  
*******                  
  Name:                    AMD EPYC 7A53 64-Core Processor    
  Uuid:                    CPU-XX                             
  Marketing Name:          AMD EPYC 7A53 64-Core Processor    
  Vendor Name:             CPU                                
  Feature:                 None specified                     
  Profile:                 FULL_PROFILE                       
  Float Round Mode:        NEAR                               
  Max Queue Number:        0(0x0)                             
  Queue Min Size:          0(0x0)                             

================================================================================
DISTRIBUTED TRAINING LAUNCHER
================================================================================
  Model:      wide_resnet50_2 (CIFAR stem) (from scratch)
  Dataset:    cifar10 (10 classes)
  Image size: 32
  LR:         0.2
  Momentum:   0.9 (nesterov=True)
  Optimizer:  sgd
  Weight dec: 0.0005 (on BN/bias=False)
  Backend:    mpi
  Algorithm:  ring_zfp_online_coll
  ZFP rate:   8
  Epochs:     5
  Batch/rank: 32
  LR:         0.2
  Scheduler:  cosine
  Warmup:     0
  Grad clip:  None
  Drop last:  True
  Data dir:   ./data
================================================================================


================================================================================
DISTRIBUTED TRAINING LAUNCHER
================================================================================
  Model:      wide_resnet50_2 (CIFAR stem) (from scratch)
  Dataset:    cifar10 (10 classes)
  Image size: 32
  LR:         0.2
  Momentum:   0.9 (nesterov=True)
  Optimizer:  sgd
  Weight dec: 0.0005 (on BN/bias=False)
  Backend:    mpi
  Algorithm:  ring_zfp_online_coll
  ZFP rate:   8
  Epochs:     5
  Batch/rank: 32
  LR:         0.2
  Scheduler:  cosine
  Warmup:     0
  Grad clip:  None
  Drop last:  True
  Data dir:   ./data
================================================================================


================================================================================
DISTRIBUTED TRAINING LAUNCHER
================================================================================
  Model:      wide_resnet50_2 (CIFAR stem) (from scratch)
  Dataset:    cifar10 (10 classes)
  Image size: 32
  LR:         0.2
  Momentum:   0.9 (nesterov=True)
  Optimizer:  sgd
  Weight dec: 0.0005 (on BN/bias=False)
  Backend:    mpi
  Algorithm:  ring_zfp_online_coll
  ZFP rate:   8
  Epochs:     5
  Batch/rank: 32
  LR:         0.2
  Scheduler:  cosine
  Warmup:     0
  Grad clip:  None
  Drop last:  True
  Data dir:   ./data
================================================================================


================================================================================
DISTRIBUTED TRAINING LAUNCHER
================================================================================
  Model:      wide_resnet50_2 (CIFAR stem) (from scratch)
  Dataset:    cifar10 (10 classes)
  Image size: 32
  LR:         0.2
  Momentum:   0.9 (nesterov=True)
  Optimizer:  sgd
  Weight dec: 0.0005 (on BN/bias=False)
  Backend:    mpi
  Algorithm:  ring_zfp_online_coll
  ZFP rate:   8
  Epochs:     5
  Batch/rank: 32
  LR:         0.2
  Scheduler:  cosine
  Warmup:     0
  Grad clip:  None
  Drop last:  True
  Data dir:   ./data
================================================================================


================================================================================
DISTRIBUTED TRAINING LAUNCHER
================================================================================
  Model:      wide_resnet50_2 (CIFAR stem) (from scratch)
  Dataset:    cifar10 (10 classes)
  Image size: 32
  LR:         0.2
  Momentum:   0.9 (nesterov=True)
  Optimizer:  sgd
  Weight dec: 0.0005 (on BN/bias=False)
  Backend:    mpi
  Algorithm:  ring_zfp_online_coll
  ZFP rate:   8
  Epochs:     5
  Batch/rank: 32
  LR:         0.2
  Scheduler:  cosine
  Warmup:     0
  Grad clip:  None
  Drop last:  True
  Data dir:   ./data
================================================================================


================================================================================
DISTRIBUTED TRAINING LAUNCHER
================================================================================
  Model:      wide_resnet50_2 (CIFAR stem) (from scratch)
  Dataset:    cifar10 (10 classes)
  Image size: 32
  LR:         0.2
  Momentum:   0.9 (nesterov=True)
  Optimizer:  sgd
  Weight dec: 0.0005 (on BN/bias=False)
  Backend:    mpi
  Algorithm:  ring_zfp_online_coll
  ZFP rate:   8
  Epochs:     5
  Batch/rank: 32
  LR:         0.2
  Scheduler:  cosine
  Warmup:     0
  Grad clip:  None
  Drop last:  True
  Data dir:   ./data
================================================================================


================================================================================
DISTRIBUTED TRAINING LAUNCHER
================================================================================
  Model:      wide_resnet50_2 (CIFAR stem) (from scratch)
  Dataset:    cifar10 (10 classes)
  Image size: 32
  LR:         0.2
  Momentum:   0.9 (nesterov=True)
  Optimizer:  sgd
  Weight dec: 0.0005 (on BN/bias=False)
  Backend:    mpi
  Algorithm:  ring_zfp_online_coll
  ZFP rate:   8
  Epochs:     5
  Batch/rank: 32
  LR:         0.2
  Scheduler:  cosine
  Warmup:     0
  Grad clip:  None
  Drop last:  True
  Data dir:   ./data
================================================================================


================================================================================
DISTRIBUTED TRAINING LAUNCHER
================================================================================
  Model:      wide_resnet50_2 (CIFAR stem) (from scratch)
  Dataset:    cifar10 (10 classes)
  Image size: 32
  LR:         0.2
  Momentum:   0.9 (nesterov=True)
  Optimizer:  sgd
  Weight dec: 0.0005 (on BN/bias=False)
  Backend:    mpi
  Algorithm:  ring_zfp_online_coll
  ZFP rate:   8
  Epochs:     5
  Batch/rank: 32
  LR:         0.2
  Scheduler:  cosine
  Warmup:     0
  Grad clip:  None
  Drop last:  True
  Data dir:   ./data
================================================================================


================================================================================
Distributed Training: WIDE_RESNET50_2 on CIFAR10
Backend: MPI, Algorithm: ring_zfp_online_coll
================================================================================
Ranks: 8, Epochs: 5, Batch/rank: 32, Effective batch: 256
LR: 0.2, Device: cuda:0

[Cache] Pretrained weights cache (TORCH_HOME) = /lustre/orion/gen243/proj-shared/matilderestelli/pretrained_weights_cache
[Setup] Model on cuda:0, wrapped in DDP (static_graph=True)
[Setup] Hook registered: mpi/ring_zfp_online_coll
[Optim] SGD: lr=0.2 momentum=0.9 nesterov=True wd=0.0005 wd_on_bn_bias=False
[Optim]   group 0: 66,778,816 params, wd=0.0005
[Optim]   group 1: 68,234 params, wd=0.0
[Data] Train batches: 195, Val batches: 313

[Sched] cosine: steps/epoch=195, total_steps=975, warmup_steps=0 (0 epochs)


[Epoch 1] Training... (lr at epoch start=0.200000)
  Batch [50/195] Loss: 7.9594, Acc: 10.56%, lr: 0.198705
  Batch [100/195] Loss: 5.1381, Acc: 10.41%, lr: 0.194854
  Batch [150/195] Loss: 4.1929, Acc: 10.29%, lr: 0.188546
[Epoch 1] Train Loss: 3.7527, Acc: 10.87%  |  Val Loss: 2.2995, Acc: 10.93%  |  Time: 45.0s
[Epoch 1] t_iter median: 98.95 ms  (fwd 13.65 | bwd+comm 79.62 | opt 5.57 | data 0.11)  |  train-only epoch: 32.1s
  -> Best model saved (10.93%)
[Epoch 1] Summarizing hook timing...

[HOOK_TIMING_SUMMARY] epoch=1
[HOOK_WORK_SUMMARY] label=mpi:ring_zfp_online_coll:rate8 calls=1546 work_total_ms=16215.934 work_mean_ms=10.489 work_min_ms=5.984 work_max_ms=168.021
[HOOK_TAIL_SUMMARY] label=mpi:ring_zfp_online_coll:rate8 steps=196 tail_total_ms=11523.602 tail_mean_ms=58.794 tail_min_ms=32.301 tail_max_ms=178.295
[Epoch 1] Hook timing summary done

[Epoch 2] Training... (lr at epoch start=0.180902)
  Batch [50/195] Loss: 2.2879, Acc: 12.19%, lr: 0.170425
  Batch [100/195] Loss: 2.2838, Acc: 12.19%, lr: 0.158125
  Batch [150/195] Loss: 2.2781, Acc: 11.90%, lr: 0.144319
[Epoch 2] Train Loss: 2.2731, Acc: 11.63%  |  Val Loss: 2.2522, Acc: 11.63%  |  Time: 24.3s
[Epoch 2] t_iter median: 98.61 ms  (fwd 13.62 | bwd+comm 79.09 | opt 5.79 | data 0.06)  |  train-only epoch: 19.5s
  -> Best model saved (11.63%)
[Epoch 2] Summarizing hook timing...

[HOOK_TIMING_SUMMARY] epoch=2
[HOOK_WORK_SUMMARY] label=mpi:ring_zfp_online_coll:rate8 calls=1560 work_total_ms=15947.437 work_mean_ms=10.223 work_min_ms=6.068 work_max_ms=41.094
[HOOK_TAIL_SUMMARY] label=mpi:ring_zfp_online_coll:rate8 steps=195 tail_total_ms=10954.094 tail_mean_ms=56.175 tail_min_ms=25.973 tail_max_ms=87.395
[Epoch 2] Hook timing summary done

[Epoch 3] Training... (lr at epoch start=0.130902)
  Batch [50/195] Loss: 2.1890, Acc: 17.56%, lr: 0.115246
  Batch [100/195] Loss: 2.1644, Acc: 17.88%, lr: 0.099194
  Batch [150/195] Loss: 2.1358, Acc: 18.23%, lr: 0.083164
[Epoch 3] Train Loss: 2.1244, Acc: 18.96%  |  Val Loss: 2.0541, Acc: 20.34%  |  Time: 24.3s
[Epoch 3] t_iter median: 98.69 ms  (fwd 13.62 | bwd+comm 79.16 | opt 5.80 | data 0.10)  |  train-only epoch: 19.4s
  -> Best model saved (20.34%)
[Epoch 3] Summarizing hook timing...

[HOOK_TIMING_SUMMARY] epoch=3
[HOOK_WORK_SUMMARY] label=mpi:ring_zfp_online_coll:rate8 calls=1560 work_total_ms=15916.684 work_mean_ms=10.203 work_min_ms=6.102 work_max_ms=35.292
[HOOK_TAIL_SUMMARY] label=mpi:ring_zfp_online_coll:rate8 steps=195 tail_total_ms=11414.634 tail_mean_ms=58.537 tail_min_ms=26.005 tail_max_ms=61.038
[Epoch 3] Hook timing summary done

[Epoch 4] Training... (lr at epoch start=0.069098)
  Batch [50/195] Loss: 2.0647, Acc: 19.00%, lr: 0.054242
  Batch [100/195] Loss: 2.0389, Acc: 20.22%, lr: 0.040572
  Batch [150/195] Loss: 2.0227, Acc: 20.96%, lr: 0.028440
[Epoch 4] Train Loss: 2.0183, Acc: 21.27%  |  Val Loss: 1.9613, Acc: 23.61%  |  Time: 24.4s
[Epoch 4] t_iter median: 98.78 ms  (fwd 13.62 | bwd+comm 79.29 | opt 5.81 | data 0.06)  |  train-only epoch: 19.6s
  -> Best model saved (23.61%)
[Epoch 4] Summarizing hook timing...

[HOOK_TIMING_SUMMARY] epoch=4
[HOOK_WORK_SUMMARY] label=mpi:ring_zfp_online_coll:rate8 calls=1560 work_total_ms=16020.098 work_mean_ms=10.269 work_min_ms=6.012 work_max_ms=48.170
[HOOK_TAIL_SUMMARY] label=mpi:ring_zfp_online_coll:rate8 steps=195 tail_total_ms=11252.220 tail_mean_ms=57.704 tail_min_ms=25.804 tail_max_ms=105.738
[Epoch 4] Hook timing summary done

[Epoch 5] Training... (lr at epoch start=0.019098)
  Batch [50/195] Loss: 1.9695, Acc: 23.06%, lr: 0.010717
  Batch [100/195] Loss: 1.9665, Acc: 23.88%, lr: 0.004649
  Batch [150/195] Loss: 1.9564, Acc: 24.52%, lr: 0.001049
[Epoch 5] Train Loss: 1.9496, Acc: 24.86%  |  Val Loss: 1.9033, Acc: 25.56%  |  Time: 24.4s
[Epoch 5] t_iter median: 99.11 ms  (fwd 13.62 | bwd+comm 79.60 | opt 5.80 | data 0.06)  |  train-only epoch: 19.5s
  -> Best model saved (25.56%)
[Epoch 5] Summarizing hook timing...

[HOOK_TIMING_SUMMARY] epoch=5
[HOOK_WORK_SUMMARY] label=mpi:ring_zfp_online_coll:rate8 calls=1560 work_total_ms=15981.378 work_mean_ms=10.244 work_min_ms=6.146 work_max_ms=35.759
[HOOK_TAIL_SUMMARY] label=mpi:ring_zfp_online_coll:rate8 steps=195 tail_total_ms=11089.520 tail_mean_ms=56.869 tail_min_ms=25.612 tail_max_ms=61.486
[Epoch 5] Hook timing summary done

================================================================================
Done in 149.0s | Best val acc: 25.56%
Epoch times (train+val): mean=28.5s  min=24.3s  max=45.0s
Train-only epoch time (epochs 2..N): median=19.49s  min=19.43s  max=19.56s
  -> use this for STRONG scaling (fixed global batch)
  -> use t_iter_median_ms from the CSV for WEAK scaling (fixed local batch)
================================================================================
=== Finished training: model=wide_resnet50_2, dataset=cifar10, batch=32, lr=0.20, scheduler=cosine, backend=mpi, hook=ring_zfp_online_coll, zfp_rate=8, status=0 at Fri Jul 31 10:31:09 AM EDT 2026 ===
=== Starting: model=wide_resnet50_2, ws=8, bs=128, gb=1024, lr=0.80, sched=cosine, warmup=0, epochs=5, mom=0.9, wd=5e-4, nesterov=true, wd_bn_bias=false, backend=mpi, hook=ring_zfp_online_coll, zfp=8 at Fri Jul 31 10:31:09 AM EDT 2026 ===
MIOPEN_USER_DB_PATH=/mnt/bb/matilderestelli/miopen_cache_5126430/miopen_db
MIOPEN_CUSTOM_CACHE_DIR=/mnt/bb/matilderestelli/miopen_cache_5126430/kernel_cache
drwxr-sr-x 2 matilderestelli gen243 103 Jul 14 05:38 /mnt/bb/matilderestelli/miopen_cache_5126430/miopen_db
==== GPU visibility debug (batch shell) ====
frontier05956
ROCR_VISIBLE_DEVICES=0,1,2,3,4,5,6,7
SLURM_JOB_GPUS=0,1,2,3,4,5,6,7
[37mROCk module version 6.16.13 is loaded[0m
=====================    
HSA System Attributes    
=====================    
Runtime Version:         1.18
Runtime Ext Version:     1.14
System Timestamp Freq.:  1000.000000MHz
Sig. Max Wait Duration:  18446744073709551615 (0xFFFFFFFFFFFFFFFF) (timestamp count)
Machine Model:           LARGE                              
System Endianness:       LITTLE                             
Mwaitx:                  DISABLED
XNACK enabled:           NO
DMAbuf Support:          YES
VMM Support:             YES

==========               
HSA Agents               
==========               
*******                  
Agent 1                  
*******                  
  Name:                    AMD EPYC 7A53 64-Core Processor    
  Uuid:                    CPU-XX                             
  Marketing Name:          AMD EPYC 7A53 64-Core Processor    
  Vendor Name:             CPU                                
  Feature:                 None specified                     
  Profile:                 FULL_PROFILE                       
  Float Round Mode:        NEAR                               
  Max Queue Number:        0(0x0)                             
  Queue Min Size:          0(0x0)                             

================================================================================
DISTRIBUTED TRAINING LAUNCHER
================================================================================
  Model:      wide_resnet50_2 (CIFAR stem) (from scratch)
  Dataset:    cifar10 (10 classes)
  Image size: 32
  LR:         0.8
  Momentum:   0.9 (nesterov=True)
  Optimizer:  sgd
  Weight dec: 0.0005 (on BN/bias=False)
  Backend:    mpi
  Algorithm:  ring_zfp_online_coll
  ZFP rate:   8
  Epochs:     5
  Batch/rank: 128
  LR:         0.8
  Scheduler:  cosine
  Warmup:     0
  Grad clip:  None
  Drop last:  True
  Data dir:   ./data
================================================================================


================================================================================
DISTRIBUTED TRAINING LAUNCHER
================================================================================
  Model:      wide_resnet50_2 (CIFAR stem) (from scratch)
  Dataset:    cifar10 (10 classes)
  Image size: 32
  LR:         0.8
  Momentum:   0.9 (nesterov=True)
  Optimizer:  sgd
  Weight dec: 0.0005 (on BN/bias=False)
  Backend:    mpi
  Algorithm:  ring_zfp_online_coll
  ZFP rate:   8
  Epochs:     5
  Batch/rank: 128
  LR:         0.8
  Scheduler:  cosine
  Warmup:     0
  Grad clip:  None
  Drop last:  True
  Data dir:   ./data
================================================================================


================================================================================
DISTRIBUTED TRAINING LAUNCHER
================================================================================
  Model:      wide_resnet50_2 (CIFAR stem) (from scratch)
  Dataset:    cifar10 (10 classes)
  Image size: 32
  LR:         0.8
  Momentum:   0.9 (nesterov=True)
  Optimizer:  sgd
  Weight dec: 0.0005 (on BN/bias=False)
  Backend:    mpi
  Algorithm:  ring_zfp_online_coll
  ZFP rate:   8
  Epochs:     5
  Batch/rank: 128
  LR:         0.8
  Scheduler:  cosine
  Warmup:     0
  Grad clip:  None
  Drop last:  True
  Data dir:   ./data
================================================================================


================================================================================
DISTRIBUTED TRAINING LAUNCHER
================================================================================
  Model:      wide_resnet50_2 (CIFAR stem) (from scratch)
  Dataset:    cifar10 (10 classes)
  Image size: 32
  LR:         0.8
  Momentum:   0.9 (nesterov=True)
  Optimizer:  sgd
  Weight dec: 0.0005 (on BN/bias=False)
  Backend:    mpi
  Algorithm:  ring_zfp_online_coll
  ZFP rate:   8
  Epochs:     5
  Batch/rank: 128
  LR:         0.8
  Scheduler:  cosine
  Warmup:     0
  Grad clip:  None
  Drop last:  True
  Data dir:   ./data
================================================================================


================================================================================
DISTRIBUTED TRAINING LAUNCHER
================================================================================
  Model:      wide_resnet50_2 (CIFAR stem) (from scratch)
  Dataset:    cifar10 (10 classes)
  Image size: 32
  LR:         0.8
  Momentum:   0.9 (nesterov=True)
  Optimizer:  sgd
  Weight dec: 0.0005 (on BN/bias=False)
  Backend:    mpi
  Algorithm:  ring_zfp_online_coll
  ZFP rate:   8
  Epochs:     5
  Batch/rank: 128
  LR:         0.8
  Scheduler:  cosine
  Warmup:     0
  Grad clip:  None
  Drop last:  True
  Data dir:   ./data
================================================================================


================================================================================
DISTRIBUTED TRAINING LAUNCHER
================================================================================
  Model:      wide_resnet50_2 (CIFAR stem) (from scratch)
  Dataset:    cifar10 (10 classes)
  Image size: 32
  LR:         0.8
  Momentum:   0.9 (nesterov=True)
  Optimizer:  sgd
  Weight dec: 0.0005 (on BN/bias=False)
  Backend:    mpi
  Algorithm:  ring_zfp_online_coll
  ZFP rate:   8
  Epochs:     5
  Batch/rank: 128
  LR:         0.8
  Scheduler:  cosine
  Warmup:     0
  Grad clip:  None
  Drop last:  True
  Data dir:   ./data
================================================================================


================================================================================
DISTRIBUTED TRAINING LAUNCHER
================================================================================
  Model:      wide_resnet50_2 (CIFAR stem) (from scratch)
  Dataset:    cifar10 (10 classes)
  Image size: 32
  LR:         0.8
  Momentum:   0.9 (nesterov=True)
  Optimizer:  sgd
  Weight dec: 0.0005 (on BN/bias=False)
  Backend:    mpi
  Algorithm:  ring_zfp_online_coll
  ZFP rate:   8
  Epochs:     5
  Batch/rank: 128
  LR:         0.8
  Scheduler:  cosine
  Warmup:     0
  Grad clip:  None
  Drop last:  True
  Data dir:   ./data
================================================================================


================================================================================
DISTRIBUTED TRAINING LAUNCHER
================================================================================
  Model:      wide_resnet50_2 (CIFAR stem) (from scratch)
  Dataset:    cifar10 (10 classes)
  Image size: 32
  LR:         0.8
  Momentum:   0.9 (nesterov=True)
  Optimizer:  sgd
  Weight dec: 0.0005 (on BN/bias=False)
  Backend:    mpi
  Algorithm:  ring_zfp_online_coll
  ZFP rate:   8
  Epochs:     5
  Batch/rank: 128
  LR:         0.8
  Scheduler:  cosine
  Warmup:     0
  Grad clip:  None
  Drop last:  True
  Data dir:   ./data
================================================================================


================================================================================
Distributed Training: WIDE_RESNET50_2 on CIFAR10
Backend: MPI, Algorithm: ring_zfp_online_coll
================================================================================
Ranks: 8, Epochs: 5, Batch/rank: 128, Effective batch: 1024
LR: 0.8, Device: cuda:0

[Cache] Pretrained weights cache (TORCH_HOME) = /lustre/orion/gen243/proj-shared/matilderestelli/pretrained_weights_cache
[Setup] Model on cuda:0, wrapped in DDP (static_graph=True)
[Setup] Hook registered: mpi/ring_zfp_online_coll
[Optim] SGD: lr=0.8 momentum=0.9 nesterov=True wd=0.0005 wd_on_bn_bias=False
[Optim]   group 0: 66,778,816 params, wd=0.0005
[Optim]   group 1: 68,234 params, wd=0.0
[Data] Train batches: 48, Val batches: 79

[Sched] cosine: steps/epoch=48, total_steps=240, warmup_steps=0 (0 epochs)


[Epoch 1] Training... (lr at epoch start=0.800000)
[Epoch 1] Train Loss: 5.3024, Acc: 9.73%  |  Val Loss: 2.3362, Acc: 10.18%  |  Time: 79.1s
[Epoch 1] t_iter median: 205.12 ms  (fwd 51.72 | bwd+comm 147.79 | opt 5.48 | data 0.11)  |  train-only epoch: 74.6s
  -> Best model saved (10.18%)
[Epoch 1] Summarizing hook timing...

[HOOK_TIMING_SUMMARY] epoch=1
[HOOK_WORK_SUMMARY] label=mpi:ring_zfp_online_coll:rate8 calls=370 work_total_ms=9140.064 work_mean_ms=24.703 work_min_ms=5.933 work_max_ms=205.707
[HOOK_TAIL_SUMMARY] label=mpi:ring_zfp_online_coll:rate8 steps=49 tail_total_ms=6074.856 tail_mean_ms=123.977 tail_min_ms=48.439 tail_max_ms=235.060
[Epoch 1] Hook timing summary done

[Epoch 2] Training... (lr at epoch start=0.723607)
[Epoch 2] Train Loss: 2.3067, Acc: 9.59%  |  Val Loss: 2.3049, Acc: 10.01%  |  Time: 14.5s
[Epoch 2] t_iter median: 205.36 ms  (fwd 51.64 | bwd+comm 147.80 | opt 5.83 | data 0.07)  |  train-only epoch: 10.1s
[Epoch 2] Summarizing hook timing...

[HOOK_TIMING_SUMMARY] epoch=2
[HOOK_WORK_SUMMARY] label=mpi:ring_zfp_online_coll:rate8 calls=384 work_total_ms=9036.472 work_mean_ms=23.532 work_min_ms=5.959 work_max_ms=143.470
[HOOK_TAIL_SUMMARY] label=mpi:ring_zfp_online_coll:rate8 steps=48 tail_total_ms=5318.945 tail_mean_ms=110.811 tail_min_ms=23.064 tail_max_ms=130.543
[Epoch 2] Hook timing summary done

[Epoch 3] Training... (lr at epoch start=0.523607)
[Epoch 3] Train Loss: 2.3031, Acc: 10.07%  |  Val Loss: 2.3048, Acc: 10.07%  |  Time: 14.5s
[Epoch 3] t_iter median: 205.30 ms  (fwd 51.65 | bwd+comm 147.79 | opt 5.78 | data 0.07)  |  train-only epoch: 10.1s
[Epoch 3] Summarizing hook timing...

[HOOK_TIMING_SUMMARY] epoch=3
[HOOK_WORK_SUMMARY] label=mpi:ring_zfp_online_coll:rate8 calls=384 work_total_ms=9040.150 work_mean_ms=23.542 work_min_ms=5.955 work_max_ms=143.470
[HOOK_TAIL_SUMMARY] label=mpi:ring_zfp_online_coll:rate8 steps=48 tail_total_ms=5326.109 tail_mean_ms=110.961 tail_min_ms=48.289 tail_max_ms=129.543
[Epoch 3] Hook timing summary done

[Epoch 4] Training... (lr at epoch start=0.276393)
[Epoch 4] Train Loss: 2.3024, Acc: 10.64%  |  Val Loss: 2.3059, Acc: 10.14%  |  Time: 14.6s
[Epoch 4] t_iter median: 205.82 ms  (fwd 51.65 | bwd+comm 148.19 | opt 5.83 | data 0.08)  |  train-only epoch: 10.2s
[Epoch 4] Summarizing hook timing...

[HOOK_TIMING_SUMMARY] epoch=4
[HOOK_WORK_SUMMARY] label=mpi:ring_zfp_online_coll:rate8 calls=384 work_total_ms=9105.695 work_mean_ms=23.713 work_min_ms=5.965 work_max_ms=146.529
[HOOK_TAIL_SUMMARY] label=mpi:ring_zfp_online_coll:rate8 steps=48 tail_total_ms=5768.989 tail_mean_ms=120.187 tail_min_ms=49.785 tail_max_ms=154.194
[Epoch 4] Hook timing summary done

[Epoch 5] Training... (lr at epoch start=0.076393)
[Epoch 5] Train Loss: 2.3029, Acc: 9.96%  |  Val Loss: 2.3063, Acc: 10.12%  |  Time: 14.6s
[Epoch 5] t_iter median: 205.63 ms  (fwd 51.65 | bwd+comm 148.03 | opt 5.84 | data 0.07)  |  train-only epoch: 10.1s
[Epoch 5] Summarizing hook timing...

[HOOK_TIMING_SUMMARY] epoch=5
[HOOK_WORK_SUMMARY] label=mpi:ring_zfp_online_coll:rate8 calls=384 work_total_ms=9048.107 work_mean_ms=23.563 work_min_ms=5.961 work_max_ms=143.605
[HOOK_TAIL_SUMMARY] label=mpi:ring_zfp_online_coll:rate8 steps=48 tail_total_ms=5373.415 tail_mean_ms=111.946 tail_min_ms=48.280 tail_max_ms=129.490
[Epoch 5] Hook timing summary done

================================================================================
Done in 138.7s | Best val acc: 10.18%
Epoch times (train+val): mean=27.5s  min=14.5s  max=79.1s
Train-only epoch time (epochs 2..N): median=10.14s  min=10.09s  max=10.18s
  -> use this for STRONG scaling (fixed global batch)
  -> use t_iter_median_ms from the CSV for WEAK scaling (fixed local batch)
================================================================================
=== Finished training: model=wide_resnet50_2, dataset=cifar10, batch=128, lr=0.80, scheduler=cosine, backend=mpi, hook=ring_zfp_online_coll, zfp_rate=8, status=0 at Fri Jul 31 10:33:34 AM EDT 2026 ===
=== Job finished: Fri Jul 31 10:33:34 AM EDT 2026 ===
