=== Job started: Sun May 17 04:13:11 PM UTC 2026 ===
=== Node: x3001c0s25b0n0 ===

The following have been reloaded with a version change:
  1) gcc-native/14 => gcc-native/13


The following have been reloaded with a version change:
  1) gcc-native/13 => gcc-native/14.2

[INFO] GTL preloaded: /opt/cray/pe/mpich/9.0.1/ofi/nvidia/23.3/lib/libmpi_gtl_cuda.so
=============================================
  Polaris DDP + Eagle PyTorch + Cray MPICH
=============================================
Node              : x3001c0s25b0n0
GTL               : /opt/cray/pe/mpich/9.0.1/ofi/nvidia/23.3/lib/libmpi_gtl_cuda.so
MPICH_GPU_SUPPORT : 1

PyTorch version   : 2.8.0a0+gitba56102
PyTorch location  : /lus/eagle/projects/UIC-HPC/mrest/pytorch_mpi_build/src/pytorch/torch/__init__.py
CUDA available    : True 4
MPI available     : True
mpi4py            : MPI VERSION    : CRAY MPICH version 9.0.1.498 (ANL base 4.1.2)
mpi4py rank test  : rank 0 OK
=============================================
=== Starting training ===

================================================================================
DISTRIBUTED TRAINING LAUNCHER
================================================================================
  Model:      resnext101_32x8d (CIFAR stem) (pretrained)
  Dataset:    cifar10 (10 classes)
  Backend:    nccl
  Algorithm:  built-in (no hook)
  Epochs:     10
  Batch/rank: 128
  LR:         0.01
================================================================================


================================================================================
Distributed Training: RESNEXT101_32X8D on CIFAR10
Backend: NCCL, Algorithm: built-in (no hook)
================================================================================
Ranks: 4, Epochs: 10, Batch/rank: 128, Effective batch: 512
LR: 0.01, Device: cuda:0

[Setup] Model on cuda:0, wrapped in DDP (static_graph=True)
[Setup] No hook — using DDP built-in NCCL allreduce
[Data] Train batches: 98, Val batches: 20


[Epoch 1] Training... (lr=0.000010)

================================================================================
DISTRIBUTED TRAINING LAUNCHER
================================================================================
  Model:      resnext101_32x8d (CIFAR stem) (pretrained)
  Dataset:    cifar10 (10 classes)
  Backend:    nccl
  Algorithm:  built-in (no hook)
  Epochs:     10
  Batch/rank: 128
  LR:         0.01
================================================================================


================================================================================
DISTRIBUTED TRAINING LAUNCHER
================================================================================
  Model:      resnext101_32x8d (CIFAR stem) (pretrained)
  Dataset:    cifar10 (10 classes)
  Backend:    nccl
  Algorithm:  built-in (no hook)
  Epochs:     10
  Batch/rank: 128
  LR:         0.01
================================================================================


================================================================================
DISTRIBUTED TRAINING LAUNCHER
================================================================================
  Model:      resnext101_32x8d (CIFAR stem) (pretrained)
  Dataset:    cifar10 (10 classes)
  Backend:    nccl
  Algorithm:  built-in (no hook)
  Epochs:     10
  Batch/rank: 128
  LR:         0.01
================================================================================

  Batch [50/98] Loss: 2.3108, Acc: 11.11%
[Epoch 1] Train Loss: 2.3103, Acc: 11.02%  |  Val Loss: 2.3143, Acc: 11.12%  |  Time: 22.4s
  -> Best model saved (11.12%)

[Epoch 2] Training... (lr=0.002008)
  Batch [50/98] Loss: 2.2359, Acc: 20.17%
[Epoch 2] Train Loss: 2.1536, Acc: 27.12%  |  Val Loss: 1.9483, Acc: 41.56%  |  Time: 16.9s
  -> Best model saved (41.56%)

[Epoch 3] Training... (lr=0.004006)
  Batch [50/98] Loss: 1.8099, Acc: 44.42%
[Epoch 3] Train Loss: 1.6578, Acc: 48.58%  |  Val Loss: 1.3577, Acc: 57.16%  |  Time: 16.9s
  -> Best model saved (57.16%)

[Epoch 4] Training... (lr=0.006004)
  Batch [50/98] Loss: 1.2018, Acc: 62.14%
[Epoch 4] Train Loss: 1.0772, Acc: 65.62%  |  Val Loss: 0.7732, Acc: 75.52%  |  Time: 16.9s
  -> Best model saved (75.52%)

[Epoch 5] Training... (lr=0.008002)
  Batch [50/98] Loss: 0.6786, Acc: 78.27%
[Epoch 5] Train Loss: 0.6206, Acc: 79.77%  |  Val Loss: 0.4550, Acc: 86.00%  |  Time: 16.9s
  -> Best model saved (86.00%)

[Epoch 6] Training... (lr=0.010000)
  Batch [50/98] Loss: 0.4487, Acc: 85.66%
[Epoch 6] Train Loss: 0.4012, Acc: 87.02%  |  Val Loss: 0.2751, Acc: 91.48%  |  Time: 16.9s
  -> Best model saved (91.48%)

[Epoch 7] Training... (lr=0.009045)
  Batch [50/98] Loss: 0.2895, Acc: 90.09%
[Epoch 7] Train Loss: 0.2718, Acc: 90.76%  |  Val Loss: 0.2033, Acc: 93.68%  |  Time: 16.9s
  -> Best model saved (93.68%)

[Epoch 8] Training... (lr=0.006545)
  Batch [50/98] Loss: 0.2192, Acc: 92.73%
[Epoch 8] Train Loss: 0.1951, Acc: 93.40%  |  Val Loss: 0.1585, Acc: 95.04%  |  Time: 16.9s
  -> Best model saved (95.04%)

[Epoch 9] Training... (lr=0.003455)
  Batch [50/98] Loss: 0.1624, Acc: 94.70%
[Epoch 9] Train Loss: 0.1554, Acc: 94.82%  |  Val Loss: 0.1478, Acc: 95.40%  |  Time: 16.9s
  -> Best model saved (95.40%)

[Epoch 10] Training... (lr=0.000955)
  Batch [50/98] Loss: 0.1429, Acc: 95.56%
[Epoch 10] Train Loss: 0.1410, Acc: 95.51%  |  Val Loss: 0.1409, Acc: 95.56%  |  Time: 16.9s
  -> Best model saved (95.56%)

================================================================================
Done in 185.9s | Best val acc: 95.56%
Epoch times: mean=17.5s  min=16.9s  max=22.4s
================================================================================
=== Job finished: Sun May 17 04:17:15 PM UTC 2026 ===
