=== Job started: Sun May 17 04:37:45 PM UTC 2026 ===
=== Node: x3006c0s13b0n0 ===

The following have been reloaded with a version change:
  1) gcc-native/14 => gcc-native/13


The following have been reloaded with a version change:
  1) gcc-native/13 => gcc-native/14.2

[INFO] GTL preloaded: /opt/cray/pe/mpich/9.0.1/ofi/nvidia/23.3/lib/libmpi_gtl_cuda.so
=============================================
  Polaris DDP + Eagle PyTorch + Cray MPICH
=============================================
Node              : x3006c0s13b0n0
GTL               : /opt/cray/pe/mpich/9.0.1/ofi/nvidia/23.3/lib/libmpi_gtl_cuda.so
MPICH_GPU_SUPPORT : 1

PyTorch version   : 2.8.0a0+gitba56102
PyTorch location  : /lus/eagle/projects/UIC-HPC/mrest/pytorch_mpi_build/src/pytorch/torch/__init__.py
CUDA available    : True 4
MPI available     : True
mpi4py            : MPI VERSION    : CRAY MPICH version 9.0.1.498 (ANL base 4.1.2)
mpi4py rank test  : rank 0 OK
=============================================
=== Starting training ===

================================================================================
DISTRIBUTED TRAINING LAUNCHER
================================================================================
  Model:      resnext101_32x8d (CIFAR stem) (pretrained)
  Dataset:    cifar10 (10 classes)
  Backend:    mpi
  Algorithm:  ring_zfp
  Epochs:     10
  Batch/rank: 128
  LR:         0.01
================================================================================


================================================================================
Distributed Training: RESNEXT101_32X8D on CIFAR10
Backend: MPI, Algorithm: ring_zfp
================================================================================
Ranks: 4, Epochs: 10, Batch/rank: 128, Effective batch: 512
LR: 0.01, Device: cuda:0

[Setup] Model on cuda:0, wrapped in DDP (static_graph=True)
[Setup] Hook registered: mpi/ring_zfp
[Data] Train batches: 98, Val batches: 20


[Epoch 1] Training... (lr=0.000010)

================================================================================
DISTRIBUTED TRAINING LAUNCHER
================================================================================
  Model:      resnext101_32x8d (CIFAR stem) (pretrained)
  Dataset:    cifar10 (10 classes)
  Backend:    mpi
  Algorithm:  ring_zfp
  Epochs:     10
  Batch/rank: 128
  LR:         0.01
================================================================================


================================================================================
DISTRIBUTED TRAINING LAUNCHER
================================================================================
  Model:      resnext101_32x8d (CIFAR stem) (pretrained)
  Dataset:    cifar10 (10 classes)
  Backend:    mpi
  Algorithm:  ring_zfp
  Epochs:     10
  Batch/rank: 128
  LR:         0.01
================================================================================


================================================================================
DISTRIBUTED TRAINING LAUNCHER
================================================================================
  Model:      resnext101_32x8d (CIFAR stem) (pretrained)
  Dataset:    cifar10 (10 classes)
  Backend:    mpi
  Algorithm:  ring_zfp
  Epochs:     10
  Batch/rank: 128
  LR:         0.01
================================================================================

  Batch [50/98] Loss: 2.3108, Acc: 11.17%
[Epoch 1] Train Loss: 2.3103, Acc: 11.08%  |  Val Loss: 2.3143, Acc: 11.12%  |  Time: 22.4s
  -> Best model saved (11.12%)

[Epoch 2] Training... (lr=0.002008)
  Batch [50/98] Loss: 2.2356, Acc: 21.25%
[Epoch 2] Train Loss: 2.1535, Acc: 27.46%  |  Val Loss: 1.9610, Acc: 40.28%  |  Time: 19.6s
  -> Best model saved (40.28%)

[Epoch 3] Training... (lr=0.004006)
  Batch [50/98] Loss: 1.8080, Acc: 42.77%
[Epoch 3] Train Loss: 1.6538, Acc: 47.95%  |  Val Loss: 1.3275, Acc: 59.32%  |  Time: 19.6s
  -> Best model saved (59.32%)

[Epoch 4] Training... (lr=0.006004)
  Batch [50/98] Loss: 1.1940, Acc: 62.00%
[Epoch 4] Train Loss: 1.0761, Acc: 65.67%  |  Val Loss: 0.8525, Acc: 72.28%  |  Time: 19.6s
  -> Best model saved (72.28%)

[Epoch 5] Training... (lr=0.008002)
  Batch [50/98] Loss: 0.7107, Acc: 76.38%
[Epoch 5] Train Loss: 0.6620, Acc: 77.95%  |  Val Loss: 0.5022, Acc: 84.56%  |  Time: 19.6s
  -> Best model saved (84.56%)

[Epoch 6] Training... (lr=0.010000)
  Batch [50/98] Loss: 0.4955, Acc: 83.67%
[Epoch 6] Train Loss: 0.4564, Acc: 84.80%  |  Val Loss: 0.3354, Acc: 89.56%  |  Time: 19.6s
  -> Best model saved (89.56%)

[Epoch 7] Training... (lr=0.009045)
  Batch [50/98] Loss: 0.3432, Acc: 88.91%
[Epoch 7] Train Loss: 0.3203, Acc: 89.40%  |  Val Loss: 0.2560, Acc: 91.44%  |  Time: 19.6s
  -> Best model saved (91.44%)

[Epoch 8] Training... (lr=0.006545)
  Batch [50/98] Loss: 0.2780, Acc: 90.70%
[Epoch 8] Train Loss: 0.2558, Acc: 91.40%  |  Val Loss: 0.2104, Acc: 93.32%  |  Time: 19.6s
  -> Best model saved (93.32%)

[Epoch 9] Training... (lr=0.003455)
  Batch [50/98] Loss: 0.2251, Acc: 92.42%
[Epoch 9] Train Loss: 0.2143, Acc: 92.79%  |  Val Loss: 0.1937, Acc: 93.56%  |  Time: 19.6s
  -> Best model saved (93.56%)

[Epoch 10] Training... (lr=0.000955)
  Batch [50/98] Loss: 0.1998, Acc: 93.19%
[Epoch 10] Train Loss: 0.1906, Acc: 93.58%  |  Val Loss: 0.1884, Acc: 94.12%  |  Time: 19.6s
  -> Best model saved (94.12%)

================================================================================
Done in 210.3s | Best val acc: 94.12%
Epoch times: mean=19.9s  min=19.6s  max=22.4s
================================================================================
=== Job finished: Sun May 17 04:41:37 PM UTC 2026 ===
