=== Job started: Sun May 17 04:54:03 PM UTC 2026 ===
=== Node: x3005c0s19b0n0 ===

The following have been reloaded with a version change:
  1) gcc-native/14 => gcc-native/13


The following have been reloaded with a version change:
  1) gcc-native/13 => gcc-native/14.2

[INFO] GTL preloaded: /opt/cray/pe/mpich/9.0.1/ofi/nvidia/23.3/lib/libmpi_gtl_cuda.so
=============================================
  Polaris DDP + Eagle PyTorch + Cray MPICH
=============================================
Node              : x3005c0s19b0n0
GTL               : /opt/cray/pe/mpich/9.0.1/ofi/nvidia/23.3/lib/libmpi_gtl_cuda.so
MPICH_GPU_SUPPORT : 1

PyTorch version   : 2.8.0a0+gitba56102
PyTorch location  : /lus/eagle/projects/UIC-HPC/mrest/pytorch_mpi_build/src/pytorch/torch/__init__.py
CUDA available    : True 4
MPI available     : True
mpi4py            : MPI VERSION    : CRAY MPICH version 9.0.1.498 (ANL base 4.1.2)
mpi4py rank test  : rank 0 OK
=============================================
=== Starting training ===

================================================================================
DISTRIBUTED TRAINING LAUNCHER
================================================================================
  Model:      resnext101_32x8d (CIFAR stem) (pretrained)
  Dataset:    cifar10 (10 classes)
  Backend:    mpi
  Algorithm:  recursive_doubling_zfp
  Epochs:     10
  Batch/rank: 128
  LR:         0.01
================================================================================


================================================================================
Distributed Training: RESNEXT101_32X8D on CIFAR10
Backend: MPI, Algorithm: recursive_doubling_zfp
================================================================================
Ranks: 4, Epochs: 10, Batch/rank: 128, Effective batch: 512
LR: 0.01, Device: cuda:0

[Setup] Model on cuda:0, wrapped in DDP (static_graph=True)
[Setup] Hook registered: mpi/recursive_doubling_zfp
[Data] Train batches: 98, Val batches: 20


[Epoch 1] Training... (lr=0.000010)

================================================================================
DISTRIBUTED TRAINING LAUNCHER
================================================================================
  Model:      resnext101_32x8d (CIFAR stem) (pretrained)
  Dataset:    cifar10 (10 classes)
  Backend:    mpi
  Algorithm:  recursive_doubling_zfp
  Epochs:     10
  Batch/rank: 128
  LR:         0.01
================================================================================


================================================================================
DISTRIBUTED TRAINING LAUNCHER
================================================================================
  Model:      resnext101_32x8d (CIFAR stem) (pretrained)
  Dataset:    cifar10 (10 classes)
  Backend:    mpi
  Algorithm:  recursive_doubling_zfp
  Epochs:     10
  Batch/rank: 128
  LR:         0.01
================================================================================


================================================================================
DISTRIBUTED TRAINING LAUNCHER
================================================================================
  Model:      resnext101_32x8d (CIFAR stem) (pretrained)
  Dataset:    cifar10 (10 classes)
  Backend:    mpi
  Algorithm:  recursive_doubling_zfp
  Epochs:     10
  Batch/rank: 128
  LR:         0.01
================================================================================

  Batch [50/98] Loss: 2.3108, Acc: 11.19%
[Epoch 1] Train Loss: 2.3103, Acc: 11.10%  |  Val Loss: 2.3143, Acc: 11.08%  |  Time: 24.8s
  -> Best model saved (11.08%)

[Epoch 2] Training... (lr=0.002008)
  Batch [50/98] Loss: 2.2347, Acc: 20.62%
[Epoch 2] Train Loss: 2.1533, Acc: 27.24%  |  Val Loss: 1.9586, Acc: 40.24%  |  Time: 18.9s
  -> Best model saved (40.24%)

[Epoch 3] Training... (lr=0.004006)
  Batch [50/98] Loss: 1.8140, Acc: 44.31%
[Epoch 3] Train Loss: 1.6616, Acc: 48.48%  |  Val Loss: 1.3391, Acc: 58.60%  |  Time: 18.9s
  -> Best model saved (58.60%)

[Epoch 4] Training... (lr=0.006004)
  Batch [50/98] Loss: 1.1968, Acc: 62.39%
[Epoch 4] Train Loss: 1.0767, Acc: 65.42%  |  Val Loss: 0.8044, Acc: 74.52%  |  Time: 18.9s
  -> Best model saved (74.52%)

[Epoch 5] Training... (lr=0.008002)
  Batch [50/98] Loss: 0.7140, Acc: 76.66%
[Epoch 5] Train Loss: 0.6635, Acc: 78.08%  |  Val Loss: 0.5224, Acc: 83.48%  |  Time: 19.0s
  -> Best model saved (83.48%)

[Epoch 6] Training... (lr=0.010000)
  Batch [50/98] Loss: 0.5109, Acc: 82.91%
[Epoch 6] Train Loss: 0.4674, Acc: 84.19%  |  Val Loss: 0.3352, Acc: 89.44%  |  Time: 18.9s
  -> Best model saved (89.44%)

[Epoch 7] Training... (lr=0.009045)
  Batch [50/98] Loss: 0.3521, Acc: 88.75%
[Epoch 7] Train Loss: 0.3327, Acc: 88.99%  |  Val Loss: 0.2646, Acc: 91.36%  |  Time: 18.9s
  -> Best model saved (91.36%)

[Epoch 8] Training... (lr=0.006545)
  Batch [50/98] Loss: 0.2769, Acc: 90.83%
[Epoch 8] Train Loss: 0.2636, Acc: 91.18%  |  Val Loss: 0.2239, Acc: 92.96%  |  Time: 19.0s
  -> Best model saved (92.96%)

[Epoch 9] Training... (lr=0.003455)
  Batch [50/98] Loss: 0.2340, Acc: 92.06%
[Epoch 9] Train Loss: 0.2209, Acc: 92.59%  |  Val Loss: 0.1993, Acc: 93.56%  |  Time: 19.0s
  -> Best model saved (93.56%)

[Epoch 10] Training... (lr=0.000955)
  Batch [50/98] Loss: 0.2011, Acc: 93.19%
[Epoch 10] Train Loss: 0.1952, Acc: 93.36%  |  Val Loss: 0.1943, Acc: 93.68%  |  Time: 18.9s
  -> Best model saved (93.68%)

================================================================================
Done in 206.9s | Best val acc: 93.68%
Epoch times: mean=19.5s  min=18.9s  max=24.8s
================================================================================
=== Job finished: Sun May 17 04:58:25 PM UTC 2026 ===
