=== Job started: Sun May 17 05:29:29 PM UTC 2026 ===
=== Node: x3006c0s13b0n0 ===

The following have been reloaded with a version change:
  1) gcc-native/14 => gcc-native/13


The following have been reloaded with a version change:
  1) gcc-native/13 => gcc-native/14.2

[INFO] GTL preloaded: /opt/cray/pe/mpich/9.0.1/ofi/nvidia/23.3/lib/libmpi_gtl_cuda.so
=============================================
  Polaris DDP + Eagle PyTorch + Cray MPICH
=============================================
Node              : x3006c0s13b0n0
GTL               : /opt/cray/pe/mpich/9.0.1/ofi/nvidia/23.3/lib/libmpi_gtl_cuda.so
MPICH_GPU_SUPPORT : 1

PyTorch version   : 2.8.0a0+gitba56102
PyTorch location  : /lus/eagle/projects/UIC-HPC/mrest/pytorch_mpi_build/src/pytorch/torch/__init__.py
CUDA available    : True 4
MPI available     : True
mpi4py            : MPI VERSION    : CRAY MPICH version 9.0.1.498 (ANL base 4.1.2)
mpi4py rank test  : rank 0 OK
=============================================
=== Starting training ===

================================================================================
DISTRIBUTED TRAINING LAUNCHER
================================================================================
  Model:      resnext101_32x8d (CIFAR stem) (pretrained)
  Dataset:    cifar10 (10 classes)
  Backend:    nccl
  Algorithm:  recursive_doubling
  Epochs:     10
  Batch/rank: 128
  LR:         0.01
================================================================================


================================================================================
Distributed Training: RESNEXT101_32X8D on CIFAR10
Backend: NCCL, Algorithm: recursive_doubling
================================================================================
Ranks: 4, Epochs: 10, Batch/rank: 128, Effective batch: 512
LR: 0.01, Device: cuda:0

[Setup] Model on cuda:0, wrapped in DDP (static_graph=True)
[Setup] Hook registered: nccl/recursive_doubling
[Data] Train batches: 98, Val batches: 20


[Epoch 1] Training... (lr=0.000010)

================================================================================
DISTRIBUTED TRAINING LAUNCHER
================================================================================
  Model:      resnext101_32x8d (CIFAR stem) (pretrained)
  Dataset:    cifar10 (10 classes)
  Backend:    nccl
  Algorithm:  recursive_doubling
  Epochs:     10
  Batch/rank: 128
  LR:         0.01
================================================================================


================================================================================
DISTRIBUTED TRAINING LAUNCHER
================================================================================
  Model:      resnext101_32x8d (CIFAR stem) (pretrained)
  Dataset:    cifar10 (10 classes)
  Backend:    nccl
  Algorithm:  recursive_doubling
  Epochs:     10
  Batch/rank: 128
  LR:         0.01
================================================================================


================================================================================
DISTRIBUTED TRAINING LAUNCHER
================================================================================
  Model:      resnext101_32x8d (CIFAR stem) (pretrained)
  Dataset:    cifar10 (10 classes)
  Backend:    nccl
  Algorithm:  recursive_doubling
  Epochs:     10
  Batch/rank: 128
  LR:         0.01
================================================================================

  Batch [50/98] Loss: 2.3108, Acc: 11.14%
[Epoch 1] Train Loss: 2.3103, Acc: 11.03%  |  Val Loss: 2.3143, Acc: 11.04%  |  Time: 22.0s
  -> Best model saved (11.04%)

[Epoch 2] Training... (lr=0.002008)
  Batch [50/98] Loss: 2.2325, Acc: 21.42%
[Epoch 2] Train Loss: 2.1487, Acc: 27.72%  |  Val Loss: 1.9544, Acc: 40.68%  |  Time: 18.6s
  -> Best model saved (40.68%)

[Epoch 3] Training... (lr=0.004006)
  Batch [50/98] Loss: 1.7990, Acc: 45.47%
[Epoch 3] Train Loss: 1.6355, Acc: 49.93%  |  Val Loss: 1.3145, Acc: 59.72%  |  Time: 18.6s
  -> Best model saved (59.72%)

[Epoch 4] Training... (lr=0.006004)
  Batch [50/98] Loss: 1.1447, Acc: 64.17%
[Epoch 4] Train Loss: 1.0311, Acc: 67.16%  |  Val Loss: 0.7643, Acc: 75.52%  |  Time: 18.6s
  -> Best model saved (75.52%)

[Epoch 5] Training... (lr=0.008002)
  Batch [50/98] Loss: 0.6590, Acc: 78.11%
[Epoch 5] Train Loss: 0.6005, Acc: 79.92%  |  Val Loss: 0.4345, Acc: 86.92%  |  Time: 18.6s
  -> Best model saved (86.92%)

[Epoch 6] Training... (lr=0.010000)
  Batch [50/98] Loss: 0.4373, Acc: 85.42%
[Epoch 6] Train Loss: 0.4017, Acc: 86.52%  |  Val Loss: 0.2745, Acc: 91.68%  |  Time: 18.6s
  -> Best model saved (91.68%)

[Epoch 7] Training... (lr=0.009045)
  Batch [50/98] Loss: 0.2875, Acc: 90.03%
[Epoch 7] Train Loss: 0.2747, Acc: 90.66%  |  Val Loss: 0.2093, Acc: 92.88%  |  Time: 18.6s
  -> Best model saved (92.88%)

[Epoch 8] Training... (lr=0.006545)
  Batch [50/98] Loss: 0.2216, Acc: 92.70%
[Epoch 8] Train Loss: 0.2062, Acc: 93.14%  |  Val Loss: 0.1687, Acc: 94.44%  |  Time: 18.6s
  -> Best model saved (94.44%)

[Epoch 9] Training... (lr=0.003455)
  Batch [50/98] Loss: 0.1684, Acc: 94.66%
[Epoch 9] Train Loss: 0.1620, Acc: 94.74%  |  Val Loss: 0.1556, Acc: 95.28%  |  Time: 18.6s
  -> Best model saved (95.28%)

[Epoch 10] Training... (lr=0.000955)
  Batch [50/98] Loss: 0.1527, Acc: 94.97%
[Epoch 10] Train Loss: 0.1491, Acc: 94.99%  |  Val Loss: 0.1504, Acc: 95.52%  |  Time: 18.6s
  -> Best model saved (95.52%)

================================================================================
Done in 201.1s | Best val acc: 95.52%
Epoch times: mean=19.0s  min=18.6s  max=22.0s
================================================================================
=== Job finished: Sun May 17 05:33:26 PM UTC 2026 ===
