=== Job started: Sun May 17 04:20:18 PM UTC 2026 ===
=== Node: x3006c0s13b0n0 ===

The following have been reloaded with a version change:
  1) gcc-native/14 => gcc-native/13


The following have been reloaded with a version change:
  1) gcc-native/13 => gcc-native/14.2

[INFO] GTL preloaded: /opt/cray/pe/mpich/9.0.1/ofi/nvidia/23.3/lib/libmpi_gtl_cuda.so
=============================================
  Polaris DDP + Eagle PyTorch + Cray MPICH
=============================================
Node              : x3006c0s13b0n0
GTL               : /opt/cray/pe/mpich/9.0.1/ofi/nvidia/23.3/lib/libmpi_gtl_cuda.so
MPICH_GPU_SUPPORT : 1

PyTorch version   : 2.8.0a0+gitba56102
PyTorch location  : /lus/eagle/projects/UIC-HPC/mrest/pytorch_mpi_build/src/pytorch/torch/__init__.py
CUDA available    : True 4
MPI available     : True
mpi4py            : MPI VERSION    : CRAY MPICH version 9.0.1.498 (ANL base 4.1.2)
mpi4py rank test  : rank 0 OK
=============================================
=== Starting training ===

================================================================================
DISTRIBUTED TRAINING LAUNCHER
================================================================================
  Model:      resnext101_32x8d (CIFAR stem) (pretrained)
  Dataset:    cifar10 (10 classes)
  Backend:    mpi
  Algorithm:  ring
  Epochs:     10
  Batch/rank: 128
  LR:         0.01
================================================================================


================================================================================
Distributed Training: RESNEXT101_32X8D on CIFAR10
Backend: MPI, Algorithm: ring
================================================================================
Ranks: 4, Epochs: 10, Batch/rank: 128, Effective batch: 512
LR: 0.01, Device: cuda:0

[Setup] Model on cuda:0, wrapped in DDP (static_graph=True)
[Setup] Hook registered: mpi/ring
[Data] Train batches: 98, Val batches: 20


[Epoch 1] Training... (lr=0.000010)

================================================================================
DISTRIBUTED TRAINING LAUNCHER
================================================================================
  Model:      resnext101_32x8d (CIFAR stem) (pretrained)
  Dataset:    cifar10 (10 classes)
  Backend:    mpi
  Algorithm:  ring
  Epochs:     10
  Batch/rank: 128
  LR:         0.01
================================================================================


================================================================================
DISTRIBUTED TRAINING LAUNCHER
================================================================================
  Model:      resnext101_32x8d (CIFAR stem) (pretrained)
  Dataset:    cifar10 (10 classes)
  Backend:    mpi
  Algorithm:  ring
  Epochs:     10
  Batch/rank: 128
  LR:         0.01
================================================================================


================================================================================
DISTRIBUTED TRAINING LAUNCHER
================================================================================
  Model:      resnext101_32x8d (CIFAR stem) (pretrained)
  Dataset:    cifar10 (10 classes)
  Backend:    mpi
  Algorithm:  ring
  Epochs:     10
  Batch/rank: 128
  LR:         0.01
================================================================================

  Batch [50/98] Loss: 2.3108, Acc: 11.16%
[Epoch 1] Train Loss: 2.3103, Acc: 11.06%  |  Val Loss: 2.3143, Acc: 11.16%  |  Time: 22.9s
  -> Best model saved (11.16%)

[Epoch 2] Training... (lr=0.002008)
  Batch [50/98] Loss: 2.2337, Acc: 20.83%
[Epoch 2] Train Loss: 2.1527, Acc: 27.31%  |  Val Loss: 1.9615, Acc: 39.12%  |  Time: 18.5s
  -> Best model saved (39.12%)

[Epoch 3] Training... (lr=0.004006)
  Batch [50/98] Loss: 1.8126, Acc: 43.78%
[Epoch 3] Train Loss: 1.6578, Acc: 48.86%  |  Val Loss: 1.3513, Acc: 59.52%  |  Time: 18.4s
  -> Best model saved (59.52%)

[Epoch 4] Training... (lr=0.006004)
  Batch [50/98] Loss: 1.2197, Acc: 61.03%
[Epoch 4] Train Loss: 1.0966, Acc: 64.50%  |  Val Loss: 0.8218, Acc: 73.48%  |  Time: 18.4s
  -> Best model saved (73.48%)

[Epoch 5] Training... (lr=0.008002)
  Batch [50/98] Loss: 0.7264, Acc: 76.41%
[Epoch 5] Train Loss: 0.6705, Acc: 77.82%  |  Val Loss: 0.5158, Acc: 83.00%  |  Time: 18.4s
  -> Best model saved (83.00%)

[Epoch 6] Training... (lr=0.010000)
  Batch [50/98] Loss: 0.5093, Acc: 83.34%
[Epoch 6] Train Loss: 0.4638, Acc: 84.70%  |  Val Loss: 0.3456, Acc: 89.04%  |  Time: 18.4s
  -> Best model saved (89.04%)

[Epoch 7] Training... (lr=0.009045)
  Batch [50/98] Loss: 0.3450, Acc: 88.38%
[Epoch 7] Train Loss: 0.3222, Acc: 89.25%  |  Val Loss: 0.2593, Acc: 91.44%  |  Time: 18.4s
  -> Best model saved (91.44%)

[Epoch 8] Training... (lr=0.006545)
  Batch [50/98] Loss: 0.2717, Acc: 90.91%
[Epoch 8] Train Loss: 0.2536, Acc: 91.39%  |  Val Loss: 0.2096, Acc: 93.40%  |  Time: 18.4s
  -> Best model saved (93.40%)

[Epoch 9] Training... (lr=0.003455)
  Batch [50/98] Loss: 0.2170, Acc: 92.83%
[Epoch 9] Train Loss: 0.2039, Acc: 93.16%  |  Val Loss: 0.1930, Acc: 93.80%  |  Time: 18.4s
  -> Best model saved (93.80%)

[Epoch 10] Training... (lr=0.000955)
  Batch [50/98] Loss: 0.1898, Acc: 93.77%
[Epoch 10] Train Loss: 0.1845, Acc: 93.91%  |  Val Loss: 0.1848, Acc: 93.80%  |  Time: 18.5s

================================================================================
Done in 199.1s | Best val acc: 93.80%
Epoch times: mean=18.9s  min=18.4s  max=22.9s
================================================================================
=== Job finished: Sun May 17 04:24:06 PM UTC 2026 ===
