
================================================================================
Distributed Training: WIDE_RESNET50_2 on CIFAR10
Backend: MPI, Algorithm: built-in (no hook)
================================================================================
Ranks: 4, Epochs: 20, Batch/rank: 128, Effective batch: 512
LR: 0.001, Device: cuda:0

[Setup] Model on cuda:0, wrapped in DDP (static_graph=True)
[Setup] No hook — using DDP built-in MPI allreduce
[Data] Train batches: 98, Val batches: 20


[Epoch 1] Training... (lr=0.000001)
  Batch [50/98] Loss: 2.3589, Acc: 10.81%
[Epoch 1] Train Loss: 2.3570, Acc: 10.85%  |  Val Loss: 2.6184, Acc: 11.32%  |  Time: 7.7s
  -> Best model saved (11.32%)
[Epoch 1] Summarizing hook timing...
[HOOK_TIMING_SUMMARY] epoch=1 no hook timing samples
[Epoch 1] Hook timing summary done

[Epoch 2] Training... (lr=0.001000)
  Batch [50/98] Loss: 2.2479, Acc: 17.69%
[Epoch 2] Train Loss: 2.1515, Acc: 23.38%  |  Val Loss: 2.0299, Acc: 37.04%  |  Time: 2.8s
  -> Best model saved (37.04%)
[Epoch 2] Summarizing hook timing...
[HOOK_TIMING_SUMMARY] epoch=2 no hook timing samples
[Epoch 2] Hook timing summary done

[Epoch 3] Training... (lr=0.000993)
  Batch [50/98] Loss: 1.8322, Acc: 38.47%
[Epoch 3] Train Loss: 1.7456, Acc: 41.13%  |  Val Loss: 1.5606, Acc: 48.72%  |  Time: 2.7s
  -> Best model saved (48.72%)
[Epoch 3] Summarizing hook timing...
[HOOK_TIMING_SUMMARY] epoch=3 no hook timing samples
[Epoch 3] Hook timing summary done

[Epoch 4] Training... (lr=0.000973)
  Batch [50/98] Loss: 1.5049, Acc: 49.64%
[Epoch 4] Train Loss: 1.4581, Acc: 50.62%  |  Val Loss: 1.3832, Acc: 56.92%  |  Time: 2.7s
  -> Best model saved (56.92%)
[Epoch 4] Summarizing hook timing...
[HOOK_TIMING_SUMMARY] epoch=4 no hook timing samples
[Epoch 4] Hook timing summary done

[Epoch 5] Training... (lr=0.000940)
  Batch [50/98] Loss: 1.2569, Acc: 56.66%
[Epoch 5] Train Loss: 1.2357, Acc: 57.34%  |  Val Loss: 1.1550, Acc: 61.40%  |  Time: 2.7s
  -> Best model saved (61.40%)
[Epoch 5] Summarizing hook timing...
[HOOK_TIMING_SUMMARY] epoch=5 no hook timing samples
[Epoch 5] Hook timing summary done

[Epoch 6] Training... (lr=0.000895)
  Batch [50/98] Loss: 1.1291, Acc: 60.30%
[Epoch 6] Train Loss: 1.1164, Acc: 60.94%  |  Val Loss: 1.0470, Acc: 65.00%  |  Time: 2.7s
  -> Best model saved (65.00%)
[Epoch 6] Summarizing hook timing...
[HOOK_TIMING_SUMMARY] epoch=6 no hook timing samples
[Epoch 6] Hook timing summary done

[Epoch 7] Training... (lr=0.000839)
  Batch [50/98] Loss: 1.0392, Acc: 63.89%
[Epoch 7] Train Loss: 1.0225, Acc: 64.33%  |  Val Loss: 0.9582, Acc: 68.32%  |  Time: 2.7s
  -> Best model saved (68.32%)
[Epoch 7] Summarizing hook timing...
[HOOK_TIMING_SUMMARY] epoch=7 no hook timing samples
[Epoch 7] Hook timing summary done

[Epoch 8] Training... (lr=0.000773)
  Batch [50/98] Loss: 0.9590, Acc: 67.41%
[Epoch 8] Train Loss: 0.9588, Acc: 67.12%  |  Val Loss: 0.9043, Acc: 69.96%  |  Time: 2.7s
  -> Best model saved (69.96%)
[Epoch 8] Summarizing hook timing...
[HOOK_TIMING_SUMMARY] epoch=8 no hook timing samples
[Epoch 8] Hook timing summary done

[Epoch 9] Training... (lr=0.000701)
  Batch [50/98] Loss: 0.9192, Acc: 68.03%
[Epoch 9] Train Loss: 0.9006, Acc: 69.06%  |  Val Loss: 0.8521, Acc: 71.68%  |  Time: 2.7s
  -> Best model saved (71.68%)
[Epoch 9] Summarizing hook timing...
[HOOK_TIMING_SUMMARY] epoch=9 no hook timing samples
[Epoch 9] Hook timing summary done

[Epoch 10] Training... (lr=0.000623)
  Batch [50/98] Loss: 0.8665, Acc: 70.38%
[Epoch 10] Train Loss: 0.8596, Acc: 70.38%  |  Val Loss: 0.8099, Acc: 72.72%  |  Time: 2.7s
  -> Best model saved (72.72%)
[Epoch 10] Summarizing hook timing...
[HOOK_TIMING_SUMMARY] epoch=10 no hook timing samples
[Epoch 10] Hook timing summary done

[Epoch 11] Training... (lr=0.000541)
  Batch [50/98] Loss: 0.8419, Acc: 71.36%
[Epoch 11] Train Loss: 0.8316, Acc: 71.54%  |  Val Loss: 0.7888, Acc: 73.84%  |  Time: 2.7s
  -> Best model saved (73.84%)
[Epoch 11] Summarizing hook timing...
[HOOK_TIMING_SUMMARY] epoch=11 no hook timing samples
[Epoch 11] Hook timing summary done

[Epoch 12] Training... (lr=0.000459)
  Batch [50/98] Loss: 0.8183, Acc: 71.84%
[Epoch 12] Train Loss: 0.8103, Acc: 72.24%  |  Val Loss: 0.7680, Acc: 74.44%  |  Time: 2.7s
  -> Best model saved (74.44%)
[Epoch 12] Summarizing hook timing...
[HOOK_TIMING_SUMMARY] epoch=12 no hook timing samples
[Epoch 12] Hook timing summary done

[Epoch 13] Training... (lr=0.000377)
  Batch [50/98] Loss: 0.7817, Acc: 72.72%
[Epoch 13] Train Loss: 0.7755, Acc: 73.30%  |  Val Loss: 0.7566, Acc: 74.36%  |  Time: 2.7s
[Epoch 13] Summarizing hook timing...
[HOOK_TIMING_SUMMARY] epoch=13 no hook timing samples
[Epoch 13] Hook timing summary done

[Epoch 14] Training... (lr=0.000299)
  Batch [50/98] Loss: 0.7732, Acc: 73.19%
[Epoch 14] Train Loss: 0.7746, Acc: 73.39%  |  Val Loss: 0.7381, Acc: 74.96%  |  Time: 2.7s
  -> Best model saved (74.96%)
[Epoch 14] Summarizing hook timing...
[HOOK_TIMING_SUMMARY] epoch=14 no hook timing samples
[Epoch 14] Hook timing summary done

[Epoch 15] Training... (lr=0.000227)
  Batch [50/98] Loss: 0.7631, Acc: 74.17%
[Epoch 15] Train Loss: 0.7595, Acc: 74.29%  |  Val Loss: 0.7401, Acc: 75.04%  |  Time: 2.7s
  -> Best model saved (75.04%)
[Epoch 15] Summarizing hook timing...
[HOOK_TIMING_SUMMARY] epoch=15 no hook timing samples
[Epoch 15] Hook timing summary done

[Epoch 16] Training... (lr=0.000161)
  Batch [50/98] Loss: 0.7469, Acc: 74.08%
[Epoch 16] Train Loss: 0.7436, Acc: 74.53%  |  Val Loss: 0.7263, Acc: 75.32%  |  Time: 2.7s
  -> Best model saved (75.32%)
[Epoch 16] Summarizing hook timing...
[HOOK_TIMING_SUMMARY] epoch=16 no hook timing samples
[Epoch 16] Hook timing summary done

[Epoch 17] Training... (lr=0.000105)
  Batch [50/98] Loss: 0.7379, Acc: 74.44%
[Epoch 17] Train Loss: 0.7425, Acc: 74.13%  |  Val Loss: 0.7222, Acc: 75.44%  |  Time: 2.7s
  -> Best model saved (75.44%)
[Epoch 17] Summarizing hook timing...
[HOOK_TIMING_SUMMARY] epoch=17 no hook timing samples
[Epoch 17] Hook timing summary done

[Epoch 18] Training... (lr=0.000060)
  Batch [50/98] Loss: 0.7344, Acc: 75.42%
[Epoch 18] Train Loss: 0.7345, Acc: 75.03%  |  Val Loss: 0.7290, Acc: 75.20%  |  Time: 2.8s
[Epoch 18] Summarizing hook timing...
[HOOK_TIMING_SUMMARY] epoch=18 no hook timing samples
[Epoch 18] Hook timing summary done

[Epoch 19] Training... (lr=0.000027)
  Batch [50/98] Loss: 0.7258, Acc: 74.78%
[Epoch 19] Train Loss: 0.7292, Acc: 74.63%  |  Val Loss: 0.7221, Acc: 75.52%  |  Time: 2.7s
  -> Best model saved (75.52%)
[Epoch 19] Summarizing hook timing...
[HOOK_TIMING_SUMMARY] epoch=19 no hook timing samples
[Epoch 19] Hook timing summary done

[Epoch 20] Training... (lr=0.000007)
  Batch [50/98] Loss: 0.7181, Acc: 75.08%
[Epoch 20] Train Loss: 0.7248, Acc: 75.13%  |  Val Loss: 0.7370, Acc: 75.16%  |  Time: 2.8s
[Epoch 20] Summarizing hook timing...
[HOOK_TIMING_SUMMARY] epoch=20 no hook timing samples
[Epoch 20] Hook timing summary done

================================================================================
Done in 74.4s | Best val acc: 75.52%
Epoch times: mean=3.0s  min=2.7s  max=7.7s
================================================================================
