
================================================================================
Distributed Training: WIDE_RESNET50_2 on CIFAR10
Backend: MPI, Algorithm: ring_zfp_online_coll
================================================================================
Ranks: 4, Epochs: 20, Batch/rank: 128, Effective batch: 512
LR: 0.001, Device: cuda:0

[Setup] Model on cuda:0, wrapped in DDP (static_graph=True)
[Setup] Hook registered: mpi/ring_zfp_online_coll
[Data] Train batches: 98, Val batches: 20


[Epoch 1] Training... (lr=0.000001)
  Batch [50/98] Loss: 2.3589, Acc: 10.84%
[Epoch 1] Train Loss: 2.3569, Acc: 10.86%  |  Val Loss: 2.6177, Acc: 11.32%  |  Time: 4.8s
  -> Best model saved (11.32%)
[Epoch 1] Summarizing hook timing...

[HOOK_TIMING_SUMMARY] epoch=1
[HOOK_WORK_SUMMARY] label=mpi:ring_zfp_online_coll:rate10 calls=770 work_total_ms=1877.334 work_mean_ms=2.438 work_min_ms=1.257 work_max_ms=12.755
[HOOK_TAIL_SUMMARY] label=mpi:ring_zfp_online_coll:rate10 steps=99 tail_total_ms=932.533 tail_mean_ms=9.420 tail_min_ms=4.350 tail_max_ms=35.028
[Epoch 1] Hook timing summary done

[Epoch 2] Training... (lr=0.001000)
  Batch [50/98] Loss: 2.2480, Acc: 17.58%
[Epoch 2] Train Loss: 2.1503, Acc: 23.43%  |  Val Loss: 1.9928, Acc: 37.20%  |  Time: 3.5s
  -> Best model saved (37.20%)
[Epoch 2] Summarizing hook timing...

[HOOK_TIMING_SUMMARY] epoch=2
[HOOK_WORK_SUMMARY] label=mpi:ring_zfp_online_coll:rate10 calls=784 work_total_ms=1789.206 work_mean_ms=2.282 work_min_ms=1.281 work_max_ms=4.020
[HOOK_TAIL_SUMMARY] label=mpi:ring_zfp_online_coll:rate10 steps=98 tail_total_ms=780.098 tail_mean_ms=7.960 tail_min_ms=3.680 tail_max_ms=9.204
[Epoch 2] Hook timing summary done

[Epoch 3] Training... (lr=0.000993)
  Batch [50/98] Loss: 1.8281, Acc: 38.91%
[Epoch 3] Train Loss: 1.7458, Acc: 41.74%  |  Val Loss: 1.5847, Acc: 48.20%  |  Time: 3.5s
  -> Best model saved (48.20%)
[Epoch 3] Summarizing hook timing...

[HOOK_TIMING_SUMMARY] epoch=3
[HOOK_WORK_SUMMARY] label=mpi:ring_zfp_online_coll:rate10 calls=784 work_total_ms=1860.629 work_mean_ms=2.373 work_min_ms=1.274 work_max_ms=4.668
[HOOK_TAIL_SUMMARY] label=mpi:ring_zfp_online_coll:rate10 steps=98 tail_total_ms=946.786 tail_mean_ms=9.661 tail_min_ms=4.755 tail_max_ms=10.541
[Epoch 3] Hook timing summary done

[Epoch 4] Training... (lr=0.000973)
  Batch [50/98] Loss: 1.5147, Acc: 49.31%
[Epoch 4] Train Loss: 1.4689, Acc: 50.30%  |  Val Loss: 1.3974, Acc: 56.40%  |  Time: 3.5s
  -> Best model saved (56.40%)
[Epoch 4] Summarizing hook timing...

[HOOK_TIMING_SUMMARY] epoch=4
[HOOK_WORK_SUMMARY] label=mpi:ring_zfp_online_coll:rate10 calls=784 work_total_ms=1829.648 work_mean_ms=2.334 work_min_ms=1.279 work_max_ms=4.494
[HOOK_TAIL_SUMMARY] label=mpi:ring_zfp_online_coll:rate10 steps=98 tail_total_ms=885.419 tail_mean_ms=9.035 tail_min_ms=4.442 tail_max_ms=9.591
[Epoch 4] Hook timing summary done

[Epoch 5] Training... (lr=0.000940)
  Batch [50/98] Loss: 1.2620, Acc: 56.69%
[Epoch 5] Train Loss: 1.2418, Acc: 57.41%  |  Val Loss: 1.1705, Acc: 61.32%  |  Time: 3.5s
  -> Best model saved (61.32%)
[Epoch 5] Summarizing hook timing...

[HOOK_TIMING_SUMMARY] epoch=5
[HOOK_WORK_SUMMARY] label=mpi:ring_zfp_online_coll:rate10 calls=784 work_total_ms=1829.882 work_mean_ms=2.334 work_min_ms=1.270 work_max_ms=4.432
[HOOK_TAIL_SUMMARY] label=mpi:ring_zfp_online_coll:rate10 steps=98 tail_total_ms=887.163 tail_mean_ms=9.053 tail_min_ms=5.546 tail_max_ms=10.032
[Epoch 5] Hook timing summary done

[Epoch 6] Training... (lr=0.000895)
  Batch [50/98] Loss: 1.1364, Acc: 60.66%
[Epoch 6] Train Loss: 1.1205, Acc: 61.36%  |  Val Loss: 1.0539, Acc: 65.08%  |  Time: 3.5s
  -> Best model saved (65.08%)
[Epoch 6] Summarizing hook timing...

[HOOK_TIMING_SUMMARY] epoch=6
[HOOK_WORK_SUMMARY] label=mpi:ring_zfp_online_coll:rate10 calls=784 work_total_ms=1885.146 work_mean_ms=2.405 work_min_ms=1.271 work_max_ms=4.427
[HOOK_TAIL_SUMMARY] label=mpi:ring_zfp_online_coll:rate10 steps=98 tail_total_ms=986.681 tail_mean_ms=10.068 tail_min_ms=5.765 tail_max_ms=10.870
[Epoch 6] Hook timing summary done

[Epoch 7] Training... (lr=0.000839)
  Batch [50/98] Loss: 1.0491, Acc: 63.67%
[Epoch 7] Train Loss: 1.0269, Acc: 64.38%  |  Val Loss: 0.9656, Acc: 67.88%  |  Time: 3.6s
  -> Best model saved (67.88%)
[Epoch 7] Summarizing hook timing...

[HOOK_TIMING_SUMMARY] epoch=7
[HOOK_WORK_SUMMARY] label=mpi:ring_zfp_online_coll:rate10 calls=784 work_total_ms=1842.959 work_mean_ms=2.351 work_min_ms=1.286 work_max_ms=4.602
[HOOK_TAIL_SUMMARY] label=mpi:ring_zfp_online_coll:rate10 steps=98 tail_total_ms=910.715 tail_mean_ms=9.293 tail_min_ms=6.550 tail_max_ms=9.756
[Epoch 7] Hook timing summary done

[Epoch 8] Training... (lr=0.000773)
  Batch [50/98] Loss: 0.9616, Acc: 66.95%
[Epoch 8] Train Loss: 0.9602, Acc: 66.92%  |  Val Loss: 0.9033, Acc: 70.08%  |  Time: 3.5s
  -> Best model saved (70.08%)
[Epoch 8] Summarizing hook timing...

[HOOK_TIMING_SUMMARY] epoch=8
[HOOK_WORK_SUMMARY] label=mpi:ring_zfp_online_coll:rate10 calls=784 work_total_ms=1879.691 work_mean_ms=2.398 work_min_ms=1.283 work_max_ms=10.655
[HOOK_TAIL_SUMMARY] label=mpi:ring_zfp_online_coll:rate10 steps=98 tail_total_ms=971.535 tail_mean_ms=9.914 tail_min_ms=5.446 tail_max_ms=14.738
[Epoch 8] Hook timing summary done

[Epoch 9] Training... (lr=0.000701)
  Batch [50/98] Loss: 0.9153, Acc: 67.89%
[Epoch 9] Train Loss: 0.8991, Acc: 68.93%  |  Val Loss: 0.8462, Acc: 71.72%  |  Time: 3.5s
  -> Best model saved (71.72%)
[Epoch 9] Summarizing hook timing...

[HOOK_TIMING_SUMMARY] epoch=9
[HOOK_WORK_SUMMARY] label=mpi:ring_zfp_online_coll:rate10 calls=784 work_total_ms=1834.987 work_mean_ms=2.341 work_min_ms=1.276 work_max_ms=4.401
[HOOK_TAIL_SUMMARY] label=mpi:ring_zfp_online_coll:rate10 steps=98 tail_total_ms=893.371 tail_mean_ms=9.116 tail_min_ms=5.600 tail_max_ms=9.600
[Epoch 9] Hook timing summary done

[Epoch 10] Training... (lr=0.000623)
  Batch [50/98] Loss: 0.8650, Acc: 69.88%
[Epoch 10] Train Loss: 0.8605, Acc: 70.10%  |  Val Loss: 0.8069, Acc: 73.08%  |  Time: 3.5s
  -> Best model saved (73.08%)
[Epoch 10] Summarizing hook timing...

[HOOK_TIMING_SUMMARY] epoch=10
[HOOK_WORK_SUMMARY] label=mpi:ring_zfp_online_coll:rate10 calls=784 work_total_ms=1835.951 work_mean_ms=2.342 work_min_ms=1.276 work_max_ms=4.415
[HOOK_TAIL_SUMMARY] label=mpi:ring_zfp_online_coll:rate10 steps=98 tail_total_ms=874.817 tail_mean_ms=8.927 tail_min_ms=1.456 tail_max_ms=9.907
[Epoch 10] Hook timing summary done

[Epoch 11] Training... (lr=0.000541)
  Batch [50/98] Loss: 0.8418, Acc: 71.44%
[Epoch 11] Train Loss: 0.8307, Acc: 71.46%  |  Val Loss: 0.7816, Acc: 73.80%  |  Time: 3.5s
  -> Best model saved (73.80%)
[Epoch 11] Summarizing hook timing...

[HOOK_TIMING_SUMMARY] epoch=11
[HOOK_WORK_SUMMARY] label=mpi:ring_zfp_online_coll:rate10 calls=784 work_total_ms=1842.501 work_mean_ms=2.350 work_min_ms=1.262 work_max_ms=5.365
[HOOK_TAIL_SUMMARY] label=mpi:ring_zfp_online_coll:rate10 steps=98 tail_total_ms=880.412 tail_mean_ms=8.984 tail_min_ms=5.187 tail_max_ms=13.163
[Epoch 11] Hook timing summary done

[Epoch 12] Training... (lr=0.000459)
  Batch [50/98] Loss: 0.8174, Acc: 72.38%
[Epoch 12] Train Loss: 0.8097, Acc: 72.49%  |  Val Loss: 0.7602, Acc: 74.36%  |  Time: 3.5s
  -> Best model saved (74.36%)
[Epoch 12] Summarizing hook timing...

[HOOK_TIMING_SUMMARY] epoch=12
[HOOK_WORK_SUMMARY] label=mpi:ring_zfp_online_coll:rate10 calls=784 work_total_ms=1837.331 work_mean_ms=2.344 work_min_ms=1.261 work_max_ms=4.427
[HOOK_TAIL_SUMMARY] label=mpi:ring_zfp_online_coll:rate10 steps=98 tail_total_ms=886.005 tail_mean_ms=9.041 tail_min_ms=4.829 tail_max_ms=10.257
[Epoch 12] Hook timing summary done

[Epoch 13] Training... (lr=0.000377)
  Batch [50/98] Loss: 0.7836, Acc: 72.67%
[Epoch 13] Train Loss: 0.7774, Acc: 73.09%  |  Val Loss: 0.7519, Acc: 74.68%  |  Time: 3.5s
  -> Best model saved (74.68%)
[Epoch 13] Summarizing hook timing...

[HOOK_TIMING_SUMMARY] epoch=13
[HOOK_WORK_SUMMARY] label=mpi:ring_zfp_online_coll:rate10 calls=784 work_total_ms=1803.900 work_mean_ms=2.301 work_min_ms=1.270 work_max_ms=4.429
[HOOK_TAIL_SUMMARY] label=mpi:ring_zfp_online_coll:rate10 steps=98 tail_total_ms=828.504 tail_mean_ms=8.454 tail_min_ms=5.302 tail_max_ms=9.599
[Epoch 13] Hook timing summary done

[Epoch 14] Training... (lr=0.000299)
  Batch [50/98] Loss: 0.7747, Acc: 73.02%
[Epoch 14] Train Loss: 0.7725, Acc: 73.27%  |  Val Loss: 0.7339, Acc: 75.36%  |  Time: 3.5s
  -> Best model saved (75.36%)
[Epoch 14] Summarizing hook timing...

[HOOK_TIMING_SUMMARY] epoch=14
[HOOK_WORK_SUMMARY] label=mpi:ring_zfp_online_coll:rate10 calls=784 work_total_ms=1831.811 work_mean_ms=2.336 work_min_ms=1.268 work_max_ms=4.583
[HOOK_TAIL_SUMMARY] label=mpi:ring_zfp_online_coll:rate10 steps=98 tail_total_ms=887.703 tail_mean_ms=9.058 tail_min_ms=5.694 tail_max_ms=9.542
[Epoch 14] Hook timing summary done

[Epoch 15] Training... (lr=0.000227)
  Batch [50/98] Loss: 0.7656, Acc: 74.25%
[Epoch 15] Train Loss: 0.7628, Acc: 74.19%  |  Val Loss: 0.7338, Acc: 75.36%  |  Time: 3.5s
[Epoch 15] Summarizing hook timing...

[HOOK_TIMING_SUMMARY] epoch=15
[HOOK_WORK_SUMMARY] label=mpi:ring_zfp_online_coll:rate10 calls=784 work_total_ms=1893.587 work_mean_ms=2.415 work_min_ms=1.270 work_max_ms=4.362
[HOOK_TAIL_SUMMARY] label=mpi:ring_zfp_online_coll:rate10 steps=98 tail_total_ms=915.113 tail_mean_ms=9.338 tail_min_ms=4.060 tail_max_ms=10.138
[Epoch 15] Hook timing summary done

[Epoch 16] Training... (lr=0.000161)
  Batch [50/98] Loss: 0.7471, Acc: 74.08%
[Epoch 16] Train Loss: 0.7431, Acc: 74.48%  |  Val Loss: 0.7207, Acc: 75.52%  |  Time: 3.5s
  -> Best model saved (75.52%)
[Epoch 16] Summarizing hook timing...

[HOOK_TIMING_SUMMARY] epoch=16
[HOOK_WORK_SUMMARY] label=mpi:ring_zfp_online_coll:rate10 calls=784 work_total_ms=1841.394 work_mean_ms=2.349 work_min_ms=1.257 work_max_ms=4.344
[HOOK_TAIL_SUMMARY] label=mpi:ring_zfp_online_coll:rate10 steps=98 tail_total_ms=881.550 tail_mean_ms=8.995 tail_min_ms=5.464 tail_max_ms=9.777
[Epoch 16] Hook timing summary done

[Epoch 17] Training... (lr=0.000105)
  Batch [50/98] Loss: 0.7409, Acc: 74.14%
[Epoch 17] Train Loss: 0.7451, Acc: 74.01%  |  Val Loss: 0.7165, Acc: 75.24%  |  Time: 3.5s
[Epoch 17] Summarizing hook timing...

[HOOK_TIMING_SUMMARY] epoch=17
[HOOK_WORK_SUMMARY] label=mpi:ring_zfp_online_coll:rate10 calls=784 work_total_ms=1936.415 work_mean_ms=2.470 work_min_ms=1.271 work_max_ms=4.268
[HOOK_TAIL_SUMMARY] label=mpi:ring_zfp_online_coll:rate10 steps=98 tail_total_ms=1023.241 tail_mean_ms=10.441 tail_min_ms=6.717 tail_max_ms=11.288
[Epoch 17] Hook timing summary done

[Epoch 18] Training... (lr=0.000060)
  Batch [50/98] Loss: 0.7305, Acc: 75.28%
[Epoch 18] Train Loss: 0.7342, Acc: 74.87%  |  Val Loss: 0.7238, Acc: 75.60%  |  Time: 3.6s
  -> Best model saved (75.60%)
[Epoch 18] Summarizing hook timing...

[HOOK_TIMING_SUMMARY] epoch=18
[HOOK_WORK_SUMMARY] label=mpi:ring_zfp_online_coll:rate10 calls=784 work_total_ms=1951.460 work_mean_ms=2.489 work_min_ms=1.276 work_max_ms=54.469
[HOOK_TAIL_SUMMARY] label=mpi:ring_zfp_online_coll:rate10 steps=98 tail_total_ms=982.839 tail_mean_ms=10.029 tail_min_ms=6.795 tail_max_ms=59.845
[Epoch 18] Hook timing summary done

[Epoch 19] Training... (lr=0.000027)
  Batch [50/98] Loss: 0.7268, Acc: 75.02%
[Epoch 19] Train Loss: 0.7318, Acc: 74.76%  |  Val Loss: 0.7130, Acc: 75.64%  |  Time: 3.5s
  -> Best model saved (75.64%)
[Epoch 19] Summarizing hook timing...

[HOOK_TIMING_SUMMARY] epoch=19
[HOOK_WORK_SUMMARY] label=mpi:ring_zfp_online_coll:rate10 calls=784 work_total_ms=1817.825 work_mean_ms=2.319 work_min_ms=1.276 work_max_ms=4.517
[HOOK_TAIL_SUMMARY] label=mpi:ring_zfp_online_coll:rate10 steps=98 tail_total_ms=855.823 tail_mean_ms=8.733 tail_min_ms=5.367 tail_max_ms=9.834
[Epoch 19] Hook timing summary done

[Epoch 20] Training... (lr=0.000007)
  Batch [50/98] Loss: 0.7170, Acc: 75.11%
[Epoch 20] Train Loss: 0.7263, Acc: 75.24%  |  Val Loss: 0.7288, Acc: 75.00%  |  Time: 3.5s
[Epoch 20] Summarizing hook timing...

[HOOK_TIMING_SUMMARY] epoch=20
[HOOK_WORK_SUMMARY] label=mpi:ring_zfp_online_coll:rate10 calls=784 work_total_ms=1852.317 work_mean_ms=2.363 work_min_ms=1.267 work_max_ms=4.677
[HOOK_TAIL_SUMMARY] label=mpi:ring_zfp_online_coll:rate10 steps=98 tail_total_ms=944.092 tail_mean_ms=9.634 tail_min_ms=5.977 tail_max_ms=10.864
[Epoch 20] Hook timing summary done

================================================================================
Done in 86.9s | Best val acc: 75.64%
Epoch times: mean=3.6s  min=3.5s  max=4.8s
================================================================================
