
================================================================================
Distributed Training: WIDE_RESNET50_2 on CIFAR10
Backend: MPI, Algorithm: built-in (no hook)
================================================================================
Ranks: 4, Epochs: 20, Batch/rank: 128, Effective batch: 512
LR: 0.001, Device: cuda:0

[Setup] Model on cuda:0, wrapped in DDP (static_graph=True)
[Setup] No hook — using DDP built-in MPI allreduce
[Data] Train batches: 98, Val batches: 20


[Epoch 1] Training... (lr=0.000001)
  Batch [50/98] Loss: 2.3589, Acc: 10.86%
[Epoch 1] Train Loss: 2.3569, Acc: 10.89%  |  Val Loss: 2.6183, Acc: 11.28%  |  Time: 6.5s
  -> Best model saved (11.28%)
[Epoch 1] Summarizing hook timing...
[HOOK_TIMING_SUMMARY] epoch=1 no hook timing samples
[Epoch 1] Hook timing summary done

[Epoch 2] Training... (lr=0.001000)
  Batch [50/98] Loss: 2.2555, Acc: 17.16%
[Epoch 2] Train Loss: 2.1700, Acc: 22.71%  |  Val Loss: 2.2792, Acc: 34.52%  |  Time: 2.7s
  -> Best model saved (34.52%)
[Epoch 2] Summarizing hook timing...
[HOOK_TIMING_SUMMARY] epoch=2 no hook timing samples
[Epoch 2] Hook timing summary done

[Epoch 3] Training... (lr=0.000993)
  Batch [50/98] Loss: 1.8670, Acc: 37.61%
[Epoch 3] Train Loss: 1.7810, Acc: 40.00%  |  Val Loss: 1.5974, Acc: 47.92%  |  Time: 2.7s
  -> Best model saved (47.92%)
[Epoch 3] Summarizing hook timing...
[HOOK_TIMING_SUMMARY] epoch=3 no hook timing samples
[Epoch 3] Hook timing summary done

[Epoch 4] Training... (lr=0.000973)
  Batch [50/98] Loss: 1.5334, Acc: 48.39%
[Epoch 4] Train Loss: 1.4914, Acc: 49.44%  |  Val Loss: 1.3922, Acc: 56.80%  |  Time: 2.7s
  -> Best model saved (56.80%)
[Epoch 4] Summarizing hook timing...
[HOOK_TIMING_SUMMARY] epoch=4 no hook timing samples
[Epoch 4] Hook timing summary done

[Epoch 5] Training... (lr=0.000940)
  Batch [50/98] Loss: 1.2928, Acc: 55.34%
[Epoch 5] Train Loss: 1.2692, Acc: 56.26%  |  Val Loss: 1.1855, Acc: 60.76%  |  Time: 2.7s
  -> Best model saved (60.76%)
[Epoch 5] Summarizing hook timing...
[HOOK_TIMING_SUMMARY] epoch=5 no hook timing samples
[Epoch 5] Hook timing summary done

[Epoch 6] Training... (lr=0.000895)
  Batch [50/98] Loss: 1.1531, Acc: 60.30%
[Epoch 6] Train Loss: 1.1394, Acc: 60.62%  |  Val Loss: 1.0881, Acc: 65.00%  |  Time: 2.7s
  -> Best model saved (65.00%)
[Epoch 6] Summarizing hook timing...
[HOOK_TIMING_SUMMARY] epoch=6 no hook timing samples
[Epoch 6] Hook timing summary done

[Epoch 7] Training... (lr=0.000839)
  Batch [50/98] Loss: 1.0632, Acc: 63.53%
[Epoch 7] Train Loss: 1.0437, Acc: 63.52%  |  Val Loss: 1.0013, Acc: 67.64%  |  Time: 2.6s
  -> Best model saved (67.64%)
[Epoch 7] Summarizing hook timing...
[HOOK_TIMING_SUMMARY] epoch=7 no hook timing samples
[Epoch 7] Hook timing summary done

[Epoch 8] Training... (lr=0.000773)
  Batch [50/98] Loss: 0.9836, Acc: 66.14%
[Epoch 8] Train Loss: 0.9781, Acc: 66.18%  |  Val Loss: 0.9541, Acc: 69.24%  |  Time: 2.7s
  -> Best model saved (69.24%)
[Epoch 8] Summarizing hook timing...
[HOOK_TIMING_SUMMARY] epoch=8 no hook timing samples
[Epoch 8] Hook timing summary done

[Epoch 9] Training... (lr=0.000701)
  Batch [50/98] Loss: 0.9358, Acc: 66.95%
[Epoch 9] Train Loss: 0.9161, Acc: 68.15%  |  Val Loss: 0.9290, Acc: 70.24%  |  Time: 2.7s
  -> Best model saved (70.24%)
[Epoch 9] Summarizing hook timing...
[HOOK_TIMING_SUMMARY] epoch=9 no hook timing samples
[Epoch 9] Hook timing summary done

[Epoch 10] Training... (lr=0.000623)
  Batch [50/98] Loss: 0.8845, Acc: 69.09%
[Epoch 10] Train Loss: 0.8795, Acc: 69.40%  |  Val Loss: 0.8759, Acc: 71.60%  |  Time: 2.7s
  -> Best model saved (71.60%)
[Epoch 10] Summarizing hook timing...
[HOOK_TIMING_SUMMARY] epoch=10 no hook timing samples
[Epoch 10] Hook timing summary done

[Epoch 11] Training... (lr=0.000541)
  Batch [50/98] Loss: 0.8628, Acc: 70.53%
[Epoch 11] Train Loss: 0.8489, Acc: 70.65%  |  Val Loss: 0.8372, Acc: 72.00%  |  Time: 2.7s
  -> Best model saved (72.00%)
[Epoch 11] Summarizing hook timing...
[HOOK_TIMING_SUMMARY] epoch=11 no hook timing samples
[Epoch 11] Hook timing summary done

[Epoch 12] Training... (lr=0.000459)
  Batch [50/98] Loss: 0.8236, Acc: 71.67%
[Epoch 12] Train Loss: 0.8187, Acc: 71.79%  |  Val Loss: 0.8139, Acc: 72.88%  |  Time: 2.7s
  -> Best model saved (72.88%)
[Epoch 12] Summarizing hook timing...
[HOOK_TIMING_SUMMARY] epoch=12 no hook timing samples
[Epoch 12] Hook timing summary done

[Epoch 13] Training... (lr=0.000377)
  Batch [50/98] Loss: 0.7984, Acc: 71.92%
[Epoch 13] Train Loss: 0.7919, Acc: 72.46%  |  Val Loss: 0.8114, Acc: 73.40%  |  Time: 2.7s
  -> Best model saved (73.40%)
[Epoch 13] Summarizing hook timing...
[HOOK_TIMING_SUMMARY] epoch=13 no hook timing samples
[Epoch 13] Hook timing summary done

[Epoch 14] Training... (lr=0.000299)
  Batch [50/98] Loss: 0.7871, Acc: 72.14%
[Epoch 14] Train Loss: 0.7870, Acc: 72.49%  |  Val Loss: 0.7868, Acc: 74.20%  |  Time: 2.7s
  -> Best model saved (74.20%)
[Epoch 14] Summarizing hook timing...
[HOOK_TIMING_SUMMARY] epoch=14 no hook timing samples
[Epoch 14] Hook timing summary done

[Epoch 15] Training... (lr=0.000227)
  Batch [50/98] Loss: 0.7873, Acc: 73.23%
[Epoch 15] Train Loss: 0.7790, Acc: 73.37%  |  Val Loss: 0.7890, Acc: 74.04%  |  Time: 2.7s
[Epoch 15] Summarizing hook timing...
[HOOK_TIMING_SUMMARY] epoch=15 no hook timing samples
[Epoch 15] Hook timing summary done

[Epoch 16] Training... (lr=0.000161)
  Batch [50/98] Loss: 0.7604, Acc: 73.52%
[Epoch 16] Train Loss: 0.7559, Acc: 73.95%  |  Val Loss: 0.7987, Acc: 74.72%  |  Time: 2.6s
  -> Best model saved (74.72%)
[Epoch 16] Summarizing hook timing...
[HOOK_TIMING_SUMMARY] epoch=16 no hook timing samples
[Epoch 16] Hook timing summary done

[Epoch 17] Training... (lr=0.000105)
  Batch [50/98] Loss: 0.7490, Acc: 74.08%
[Epoch 17] Train Loss: 0.7545, Acc: 73.71%  |  Val Loss: 0.7822, Acc: 74.76%  |  Time: 2.7s
  -> Best model saved (74.76%)
[Epoch 17] Summarizing hook timing...
[HOOK_TIMING_SUMMARY] epoch=17 no hook timing samples
[Epoch 17] Hook timing summary done

[Epoch 18] Training... (lr=0.000060)
  Batch [50/98] Loss: 0.7465, Acc: 74.36%
[Epoch 18] Train Loss: 0.7468, Acc: 74.29%  |  Val Loss: 0.7958, Acc: 74.00%  |  Time: 2.7s
[Epoch 18] Summarizing hook timing...
[HOOK_TIMING_SUMMARY] epoch=18 no hook timing samples
[Epoch 18] Hook timing summary done

[Epoch 19] Training... (lr=0.000027)
  Batch [50/98] Loss: 0.7442, Acc: 74.23%
[Epoch 19] Train Loss: 0.7443, Acc: 73.98%  |  Val Loss: 0.7646, Acc: 74.24%  |  Time: 2.7s
[Epoch 19] Summarizing hook timing...
[HOOK_TIMING_SUMMARY] epoch=19 no hook timing samples
[Epoch 19] Hook timing summary done

[Epoch 20] Training... (lr=0.000007)
  Batch [50/98] Loss: 0.7270, Acc: 74.66%
[Epoch 20] Train Loss: 0.7346, Acc: 74.73%  |  Val Loss: 0.8060, Acc: 74.32%  |  Time: 2.8s
[Epoch 20] Summarizing hook timing...
[HOOK_TIMING_SUMMARY] epoch=20 no hook timing samples
[Epoch 20] Hook timing summary done

================================================================================
Done in 71.7s | Best val acc: 74.76%
Epoch times: mean=2.9s  min=2.6s  max=6.5s
================================================================================
