
================================================================================
Distributed Training: WIDE_RESNET50_2 on CIFAR10
Backend: MPI, Algorithm: recursive_doubling_zfp_online_coll
================================================================================
Ranks: 4, Epochs: 20, Batch/rank: 128, Effective batch: 512
LR: 0.001, Device: cuda:0

[Setup] Model on cuda:0, wrapped in DDP (static_graph=True)
[Setup] Hook registered: mpi/recursive_doubling_zfp_online_coll
[Data] Train batches: 98, Val batches: 20


[Epoch 1] Training... (lr=0.000001)
  Batch [50/98] Loss: 2.3589, Acc: 10.75%
[Epoch 1] Train Loss: 2.3570, Acc: 10.82%  |  Val Loss: 2.6179, Acc: 11.24%  |  Time: 5.3s
  -> Best model saved (11.24%)
[Epoch 1] Summarizing hook timing...

[HOOK_TIMING_SUMMARY] epoch=1
[HOOK_WORK_SUMMARY] label=mpi:recursive_doubling_zfp_online_coll:rate16 calls=770 work_total_ms=2394.348 work_mean_ms=3.110 work_min_ms=1.161 work_max_ms=73.025
[HOOK_TAIL_SUMMARY] label=mpi:recursive_doubling_zfp_online_coll:rate16 steps=99 tail_total_ms=1484.275 tail_mean_ms=14.993 tail_min_ms=2.211 tail_max_ms=97.347
[Epoch 1] Hook timing summary done

[Epoch 2] Training... (lr=0.001000)
  Batch [50/98] Loss: 2.2484, Acc: 17.77%
[Epoch 2] Train Loss: 2.1548, Acc: 22.94%  |  Val Loss: 2.0293, Acc: 36.84%  |  Time: 4.1s
  -> Best model saved (36.84%)
[Epoch 2] Summarizing hook timing...

[HOOK_TIMING_SUMMARY] epoch=2
[HOOK_WORK_SUMMARY] label=mpi:recursive_doubling_zfp_online_coll:rate16 calls=784 work_total_ms=2333.031 work_mean_ms=2.976 work_min_ms=1.376 work_max_ms=5.942
[HOOK_TAIL_SUMMARY] label=mpi:recursive_doubling_zfp_online_coll:rate16 steps=98 tail_total_ms=1442.907 tail_mean_ms=14.724 tail_min_ms=12.765 tail_max_ms=15.375
[Epoch 2] Hook timing summary done

[Epoch 3] Training... (lr=0.000993)
  Batch [50/98] Loss: 1.8317, Acc: 38.52%
[Epoch 3] Train Loss: 1.7498, Acc: 40.92%  |  Val Loss: 1.5587, Acc: 48.44%  |  Time: 4.0s
  -> Best model saved (48.44%)
[Epoch 3] Summarizing hook timing...

[HOOK_TIMING_SUMMARY] epoch=3
[HOOK_WORK_SUMMARY] label=mpi:recursive_doubling_zfp_online_coll:rate16 calls=784 work_total_ms=2374.120 work_mean_ms=3.028 work_min_ms=1.275 work_max_ms=6.374
[HOOK_TAIL_SUMMARY] label=mpi:recursive_doubling_zfp_online_coll:rate16 steps=98 tail_total_ms=1502.846 tail_mean_ms=15.335 tail_min_ms=13.257 tail_max_ms=16.254
[Epoch 3] Hook timing summary done

[Epoch 4] Training... (lr=0.000973)
  Batch [50/98] Loss: 1.5108, Acc: 49.58%
[Epoch 4] Train Loss: 1.4657, Acc: 50.64%  |  Val Loss: 1.3347, Acc: 56.16%  |  Time: 4.0s
  -> Best model saved (56.16%)
[Epoch 4] Summarizing hook timing...

[HOOK_TIMING_SUMMARY] epoch=4
[HOOK_WORK_SUMMARY] label=mpi:recursive_doubling_zfp_online_coll:rate16 calls=784 work_total_ms=2333.217 work_mean_ms=2.976 work_min_ms=1.394 work_max_ms=6.053
[HOOK_TAIL_SUMMARY] label=mpi:recursive_doubling_zfp_online_coll:rate16 steps=98 tail_total_ms=1441.725 tail_mean_ms=14.711 tail_min_ms=12.062 tail_max_ms=15.870
[Epoch 4] Hook timing summary done

[Epoch 5] Training... (lr=0.000940)
  Batch [50/98] Loss: 1.2595, Acc: 56.64%
[Epoch 5] Train Loss: 1.2404, Acc: 57.41%  |  Val Loss: 1.1714, Acc: 60.92%  |  Time: 4.0s
  -> Best model saved (60.92%)
[Epoch 5] Summarizing hook timing...

[HOOK_TIMING_SUMMARY] epoch=5
[HOOK_WORK_SUMMARY] label=mpi:recursive_doubling_zfp_online_coll:rate16 calls=784 work_total_ms=2364.116 work_mean_ms=3.015 work_min_ms=1.362 work_max_ms=5.950
[HOOK_TAIL_SUMMARY] label=mpi:recursive_doubling_zfp_online_coll:rate16 steps=98 tail_total_ms=1440.216 tail_mean_ms=14.696 tail_min_ms=12.662 tail_max_ms=16.205
[Epoch 5] Hook timing summary done

[Epoch 6] Training... (lr=0.000895)
  Batch [50/98] Loss: 1.1339, Acc: 60.56%
[Epoch 6] Train Loss: 1.1210, Acc: 61.07%  |  Val Loss: 1.0541, Acc: 64.52%  |  Time: 4.0s
  -> Best model saved (64.52%)
[Epoch 6] Summarizing hook timing...

[HOOK_TIMING_SUMMARY] epoch=6
[HOOK_WORK_SUMMARY] label=mpi:recursive_doubling_zfp_online_coll:rate16 calls=784 work_total_ms=2335.859 work_mean_ms=2.979 work_min_ms=1.361 work_max_ms=5.796
[HOOK_TAIL_SUMMARY] label=mpi:recursive_doubling_zfp_online_coll:rate16 steps=98 tail_total_ms=1402.769 tail_mean_ms=14.314 tail_min_ms=11.773 tail_max_ms=15.016
[Epoch 6] Hook timing summary done

[Epoch 7] Training... (lr=0.000839)
  Batch [50/98] Loss: 1.0523, Acc: 63.12%
[Epoch 7] Train Loss: 1.0309, Acc: 63.77%  |  Val Loss: 0.9637, Acc: 67.52%  |  Time: 4.0s
  -> Best model saved (67.52%)
[Epoch 7] Summarizing hook timing...

[HOOK_TIMING_SUMMARY] epoch=7
[HOOK_WORK_SUMMARY] label=mpi:recursive_doubling_zfp_online_coll:rate16 calls=784 work_total_ms=2391.778 work_mean_ms=3.051 work_min_ms=1.380 work_max_ms=6.277
[HOOK_TAIL_SUMMARY] label=mpi:recursive_doubling_zfp_online_coll:rate16 steps=98 tail_total_ms=1517.840 tail_mean_ms=15.488 tail_min_ms=13.492 tail_max_ms=16.024
[Epoch 7] Hook timing summary done

[Epoch 8] Training... (lr=0.000773)
  Batch [50/98] Loss: 0.9686, Acc: 66.56%
[Epoch 8] Train Loss: 0.9621, Acc: 66.38%  |  Val Loss: 0.9041, Acc: 69.72%  |  Time: 4.0s
  -> Best model saved (69.72%)
[Epoch 8] Summarizing hook timing...

[HOOK_TIMING_SUMMARY] epoch=8
[HOOK_WORK_SUMMARY] label=mpi:recursive_doubling_zfp_online_coll:rate16 calls=784 work_total_ms=2375.379 work_mean_ms=3.030 work_min_ms=1.391 work_max_ms=5.888
[HOOK_TAIL_SUMMARY] label=mpi:recursive_doubling_zfp_online_coll:rate16 steps=98 tail_total_ms=1508.921 tail_mean_ms=15.397 tail_min_ms=12.018 tail_max_ms=16.188
[Epoch 8] Hook timing summary done

[Epoch 9] Training... (lr=0.000701)
  Batch [50/98] Loss: 0.9248, Acc: 67.66%
[Epoch 9] Train Loss: 0.9057, Acc: 68.85%  |  Val Loss: 0.8467, Acc: 71.00%  |  Time: 4.0s
  -> Best model saved (71.00%)
[Epoch 9] Summarizing hook timing...

[HOOK_TIMING_SUMMARY] epoch=9
[HOOK_WORK_SUMMARY] label=mpi:recursive_doubling_zfp_online_coll:rate16 calls=784 work_total_ms=2390.632 work_mean_ms=3.049 work_min_ms=1.383 work_max_ms=5.497
[HOOK_TAIL_SUMMARY] label=mpi:recursive_doubling_zfp_online_coll:rate16 steps=98 tail_total_ms=1470.199 tail_mean_ms=15.002 tail_min_ms=11.395 tail_max_ms=15.511
[Epoch 9] Hook timing summary done

[Epoch 10] Training... (lr=0.000623)
  Batch [50/98] Loss: 0.8733, Acc: 70.00%
[Epoch 10] Train Loss: 0.8677, Acc: 70.01%  |  Val Loss: 0.8057, Acc: 71.92%  |  Time: 4.0s
  -> Best model saved (71.92%)
[Epoch 10] Summarizing hook timing...

[HOOK_TIMING_SUMMARY] epoch=10
[HOOK_WORK_SUMMARY] label=mpi:recursive_doubling_zfp_online_coll:rate16 calls=784 work_total_ms=2406.341 work_mean_ms=3.069 work_min_ms=1.377 work_max_ms=5.892
[HOOK_TAIL_SUMMARY] label=mpi:recursive_doubling_zfp_online_coll:rate16 steps=98 tail_total_ms=1487.905 tail_mean_ms=15.183 tail_min_ms=12.262 tail_max_ms=16.080
[Epoch 10] Hook timing summary done

[Epoch 11] Training... (lr=0.000541)
  Batch [50/98] Loss: 0.8455, Acc: 70.91%
[Epoch 11] Train Loss: 0.8351, Acc: 71.04%  |  Val Loss: 0.7819, Acc: 73.00%  |  Time: 4.0s
  -> Best model saved (73.00%)
[Epoch 11] Summarizing hook timing...

[HOOK_TIMING_SUMMARY] epoch=11
[HOOK_WORK_SUMMARY] label=mpi:recursive_doubling_zfp_online_coll:rate16 calls=784 work_total_ms=2375.401 work_mean_ms=3.030 work_min_ms=1.368 work_max_ms=5.815
[HOOK_TAIL_SUMMARY] label=mpi:recursive_doubling_zfp_online_coll:rate16 steps=98 tail_total_ms=1480.839 tail_mean_ms=15.111 tail_min_ms=12.677 tail_max_ms=16.318
[Epoch 11] Hook timing summary done

[Epoch 12] Training... (lr=0.000459)
  Batch [50/98] Loss: 0.8191, Acc: 71.84%
[Epoch 12] Train Loss: 0.8122, Acc: 72.03%  |  Val Loss: 0.7639, Acc: 73.08%  |  Time: 4.0s
  -> Best model saved (73.08%)
[Epoch 12] Summarizing hook timing...

[HOOK_TIMING_SUMMARY] epoch=12
[HOOK_WORK_SUMMARY] label=mpi:recursive_doubling_zfp_online_coll:rate16 calls=784 work_total_ms=2336.858 work_mean_ms=2.981 work_min_ms=1.355 work_max_ms=6.332
[HOOK_TAIL_SUMMARY] label=mpi:recursive_doubling_zfp_online_coll:rate16 steps=98 tail_total_ms=1448.832 tail_mean_ms=14.784 tail_min_ms=12.239 tail_max_ms=15.834
[Epoch 12] Hook timing summary done

[Epoch 13] Training... (lr=0.000377)
  Batch [50/98] Loss: 0.7858, Acc: 72.41%
[Epoch 13] Train Loss: 0.7824, Acc: 72.94%  |  Val Loss: 0.7506, Acc: 74.16%  |  Time: 4.0s
  -> Best model saved (74.16%)
[Epoch 13] Summarizing hook timing...

[HOOK_TIMING_SUMMARY] epoch=13
[HOOK_WORK_SUMMARY] label=mpi:recursive_doubling_zfp_online_coll:rate16 calls=784 work_total_ms=2365.592 work_mean_ms=3.017 work_min_ms=1.237 work_max_ms=5.899
[HOOK_TAIL_SUMMARY] label=mpi:recursive_doubling_zfp_online_coll:rate16 steps=98 tail_total_ms=1442.209 tail_mean_ms=14.716 tail_min_ms=11.110 tail_max_ms=15.217
[Epoch 13] Hook timing summary done

[Epoch 14] Training... (lr=0.000299)
  Batch [50/98] Loss: 0.7739, Acc: 72.64%
[Epoch 14] Train Loss: 0.7784, Acc: 72.94%  |  Val Loss: 0.7328, Acc: 74.72%  |  Time: 4.1s
  -> Best model saved (74.72%)
[Epoch 14] Summarizing hook timing...

[HOOK_TIMING_SUMMARY] epoch=14
[HOOK_WORK_SUMMARY] label=mpi:recursive_doubling_zfp_online_coll:rate16 calls=784 work_total_ms=2359.336 work_mean_ms=3.009 work_min_ms=1.212 work_max_ms=5.861
[HOOK_TAIL_SUMMARY] label=mpi:recursive_doubling_zfp_online_coll:rate16 steps=98 tail_total_ms=1420.578 tail_mean_ms=14.496 tail_min_ms=10.812 tail_max_ms=15.287
[Epoch 14] Hook timing summary done

[Epoch 15] Training... (lr=0.000227)
  Batch [50/98] Loss: 0.7697, Acc: 73.73%
[Epoch 15] Train Loss: 0.7670, Acc: 73.74%  |  Val Loss: 0.7424, Acc: 74.24%  |  Time: 4.0s
[Epoch 15] Summarizing hook timing...

[HOOK_TIMING_SUMMARY] epoch=15
[HOOK_WORK_SUMMARY] label=mpi:recursive_doubling_zfp_online_coll:rate16 calls=784 work_total_ms=2402.692 work_mean_ms=3.065 work_min_ms=1.367 work_max_ms=6.403
[HOOK_TAIL_SUMMARY] label=mpi:recursive_doubling_zfp_online_coll:rate16 steps=98 tail_total_ms=1522.757 tail_mean_ms=15.538 tail_min_ms=13.248 tail_max_ms=16.539
[Epoch 15] Hook timing summary done

[Epoch 16] Training... (lr=0.000161)
  Batch [50/98] Loss: 0.7506, Acc: 73.70%
[Epoch 16] Train Loss: 0.7483, Acc: 73.98%  |  Val Loss: 0.7242, Acc: 75.04%  |  Time: 4.1s
  -> Best model saved (75.04%)
[Epoch 16] Summarizing hook timing...

[HOOK_TIMING_SUMMARY] epoch=16
[HOOK_WORK_SUMMARY] label=mpi:recursive_doubling_zfp_online_coll:rate16 calls=784 work_total_ms=2463.183 work_mean_ms=3.142 work_min_ms=1.375 work_max_ms=58.815
[HOOK_TAIL_SUMMARY] label=mpi:recursive_doubling_zfp_online_coll:rate16 steps=98 tail_total_ms=1553.624 tail_mean_ms=15.853 tail_min_ms=12.904 tail_max_ms=71.667
[Epoch 16] Hook timing summary done

[Epoch 17] Training... (lr=0.000105)
  Batch [50/98] Loss: 0.7430, Acc: 74.23%
[Epoch 17] Train Loss: 0.7468, Acc: 73.93%  |  Val Loss: 0.7189, Acc: 74.92%  |  Time: 4.0s
[Epoch 17] Summarizing hook timing...

[HOOK_TIMING_SUMMARY] epoch=17
[HOOK_WORK_SUMMARY] label=mpi:recursive_doubling_zfp_online_coll:rate16 calls=784 work_total_ms=2332.201 work_mean_ms=2.975 work_min_ms=1.345 work_max_ms=5.668
[HOOK_TAIL_SUMMARY] label=mpi:recursive_doubling_zfp_online_coll:rate16 steps=98 tail_total_ms=1392.566 tail_mean_ms=14.210 tail_min_ms=11.051 tail_max_ms=14.993
[Epoch 17] Hook timing summary done

[Epoch 18] Training... (lr=0.000060)
  Batch [50/98] Loss: 0.7353, Acc: 74.92%
[Epoch 18] Train Loss: 0.7398, Acc: 74.50%  |  Val Loss: 0.7322, Acc: 74.64%  |  Time: 4.0s
[Epoch 18] Summarizing hook timing...

[HOOK_TIMING_SUMMARY] epoch=18
[HOOK_WORK_SUMMARY] label=mpi:recursive_doubling_zfp_online_coll:rate16 calls=784 work_total_ms=2397.189 work_mean_ms=3.058 work_min_ms=1.384 work_max_ms=37.850
[HOOK_TAIL_SUMMARY] label=mpi:recursive_doubling_zfp_online_coll:rate16 steps=98 tail_total_ms=1469.052 tail_mean_ms=14.990 tail_min_ms=13.645 tail_max_ms=48.725
[Epoch 18] Hook timing summary done

[Epoch 19] Training... (lr=0.000027)
  Batch [50/98] Loss: 0.7342, Acc: 74.56%
[Epoch 19] Train Loss: 0.7380, Acc: 74.46%  |  Val Loss: 0.7149, Acc: 74.96%  |  Time: 4.1s
[Epoch 19] Summarizing hook timing...

[HOOK_TIMING_SUMMARY] epoch=19
[HOOK_WORK_SUMMARY] label=mpi:recursive_doubling_zfp_online_coll:rate16 calls=784 work_total_ms=2363.666 work_mean_ms=3.015 work_min_ms=1.121 work_max_ms=30.741
[HOOK_TAIL_SUMMARY] label=mpi:recursive_doubling_zfp_online_coll:rate16 steps=98 tail_total_ms=1467.160 tail_mean_ms=14.971 tail_min_ms=12.621 tail_max_ms=42.316
[Epoch 19] Hook timing summary done

[Epoch 20] Training... (lr=0.000007)
  Batch [50/98] Loss: 0.7226, Acc: 74.59%
[Epoch 20] Train Loss: 0.7273, Acc: 74.70%  |  Val Loss: 0.7356, Acc: 74.28%  |  Time: 4.0s
[Epoch 20] Summarizing hook timing...

[HOOK_TIMING_SUMMARY] epoch=20
[HOOK_WORK_SUMMARY] label=mpi:recursive_doubling_zfp_online_coll:rate16 calls=784 work_total_ms=2365.404 work_mean_ms=3.017 work_min_ms=1.401 work_max_ms=15.225
[HOOK_TAIL_SUMMARY] label=mpi:recursive_doubling_zfp_online_coll:rate16 steps=98 tail_total_ms=1435.877 tail_mean_ms=14.652 tail_min_ms=13.505 tail_max_ms=26.207
[Epoch 20] Hook timing summary done

================================================================================
Done in 94.8s | Best val acc: 75.04%
Epoch times: mean=4.1s  min=4.0s  max=5.3s
================================================================================
