
================================================================================
Distributed Training: WIDE_RESNET50_2 on CIFAR10
Backend: MPI, Algorithm: recursive_doubling_zfp_online_coll
================================================================================
Ranks: 4, Epochs: 20, Batch/rank: 128, Effective batch: 512
LR: 0.001, Device: cuda:0

[Setup] Model on cuda:0, wrapped in DDP (static_graph=True)
[Setup] Hook registered: mpi/recursive_doubling_zfp_online_coll
[Data] Train batches: 98, Val batches: 20


[Epoch 1] Training... (lr=0.000001)
  Batch [50/98] Loss: 2.3589, Acc: 10.81%
[Epoch 1] Train Loss: 2.3570, Acc: 10.85%  |  Val Loss: 2.6174, Acc: 11.28%  |  Time: 5.0s
  -> Best model saved (11.28%)
[Epoch 1] Summarizing hook timing...

[HOOK_TIMING_SUMMARY] epoch=1
[HOOK_WORK_SUMMARY] label=mpi:recursive_doubling_zfp_online_coll:rate8 calls=770 work_total_ms=2100.549 work_mean_ms=2.728 work_min_ms=1.092 work_max_ms=133.022
[HOOK_TAIL_SUMMARY] label=mpi:recursive_doubling_zfp_online_coll:rate8 steps=99 tail_total_ms=1247.976 tail_mean_ms=12.606 tail_min_ms=1.878 tail_max_ms=164.171
[Epoch 1] Hook timing summary done

[Epoch 2] Training... (lr=0.001000)
  Batch [50/98] Loss: 2.2619, Acc: 16.73%
[Epoch 2] Train Loss: 2.1770, Acc: 22.05%  |  Val Loss: 2.3447, Acc: 33.60%  |  Time: 3.7s
  -> Best model saved (33.60%)
[Epoch 2] Summarizing hook timing...

[HOOK_TIMING_SUMMARY] epoch=2
[HOOK_WORK_SUMMARY] label=mpi:recursive_doubling_zfp_online_coll:rate8 calls=784 work_total_ms=2042.687 work_mean_ms=2.605 work_min_ms=1.088 work_max_ms=5.081
[HOOK_TAIL_SUMMARY] label=mpi:recursive_doubling_zfp_online_coll:rate8 steps=98 tail_total_ms=1119.405 tail_mean_ms=11.422 tail_min_ms=8.341 tail_max_ms=11.910
[Epoch 2] Hook timing summary done

[Epoch 3] Training... (lr=0.000993)
  Batch [50/98] Loss: 1.8695, Acc: 37.77%
[Epoch 3] Train Loss: 1.7798, Acc: 40.53%  |  Val Loss: 1.5909, Acc: 47.68%  |  Time: 3.7s
  -> Best model saved (47.68%)
[Epoch 3] Summarizing hook timing...

[HOOK_TIMING_SUMMARY] epoch=3
[HOOK_WORK_SUMMARY] label=mpi:recursive_doubling_zfp_online_coll:rate8 calls=784 work_total_ms=1983.498 work_mean_ms=2.530 work_min_ms=1.071 work_max_ms=5.598
[HOOK_TAIL_SUMMARY] label=mpi:recursive_doubling_zfp_online_coll:rate8 steps=98 tail_total_ms=1066.179 tail_mean_ms=10.879 tail_min_ms=7.910 tail_max_ms=11.797
[Epoch 3] Hook timing summary done

[Epoch 4] Training... (lr=0.000973)
  Batch [50/98] Loss: 1.5400, Acc: 48.28%
[Epoch 4] Train Loss: 1.4944, Acc: 49.49%  |  Val Loss: 1.3333, Acc: 55.76%  |  Time: 3.7s
  -> Best model saved (55.76%)
[Epoch 4] Summarizing hook timing...

[HOOK_TIMING_SUMMARY] epoch=4
[HOOK_WORK_SUMMARY] label=mpi:recursive_doubling_zfp_online_coll:rate8 calls=784 work_total_ms=2001.179 work_mean_ms=2.553 work_min_ms=1.026 work_max_ms=5.715
[HOOK_TAIL_SUMMARY] label=mpi:recursive_doubling_zfp_online_coll:rate8 steps=98 tail_total_ms=1088.168 tail_mean_ms=11.104 tail_min_ms=8.420 tail_max_ms=12.103
[Epoch 4] Hook timing summary done

[Epoch 5] Training... (lr=0.000940)
  Batch [50/98] Loss: 1.2833, Acc: 55.66%
[Epoch 5] Train Loss: 1.2656, Acc: 56.06%  |  Val Loss: 1.1834, Acc: 60.28%  |  Time: 3.6s
  -> Best model saved (60.28%)
[Epoch 5] Summarizing hook timing...

[HOOK_TIMING_SUMMARY] epoch=5
[HOOK_WORK_SUMMARY] label=mpi:recursive_doubling_zfp_online_coll:rate8 calls=784 work_total_ms=2004.758 work_mean_ms=2.557 work_min_ms=1.041 work_max_ms=5.454
[HOOK_TAIL_SUMMARY] label=mpi:recursive_doubling_zfp_online_coll:rate8 steps=98 tail_total_ms=1103.614 tail_mean_ms=11.261 tail_min_ms=9.692 tail_max_ms=12.376
[Epoch 5] Hook timing summary done

[Epoch 6] Training... (lr=0.000895)
  Batch [50/98] Loss: 1.1484, Acc: 60.45%
[Epoch 6] Train Loss: 1.1406, Acc: 60.65%  |  Val Loss: 1.0528, Acc: 64.04%  |  Time: 3.7s
  -> Best model saved (64.04%)
[Epoch 6] Summarizing hook timing...

[HOOK_TIMING_SUMMARY] epoch=6
[HOOK_WORK_SUMMARY] label=mpi:recursive_doubling_zfp_online_coll:rate8 calls=784 work_total_ms=1985.088 work_mean_ms=2.532 work_min_ms=1.080 work_max_ms=5.405
[HOOK_TAIL_SUMMARY] label=mpi:recursive_doubling_zfp_online_coll:rate8 steps=98 tail_total_ms=1066.977 tail_mean_ms=10.888 tail_min_ms=7.944 tail_max_ms=11.493
[Epoch 6] Hook timing summary done

[Epoch 7] Training... (lr=0.000839)
  Batch [50/98] Loss: 1.0687, Acc: 63.02%
[Epoch 7] Train Loss: 1.0395, Acc: 63.76%  |  Val Loss: 0.9610, Acc: 67.00%  |  Time: 3.6s
  -> Best model saved (67.00%)
[Epoch 7] Summarizing hook timing...

[HOOK_TIMING_SUMMARY] epoch=7
[HOOK_WORK_SUMMARY] label=mpi:recursive_doubling_zfp_online_coll:rate8 calls=784 work_total_ms=1999.805 work_mean_ms=2.551 work_min_ms=1.044 work_max_ms=5.426
[HOOK_TAIL_SUMMARY] label=mpi:recursive_doubling_zfp_online_coll:rate8 steps=98 tail_total_ms=1080.762 tail_mean_ms=11.028 tail_min_ms=7.719 tail_max_ms=11.660
[Epoch 7] Hook timing summary done

[Epoch 8] Training... (lr=0.000773)
  Batch [50/98] Loss: 0.9856, Acc: 65.98%
[Epoch 8] Train Loss: 0.9816, Acc: 65.93%  |  Val Loss: 0.9050, Acc: 69.12%  |  Time: 3.6s
  -> Best model saved (69.12%)
[Epoch 8] Summarizing hook timing...

[HOOK_TIMING_SUMMARY] epoch=8
[HOOK_WORK_SUMMARY] label=mpi:recursive_doubling_zfp_online_coll:rate8 calls=784 work_total_ms=2036.580 work_mean_ms=2.598 work_min_ms=1.087 work_max_ms=5.079
[HOOK_TAIL_SUMMARY] label=mpi:recursive_doubling_zfp_online_coll:rate8 steps=98 tail_total_ms=1122.667 tail_mean_ms=11.456 tail_min_ms=7.603 tail_max_ms=13.546
[Epoch 8] Hook timing summary done

[Epoch 9] Training... (lr=0.000701)
  Batch [50/98] Loss: 0.9393, Acc: 67.39%
[Epoch 9] Train Loss: 0.9183, Acc: 68.09%  |  Val Loss: 0.8573, Acc: 70.56%  |  Time: 3.7s
  -> Best model saved (70.56%)
[Epoch 9] Summarizing hook timing...

[HOOK_TIMING_SUMMARY] epoch=9
[HOOK_WORK_SUMMARY] label=mpi:recursive_doubling_zfp_online_coll:rate8 calls=784 work_total_ms=2030.953 work_mean_ms=2.591 work_min_ms=1.081 work_max_ms=5.290
[HOOK_TAIL_SUMMARY] label=mpi:recursive_doubling_zfp_online_coll:rate8 steps=98 tail_total_ms=1108.887 tail_mean_ms=11.315 tail_min_ms=8.329 tail_max_ms=12.128
[Epoch 9] Hook timing summary done

[Epoch 10] Training... (lr=0.000623)
  Batch [50/98] Loss: 0.8823, Acc: 69.62%
[Epoch 10] Train Loss: 0.8765, Acc: 69.80%  |  Val Loss: 0.8271, Acc: 71.68%  |  Time: 3.7s
  -> Best model saved (71.68%)
[Epoch 10] Summarizing hook timing...

[HOOK_TIMING_SUMMARY] epoch=10
[HOOK_WORK_SUMMARY] label=mpi:recursive_doubling_zfp_online_coll:rate8 calls=784 work_total_ms=2043.349 work_mean_ms=2.606 work_min_ms=1.070 work_max_ms=5.078
[HOOK_TAIL_SUMMARY] label=mpi:recursive_doubling_zfp_online_coll:rate8 steps=98 tail_total_ms=1122.484 tail_mean_ms=11.454 tail_min_ms=8.977 tail_max_ms=12.197
[Epoch 10] Hook timing summary done

[Epoch 11] Training... (lr=0.000541)
  Batch [50/98] Loss: 0.8583, Acc: 70.31%
[Epoch 11] Train Loss: 0.8522, Acc: 70.52%  |  Val Loss: 0.8097, Acc: 73.12%  |  Time: 3.6s
  -> Best model saved (73.12%)
[Epoch 11] Summarizing hook timing...

[HOOK_TIMING_SUMMARY] epoch=11
[HOOK_WORK_SUMMARY] label=mpi:recursive_doubling_zfp_online_coll:rate8 calls=784 work_total_ms=2020.129 work_mean_ms=2.577 work_min_ms=1.090 work_max_ms=7.232
[HOOK_TAIL_SUMMARY] label=mpi:recursive_doubling_zfp_online_coll:rate8 steps=98 tail_total_ms=1087.429 tail_mean_ms=11.096 tail_min_ms=7.742 tail_max_ms=16.716
[Epoch 11] Hook timing summary done

[Epoch 12] Training... (lr=0.000459)
  Batch [50/98] Loss: 0.8213, Acc: 71.36%
[Epoch 12] Train Loss: 0.8143, Acc: 71.74%  |  Val Loss: 0.7734, Acc: 73.56%  |  Time: 3.6s
  -> Best model saved (73.56%)
[Epoch 12] Summarizing hook timing...

[HOOK_TIMING_SUMMARY] epoch=12
[HOOK_WORK_SUMMARY] label=mpi:recursive_doubling_zfp_online_coll:rate8 calls=784 work_total_ms=1988.812 work_mean_ms=2.537 work_min_ms=1.028 work_max_ms=5.842
[HOOK_TAIL_SUMMARY] label=mpi:recursive_doubling_zfp_online_coll:rate8 steps=98 tail_total_ms=1037.137 tail_mean_ms=10.583 tail_min_ms=7.747 tail_max_ms=13.568
[Epoch 12] Hook timing summary done

[Epoch 13] Training... (lr=0.000377)
  Batch [50/98] Loss: 0.8086, Acc: 71.62%
[Epoch 13] Train Loss: 0.7977, Acc: 72.37%  |  Val Loss: 0.7799, Acc: 74.36%  |  Time: 3.6s
  -> Best model saved (74.36%)
[Epoch 13] Summarizing hook timing...

[HOOK_TIMING_SUMMARY] epoch=13
[HOOK_WORK_SUMMARY] label=mpi:recursive_doubling_zfp_online_coll:rate8 calls=784 work_total_ms=1987.817 work_mean_ms=2.535 work_min_ms=1.087 work_max_ms=5.963
[HOOK_TAIL_SUMMARY] label=mpi:recursive_doubling_zfp_online_coll:rate8 steps=98 tail_total_ms=1038.412 tail_mean_ms=10.596 tail_min_ms=7.782 tail_max_ms=11.176
[Epoch 13] Hook timing summary done

[Epoch 14] Training... (lr=0.000299)
  Batch [50/98] Loss: 0.7828, Acc: 72.72%
[Epoch 14] Train Loss: 0.7824, Acc: 72.66%  |  Val Loss: 0.7475, Acc: 74.56%  |  Time: 3.7s
  -> Best model saved (74.56%)
[Epoch 14] Summarizing hook timing...

[HOOK_TIMING_SUMMARY] epoch=14
[HOOK_WORK_SUMMARY] label=mpi:recursive_doubling_zfp_online_coll:rate8 calls=784 work_total_ms=2053.765 work_mean_ms=2.620 work_min_ms=1.078 work_max_ms=5.306
[HOOK_TAIL_SUMMARY] label=mpi:recursive_doubling_zfp_online_coll:rate8 steps=98 tail_total_ms=1188.361 tail_mean_ms=12.126 tail_min_ms=9.772 tail_max_ms=12.674
[Epoch 14] Hook timing summary done

[Epoch 15] Training... (lr=0.000227)
  Batch [50/98] Loss: 0.7791, Acc: 72.95%
[Epoch 15] Train Loss: 0.7756, Acc: 73.02%  |  Val Loss: 0.7449, Acc: 74.76%  |  Time: 3.6s
  -> Best model saved (74.76%)
[Epoch 15] Summarizing hook timing...

[HOOK_TIMING_SUMMARY] epoch=15
[HOOK_WORK_SUMMARY] label=mpi:recursive_doubling_zfp_online_coll:rate8 calls=784 work_total_ms=2038.161 work_mean_ms=2.600 work_min_ms=1.088 work_max_ms=5.491
[HOOK_TAIL_SUMMARY] label=mpi:recursive_doubling_zfp_online_coll:rate8 steps=98 tail_total_ms=1116.175 tail_mean_ms=11.390 tail_min_ms=8.702 tail_max_ms=14.375
[Epoch 15] Hook timing summary done

[Epoch 16] Training... (lr=0.000161)
  Batch [50/98] Loss: 0.7579, Acc: 73.86%
[Epoch 16] Train Loss: 0.7570, Acc: 73.78%  |  Val Loss: 0.7408, Acc: 75.04%  |  Time: 3.6s
  -> Best model saved (75.04%)
[Epoch 16] Summarizing hook timing...

[HOOK_TIMING_SUMMARY] epoch=16
[HOOK_WORK_SUMMARY] label=mpi:recursive_doubling_zfp_online_coll:rate8 calls=784 work_total_ms=1998.148 work_mean_ms=2.549 work_min_ms=1.004 work_max_ms=5.540
[HOOK_TAIL_SUMMARY] label=mpi:recursive_doubling_zfp_online_coll:rate8 steps=98 tail_total_ms=1097.356 tail_mean_ms=11.198 tail_min_ms=7.847 tail_max_ms=12.657
[Epoch 16] Hook timing summary done

[Epoch 17] Training... (lr=0.000105)
  Batch [50/98] Loss: 0.7555, Acc: 73.61%
[Epoch 17] Train Loss: 0.7581, Acc: 73.34%  |  Val Loss: 0.7375, Acc: 75.24%  |  Time: 3.6s
  -> Best model saved (75.24%)
[Epoch 17] Summarizing hook timing...

[HOOK_TIMING_SUMMARY] epoch=17
[HOOK_WORK_SUMMARY] label=mpi:recursive_doubling_zfp_online_coll:rate8 calls=784 work_total_ms=2026.509 work_mean_ms=2.585 work_min_ms=1.076 work_max_ms=5.034
[HOOK_TAIL_SUMMARY] label=mpi:recursive_doubling_zfp_online_coll:rate8 steps=98 tail_total_ms=1159.082 tail_mean_ms=11.827 tail_min_ms=8.567 tail_max_ms=12.751
[Epoch 17] Hook timing summary done

[Epoch 18] Training... (lr=0.000060)
  Batch [50/98] Loss: 0.7442, Acc: 74.41%
[Epoch 18] Train Loss: 0.7465, Acc: 74.22%  |  Val Loss: 0.7650, Acc: 74.72%  |  Time: 3.6s
[Epoch 18] Summarizing hook timing...

[HOOK_TIMING_SUMMARY] epoch=18
[HOOK_WORK_SUMMARY] label=mpi:recursive_doubling_zfp_online_coll:rate8 calls=784 work_total_ms=2032.673 work_mean_ms=2.593 work_min_ms=1.081 work_max_ms=5.193
[HOOK_TAIL_SUMMARY] label=mpi:recursive_doubling_zfp_online_coll:rate8 steps=98 tail_total_ms=1165.698 tail_mean_ms=11.895 tail_min_ms=8.434 tail_max_ms=12.747
[Epoch 18] Hook timing summary done

[Epoch 19] Training... (lr=0.000027)
  Batch [50/98] Loss: 0.7344, Acc: 74.34%
[Epoch 19] Train Loss: 0.7430, Acc: 74.06%  |  Val Loss: 0.7390, Acc: 75.12%  |  Time: 3.7s
[Epoch 19] Summarizing hook timing...

[HOOK_TIMING_SUMMARY] epoch=19
[HOOK_WORK_SUMMARY] label=mpi:recursive_doubling_zfp_online_coll:rate8 calls=784 work_total_ms=2029.425 work_mean_ms=2.589 work_min_ms=1.083 work_max_ms=24.823
[HOOK_TAIL_SUMMARY] label=mpi:recursive_doubling_zfp_online_coll:rate8 steps=98 tail_total_ms=1113.614 tail_mean_ms=11.363 tail_min_ms=9.216 tail_max_ms=32.739
[Epoch 19] Hook timing summary done

[Epoch 20] Training... (lr=0.000007)
  Batch [50/98] Loss: 0.7212, Acc: 74.66%
[Epoch 20] Train Loss: 0.7319, Acc: 74.56%  |  Val Loss: 0.7373, Acc: 74.88%  |  Time: 3.7s
[Epoch 20] Summarizing hook timing...

[HOOK_TIMING_SUMMARY] epoch=20
[HOOK_WORK_SUMMARY] label=mpi:recursive_doubling_zfp_online_coll:rate8 calls=784 work_total_ms=2005.081 work_mean_ms=2.558 work_min_ms=0.971 work_max_ms=34.371
[HOOK_TAIL_SUMMARY] label=mpi:recursive_doubling_zfp_online_coll:rate8 steps=98 tail_total_ms=1065.258 tail_mean_ms=10.870 tail_min_ms=8.706 tail_max_ms=42.258
[Epoch 20] Hook timing summary done

================================================================================
Done in 89.6s | Best val acc: 75.24%
Epoch times: mean=3.7s  min=3.6s  max=5.0s
================================================================================
