=== Job started: Fri May 22 01:08:46 PM UTC 2026 ===
=== Node: x3104c0s19b0n0 ===

The following have been reloaded with a version change:
  1) gcc-native/14 => gcc-native/13


The following have been reloaded with a version change:
  1) gcc-native/13 => gcc-native/14.2

[INFO] GTL preloaded: /opt/cray/pe/mpich/9.0.1/ofi/nvidia/23.3/lib/libmpi_gtl_cuda.so
=============================================
  Polaris DDP + Eagle PyTorch + Cray MPICH
=============================================
Node              : x3104c0s19b0n0
ZFP_HOME          : /home/mrest/mpiAllReduceCompressed/zfp-install
GTL               : /opt/cray/pe/mpich/9.0.1/ofi/nvidia/23.3/lib/libmpi_gtl_cuda.so
MPICH_GPU_SUPPORT : 1

PyTorch version   : 2.8.0a0+gitba56102
PyTorch location  : /lus/eagle/projects/UIC-HPC/mrest/pytorch_mpi_build/src/pytorch/torch/__init__.py
CUDA available    : True 4
MPI available     : True
mpi4py            : MPI VERSION    : CRAY MPICH version 9.0.1.498 (ANL base 4.1.2)
mpi4py rank test  : rank 0 OK
=============================================
=== Starting training: backend=mpi, hook=None, zfp_rate=none at Fri May 22 01:09:19 PM UTC 2026 ===

================================================================================
DISTRIBUTED TRAINING LAUNCHER
================================================================================
  Model:      wide_resnet50_2 (pretrained)
  Dataset:    cifar10 (10 classes)
  Backend:    mpi
  Algorithm:  built-in (no hook)
  Epochs:     20
  Batch/rank: 128
  LR:         0.001
================================================================================


================================================================================
Distributed Training: WIDE_RESNET50_2 on CIFAR10
Backend: MPI, Algorithm: built-in (no hook)
================================================================================
Ranks: 4, Epochs: 20, Batch/rank: 128, Effective batch: 512
LR: 0.001, Device: cuda:0

[Setup] Model on cuda:0, wrapped in DDP (static_graph=True)
[Setup] No hook — using DDP built-in MPI allreduce
[Data] Train batches: 98, Val batches: 20


[Epoch 1] Training... (lr=0.000001)

================================================================================
DISTRIBUTED TRAINING LAUNCHER
================================================================================
  Model:      wide_resnet50_2 (pretrained)
  Dataset:    cifar10 (10 classes)
  Backend:    mpi
  Algorithm:  built-in (no hook)
  Epochs:     20
  Batch/rank: 128
  LR:         0.001
================================================================================


================================================================================
DISTRIBUTED TRAINING LAUNCHER
================================================================================
  Model:      wide_resnet50_2 (pretrained)
  Dataset:    cifar10 (10 classes)
  Backend:    mpi
  Algorithm:  built-in (no hook)
  Epochs:     20
  Batch/rank: 128
  LR:         0.001
================================================================================


================================================================================
DISTRIBUTED TRAINING LAUNCHER
================================================================================
  Model:      wide_resnet50_2 (pretrained)
  Dataset:    cifar10 (10 classes)
  Backend:    mpi
  Algorithm:  built-in (no hook)
  Epochs:     20
  Batch/rank: 128
  LR:         0.001
================================================================================

  Batch [50/98] Loss: 2.3589, Acc: 10.86%
[Epoch 1] Train Loss: 2.3569, Acc: 10.89%  |  Val Loss: 2.6183, Acc: 11.28%  |  Time: 6.5s
  -> Best model saved (11.28%)
[Epoch 1] Summarizing hook timing...
[HOOK_TIMING_SUMMARY] epoch=1 no hook timing samples
[Epoch 1] Hook timing summary done

[Epoch 2] Training... (lr=0.001000)
  Batch [50/98] Loss: 2.2555, Acc: 17.16%
[Epoch 2] Train Loss: 2.1700, Acc: 22.71%  |  Val Loss: 2.2792, Acc: 34.52%  |  Time: 2.7s
  -> Best model saved (34.52%)
[Epoch 2] Summarizing hook timing...
[HOOK_TIMING_SUMMARY] epoch=2 no hook timing samples
[Epoch 2] Hook timing summary done

[Epoch 3] Training... (lr=0.000993)
  Batch [50/98] Loss: 1.8670, Acc: 37.61%
[Epoch 3] Train Loss: 1.7810, Acc: 40.00%  |  Val Loss: 1.5974, Acc: 47.92%  |  Time: 2.7s
  -> Best model saved (47.92%)
[Epoch 3] Summarizing hook timing...
[HOOK_TIMING_SUMMARY] epoch=3 no hook timing samples
[Epoch 3] Hook timing summary done

[Epoch 4] Training... (lr=0.000973)
  Batch [50/98] Loss: 1.5334, Acc: 48.39%
[Epoch 4] Train Loss: 1.4914, Acc: 49.44%  |  Val Loss: 1.3922, Acc: 56.80%  |  Time: 2.7s
  -> Best model saved (56.80%)
[Epoch 4] Summarizing hook timing...
[HOOK_TIMING_SUMMARY] epoch=4 no hook timing samples
[Epoch 4] Hook timing summary done

[Epoch 5] Training... (lr=0.000940)
  Batch [50/98] Loss: 1.2928, Acc: 55.34%
[Epoch 5] Train Loss: 1.2692, Acc: 56.26%  |  Val Loss: 1.1855, Acc: 60.76%  |  Time: 2.7s
  -> Best model saved (60.76%)
[Epoch 5] Summarizing hook timing...
[HOOK_TIMING_SUMMARY] epoch=5 no hook timing samples
[Epoch 5] Hook timing summary done

[Epoch 6] Training... (lr=0.000895)
  Batch [50/98] Loss: 1.1531, Acc: 60.30%
[Epoch 6] Train Loss: 1.1394, Acc: 60.62%  |  Val Loss: 1.0881, Acc: 65.00%  |  Time: 2.7s
  -> Best model saved (65.00%)
[Epoch 6] Summarizing hook timing...
[HOOK_TIMING_SUMMARY] epoch=6 no hook timing samples
[Epoch 6] Hook timing summary done

[Epoch 7] Training... (lr=0.000839)
  Batch [50/98] Loss: 1.0632, Acc: 63.53%
[Epoch 7] Train Loss: 1.0437, Acc: 63.52%  |  Val Loss: 1.0013, Acc: 67.64%  |  Time: 2.6s
  -> Best model saved (67.64%)
[Epoch 7] Summarizing hook timing...
[HOOK_TIMING_SUMMARY] epoch=7 no hook timing samples
[Epoch 7] Hook timing summary done

[Epoch 8] Training... (lr=0.000773)
  Batch [50/98] Loss: 0.9836, Acc: 66.14%
[Epoch 8] Train Loss: 0.9781, Acc: 66.18%  |  Val Loss: 0.9541, Acc: 69.24%  |  Time: 2.7s
  -> Best model saved (69.24%)
[Epoch 8] Summarizing hook timing...
[HOOK_TIMING_SUMMARY] epoch=8 no hook timing samples
[Epoch 8] Hook timing summary done

[Epoch 9] Training... (lr=0.000701)
  Batch [50/98] Loss: 0.9358, Acc: 66.95%
[Epoch 9] Train Loss: 0.9161, Acc: 68.15%  |  Val Loss: 0.9290, Acc: 70.24%  |  Time: 2.7s
  -> Best model saved (70.24%)
[Epoch 9] Summarizing hook timing...
[HOOK_TIMING_SUMMARY] epoch=9 no hook timing samples
[Epoch 9] Hook timing summary done

[Epoch 10] Training... (lr=0.000623)
  Batch [50/98] Loss: 0.8845, Acc: 69.09%
[Epoch 10] Train Loss: 0.8795, Acc: 69.40%  |  Val Loss: 0.8759, Acc: 71.60%  |  Time: 2.7s
  -> Best model saved (71.60%)
[Epoch 10] Summarizing hook timing...
[HOOK_TIMING_SUMMARY] epoch=10 no hook timing samples
[Epoch 10] Hook timing summary done

[Epoch 11] Training... (lr=0.000541)
  Batch [50/98] Loss: 0.8628, Acc: 70.53%
[Epoch 11] Train Loss: 0.8489, Acc: 70.65%  |  Val Loss: 0.8372, Acc: 72.00%  |  Time: 2.7s
  -> Best model saved (72.00%)
[Epoch 11] Summarizing hook timing...
[HOOK_TIMING_SUMMARY] epoch=11 no hook timing samples
[Epoch 11] Hook timing summary done

[Epoch 12] Training... (lr=0.000459)
  Batch [50/98] Loss: 0.8236, Acc: 71.67%
[Epoch 12] Train Loss: 0.8187, Acc: 71.79%  |  Val Loss: 0.8139, Acc: 72.88%  |  Time: 2.7s
  -> Best model saved (72.88%)
[Epoch 12] Summarizing hook timing...
[HOOK_TIMING_SUMMARY] epoch=12 no hook timing samples
[Epoch 12] Hook timing summary done

[Epoch 13] Training... (lr=0.000377)
  Batch [50/98] Loss: 0.7984, Acc: 71.92%
[Epoch 13] Train Loss: 0.7919, Acc: 72.46%  |  Val Loss: 0.8114, Acc: 73.40%  |  Time: 2.7s
  -> Best model saved (73.40%)
[Epoch 13] Summarizing hook timing...
[HOOK_TIMING_SUMMARY] epoch=13 no hook timing samples
[Epoch 13] Hook timing summary done

[Epoch 14] Training... (lr=0.000299)
  Batch [50/98] Loss: 0.7871, Acc: 72.14%
[Epoch 14] Train Loss: 0.7870, Acc: 72.49%  |  Val Loss: 0.7868, Acc: 74.20%  |  Time: 2.7s
  -> Best model saved (74.20%)
[Epoch 14] Summarizing hook timing...
[HOOK_TIMING_SUMMARY] epoch=14 no hook timing samples
[Epoch 14] Hook timing summary done

[Epoch 15] Training... (lr=0.000227)
  Batch [50/98] Loss: 0.7873, Acc: 73.23%
[Epoch 15] Train Loss: 0.7790, Acc: 73.37%  |  Val Loss: 0.7890, Acc: 74.04%  |  Time: 2.7s
[Epoch 15] Summarizing hook timing...
[HOOK_TIMING_SUMMARY] epoch=15 no hook timing samples
[Epoch 15] Hook timing summary done

[Epoch 16] Training... (lr=0.000161)
  Batch [50/98] Loss: 0.7604, Acc: 73.52%
[Epoch 16] Train Loss: 0.7559, Acc: 73.95%  |  Val Loss: 0.7987, Acc: 74.72%  |  Time: 2.6s
  -> Best model saved (74.72%)
[Epoch 16] Summarizing hook timing...
[HOOK_TIMING_SUMMARY] epoch=16 no hook timing samples
[Epoch 16] Hook timing summary done

[Epoch 17] Training... (lr=0.000105)
  Batch [50/98] Loss: 0.7490, Acc: 74.08%
[Epoch 17] Train Loss: 0.7545, Acc: 73.71%  |  Val Loss: 0.7822, Acc: 74.76%  |  Time: 2.7s
  -> Best model saved (74.76%)
[Epoch 17] Summarizing hook timing...
[HOOK_TIMING_SUMMARY] epoch=17 no hook timing samples
[Epoch 17] Hook timing summary done

[Epoch 18] Training... (lr=0.000060)
  Batch [50/98] Loss: 0.7465, Acc: 74.36%
[Epoch 18] Train Loss: 0.7468, Acc: 74.29%  |  Val Loss: 0.7958, Acc: 74.00%  |  Time: 2.7s
[Epoch 18] Summarizing hook timing...
[HOOK_TIMING_SUMMARY] epoch=18 no hook timing samples
[Epoch 18] Hook timing summary done

[Epoch 19] Training... (lr=0.000027)
  Batch [50/98] Loss: 0.7442, Acc: 74.23%
[Epoch 19] Train Loss: 0.7443, Acc: 73.98%  |  Val Loss: 0.7646, Acc: 74.24%  |  Time: 2.7s
[Epoch 19] Summarizing hook timing...
[HOOK_TIMING_SUMMARY] epoch=19 no hook timing samples
[Epoch 19] Hook timing summary done

[Epoch 20] Training... (lr=0.000007)
  Batch [50/98] Loss: 0.7270, Acc: 74.66%
[Epoch 20] Train Loss: 0.7346, Acc: 74.73%  |  Val Loss: 0.8060, Acc: 74.32%  |  Time: 2.8s
[Epoch 20] Summarizing hook timing...
[HOOK_TIMING_SUMMARY] epoch=20 no hook timing samples
[Epoch 20] Hook timing summary done

================================================================================
Done in 71.7s | Best val acc: 74.76%
Epoch times: mean=2.9s  min=2.6s  max=6.5s
================================================================================
=== Finished training: backend=mpi, hook=None, zfp_rate=none, status=0 at Fri May 22 01:10:46 PM UTC 2026 ===
=== Starting training: backend=mpi, hook=recursive_doubling, zfp_rate=none at Fri May 22 01:10:46 PM UTC 2026 ===

================================================================================
DISTRIBUTED TRAINING LAUNCHER
================================================================================
  Model:      wide_resnet50_2 (pretrained)
  Dataset:    cifar10 (10 classes)
  Backend:    mpi
  Algorithm:  recursive_doubling
  Epochs:     20
  Batch/rank: 128
  LR:         0.001
================================================================================


================================================================================
Distributed Training: WIDE_RESNET50_2 on CIFAR10
Backend: MPI, Algorithm: recursive_doubling
================================================================================
Ranks: 4, Epochs: 20, Batch/rank: 128, Effective batch: 512
LR: 0.001, Device: cuda:0

[Setup] Model on cuda:0, wrapped in DDP (static_graph=True)
[Setup] Hook registered: mpi/recursive_doubling
[Data] Train batches: 98, Val batches: 20


[Epoch 1] Training... (lr=0.000001)

================================================================================
DISTRIBUTED TRAINING LAUNCHER
================================================================================
  Model:      wide_resnet50_2 (pretrained)
  Dataset:    cifar10 (10 classes)
  Backend:    mpi
  Algorithm:  recursive_doubling
  Epochs:     20
  Batch/rank: 128
  LR:         0.001
================================================================================


================================================================================
DISTRIBUTED TRAINING LAUNCHER
================================================================================
  Model:      wide_resnet50_2 (pretrained)
  Dataset:    cifar10 (10 classes)
  Backend:    mpi
  Algorithm:  recursive_doubling
  Epochs:     20
  Batch/rank: 128
  LR:         0.001
================================================================================


================================================================================
DISTRIBUTED TRAINING LAUNCHER
================================================================================
  Model:      wide_resnet50_2 (pretrained)
  Dataset:    cifar10 (10 classes)
  Backend:    mpi
  Algorithm:  recursive_doubling
  Epochs:     20
  Batch/rank: 128
  LR:         0.001
================================================================================

  Batch [50/98] Loss: 2.3589, Acc: 10.81%
[Epoch 1] Train Loss: 2.3569, Acc: 10.86%  |  Val Loss: 2.6183, Acc: 11.28%  |  Time: 4.5s
  -> Best model saved (11.28%)
[Epoch 1] Summarizing hook timing...

[HOOK_TIMING_SUMMARY] epoch=1
[HOOK_WORK_SUMMARY] label=mpi:recursive_doubling calls=770 work_total_ms=1571.899 work_mean_ms=2.041 work_min_ms=0.749 work_max_ms=48.839
[HOOK_TAIL_SUMMARY] label=mpi:recursive_doubling steps=99 tail_total_ms=710.319 tail_mean_ms=7.175 tail_min_ms=1.580 tail_max_ms=49.954
[Epoch 1] Hook timing summary done

[Epoch 2] Training... (lr=0.001000)
  Batch [50/98] Loss: 2.2479, Acc: 17.80%
[Epoch 2] Train Loss: 2.1542, Acc: 23.39%  |  Val Loss: 1.9848, Acc: 36.52%  |  Time: 3.2s
  -> Best model saved (36.52%)
[Epoch 2] Summarizing hook timing...

[HOOK_TIMING_SUMMARY] epoch=2
[HOOK_WORK_SUMMARY] label=mpi:recursive_doubling calls=784 work_total_ms=1534.309 work_mean_ms=1.957 work_min_ms=0.746 work_max_ms=4.165
[HOOK_TAIL_SUMMARY] label=mpi:recursive_doubling steps=98 tail_total_ms=667.874 tail_mean_ms=6.815 tail_min_ms=2.753 tail_max_ms=7.482
[Epoch 2] Hook timing summary done

[Epoch 3] Training... (lr=0.000993)
  Batch [50/98] Loss: 1.8314, Acc: 38.86%
[Epoch 3] Train Loss: 1.7473, Acc: 41.49%  |  Val Loss: 1.5758, Acc: 48.08%  |  Time: 3.2s
  -> Best model saved (48.08%)
[Epoch 3] Summarizing hook timing...

[HOOK_TIMING_SUMMARY] epoch=3
[HOOK_WORK_SUMMARY] label=mpi:recursive_doubling calls=784 work_total_ms=1621.216 work_mean_ms=2.068 work_min_ms=0.745 work_max_ms=5.668
[HOOK_TAIL_SUMMARY] label=mpi:recursive_doubling steps=98 tail_total_ms=778.394 tail_mean_ms=7.943 tail_min_ms=5.732 tail_max_ms=8.709
[Epoch 3] Hook timing summary done

[Epoch 4] Training... (lr=0.000973)
  Batch [50/98] Loss: 1.5208, Acc: 49.20%
[Epoch 4] Train Loss: 1.4719, Acc: 50.49%  |  Val Loss: 1.3987, Acc: 57.48%  |  Time: 3.2s
  -> Best model saved (57.48%)
[Epoch 4] Summarizing hook timing...

[HOOK_TIMING_SUMMARY] epoch=4
[HOOK_WORK_SUMMARY] label=mpi:recursive_doubling calls=784 work_total_ms=1527.765 work_mean_ms=1.949 work_min_ms=0.751 work_max_ms=4.370
[HOOK_TAIL_SUMMARY] label=mpi:recursive_doubling steps=98 tail_total_ms=660.147 tail_mean_ms=6.736 tail_min_ms=3.390 tail_max_ms=7.452
[Epoch 4] Hook timing summary done

[Epoch 5] Training... (lr=0.000940)
  Batch [50/98] Loss: 1.2696, Acc: 56.45%
[Epoch 5] Train Loss: 1.2509, Acc: 57.05%  |  Val Loss: 1.1640, Acc: 61.84%  |  Time: 3.1s
  -> Best model saved (61.84%)
[Epoch 5] Summarizing hook timing...

[HOOK_TIMING_SUMMARY] epoch=5
[HOOK_WORK_SUMMARY] label=mpi:recursive_doubling calls=784 work_total_ms=1569.016 work_mean_ms=2.001 work_min_ms=0.748 work_max_ms=4.254
[HOOK_TAIL_SUMMARY] label=mpi:recursive_doubling steps=98 tail_total_ms=733.874 tail_mean_ms=7.489 tail_min_ms=3.354 tail_max_ms=8.712
[Epoch 5] Hook timing summary done

[Epoch 6] Training... (lr=0.000895)
  Batch [50/98] Loss: 1.1379, Acc: 60.75%
[Epoch 6] Train Loss: 1.1227, Acc: 61.14%  |  Val Loss: 1.0663, Acc: 64.96%  |  Time: 3.2s
  -> Best model saved (64.96%)
[Epoch 6] Summarizing hook timing...

[HOOK_TIMING_SUMMARY] epoch=6
[HOOK_WORK_SUMMARY] label=mpi:recursive_doubling calls=784 work_total_ms=1576.336 work_mean_ms=2.011 work_min_ms=0.744 work_max_ms=3.946
[HOOK_TAIL_SUMMARY] label=mpi:recursive_doubling steps=98 tail_total_ms=734.770 tail_mean_ms=7.498 tail_min_ms=3.786 tail_max_ms=8.319
[Epoch 6] Hook timing summary done

[Epoch 7] Training... (lr=0.000839)
  Batch [50/98] Loss: 1.0487, Acc: 63.52%
[Epoch 7] Train Loss: 1.0295, Acc: 64.05%  |  Val Loss: 0.9604, Acc: 68.00%  |  Time: 3.2s
  -> Best model saved (68.00%)
[Epoch 7] Summarizing hook timing...

[HOOK_TIMING_SUMMARY] epoch=7
[HOOK_WORK_SUMMARY] label=mpi:recursive_doubling calls=784 work_total_ms=1528.213 work_mean_ms=1.949 work_min_ms=0.749 work_max_ms=4.432
[HOOK_TAIL_SUMMARY] label=mpi:recursive_doubling steps=98 tail_total_ms=662.277 tail_mean_ms=6.758 tail_min_ms=3.144 tail_max_ms=7.263
[Epoch 7] Hook timing summary done

[Epoch 8] Training... (lr=0.000773)
  Batch [50/98] Loss: 0.9615, Acc: 67.11%
[Epoch 8] Train Loss: 0.9594, Acc: 66.92%  |  Val Loss: 0.9047, Acc: 69.76%  |  Time: 3.1s
  -> Best model saved (69.76%)
[Epoch 8] Summarizing hook timing...

[HOOK_TIMING_SUMMARY] epoch=8
[HOOK_WORK_SUMMARY] label=mpi:recursive_doubling calls=784 work_total_ms=1485.771 work_mean_ms=1.895 work_min_ms=0.750 work_max_ms=3.741
[HOOK_TAIL_SUMMARY] label=mpi:recursive_doubling steps=98 tail_total_ms=557.285 tail_mean_ms=5.687 tail_min_ms=2.727 tail_max_ms=6.554
[Epoch 8] Hook timing summary done

[Epoch 9] Training... (lr=0.000701)
  Batch [50/98] Loss: 0.9236, Acc: 68.02%
[Epoch 9] Train Loss: 0.9033, Acc: 68.98%  |  Val Loss: 0.8579, Acc: 71.24%  |  Time: 3.2s
  -> Best model saved (71.24%)
[Epoch 9] Summarizing hook timing...

[HOOK_TIMING_SUMMARY] epoch=9
[HOOK_WORK_SUMMARY] label=mpi:recursive_doubling calls=784 work_total_ms=1571.062 work_mean_ms=2.004 work_min_ms=0.748 work_max_ms=3.847
[HOOK_TAIL_SUMMARY] label=mpi:recursive_doubling steps=98 tail_total_ms=666.752 tail_mean_ms=6.804 tail_min_ms=3.269 tail_max_ms=7.696
[Epoch 9] Hook timing summary done

[Epoch 10] Training... (lr=0.000623)
  Batch [50/98] Loss: 0.8679, Acc: 69.98%
[Epoch 10] Train Loss: 0.8621, Acc: 70.10%  |  Val Loss: 0.8187, Acc: 72.24%  |  Time: 3.1s
  -> Best model saved (72.24%)
[Epoch 10] Summarizing hook timing...

[HOOK_TIMING_SUMMARY] epoch=10
[HOOK_WORK_SUMMARY] label=mpi:recursive_doubling calls=784 work_total_ms=1475.772 work_mean_ms=1.882 work_min_ms=0.750 work_max_ms=3.849
[HOOK_TAIL_SUMMARY] label=mpi:recursive_doubling steps=98 tail_total_ms=559.114 tail_mean_ms=5.705 tail_min_ms=2.755 tail_max_ms=7.124
[Epoch 10] Hook timing summary done

[Epoch 11] Training... (lr=0.000541)
  Batch [50/98] Loss: 0.8463, Acc: 71.45%
[Epoch 11] Train Loss: 0.8336, Acc: 71.61%  |  Val Loss: 0.7881, Acc: 73.12%  |  Time: 3.2s
  -> Best model saved (73.12%)
[Epoch 11] Summarizing hook timing...

[HOOK_TIMING_SUMMARY] epoch=11
[HOOK_WORK_SUMMARY] label=mpi:recursive_doubling calls=784 work_total_ms=1553.741 work_mean_ms=1.982 work_min_ms=0.748 work_max_ms=4.332
[HOOK_TAIL_SUMMARY] label=mpi:recursive_doubling steps=98 tail_total_ms=715.140 tail_mean_ms=7.297 tail_min_ms=2.791 tail_max_ms=7.880
[Epoch 11] Hook timing summary done

[Epoch 12] Training... (lr=0.000459)
  Batch [50/98] Loss: 0.8208, Acc: 72.19%
[Epoch 12] Train Loss: 0.8127, Acc: 72.36%  |  Val Loss: 0.7723, Acc: 73.76%  |  Time: 3.1s
  -> Best model saved (73.76%)
[Epoch 12] Summarizing hook timing...

[HOOK_TIMING_SUMMARY] epoch=12
[HOOK_WORK_SUMMARY] label=mpi:recursive_doubling calls=784 work_total_ms=1445.725 work_mean_ms=1.844 work_min_ms=0.746 work_max_ms=3.905
[HOOK_TAIL_SUMMARY] label=mpi:recursive_doubling steps=98 tail_total_ms=510.929 tail_mean_ms=5.214 tail_min_ms=2.234 tail_max_ms=5.706
[Epoch 12] Hook timing summary done

[Epoch 13] Training... (lr=0.000377)
  Batch [50/98] Loss: 0.7871, Acc: 72.83%
[Epoch 13] Train Loss: 0.7800, Acc: 73.26%  |  Val Loss: 0.7664, Acc: 73.92%  |  Time: 3.1s
  -> Best model saved (73.92%)
[Epoch 13] Summarizing hook timing...

[HOOK_TIMING_SUMMARY] epoch=13
[HOOK_WORK_SUMMARY] label=mpi:recursive_doubling calls=784 work_total_ms=1564.600 work_mean_ms=1.996 work_min_ms=0.750 work_max_ms=3.772
[HOOK_TAIL_SUMMARY] label=mpi:recursive_doubling steps=98 tail_total_ms=719.115 tail_mean_ms=7.338 tail_min_ms=3.518 tail_max_ms=7.964
[Epoch 13] Hook timing summary done

[Epoch 14] Training... (lr=0.000299)
  Batch [50/98] Loss: 0.7775, Acc: 73.03%
[Epoch 14] Train Loss: 0.7781, Acc: 73.22%  |  Val Loss: 0.7441, Acc: 74.44%  |  Time: 3.1s
  -> Best model saved (74.44%)
[Epoch 14] Summarizing hook timing...

[HOOK_TIMING_SUMMARY] epoch=14
[HOOK_WORK_SUMMARY] label=mpi:recursive_doubling calls=784 work_total_ms=1573.473 work_mean_ms=2.007 work_min_ms=0.755 work_max_ms=3.643
[HOOK_TAIL_SUMMARY] label=mpi:recursive_doubling steps=98 tail_total_ms=731.939 tail_mean_ms=7.469 tail_min_ms=3.544 tail_max_ms=8.061
[Epoch 14] Hook timing summary done

[Epoch 15] Training... (lr=0.000227)
  Batch [50/98] Loss: 0.7700, Acc: 74.34%
[Epoch 15] Train Loss: 0.7638, Acc: 74.40%  |  Val Loss: 0.7453, Acc: 74.72%  |  Time: 3.2s
  -> Best model saved (74.72%)
[Epoch 15] Summarizing hook timing...

[HOOK_TIMING_SUMMARY] epoch=15
[HOOK_WORK_SUMMARY] label=mpi:recursive_doubling calls=784 work_total_ms=1564.085 work_mean_ms=1.995 work_min_ms=0.748 work_max_ms=4.058
[HOOK_TAIL_SUMMARY] label=mpi:recursive_doubling steps=98 tail_total_ms=714.208 tail_mean_ms=7.288 tail_min_ms=3.495 tail_max_ms=8.306
[Epoch 15] Hook timing summary done

[Epoch 16] Training... (lr=0.000161)
  Batch [50/98] Loss: 0.7498, Acc: 74.00%
[Epoch 16] Train Loss: 0.7463, Acc: 74.38%  |  Val Loss: 0.7326, Acc: 74.96%  |  Time: 3.1s
  -> Best model saved (74.96%)
[Epoch 16] Summarizing hook timing...

[HOOK_TIMING_SUMMARY] epoch=16
[HOOK_WORK_SUMMARY] label=mpi:recursive_doubling calls=784 work_total_ms=1555.922 work_mean_ms=1.985 work_min_ms=0.747 work_max_ms=4.119
[HOOK_TAIL_SUMMARY] label=mpi:recursive_doubling steps=98 tail_total_ms=703.807 tail_mean_ms=7.182 tail_min_ms=3.773 tail_max_ms=7.864
[Epoch 16] Hook timing summary done

[Epoch 17] Training... (lr=0.000105)
  Batch [50/98] Loss: 0.7410, Acc: 74.23%
[Epoch 17] Train Loss: 0.7460, Acc: 74.13%  |  Val Loss: 0.7272, Acc: 75.56%  |  Time: 3.2s
  -> Best model saved (75.56%)
[Epoch 17] Summarizing hook timing...

[HOOK_TIMING_SUMMARY] epoch=17
[HOOK_WORK_SUMMARY] label=mpi:recursive_doubling calls=784 work_total_ms=1541.049 work_mean_ms=1.966 work_min_ms=0.747 work_max_ms=3.910
[HOOK_TAIL_SUMMARY] label=mpi:recursive_doubling steps=98 tail_total_ms=668.506 tail_mean_ms=6.821 tail_min_ms=3.259 tail_max_ms=7.494
[Epoch 17] Hook timing summary done

[Epoch 18] Training... (lr=0.000060)
  Batch [50/98] Loss: 0.7384, Acc: 75.17%
[Epoch 18] Train Loss: 0.7383, Acc: 74.93%  |  Val Loss: 0.7343, Acc: 75.24%  |  Time: 3.2s
[Epoch 18] Summarizing hook timing...

[HOOK_TIMING_SUMMARY] epoch=18
[HOOK_WORK_SUMMARY] label=mpi:recursive_doubling calls=784 work_total_ms=1590.335 work_mean_ms=2.028 work_min_ms=0.745 work_max_ms=3.968
[HOOK_TAIL_SUMMARY] label=mpi:recursive_doubling steps=98 tail_total_ms=695.711 tail_mean_ms=7.099 tail_min_ms=3.394 tail_max_ms=8.717
[Epoch 18] Hook timing summary done

[Epoch 19] Training... (lr=0.000027)
  Batch [50/98] Loss: 0.7328, Acc: 74.73%
[Epoch 19] Train Loss: 0.7344, Acc: 74.67%  |  Val Loss: 0.7266, Acc: 75.20%  |  Time: 3.2s
[Epoch 19] Summarizing hook timing...

[HOOK_TIMING_SUMMARY] epoch=19
[HOOK_WORK_SUMMARY] label=mpi:recursive_doubling calls=784 work_total_ms=1559.298 work_mean_ms=1.989 work_min_ms=0.745 work_max_ms=30.536
[HOOK_TAIL_SUMMARY] label=mpi:recursive_doubling steps=98 tail_total_ms=680.557 tail_mean_ms=6.944 tail_min_ms=5.062 tail_max_ms=33.387
[Epoch 19] Hook timing summary done

[Epoch 20] Training... (lr=0.000007)
  Batch [50/98] Loss: 0.7184, Acc: 75.05%
[Epoch 20] Train Loss: 0.7289, Acc: 74.98%  |  Val Loss: 0.7500, Acc: 74.48%  |  Time: 3.2s
[Epoch 20] Summarizing hook timing...

[HOOK_TIMING_SUMMARY] epoch=20
[HOOK_WORK_SUMMARY] label=mpi:recursive_doubling calls=784 work_total_ms=1552.518 work_mean_ms=1.980 work_min_ms=0.745 work_max_ms=27.974
[HOOK_TAIL_SUMMARY] label=mpi:recursive_doubling steps=98 tail_total_ms=679.028 tail_mean_ms=6.929 tail_min_ms=4.613 tail_max_ms=30.355
[Epoch 20] Hook timing summary done

================================================================================
Done in 79.5s | Best val acc: 75.56%
Epoch times: mean=3.2s  min=3.1s  max=4.5s
================================================================================
=== Finished training: backend=mpi, hook=recursive_doubling, zfp_rate=none, status=0 at Fri May 22 01:12:14 PM UTC 2026 ===
=== Starting training: backend=mpi, hook=recursive_doubling_zfp_naive, zfp_rate=16 at Fri May 22 01:12:14 PM UTC 2026 ===

================================================================================
DISTRIBUTED TRAINING LAUNCHER
================================================================================
  Model:      wide_resnet50_2 (pretrained)
  Dataset:    cifar10 (10 classes)
  Backend:    mpi
  Algorithm:  recursive_doubling_zfp_naive
  ZFP rate:   16
  Epochs:     20
  Batch/rank: 128
  LR:         0.001
================================================================================


================================================================================
Distributed Training: WIDE_RESNET50_2 on CIFAR10
Backend: MPI, Algorithm: recursive_doubling_zfp_naive
================================================================================
Ranks: 4, Epochs: 20, Batch/rank: 128, Effective batch: 512
LR: 0.001, Device: cuda:0

[Setup] Model on cuda:0, wrapped in DDP (static_graph=True)
[Setup] Hook registered: mpi/recursive_doubling_zfp_naive
[Data] Train batches: 98, Val batches: 20


[Epoch 1] Training... (lr=0.000001)

================================================================================
DISTRIBUTED TRAINING LAUNCHER
================================================================================
  Model:      wide_resnet50_2 (pretrained)
  Dataset:    cifar10 (10 classes)
  Backend:    mpi
  Algorithm:  recursive_doubling_zfp_naive
  ZFP rate:   16
  Epochs:     20
  Batch/rank: 128
  LR:         0.001
================================================================================


================================================================================
DISTRIBUTED TRAINING LAUNCHER
================================================================================
  Model:      wide_resnet50_2 (pretrained)
  Dataset:    cifar10 (10 classes)
  Backend:    mpi
  Algorithm:  recursive_doubling_zfp_naive
  ZFP rate:   16
  Epochs:     20
  Batch/rank: 128
  LR:         0.001
================================================================================


================================================================================
DISTRIBUTED TRAINING LAUNCHER
================================================================================
  Model:      wide_resnet50_2 (pretrained)
  Dataset:    cifar10 (10 classes)
  Backend:    mpi
  Algorithm:  recursive_doubling_zfp_naive
  ZFP rate:   16
  Epochs:     20
  Batch/rank: 128
  LR:         0.001
================================================================================

  Batch [50/98] Loss: 2.3589, Acc: 10.75%
[Epoch 1] Train Loss: 2.3569, Acc: 10.82%  |  Val Loss: 2.6186, Acc: 11.32%  |  Time: 5.5s
  -> Best model saved (11.32%)
[Epoch 1] Summarizing hook timing...

[HOOK_TIMING_SUMMARY] epoch=1
[HOOK_WORK_SUMMARY] label=mpi:recursive_doubling_zfp_naive:rate16 calls=770 work_total_ms=2605.646 work_mean_ms=3.384 work_min_ms=1.417 work_max_ms=125.930
[HOOK_TAIL_SUMMARY] label=mpi:recursive_doubling_zfp_naive:rate16 steps=99 tail_total_ms=1708.640 tail_mean_ms=17.259 tail_min_ms=3.446 tail_max_ms=173.325
[Epoch 1] Hook timing summary done

[Epoch 2] Training... (lr=0.001000)
  Batch [50/98] Loss: 2.2500, Acc: 17.62%
[Epoch 2] Train Loss: 2.1504, Acc: 23.47%  |  Val Loss: 1.9558, Acc: 37.16%  |  Time: 4.2s
  -> Best model saved (37.16%)
[Epoch 2] Summarizing hook timing...

[HOOK_TIMING_SUMMARY] epoch=2
[HOOK_WORK_SUMMARY] label=mpi:recursive_doubling_zfp_naive:rate16 calls=784 work_total_ms=2542.256 work_mean_ms=3.243 work_min_ms=1.419 work_max_ms=6.347
[HOOK_TAIL_SUMMARY] label=mpi:recursive_doubling_zfp_naive:rate16 steps=98 tail_total_ms=1627.986 tail_mean_ms=16.612 tail_min_ms=13.248 tail_max_ms=17.134
[Epoch 2] Hook timing summary done

[Epoch 3] Training... (lr=0.000993)
  Batch [50/98] Loss: 1.8262, Acc: 39.12%
[Epoch 3] Train Loss: 1.7417, Acc: 41.58%  |  Val Loss: 1.5636, Acc: 49.44%  |  Time: 4.2s
  -> Best model saved (49.44%)
[Epoch 3] Summarizing hook timing...

[HOOK_TIMING_SUMMARY] epoch=3
[HOOK_WORK_SUMMARY] label=mpi:recursive_doubling_zfp_naive:rate16 calls=784 work_total_ms=2537.776 work_mean_ms=3.237 work_min_ms=1.417 work_max_ms=6.891
[HOOK_TAIL_SUMMARY] label=mpi:recursive_doubling_zfp_naive:rate16 steps=98 tail_total_ms=1652.827 tail_mean_ms=16.866 tail_min_ms=13.021 tail_max_ms=18.282
[Epoch 3] Hook timing summary done

[Epoch 4] Training... (lr=0.000973)
  Batch [50/98] Loss: 1.5094, Acc: 48.94%
[Epoch 4] Train Loss: 1.4611, Acc: 50.42%  |  Val Loss: 1.3573, Acc: 57.16%  |  Time: 4.2s
  -> Best model saved (57.16%)
[Epoch 4] Summarizing hook timing...

[HOOK_TIMING_SUMMARY] epoch=4
[HOOK_WORK_SUMMARY] label=mpi:recursive_doubling_zfp_naive:rate16 calls=784 work_total_ms=2527.808 work_mean_ms=3.224 work_min_ms=1.417 work_max_ms=6.383
[HOOK_TAIL_SUMMARY] label=mpi:recursive_doubling_zfp_naive:rate16 steps=98 tail_total_ms=1596.973 tail_mean_ms=16.296 tail_min_ms=12.460 tail_max_ms=16.998
[Epoch 4] Hook timing summary done

[Epoch 5] Training... (lr=0.000940)
  Batch [50/98] Loss: 1.2578, Acc: 57.44%
[Epoch 5] Train Loss: 1.2383, Acc: 57.78%  |  Val Loss: 1.1706, Acc: 61.32%  |  Time: 4.2s
  -> Best model saved (61.32%)
[Epoch 5] Summarizing hook timing...

[HOOK_TIMING_SUMMARY] epoch=5
[HOOK_WORK_SUMMARY] label=mpi:recursive_doubling_zfp_naive:rate16 calls=784 work_total_ms=2562.688 work_mean_ms=3.269 work_min_ms=1.419 work_max_ms=6.116
[HOOK_TAIL_SUMMARY] label=mpi:recursive_doubling_zfp_naive:rate16 steps=98 tail_total_ms=1669.241 tail_mean_ms=17.033 tail_min_ms=13.237 tail_max_ms=17.621
[Epoch 5] Hook timing summary done

[Epoch 6] Training... (lr=0.000895)
  Batch [50/98] Loss: 1.1363, Acc: 60.47%
[Epoch 6] Train Loss: 1.1215, Acc: 61.01%  |  Val Loss: 1.0573, Acc: 64.72%  |  Time: 4.2s
  -> Best model saved (64.72%)
[Epoch 6] Summarizing hook timing...

[HOOK_TIMING_SUMMARY] epoch=6
[HOOK_WORK_SUMMARY] label=mpi:recursive_doubling_zfp_naive:rate16 calls=784 work_total_ms=2514.434 work_mean_ms=3.207 work_min_ms=1.416 work_max_ms=6.656
[HOOK_TAIL_SUMMARY] label=mpi:recursive_doubling_zfp_naive:rate16 steps=98 tail_total_ms=1587.297 tail_mean_ms=16.197 tail_min_ms=13.976 tail_max_ms=17.052
[Epoch 6] Hook timing summary done

[Epoch 7] Training... (lr=0.000839)
  Batch [50/98] Loss: 1.0501, Acc: 63.31%
[Epoch 7] Train Loss: 1.0312, Acc: 63.90%  |  Val Loss: 0.9697, Acc: 67.96%  |  Time: 4.1s
  -> Best model saved (67.96%)
[Epoch 7] Summarizing hook timing...

[HOOK_TIMING_SUMMARY] epoch=7
[HOOK_WORK_SUMMARY] label=mpi:recursive_doubling_zfp_naive:rate16 calls=784 work_total_ms=2483.157 work_mean_ms=3.167 work_min_ms=1.420 work_max_ms=6.489
[HOOK_TAIL_SUMMARY] label=mpi:recursive_doubling_zfp_naive:rate16 steps=98 tail_total_ms=1544.392 tail_mean_ms=15.759 tail_min_ms=12.527 tail_max_ms=16.680
[Epoch 7] Hook timing summary done

[Epoch 8] Training... (lr=0.000773)
  Batch [50/98] Loss: 0.9623, Acc: 66.81%
[Epoch 8] Train Loss: 0.9625, Acc: 66.73%  |  Val Loss: 0.9132, Acc: 69.36%  |  Time: 4.1s
  -> Best model saved (69.36%)
[Epoch 8] Summarizing hook timing...

[HOOK_TIMING_SUMMARY] epoch=8
[HOOK_WORK_SUMMARY] label=mpi:recursive_doubling_zfp_naive:rate16 calls=784 work_total_ms=2487.802 work_mean_ms=3.173 work_min_ms=1.414 work_max_ms=6.459
[HOOK_TAIL_SUMMARY] label=mpi:recursive_doubling_zfp_naive:rate16 steps=98 tail_total_ms=1548.769 tail_mean_ms=15.804 tail_min_ms=12.934 tail_max_ms=16.164
[Epoch 8] Hook timing summary done

[Epoch 9] Training... (lr=0.000701)
  Batch [50/98] Loss: 0.9236, Acc: 68.05%
[Epoch 9] Train Loss: 0.9061, Acc: 68.85%  |  Val Loss: 0.8527, Acc: 71.04%  |  Time: 4.2s
  -> Best model saved (71.04%)
[Epoch 9] Summarizing hook timing...

[HOOK_TIMING_SUMMARY] epoch=9
[HOOK_WORK_SUMMARY] label=mpi:recursive_doubling_zfp_naive:rate16 calls=784 work_total_ms=2504.664 work_mean_ms=3.195 work_min_ms=1.419 work_max_ms=6.559
[HOOK_TAIL_SUMMARY] label=mpi:recursive_doubling_zfp_naive:rate16 steps=98 tail_total_ms=1614.260 tail_mean_ms=16.472 tail_min_ms=13.218 tail_max_ms=16.885
[Epoch 9] Hook timing summary done

[Epoch 10] Training... (lr=0.000623)
  Batch [50/98] Loss: 0.8717, Acc: 69.84%
[Epoch 10] Train Loss: 0.8661, Acc: 69.93%  |  Val Loss: 0.8208, Acc: 72.76%  |  Time: 4.2s
  -> Best model saved (72.76%)
[Epoch 10] Summarizing hook timing...

[HOOK_TIMING_SUMMARY] epoch=10
[HOOK_WORK_SUMMARY] label=mpi:recursive_doubling_zfp_naive:rate16 calls=784 work_total_ms=2516.449 work_mean_ms=3.210 work_min_ms=1.417 work_max_ms=6.887
[HOOK_TAIL_SUMMARY] label=mpi:recursive_doubling_zfp_naive:rate16 steps=98 tail_total_ms=1630.146 tail_mean_ms=16.634 tail_min_ms=13.579 tail_max_ms=17.882
[Epoch 10] Hook timing summary done

[Epoch 11] Training... (lr=0.000541)
  Batch [50/98] Loss: 0.8460, Acc: 70.78%
[Epoch 11] Train Loss: 0.8351, Acc: 71.03%  |  Val Loss: 0.7918, Acc: 73.00%  |  Time: 4.2s
  -> Best model saved (73.00%)
[Epoch 11] Summarizing hook timing...

[HOOK_TIMING_SUMMARY] epoch=11
[HOOK_WORK_SUMMARY] label=mpi:recursive_doubling_zfp_naive:rate16 calls=784 work_total_ms=2567.658 work_mean_ms=3.275 work_min_ms=1.418 work_max_ms=6.361
[HOOK_TAIL_SUMMARY] label=mpi:recursive_doubling_zfp_naive:rate16 steps=98 tail_total_ms=1673.742 tail_mean_ms=17.079 tail_min_ms=13.241 tail_max_ms=18.272
[Epoch 11] Hook timing summary done

[Epoch 12] Training... (lr=0.000459)
  Batch [50/98] Loss: 0.8179, Acc: 72.25%
[Epoch 12] Train Loss: 0.8098, Acc: 72.39%  |  Val Loss: 0.7708, Acc: 73.76%  |  Time: 4.1s
  -> Best model saved (73.76%)
[Epoch 12] Summarizing hook timing...

[HOOK_TIMING_SUMMARY] epoch=12
[HOOK_WORK_SUMMARY] label=mpi:recursive_doubling_zfp_naive:rate16 calls=784 work_total_ms=2497.039 work_mean_ms=3.185 work_min_ms=1.415 work_max_ms=7.051
[HOOK_TAIL_SUMMARY] label=mpi:recursive_doubling_zfp_naive:rate16 steps=98 tail_total_ms=1573.383 tail_mean_ms=16.055 tail_min_ms=13.431 tail_max_ms=17.396
[Epoch 12] Hook timing summary done

[Epoch 13] Training... (lr=0.000377)
  Batch [50/98] Loss: 0.7878, Acc: 72.38%
[Epoch 13] Train Loss: 0.7828, Acc: 72.97%  |  Val Loss: 0.7585, Acc: 74.04%  |  Time: 4.1s
  -> Best model saved (74.04%)
[Epoch 13] Summarizing hook timing...

[HOOK_TIMING_SUMMARY] epoch=13
[HOOK_WORK_SUMMARY] label=mpi:recursive_doubling_zfp_naive:rate16 calls=784 work_total_ms=2514.865 work_mean_ms=3.208 work_min_ms=1.418 work_max_ms=6.121
[HOOK_TAIL_SUMMARY] label=mpi:recursive_doubling_zfp_naive:rate16 steps=98 tail_total_ms=1601.559 tail_mean_ms=16.342 tail_min_ms=14.073 tail_max_ms=17.212
[Epoch 13] Hook timing summary done

[Epoch 14] Training... (lr=0.000299)
  Batch [50/98] Loss: 0.7794, Acc: 72.58%
[Epoch 14] Train Loss: 0.7783, Acc: 72.86%  |  Val Loss: 0.7413, Acc: 74.00%  |  Time: 4.2s
[Epoch 14] Summarizing hook timing...

[HOOK_TIMING_SUMMARY] epoch=14
[HOOK_WORK_SUMMARY] label=mpi:recursive_doubling_zfp_naive:rate16 calls=784 work_total_ms=2585.263 work_mean_ms=3.298 work_min_ms=1.412 work_max_ms=5.632
[HOOK_TAIL_SUMMARY] label=mpi:recursive_doubling_zfp_naive:rate16 steps=98 tail_total_ms=1727.182 tail_mean_ms=17.624 tail_min_ms=14.388 tail_max_ms=18.562
[Epoch 14] Hook timing summary done

[Epoch 15] Training... (lr=0.000227)
  Batch [50/98] Loss: 0.7710, Acc: 73.67%
[Epoch 15] Train Loss: 0.7667, Acc: 73.95%  |  Val Loss: 0.7425, Acc: 74.56%  |  Time: 4.2s
  -> Best model saved (74.56%)
[Epoch 15] Summarizing hook timing...

[HOOK_TIMING_SUMMARY] epoch=15
[HOOK_WORK_SUMMARY] label=mpi:recursive_doubling_zfp_naive:rate16 calls=784 work_total_ms=2588.993 work_mean_ms=3.302 work_min_ms=1.412 work_max_ms=31.610
[HOOK_TAIL_SUMMARY] label=mpi:recursive_doubling_zfp_naive:rate16 steps=98 tail_total_ms=1720.325 tail_mean_ms=17.554 tail_min_ms=15.388 tail_max_ms=43.794
[Epoch 15] Hook timing summary done

[Epoch 16] Training... (lr=0.000161)
  Batch [50/98] Loss: 0.7514, Acc: 73.98%
[Epoch 16] Train Loss: 0.7482, Acc: 74.27%  |  Val Loss: 0.7301, Acc: 74.80%  |  Time: 4.2s
  -> Best model saved (74.80%)
[Epoch 16] Summarizing hook timing...

[HOOK_TIMING_SUMMARY] epoch=16
[HOOK_WORK_SUMMARY] label=mpi:recursive_doubling_zfp_naive:rate16 calls=784 work_total_ms=2593.814 work_mean_ms=3.308 work_min_ms=1.418 work_max_ms=5.979
[HOOK_TAIL_SUMMARY] label=mpi:recursive_doubling_zfp_naive:rate16 steps=98 tail_total_ms=1739.873 tail_mean_ms=17.754 tail_min_ms=14.035 tail_max_ms=18.313
[Epoch 16] Hook timing summary done

[Epoch 17] Training... (lr=0.000105)
  Batch [50/98] Loss: 0.7436, Acc: 74.19%
[Epoch 17] Train Loss: 0.7473, Acc: 74.07%  |  Val Loss: 0.7243, Acc: 75.12%  |  Time: 4.2s
  -> Best model saved (75.12%)
[Epoch 17] Summarizing hook timing...

[HOOK_TIMING_SUMMARY] epoch=17
[HOOK_WORK_SUMMARY] label=mpi:recursive_doubling_zfp_naive:rate16 calls=784 work_total_ms=2575.979 work_mean_ms=3.286 work_min_ms=1.417 work_max_ms=6.110
[HOOK_TAIL_SUMMARY] label=mpi:recursive_doubling_zfp_naive:rate16 steps=98 tail_total_ms=1714.942 tail_mean_ms=17.499 tail_min_ms=12.897 tail_max_ms=18.073
[Epoch 17] Hook timing summary done

[Epoch 18] Training... (lr=0.000060)
  Batch [50/98] Loss: 0.7377, Acc: 74.95%
[Epoch 18] Train Loss: 0.7394, Acc: 74.66%  |  Val Loss: 0.7285, Acc: 74.76%  |  Time: 4.1s
[Epoch 18] Summarizing hook timing...

[HOOK_TIMING_SUMMARY] epoch=18
[HOOK_WORK_SUMMARY] label=mpi:recursive_doubling_zfp_naive:rate16 calls=784 work_total_ms=2563.080 work_mean_ms=3.269 work_min_ms=1.422 work_max_ms=5.907
[HOOK_TAIL_SUMMARY] label=mpi:recursive_doubling_zfp_naive:rate16 steps=98 tail_total_ms=1716.700 tail_mean_ms=17.517 tail_min_ms=15.136 tail_max_ms=18.419
[Epoch 18] Hook timing summary done

[Epoch 19] Training... (lr=0.000027)
  Batch [50/98] Loss: 0.7289, Acc: 74.28%
[Epoch 19] Train Loss: 0.7327, Acc: 74.31%  |  Val Loss: 0.7231, Acc: 75.12%  |  Time: 4.2s
[Epoch 19] Summarizing hook timing...

[HOOK_TIMING_SUMMARY] epoch=19
[HOOK_WORK_SUMMARY] label=mpi:recursive_doubling_zfp_naive:rate16 calls=784 work_total_ms=2567.532 work_mean_ms=3.275 work_min_ms=1.414 work_max_ms=60.201
[HOOK_TAIL_SUMMARY] label=mpi:recursive_doubling_zfp_naive:rate16 steps=98 tail_total_ms=1656.827 tail_mean_ms=16.906 tail_min_ms=13.799 tail_max_ms=72.988
[Epoch 19] Hook timing summary done

[Epoch 20] Training... (lr=0.000007)
  Batch [50/98] Loss: 0.7179, Acc: 75.03%
[Epoch 20] Train Loss: 0.7269, Acc: 75.08%  |  Val Loss: 0.7369, Acc: 74.52%  |  Time: 4.2s
[Epoch 20] Summarizing hook timing...

[HOOK_TIMING_SUMMARY] epoch=20
[HOOK_WORK_SUMMARY] label=mpi:recursive_doubling_zfp_naive:rate16 calls=784 work_total_ms=2584.020 work_mean_ms=3.296 work_min_ms=1.416 work_max_ms=36.273
[HOOK_TAIL_SUMMARY] label=mpi:recursive_doubling_zfp_naive:rate16 steps=98 tail_total_ms=1684.796 tail_mean_ms=17.192 tail_min_ms=14.062 tail_max_ms=48.793
[Epoch 20] Hook timing summary done

================================================================================
Done in 99.1s | Best val acc: 75.12%
Epoch times: mean=4.2s  min=4.1s  max=5.5s
================================================================================
=== Finished training: backend=mpi, hook=recursive_doubling_zfp_naive, zfp_rate=16, status=0 at Fri May 22 01:14:02 PM UTC 2026 ===
=== Starting training: backend=mpi, hook=recursive_doubling_zfp_online_coll, zfp_rate=16 at Fri May 22 01:14:02 PM UTC 2026 ===

================================================================================
DISTRIBUTED TRAINING LAUNCHER
================================================================================
  Model:      wide_resnet50_2 (pretrained)
  Dataset:    cifar10 (10 classes)
  Backend:    mpi
  Algorithm:  recursive_doubling_zfp_online_coll
  ZFP rate:   16
  Epochs:     20
  Batch/rank: 128
  LR:         0.001
================================================================================


================================================================================
Distributed Training: WIDE_RESNET50_2 on CIFAR10
Backend: MPI, Algorithm: recursive_doubling_zfp_online_coll
================================================================================
Ranks: 4, Epochs: 20, Batch/rank: 128, Effective batch: 512
LR: 0.001, Device: cuda:0

[Setup] Model on cuda:0, wrapped in DDP (static_graph=True)
[Setup] Hook registered: mpi/recursive_doubling_zfp_online_coll

================================================================================
DISTRIBUTED TRAINING LAUNCHER
================================================================================
  Model:      wide_resnet50_2 (pretrained)
  Dataset:    cifar10 (10 classes)
  Backend:    mpi
  Algorithm:  recursive_doubling_zfp_online_coll
  ZFP rate:   16
  Epochs:     20
  Batch/rank: 128
  LR:         0.001
================================================================================


================================================================================
DISTRIBUTED TRAINING LAUNCHER
================================================================================
  Model:      wide_resnet50_2 (pretrained)
  Dataset:    cifar10 (10 classes)
  Backend:    mpi
  Algorithm:  recursive_doubling_zfp_online_coll
  ZFP rate:   16
  Epochs:     20
  Batch/rank: 128
  LR:         0.001
================================================================================

[Data] Train batches: 98, Val batches: 20


[Epoch 1] Training... (lr=0.000001)

================================================================================
DISTRIBUTED TRAINING LAUNCHER
================================================================================
  Model:      wide_resnet50_2 (pretrained)
  Dataset:    cifar10 (10 classes)
  Backend:    mpi
  Algorithm:  recursive_doubling_zfp_online_coll
  ZFP rate:   16
  Epochs:     20
  Batch/rank: 128
  LR:         0.001
================================================================================

  Batch [50/98] Loss: 2.3589, Acc: 10.75%
[Epoch 1] Train Loss: 2.3570, Acc: 10.82%  |  Val Loss: 2.6179, Acc: 11.24%  |  Time: 5.3s
  -> Best model saved (11.24%)
[Epoch 1] Summarizing hook timing...

[HOOK_TIMING_SUMMARY] epoch=1
[HOOK_WORK_SUMMARY] label=mpi:recursive_doubling_zfp_online_coll:rate16 calls=770 work_total_ms=2394.348 work_mean_ms=3.110 work_min_ms=1.161 work_max_ms=73.025
[HOOK_TAIL_SUMMARY] label=mpi:recursive_doubling_zfp_online_coll:rate16 steps=99 tail_total_ms=1484.275 tail_mean_ms=14.993 tail_min_ms=2.211 tail_max_ms=97.347
[Epoch 1] Hook timing summary done

[Epoch 2] Training... (lr=0.001000)
  Batch [50/98] Loss: 2.2484, Acc: 17.77%
[Epoch 2] Train Loss: 2.1548, Acc: 22.94%  |  Val Loss: 2.0293, Acc: 36.84%  |  Time: 4.1s
  -> Best model saved (36.84%)
[Epoch 2] Summarizing hook timing...

[HOOK_TIMING_SUMMARY] epoch=2
[HOOK_WORK_SUMMARY] label=mpi:recursive_doubling_zfp_online_coll:rate16 calls=784 work_total_ms=2333.031 work_mean_ms=2.976 work_min_ms=1.376 work_max_ms=5.942
[HOOK_TAIL_SUMMARY] label=mpi:recursive_doubling_zfp_online_coll:rate16 steps=98 tail_total_ms=1442.907 tail_mean_ms=14.724 tail_min_ms=12.765 tail_max_ms=15.375
[Epoch 2] Hook timing summary done

[Epoch 3] Training... (lr=0.000993)
  Batch [50/98] Loss: 1.8317, Acc: 38.52%
[Epoch 3] Train Loss: 1.7498, Acc: 40.92%  |  Val Loss: 1.5587, Acc: 48.44%  |  Time: 4.0s
  -> Best model saved (48.44%)
[Epoch 3] Summarizing hook timing...

[HOOK_TIMING_SUMMARY] epoch=3
[HOOK_WORK_SUMMARY] label=mpi:recursive_doubling_zfp_online_coll:rate16 calls=784 work_total_ms=2374.120 work_mean_ms=3.028 work_min_ms=1.275 work_max_ms=6.374
[HOOK_TAIL_SUMMARY] label=mpi:recursive_doubling_zfp_online_coll:rate16 steps=98 tail_total_ms=1502.846 tail_mean_ms=15.335 tail_min_ms=13.257 tail_max_ms=16.254
[Epoch 3] Hook timing summary done

[Epoch 4] Training... (lr=0.000973)
  Batch [50/98] Loss: 1.5108, Acc: 49.58%
[Epoch 4] Train Loss: 1.4657, Acc: 50.64%  |  Val Loss: 1.3347, Acc: 56.16%  |  Time: 4.0s
  -> Best model saved (56.16%)
[Epoch 4] Summarizing hook timing...

[HOOK_TIMING_SUMMARY] epoch=4
[HOOK_WORK_SUMMARY] label=mpi:recursive_doubling_zfp_online_coll:rate16 calls=784 work_total_ms=2333.217 work_mean_ms=2.976 work_min_ms=1.394 work_max_ms=6.053
[HOOK_TAIL_SUMMARY] label=mpi:recursive_doubling_zfp_online_coll:rate16 steps=98 tail_total_ms=1441.725 tail_mean_ms=14.711 tail_min_ms=12.062 tail_max_ms=15.870
[Epoch 4] Hook timing summary done

[Epoch 5] Training... (lr=0.000940)
  Batch [50/98] Loss: 1.2595, Acc: 56.64%
[Epoch 5] Train Loss: 1.2404, Acc: 57.41%  |  Val Loss: 1.1714, Acc: 60.92%  |  Time: 4.0s
  -> Best model saved (60.92%)
[Epoch 5] Summarizing hook timing...

[HOOK_TIMING_SUMMARY] epoch=5
[HOOK_WORK_SUMMARY] label=mpi:recursive_doubling_zfp_online_coll:rate16 calls=784 work_total_ms=2364.116 work_mean_ms=3.015 work_min_ms=1.362 work_max_ms=5.950
[HOOK_TAIL_SUMMARY] label=mpi:recursive_doubling_zfp_online_coll:rate16 steps=98 tail_total_ms=1440.216 tail_mean_ms=14.696 tail_min_ms=12.662 tail_max_ms=16.205
[Epoch 5] Hook timing summary done

[Epoch 6] Training... (lr=0.000895)
  Batch [50/98] Loss: 1.1339, Acc: 60.56%
[Epoch 6] Train Loss: 1.1210, Acc: 61.07%  |  Val Loss: 1.0541, Acc: 64.52%  |  Time: 4.0s
  -> Best model saved (64.52%)
[Epoch 6] Summarizing hook timing...

[HOOK_TIMING_SUMMARY] epoch=6
[HOOK_WORK_SUMMARY] label=mpi:recursive_doubling_zfp_online_coll:rate16 calls=784 work_total_ms=2335.859 work_mean_ms=2.979 work_min_ms=1.361 work_max_ms=5.796
[HOOK_TAIL_SUMMARY] label=mpi:recursive_doubling_zfp_online_coll:rate16 steps=98 tail_total_ms=1402.769 tail_mean_ms=14.314 tail_min_ms=11.773 tail_max_ms=15.016
[Epoch 6] Hook timing summary done

[Epoch 7] Training... (lr=0.000839)
  Batch [50/98] Loss: 1.0523, Acc: 63.12%
[Epoch 7] Train Loss: 1.0309, Acc: 63.77%  |  Val Loss: 0.9637, Acc: 67.52%  |  Time: 4.0s
  -> Best model saved (67.52%)
[Epoch 7] Summarizing hook timing...

[HOOK_TIMING_SUMMARY] epoch=7
[HOOK_WORK_SUMMARY] label=mpi:recursive_doubling_zfp_online_coll:rate16 calls=784 work_total_ms=2391.778 work_mean_ms=3.051 work_min_ms=1.380 work_max_ms=6.277
[HOOK_TAIL_SUMMARY] label=mpi:recursive_doubling_zfp_online_coll:rate16 steps=98 tail_total_ms=1517.840 tail_mean_ms=15.488 tail_min_ms=13.492 tail_max_ms=16.024
[Epoch 7] Hook timing summary done

[Epoch 8] Training... (lr=0.000773)
  Batch [50/98] Loss: 0.9686, Acc: 66.56%
[Epoch 8] Train Loss: 0.9621, Acc: 66.38%  |  Val Loss: 0.9041, Acc: 69.72%  |  Time: 4.0s
  -> Best model saved (69.72%)
[Epoch 8] Summarizing hook timing...

[HOOK_TIMING_SUMMARY] epoch=8
[HOOK_WORK_SUMMARY] label=mpi:recursive_doubling_zfp_online_coll:rate16 calls=784 work_total_ms=2375.379 work_mean_ms=3.030 work_min_ms=1.391 work_max_ms=5.888
[HOOK_TAIL_SUMMARY] label=mpi:recursive_doubling_zfp_online_coll:rate16 steps=98 tail_total_ms=1508.921 tail_mean_ms=15.397 tail_min_ms=12.018 tail_max_ms=16.188
[Epoch 8] Hook timing summary done

[Epoch 9] Training... (lr=0.000701)
  Batch [50/98] Loss: 0.9248, Acc: 67.66%
[Epoch 9] Train Loss: 0.9057, Acc: 68.85%  |  Val Loss: 0.8467, Acc: 71.00%  |  Time: 4.0s
  -> Best model saved (71.00%)
[Epoch 9] Summarizing hook timing...

[HOOK_TIMING_SUMMARY] epoch=9
[HOOK_WORK_SUMMARY] label=mpi:recursive_doubling_zfp_online_coll:rate16 calls=784 work_total_ms=2390.632 work_mean_ms=3.049 work_min_ms=1.383 work_max_ms=5.497
[HOOK_TAIL_SUMMARY] label=mpi:recursive_doubling_zfp_online_coll:rate16 steps=98 tail_total_ms=1470.199 tail_mean_ms=15.002 tail_min_ms=11.395 tail_max_ms=15.511
[Epoch 9] Hook timing summary done

[Epoch 10] Training... (lr=0.000623)
  Batch [50/98] Loss: 0.8733, Acc: 70.00%
[Epoch 10] Train Loss: 0.8677, Acc: 70.01%  |  Val Loss: 0.8057, Acc: 71.92%  |  Time: 4.0s
  -> Best model saved (71.92%)
[Epoch 10] Summarizing hook timing...

[HOOK_TIMING_SUMMARY] epoch=10
[HOOK_WORK_SUMMARY] label=mpi:recursive_doubling_zfp_online_coll:rate16 calls=784 work_total_ms=2406.341 work_mean_ms=3.069 work_min_ms=1.377 work_max_ms=5.892
[HOOK_TAIL_SUMMARY] label=mpi:recursive_doubling_zfp_online_coll:rate16 steps=98 tail_total_ms=1487.905 tail_mean_ms=15.183 tail_min_ms=12.262 tail_max_ms=16.080
[Epoch 10] Hook timing summary done

[Epoch 11] Training... (lr=0.000541)
  Batch [50/98] Loss: 0.8455, Acc: 70.91%
[Epoch 11] Train Loss: 0.8351, Acc: 71.04%  |  Val Loss: 0.7819, Acc: 73.00%  |  Time: 4.0s
  -> Best model saved (73.00%)
[Epoch 11] Summarizing hook timing...

[HOOK_TIMING_SUMMARY] epoch=11
[HOOK_WORK_SUMMARY] label=mpi:recursive_doubling_zfp_online_coll:rate16 calls=784 work_total_ms=2375.401 work_mean_ms=3.030 work_min_ms=1.368 work_max_ms=5.815
[HOOK_TAIL_SUMMARY] label=mpi:recursive_doubling_zfp_online_coll:rate16 steps=98 tail_total_ms=1480.839 tail_mean_ms=15.111 tail_min_ms=12.677 tail_max_ms=16.318
[Epoch 11] Hook timing summary done

[Epoch 12] Training... (lr=0.000459)
  Batch [50/98] Loss: 0.8191, Acc: 71.84%
[Epoch 12] Train Loss: 0.8122, Acc: 72.03%  |  Val Loss: 0.7639, Acc: 73.08%  |  Time: 4.0s
  -> Best model saved (73.08%)
[Epoch 12] Summarizing hook timing...

[HOOK_TIMING_SUMMARY] epoch=12
[HOOK_WORK_SUMMARY] label=mpi:recursive_doubling_zfp_online_coll:rate16 calls=784 work_total_ms=2336.858 work_mean_ms=2.981 work_min_ms=1.355 work_max_ms=6.332
[HOOK_TAIL_SUMMARY] label=mpi:recursive_doubling_zfp_online_coll:rate16 steps=98 tail_total_ms=1448.832 tail_mean_ms=14.784 tail_min_ms=12.239 tail_max_ms=15.834
[Epoch 12] Hook timing summary done

[Epoch 13] Training... (lr=0.000377)
  Batch [50/98] Loss: 0.7858, Acc: 72.41%
[Epoch 13] Train Loss: 0.7824, Acc: 72.94%  |  Val Loss: 0.7506, Acc: 74.16%  |  Time: 4.0s
  -> Best model saved (74.16%)
[Epoch 13] Summarizing hook timing...

[HOOK_TIMING_SUMMARY] epoch=13
[HOOK_WORK_SUMMARY] label=mpi:recursive_doubling_zfp_online_coll:rate16 calls=784 work_total_ms=2365.592 work_mean_ms=3.017 work_min_ms=1.237 work_max_ms=5.899
[HOOK_TAIL_SUMMARY] label=mpi:recursive_doubling_zfp_online_coll:rate16 steps=98 tail_total_ms=1442.209 tail_mean_ms=14.716 tail_min_ms=11.110 tail_max_ms=15.217
[Epoch 13] Hook timing summary done

[Epoch 14] Training... (lr=0.000299)
  Batch [50/98] Loss: 0.7739, Acc: 72.64%
[Epoch 14] Train Loss: 0.7784, Acc: 72.94%  |  Val Loss: 0.7328, Acc: 74.72%  |  Time: 4.1s
  -> Best model saved (74.72%)
[Epoch 14] Summarizing hook timing...

[HOOK_TIMING_SUMMARY] epoch=14
[HOOK_WORK_SUMMARY] label=mpi:recursive_doubling_zfp_online_coll:rate16 calls=784 work_total_ms=2359.336 work_mean_ms=3.009 work_min_ms=1.212 work_max_ms=5.861
[HOOK_TAIL_SUMMARY] label=mpi:recursive_doubling_zfp_online_coll:rate16 steps=98 tail_total_ms=1420.578 tail_mean_ms=14.496 tail_min_ms=10.812 tail_max_ms=15.287
[Epoch 14] Hook timing summary done

[Epoch 15] Training... (lr=0.000227)
  Batch [50/98] Loss: 0.7697, Acc: 73.73%
[Epoch 15] Train Loss: 0.7670, Acc: 73.74%  |  Val Loss: 0.7424, Acc: 74.24%  |  Time: 4.0s
[Epoch 15] Summarizing hook timing...

[HOOK_TIMING_SUMMARY] epoch=15
[HOOK_WORK_SUMMARY] label=mpi:recursive_doubling_zfp_online_coll:rate16 calls=784 work_total_ms=2402.692 work_mean_ms=3.065 work_min_ms=1.367 work_max_ms=6.403
[HOOK_TAIL_SUMMARY] label=mpi:recursive_doubling_zfp_online_coll:rate16 steps=98 tail_total_ms=1522.757 tail_mean_ms=15.538 tail_min_ms=13.248 tail_max_ms=16.539
[Epoch 15] Hook timing summary done

[Epoch 16] Training... (lr=0.000161)
  Batch [50/98] Loss: 0.7506, Acc: 73.70%
[Epoch 16] Train Loss: 0.7483, Acc: 73.98%  |  Val Loss: 0.7242, Acc: 75.04%  |  Time: 4.1s
  -> Best model saved (75.04%)
[Epoch 16] Summarizing hook timing...

[HOOK_TIMING_SUMMARY] epoch=16
[HOOK_WORK_SUMMARY] label=mpi:recursive_doubling_zfp_online_coll:rate16 calls=784 work_total_ms=2463.183 work_mean_ms=3.142 work_min_ms=1.375 work_max_ms=58.815
[HOOK_TAIL_SUMMARY] label=mpi:recursive_doubling_zfp_online_coll:rate16 steps=98 tail_total_ms=1553.624 tail_mean_ms=15.853 tail_min_ms=12.904 tail_max_ms=71.667
[Epoch 16] Hook timing summary done

[Epoch 17] Training... (lr=0.000105)
  Batch [50/98] Loss: 0.7430, Acc: 74.23%
[Epoch 17] Train Loss: 0.7468, Acc: 73.93%  |  Val Loss: 0.7189, Acc: 74.92%  |  Time: 4.0s
[Epoch 17] Summarizing hook timing...

[HOOK_TIMING_SUMMARY] epoch=17
[HOOK_WORK_SUMMARY] label=mpi:recursive_doubling_zfp_online_coll:rate16 calls=784 work_total_ms=2332.201 work_mean_ms=2.975 work_min_ms=1.345 work_max_ms=5.668
[HOOK_TAIL_SUMMARY] label=mpi:recursive_doubling_zfp_online_coll:rate16 steps=98 tail_total_ms=1392.566 tail_mean_ms=14.210 tail_min_ms=11.051 tail_max_ms=14.993
[Epoch 17] Hook timing summary done

[Epoch 18] Training... (lr=0.000060)
  Batch [50/98] Loss: 0.7353, Acc: 74.92%
[Epoch 18] Train Loss: 0.7398, Acc: 74.50%  |  Val Loss: 0.7322, Acc: 74.64%  |  Time: 4.0s
[Epoch 18] Summarizing hook timing...

[HOOK_TIMING_SUMMARY] epoch=18
[HOOK_WORK_SUMMARY] label=mpi:recursive_doubling_zfp_online_coll:rate16 calls=784 work_total_ms=2397.189 work_mean_ms=3.058 work_min_ms=1.384 work_max_ms=37.850
[HOOK_TAIL_SUMMARY] label=mpi:recursive_doubling_zfp_online_coll:rate16 steps=98 tail_total_ms=1469.052 tail_mean_ms=14.990 tail_min_ms=13.645 tail_max_ms=48.725
[Epoch 18] Hook timing summary done

[Epoch 19] Training... (lr=0.000027)
  Batch [50/98] Loss: 0.7342, Acc: 74.56%
[Epoch 19] Train Loss: 0.7380, Acc: 74.46%  |  Val Loss: 0.7149, Acc: 74.96%  |  Time: 4.1s
[Epoch 19] Summarizing hook timing...

[HOOK_TIMING_SUMMARY] epoch=19
[HOOK_WORK_SUMMARY] label=mpi:recursive_doubling_zfp_online_coll:rate16 calls=784 work_total_ms=2363.666 work_mean_ms=3.015 work_min_ms=1.121 work_max_ms=30.741
[HOOK_TAIL_SUMMARY] label=mpi:recursive_doubling_zfp_online_coll:rate16 steps=98 tail_total_ms=1467.160 tail_mean_ms=14.971 tail_min_ms=12.621 tail_max_ms=42.316
[Epoch 19] Hook timing summary done

[Epoch 20] Training... (lr=0.000007)
  Batch [50/98] Loss: 0.7226, Acc: 74.59%
[Epoch 20] Train Loss: 0.7273, Acc: 74.70%  |  Val Loss: 0.7356, Acc: 74.28%  |  Time: 4.0s
[Epoch 20] Summarizing hook timing...

[HOOK_TIMING_SUMMARY] epoch=20
[HOOK_WORK_SUMMARY] label=mpi:recursive_doubling_zfp_online_coll:rate16 calls=784 work_total_ms=2365.404 work_mean_ms=3.017 work_min_ms=1.401 work_max_ms=15.225
[HOOK_TAIL_SUMMARY] label=mpi:recursive_doubling_zfp_online_coll:rate16 steps=98 tail_total_ms=1435.877 tail_mean_ms=14.652 tail_min_ms=13.505 tail_max_ms=26.207
[Epoch 20] Hook timing summary done

================================================================================
Done in 94.8s | Best val acc: 75.04%
Epoch times: mean=4.1s  min=4.0s  max=5.3s
================================================================================
=== Finished training: backend=mpi, hook=recursive_doubling_zfp_online_coll, zfp_rate=16, status=0 at Fri May 22 01:15:45 PM UTC 2026 ===
=== Starting training: backend=mpi, hook=recursive_doubling_zfp_online_coll, zfp_rate=8 at Fri May 22 01:15:45 PM UTC 2026 ===

================================================================================
DISTRIBUTED TRAINING LAUNCHER
================================================================================
  Model:      wide_resnet50_2 (pretrained)
  Dataset:    cifar10 (10 classes)
  Backend:    mpi
  Algorithm:  recursive_doubling_zfp_online_coll
  ZFP rate:   8
  Epochs:     20
  Batch/rank: 128
  LR:         0.001
================================================================================


================================================================================
Distributed Training: WIDE_RESNET50_2 on CIFAR10
Backend: MPI, Algorithm: recursive_doubling_zfp_online_coll
================================================================================
Ranks: 4, Epochs: 20, Batch/rank: 128, Effective batch: 512
LR: 0.001, Device: cuda:0

[Setup] Model on cuda:0, wrapped in DDP (static_graph=True)
[Setup] Hook registered: mpi/recursive_doubling_zfp_online_coll
[Data] Train batches: 98, Val batches: 20


[Epoch 1] Training... (lr=0.000001)

================================================================================
DISTRIBUTED TRAINING LAUNCHER
================================================================================
  Model:      wide_resnet50_2 (pretrained)
  Dataset:    cifar10 (10 classes)
  Backend:    mpi
  Algorithm:  recursive_doubling_zfp_online_coll
  ZFP rate:   8
  Epochs:     20
  Batch/rank: 128
  LR:         0.001
================================================================================


================================================================================
DISTRIBUTED TRAINING LAUNCHER
================================================================================
  Model:      wide_resnet50_2 (pretrained)
  Dataset:    cifar10 (10 classes)
  Backend:    mpi
  Algorithm:  recursive_doubling_zfp_online_coll
  ZFP rate:   8
  Epochs:     20
  Batch/rank: 128
  LR:         0.001
================================================================================


================================================================================
DISTRIBUTED TRAINING LAUNCHER
================================================================================
  Model:      wide_resnet50_2 (pretrained)
  Dataset:    cifar10 (10 classes)
  Backend:    mpi
  Algorithm:  recursive_doubling_zfp_online_coll
  ZFP rate:   8
  Epochs:     20
  Batch/rank: 128
  LR:         0.001
================================================================================

  Batch [50/98] Loss: 2.3589, Acc: 10.81%
[Epoch 1] Train Loss: 2.3570, Acc: 10.85%  |  Val Loss: 2.6174, Acc: 11.28%  |  Time: 5.0s
  -> Best model saved (11.28%)
[Epoch 1] Summarizing hook timing...

[HOOK_TIMING_SUMMARY] epoch=1
[HOOK_WORK_SUMMARY] label=mpi:recursive_doubling_zfp_online_coll:rate8 calls=770 work_total_ms=2100.549 work_mean_ms=2.728 work_min_ms=1.092 work_max_ms=133.022
[HOOK_TAIL_SUMMARY] label=mpi:recursive_doubling_zfp_online_coll:rate8 steps=99 tail_total_ms=1247.976 tail_mean_ms=12.606 tail_min_ms=1.878 tail_max_ms=164.171
[Epoch 1] Hook timing summary done

[Epoch 2] Training... (lr=0.001000)
  Batch [50/98] Loss: 2.2619, Acc: 16.73%
[Epoch 2] Train Loss: 2.1770, Acc: 22.05%  |  Val Loss: 2.3447, Acc: 33.60%  |  Time: 3.7s
  -> Best model saved (33.60%)
[Epoch 2] Summarizing hook timing...

[HOOK_TIMING_SUMMARY] epoch=2
[HOOK_WORK_SUMMARY] label=mpi:recursive_doubling_zfp_online_coll:rate8 calls=784 work_total_ms=2042.687 work_mean_ms=2.605 work_min_ms=1.088 work_max_ms=5.081
[HOOK_TAIL_SUMMARY] label=mpi:recursive_doubling_zfp_online_coll:rate8 steps=98 tail_total_ms=1119.405 tail_mean_ms=11.422 tail_min_ms=8.341 tail_max_ms=11.910
[Epoch 2] Hook timing summary done

[Epoch 3] Training... (lr=0.000993)
  Batch [50/98] Loss: 1.8695, Acc: 37.77%
[Epoch 3] Train Loss: 1.7798, Acc: 40.53%  |  Val Loss: 1.5909, Acc: 47.68%  |  Time: 3.7s
  -> Best model saved (47.68%)
[Epoch 3] Summarizing hook timing...

[HOOK_TIMING_SUMMARY] epoch=3
[HOOK_WORK_SUMMARY] label=mpi:recursive_doubling_zfp_online_coll:rate8 calls=784 work_total_ms=1983.498 work_mean_ms=2.530 work_min_ms=1.071 work_max_ms=5.598
[HOOK_TAIL_SUMMARY] label=mpi:recursive_doubling_zfp_online_coll:rate8 steps=98 tail_total_ms=1066.179 tail_mean_ms=10.879 tail_min_ms=7.910 tail_max_ms=11.797
[Epoch 3] Hook timing summary done

[Epoch 4] Training... (lr=0.000973)
  Batch [50/98] Loss: 1.5400, Acc: 48.28%
[Epoch 4] Train Loss: 1.4944, Acc: 49.49%  |  Val Loss: 1.3333, Acc: 55.76%  |  Time: 3.7s
  -> Best model saved (55.76%)
[Epoch 4] Summarizing hook timing...

[HOOK_TIMING_SUMMARY] epoch=4
[HOOK_WORK_SUMMARY] label=mpi:recursive_doubling_zfp_online_coll:rate8 calls=784 work_total_ms=2001.179 work_mean_ms=2.553 work_min_ms=1.026 work_max_ms=5.715
[HOOK_TAIL_SUMMARY] label=mpi:recursive_doubling_zfp_online_coll:rate8 steps=98 tail_total_ms=1088.168 tail_mean_ms=11.104 tail_min_ms=8.420 tail_max_ms=12.103
[Epoch 4] Hook timing summary done

[Epoch 5] Training... (lr=0.000940)
  Batch [50/98] Loss: 1.2833, Acc: 55.66%
[Epoch 5] Train Loss: 1.2656, Acc: 56.06%  |  Val Loss: 1.1834, Acc: 60.28%  |  Time: 3.6s
  -> Best model saved (60.28%)
[Epoch 5] Summarizing hook timing...

[HOOK_TIMING_SUMMARY] epoch=5
[HOOK_WORK_SUMMARY] label=mpi:recursive_doubling_zfp_online_coll:rate8 calls=784 work_total_ms=2004.758 work_mean_ms=2.557 work_min_ms=1.041 work_max_ms=5.454
[HOOK_TAIL_SUMMARY] label=mpi:recursive_doubling_zfp_online_coll:rate8 steps=98 tail_total_ms=1103.614 tail_mean_ms=11.261 tail_min_ms=9.692 tail_max_ms=12.376
[Epoch 5] Hook timing summary done

[Epoch 6] Training... (lr=0.000895)
  Batch [50/98] Loss: 1.1484, Acc: 60.45%
[Epoch 6] Train Loss: 1.1406, Acc: 60.65%  |  Val Loss: 1.0528, Acc: 64.04%  |  Time: 3.7s
  -> Best model saved (64.04%)
[Epoch 6] Summarizing hook timing...

[HOOK_TIMING_SUMMARY] epoch=6
[HOOK_WORK_SUMMARY] label=mpi:recursive_doubling_zfp_online_coll:rate8 calls=784 work_total_ms=1985.088 work_mean_ms=2.532 work_min_ms=1.080 work_max_ms=5.405
[HOOK_TAIL_SUMMARY] label=mpi:recursive_doubling_zfp_online_coll:rate8 steps=98 tail_total_ms=1066.977 tail_mean_ms=10.888 tail_min_ms=7.944 tail_max_ms=11.493
[Epoch 6] Hook timing summary done

[Epoch 7] Training... (lr=0.000839)
  Batch [50/98] Loss: 1.0687, Acc: 63.02%
[Epoch 7] Train Loss: 1.0395, Acc: 63.76%  |  Val Loss: 0.9610, Acc: 67.00%  |  Time: 3.6s
  -> Best model saved (67.00%)
[Epoch 7] Summarizing hook timing...

[HOOK_TIMING_SUMMARY] epoch=7
[HOOK_WORK_SUMMARY] label=mpi:recursive_doubling_zfp_online_coll:rate8 calls=784 work_total_ms=1999.805 work_mean_ms=2.551 work_min_ms=1.044 work_max_ms=5.426
[HOOK_TAIL_SUMMARY] label=mpi:recursive_doubling_zfp_online_coll:rate8 steps=98 tail_total_ms=1080.762 tail_mean_ms=11.028 tail_min_ms=7.719 tail_max_ms=11.660
[Epoch 7] Hook timing summary done

[Epoch 8] Training... (lr=0.000773)
  Batch [50/98] Loss: 0.9856, Acc: 65.98%
[Epoch 8] Train Loss: 0.9816, Acc: 65.93%  |  Val Loss: 0.9050, Acc: 69.12%  |  Time: 3.6s
  -> Best model saved (69.12%)
[Epoch 8] Summarizing hook timing...

[HOOK_TIMING_SUMMARY] epoch=8
[HOOK_WORK_SUMMARY] label=mpi:recursive_doubling_zfp_online_coll:rate8 calls=784 work_total_ms=2036.580 work_mean_ms=2.598 work_min_ms=1.087 work_max_ms=5.079
[HOOK_TAIL_SUMMARY] label=mpi:recursive_doubling_zfp_online_coll:rate8 steps=98 tail_total_ms=1122.667 tail_mean_ms=11.456 tail_min_ms=7.603 tail_max_ms=13.546
[Epoch 8] Hook timing summary done

[Epoch 9] Training... (lr=0.000701)
  Batch [50/98] Loss: 0.9393, Acc: 67.39%
[Epoch 9] Train Loss: 0.9183, Acc: 68.09%  |  Val Loss: 0.8573, Acc: 70.56%  |  Time: 3.7s
  -> Best model saved (70.56%)
[Epoch 9] Summarizing hook timing...

[HOOK_TIMING_SUMMARY] epoch=9
[HOOK_WORK_SUMMARY] label=mpi:recursive_doubling_zfp_online_coll:rate8 calls=784 work_total_ms=2030.953 work_mean_ms=2.591 work_min_ms=1.081 work_max_ms=5.290
[HOOK_TAIL_SUMMARY] label=mpi:recursive_doubling_zfp_online_coll:rate8 steps=98 tail_total_ms=1108.887 tail_mean_ms=11.315 tail_min_ms=8.329 tail_max_ms=12.128
[Epoch 9] Hook timing summary done

[Epoch 10] Training... (lr=0.000623)
  Batch [50/98] Loss: 0.8823, Acc: 69.62%
[Epoch 10] Train Loss: 0.8765, Acc: 69.80%  |  Val Loss: 0.8271, Acc: 71.68%  |  Time: 3.7s
  -> Best model saved (71.68%)
[Epoch 10] Summarizing hook timing...

[HOOK_TIMING_SUMMARY] epoch=10
[HOOK_WORK_SUMMARY] label=mpi:recursive_doubling_zfp_online_coll:rate8 calls=784 work_total_ms=2043.349 work_mean_ms=2.606 work_min_ms=1.070 work_max_ms=5.078
[HOOK_TAIL_SUMMARY] label=mpi:recursive_doubling_zfp_online_coll:rate8 steps=98 tail_total_ms=1122.484 tail_mean_ms=11.454 tail_min_ms=8.977 tail_max_ms=12.197
[Epoch 10] Hook timing summary done

[Epoch 11] Training... (lr=0.000541)
  Batch [50/98] Loss: 0.8583, Acc: 70.31%
[Epoch 11] Train Loss: 0.8522, Acc: 70.52%  |  Val Loss: 0.8097, Acc: 73.12%  |  Time: 3.6s
  -> Best model saved (73.12%)
[Epoch 11] Summarizing hook timing...

[HOOK_TIMING_SUMMARY] epoch=11
[HOOK_WORK_SUMMARY] label=mpi:recursive_doubling_zfp_online_coll:rate8 calls=784 work_total_ms=2020.129 work_mean_ms=2.577 work_min_ms=1.090 work_max_ms=7.232
[HOOK_TAIL_SUMMARY] label=mpi:recursive_doubling_zfp_online_coll:rate8 steps=98 tail_total_ms=1087.429 tail_mean_ms=11.096 tail_min_ms=7.742 tail_max_ms=16.716
[Epoch 11] Hook timing summary done

[Epoch 12] Training... (lr=0.000459)
  Batch [50/98] Loss: 0.8213, Acc: 71.36%
[Epoch 12] Train Loss: 0.8143, Acc: 71.74%  |  Val Loss: 0.7734, Acc: 73.56%  |  Time: 3.6s
  -> Best model saved (73.56%)
[Epoch 12] Summarizing hook timing...

[HOOK_TIMING_SUMMARY] epoch=12
[HOOK_WORK_SUMMARY] label=mpi:recursive_doubling_zfp_online_coll:rate8 calls=784 work_total_ms=1988.812 work_mean_ms=2.537 work_min_ms=1.028 work_max_ms=5.842
[HOOK_TAIL_SUMMARY] label=mpi:recursive_doubling_zfp_online_coll:rate8 steps=98 tail_total_ms=1037.137 tail_mean_ms=10.583 tail_min_ms=7.747 tail_max_ms=13.568
[Epoch 12] Hook timing summary done

[Epoch 13] Training... (lr=0.000377)
  Batch [50/98] Loss: 0.8086, Acc: 71.62%
[Epoch 13] Train Loss: 0.7977, Acc: 72.37%  |  Val Loss: 0.7799, Acc: 74.36%  |  Time: 3.6s
  -> Best model saved (74.36%)
[Epoch 13] Summarizing hook timing...

[HOOK_TIMING_SUMMARY] epoch=13
[HOOK_WORK_SUMMARY] label=mpi:recursive_doubling_zfp_online_coll:rate8 calls=784 work_total_ms=1987.817 work_mean_ms=2.535 work_min_ms=1.087 work_max_ms=5.963
[HOOK_TAIL_SUMMARY] label=mpi:recursive_doubling_zfp_online_coll:rate8 steps=98 tail_total_ms=1038.412 tail_mean_ms=10.596 tail_min_ms=7.782 tail_max_ms=11.176
[Epoch 13] Hook timing summary done

[Epoch 14] Training... (lr=0.000299)
  Batch [50/98] Loss: 0.7828, Acc: 72.72%
[Epoch 14] Train Loss: 0.7824, Acc: 72.66%  |  Val Loss: 0.7475, Acc: 74.56%  |  Time: 3.7s
  -> Best model saved (74.56%)
[Epoch 14] Summarizing hook timing...

[HOOK_TIMING_SUMMARY] epoch=14
[HOOK_WORK_SUMMARY] label=mpi:recursive_doubling_zfp_online_coll:rate8 calls=784 work_total_ms=2053.765 work_mean_ms=2.620 work_min_ms=1.078 work_max_ms=5.306
[HOOK_TAIL_SUMMARY] label=mpi:recursive_doubling_zfp_online_coll:rate8 steps=98 tail_total_ms=1188.361 tail_mean_ms=12.126 tail_min_ms=9.772 tail_max_ms=12.674
[Epoch 14] Hook timing summary done

[Epoch 15] Training... (lr=0.000227)
  Batch [50/98] Loss: 0.7791, Acc: 72.95%
[Epoch 15] Train Loss: 0.7756, Acc: 73.02%  |  Val Loss: 0.7449, Acc: 74.76%  |  Time: 3.6s
  -> Best model saved (74.76%)
[Epoch 15] Summarizing hook timing...

[HOOK_TIMING_SUMMARY] epoch=15
[HOOK_WORK_SUMMARY] label=mpi:recursive_doubling_zfp_online_coll:rate8 calls=784 work_total_ms=2038.161 work_mean_ms=2.600 work_min_ms=1.088 work_max_ms=5.491
[HOOK_TAIL_SUMMARY] label=mpi:recursive_doubling_zfp_online_coll:rate8 steps=98 tail_total_ms=1116.175 tail_mean_ms=11.390 tail_min_ms=8.702 tail_max_ms=14.375
[Epoch 15] Hook timing summary done

[Epoch 16] Training... (lr=0.000161)
  Batch [50/98] Loss: 0.7579, Acc: 73.86%
[Epoch 16] Train Loss: 0.7570, Acc: 73.78%  |  Val Loss: 0.7408, Acc: 75.04%  |  Time: 3.6s
  -> Best model saved (75.04%)
[Epoch 16] Summarizing hook timing...

[HOOK_TIMING_SUMMARY] epoch=16
[HOOK_WORK_SUMMARY] label=mpi:recursive_doubling_zfp_online_coll:rate8 calls=784 work_total_ms=1998.148 work_mean_ms=2.549 work_min_ms=1.004 work_max_ms=5.540
[HOOK_TAIL_SUMMARY] label=mpi:recursive_doubling_zfp_online_coll:rate8 steps=98 tail_total_ms=1097.356 tail_mean_ms=11.198 tail_min_ms=7.847 tail_max_ms=12.657
[Epoch 16] Hook timing summary done

[Epoch 17] Training... (lr=0.000105)
  Batch [50/98] Loss: 0.7555, Acc: 73.61%
[Epoch 17] Train Loss: 0.7581, Acc: 73.34%  |  Val Loss: 0.7375, Acc: 75.24%  |  Time: 3.6s
  -> Best model saved (75.24%)
[Epoch 17] Summarizing hook timing...

[HOOK_TIMING_SUMMARY] epoch=17
[HOOK_WORK_SUMMARY] label=mpi:recursive_doubling_zfp_online_coll:rate8 calls=784 work_total_ms=2026.509 work_mean_ms=2.585 work_min_ms=1.076 work_max_ms=5.034
[HOOK_TAIL_SUMMARY] label=mpi:recursive_doubling_zfp_online_coll:rate8 steps=98 tail_total_ms=1159.082 tail_mean_ms=11.827 tail_min_ms=8.567 tail_max_ms=12.751
[Epoch 17] Hook timing summary done

[Epoch 18] Training... (lr=0.000060)
  Batch [50/98] Loss: 0.7442, Acc: 74.41%
[Epoch 18] Train Loss: 0.7465, Acc: 74.22%  |  Val Loss: 0.7650, Acc: 74.72%  |  Time: 3.6s
[Epoch 18] Summarizing hook timing...

[HOOK_TIMING_SUMMARY] epoch=18
[HOOK_WORK_SUMMARY] label=mpi:recursive_doubling_zfp_online_coll:rate8 calls=784 work_total_ms=2032.673 work_mean_ms=2.593 work_min_ms=1.081 work_max_ms=5.193
[HOOK_TAIL_SUMMARY] label=mpi:recursive_doubling_zfp_online_coll:rate8 steps=98 tail_total_ms=1165.698 tail_mean_ms=11.895 tail_min_ms=8.434 tail_max_ms=12.747
[Epoch 18] Hook timing summary done

[Epoch 19] Training... (lr=0.000027)
  Batch [50/98] Loss: 0.7344, Acc: 74.34%
[Epoch 19] Train Loss: 0.7430, Acc: 74.06%  |  Val Loss: 0.7390, Acc: 75.12%  |  Time: 3.7s
[Epoch 19] Summarizing hook timing...

[HOOK_TIMING_SUMMARY] epoch=19
[HOOK_WORK_SUMMARY] label=mpi:recursive_doubling_zfp_online_coll:rate8 calls=784 work_total_ms=2029.425 work_mean_ms=2.589 work_min_ms=1.083 work_max_ms=24.823
[HOOK_TAIL_SUMMARY] label=mpi:recursive_doubling_zfp_online_coll:rate8 steps=98 tail_total_ms=1113.614 tail_mean_ms=11.363 tail_min_ms=9.216 tail_max_ms=32.739
[Epoch 19] Hook timing summary done

[Epoch 20] Training... (lr=0.000007)
  Batch [50/98] Loss: 0.7212, Acc: 74.66%
[Epoch 20] Train Loss: 0.7319, Acc: 74.56%  |  Val Loss: 0.7373, Acc: 74.88%  |  Time: 3.7s
[Epoch 20] Summarizing hook timing...

[HOOK_TIMING_SUMMARY] epoch=20
[HOOK_WORK_SUMMARY] label=mpi:recursive_doubling_zfp_online_coll:rate8 calls=784 work_total_ms=2005.081 work_mean_ms=2.558 work_min_ms=0.971 work_max_ms=34.371
[HOOK_TAIL_SUMMARY] label=mpi:recursive_doubling_zfp_online_coll:rate8 steps=98 tail_total_ms=1065.258 tail_mean_ms=10.870 tail_min_ms=8.706 tail_max_ms=42.258
[Epoch 20] Hook timing summary done

================================================================================
Done in 89.6s | Best val acc: 75.24%
Epoch times: mean=3.7s  min=3.6s  max=5.0s
================================================================================
=== Finished training: backend=mpi, hook=recursive_doubling_zfp_online_coll, zfp_rate=8, status=0 at Fri May 22 01:17:23 PM UTC 2026 ===
=== Job finished: Fri May 22 01:17:23 PM UTC 2026 ===
