=== Job started: Fri May 22 04:33:24 AM UTC 2026 ===
=== Node: x3105c0s13b0n0 ===

The following have been reloaded with a version change:
  1) gcc-native/14 => gcc-native/13


The following have been reloaded with a version change:
  1) gcc-native/13 => gcc-native/14.2

[INFO] GTL preloaded: /opt/cray/pe/mpich/9.0.1/ofi/nvidia/23.3/lib/libmpi_gtl_cuda.so
=============================================
  Polaris DDP + Eagle PyTorch + Cray MPICH
=============================================
Node              : x3105c0s13b0n0
ZFP_HOME          : /home/mrest/mpiAllReduceCompressed/zfp-install
GTL               : /opt/cray/pe/mpich/9.0.1/ofi/nvidia/23.3/lib/libmpi_gtl_cuda.so
MPICH_GPU_SUPPORT : 1

PyTorch version   : 2.8.0a0+gitba56102
PyTorch location  : /lus/eagle/projects/UIC-HPC/mrest/pytorch_mpi_build/src/pytorch/torch/__init__.py
CUDA available    : True 4
MPI available     : True
mpi4py            : MPI VERSION    : CRAY MPICH version 9.0.1.498 (ANL base 4.1.2)
mpi4py rank test  : rank 0 OK
=============================================
=== Starting training: backend=mpi, hook=None, zfp_rate=none at Fri May 22 04:33:54 AM UTC 2026 ===

================================================================================
DISTRIBUTED TRAINING LAUNCHER
================================================================================
  Model:      wide_resnet50_2 (pretrained)
  Dataset:    cifar10 (10 classes)
  Backend:    mpi
  Algorithm:  built-in (no hook)
  Epochs:     20
  Batch/rank: 128
  LR:         0.001
================================================================================


================================================================================
Distributed Training: WIDE_RESNET50_2 on CIFAR10
Backend: MPI, Algorithm: built-in (no hook)
================================================================================
Ranks: 4, Epochs: 20, Batch/rank: 128, Effective batch: 512
LR: 0.001, Device: cuda:0

[Setup] Model on cuda:0, wrapped in DDP (static_graph=True)
[Setup] No hook — using DDP built-in MPI allreduce
[Data] Train batches: 98, Val batches: 20


[Epoch 1] Training... (lr=0.000001)

================================================================================
DISTRIBUTED TRAINING LAUNCHER
================================================================================
  Model:      wide_resnet50_2 (pretrained)
  Dataset:    cifar10 (10 classes)
  Backend:    mpi
  Algorithm:  built-in (no hook)
  Epochs:     20
  Batch/rank: 128
  LR:         0.001
================================================================================


================================================================================
DISTRIBUTED TRAINING LAUNCHER
================================================================================
  Model:      wide_resnet50_2 (pretrained)
  Dataset:    cifar10 (10 classes)
  Backend:    mpi
  Algorithm:  built-in (no hook)
  Epochs:     20
  Batch/rank: 128
  LR:         0.001
================================================================================


================================================================================
DISTRIBUTED TRAINING LAUNCHER
================================================================================
  Model:      wide_resnet50_2 (pretrained)
  Dataset:    cifar10 (10 classes)
  Backend:    mpi
  Algorithm:  built-in (no hook)
  Epochs:     20
  Batch/rank: 128
  LR:         0.001
================================================================================

  Batch [50/98] Loss: 2.3589, Acc: 10.81%
[Epoch 1] Train Loss: 2.3570, Acc: 10.85%  |  Val Loss: 2.6184, Acc: 11.32%  |  Time: 7.7s
  -> Best model saved (11.32%)
[Epoch 1] Summarizing hook timing...
[HOOK_TIMING_SUMMARY] epoch=1 no hook timing samples
[Epoch 1] Hook timing summary done

[Epoch 2] Training... (lr=0.001000)
  Batch [50/98] Loss: 2.2479, Acc: 17.69%
[Epoch 2] Train Loss: 2.1515, Acc: 23.38%  |  Val Loss: 2.0299, Acc: 37.04%  |  Time: 2.8s
  -> Best model saved (37.04%)
[Epoch 2] Summarizing hook timing...
[HOOK_TIMING_SUMMARY] epoch=2 no hook timing samples
[Epoch 2] Hook timing summary done

[Epoch 3] Training... (lr=0.000993)
  Batch [50/98] Loss: 1.8322, Acc: 38.47%
[Epoch 3] Train Loss: 1.7456, Acc: 41.13%  |  Val Loss: 1.5606, Acc: 48.72%  |  Time: 2.7s
  -> Best model saved (48.72%)
[Epoch 3] Summarizing hook timing...
[HOOK_TIMING_SUMMARY] epoch=3 no hook timing samples
[Epoch 3] Hook timing summary done

[Epoch 4] Training... (lr=0.000973)
  Batch [50/98] Loss: 1.5049, Acc: 49.64%
[Epoch 4] Train Loss: 1.4581, Acc: 50.62%  |  Val Loss: 1.3832, Acc: 56.92%  |  Time: 2.7s
  -> Best model saved (56.92%)
[Epoch 4] Summarizing hook timing...
[HOOK_TIMING_SUMMARY] epoch=4 no hook timing samples
[Epoch 4] Hook timing summary done

[Epoch 5] Training... (lr=0.000940)
  Batch [50/98] Loss: 1.2569, Acc: 56.66%
[Epoch 5] Train Loss: 1.2357, Acc: 57.34%  |  Val Loss: 1.1550, Acc: 61.40%  |  Time: 2.7s
  -> Best model saved (61.40%)
[Epoch 5] Summarizing hook timing...
[HOOK_TIMING_SUMMARY] epoch=5 no hook timing samples
[Epoch 5] Hook timing summary done

[Epoch 6] Training... (lr=0.000895)
  Batch [50/98] Loss: 1.1291, Acc: 60.30%
[Epoch 6] Train Loss: 1.1164, Acc: 60.94%  |  Val Loss: 1.0470, Acc: 65.00%  |  Time: 2.7s
  -> Best model saved (65.00%)
[Epoch 6] Summarizing hook timing...
[HOOK_TIMING_SUMMARY] epoch=6 no hook timing samples
[Epoch 6] Hook timing summary done

[Epoch 7] Training... (lr=0.000839)
  Batch [50/98] Loss: 1.0392, Acc: 63.89%
[Epoch 7] Train Loss: 1.0225, Acc: 64.33%  |  Val Loss: 0.9582, Acc: 68.32%  |  Time: 2.7s
  -> Best model saved (68.32%)
[Epoch 7] Summarizing hook timing...
[HOOK_TIMING_SUMMARY] epoch=7 no hook timing samples
[Epoch 7] Hook timing summary done

[Epoch 8] Training... (lr=0.000773)
  Batch [50/98] Loss: 0.9590, Acc: 67.41%
[Epoch 8] Train Loss: 0.9588, Acc: 67.12%  |  Val Loss: 0.9043, Acc: 69.96%  |  Time: 2.7s
  -> Best model saved (69.96%)
[Epoch 8] Summarizing hook timing...
[HOOK_TIMING_SUMMARY] epoch=8 no hook timing samples
[Epoch 8] Hook timing summary done

[Epoch 9] Training... (lr=0.000701)
  Batch [50/98] Loss: 0.9192, Acc: 68.03%
[Epoch 9] Train Loss: 0.9006, Acc: 69.06%  |  Val Loss: 0.8521, Acc: 71.68%  |  Time: 2.7s
  -> Best model saved (71.68%)
[Epoch 9] Summarizing hook timing...
[HOOK_TIMING_SUMMARY] epoch=9 no hook timing samples
[Epoch 9] Hook timing summary done

[Epoch 10] Training... (lr=0.000623)
  Batch [50/98] Loss: 0.8665, Acc: 70.38%
[Epoch 10] Train Loss: 0.8596, Acc: 70.38%  |  Val Loss: 0.8099, Acc: 72.72%  |  Time: 2.7s
  -> Best model saved (72.72%)
[Epoch 10] Summarizing hook timing...
[HOOK_TIMING_SUMMARY] epoch=10 no hook timing samples
[Epoch 10] Hook timing summary done

[Epoch 11] Training... (lr=0.000541)
  Batch [50/98] Loss: 0.8419, Acc: 71.36%
[Epoch 11] Train Loss: 0.8316, Acc: 71.54%  |  Val Loss: 0.7888, Acc: 73.84%  |  Time: 2.7s
  -> Best model saved (73.84%)
[Epoch 11] Summarizing hook timing...
[HOOK_TIMING_SUMMARY] epoch=11 no hook timing samples
[Epoch 11] Hook timing summary done

[Epoch 12] Training... (lr=0.000459)
  Batch [50/98] Loss: 0.8183, Acc: 71.84%
[Epoch 12] Train Loss: 0.8103, Acc: 72.24%  |  Val Loss: 0.7680, Acc: 74.44%  |  Time: 2.7s
  -> Best model saved (74.44%)
[Epoch 12] Summarizing hook timing...
[HOOK_TIMING_SUMMARY] epoch=12 no hook timing samples
[Epoch 12] Hook timing summary done

[Epoch 13] Training... (lr=0.000377)
  Batch [50/98] Loss: 0.7817, Acc: 72.72%
[Epoch 13] Train Loss: 0.7755, Acc: 73.30%  |  Val Loss: 0.7566, Acc: 74.36%  |  Time: 2.7s
[Epoch 13] Summarizing hook timing...
[HOOK_TIMING_SUMMARY] epoch=13 no hook timing samples
[Epoch 13] Hook timing summary done

[Epoch 14] Training... (lr=0.000299)
  Batch [50/98] Loss: 0.7732, Acc: 73.19%
[Epoch 14] Train Loss: 0.7746, Acc: 73.39%  |  Val Loss: 0.7381, Acc: 74.96%  |  Time: 2.7s
  -> Best model saved (74.96%)
[Epoch 14] Summarizing hook timing...
[HOOK_TIMING_SUMMARY] epoch=14 no hook timing samples
[Epoch 14] Hook timing summary done

[Epoch 15] Training... (lr=0.000227)
  Batch [50/98] Loss: 0.7631, Acc: 74.17%
[Epoch 15] Train Loss: 0.7595, Acc: 74.29%  |  Val Loss: 0.7401, Acc: 75.04%  |  Time: 2.7s
  -> Best model saved (75.04%)
[Epoch 15] Summarizing hook timing...
[HOOK_TIMING_SUMMARY] epoch=15 no hook timing samples
[Epoch 15] Hook timing summary done

[Epoch 16] Training... (lr=0.000161)
  Batch [50/98] Loss: 0.7469, Acc: 74.08%
[Epoch 16] Train Loss: 0.7436, Acc: 74.53%  |  Val Loss: 0.7263, Acc: 75.32%  |  Time: 2.7s
  -> Best model saved (75.32%)
[Epoch 16] Summarizing hook timing...
[HOOK_TIMING_SUMMARY] epoch=16 no hook timing samples
[Epoch 16] Hook timing summary done

[Epoch 17] Training... (lr=0.000105)
  Batch [50/98] Loss: 0.7379, Acc: 74.44%
[Epoch 17] Train Loss: 0.7425, Acc: 74.13%  |  Val Loss: 0.7222, Acc: 75.44%  |  Time: 2.7s
  -> Best model saved (75.44%)
[Epoch 17] Summarizing hook timing...
[HOOK_TIMING_SUMMARY] epoch=17 no hook timing samples
[Epoch 17] Hook timing summary done

[Epoch 18] Training... (lr=0.000060)
  Batch [50/98] Loss: 0.7344, Acc: 75.42%
[Epoch 18] Train Loss: 0.7345, Acc: 75.03%  |  Val Loss: 0.7290, Acc: 75.20%  |  Time: 2.8s
[Epoch 18] Summarizing hook timing...
[HOOK_TIMING_SUMMARY] epoch=18 no hook timing samples
[Epoch 18] Hook timing summary done

[Epoch 19] Training... (lr=0.000027)
  Batch [50/98] Loss: 0.7258, Acc: 74.78%
[Epoch 19] Train Loss: 0.7292, Acc: 74.63%  |  Val Loss: 0.7221, Acc: 75.52%  |  Time: 2.7s
  -> Best model saved (75.52%)
[Epoch 19] Summarizing hook timing...
[HOOK_TIMING_SUMMARY] epoch=19 no hook timing samples
[Epoch 19] Hook timing summary done

[Epoch 20] Training... (lr=0.000007)
  Batch [50/98] Loss: 0.7181, Acc: 75.08%
[Epoch 20] Train Loss: 0.7248, Acc: 75.13%  |  Val Loss: 0.7370, Acc: 75.16%  |  Time: 2.8s
[Epoch 20] Summarizing hook timing...
[HOOK_TIMING_SUMMARY] epoch=20 no hook timing samples
[Epoch 20] Hook timing summary done

================================================================================
Done in 74.4s | Best val acc: 75.52%
Epoch times: mean=3.0s  min=2.7s  max=7.7s
================================================================================
=== Finished training: backend=mpi, hook=None, zfp_rate=none, status=0 at Fri May 22 04:35:28 AM UTC 2026 ===
=== Starting training: backend=mpi, hook=ring, zfp_rate=none at Fri May 22 04:35:28 AM UTC 2026 ===

================================================================================
DISTRIBUTED TRAINING LAUNCHER
================================================================================
  Model:      wide_resnet50_2 (pretrained)
  Dataset:    cifar10 (10 classes)
  Backend:    mpi
  Algorithm:  ring
  Epochs:     20
  Batch/rank: 128
  LR:         0.001
================================================================================


================================================================================
Distributed Training: WIDE_RESNET50_2 on CIFAR10
Backend: MPI, Algorithm: ring
================================================================================
Ranks: 4, Epochs: 20, Batch/rank: 128, Effective batch: 512
LR: 0.001, Device: cuda:0

[Setup] Model on cuda:0, wrapped in DDP (static_graph=True)
[Setup] Hook registered: mpi/ring

================================================================================
DISTRIBUTED TRAINING LAUNCHER
================================================================================
  Model:      wide_resnet50_2 (pretrained)
  Dataset:    cifar10 (10 classes)
  Backend:    mpi
  Algorithm:  ring
  Epochs:     20
  Batch/rank: 128
  LR:         0.001
================================================================================

[Data] Train batches: 98, Val batches: 20


[Epoch 1] Training... (lr=0.000001)

================================================================================
DISTRIBUTED TRAINING LAUNCHER
================================================================================
  Model:      wide_resnet50_2 (pretrained)
  Dataset:    cifar10 (10 classes)
  Backend:    mpi
  Algorithm:  ring
  Epochs:     20
  Batch/rank: 128
  LR:         0.001
================================================================================


================================================================================
DISTRIBUTED TRAINING LAUNCHER
================================================================================
  Model:      wide_resnet50_2 (pretrained)
  Dataset:    cifar10 (10 classes)
  Backend:    mpi
  Algorithm:  ring
  Epochs:     20
  Batch/rank: 128
  LR:         0.001
================================================================================

  Batch [50/98] Loss: 2.3589, Acc: 10.81%
[Epoch 1] Train Loss: 2.3570, Acc: 10.86%  |  Val Loss: 2.6189, Acc: 11.32%  |  Time: 4.5s
  -> Best model saved (11.32%)
[Epoch 1] Summarizing hook timing...

[HOOK_TIMING_SUMMARY] epoch=1
[HOOK_WORK_SUMMARY] label=mpi:ring calls=770 work_total_ms=1687.624 work_mean_ms=2.192 work_min_ms=0.924 work_max_ms=22.738
[HOOK_TAIL_SUMMARY] label=mpi:ring steps=99 tail_total_ms=695.260 tail_mean_ms=7.023 tail_min_ms=2.817 tail_max_ms=25.797
[Epoch 1] Hook timing summary done

[Epoch 2] Training... (lr=0.001000)
  Batch [50/98] Loss: 2.2474, Acc: 18.09%
[Epoch 2] Train Loss: 2.1526, Acc: 23.42%  |  Val Loss: 2.0829, Acc: 36.48%  |  Time: 3.2s
  -> Best model saved (36.48%)
[Epoch 2] Summarizing hook timing...

[HOOK_TIMING_SUMMARY] epoch=2
[HOOK_WORK_SUMMARY] label=mpi:ring calls=784 work_total_ms=1564.332 work_mean_ms=1.995 work_min_ms=0.931 work_max_ms=5.079
[HOOK_TAIL_SUMMARY] label=mpi:ring steps=98 tail_total_ms=617.480 tail_mean_ms=6.301 tail_min_ms=3.164 tail_max_ms=8.541
[Epoch 2] Hook timing summary done

[Epoch 3] Training... (lr=0.000993)
  Batch [50/98] Loss: 1.8271, Acc: 39.27%
[Epoch 3] Train Loss: 1.7448, Acc: 41.44%  |  Val Loss: 1.5511, Acc: 48.32%  |  Time: 3.3s
  -> Best model saved (48.32%)
[Epoch 3] Summarizing hook timing...

[HOOK_TIMING_SUMMARY] epoch=3
[HOOK_WORK_SUMMARY] label=mpi:ring calls=784 work_total_ms=1600.420 work_mean_ms=2.041 work_min_ms=0.923 work_max_ms=5.542
[HOOK_TAIL_SUMMARY] label=mpi:ring steps=98 tail_total_ms=637.696 tail_mean_ms=6.507 tail_min_ms=3.367 tail_max_ms=10.207
[Epoch 3] Hook timing summary done

[Epoch 4] Training... (lr=0.000973)
  Batch [50/98] Loss: 1.5129, Acc: 49.00%
[Epoch 4] Train Loss: 1.4671, Acc: 50.44%  |  Val Loss: 1.3708, Acc: 56.96%  |  Time: 3.3s
  -> Best model saved (56.96%)
[Epoch 4] Summarizing hook timing...

[HOOK_TIMING_SUMMARY] epoch=4
[HOOK_WORK_SUMMARY] label=mpi:ring calls=784 work_total_ms=1609.897 work_mean_ms=2.053 work_min_ms=0.928 work_max_ms=4.080
[HOOK_TAIL_SUMMARY] label=mpi:ring steps=98 tail_total_ms=648.625 tail_mean_ms=6.619 tail_min_ms=3.397 tail_max_ms=7.491
[Epoch 4] Hook timing summary done

[Epoch 5] Training... (lr=0.000940)
  Batch [50/98] Loss: 1.2652, Acc: 56.70%
[Epoch 5] Train Loss: 1.2495, Acc: 57.22%  |  Val Loss: 1.1626, Acc: 61.12%  |  Time: 3.3s
  -> Best model saved (61.12%)
[Epoch 5] Summarizing hook timing...

[HOOK_TIMING_SUMMARY] epoch=5
[HOOK_WORK_SUMMARY] label=mpi:ring calls=784 work_total_ms=1658.553 work_mean_ms=2.116 work_min_ms=0.928 work_max_ms=4.587
[HOOK_TAIL_SUMMARY] label=mpi:ring steps=98 tail_total_ms=789.049 tail_mean_ms=8.052 tail_min_ms=4.641 tail_max_ms=8.915
[Epoch 5] Hook timing summary done

[Epoch 6] Training... (lr=0.000895)
  Batch [50/98] Loss: 1.1365, Acc: 60.52%
[Epoch 6] Train Loss: 1.1246, Acc: 61.15%  |  Val Loss: 1.0449, Acc: 64.96%  |  Time: 3.3s
  -> Best model saved (64.96%)
[Epoch 6] Summarizing hook timing...

[HOOK_TIMING_SUMMARY] epoch=6
[HOOK_WORK_SUMMARY] label=mpi:ring calls=784 work_total_ms=1572.551 work_mean_ms=2.006 work_min_ms=0.930 work_max_ms=3.936
[HOOK_TAIL_SUMMARY] label=mpi:ring steps=98 tail_total_ms=654.091 tail_mean_ms=6.674 tail_min_ms=3.662 tail_max_ms=7.128
[Epoch 6] Hook timing summary done

[Epoch 7] Training... (lr=0.000839)
  Batch [50/98] Loss: 1.0479, Acc: 63.56%
[Epoch 7] Train Loss: 1.0292, Acc: 64.11%  |  Val Loss: 0.9561, Acc: 67.80%  |  Time: 3.2s
  -> Best model saved (67.80%)
[Epoch 7] Summarizing hook timing...

[HOOK_TIMING_SUMMARY] epoch=7
[HOOK_WORK_SUMMARY] label=mpi:ring calls=784 work_total_ms=1645.576 work_mean_ms=2.099 work_min_ms=0.931 work_max_ms=5.168
[HOOK_TAIL_SUMMARY] label=mpi:ring steps=98 tail_total_ms=762.281 tail_mean_ms=7.778 tail_min_ms=4.186 tail_max_ms=8.532
[Epoch 7] Hook timing summary done

[Epoch 8] Training... (lr=0.000773)
  Batch [50/98] Loss: 0.9680, Acc: 66.81%
[Epoch 8] Train Loss: 0.9637, Acc: 66.85%  |  Val Loss: 0.8970, Acc: 69.76%  |  Time: 3.3s
  -> Best model saved (69.76%)
[Epoch 8] Summarizing hook timing...

[HOOK_TIMING_SUMMARY] epoch=8
[HOOK_WORK_SUMMARY] label=mpi:ring calls=784 work_total_ms=1632.398 work_mean_ms=2.082 work_min_ms=0.929 work_max_ms=5.186
[HOOK_TAIL_SUMMARY] label=mpi:ring steps=98 tail_total_ms=702.212 tail_mean_ms=7.165 tail_min_ms=3.637 tail_max_ms=8.688
[Epoch 8] Hook timing summary done

[Epoch 9] Training... (lr=0.000701)
  Batch [50/98] Loss: 0.9275, Acc: 67.77%
[Epoch 9] Train Loss: 0.9073, Acc: 68.90%  |  Val Loss: 0.8545, Acc: 70.96%  |  Time: 3.3s
  -> Best model saved (70.96%)
[Epoch 9] Summarizing hook timing...

[HOOK_TIMING_SUMMARY] epoch=9
[HOOK_WORK_SUMMARY] label=mpi:ring calls=784 work_total_ms=1624.893 work_mean_ms=2.073 work_min_ms=0.924 work_max_ms=5.107
[HOOK_TAIL_SUMMARY] label=mpi:ring steps=98 tail_total_ms=710.287 tail_mean_ms=7.248 tail_min_ms=3.011 tail_max_ms=8.580
[Epoch 9] Hook timing summary done

[Epoch 10] Training... (lr=0.000623)
  Batch [50/98] Loss: 0.8700, Acc: 69.97%
[Epoch 10] Train Loss: 0.8650, Acc: 70.06%  |  Val Loss: 0.8154, Acc: 71.88%  |  Time: 3.3s
  -> Best model saved (71.88%)
[Epoch 10] Summarizing hook timing...

[HOOK_TIMING_SUMMARY] epoch=10
[HOOK_WORK_SUMMARY] label=mpi:ring calls=784 work_total_ms=1622.137 work_mean_ms=2.069 work_min_ms=0.927 work_max_ms=5.152
[HOOK_TAIL_SUMMARY] label=mpi:ring steps=98 tail_total_ms=708.957 tail_mean_ms=7.234 tail_min_ms=3.799 tail_max_ms=8.416
[Epoch 10] Hook timing summary done

[Epoch 11] Training... (lr=0.000541)
  Batch [50/98] Loss: 0.8459, Acc: 71.39%
[Epoch 11] Train Loss: 0.8358, Acc: 71.29%  |  Val Loss: 0.7927, Acc: 72.80%  |  Time: 3.3s
  -> Best model saved (72.80%)
[Epoch 11] Summarizing hook timing...

[HOOK_TIMING_SUMMARY] epoch=11
[HOOK_WORK_SUMMARY] label=mpi:ring calls=784 work_total_ms=1640.402 work_mean_ms=2.092 work_min_ms=0.926 work_max_ms=4.220
[HOOK_TAIL_SUMMARY] label=mpi:ring steps=98 tail_total_ms=709.151 tail_mean_ms=7.236 tail_min_ms=3.523 tail_max_ms=7.910
[Epoch 11] Hook timing summary done

[Epoch 12] Training... (lr=0.000459)
  Batch [50/98] Loss: 0.8187, Acc: 72.36%
[Epoch 12] Train Loss: 0.8135, Acc: 72.29%  |  Val Loss: 0.7730, Acc: 73.60%  |  Time: 3.3s
  -> Best model saved (73.60%)
[Epoch 12] Summarizing hook timing...

[HOOK_TIMING_SUMMARY] epoch=12
[HOOK_WORK_SUMMARY] label=mpi:ring calls=784 work_total_ms=1650.253 work_mean_ms=2.105 work_min_ms=0.921 work_max_ms=4.638
[HOOK_TAIL_SUMMARY] label=mpi:ring steps=98 tail_total_ms=716.258 tail_mean_ms=7.309 tail_min_ms=3.472 tail_max_ms=8.080
[Epoch 12] Hook timing summary done

[Epoch 13] Training... (lr=0.000377)
  Batch [50/98] Loss: 0.7900, Acc: 72.39%
[Epoch 13] Train Loss: 0.7836, Acc: 73.05%  |  Val Loss: 0.7637, Acc: 74.52%  |  Time: 3.3s
  -> Best model saved (74.52%)
[Epoch 13] Summarizing hook timing...

[HOOK_TIMING_SUMMARY] epoch=13
[HOOK_WORK_SUMMARY] label=mpi:ring calls=784 work_total_ms=1615.971 work_mean_ms=2.061 work_min_ms=0.924 work_max_ms=4.137
[HOOK_TAIL_SUMMARY] label=mpi:ring steps=98 tail_total_ms=660.824 tail_mean_ms=6.743 tail_min_ms=3.558 tail_max_ms=7.657
[Epoch 13] Hook timing summary done

[Epoch 14] Training... (lr=0.000299)
  Batch [50/98] Loss: 0.7751, Acc: 72.70%
[Epoch 14] Train Loss: 0.7756, Acc: 72.89%  |  Val Loss: 0.7438, Acc: 74.72%  |  Time: 3.3s
  -> Best model saved (74.72%)
[Epoch 14] Summarizing hook timing...

[HOOK_TIMING_SUMMARY] epoch=14
[HOOK_WORK_SUMMARY] label=mpi:ring calls=784 work_total_ms=1662.013 work_mean_ms=2.120 work_min_ms=0.924 work_max_ms=6.761
[HOOK_TAIL_SUMMARY] label=mpi:ring steps=98 tail_total_ms=740.962 tail_mean_ms=7.561 tail_min_ms=3.352 tail_max_ms=11.678
[Epoch 14] Hook timing summary done

[Epoch 15] Training... (lr=0.000227)
  Batch [50/98] Loss: 0.7711, Acc: 74.09%
[Epoch 15] Train Loss: 0.7671, Acc: 73.96%  |  Val Loss: 0.7437, Acc: 74.52%  |  Time: 3.3s
[Epoch 15] Summarizing hook timing...

[HOOK_TIMING_SUMMARY] epoch=15
[HOOK_WORK_SUMMARY] label=mpi:ring calls=784 work_total_ms=1623.990 work_mean_ms=2.071 work_min_ms=0.922 work_max_ms=4.507
[HOOK_TAIL_SUMMARY] label=mpi:ring steps=98 tail_total_ms=713.718 tail_mean_ms=7.283 tail_min_ms=2.299 tail_max_ms=7.987
[Epoch 15] Hook timing summary done

[Epoch 16] Training... (lr=0.000161)
  Batch [50/98] Loss: 0.7519, Acc: 73.89%
[Epoch 16] Train Loss: 0.7471, Acc: 74.32%  |  Val Loss: 0.7319, Acc: 74.96%  |  Time: 3.3s
  -> Best model saved (74.96%)
[Epoch 16] Summarizing hook timing...

[HOOK_TIMING_SUMMARY] epoch=16
[HOOK_WORK_SUMMARY] label=mpi:ring calls=784 work_total_ms=1657.050 work_mean_ms=2.114 work_min_ms=0.928 work_max_ms=25.268
[HOOK_TAIL_SUMMARY] label=mpi:ring steps=98 tail_total_ms=729.956 tail_mean_ms=7.449 tail_min_ms=4.661 tail_max_ms=29.031
[Epoch 16] Hook timing summary done

[Epoch 17] Training... (lr=0.000105)
  Batch [50/98] Loss: 0.7381, Acc: 74.55%
[Epoch 17] Train Loss: 0.7444, Acc: 74.18%  |  Val Loss: 0.7290, Acc: 75.20%  |  Time: 3.2s
  -> Best model saved (75.20%)
[Epoch 17] Summarizing hook timing...

[HOOK_TIMING_SUMMARY] epoch=17
[HOOK_WORK_SUMMARY] label=mpi:ring calls=784 work_total_ms=1607.492 work_mean_ms=2.050 work_min_ms=0.934 work_max_ms=4.264
[HOOK_TAIL_SUMMARY] label=mpi:ring steps=98 tail_total_ms=664.907 tail_mean_ms=6.785 tail_min_ms=3.495 tail_max_ms=7.463
[Epoch 17] Hook timing summary done

[Epoch 18] Training... (lr=0.000060)
  Batch [50/98] Loss: 0.7358, Acc: 75.30%
[Epoch 18] Train Loss: 0.7373, Acc: 74.86%  |  Val Loss: 0.7343, Acc: 75.00%  |  Time: 3.2s
[Epoch 18] Summarizing hook timing...

[HOOK_TIMING_SUMMARY] epoch=18
[HOOK_WORK_SUMMARY] label=mpi:ring calls=784 work_total_ms=1582.459 work_mean_ms=2.018 work_min_ms=0.929 work_max_ms=4.467
[HOOK_TAIL_SUMMARY] label=mpi:ring steps=98 tail_total_ms=669.674 tail_mean_ms=6.833 tail_min_ms=3.019 tail_max_ms=8.159
[Epoch 18] Hook timing summary done

[Epoch 19] Training... (lr=0.000027)
  Batch [50/98] Loss: 0.7296, Acc: 74.64%
[Epoch 19] Train Loss: 0.7348, Acc: 74.57%  |  Val Loss: 0.7232, Acc: 75.20%  |  Time: 3.3s
[Epoch 19] Summarizing hook timing...

[HOOK_TIMING_SUMMARY] epoch=19
[HOOK_WORK_SUMMARY] label=mpi:ring calls=784 work_total_ms=1702.812 work_mean_ms=2.172 work_min_ms=0.935 work_max_ms=40.597
[HOOK_TAIL_SUMMARY] label=mpi:ring steps=98 tail_total_ms=828.547 tail_mean_ms=8.455 tail_min_ms=6.410 tail_max_ms=44.043
[Epoch 19] Hook timing summary done

[Epoch 20] Training... (lr=0.000007)
  Batch [50/98] Loss: 0.7196, Acc: 74.75%
[Epoch 20] Train Loss: 0.7270, Acc: 75.01%  |  Val Loss: 0.7399, Acc: 74.68%  |  Time: 3.2s
[Epoch 20] Summarizing hook timing...

[HOOK_TIMING_SUMMARY] epoch=20
[HOOK_WORK_SUMMARY] label=mpi:ring calls=784 work_total_ms=1594.427 work_mean_ms=2.034 work_min_ms=0.936 work_max_ms=4.023
[HOOK_TAIL_SUMMARY] label=mpi:ring steps=98 tail_total_ms=679.530 tail_mean_ms=6.934 tail_min_ms=4.226 tail_max_ms=7.712
[Epoch 20] Hook timing summary done

================================================================================
Done in 80.6s | Best val acc: 75.20%
Epoch times: mean=3.3s  min=3.2s  max=4.5s
================================================================================
=== Finished training: backend=mpi, hook=ring, zfp_rate=none, status=0 at Fri May 22 04:36:57 AM UTC 2026 ===
=== Starting training: backend=mpi, hook=ring_zfp_naive, zfp_rate=16 at Fri May 22 04:36:57 AM UTC 2026 ===

================================================================================
DISTRIBUTED TRAINING LAUNCHER
================================================================================
  Model:      wide_resnet50_2 (pretrained)
  Dataset:    cifar10 (10 classes)
  Backend:    mpi
  Algorithm:  ring_zfp_naive
  ZFP rate:   16
  Epochs:     20
  Batch/rank: 128
  LR:         0.001
================================================================================


================================================================================
Distributed Training: WIDE_RESNET50_2 on CIFAR10
Backend: MPI, Algorithm: ring_zfp_naive
================================================================================
Ranks: 4, Epochs: 20, Batch/rank: 128, Effective batch: 512
LR: 0.001, Device: cuda:0

[Setup] Model on cuda:0, wrapped in DDP (static_graph=True)
[Setup] Hook registered: mpi/ring_zfp_naive

================================================================================
DISTRIBUTED TRAINING LAUNCHER
================================================================================
  Model:      wide_resnet50_2 (pretrained)
  Dataset:    cifar10 (10 classes)
  Backend:    mpi
  Algorithm:  ring_zfp_naive
  ZFP rate:   16
  Epochs:     20
  Batch/rank: 128
  LR:         0.001
================================================================================


================================================================================
DISTRIBUTED TRAINING LAUNCHER
================================================================================
  Model:      wide_resnet50_2 (pretrained)
  Dataset:    cifar10 (10 classes)
  Backend:    mpi
  Algorithm:  ring_zfp_naive
  ZFP rate:   16
  Epochs:     20
  Batch/rank: 128
  LR:         0.001
================================================================================

[Data] Train batches: 98, Val batches: 20


[Epoch 1] Training... (lr=0.000001)

================================================================================
DISTRIBUTED TRAINING LAUNCHER
================================================================================
  Model:      wide_resnet50_2 (pretrained)
  Dataset:    cifar10 (10 classes)
  Backend:    mpi
  Algorithm:  ring_zfp_naive
  ZFP rate:   16
  Epochs:     20
  Batch/rank: 128
  LR:         0.001
================================================================================

  Batch [50/98] Loss: 2.3589, Acc: 10.83%
[Epoch 1] Train Loss: 2.3569, Acc: 10.86%  |  Val Loss: 2.6185, Acc: 11.32%  |  Time: 5.8s
  -> Best model saved (11.32%)
[Epoch 1] Summarizing hook timing...

[HOOK_TIMING_SUMMARY] epoch=1
[HOOK_WORK_SUMMARY] label=mpi:ring_zfp_naive:rate16 calls=770 work_total_ms=2849.092 work_mean_ms=3.700 work_min_ms=2.050 work_max_ms=20.385
[HOOK_TAIL_SUMMARY] label=mpi:ring_zfp_naive:rate16 steps=99 tail_total_ms=1987.894 tail_mean_ms=20.080 tail_min_ms=2.990 tail_max_ms=132.295
[Epoch 1] Hook timing summary done

[Epoch 2] Training... (lr=0.001000)
  Batch [50/98] Loss: 2.2515, Acc: 17.86%
[Epoch 2] Train Loss: 2.1486, Acc: 23.50%  |  Val Loss: 1.9587, Acc: 36.84%  |  Time: 4.5s
  -> Best model saved (36.84%)
[Epoch 2] Summarizing hook timing...

[HOOK_TIMING_SUMMARY] epoch=2
[HOOK_WORK_SUMMARY] label=mpi:ring_zfp_naive:rate16 calls=784 work_total_ms=2814.274 work_mean_ms=3.590 work_min_ms=2.030 work_max_ms=7.821
[HOOK_TAIL_SUMMARY] label=mpi:ring_zfp_naive:rate16 steps=98 tail_total_ms=1874.547 tail_mean_ms=19.128 tail_min_ms=15.597 tail_max_ms=21.092
[Epoch 2] Hook timing summary done

[Epoch 3] Training... (lr=0.000993)
  Batch [50/98] Loss: 1.8200, Acc: 39.25%
[Epoch 3] Train Loss: 1.7384, Acc: 41.83%  |  Val Loss: 1.5549, Acc: 49.20%  |  Time: 4.5s
  -> Best model saved (49.20%)
[Epoch 3] Summarizing hook timing...

[HOOK_TIMING_SUMMARY] epoch=3
[HOOK_WORK_SUMMARY] label=mpi:ring_zfp_naive:rate16 calls=784 work_total_ms=2745.316 work_mean_ms=3.502 work_min_ms=2.051 work_max_ms=6.757
[HOOK_TAIL_SUMMARY] label=mpi:ring_zfp_naive:rate16 steps=98 tail_total_ms=1757.980 tail_mean_ms=17.939 tail_min_ms=14.880 tail_max_ms=22.828
[Epoch 3] Hook timing summary done

[Epoch 4] Training... (lr=0.000973)
  Batch [50/98] Loss: 1.5063, Acc: 49.16%
[Epoch 4] Train Loss: 1.4615, Acc: 50.52%  |  Val Loss: 1.3706, Acc: 57.12%  |  Time: 4.5s
  -> Best model saved (57.12%)
[Epoch 4] Summarizing hook timing...

[HOOK_TIMING_SUMMARY] epoch=4
[HOOK_WORK_SUMMARY] label=mpi:ring_zfp_naive:rate16 calls=784 work_total_ms=2786.798 work_mean_ms=3.555 work_min_ms=2.054 work_max_ms=7.069
[HOOK_TAIL_SUMMARY] label=mpi:ring_zfp_naive:rate16 steps=98 tail_total_ms=1841.246 tail_mean_ms=18.788 tail_min_ms=15.393 tail_max_ms=19.478
[Epoch 4] Hook timing summary done

[Epoch 5] Training... (lr=0.000940)
  Batch [50/98] Loss: 1.2626, Acc: 57.08%
[Epoch 5] Train Loss: 1.2425, Acc: 57.68%  |  Val Loss: 1.1556, Acc: 61.52%  |  Time: 4.5s
  -> Best model saved (61.52%)
[Epoch 5] Summarizing hook timing...

[HOOK_TIMING_SUMMARY] epoch=5
[HOOK_WORK_SUMMARY] label=mpi:ring_zfp_naive:rate16 calls=784 work_total_ms=2770.570 work_mean_ms=3.534 work_min_ms=2.040 work_max_ms=6.540
[HOOK_TAIL_SUMMARY] label=mpi:ring_zfp_naive:rate16 steps=98 tail_total_ms=1824.854 tail_mean_ms=18.621 tail_min_ms=15.796 tail_max_ms=19.417
[Epoch 5] Hook timing summary done

[Epoch 6] Training... (lr=0.000895)
  Batch [50/98] Loss: 1.1337, Acc: 60.36%
[Epoch 6] Train Loss: 1.1180, Acc: 61.04%  |  Val Loss: 1.0523, Acc: 64.92%  |  Time: 4.4s
  -> Best model saved (64.92%)
[Epoch 6] Summarizing hook timing...

[HOOK_TIMING_SUMMARY] epoch=6
[HOOK_WORK_SUMMARY] label=mpi:ring_zfp_naive:rate16 calls=784 work_total_ms=2856.232 work_mean_ms=3.643 work_min_ms=2.057 work_max_ms=7.948
[HOOK_TAIL_SUMMARY] label=mpi:ring_zfp_naive:rate16 steps=98 tail_total_ms=1968.680 tail_mean_ms=20.089 tail_min_ms=15.888 tail_max_ms=20.958
[Epoch 6] Hook timing summary done

[Epoch 7] Training... (lr=0.000839)
  Batch [50/98] Loss: 1.0485, Acc: 63.88%
[Epoch 7] Train Loss: 1.0267, Acc: 64.58%  |  Val Loss: 0.9617, Acc: 68.16%  |  Time: 4.4s
  -> Best model saved (68.16%)
[Epoch 7] Summarizing hook timing...

[HOOK_TIMING_SUMMARY] epoch=7
[HOOK_WORK_SUMMARY] label=mpi:ring_zfp_naive:rate16 calls=784 work_total_ms=2736.330 work_mean_ms=3.490 work_min_ms=2.058 work_max_ms=6.522
[HOOK_TAIL_SUMMARY] label=mpi:ring_zfp_naive:rate16 steps=98 tail_total_ms=1745.197 tail_mean_ms=17.808 tail_min_ms=15.238 tail_max_ms=18.734
[Epoch 7] Hook timing summary done

[Epoch 8] Training... (lr=0.000773)
  Batch [50/98] Loss: 0.9576, Acc: 67.23%
[Epoch 8] Train Loss: 0.9581, Acc: 67.20%  |  Val Loss: 0.9208, Acc: 69.80%  |  Time: 4.4s
  -> Best model saved (69.80%)
[Epoch 8] Summarizing hook timing...

[HOOK_TIMING_SUMMARY] epoch=8
[HOOK_WORK_SUMMARY] label=mpi:ring_zfp_naive:rate16 calls=784 work_total_ms=2763.173 work_mean_ms=3.524 work_min_ms=2.060 work_max_ms=6.851
[HOOK_TAIL_SUMMARY] label=mpi:ring_zfp_naive:rate16 steps=98 tail_total_ms=1820.191 tail_mean_ms=18.573 tail_min_ms=15.203 tail_max_ms=19.447
[Epoch 8] Hook timing summary done

[Epoch 9] Training... (lr=0.000701)
  Batch [50/98] Loss: 0.9179, Acc: 68.09%
[Epoch 9] Train Loss: 0.8990, Acc: 69.08%  |  Val Loss: 0.8595, Acc: 71.48%  |  Time: 4.5s
  -> Best model saved (71.48%)
[Epoch 9] Summarizing hook timing...

[HOOK_TIMING_SUMMARY] epoch=9
[HOOK_WORK_SUMMARY] label=mpi:ring_zfp_naive:rate16 calls=784 work_total_ms=2814.242 work_mean_ms=3.590 work_min_ms=2.073 work_max_ms=7.272
[HOOK_TAIL_SUMMARY] label=mpi:ring_zfp_naive:rate16 steps=98 tail_total_ms=1847.762 tail_mean_ms=18.855 tail_min_ms=15.875 tail_max_ms=19.788
[Epoch 9] Hook timing summary done

[Epoch 10] Training... (lr=0.000623)
  Batch [50/98] Loss: 0.8680, Acc: 70.22%
[Epoch 10] Train Loss: 0.8624, Acc: 70.15%  |  Val Loss: 0.8218, Acc: 72.40%  |  Time: 4.4s
  -> Best model saved (72.40%)
[Epoch 10] Summarizing hook timing...

[HOOK_TIMING_SUMMARY] epoch=10
[HOOK_WORK_SUMMARY] label=mpi:ring_zfp_naive:rate16 calls=784 work_total_ms=2743.855 work_mean_ms=3.500 work_min_ms=2.064 work_max_ms=6.301
[HOOK_TAIL_SUMMARY] label=mpi:ring_zfp_naive:rate16 steps=98 tail_total_ms=1750.194 tail_mean_ms=17.859 tail_min_ms=14.956 tail_max_ms=18.399
[Epoch 10] Hook timing summary done

[Epoch 11] Training... (lr=0.000541)
  Batch [50/98] Loss: 0.8417, Acc: 71.38%
[Epoch 11] Train Loss: 0.8299, Acc: 71.56%  |  Val Loss: 0.7974, Acc: 73.12%  |  Time: 4.4s
  -> Best model saved (73.12%)
[Epoch 11] Summarizing hook timing...

[HOOK_TIMING_SUMMARY] epoch=11
[HOOK_WORK_SUMMARY] label=mpi:ring_zfp_naive:rate16 calls=784 work_total_ms=2787.259 work_mean_ms=3.555 work_min_ms=2.065 work_max_ms=8.001
[HOOK_TAIL_SUMMARY] label=mpi:ring_zfp_naive:rate16 steps=98 tail_total_ms=1811.217 tail_mean_ms=18.482 tail_min_ms=15.417 tail_max_ms=20.204
[Epoch 11] Hook timing summary done

[Epoch 12] Training... (lr=0.000459)
  Batch [50/98] Loss: 0.8153, Acc: 72.55%
[Epoch 12] Train Loss: 0.8089, Acc: 72.57%  |  Val Loss: 0.7802, Acc: 73.84%  |  Time: 4.5s
  -> Best model saved (73.84%)
[Epoch 12] Summarizing hook timing...

[HOOK_TIMING_SUMMARY] epoch=12
[HOOK_WORK_SUMMARY] label=mpi:ring_zfp_naive:rate16 calls=784 work_total_ms=2827.830 work_mean_ms=3.607 work_min_ms=2.065 work_max_ms=8.107
[HOOK_TAIL_SUMMARY] label=mpi:ring_zfp_naive:rate16 steps=98 tail_total_ms=1874.107 tail_mean_ms=19.124 tail_min_ms=15.274 tail_max_ms=20.127
[Epoch 12] Hook timing summary done

[Epoch 13] Training... (lr=0.000377)
  Batch [50/98] Loss: 0.7872, Acc: 72.42%
[Epoch 13] Train Loss: 0.7786, Acc: 73.15%  |  Val Loss: 0.7686, Acc: 74.44%  |  Time: 4.5s
  -> Best model saved (74.44%)
[Epoch 13] Summarizing hook timing...

[HOOK_TIMING_SUMMARY] epoch=13
[HOOK_WORK_SUMMARY] label=mpi:ring_zfp_naive:rate16 calls=784 work_total_ms=2805.752 work_mean_ms=3.579 work_min_ms=2.054 work_max_ms=7.414
[HOOK_TAIL_SUMMARY] label=mpi:ring_zfp_naive:rate16 steps=98 tail_total_ms=1813.080 tail_mean_ms=18.501 tail_min_ms=11.375 tail_max_ms=19.662
[Epoch 13] Hook timing summary done

[Epoch 14] Training... (lr=0.000299)
  Batch [50/98] Loss: 0.7758, Acc: 72.86%
[Epoch 14] Train Loss: 0.7730, Acc: 73.08%  |  Val Loss: 0.7484, Acc: 74.96%  |  Time: 4.5s
  -> Best model saved (74.96%)
[Epoch 14] Summarizing hook timing...

[HOOK_TIMING_SUMMARY] epoch=14
[HOOK_WORK_SUMMARY] label=mpi:ring_zfp_naive:rate16 calls=784 work_total_ms=2854.531 work_mean_ms=3.641 work_min_ms=2.041 work_max_ms=9.094
[HOOK_TAIL_SUMMARY] label=mpi:ring_zfp_naive:rate16 steps=98 tail_total_ms=1948.643 tail_mean_ms=19.884 tail_min_ms=14.967 tail_max_ms=20.908
[Epoch 14] Hook timing summary done

[Epoch 15] Training... (lr=0.000227)
  Batch [50/98] Loss: 0.7753, Acc: 73.77%
[Epoch 15] Train Loss: 0.7644, Acc: 74.15%  |  Val Loss: 0.7468, Acc: 74.84%  |  Time: 4.5s
[Epoch 15] Summarizing hook timing...

[HOOK_TIMING_SUMMARY] epoch=15
[HOOK_WORK_SUMMARY] label=mpi:ring_zfp_naive:rate16 calls=784 work_total_ms=2798.128 work_mean_ms=3.569 work_min_ms=2.065 work_max_ms=7.021
[HOOK_TAIL_SUMMARY] label=mpi:ring_zfp_naive:rate16 steps=98 tail_total_ms=1867.926 tail_mean_ms=19.060 tail_min_ms=15.913 tail_max_ms=19.750
[Epoch 15] Hook timing summary done

[Epoch 16] Training... (lr=0.000161)
  Batch [50/98] Loss: 0.7476, Acc: 74.33%
[Epoch 16] Train Loss: 0.7466, Acc: 74.53%  |  Val Loss: 0.7385, Acc: 75.12%  |  Time: 4.5s
  -> Best model saved (75.12%)
[Epoch 16] Summarizing hook timing...

[HOOK_TIMING_SUMMARY] epoch=16
[HOOK_WORK_SUMMARY] label=mpi:ring_zfp_naive:rate16 calls=784 work_total_ms=2854.343 work_mean_ms=3.641 work_min_ms=2.053 work_max_ms=27.574
[HOOK_TAIL_SUMMARY] label=mpi:ring_zfp_naive:rate16 steps=98 tail_total_ms=1903.370 tail_mean_ms=19.422 tail_min_ms=16.188 tail_max_ms=40.248
[Epoch 16] Hook timing summary done

[Epoch 17] Training... (lr=0.000105)
  Batch [50/98] Loss: 0.7434, Acc: 74.55%
[Epoch 17] Train Loss: 0.7471, Acc: 73.98%  |  Val Loss: 0.7360, Acc: 75.36%  |  Time: 4.5s
  -> Best model saved (75.36%)
[Epoch 17] Summarizing hook timing...

[HOOK_TIMING_SUMMARY] epoch=17
[HOOK_WORK_SUMMARY] label=mpi:ring_zfp_naive:rate16 calls=784 work_total_ms=2770.576 work_mean_ms=3.534 work_min_ms=2.052 work_max_ms=7.071
[HOOK_TAIL_SUMMARY] label=mpi:ring_zfp_naive:rate16 steps=98 tail_total_ms=1835.233 tail_mean_ms=18.727 tail_min_ms=15.443 tail_max_ms=19.726
[Epoch 17] Hook timing summary done

[Epoch 18] Training... (lr=0.000060)
  Batch [50/98] Loss: 0.7357, Acc: 75.28%
[Epoch 18] Train Loss: 0.7381, Acc: 74.89%  |  Val Loss: 0.7387, Acc: 75.08%  |  Time: 4.4s
[Epoch 18] Summarizing hook timing...

[HOOK_TIMING_SUMMARY] epoch=18
[HOOK_WORK_SUMMARY] label=mpi:ring_zfp_naive:rate16 calls=784 work_total_ms=2830.157 work_mean_ms=3.610 work_min_ms=2.055 work_max_ms=7.798
[HOOK_TAIL_SUMMARY] label=mpi:ring_zfp_naive:rate16 steps=98 tail_total_ms=1887.510 tail_mean_ms=19.260 tail_min_ms=15.439 tail_max_ms=20.463
[Epoch 18] Hook timing summary done

[Epoch 19] Training... (lr=0.000027)
  Batch [50/98] Loss: 0.7291, Acc: 74.83%
[Epoch 19] Train Loss: 0.7312, Acc: 74.78%  |  Val Loss: 0.7303, Acc: 75.28%  |  Time: 4.5s
[Epoch 19] Summarizing hook timing...

[HOOK_TIMING_SUMMARY] epoch=19
[HOOK_WORK_SUMMARY] label=mpi:ring_zfp_naive:rate16 calls=784 work_total_ms=2839.491 work_mean_ms=3.622 work_min_ms=2.065 work_max_ms=38.387
[HOOK_TAIL_SUMMARY] label=mpi:ring_zfp_naive:rate16 steps=98 tail_total_ms=1857.372 tail_mean_ms=18.953 tail_min_ms=15.657 tail_max_ms=50.442
[Epoch 19] Hook timing summary done

[Epoch 20] Training... (lr=0.000007)
  Batch [50/98] Loss: 0.7157, Acc: 74.92%
[Epoch 20] Train Loss: 0.7267, Acc: 75.02%  |  Val Loss: 0.7487, Acc: 74.84%  |  Time: 4.5s
[Epoch 20] Summarizing hook timing...

[HOOK_TIMING_SUMMARY] epoch=20
[HOOK_WORK_SUMMARY] label=mpi:ring_zfp_naive:rate16 calls=784 work_total_ms=2870.886 work_mean_ms=3.662 work_min_ms=2.057 work_max_ms=39.318
[HOOK_TAIL_SUMMARY] label=mpi:ring_zfp_naive:rate16 steps=98 tail_total_ms=1920.822 tail_mean_ms=19.600 tail_min_ms=16.577 tail_max_ms=52.217
[Epoch 20] Hook timing summary done

================================================================================
Done in 105.0s | Best val acc: 75.36%
Epoch times: mean=4.5s  min=4.4s  max=5.8s
================================================================================
=== Finished training: backend=mpi, hook=ring_zfp_naive, zfp_rate=16, status=0 at Fri May 22 04:38:50 AM UTC 2026 ===
=== Starting training: backend=mpi, hook=ring_zfp_online_coll, zfp_rate=16 at Fri May 22 04:38:50 AM UTC 2026 ===

================================================================================
DISTRIBUTED TRAINING LAUNCHER
================================================================================
  Model:      wide_resnet50_2 (pretrained)
  Dataset:    cifar10 (10 classes)
  Backend:    mpi
  Algorithm:  ring_zfp_online_coll
  ZFP rate:   16
  Epochs:     20
  Batch/rank: 128
  LR:         0.001
================================================================================


================================================================================
Distributed Training: WIDE_RESNET50_2 on CIFAR10
Backend: MPI, Algorithm: ring_zfp_online_coll
================================================================================
Ranks: 4, Epochs: 20, Batch/rank: 128, Effective batch: 512
LR: 0.001, Device: cuda:0

[Setup] Model on cuda:0, wrapped in DDP (static_graph=True)
[Setup] Hook registered: mpi/ring_zfp_online_coll

================================================================================
DISTRIBUTED TRAINING LAUNCHER
================================================================================
  Model:      wide_resnet50_2 (pretrained)
  Dataset:    cifar10 (10 classes)
  Backend:    mpi
  Algorithm:  ring_zfp_online_coll
  ZFP rate:   16
  Epochs:     20
  Batch/rank: 128
  LR:         0.001
================================================================================


================================================================================
DISTRIBUTED TRAINING LAUNCHER
================================================================================
  Model:      wide_resnet50_2 (pretrained)
  Dataset:    cifar10 (10 classes)
  Backend:    mpi
  Algorithm:  ring_zfp_online_coll
  ZFP rate:   16
  Epochs:     20
  Batch/rank: 128
  LR:         0.001
================================================================================

[Data] Train batches: 98, Val batches: 20


[Epoch 1] Training... (lr=0.000001)

================================================================================
DISTRIBUTED TRAINING LAUNCHER
================================================================================
  Model:      wide_resnet50_2 (pretrained)
  Dataset:    cifar10 (10 classes)
  Backend:    mpi
  Algorithm:  ring_zfp_online_coll
  ZFP rate:   16
  Epochs:     20
  Batch/rank: 128
  LR:         0.001
================================================================================

  Batch [50/98] Loss: 2.3589, Acc: 10.81%
[Epoch 1] Train Loss: 2.3569, Acc: 10.87%  |  Val Loss: 2.6187, Acc: 11.28%  |  Time: 5.0s
  -> Best model saved (11.28%)
[Epoch 1] Summarizing hook timing...

[HOOK_TIMING_SUMMARY] epoch=1
[HOOK_WORK_SUMMARY] label=mpi:ring_zfp_online_coll:rate16 calls=770 work_total_ms=2019.441 work_mean_ms=2.623 work_min_ms=1.356 work_max_ms=14.369
[HOOK_TAIL_SUMMARY] label=mpi:ring_zfp_online_coll:rate16 steps=99 tail_total_ms=1168.670 tail_mean_ms=11.805 tail_min_ms=2.392 tail_max_ms=125.362
[Epoch 1] Hook timing summary done

[Epoch 2] Training... (lr=0.001000)
  Batch [50/98] Loss: 2.2485, Acc: 17.58%
[Epoch 2] Train Loss: 2.1507, Acc: 23.30%  |  Val Loss: 1.9849, Acc: 36.80%  |  Time: 3.6s
  -> Best model saved (36.80%)
[Epoch 2] Summarizing hook timing...

[HOOK_TIMING_SUMMARY] epoch=2
[HOOK_WORK_SUMMARY] label=mpi:ring_zfp_online_coll:rate16 calls=784 work_total_ms=1981.539 work_mean_ms=2.527 work_min_ms=1.335 work_max_ms=5.005
[HOOK_TAIL_SUMMARY] label=mpi:ring_zfp_online_coll:rate16 steps=98 tail_total_ms=1016.537 tail_mean_ms=10.373 tail_min_ms=6.914 tail_max_ms=12.252
[Epoch 2] Hook timing summary done

[Epoch 3] Training... (lr=0.000993)
  Batch [50/98] Loss: 1.8289, Acc: 38.88%
[Epoch 3] Train Loss: 1.7460, Acc: 41.46%  |  Val Loss: 1.5658, Acc: 47.92%  |  Time: 3.6s
  -> Best model saved (47.92%)
[Epoch 3] Summarizing hook timing...

[HOOK_TIMING_SUMMARY] epoch=3
[HOOK_WORK_SUMMARY] label=mpi:ring_zfp_online_coll:rate16 calls=784 work_total_ms=1997.818 work_mean_ms=2.548 work_min_ms=1.344 work_max_ms=4.478
[HOOK_TAIL_SUMMARY] label=mpi:ring_zfp_online_coll:rate16 steps=98 tail_total_ms=1099.579 tail_mean_ms=11.220 tail_min_ms=6.226 tail_max_ms=11.819
[Epoch 3] Hook timing summary done

[Epoch 4] Training... (lr=0.000973)
  Batch [50/98] Loss: 1.5163, Acc: 49.42%
[Epoch 4] Train Loss: 1.4692, Acc: 50.29%  |  Val Loss: 1.3783, Acc: 56.68%  |  Time: 3.6s
  -> Best model saved (56.68%)
[Epoch 4] Summarizing hook timing...

[HOOK_TIMING_SUMMARY] epoch=4
[HOOK_WORK_SUMMARY] label=mpi:ring_zfp_online_coll:rate16 calls=784 work_total_ms=1951.683 work_mean_ms=2.489 work_min_ms=1.354 work_max_ms=4.904
[HOOK_TAIL_SUMMARY] label=mpi:ring_zfp_online_coll:rate16 steps=98 tail_total_ms=987.707 tail_mean_ms=10.079 tail_min_ms=7.017 tail_max_ms=10.934
[Epoch 4] Hook timing summary done

[Epoch 5] Training... (lr=0.000940)
  Batch [50/98] Loss: 1.2667, Acc: 57.16%
[Epoch 5] Train Loss: 1.2447, Acc: 57.68%  |  Val Loss: 1.1661, Acc: 61.20%  |  Time: 3.6s
  -> Best model saved (61.20%)
[Epoch 5] Summarizing hook timing...

[HOOK_TIMING_SUMMARY] epoch=5
[HOOK_WORK_SUMMARY] label=mpi:ring_zfp_online_coll:rate16 calls=784 work_total_ms=2028.401 work_mean_ms=2.587 work_min_ms=1.332 work_max_ms=4.843
[HOOK_TAIL_SUMMARY] label=mpi:ring_zfp_online_coll:rate16 steps=98 tail_total_ms=1113.025 tail_mean_ms=11.357 tail_min_ms=7.806 tail_max_ms=13.034
[Epoch 5] Hook timing summary done

[Epoch 6] Training... (lr=0.000895)
  Batch [50/98] Loss: 1.1340, Acc: 60.77%
[Epoch 6] Train Loss: 1.1187, Acc: 61.28%  |  Val Loss: 1.0498, Acc: 64.88%  |  Time: 3.7s
  -> Best model saved (64.88%)
[Epoch 6] Summarizing hook timing...

[HOOK_TIMING_SUMMARY] epoch=6
[HOOK_WORK_SUMMARY] label=mpi:ring_zfp_online_coll:rate16 calls=784 work_total_ms=2008.009 work_mean_ms=2.561 work_min_ms=1.332 work_max_ms=4.742
[HOOK_TAIL_SUMMARY] label=mpi:ring_zfp_online_coll:rate16 steps=98 tail_total_ms=1016.087 tail_mean_ms=10.368 tail_min_ms=5.467 tail_max_ms=11.446
[Epoch 6] Hook timing summary done

[Epoch 7] Training... (lr=0.000839)
  Batch [50/98] Loss: 1.0392, Acc: 64.28%
[Epoch 7] Train Loss: 1.0234, Acc: 64.70%  |  Val Loss: 0.9529, Acc: 68.08%  |  Time: 3.6s
  -> Best model saved (68.08%)
[Epoch 7] Summarizing hook timing...

[HOOK_TIMING_SUMMARY] epoch=7
[HOOK_WORK_SUMMARY] label=mpi:ring_zfp_online_coll:rate16 calls=784 work_total_ms=1929.726 work_mean_ms=2.461 work_min_ms=1.356 work_max_ms=4.708
[HOOK_TAIL_SUMMARY] label=mpi:ring_zfp_online_coll:rate16 steps=98 tail_total_ms=938.893 tail_mean_ms=9.581 tail_min_ms=6.420 tail_max_ms=10.131
[Epoch 7] Hook timing summary done

[Epoch 8] Training... (lr=0.000773)
  Batch [50/98] Loss: 0.9639, Acc: 67.03%
[Epoch 8] Train Loss: 0.9607, Acc: 67.18%  |  Val Loss: 0.9008, Acc: 70.28%  |  Time: 3.6s
  -> Best model saved (70.28%)
[Epoch 8] Summarizing hook timing...

[HOOK_TIMING_SUMMARY] epoch=8
[HOOK_WORK_SUMMARY] label=mpi:ring_zfp_online_coll:rate16 calls=784 work_total_ms=1968.222 work_mean_ms=2.510 work_min_ms=1.362 work_max_ms=4.613
[HOOK_TAIL_SUMMARY] label=mpi:ring_zfp_online_coll:rate16 steps=98 tail_total_ms=992.929 tail_mean_ms=10.132 tail_min_ms=6.032 tail_max_ms=11.038
[Epoch 8] Hook timing summary done

[Epoch 9] Training... (lr=0.000701)
  Batch [50/98] Loss: 0.9174, Acc: 68.16%
[Epoch 9] Train Loss: 0.9017, Acc: 69.10%  |  Val Loss: 0.8479, Acc: 71.68%  |  Time: 3.6s
  -> Best model saved (71.68%)
[Epoch 9] Summarizing hook timing...

[HOOK_TIMING_SUMMARY] epoch=9
[HOOK_WORK_SUMMARY] label=mpi:ring_zfp_online_coll:rate16 calls=784 work_total_ms=1987.472 work_mean_ms=2.535 work_min_ms=1.341 work_max_ms=4.896
[HOOK_TAIL_SUMMARY] label=mpi:ring_zfp_online_coll:rate16 steps=98 tail_total_ms=1009.737 tail_mean_ms=10.303 tail_min_ms=6.374 tail_max_ms=11.783
[Epoch 9] Hook timing summary done

[Epoch 10] Training... (lr=0.000623)
  Batch [50/98] Loss: 0.8628, Acc: 70.55%
[Epoch 10] Train Loss: 0.8598, Acc: 70.50%  |  Val Loss: 0.8040, Acc: 72.96%  |  Time: 3.6s
  -> Best model saved (72.96%)
[Epoch 10] Summarizing hook timing...

[HOOK_TIMING_SUMMARY] epoch=10
[HOOK_WORK_SUMMARY] label=mpi:ring_zfp_online_coll:rate16 calls=784 work_total_ms=1987.487 work_mean_ms=2.535 work_min_ms=1.361 work_max_ms=4.467
[HOOK_TAIL_SUMMARY] label=mpi:ring_zfp_online_coll:rate16 steps=98 tail_total_ms=1015.906 tail_mean_ms=10.366 tail_min_ms=5.977 tail_max_ms=10.986
[Epoch 10] Hook timing summary done

[Epoch 11] Training... (lr=0.000541)
  Batch [50/98] Loss: 0.8410, Acc: 71.14%
[Epoch 11] Train Loss: 0.8306, Acc: 71.36%  |  Val Loss: 0.7799, Acc: 73.44%  |  Time: 3.6s
  -> Best model saved (73.44%)
[Epoch 11] Summarizing hook timing...

[HOOK_TIMING_SUMMARY] epoch=11
[HOOK_WORK_SUMMARY] label=mpi:ring_zfp_online_coll:rate16 calls=784 work_total_ms=1937.176 work_mean_ms=2.471 work_min_ms=1.362 work_max_ms=4.430
[HOOK_TAIL_SUMMARY] label=mpi:ring_zfp_online_coll:rate16 steps=98 tail_total_ms=932.732 tail_mean_ms=9.518 tail_min_ms=6.565 tail_max_ms=9.992
[Epoch 11] Hook timing summary done

[Epoch 12] Training... (lr=0.000459)
  Batch [50/98] Loss: 0.8196, Acc: 72.17%
[Epoch 12] Train Loss: 0.8110, Acc: 72.28%  |  Val Loss: 0.7581, Acc: 74.48%  |  Time: 3.6s
  -> Best model saved (74.48%)
[Epoch 12] Summarizing hook timing...

[HOOK_TIMING_SUMMARY] epoch=12
[HOOK_WORK_SUMMARY] label=mpi:ring_zfp_online_coll:rate16 calls=784 work_total_ms=2029.294 work_mean_ms=2.588 work_min_ms=1.341 work_max_ms=4.600
[HOOK_TAIL_SUMMARY] label=mpi:ring_zfp_online_coll:rate16 steps=98 tail_total_ms=1068.271 tail_mean_ms=10.901 tail_min_ms=5.550 tail_max_ms=11.716
[Epoch 12] Hook timing summary done

[Epoch 13] Training... (lr=0.000377)
  Batch [50/98] Loss: 0.7866, Acc: 72.45%
[Epoch 13] Train Loss: 0.7788, Acc: 73.03%  |  Val Loss: 0.7451, Acc: 74.52%  |  Time: 3.6s
  -> Best model saved (74.52%)
[Epoch 13] Summarizing hook timing...

[HOOK_TIMING_SUMMARY] epoch=13
[HOOK_WORK_SUMMARY] label=mpi:ring_zfp_online_coll:rate16 calls=784 work_total_ms=2023.400 work_mean_ms=2.581 work_min_ms=1.342 work_max_ms=4.690
[HOOK_TAIL_SUMMARY] label=mpi:ring_zfp_online_coll:rate16 steps=98 tail_total_ms=1086.646 tail_mean_ms=11.088 tail_min_ms=7.056 tail_max_ms=12.151
[Epoch 13] Hook timing summary done

[Epoch 14] Training... (lr=0.000299)
  Batch [50/98] Loss: 0.7722, Acc: 72.95%
[Epoch 14] Train Loss: 0.7729, Acc: 73.20%  |  Val Loss: 0.7268, Acc: 75.16%  |  Time: 3.6s
  -> Best model saved (75.16%)
[Epoch 14] Summarizing hook timing...

[HOOK_TIMING_SUMMARY] epoch=14
[HOOK_WORK_SUMMARY] label=mpi:ring_zfp_online_coll:rate16 calls=784 work_total_ms=2026.247 work_mean_ms=2.584 work_min_ms=1.357 work_max_ms=4.963
[HOOK_TAIL_SUMMARY] label=mpi:ring_zfp_online_coll:rate16 steps=98 tail_total_ms=1051.248 tail_mean_ms=10.727 tail_min_ms=7.878 tail_max_ms=11.489
[Epoch 14] Hook timing summary done

[Epoch 15] Training... (lr=0.000227)
  Batch [50/98] Loss: 0.7705, Acc: 73.80%
[Epoch 15] Train Loss: 0.7642, Acc: 73.86%  |  Val Loss: 0.7298, Acc: 75.16%  |  Time: 3.7s
[Epoch 15] Summarizing hook timing...

[HOOK_TIMING_SUMMARY] epoch=15
[HOOK_WORK_SUMMARY] label=mpi:ring_zfp_online_coll:rate16 calls=784 work_total_ms=2031.297 work_mean_ms=2.591 work_min_ms=1.359 work_max_ms=4.624
[HOOK_TAIL_SUMMARY] label=mpi:ring_zfp_online_coll:rate16 steps=98 tail_total_ms=1046.406 tail_mean_ms=10.678 tail_min_ms=7.503 tail_max_ms=11.242
[Epoch 15] Hook timing summary done

[Epoch 16] Training... (lr=0.000161)
  Batch [50/98] Loss: 0.7468, Acc: 74.45%
[Epoch 16] Train Loss: 0.7438, Acc: 74.62%  |  Val Loss: 0.7168, Acc: 75.72%  |  Time: 3.7s
  -> Best model saved (75.72%)
[Epoch 16] Summarizing hook timing...

[HOOK_TIMING_SUMMARY] epoch=16
[HOOK_WORK_SUMMARY] label=mpi:ring_zfp_online_coll:rate16 calls=784 work_total_ms=2013.181 work_mean_ms=2.568 work_min_ms=1.359 work_max_ms=36.549
[HOOK_TAIL_SUMMARY] label=mpi:ring_zfp_online_coll:rate16 steps=98 tail_total_ms=1014.006 tail_mean_ms=10.347 tail_min_ms=7.442 tail_max_ms=43.430
[Epoch 16] Hook timing summary done

[Epoch 17] Training... (lr=0.000105)
  Batch [50/98] Loss: 0.7431, Acc: 74.36%
[Epoch 17] Train Loss: 0.7465, Acc: 73.99%  |  Val Loss: 0.7132, Acc: 75.52%  |  Time: 3.6s
[Epoch 17] Summarizing hook timing...

[HOOK_TIMING_SUMMARY] epoch=17
[HOOK_WORK_SUMMARY] label=mpi:ring_zfp_online_coll:rate16 calls=784 work_total_ms=1989.924 work_mean_ms=2.538 work_min_ms=1.357 work_max_ms=4.768
[HOOK_TAIL_SUMMARY] label=mpi:ring_zfp_online_coll:rate16 steps=98 tail_total_ms=1069.434 tail_mean_ms=10.913 tail_min_ms=6.488 tail_max_ms=11.635
[Epoch 17] Hook timing summary done

[Epoch 18] Training... (lr=0.000060)
  Batch [50/98] Loss: 0.7381, Acc: 74.92%
[Epoch 18] Train Loss: 0.7384, Acc: 74.63%  |  Val Loss: 0.7187, Acc: 75.24%  |  Time: 3.7s
[Epoch 18] Summarizing hook timing...

[HOOK_TIMING_SUMMARY] epoch=18
[HOOK_WORK_SUMMARY] label=mpi:ring_zfp_online_coll:rate16 calls=784 work_total_ms=2036.345 work_mean_ms=2.597 work_min_ms=1.351 work_max_ms=18.507
[HOOK_TAIL_SUMMARY] label=mpi:ring_zfp_online_coll:rate16 steps=98 tail_total_ms=1109.442 tail_mean_ms=11.321 tail_min_ms=8.620 tail_max_ms=25.722
[Epoch 18] Hook timing summary done

[Epoch 19] Training... (lr=0.000027)
  Batch [50/98] Loss: 0.7271, Acc: 74.95%
[Epoch 19] Train Loss: 0.7312, Acc: 74.74%  |  Val Loss: 0.7102, Acc: 76.00%  |  Time: 3.7s
  -> Best model saved (76.00%)
[Epoch 19] Summarizing hook timing...

[HOOK_TIMING_SUMMARY] epoch=19
[HOOK_WORK_SUMMARY] label=mpi:ring_zfp_online_coll:rate16 calls=784 work_total_ms=2008.786 work_mean_ms=2.562 work_min_ms=1.332 work_max_ms=26.937
[HOOK_TAIL_SUMMARY] label=mpi:ring_zfp_online_coll:rate16 steps=98 tail_total_ms=1046.491 tail_mean_ms=10.678 tail_min_ms=9.439 tail_max_ms=33.651
[Epoch 19] Hook timing summary done

[Epoch 20] Training... (lr=0.000007)
  Batch [50/98] Loss: 0.7135, Acc: 75.28%
[Epoch 20] Train Loss: 0.7251, Acc: 75.19%  |  Val Loss: 0.7257, Acc: 75.36%  |  Time: 3.6s
[Epoch 20] Summarizing hook timing...

[HOOK_TIMING_SUMMARY] epoch=20
[HOOK_WORK_SUMMARY] label=mpi:ring_zfp_online_coll:rate16 calls=784 work_total_ms=1996.248 work_mean_ms=2.546 work_min_ms=1.356 work_max_ms=4.559
[HOOK_TAIL_SUMMARY] label=mpi:ring_zfp_online_coll:rate16 steps=98 tail_total_ms=1063.915 tail_mean_ms=10.856 tail_min_ms=7.683 tail_max_ms=12.113
[Epoch 20] Hook timing summary done

================================================================================
Done in 88.1s | Best val acc: 76.00%
Epoch times: mean=3.7s  min=3.6s  max=5.0s
================================================================================
=== Finished training: backend=mpi, hook=ring_zfp_online_coll, zfp_rate=16, status=0 at Fri May 22 04:40:26 AM UTC 2026 ===
=== Starting training: backend=mpi, hook=ring_zfp_online_coll, zfp_rate=10 at Fri May 22 04:40:26 AM UTC 2026 ===

================================================================================
DISTRIBUTED TRAINING LAUNCHER
================================================================================
  Model:      wide_resnet50_2 (pretrained)
  Dataset:    cifar10 (10 classes)
  Backend:    mpi
  Algorithm:  ring_zfp_online_coll
  ZFP rate:   10
  Epochs:     20
  Batch/rank: 128
  LR:         0.001
================================================================================


================================================================================
Distributed Training: WIDE_RESNET50_2 on CIFAR10
Backend: MPI, Algorithm: ring_zfp_online_coll
================================================================================
Ranks: 4, Epochs: 20, Batch/rank: 128, Effective batch: 512
LR: 0.001, Device: cuda:0

[Setup] Model on cuda:0, wrapped in DDP (static_graph=True)
[Setup] Hook registered: mpi/ring_zfp_online_coll

================================================================================
DISTRIBUTED TRAINING LAUNCHER
================================================================================
  Model:      wide_resnet50_2 (pretrained)
  Dataset:    cifar10 (10 classes)
  Backend:    mpi
  Algorithm:  ring_zfp_online_coll
  ZFP rate:   10
  Epochs:     20
  Batch/rank: 128
  LR:         0.001
================================================================================


================================================================================
DISTRIBUTED TRAINING LAUNCHER
================================================================================
  Model:      wide_resnet50_2 (pretrained)
  Dataset:    cifar10 (10 classes)
  Backend:    mpi
  Algorithm:  ring_zfp_online_coll
  ZFP rate:   10
  Epochs:     20
  Batch/rank: 128
  LR:         0.001
================================================================================


================================================================================
DISTRIBUTED TRAINING LAUNCHER
================================================================================
  Model:      wide_resnet50_2 (pretrained)
  Dataset:    cifar10 (10 classes)
  Backend:    mpi
  Algorithm:  ring_zfp_online_coll
  ZFP rate:   10
  Epochs:     20
  Batch/rank: 128
  LR:         0.001
================================================================================

[Data] Train batches: 98, Val batches: 20


[Epoch 1] Training... (lr=0.000001)
  Batch [50/98] Loss: 2.3589, Acc: 10.84%
[Epoch 1] Train Loss: 2.3569, Acc: 10.86%  |  Val Loss: 2.6177, Acc: 11.32%  |  Time: 4.8s
  -> Best model saved (11.32%)
[Epoch 1] Summarizing hook timing...

[HOOK_TIMING_SUMMARY] epoch=1
[HOOK_WORK_SUMMARY] label=mpi:ring_zfp_online_coll:rate10 calls=770 work_total_ms=1877.334 work_mean_ms=2.438 work_min_ms=1.257 work_max_ms=12.755
[HOOK_TAIL_SUMMARY] label=mpi:ring_zfp_online_coll:rate10 steps=99 tail_total_ms=932.533 tail_mean_ms=9.420 tail_min_ms=4.350 tail_max_ms=35.028
[Epoch 1] Hook timing summary done

[Epoch 2] Training... (lr=0.001000)
  Batch [50/98] Loss: 2.2480, Acc: 17.58%
[Epoch 2] Train Loss: 2.1503, Acc: 23.43%  |  Val Loss: 1.9928, Acc: 37.20%  |  Time: 3.5s
  -> Best model saved (37.20%)
[Epoch 2] Summarizing hook timing...

[HOOK_TIMING_SUMMARY] epoch=2
[HOOK_WORK_SUMMARY] label=mpi:ring_zfp_online_coll:rate10 calls=784 work_total_ms=1789.206 work_mean_ms=2.282 work_min_ms=1.281 work_max_ms=4.020
[HOOK_TAIL_SUMMARY] label=mpi:ring_zfp_online_coll:rate10 steps=98 tail_total_ms=780.098 tail_mean_ms=7.960 tail_min_ms=3.680 tail_max_ms=9.204
[Epoch 2] Hook timing summary done

[Epoch 3] Training... (lr=0.000993)
  Batch [50/98] Loss: 1.8281, Acc: 38.91%
[Epoch 3] Train Loss: 1.7458, Acc: 41.74%  |  Val Loss: 1.5847, Acc: 48.20%  |  Time: 3.5s
  -> Best model saved (48.20%)
[Epoch 3] Summarizing hook timing...

[HOOK_TIMING_SUMMARY] epoch=3
[HOOK_WORK_SUMMARY] label=mpi:ring_zfp_online_coll:rate10 calls=784 work_total_ms=1860.629 work_mean_ms=2.373 work_min_ms=1.274 work_max_ms=4.668
[HOOK_TAIL_SUMMARY] label=mpi:ring_zfp_online_coll:rate10 steps=98 tail_total_ms=946.786 tail_mean_ms=9.661 tail_min_ms=4.755 tail_max_ms=10.541
[Epoch 3] Hook timing summary done

[Epoch 4] Training... (lr=0.000973)
  Batch [50/98] Loss: 1.5147, Acc: 49.31%
[Epoch 4] Train Loss: 1.4689, Acc: 50.30%  |  Val Loss: 1.3974, Acc: 56.40%  |  Time: 3.5s
  -> Best model saved (56.40%)
[Epoch 4] Summarizing hook timing...

[HOOK_TIMING_SUMMARY] epoch=4
[HOOK_WORK_SUMMARY] label=mpi:ring_zfp_online_coll:rate10 calls=784 work_total_ms=1829.648 work_mean_ms=2.334 work_min_ms=1.279 work_max_ms=4.494
[HOOK_TAIL_SUMMARY] label=mpi:ring_zfp_online_coll:rate10 steps=98 tail_total_ms=885.419 tail_mean_ms=9.035 tail_min_ms=4.442 tail_max_ms=9.591
[Epoch 4] Hook timing summary done

[Epoch 5] Training... (lr=0.000940)
  Batch [50/98] Loss: 1.2620, Acc: 56.69%
[Epoch 5] Train Loss: 1.2418, Acc: 57.41%  |  Val Loss: 1.1705, Acc: 61.32%  |  Time: 3.5s
  -> Best model saved (61.32%)
[Epoch 5] Summarizing hook timing...

[HOOK_TIMING_SUMMARY] epoch=5
[HOOK_WORK_SUMMARY] label=mpi:ring_zfp_online_coll:rate10 calls=784 work_total_ms=1829.882 work_mean_ms=2.334 work_min_ms=1.270 work_max_ms=4.432
[HOOK_TAIL_SUMMARY] label=mpi:ring_zfp_online_coll:rate10 steps=98 tail_total_ms=887.163 tail_mean_ms=9.053 tail_min_ms=5.546 tail_max_ms=10.032
[Epoch 5] Hook timing summary done

[Epoch 6] Training... (lr=0.000895)
  Batch [50/98] Loss: 1.1364, Acc: 60.66%
[Epoch 6] Train Loss: 1.1205, Acc: 61.36%  |  Val Loss: 1.0539, Acc: 65.08%  |  Time: 3.5s
  -> Best model saved (65.08%)
[Epoch 6] Summarizing hook timing...

[HOOK_TIMING_SUMMARY] epoch=6
[HOOK_WORK_SUMMARY] label=mpi:ring_zfp_online_coll:rate10 calls=784 work_total_ms=1885.146 work_mean_ms=2.405 work_min_ms=1.271 work_max_ms=4.427
[HOOK_TAIL_SUMMARY] label=mpi:ring_zfp_online_coll:rate10 steps=98 tail_total_ms=986.681 tail_mean_ms=10.068 tail_min_ms=5.765 tail_max_ms=10.870
[Epoch 6] Hook timing summary done

[Epoch 7] Training... (lr=0.000839)
  Batch [50/98] Loss: 1.0491, Acc: 63.67%
[Epoch 7] Train Loss: 1.0269, Acc: 64.38%  |  Val Loss: 0.9656, Acc: 67.88%  |  Time: 3.6s
  -> Best model saved (67.88%)
[Epoch 7] Summarizing hook timing...

[HOOK_TIMING_SUMMARY] epoch=7
[HOOK_WORK_SUMMARY] label=mpi:ring_zfp_online_coll:rate10 calls=784 work_total_ms=1842.959 work_mean_ms=2.351 work_min_ms=1.286 work_max_ms=4.602
[HOOK_TAIL_SUMMARY] label=mpi:ring_zfp_online_coll:rate10 steps=98 tail_total_ms=910.715 tail_mean_ms=9.293 tail_min_ms=6.550 tail_max_ms=9.756
[Epoch 7] Hook timing summary done

[Epoch 8] Training... (lr=0.000773)
  Batch [50/98] Loss: 0.9616, Acc: 66.95%
[Epoch 8] Train Loss: 0.9602, Acc: 66.92%  |  Val Loss: 0.9033, Acc: 70.08%  |  Time: 3.5s
  -> Best model saved (70.08%)
[Epoch 8] Summarizing hook timing...

[HOOK_TIMING_SUMMARY] epoch=8
[HOOK_WORK_SUMMARY] label=mpi:ring_zfp_online_coll:rate10 calls=784 work_total_ms=1879.691 work_mean_ms=2.398 work_min_ms=1.283 work_max_ms=10.655
[HOOK_TAIL_SUMMARY] label=mpi:ring_zfp_online_coll:rate10 steps=98 tail_total_ms=971.535 tail_mean_ms=9.914 tail_min_ms=5.446 tail_max_ms=14.738
[Epoch 8] Hook timing summary done

[Epoch 9] Training... (lr=0.000701)
  Batch [50/98] Loss: 0.9153, Acc: 67.89%
[Epoch 9] Train Loss: 0.8991, Acc: 68.93%  |  Val Loss: 0.8462, Acc: 71.72%  |  Time: 3.5s
  -> Best model saved (71.72%)
[Epoch 9] Summarizing hook timing...

[HOOK_TIMING_SUMMARY] epoch=9
[HOOK_WORK_SUMMARY] label=mpi:ring_zfp_online_coll:rate10 calls=784 work_total_ms=1834.987 work_mean_ms=2.341 work_min_ms=1.276 work_max_ms=4.401
[HOOK_TAIL_SUMMARY] label=mpi:ring_zfp_online_coll:rate10 steps=98 tail_total_ms=893.371 tail_mean_ms=9.116 tail_min_ms=5.600 tail_max_ms=9.600
[Epoch 9] Hook timing summary done

[Epoch 10] Training... (lr=0.000623)
  Batch [50/98] Loss: 0.8650, Acc: 69.88%
[Epoch 10] Train Loss: 0.8605, Acc: 70.10%  |  Val Loss: 0.8069, Acc: 73.08%  |  Time: 3.5s
  -> Best model saved (73.08%)
[Epoch 10] Summarizing hook timing...

[HOOK_TIMING_SUMMARY] epoch=10
[HOOK_WORK_SUMMARY] label=mpi:ring_zfp_online_coll:rate10 calls=784 work_total_ms=1835.951 work_mean_ms=2.342 work_min_ms=1.276 work_max_ms=4.415
[HOOK_TAIL_SUMMARY] label=mpi:ring_zfp_online_coll:rate10 steps=98 tail_total_ms=874.817 tail_mean_ms=8.927 tail_min_ms=1.456 tail_max_ms=9.907
[Epoch 10] Hook timing summary done

[Epoch 11] Training... (lr=0.000541)
  Batch [50/98] Loss: 0.8418, Acc: 71.44%
[Epoch 11] Train Loss: 0.8307, Acc: 71.46%  |  Val Loss: 0.7816, Acc: 73.80%  |  Time: 3.5s
  -> Best model saved (73.80%)
[Epoch 11] Summarizing hook timing...

[HOOK_TIMING_SUMMARY] epoch=11
[HOOK_WORK_SUMMARY] label=mpi:ring_zfp_online_coll:rate10 calls=784 work_total_ms=1842.501 work_mean_ms=2.350 work_min_ms=1.262 work_max_ms=5.365
[HOOK_TAIL_SUMMARY] label=mpi:ring_zfp_online_coll:rate10 steps=98 tail_total_ms=880.412 tail_mean_ms=8.984 tail_min_ms=5.187 tail_max_ms=13.163
[Epoch 11] Hook timing summary done

[Epoch 12] Training... (lr=0.000459)
  Batch [50/98] Loss: 0.8174, Acc: 72.38%
[Epoch 12] Train Loss: 0.8097, Acc: 72.49%  |  Val Loss: 0.7602, Acc: 74.36%  |  Time: 3.5s
  -> Best model saved (74.36%)
[Epoch 12] Summarizing hook timing...

[HOOK_TIMING_SUMMARY] epoch=12
[HOOK_WORK_SUMMARY] label=mpi:ring_zfp_online_coll:rate10 calls=784 work_total_ms=1837.331 work_mean_ms=2.344 work_min_ms=1.261 work_max_ms=4.427
[HOOK_TAIL_SUMMARY] label=mpi:ring_zfp_online_coll:rate10 steps=98 tail_total_ms=886.005 tail_mean_ms=9.041 tail_min_ms=4.829 tail_max_ms=10.257
[Epoch 12] Hook timing summary done

[Epoch 13] Training... (lr=0.000377)
  Batch [50/98] Loss: 0.7836, Acc: 72.67%
[Epoch 13] Train Loss: 0.7774, Acc: 73.09%  |  Val Loss: 0.7519, Acc: 74.68%  |  Time: 3.5s
  -> Best model saved (74.68%)
[Epoch 13] Summarizing hook timing...

[HOOK_TIMING_SUMMARY] epoch=13
[HOOK_WORK_SUMMARY] label=mpi:ring_zfp_online_coll:rate10 calls=784 work_total_ms=1803.900 work_mean_ms=2.301 work_min_ms=1.270 work_max_ms=4.429
[HOOK_TAIL_SUMMARY] label=mpi:ring_zfp_online_coll:rate10 steps=98 tail_total_ms=828.504 tail_mean_ms=8.454 tail_min_ms=5.302 tail_max_ms=9.599
[Epoch 13] Hook timing summary done

[Epoch 14] Training... (lr=0.000299)
  Batch [50/98] Loss: 0.7747, Acc: 73.02%
[Epoch 14] Train Loss: 0.7725, Acc: 73.27%  |  Val Loss: 0.7339, Acc: 75.36%  |  Time: 3.5s
  -> Best model saved (75.36%)
[Epoch 14] Summarizing hook timing...

[HOOK_TIMING_SUMMARY] epoch=14
[HOOK_WORK_SUMMARY] label=mpi:ring_zfp_online_coll:rate10 calls=784 work_total_ms=1831.811 work_mean_ms=2.336 work_min_ms=1.268 work_max_ms=4.583
[HOOK_TAIL_SUMMARY] label=mpi:ring_zfp_online_coll:rate10 steps=98 tail_total_ms=887.703 tail_mean_ms=9.058 tail_min_ms=5.694 tail_max_ms=9.542
[Epoch 14] Hook timing summary done

[Epoch 15] Training... (lr=0.000227)
  Batch [50/98] Loss: 0.7656, Acc: 74.25%
[Epoch 15] Train Loss: 0.7628, Acc: 74.19%  |  Val Loss: 0.7338, Acc: 75.36%  |  Time: 3.5s
[Epoch 15] Summarizing hook timing...

[HOOK_TIMING_SUMMARY] epoch=15
[HOOK_WORK_SUMMARY] label=mpi:ring_zfp_online_coll:rate10 calls=784 work_total_ms=1893.587 work_mean_ms=2.415 work_min_ms=1.270 work_max_ms=4.362
[HOOK_TAIL_SUMMARY] label=mpi:ring_zfp_online_coll:rate10 steps=98 tail_total_ms=915.113 tail_mean_ms=9.338 tail_min_ms=4.060 tail_max_ms=10.138
[Epoch 15] Hook timing summary done

[Epoch 16] Training... (lr=0.000161)
  Batch [50/98] Loss: 0.7471, Acc: 74.08%
[Epoch 16] Train Loss: 0.7431, Acc: 74.48%  |  Val Loss: 0.7207, Acc: 75.52%  |  Time: 3.5s
  -> Best model saved (75.52%)
[Epoch 16] Summarizing hook timing...

[HOOK_TIMING_SUMMARY] epoch=16
[HOOK_WORK_SUMMARY] label=mpi:ring_zfp_online_coll:rate10 calls=784 work_total_ms=1841.394 work_mean_ms=2.349 work_min_ms=1.257 work_max_ms=4.344
[HOOK_TAIL_SUMMARY] label=mpi:ring_zfp_online_coll:rate10 steps=98 tail_total_ms=881.550 tail_mean_ms=8.995 tail_min_ms=5.464 tail_max_ms=9.777
[Epoch 16] Hook timing summary done

[Epoch 17] Training... (lr=0.000105)
  Batch [50/98] Loss: 0.7409, Acc: 74.14%
[Epoch 17] Train Loss: 0.7451, Acc: 74.01%  |  Val Loss: 0.7165, Acc: 75.24%  |  Time: 3.5s
[Epoch 17] Summarizing hook timing...

[HOOK_TIMING_SUMMARY] epoch=17
[HOOK_WORK_SUMMARY] label=mpi:ring_zfp_online_coll:rate10 calls=784 work_total_ms=1936.415 work_mean_ms=2.470 work_min_ms=1.271 work_max_ms=4.268
[HOOK_TAIL_SUMMARY] label=mpi:ring_zfp_online_coll:rate10 steps=98 tail_total_ms=1023.241 tail_mean_ms=10.441 tail_min_ms=6.717 tail_max_ms=11.288
[Epoch 17] Hook timing summary done

[Epoch 18] Training... (lr=0.000060)
  Batch [50/98] Loss: 0.7305, Acc: 75.28%
[Epoch 18] Train Loss: 0.7342, Acc: 74.87%  |  Val Loss: 0.7238, Acc: 75.60%  |  Time: 3.6s
  -> Best model saved (75.60%)
[Epoch 18] Summarizing hook timing...

[HOOK_TIMING_SUMMARY] epoch=18
[HOOK_WORK_SUMMARY] label=mpi:ring_zfp_online_coll:rate10 calls=784 work_total_ms=1951.460 work_mean_ms=2.489 work_min_ms=1.276 work_max_ms=54.469
[HOOK_TAIL_SUMMARY] label=mpi:ring_zfp_online_coll:rate10 steps=98 tail_total_ms=982.839 tail_mean_ms=10.029 tail_min_ms=6.795 tail_max_ms=59.845
[Epoch 18] Hook timing summary done

[Epoch 19] Training... (lr=0.000027)
  Batch [50/98] Loss: 0.7268, Acc: 75.02%
[Epoch 19] Train Loss: 0.7318, Acc: 74.76%  |  Val Loss: 0.7130, Acc: 75.64%  |  Time: 3.5s
  -> Best model saved (75.64%)
[Epoch 19] Summarizing hook timing...

[HOOK_TIMING_SUMMARY] epoch=19
[HOOK_WORK_SUMMARY] label=mpi:ring_zfp_online_coll:rate10 calls=784 work_total_ms=1817.825 work_mean_ms=2.319 work_min_ms=1.276 work_max_ms=4.517
[HOOK_TAIL_SUMMARY] label=mpi:ring_zfp_online_coll:rate10 steps=98 tail_total_ms=855.823 tail_mean_ms=8.733 tail_min_ms=5.367 tail_max_ms=9.834
[Epoch 19] Hook timing summary done

[Epoch 20] Training... (lr=0.000007)
  Batch [50/98] Loss: 0.7170, Acc: 75.11%
[Epoch 20] Train Loss: 0.7263, Acc: 75.24%  |  Val Loss: 0.7288, Acc: 75.00%  |  Time: 3.5s
[Epoch 20] Summarizing hook timing...

[HOOK_TIMING_SUMMARY] epoch=20
[HOOK_WORK_SUMMARY] label=mpi:ring_zfp_online_coll:rate10 calls=784 work_total_ms=1852.317 work_mean_ms=2.363 work_min_ms=1.267 work_max_ms=4.677
[HOOK_TAIL_SUMMARY] label=mpi:ring_zfp_online_coll:rate10 steps=98 tail_total_ms=944.092 tail_mean_ms=9.634 tail_min_ms=5.977 tail_max_ms=10.864
[Epoch 20] Hook timing summary done

================================================================================
Done in 86.9s | Best val acc: 75.64%
Epoch times: mean=3.6s  min=3.5s  max=4.8s
================================================================================
=== Finished training: backend=mpi, hook=ring_zfp_online_coll, zfp_rate=10, status=0 at Fri May 22 04:42:01 AM UTC 2026 ===
=== Job finished: Fri May 22 04:42:01 AM UTC 2026 ===
