=== Job started: Fri May 22 04:18:23 PM UTC 2026 ===
=== Node: x3104c0s19b0n0 ===

The following have been reloaded with a version change:
  1) gcc-native/14 => gcc-native/13


The following have been reloaded with a version change:
  1) gcc-native/13 => gcc-native/14.2

[INFO] GTL preloaded: /opt/cray/pe/mpich/9.0.1/ofi/nvidia/23.3/lib/libmpi_gtl_cuda.so
=============================================
  Polaris DDP + Eagle PyTorch + Cray MPICH
=============================================
Node              : x3104c0s19b0n0
ZFP_HOME          : /home/mrest/mpiAllReduceCompressed/zfp-install
GTL               : /opt/cray/pe/mpich/9.0.1/ofi/nvidia/23.3/lib/libmpi_gtl_cuda.so
MPICH_GPU_SUPPORT : 1

PyTorch version   : 2.8.0a0+gitba56102
PyTorch location  : /lus/eagle/projects/UIC-HPC/mrest/pytorch_mpi_build/src/pytorch/torch/__init__.py
CUDA available    : True 4
MPI available     : True
mpi4py            : MPI VERSION    : CRAY MPICH version 9.0.1.498 (ANL base 4.1.2)
mpi4py rank test  : rank 0 OK
=============================================
=== Starting training: backend=mpi, hook=None, zfp_rate=none at Fri May 22 04:18:53 PM UTC 2026 ===

================================================================================
DISTRIBUTED TRAINING LAUNCHER
================================================================================
  Model:      resnext101_32x8d (CIFAR stem) (pretrained)
  Dataset:    cifar10 (10 classes)
  Backend:    mpi
  Algorithm:  built-in (no hook)
  Epochs:     20
  Batch/rank: 128
  LR:         0.001
================================================================================


================================================================================
Distributed Training: RESNEXT101_32X8D on CIFAR10
Backend: MPI, Algorithm: built-in (no hook)
================================================================================
Ranks: 4, Epochs: 20, Batch/rank: 128, Effective batch: 512
LR: 0.001, Device: cuda:0

[Setup] Model on cuda:0, wrapped in DDP (static_graph=True)
[Setup] No hook — using DDP built-in MPI allreduce
[Data] Train batches: 98, Val batches: 20


[Epoch 1] Training... (lr=0.000001)

================================================================================
DISTRIBUTED TRAINING LAUNCHER
================================================================================
  Model:      resnext101_32x8d (CIFAR stem) (pretrained)
  Dataset:    cifar10 (10 classes)
  Backend:    mpi
  Algorithm:  built-in (no hook)
  Epochs:     20
  Batch/rank: 128
  LR:         0.001
================================================================================


================================================================================
DISTRIBUTED TRAINING LAUNCHER
================================================================================
  Model:      resnext101_32x8d (CIFAR stem) (pretrained)
  Dataset:    cifar10 (10 classes)
  Backend:    mpi
  Algorithm:  built-in (no hook)
  Epochs:     20
  Batch/rank: 128
  LR:         0.001
================================================================================


================================================================================
DISTRIBUTED TRAINING LAUNCHER
================================================================================
  Model:      resnext101_32x8d (CIFAR stem) (pretrained)
  Dataset:    cifar10 (10 classes)
  Backend:    mpi
  Algorithm:  built-in (no hook)
  Epochs:     20
  Batch/rank: 128
  LR:         0.001
================================================================================

  Batch [50/98] Loss: 2.3110, Acc: 11.12%
[Epoch 1] Train Loss: 2.3109, Acc: 10.93%  |  Val Loss: 2.3159, Acc: 10.80%  |  Time: 21.7s
  -> Best model saved (10.80%)
[Epoch 1] Summarizing hook timing...
[HOOK_TIMING_SUMMARY] epoch=1 no hook timing samples
[Epoch 1] Hook timing summary done

[Epoch 2] Training... (lr=0.000201)
  Batch [50/98] Loss: 2.3005, Acc: 12.55%
[Epoch 2] Train Loss: 2.2872, Acc: 14.06%  |  Val Loss: 2.2667, Acc: 17.00%  |  Time: 17.0s
  -> Best model saved (17.00%)
[Epoch 2] Summarizing hook timing...
[HOOK_TIMING_SUMMARY] epoch=2 no hook timing samples
[Epoch 2] Hook timing summary done

[Epoch 3] Training... (lr=0.000401)
  Batch [50/98] Loss: 2.2465, Acc: 19.30%
[Epoch 3] Train Loss: 2.2243, Acc: 20.94%  |  Val Loss: 2.1887, Acc: 24.56%  |  Time: 17.1s
  -> Best model saved (24.56%)
[Epoch 3] Summarizing hook timing...
[HOOK_TIMING_SUMMARY] epoch=3 no hook timing samples
[Epoch 3] Hook timing summary done

[Epoch 4] Training... (lr=0.000600)
  Batch [50/98] Loss: 2.1688, Acc: 25.56%
[Epoch 4] Train Loss: 2.1506, Acc: 25.51%  |  Val Loss: 2.1214, Acc: 27.48%  |  Time: 17.0s
  -> Best model saved (27.48%)
[Epoch 4] Summarizing hook timing...
[HOOK_TIMING_SUMMARY] epoch=4 no hook timing samples
[Epoch 4] Hook timing summary done

[Epoch 5] Training... (lr=0.000800)
  Batch [50/98] Loss: 2.0877, Acc: 30.50%
[Epoch 5] Train Loss: 2.1042, Acc: 28.82%  |  Val Loss: 2.0982, Acc: 27.52%  |  Time: 17.0s
  -> Best model saved (27.52%)
[Epoch 5] Summarizing hook timing...
[HOOK_TIMING_SUMMARY] epoch=5 no hook timing samples
[Epoch 5] Hook timing summary done

[Epoch 6] Training... (lr=0.001000)
  Batch [50/98] Loss: 2.0375, Acc: 31.39%
[Epoch 6] Train Loss: 2.0451, Acc: 29.94%  |  Val Loss: 2.0635, Acc: 27.84%  |  Time: 17.1s
  -> Best model saved (27.84%)
[Epoch 6] Summarizing hook timing...
[HOOK_TIMING_SUMMARY] epoch=6 no hook timing samples
[Epoch 6] Hook timing summary done

[Epoch 7] Training... (lr=0.000989)
  Batch [50/98] Loss: 1.9747, Acc: 33.78%
[Epoch 7] Train Loss: 1.9746, Acc: 33.33%  |  Val Loss: 1.9586, Acc: 33.64%  |  Time: 17.1s
  -> Best model saved (33.64%)
[Epoch 7] Summarizing hook timing...
[HOOK_TIMING_SUMMARY] epoch=7 no hook timing samples
[Epoch 7] Hook timing summary done

[Epoch 8] Training... (lr=0.000957)
  Batch [50/98] Loss: 1.9316, Acc: 34.62%
[Epoch 8] Train Loss: 1.9318, Acc: 34.41%  |  Val Loss: 1.9467, Acc: 34.04%  |  Time: 17.1s
  -> Best model saved (34.04%)
[Epoch 8] Summarizing hook timing...
[HOOK_TIMING_SUMMARY] epoch=8 no hook timing samples
[Epoch 8] Hook timing summary done

[Epoch 9] Training... (lr=0.000905)
  Batch [50/98] Loss: 1.8786, Acc: 36.61%
[Epoch 9] Train Loss: 1.8771, Acc: 36.36%  |  Val Loss: 1.8305, Acc: 37.36%  |  Time: 17.0s
  -> Best model saved (37.36%)
[Epoch 9] Summarizing hook timing...
[HOOK_TIMING_SUMMARY] epoch=9 no hook timing samples
[Epoch 9] Hook timing summary done

[Epoch 10] Training... (lr=0.000835)
  Batch [50/98] Loss: 1.8316, Acc: 37.20%
[Epoch 10] Train Loss: 1.8299, Acc: 37.34%  |  Val Loss: 1.8244, Acc: 36.72%  |  Time: 17.1s
[Epoch 10] Summarizing hook timing...
[HOOK_TIMING_SUMMARY] epoch=10 no hook timing samples
[Epoch 10] Hook timing summary done

[Epoch 11] Training... (lr=0.000750)
  Batch [50/98] Loss: 1.8044, Acc: 37.95%
[Epoch 11] Train Loss: 1.7871, Acc: 39.00%  |  Val Loss: 1.7586, Acc: 39.72%  |  Time: 17.1s
  -> Best model saved (39.72%)
[Epoch 11] Summarizing hook timing...
[HOOK_TIMING_SUMMARY] epoch=11 no hook timing samples
[Epoch 11] Hook timing summary done

[Epoch 12] Training... (lr=0.000655)
  Batch [50/98] Loss: 1.7707, Acc: 39.97%
[Epoch 12] Train Loss: 1.7649, Acc: 40.43%  |  Val Loss: 1.7235, Acc: 41.80%  |  Time: 17.1s
  -> Best model saved (41.80%)
[Epoch 12] Summarizing hook timing...
[HOOK_TIMING_SUMMARY] epoch=12 no hook timing samples
[Epoch 12] Hook timing summary done

[Epoch 13] Training... (lr=0.000552)
  Batch [50/98] Loss: 1.7277, Acc: 41.95%
[Epoch 13] Train Loss: 1.7168, Acc: 42.70%  |  Val Loss: 1.6671, Acc: 44.60%  |  Time: 17.0s
  -> Best model saved (44.60%)
[Epoch 13] Summarizing hook timing...
[HOOK_TIMING_SUMMARY] epoch=13 no hook timing samples
[Epoch 13] Hook timing summary done

[Epoch 14] Training... (lr=0.000448)
  Batch [50/98] Loss: 1.6874, Acc: 43.55%
[Epoch 14] Train Loss: 1.6830, Acc: 43.75%  |  Val Loss: 1.6435, Acc: 45.16%  |  Time: 17.0s
  -> Best model saved (45.16%)
[Epoch 14] Summarizing hook timing...
[HOOK_TIMING_SUMMARY] epoch=14 no hook timing samples
[Epoch 14] Hook timing summary done

[Epoch 15] Training... (lr=0.000345)
  Batch [50/98] Loss: 1.6802, Acc: 42.86%
[Epoch 15] Train Loss: 1.6708, Acc: 43.70%  |  Val Loss: 1.6295, Acc: 45.36%  |  Time: 17.1s
  -> Best model saved (45.36%)
[Epoch 15] Summarizing hook timing...
[HOOK_TIMING_SUMMARY] epoch=15 no hook timing samples
[Epoch 15] Hook timing summary done

[Epoch 16] Training... (lr=0.000250)
  Batch [50/98] Loss: 1.6660, Acc: 43.78%
[Epoch 16] Train Loss: 1.6541, Acc: 44.59%  |  Val Loss: 1.6195, Acc: 46.56%  |  Time: 17.0s
  -> Best model saved (46.56%)
[Epoch 16] Summarizing hook timing...
[HOOK_TIMING_SUMMARY] epoch=16 no hook timing samples
[Epoch 16] Hook timing summary done

[Epoch 17] Training... (lr=0.000165)
  Batch [50/98] Loss: 1.6573, Acc: 44.70%
[Epoch 17] Train Loss: 1.6469, Acc: 44.81%  |  Val Loss: 1.6078, Acc: 45.68%  |  Time: 17.0s
[Epoch 17] Summarizing hook timing...
[HOOK_TIMING_SUMMARY] epoch=17 no hook timing samples
[Epoch 17] Hook timing summary done

[Epoch 18] Training... (lr=0.000095)
  Batch [50/98] Loss: 1.6397, Acc: 45.11%
[Epoch 18] Train Loss: 1.6438, Acc: 44.48%  |  Val Loss: 1.6017, Acc: 45.64%  |  Time: 17.0s
[Epoch 18] Summarizing hook timing...
[HOOK_TIMING_SUMMARY] epoch=18 no hook timing samples
[Epoch 18] Hook timing summary done

[Epoch 19] Training... (lr=0.000043)
  Batch [50/98] Loss: 1.6409, Acc: 44.34%
[Epoch 19] Train Loss: 1.6393, Acc: 44.47%  |  Val Loss: 1.6051, Acc: 45.68%  |  Time: 17.1s
[Epoch 19] Summarizing hook timing...
[HOOK_TIMING_SUMMARY] epoch=19 no hook timing samples
[Epoch 19] Hook timing summary done

[Epoch 20] Training... (lr=0.000011)
  Batch [50/98] Loss: 1.6151, Acc: 45.78%
[Epoch 20] Train Loss: 1.6281, Acc: 45.42%  |  Val Loss: 1.5935, Acc: 46.44%  |  Time: 17.1s
[Epoch 20] Summarizing hook timing...
[HOOK_TIMING_SUMMARY] epoch=20 no hook timing samples
[Epoch 20] Hook timing summary done

================================================================================
Done in 362.9s | Best val acc: 46.56%
Epoch times: mean=17.3s  min=17.0s  max=21.7s
================================================================================
=== Finished training: backend=mpi, hook=None, zfp_rate=none, status=0 at Fri May 22 04:25:12 PM UTC 2026 ===
=== Starting training: backend=mpi, hook=ring, zfp_rate=none at Fri May 22 04:25:12 PM UTC 2026 ===

================================================================================
DISTRIBUTED TRAINING LAUNCHER
================================================================================
  Model:      resnext101_32x8d (CIFAR stem) (pretrained)
  Dataset:    cifar10 (10 classes)
  Backend:    mpi
  Algorithm:  ring
  Epochs:     20
  Batch/rank: 128
  LR:         0.001
================================================================================


================================================================================
Distributed Training: RESNEXT101_32X8D on CIFAR10
Backend: MPI, Algorithm: ring
================================================================================
Ranks: 4, Epochs: 20, Batch/rank: 128, Effective batch: 512
LR: 0.001, Device: cuda:0

[Setup] Model on cuda:0, wrapped in DDP (static_graph=True)
[Setup] Hook registered: mpi/ring

================================================================================
DISTRIBUTED TRAINING LAUNCHER
================================================================================
  Model:      resnext101_32x8d (CIFAR stem) (pretrained)
  Dataset:    cifar10 (10 classes)
  Backend:    mpi
  Algorithm:  ring
  Epochs:     20
  Batch/rank: 128
  LR:         0.001
================================================================================

[Data] Train batches: 98, Val batches: 20


[Epoch 1] Training... (lr=0.000001)

================================================================================
DISTRIBUTED TRAINING LAUNCHER
================================================================================
  Model:      resnext101_32x8d (CIFAR stem) (pretrained)
  Dataset:    cifar10 (10 classes)
  Backend:    mpi
  Algorithm:  ring
  Epochs:     20
  Batch/rank: 128
  LR:         0.001
================================================================================


================================================================================
DISTRIBUTED TRAINING LAUNCHER
================================================================================
  Model:      resnext101_32x8d (CIFAR stem) (pretrained)
  Dataset:    cifar10 (10 classes)
  Backend:    mpi
  Algorithm:  ring
  Epochs:     20
  Batch/rank: 128
  LR:         0.001
================================================================================

  Batch [50/98] Loss: 2.3111, Acc: 11.06%
[Epoch 1] Train Loss: 2.3110, Acc: 10.91%  |  Val Loss: 2.3159, Acc: 10.72%  |  Time: 20.9s
  -> Best model saved (10.72%)
[Epoch 1] Summarizing hook timing...

[HOOK_TIMING_SUMMARY] epoch=1
[HOOK_WORK_SUMMARY] label=mpi:ring calls=1250 work_total_ms=14730.857 work_mean_ms=11.785 work_min_ms=0.721 work_max_ms=138.846
[HOOK_TAIL_SUMMARY] label=mpi:ring steps=99 tail_total_ms=8596.445 tail_mean_ms=86.833 tail_min_ms=3.207 tail_max_ms=138.831
[Epoch 1] Hook timing summary done

[Epoch 2] Training... (lr=0.000201)
  Batch [50/98] Loss: 2.3050, Acc: 12.00%
[Epoch 2] Train Loss: 2.2965, Acc: 12.77%  |  Val Loss: 2.2767, Acc: 16.04%  |  Time: 18.3s
  -> Best model saved (16.04%)
[Epoch 2] Summarizing hook timing...

[HOOK_TIMING_SUMMARY] epoch=2
[HOOK_WORK_SUMMARY] label=mpi:ring calls=1274 work_total_ms=14908.917 work_mean_ms=11.702 work_min_ms=0.699 work_max_ms=139.813
[HOOK_TAIL_SUMMARY] label=mpi:ring steps=98 tail_total_ms=8637.995 tail_mean_ms=88.143 tail_min_ms=74.763 tail_max_ms=89.737
[Epoch 2] Hook timing summary done

[Epoch 3] Training... (lr=0.000401)
  Batch [50/98] Loss: 2.2669, Acc: 16.59%
[Epoch 3] Train Loss: 2.2503, Acc: 18.86%  |  Val Loss: 2.2108, Acc: 24.44%  |  Time: 18.3s
  -> Best model saved (24.44%)
[Epoch 3] Summarizing hook timing...

[HOOK_TIMING_SUMMARY] epoch=3
[HOOK_WORK_SUMMARY] label=mpi:ring calls=1274 work_total_ms=14849.409 work_mean_ms=11.656 work_min_ms=0.708 work_max_ms=138.162
[HOOK_TAIL_SUMMARY] label=mpi:ring steps=98 tail_total_ms=8583.674 tail_mean_ms=87.589 tail_min_ms=75.046 tail_max_ms=88.023
[Epoch 3] Hook timing summary done

[Epoch 4] Training... (lr=0.000600)
  Batch [50/98] Loss: 2.1926, Acc: 25.22%
[Epoch 4] Train Loss: 2.1668, Acc: 27.25%  |  Val Loss: 2.0955, Acc: 33.68%  |  Time: 18.3s
  -> Best model saved (33.68%)
[Epoch 4] Summarizing hook timing...

[HOOK_TIMING_SUMMARY] epoch=4
[HOOK_WORK_SUMMARY] label=mpi:ring calls=1274 work_total_ms=14915.105 work_mean_ms=11.707 work_min_ms=0.716 work_max_ms=138.839
[HOOK_TAIL_SUMMARY] label=mpi:ring steps=98 tail_total_ms=8609.756 tail_mean_ms=87.855 tail_min_ms=74.915 tail_max_ms=88.258
[Epoch 4] Hook timing summary done

[Epoch 5] Training... (lr=0.000800)
  Batch [50/98] Loss: 2.0706, Acc: 34.73%
[Epoch 5] Train Loss: 2.0413, Acc: 35.81%  |  Val Loss: 1.9449, Acc: 40.08%  |  Time: 18.3s
  -> Best model saved (40.08%)
[Epoch 5] Summarizing hook timing...

[HOOK_TIMING_SUMMARY] epoch=5
[HOOK_WORK_SUMMARY] label=mpi:ring calls=1274 work_total_ms=14912.282 work_mean_ms=11.705 work_min_ms=0.714 work_max_ms=138.883
[HOOK_TAIL_SUMMARY] label=mpi:ring steps=98 tail_total_ms=8601.644 tail_mean_ms=87.772 tail_min_ms=74.731 tail_max_ms=88.299
[Epoch 5] Hook timing summary done

[Epoch 6] Training... (lr=0.001000)
  Batch [50/98] Loss: 1.9223, Acc: 40.02%
[Epoch 6] Train Loss: 1.8798, Acc: 41.75%  |  Val Loss: 1.7612, Acc: 46.72%  |  Time: 18.4s
  -> Best model saved (46.72%)
[Epoch 6] Summarizing hook timing...

[HOOK_TIMING_SUMMARY] epoch=6
[HOOK_WORK_SUMMARY] label=mpi:ring calls=1274 work_total_ms=14943.612 work_mean_ms=11.730 work_min_ms=0.705 work_max_ms=139.540
[HOOK_TAIL_SUMMARY] label=mpi:ring steps=98 tail_total_ms=8655.805 tail_mean_ms=88.325 tail_min_ms=75.614 tail_max_ms=88.957
[Epoch 6] Hook timing summary done

[Epoch 7] Training... (lr=0.000989)
  Batch [50/98] Loss: 1.7511, Acc: 46.28%
[Epoch 7] Train Loss: 1.7109, Acc: 47.38%  |  Val Loss: 1.6098, Acc: 50.60%  |  Time: 18.4s
  -> Best model saved (50.60%)
[Epoch 7] Summarizing hook timing...

[HOOK_TIMING_SUMMARY] epoch=7
[HOOK_WORK_SUMMARY] label=mpi:ring calls=1274 work_total_ms=14915.187 work_mean_ms=11.707 work_min_ms=0.710 work_max_ms=139.251
[HOOK_TAIL_SUMMARY] label=mpi:ring steps=98 tail_total_ms=8620.320 tail_mean_ms=87.962 tail_min_ms=75.299 tail_max_ms=88.773
[Epoch 7] Hook timing summary done

[Epoch 8] Training... (lr=0.000957)
  Batch [50/98] Loss: 1.5935, Acc: 50.62%
[Epoch 8] Train Loss: 1.5586, Acc: 51.66%  |  Val Loss: 1.4688, Acc: 54.92%  |  Time: 18.3s
  -> Best model saved (54.92%)
[Epoch 8] Summarizing hook timing...

[HOOK_TIMING_SUMMARY] epoch=8
[HOOK_WORK_SUMMARY] label=mpi:ring calls=1274 work_total_ms=14829.695 work_mean_ms=11.640 work_min_ms=0.710 work_max_ms=138.206
[HOOK_TAIL_SUMMARY] label=mpi:ring steps=98 tail_total_ms=8569.989 tail_mean_ms=87.449 tail_min_ms=74.573 tail_max_ms=88.072
[Epoch 8] Hook timing summary done

[Epoch 9] Training... (lr=0.000905)
  Batch [50/98] Loss: 1.4631, Acc: 54.38%
[Epoch 9] Train Loss: 1.4247, Acc: 55.54%  |  Val Loss: 1.3355, Acc: 58.88%  |  Time: 18.4s
  -> Best model saved (58.88%)
[Epoch 9] Summarizing hook timing...

[HOOK_TIMING_SUMMARY] epoch=9
[HOOK_WORK_SUMMARY] label=mpi:ring calls=1274 work_total_ms=14942.004 work_mean_ms=11.728 work_min_ms=0.700 work_max_ms=139.594
[HOOK_TAIL_SUMMARY] label=mpi:ring steps=98 tail_total_ms=8650.526 tail_mean_ms=88.271 tail_min_ms=75.306 tail_max_ms=89.176
[Epoch 9] Hook timing summary done

[Epoch 10] Training... (lr=0.000835)
  Batch [50/98] Loss: 1.3273, Acc: 58.17%
[Epoch 10] Train Loss: 1.3062, Acc: 58.93%  |  Val Loss: 1.2389, Acc: 62.56%  |  Time: 18.3s
  -> Best model saved (62.56%)
[Epoch 10] Summarizing hook timing...

[HOOK_TIMING_SUMMARY] epoch=10
[HOOK_WORK_SUMMARY] label=mpi:ring calls=1274 work_total_ms=14948.336 work_mean_ms=11.733 work_min_ms=0.708 work_max_ms=139.272
[HOOK_TAIL_SUMMARY] label=mpi:ring steps=98 tail_total_ms=8636.539 tail_mean_ms=88.128 tail_min_ms=76.123 tail_max_ms=88.860
[Epoch 10] Hook timing summary done

[Epoch 11] Training... (lr=0.000750)
  Batch [50/98] Loss: 1.2432, Acc: 60.64%
[Epoch 11] Train Loss: 1.2102, Acc: 61.79%  |  Val Loss: 1.1475, Acc: 64.24%  |  Time: 18.4s
  -> Best model saved (64.24%)
[Epoch 11] Summarizing hook timing...

[HOOK_TIMING_SUMMARY] epoch=11
[HOOK_WORK_SUMMARY] label=mpi:ring calls=1274 work_total_ms=14981.420 work_mean_ms=11.759 work_min_ms=0.727 work_max_ms=139.531
[HOOK_TAIL_SUMMARY] label=mpi:ring steps=98 tail_total_ms=8670.507 tail_mean_ms=88.475 tail_min_ms=75.471 tail_max_ms=88.959
[Epoch 11] Hook timing summary done

[Epoch 12] Training... (lr=0.000655)
  Batch [50/98] Loss: 1.1512, Acc: 63.05%
[Epoch 12] Train Loss: 1.1367, Acc: 63.69%  |  Val Loss: 1.0738, Acc: 67.24%  |  Time: 18.3s
  -> Best model saved (67.24%)
[Epoch 12] Summarizing hook timing...

[HOOK_TIMING_SUMMARY] epoch=12
[HOOK_WORK_SUMMARY] label=mpi:ring calls=1274 work_total_ms=14869.558 work_mean_ms=11.672 work_min_ms=0.698 work_max_ms=139.106
[HOOK_TAIL_SUMMARY] label=mpi:ring steps=98 tail_total_ms=8581.104 tail_mean_ms=87.562 tail_min_ms=74.512 tail_max_ms=88.947
[Epoch 12] Hook timing summary done

[Epoch 13] Training... (lr=0.000552)
  Batch [50/98] Loss: 1.0958, Acc: 64.67%
[Epoch 13] Train Loss: 1.0732, Acc: 65.51%  |  Val Loss: 1.0222, Acc: 67.76%  |  Time: 18.3s
  -> Best model saved (67.76%)
[Epoch 13] Summarizing hook timing...

[HOOK_TIMING_SUMMARY] epoch=13
[HOOK_WORK_SUMMARY] label=mpi:ring calls=1274 work_total_ms=14890.278 work_mean_ms=11.688 work_min_ms=0.706 work_max_ms=138.738
[HOOK_TAIL_SUMMARY] label=mpi:ring steps=98 tail_total_ms=8607.597 tail_mean_ms=87.833 tail_min_ms=75.351 tail_max_ms=88.553
[Epoch 13] Hook timing summary done

[Epoch 14] Training... (lr=0.000448)
  Batch [50/98] Loss: 1.0326, Acc: 67.00%
[Epoch 14] Train Loss: 1.0276, Acc: 66.73%  |  Val Loss: 0.9740, Acc: 69.36%  |  Time: 18.3s
  -> Best model saved (69.36%)
[Epoch 14] Summarizing hook timing...

[HOOK_TIMING_SUMMARY] epoch=14
[HOOK_WORK_SUMMARY] label=mpi:ring calls=1274 work_total_ms=14835.570 work_mean_ms=11.645 work_min_ms=0.721 work_max_ms=137.895
[HOOK_TAIL_SUMMARY] label=mpi:ring steps=98 tail_total_ms=8547.607 tail_mean_ms=87.220 tail_min_ms=74.861 tail_max_ms=87.925
[Epoch 14] Hook timing summary done

[Epoch 15] Training... (lr=0.000345)
  Batch [50/98] Loss: 1.0175, Acc: 66.64%
[Epoch 15] Train Loss: 1.0022, Acc: 67.11%  |  Val Loss: 0.9420, Acc: 70.52%  |  Time: 18.3s
  -> Best model saved (70.52%)
[Epoch 15] Summarizing hook timing...

[HOOK_TIMING_SUMMARY] epoch=15
[HOOK_WORK_SUMMARY] label=mpi:ring calls=1274 work_total_ms=14841.966 work_mean_ms=11.650 work_min_ms=0.705 work_max_ms=139.166
[HOOK_TAIL_SUMMARY] label=mpi:ring steps=98 tail_total_ms=8570.026 tail_mean_ms=87.449 tail_min_ms=74.378 tail_max_ms=89.165
[Epoch 15] Hook timing summary done

[Epoch 16] Training... (lr=0.000250)
  Batch [50/98] Loss: 0.9735, Acc: 68.83%
[Epoch 16] Train Loss: 0.9659, Acc: 69.06%  |  Val Loss: 0.9184, Acc: 71.52%  |  Time: 18.3s
  -> Best model saved (71.52%)
[Epoch 16] Summarizing hook timing...

[HOOK_TIMING_SUMMARY] epoch=16
[HOOK_WORK_SUMMARY] label=mpi:ring calls=1274 work_total_ms=14807.563 work_mean_ms=11.623 work_min_ms=0.715 work_max_ms=137.703
[HOOK_TAIL_SUMMARY] label=mpi:ring steps=98 tail_total_ms=8541.512 tail_mean_ms=87.158 tail_min_ms=74.432 tail_max_ms=87.817
[Epoch 16] Hook timing summary done

[Epoch 17] Training... (lr=0.000165)
  Batch [50/98] Loss: 0.9606, Acc: 68.41%
[Epoch 17] Train Loss: 0.9584, Acc: 68.59%  |  Val Loss: 0.9075, Acc: 71.36%  |  Time: 18.3s
[Epoch 17] Summarizing hook timing...

[HOOK_TIMING_SUMMARY] epoch=17
[HOOK_WORK_SUMMARY] label=mpi:ring calls=1274 work_total_ms=14832.563 work_mean_ms=11.643 work_min_ms=0.675 work_max_ms=138.949
[HOOK_TAIL_SUMMARY] label=mpi:ring steps=98 tail_total_ms=8571.132 tail_mean_ms=87.461 tail_min_ms=74.773 tail_max_ms=88.683
[Epoch 17] Hook timing summary done

[Epoch 18] Training... (lr=0.000095)
  Batch [50/98] Loss: 0.9388, Acc: 69.61%
[Epoch 18] Train Loss: 0.9496, Acc: 68.80%  |  Val Loss: 0.9048, Acc: 71.92%  |  Time: 18.4s
  -> Best model saved (71.92%)
[Epoch 18] Summarizing hook timing...

[HOOK_TIMING_SUMMARY] epoch=18
[HOOK_WORK_SUMMARY] label=mpi:ring calls=1274 work_total_ms=14922.213 work_mean_ms=11.713 work_min_ms=0.698 work_max_ms=139.071
[HOOK_TAIL_SUMMARY] label=mpi:ring steps=98 tail_total_ms=8626.980 tail_mean_ms=88.030 tail_min_ms=74.355 tail_max_ms=89.016
[Epoch 18] Hook timing summary done

[Epoch 19] Training... (lr=0.000043)
  Batch [50/98] Loss: 0.9427, Acc: 69.59%
[Epoch 19] Train Loss: 0.9383, Acc: 69.79%  |  Val Loss: 0.8998, Acc: 71.56%  |  Time: 18.3s
[Epoch 19] Summarizing hook timing...

[HOOK_TIMING_SUMMARY] epoch=19
[HOOK_WORK_SUMMARY] label=mpi:ring calls=1274 work_total_ms=14926.374 work_mean_ms=11.716 work_min_ms=0.716 work_max_ms=138.978
[HOOK_TAIL_SUMMARY] label=mpi:ring steps=98 tail_total_ms=8627.048 tail_mean_ms=88.031 tail_min_ms=75.448 tail_max_ms=88.608
[Epoch 19] Hook timing summary done

[Epoch 20] Training... (lr=0.000011)
  Batch [50/98] Loss: 0.9168, Acc: 70.38%
[Epoch 20] Train Loss: 0.9371, Acc: 69.50%  |  Val Loss: 0.8962, Acc: 72.08%  |  Time: 18.4s
  -> Best model saved (72.08%)
[Epoch 20] Summarizing hook timing...

[HOOK_TIMING_SUMMARY] epoch=20
[HOOK_WORK_SUMMARY] label=mpi:ring calls=1274 work_total_ms=14831.938 work_mean_ms=11.642 work_min_ms=0.710 work_max_ms=159.944
[HOOK_TAIL_SUMMARY] label=mpi:ring steps=98 tail_total_ms=8597.469 tail_mean_ms=87.729 tail_min_ms=74.662 tail_max_ms=118.221
[Epoch 20] Hook timing summary done

================================================================================
Done in 390.4s | Best val acc: 72.08%
Epoch times: mean=18.5s  min=18.3s  max=20.9s
================================================================================
=== Finished training: backend=mpi, hook=ring, zfp_rate=none, status=0 at Fri May 22 04:31:51 PM UTC 2026 ===
=== Starting training: backend=mpi, hook=ring_zfp_naive, zfp_rate=16 at Fri May 22 04:31:51 PM UTC 2026 ===

================================================================================
DISTRIBUTED TRAINING LAUNCHER
================================================================================
  Model:      resnext101_32x8d (CIFAR stem) (pretrained)
  Dataset:    cifar10 (10 classes)
  Backend:    mpi
  Algorithm:  ring_zfp_naive
  ZFP rate:   16
  Epochs:     20
  Batch/rank: 128
  LR:         0.001
================================================================================


================================================================================
Distributed Training: RESNEXT101_32X8D on CIFAR10
Backend: MPI, Algorithm: ring_zfp_naive
================================================================================
Ranks: 4, Epochs: 20, Batch/rank: 128, Effective batch: 512
LR: 0.001, Device: cuda:0

[Setup] Model on cuda:0, wrapped in DDP (static_graph=True)
[Setup] Hook registered: mpi/ring_zfp_naive

================================================================================
DISTRIBUTED TRAINING LAUNCHER
================================================================================
  Model:      resnext101_32x8d (CIFAR stem) (pretrained)
  Dataset:    cifar10 (10 classes)
  Backend:    mpi
  Algorithm:  ring_zfp_naive
  ZFP rate:   16
  Epochs:     20
  Batch/rank: 128
  LR:         0.001
================================================================================

[Data] Train batches: 98, Val batches: 20


[Epoch 1] Training... (lr=0.000001)

================================================================================
DISTRIBUTED TRAINING LAUNCHER
================================================================================
  Model:      resnext101_32x8d (CIFAR stem) (pretrained)
  Dataset:    cifar10 (10 classes)
  Backend:    mpi
  Algorithm:  ring_zfp_naive
  ZFP rate:   16
  Epochs:     20
  Batch/rank: 128
  LR:         0.001
================================================================================


================================================================================
DISTRIBUTED TRAINING LAUNCHER
================================================================================
  Model:      resnext101_32x8d (CIFAR stem) (pretrained)
  Dataset:    cifar10 (10 classes)
  Backend:    mpi
  Algorithm:  ring_zfp_naive
  ZFP rate:   16
  Epochs:     20
  Batch/rank: 128
  LR:         0.001
================================================================================

  Batch [50/98] Loss: 2.3110, Acc: 11.08%
[Epoch 1] Train Loss: 2.3109, Acc: 10.94%  |  Val Loss: 2.3159, Acc: 10.68%  |  Time: 22.8s
  -> Best model saved (10.68%)
[Epoch 1] Summarizing hook timing...

[HOOK_TIMING_SUMMARY] epoch=1
[HOOK_WORK_SUMMARY] label=mpi:ring_zfp_naive:rate16 calls=1250 work_total_ms=16408.545 work_mean_ms=13.127 work_min_ms=1.566 work_max_ms=140.376
[HOOK_TAIL_SUMMARY] label=mpi:ring_zfp_naive:rate16 steps=99 tail_total_ms=10376.754 tail_mean_ms=104.816 tail_min_ms=2.568 tail_max_ms=140.722
[Epoch 1] Hook timing summary done

[Epoch 2] Training... (lr=0.000201)
  Batch [50/98] Loss: 2.3050, Acc: 11.64%
[Epoch 2] Train Loss: 2.2965, Acc: 12.71%  |  Val Loss: 2.2774, Acc: 16.00%  |  Time: 20.0s
  -> Best model saved (16.00%)
[Epoch 2] Summarizing hook timing...

[HOOK_TIMING_SUMMARY] epoch=2
[HOOK_WORK_SUMMARY] label=mpi:ring_zfp_naive:rate16 calls=1274 work_total_ms=16468.114 work_mean_ms=12.926 work_min_ms=1.567 work_max_ms=139.782
[HOOK_TAIL_SUMMARY] label=mpi:ring_zfp_naive:rate16 steps=98 tail_total_ms=10256.507 tail_mean_ms=104.658 tail_min_ms=93.712 tail_max_ms=105.720
[Epoch 2] Hook timing summary done

[Epoch 3] Training... (lr=0.000401)
  Batch [50/98] Loss: 2.2672, Acc: 16.55%
[Epoch 3] Train Loss: 2.2507, Acc: 18.72%  |  Val Loss: 2.2099, Acc: 24.48%  |  Time: 20.0s
  -> Best model saved (24.48%)
[Epoch 3] Summarizing hook timing...

[HOOK_TIMING_SUMMARY] epoch=3
[HOOK_WORK_SUMMARY] label=mpi:ring_zfp_naive:rate16 calls=1274 work_total_ms=16525.212 work_mean_ms=12.971 work_min_ms=1.554 work_max_ms=139.704
[HOOK_TAIL_SUMMARY] label=mpi:ring_zfp_naive:rate16 steps=98 tail_total_ms=10272.111 tail_mean_ms=104.817 tail_min_ms=93.724 tail_max_ms=105.717
[Epoch 3] Hook timing summary done

[Epoch 4] Training... (lr=0.000600)
  Batch [50/98] Loss: 2.1932, Acc: 25.53%
[Epoch 4] Train Loss: 2.1671, Acc: 27.57%  |  Val Loss: 2.0970, Acc: 33.84%  |  Time: 20.1s
  -> Best model saved (33.84%)
[Epoch 4] Summarizing hook timing...

[HOOK_TIMING_SUMMARY] epoch=4
[HOOK_WORK_SUMMARY] label=mpi:ring_zfp_naive:rate16 calls=1274 work_total_ms=16555.572 work_mean_ms=12.995 work_min_ms=1.563 work_max_ms=140.528
[HOOK_TAIL_SUMMARY] label=mpi:ring_zfp_naive:rate16 steps=98 tail_total_ms=10328.856 tail_mean_ms=105.396 tail_min_ms=93.950 tail_max_ms=106.394
[Epoch 4] Hook timing summary done

[Epoch 5] Training... (lr=0.000800)
  Batch [50/98] Loss: 2.0718, Acc: 34.48%
[Epoch 5] Train Loss: 2.0406, Acc: 35.63%  |  Val Loss: 1.9435, Acc: 40.44%  |  Time: 20.1s
  -> Best model saved (40.44%)
[Epoch 5] Summarizing hook timing...

[HOOK_TIMING_SUMMARY] epoch=5
[HOOK_WORK_SUMMARY] label=mpi:ring_zfp_naive:rate16 calls=1274 work_total_ms=16507.602 work_mean_ms=12.957 work_min_ms=1.565 work_max_ms=139.415
[HOOK_TAIL_SUMMARY] label=mpi:ring_zfp_naive:rate16 steps=98 tail_total_ms=10292.305 tail_mean_ms=105.024 tail_min_ms=93.419 tail_max_ms=105.750
[Epoch 5] Hook timing summary done

[Epoch 6] Training... (lr=0.001000)
  Batch [50/98] Loss: 1.9166, Acc: 40.45%
[Epoch 6] Train Loss: 1.8728, Acc: 41.84%  |  Val Loss: 1.7573, Acc: 46.96%  |  Time: 20.1s
  -> Best model saved (46.96%)
[Epoch 6] Summarizing hook timing...

[HOOK_TIMING_SUMMARY] epoch=6
[HOOK_WORK_SUMMARY] label=mpi:ring_zfp_naive:rate16 calls=1274 work_total_ms=16485.085 work_mean_ms=12.940 work_min_ms=1.551 work_max_ms=139.563
[HOOK_TAIL_SUMMARY] label=mpi:ring_zfp_naive:rate16 steps=98 tail_total_ms=10256.617 tail_mean_ms=104.659 tail_min_ms=93.184 tail_max_ms=105.782
[Epoch 6] Hook timing summary done

[Epoch 7] Training... (lr=0.000989)
  Batch [50/98] Loss: 1.7469, Acc: 46.75%
[Epoch 7] Train Loss: 1.7077, Acc: 48.07%  |  Val Loss: 1.6033, Acc: 50.96%  |  Time: 20.1s
  -> Best model saved (50.96%)
[Epoch 7] Summarizing hook timing...

[HOOK_TIMING_SUMMARY] epoch=7
[HOOK_WORK_SUMMARY] label=mpi:ring_zfp_naive:rate16 calls=1274 work_total_ms=16514.361 work_mean_ms=12.963 work_min_ms=1.579 work_max_ms=139.789
[HOOK_TAIL_SUMMARY] label=mpi:ring_zfp_naive:rate16 steps=98 tail_total_ms=10292.352 tail_mean_ms=105.024 tail_min_ms=93.393 tail_max_ms=106.400
[Epoch 7] Hook timing summary done

[Epoch 8] Training... (lr=0.000957)
  Batch [50/98] Loss: 1.5925, Acc: 50.66%
[Epoch 8] Train Loss: 1.5582, Acc: 51.70%  |  Val Loss: 1.4696, Acc: 54.68%  |  Time: 20.1s
  -> Best model saved (54.68%)
[Epoch 8] Summarizing hook timing...

[HOOK_TIMING_SUMMARY] epoch=8
[HOOK_WORK_SUMMARY] label=mpi:ring_zfp_naive:rate16 calls=1274 work_total_ms=16516.203 work_mean_ms=12.964 work_min_ms=1.540 work_max_ms=140.161
[HOOK_TAIL_SUMMARY] label=mpi:ring_zfp_naive:rate16 steps=98 tail_total_ms=10297.656 tail_mean_ms=105.078 tail_min_ms=92.987 tail_max_ms=106.112
[Epoch 8] Hook timing summary done

[Epoch 9] Training... (lr=0.000905)
  Batch [50/98] Loss: 1.4604, Acc: 54.45%
[Epoch 9] Train Loss: 1.4226, Acc: 55.47%  |  Val Loss: 1.3452, Acc: 58.84%  |  Time: 20.1s
  -> Best model saved (58.84%)
[Epoch 9] Summarizing hook timing...

[HOOK_TIMING_SUMMARY] epoch=9
[HOOK_WORK_SUMMARY] label=mpi:ring_zfp_naive:rate16 calls=1274 work_total_ms=16554.809 work_mean_ms=12.994 work_min_ms=1.570 work_max_ms=140.256
[HOOK_TAIL_SUMMARY] label=mpi:ring_zfp_naive:rate16 steps=98 tail_total_ms=10321.355 tail_mean_ms=105.320 tail_min_ms=93.759 tail_max_ms=106.398
[Epoch 9] Hook timing summary done

[Epoch 10] Training... (lr=0.000835)
  Batch [50/98] Loss: 1.3226, Acc: 58.80%
[Epoch 10] Train Loss: 1.3025, Acc: 59.17%  |  Val Loss: 1.2310, Acc: 61.80%  |  Time: 20.1s
  -> Best model saved (61.80%)
[Epoch 10] Summarizing hook timing...

[HOOK_TIMING_SUMMARY] epoch=10
[HOOK_WORK_SUMMARY] label=mpi:ring_zfp_naive:rate16 calls=1274 work_total_ms=16530.829 work_mean_ms=12.976 work_min_ms=1.551 work_max_ms=140.218
[HOOK_TAIL_SUMMARY] label=mpi:ring_zfp_naive:rate16 steps=98 tail_total_ms=10328.659 tail_mean_ms=105.394 tail_min_ms=93.817 tail_max_ms=106.522
[Epoch 10] Hook timing summary done

[Epoch 11] Training... (lr=0.000750)
  Batch [50/98] Loss: 1.2359, Acc: 60.89%
[Epoch 11] Train Loss: 1.2074, Acc: 61.62%  |  Val Loss: 1.1431, Acc: 64.72%  |  Time: 20.0s
  -> Best model saved (64.72%)
[Epoch 11] Summarizing hook timing...

[HOOK_TIMING_SUMMARY] epoch=11
[HOOK_WORK_SUMMARY] label=mpi:ring_zfp_naive:rate16 calls=1274 work_total_ms=16475.628 work_mean_ms=12.932 work_min_ms=1.562 work_max_ms=140.099
[HOOK_TAIL_SUMMARY] label=mpi:ring_zfp_naive:rate16 steps=98 tail_total_ms=10239.295 tail_mean_ms=104.483 tail_min_ms=93.191 tail_max_ms=106.159
[Epoch 11] Hook timing summary done

[Epoch 12] Training... (lr=0.000655)
  Batch [50/98] Loss: 1.1536, Acc: 63.97%
[Epoch 12] Train Loss: 1.1348, Acc: 64.31%  |  Val Loss: 1.0690, Acc: 66.64%  |  Time: 20.1s
  -> Best model saved (66.64%)
[Epoch 12] Summarizing hook timing...

[HOOK_TIMING_SUMMARY] epoch=12
[HOOK_WORK_SUMMARY] label=mpi:ring_zfp_naive:rate16 calls=1274 work_total_ms=16527.816 work_mean_ms=12.973 work_min_ms=1.557 work_max_ms=139.717
[HOOK_TAIL_SUMMARY] label=mpi:ring_zfp_naive:rate16 steps=98 tail_total_ms=10296.805 tail_mean_ms=105.069 tail_min_ms=93.384 tail_max_ms=105.813
[Epoch 12] Hook timing summary done

[Epoch 13] Training... (lr=0.000552)
  Batch [50/98] Loss: 1.0926, Acc: 65.31%
[Epoch 13] Train Loss: 1.0693, Acc: 65.98%  |  Val Loss: 1.0223, Acc: 68.24%  |  Time: 20.0s
  -> Best model saved (68.24%)
[Epoch 13] Summarizing hook timing...

[HOOK_TIMING_SUMMARY] epoch=13
[HOOK_WORK_SUMMARY] label=mpi:ring_zfp_naive:rate16 calls=1274 work_total_ms=16464.195 work_mean_ms=12.923 work_min_ms=1.574 work_max_ms=140.127
[HOOK_TAIL_SUMMARY] label=mpi:ring_zfp_naive:rate16 steps=98 tail_total_ms=10251.430 tail_mean_ms=104.606 tail_min_ms=93.503 tail_max_ms=106.160
[Epoch 13] Hook timing summary done

[Epoch 14] Training... (lr=0.000448)
  Batch [50/98] Loss: 1.0308, Acc: 66.64%
[Epoch 14] Train Loss: 1.0273, Acc: 66.81%  |  Val Loss: 0.9778, Acc: 69.44%  |  Time: 20.1s
  -> Best model saved (69.44%)
[Epoch 14] Summarizing hook timing...

[HOOK_TIMING_SUMMARY] epoch=14
[HOOK_WORK_SUMMARY] label=mpi:ring_zfp_naive:rate16 calls=1274 work_total_ms=16582.407 work_mean_ms=13.016 work_min_ms=1.564 work_max_ms=140.351
[HOOK_TAIL_SUMMARY] label=mpi:ring_zfp_naive:rate16 steps=98 tail_total_ms=10333.769 tail_mean_ms=105.447 tail_min_ms=93.901 tail_max_ms=106.170
[Epoch 14] Hook timing summary done

[Epoch 15] Training... (lr=0.000345)
  Batch [50/98] Loss: 1.0199, Acc: 66.64%
[Epoch 15] Train Loss: 1.0053, Acc: 67.29%  |  Val Loss: 0.9516, Acc: 70.36%  |  Time: 20.1s
  -> Best model saved (70.36%)
[Epoch 15] Summarizing hook timing...

[HOOK_TIMING_SUMMARY] epoch=15
[HOOK_WORK_SUMMARY] label=mpi:ring_zfp_naive:rate16 calls=1274 work_total_ms=16575.030 work_mean_ms=13.010 work_min_ms=1.550 work_max_ms=140.294
[HOOK_TAIL_SUMMARY] label=mpi:ring_zfp_naive:rate16 steps=98 tail_total_ms=10326.350 tail_mean_ms=105.371 tail_min_ms=94.037 tail_max_ms=106.273
[Epoch 15] Hook timing summary done

[Epoch 16] Training... (lr=0.000250)
  Batch [50/98] Loss: 0.9678, Acc: 69.09%
[Epoch 16] Train Loss: 0.9626, Acc: 69.20%  |  Val Loss: 0.9286, Acc: 70.96%  |  Time: 20.1s
  -> Best model saved (70.96%)
[Epoch 16] Summarizing hook timing...

[HOOK_TIMING_SUMMARY] epoch=16
[HOOK_WORK_SUMMARY] label=mpi:ring_zfp_naive:rate16 calls=1274 work_total_ms=16574.128 work_mean_ms=13.010 work_min_ms=1.539 work_max_ms=140.916
[HOOK_TAIL_SUMMARY] label=mpi:ring_zfp_naive:rate16 steps=98 tail_total_ms=10336.034 tail_mean_ms=105.470 tail_min_ms=93.951 tail_max_ms=107.003
[Epoch 16] Hook timing summary done

[Epoch 17] Training... (lr=0.000165)
  Batch [50/98] Loss: 0.9635, Acc: 68.56%
[Epoch 17] Train Loss: 0.9598, Acc: 68.62%  |  Val Loss: 0.9150, Acc: 71.36%  |  Time: 20.0s
  -> Best model saved (71.36%)
[Epoch 17] Summarizing hook timing...

[HOOK_TIMING_SUMMARY] epoch=17
[HOOK_WORK_SUMMARY] label=mpi:ring_zfp_naive:rate16 calls=1274 work_total_ms=16474.920 work_mean_ms=12.932 work_min_ms=1.558 work_max_ms=139.295
[HOOK_TAIL_SUMMARY] label=mpi:ring_zfp_naive:rate16 steps=98 tail_total_ms=10258.267 tail_mean_ms=104.676 tail_min_ms=93.595 tail_max_ms=105.773
[Epoch 17] Hook timing summary done

[Epoch 18] Training... (lr=0.000095)
  Batch [50/98] Loss: 0.9417, Acc: 69.56%
[Epoch 18] Train Loss: 0.9501, Acc: 69.02%  |  Val Loss: 0.9136, Acc: 70.96%  |  Time: 20.1s
[Epoch 18] Summarizing hook timing...

[HOOK_TIMING_SUMMARY] epoch=18
[HOOK_WORK_SUMMARY] label=mpi:ring_zfp_naive:rate16 calls=1274 work_total_ms=16608.569 work_mean_ms=13.037 work_min_ms=1.571 work_max_ms=140.294
[HOOK_TAIL_SUMMARY] label=mpi:ring_zfp_naive:rate16 steps=98 tail_total_ms=10352.806 tail_mean_ms=105.641 tail_min_ms=94.082 tail_max_ms=106.057
[Epoch 18] Hook timing summary done

[Epoch 19] Training... (lr=0.000043)
  Batch [50/98] Loss: 0.9483, Acc: 69.47%
[Epoch 19] Train Loss: 0.9416, Acc: 69.66%  |  Val Loss: 0.9057, Acc: 71.44%  |  Time: 20.1s
  -> Best model saved (71.44%)
[Epoch 19] Summarizing hook timing...

[HOOK_TIMING_SUMMARY] epoch=19
[HOOK_WORK_SUMMARY] label=mpi:ring_zfp_naive:rate16 calls=1274 work_total_ms=16537.237 work_mean_ms=12.981 work_min_ms=1.550 work_max_ms=140.952
[HOOK_TAIL_SUMMARY] label=mpi:ring_zfp_naive:rate16 steps=98 tail_total_ms=10314.296 tail_mean_ms=105.248 tail_min_ms=93.172 tail_max_ms=106.920
[Epoch 19] Hook timing summary done

[Epoch 20] Training... (lr=0.000011)
  Batch [50/98] Loss: 0.9145, Acc: 70.50%
[Epoch 20] Train Loss: 0.9392, Acc: 69.11%  |  Val Loss: 0.9032, Acc: 72.16%  |  Time: 20.0s
  -> Best model saved (72.16%)
[Epoch 20] Summarizing hook timing...

[HOOK_TIMING_SUMMARY] epoch=20
[HOOK_WORK_SUMMARY] label=mpi:ring_zfp_naive:rate16 calls=1274 work_total_ms=16497.692 work_mean_ms=12.950 work_min_ms=1.551 work_max_ms=139.357
[HOOK_TAIL_SUMMARY] label=mpi:ring_zfp_naive:rate16 steps=98 tail_total_ms=10284.144 tail_mean_ms=104.940 tail_min_ms=93.213 tail_max_ms=105.530
[Epoch 20] Hook timing summary done

================================================================================
Done in 426.2s | Best val acc: 72.16%
Epoch times: mean=20.2s  min=20.0s  max=22.8s
================================================================================
=== Finished training: backend=mpi, hook=ring_zfp_naive, zfp_rate=16, status=0 at Fri May 22 04:39:06 PM UTC 2026 ===
=== Starting training: backend=mpi, hook=ring_zfp_online_coll, zfp_rate=16 at Fri May 22 04:39:06 PM UTC 2026 ===

================================================================================
DISTRIBUTED TRAINING LAUNCHER
================================================================================
  Model:      resnext101_32x8d (CIFAR stem) (pretrained)
  Dataset:    cifar10 (10 classes)
  Backend:    mpi
  Algorithm:  ring_zfp_online_coll
  ZFP rate:   16
  Epochs:     20
  Batch/rank: 128
  LR:         0.001
================================================================================


================================================================================
Distributed Training: RESNEXT101_32X8D on CIFAR10
Backend: MPI, Algorithm: ring_zfp_online_coll
================================================================================
Ranks: 4, Epochs: 20, Batch/rank: 128, Effective batch: 512
LR: 0.001, Device: cuda:0

[Setup] Model on cuda:0, wrapped in DDP (static_graph=True)
[Setup] Hook registered: mpi/ring_zfp_online_coll

================================================================================
DISTRIBUTED TRAINING LAUNCHER
================================================================================
  Model:      resnext101_32x8d (CIFAR stem) (pretrained)
  Dataset:    cifar10 (10 classes)
  Backend:    mpi
  Algorithm:  ring_zfp_online_coll
  ZFP rate:   16
  Epochs:     20
  Batch/rank: 128
  LR:         0.001
================================================================================


================================================================================
DISTRIBUTED TRAINING LAUNCHER
================================================================================
  Model:      resnext101_32x8d (CIFAR stem) (pretrained)
  Dataset:    cifar10 (10 classes)
  Backend:    mpi
  Algorithm:  ring_zfp_online_coll
  ZFP rate:   16
  Epochs:     20
  Batch/rank: 128
  LR:         0.001
================================================================================

[Data] Train batches: 98, Val batches: 20


[Epoch 1] Training... (lr=0.000001)

================================================================================
DISTRIBUTED TRAINING LAUNCHER
================================================================================
  Model:      resnext101_32x8d (CIFAR stem) (pretrained)
  Dataset:    cifar10 (10 classes)
  Backend:    mpi
  Algorithm:  ring_zfp_online_coll
  ZFP rate:   16
  Epochs:     20
  Batch/rank: 128
  LR:         0.001
================================================================================

  Batch [50/98] Loss: 2.3110, Acc: 11.09%
[Epoch 1] Train Loss: 2.3109, Acc: 10.94%  |  Val Loss: 2.3159, Acc: 10.76%  |  Time: 21.6s
  -> Best model saved (10.76%)
[Epoch 1] Summarizing hook timing...

[HOOK_TIMING_SUMMARY] epoch=1
[HOOK_WORK_SUMMARY] label=mpi:ring_zfp_online_coll:rate16 calls=1250 work_total_ms=15325.399 work_mean_ms=12.260 work_min_ms=1.024 work_max_ms=138.026
[HOOK_TAIL_SUMMARY] label=mpi:ring_zfp_online_coll:rate16 steps=99 tail_total_ms=9252.742 tail_mean_ms=93.462 tail_min_ms=1.836 tail_max_ms=138.037
[Epoch 1] Hook timing summary done

[Epoch 2] Training... (lr=0.000201)
  Batch [50/98] Loss: 2.3048, Acc: 11.97%
[Epoch 2] Train Loss: 2.2966, Acc: 12.75%  |  Val Loss: 2.2764, Acc: 15.88%  |  Time: 18.9s
  -> Best model saved (15.88%)
[Epoch 2] Summarizing hook timing...

[HOOK_TIMING_SUMMARY] epoch=2
[HOOK_WORK_SUMMARY] label=mpi:ring_zfp_online_coll:rate16 calls=1274 work_total_ms=15434.184 work_mean_ms=12.115 work_min_ms=1.044 work_max_ms=137.865
[HOOK_TAIL_SUMMARY] label=mpi:ring_zfp_online_coll:rate16 steps=98 tail_total_ms=9193.323 tail_mean_ms=93.809 tail_min_ms=83.054 tail_max_ms=94.898
[Epoch 2] Hook timing summary done

[Epoch 3] Training... (lr=0.000401)
  Batch [50/98] Loss: 2.2669, Acc: 16.89%
[Epoch 3] Train Loss: 2.2504, Acc: 18.90%  |  Val Loss: 2.2098, Acc: 24.76%  |  Time: 19.0s
  -> Best model saved (24.76%)
[Epoch 3] Summarizing hook timing...

[HOOK_TIMING_SUMMARY] epoch=3
[HOOK_WORK_SUMMARY] label=mpi:ring_zfp_online_coll:rate16 calls=1274 work_total_ms=15441.602 work_mean_ms=12.121 work_min_ms=1.039 work_max_ms=137.964
[HOOK_TAIL_SUMMARY] label=mpi:ring_zfp_online_coll:rate16 steps=98 tail_total_ms=9176.297 tail_mean_ms=93.636 tail_min_ms=82.656 tail_max_ms=95.038
[Epoch 3] Hook timing summary done

[Epoch 4] Training... (lr=0.000600)
  Batch [50/98] Loss: 2.1942, Acc: 25.27%
[Epoch 4] Train Loss: 2.1667, Acc: 27.76%  |  Val Loss: 2.1001, Acc: 32.60%  |  Time: 19.0s
  -> Best model saved (32.60%)
[Epoch 4] Summarizing hook timing...

[HOOK_TIMING_SUMMARY] epoch=4
[HOOK_WORK_SUMMARY] label=mpi:ring_zfp_online_coll:rate16 calls=1274 work_total_ms=15456.922 work_mean_ms=12.133 work_min_ms=1.035 work_max_ms=137.918
[HOOK_TAIL_SUMMARY] label=mpi:ring_zfp_online_coll:rate16 steps=98 tail_total_ms=9199.757 tail_mean_ms=93.875 tail_min_ms=83.471 tail_max_ms=95.165
[Epoch 4] Hook timing summary done

[Epoch 5] Training... (lr=0.000800)
  Batch [50/98] Loss: 2.0736, Acc: 34.23%
[Epoch 5] Train Loss: 2.0432, Acc: 35.52%  |  Val Loss: 1.9430, Acc: 41.32%  |  Time: 19.0s
  -> Best model saved (41.32%)
[Epoch 5] Summarizing hook timing...

[HOOK_TIMING_SUMMARY] epoch=5
[HOOK_WORK_SUMMARY] label=mpi:ring_zfp_online_coll:rate16 calls=1274 work_total_ms=15536.462 work_mean_ms=12.195 work_min_ms=1.038 work_max_ms=137.924
[HOOK_TAIL_SUMMARY] label=mpi:ring_zfp_online_coll:rate16 steps=98 tail_total_ms=9264.180 tail_mean_ms=94.532 tail_min_ms=83.465 tail_max_ms=95.100
[Epoch 5] Hook timing summary done

[Epoch 6] Training... (lr=0.001000)
  Batch [50/98] Loss: 1.9184, Acc: 40.91%
[Epoch 6] Train Loss: 1.8730, Acc: 42.01%  |  Val Loss: 1.7613, Acc: 46.76%  |  Time: 19.0s
  -> Best model saved (46.76%)
[Epoch 6] Summarizing hook timing...

[HOOK_TIMING_SUMMARY] epoch=6
[HOOK_WORK_SUMMARY] label=mpi:ring_zfp_online_coll:rate16 calls=1274 work_total_ms=15457.475 work_mean_ms=12.133 work_min_ms=1.031 work_max_ms=137.877
[HOOK_TAIL_SUMMARY] label=mpi:ring_zfp_online_coll:rate16 steps=98 tail_total_ms=9203.264 tail_mean_ms=93.911 tail_min_ms=83.130 tail_max_ms=95.071
[Epoch 6] Hook timing summary done

[Epoch 7] Training... (lr=0.000989)
  Batch [50/98] Loss: 1.7502, Acc: 46.42%
[Epoch 7] Train Loss: 1.7067, Acc: 47.52%  |  Val Loss: 1.6049, Acc: 51.16%  |  Time: 19.0s
  -> Best model saved (51.16%)
[Epoch 7] Summarizing hook timing...

[HOOK_TIMING_SUMMARY] epoch=7
[HOOK_WORK_SUMMARY] label=mpi:ring_zfp_online_coll:rate16 calls=1274 work_total_ms=15461.921 work_mean_ms=12.137 work_min_ms=1.012 work_max_ms=137.821
[HOOK_TAIL_SUMMARY] label=mpi:ring_zfp_online_coll:rate16 steps=98 tail_total_ms=9213.109 tail_mean_ms=94.011 tail_min_ms=83.582 tail_max_ms=94.940
[Epoch 7] Hook timing summary done

[Epoch 8] Training... (lr=0.000957)
  Batch [50/98] Loss: 1.5878, Acc: 50.52%
[Epoch 8] Train Loss: 1.5531, Acc: 51.40%  |  Val Loss: 1.4624, Acc: 54.48%  |  Time: 19.0s
  -> Best model saved (54.48%)
[Epoch 8] Summarizing hook timing...

[HOOK_TIMING_SUMMARY] epoch=8
[HOOK_WORK_SUMMARY] label=mpi:ring_zfp_online_coll:rate16 calls=1274 work_total_ms=15485.630 work_mean_ms=12.155 work_min_ms=1.029 work_max_ms=137.847
[HOOK_TAIL_SUMMARY] label=mpi:ring_zfp_online_coll:rate16 steps=98 tail_total_ms=9218.690 tail_mean_ms=94.068 tail_min_ms=83.405 tail_max_ms=94.999
[Epoch 8] Hook timing summary done

[Epoch 9] Training... (lr=0.000905)
  Batch [50/98] Loss: 1.4573, Acc: 54.55%
[Epoch 9] Train Loss: 1.4141, Acc: 55.48%  |  Val Loss: 1.3211, Acc: 59.00%  |  Time: 19.0s
  -> Best model saved (59.00%)
[Epoch 9] Summarizing hook timing...

[HOOK_TIMING_SUMMARY] epoch=9
[HOOK_WORK_SUMMARY] label=mpi:ring_zfp_online_coll:rate16 calls=1274 work_total_ms=15508.281 work_mean_ms=12.173 work_min_ms=1.041 work_max_ms=137.853
[HOOK_TAIL_SUMMARY] label=mpi:ring_zfp_online_coll:rate16 steps=98 tail_total_ms=9243.251 tail_mean_ms=94.319 tail_min_ms=83.246 tail_max_ms=95.198
[Epoch 9] Hook timing summary done

[Epoch 10] Training... (lr=0.000835)
  Batch [50/98] Loss: 1.3226, Acc: 58.16%
[Epoch 10] Train Loss: 1.2971, Acc: 59.16%  |  Val Loss: 1.2271, Acc: 61.88%  |  Time: 19.0s
  -> Best model saved (61.88%)
[Epoch 10] Summarizing hook timing...

[HOOK_TIMING_SUMMARY] epoch=10
[HOOK_WORK_SUMMARY] label=mpi:ring_zfp_online_coll:rate16 calls=1274 work_total_ms=15432.468 work_mean_ms=12.113 work_min_ms=1.019 work_max_ms=137.809
[HOOK_TAIL_SUMMARY] label=mpi:ring_zfp_online_coll:rate16 steps=98 tail_total_ms=9183.779 tail_mean_ms=93.712 tail_min_ms=82.564 tail_max_ms=94.975
[Epoch 10] Hook timing summary done

[Epoch 11] Training... (lr=0.000750)
  Batch [50/98] Loss: 1.2270, Acc: 61.42%
[Epoch 11] Train Loss: 1.1977, Acc: 62.00%  |  Val Loss: 1.1335, Acc: 65.00%  |  Time: 19.0s
  -> Best model saved (65.00%)
[Epoch 11] Summarizing hook timing...

[HOOK_TIMING_SUMMARY] epoch=11
[HOOK_WORK_SUMMARY] label=mpi:ring_zfp_online_coll:rate16 calls=1274 work_total_ms=15403.252 work_mean_ms=12.090 work_min_ms=1.029 work_max_ms=137.578
[HOOK_TAIL_SUMMARY] label=mpi:ring_zfp_online_coll:rate16 steps=98 tail_total_ms=9167.823 tail_mean_ms=93.549 tail_min_ms=82.866 tail_max_ms=94.895
[Epoch 11] Hook timing summary done

[Epoch 12] Training... (lr=0.000655)
  Batch [50/98] Loss: 1.1412, Acc: 63.55%
[Epoch 12] Train Loss: 1.1243, Acc: 64.20%  |  Val Loss: 1.0540, Acc: 67.24%  |  Time: 19.0s
  -> Best model saved (67.24%)
[Epoch 12] Summarizing hook timing...

[HOOK_TIMING_SUMMARY] epoch=12
[HOOK_WORK_SUMMARY] label=mpi:ring_zfp_online_coll:rate16 calls=1274 work_total_ms=15490.813 work_mean_ms=12.159 work_min_ms=1.042 work_max_ms=137.718
[HOOK_TAIL_SUMMARY] label=mpi:ring_zfp_online_coll:rate16 steps=98 tail_total_ms=9238.265 tail_mean_ms=94.268 tail_min_ms=83.134 tail_max_ms=95.000
[Epoch 12] Hook timing summary done

[Epoch 13] Training... (lr=0.000552)
  Batch [50/98] Loss: 1.0892, Acc: 65.00%
[Epoch 13] Train Loss: 1.0627, Acc: 65.72%  |  Val Loss: 1.0100, Acc: 67.96%  |  Time: 19.0s
  -> Best model saved (67.96%)
[Epoch 13] Summarizing hook timing...

[HOOK_TIMING_SUMMARY] epoch=13
[HOOK_WORK_SUMMARY] label=mpi:ring_zfp_online_coll:rate16 calls=1274 work_total_ms=15449.328 work_mean_ms=12.127 work_min_ms=1.008 work_max_ms=137.689
[HOOK_TAIL_SUMMARY] label=mpi:ring_zfp_online_coll:rate16 steps=98 tail_total_ms=9198.619 tail_mean_ms=93.863 tail_min_ms=82.384 tail_max_ms=95.018
[Epoch 13] Hook timing summary done

[Epoch 14] Training... (lr=0.000448)
  Batch [50/98] Loss: 1.0255, Acc: 66.95%
[Epoch 14] Train Loss: 1.0197, Acc: 67.21%  |  Val Loss: 0.9660, Acc: 70.60%  |  Time: 18.9s
  -> Best model saved (70.60%)
[Epoch 14] Summarizing hook timing...

[HOOK_TIMING_SUMMARY] epoch=14
[HOOK_WORK_SUMMARY] label=mpi:ring_zfp_online_coll:rate16 calls=1274 work_total_ms=15449.543 work_mean_ms=12.127 work_min_ms=1.033 work_max_ms=137.932
[HOOK_TAIL_SUMMARY] label=mpi:ring_zfp_online_coll:rate16 steps=98 tail_total_ms=9181.152 tail_mean_ms=93.685 tail_min_ms=83.082 tail_max_ms=95.035
[Epoch 14] Hook timing summary done

[Epoch 15] Training... (lr=0.000345)
  Batch [50/98] Loss: 1.0106, Acc: 67.16%
[Epoch 15] Train Loss: 0.9960, Acc: 67.50%  |  Val Loss: 0.9386, Acc: 70.44%  |  Time: 19.0s
[Epoch 15] Summarizing hook timing...

[HOOK_TIMING_SUMMARY] epoch=15
[HOOK_WORK_SUMMARY] label=mpi:ring_zfp_online_coll:rate16 calls=1274 work_total_ms=15500.917 work_mean_ms=12.167 work_min_ms=1.024 work_max_ms=138.055
[HOOK_TAIL_SUMMARY] label=mpi:ring_zfp_online_coll:rate16 steps=98 tail_total_ms=9235.531 tail_mean_ms=94.240 tail_min_ms=83.064 tail_max_ms=95.379
[Epoch 15] Hook timing summary done

[Epoch 16] Training... (lr=0.000250)
  Batch [50/98] Loss: 0.9651, Acc: 68.98%
[Epoch 16] Train Loss: 0.9574, Acc: 69.33%  |  Val Loss: 0.9121, Acc: 71.64%  |  Time: 19.0s
  -> Best model saved (71.64%)
[Epoch 16] Summarizing hook timing...

[HOOK_TIMING_SUMMARY] epoch=16
[HOOK_WORK_SUMMARY] label=mpi:ring_zfp_online_coll:rate16 calls=1274 work_total_ms=15528.545 work_mean_ms=12.189 work_min_ms=1.029 work_max_ms=146.913
[HOOK_TAIL_SUMMARY] label=mpi:ring_zfp_online_coll:rate16 steps=98 tail_total_ms=9264.607 tail_mean_ms=94.537 tail_min_ms=82.337 tail_max_ms=136.282
[Epoch 16] Hook timing summary done

[Epoch 17] Training... (lr=0.000165)
  Batch [50/98] Loss: 0.9520, Acc: 69.11%
[Epoch 17] Train Loss: 0.9485, Acc: 69.15%  |  Val Loss: 0.9044, Acc: 71.60%  |  Time: 18.9s
[Epoch 17] Summarizing hook timing...

[HOOK_TIMING_SUMMARY] epoch=17
[HOOK_WORK_SUMMARY] label=mpi:ring_zfp_online_coll:rate16 calls=1274 work_total_ms=15423.600 work_mean_ms=12.106 work_min_ms=1.020 work_max_ms=137.823
[HOOK_TAIL_SUMMARY] label=mpi:ring_zfp_online_coll:rate16 steps=98 tail_total_ms=9164.497 tail_mean_ms=93.515 tail_min_ms=82.577 tail_max_ms=94.646
[Epoch 17] Hook timing summary done

[Epoch 18] Training... (lr=0.000095)
  Batch [50/98] Loss: 0.9375, Acc: 69.73%
[Epoch 18] Train Loss: 0.9468, Acc: 68.82%  |  Val Loss: 0.9052, Acc: 71.52%  |  Time: 19.0s
[Epoch 18] Summarizing hook timing...

[HOOK_TIMING_SUMMARY] epoch=18
[HOOK_WORK_SUMMARY] label=mpi:ring_zfp_online_coll:rate16 calls=1274 work_total_ms=15408.429 work_mean_ms=12.095 work_min_ms=1.036 work_max_ms=137.679
[HOOK_TAIL_SUMMARY] label=mpi:ring_zfp_online_coll:rate16 steps=98 tail_total_ms=9176.955 tail_mean_ms=93.642 tail_min_ms=82.615 tail_max_ms=107.860
[Epoch 18] Hook timing summary done

[Epoch 19] Training... (lr=0.000043)
  Batch [50/98] Loss: 0.9353, Acc: 69.81%
[Epoch 19] Train Loss: 0.9304, Acc: 69.90%  |  Val Loss: 0.8948, Acc: 72.20%  |  Time: 19.0s
  -> Best model saved (72.20%)
[Epoch 19] Summarizing hook timing...

[HOOK_TIMING_SUMMARY] epoch=19
[HOOK_WORK_SUMMARY] label=mpi:ring_zfp_online_coll:rate16 calls=1274 work_total_ms=15415.318 work_mean_ms=12.100 work_min_ms=1.041 work_max_ms=137.691
[HOOK_TAIL_SUMMARY] label=mpi:ring_zfp_online_coll:rate16 steps=98 tail_total_ms=9175.961 tail_mean_ms=93.632 tail_min_ms=82.557 tail_max_ms=95.053
[Epoch 19] Hook timing summary done

[Epoch 20] Training... (lr=0.000011)
  Batch [50/98] Loss: 0.9161, Acc: 70.16%
[Epoch 20] Train Loss: 0.9352, Acc: 69.70%  |  Val Loss: 0.8897, Acc: 72.28%  |  Time: 19.0s
  -> Best model saved (72.28%)
[Epoch 20] Summarizing hook timing...

[HOOK_TIMING_SUMMARY] epoch=20
[HOOK_WORK_SUMMARY] label=mpi:ring_zfp_online_coll:rate16 calls=1274 work_total_ms=15478.308 work_mean_ms=12.149 work_min_ms=1.033 work_max_ms=137.733
[HOOK_TAIL_SUMMARY] label=mpi:ring_zfp_online_coll:rate16 steps=98 tail_total_ms=9222.558 tail_mean_ms=94.108 tail_min_ms=83.402 tail_max_ms=98.914
[Epoch 20] Hook timing summary done

================================================================================
Done in 401.9s | Best val acc: 72.28%
Epoch times: mean=19.1s  min=18.9s  max=21.6s
================================================================================
=== Finished training: backend=mpi, hook=ring_zfp_online_coll, zfp_rate=16, status=0 at Fri May 22 04:45:57 PM UTC 2026 ===
=== Starting training: backend=mpi, hook=ring_zfp_online_coll, zfp_rate=10 at Fri May 22 04:45:57 PM UTC 2026 ===

================================================================================
DISTRIBUTED TRAINING LAUNCHER
================================================================================
  Model:      resnext101_32x8d (CIFAR stem) (pretrained)
  Dataset:    cifar10 (10 classes)
  Backend:    mpi
  Algorithm:  ring_zfp_online_coll
  ZFP rate:   10
  Epochs:     20
  Batch/rank: 128
  LR:         0.001
================================================================================


================================================================================
Distributed Training: RESNEXT101_32X8D on CIFAR10
Backend: MPI, Algorithm: ring_zfp_online_coll
================================================================================
Ranks: 4, Epochs: 20, Batch/rank: 128, Effective batch: 512
LR: 0.001, Device: cuda:0

[Setup] Model on cuda:0, wrapped in DDP (static_graph=True)
[Setup] Hook registered: mpi/ring_zfp_online_coll

================================================================================
DISTRIBUTED TRAINING LAUNCHER
================================================================================
  Model:      resnext101_32x8d (CIFAR stem) (pretrained)
  Dataset:    cifar10 (10 classes)
  Backend:    mpi
  Algorithm:  ring_zfp_online_coll
  ZFP rate:   10
  Epochs:     20
  Batch/rank: 128
  LR:         0.001
================================================================================


================================================================================
DISTRIBUTED TRAINING LAUNCHER
================================================================================
  Model:      resnext101_32x8d (CIFAR stem) (pretrained)
  Dataset:    cifar10 (10 classes)
  Backend:    mpi
  Algorithm:  ring_zfp_online_coll
  ZFP rate:   10
  Epochs:     20
  Batch/rank: 128
  LR:         0.001
================================================================================


================================================================================
DISTRIBUTED TRAINING LAUNCHER
================================================================================
  Model:      resnext101_32x8d (CIFAR stem) (pretrained)
  Dataset:    cifar10 (10 classes)
  Backend:    mpi
  Algorithm:  ring_zfp_online_coll
  ZFP rate:   10
  Epochs:     20
  Batch/rank: 128
  LR:         0.001
================================================================================

[Data] Train batches: 98, Val batches: 20


[Epoch 1] Training... (lr=0.000001)
  Batch [50/98] Loss: 2.3110, Acc: 11.09%
[Epoch 1] Train Loss: 2.3110, Acc: 10.94%  |  Val Loss: 2.3159, Acc: 10.76%  |  Time: 21.5s
  -> Best model saved (10.76%)
[Epoch 1] Summarizing hook timing...

[HOOK_TIMING_SUMMARY] epoch=1
[HOOK_WORK_SUMMARY] label=mpi:ring_zfp_online_coll:rate10 calls=1250 work_total_ms=15054.958 work_mean_ms=12.044 work_min_ms=1.019 work_max_ms=137.628
[HOOK_TAIL_SUMMARY] label=mpi:ring_zfp_online_coll:rate10 steps=99 tail_total_ms=9106.638 tail_mean_ms=91.986 tail_min_ms=1.433 tail_max_ms=137.740
[Epoch 1] Hook timing summary done

[Epoch 2] Training... (lr=0.000201)
  Batch [50/98] Loss: 2.3049, Acc: 11.91%
[Epoch 2] Train Loss: 2.2965, Acc: 12.67%  |  Val Loss: 2.2780, Acc: 16.32%  |  Time: 18.8s
  -> Best model saved (16.32%)
[Epoch 2] Summarizing hook timing...

[HOOK_TIMING_SUMMARY] epoch=2
[HOOK_WORK_SUMMARY] label=mpi:ring_zfp_online_coll:rate10 calls=1274 work_total_ms=15238.913 work_mean_ms=11.961 work_min_ms=0.989 work_max_ms=137.847
[HOOK_TAIL_SUMMARY] label=mpi:ring_zfp_online_coll:rate10 steps=98 tail_total_ms=9020.336 tail_mean_ms=92.044 tail_min_ms=81.030 tail_max_ms=93.285
[Epoch 2] Hook timing summary done

[Epoch 3] Training... (lr=0.000401)
  Batch [50/98] Loss: 2.2665, Acc: 16.52%
[Epoch 3] Train Loss: 2.2490, Acc: 18.86%  |  Val Loss: 2.2067, Acc: 25.64%  |  Time: 18.8s
  -> Best model saved (25.64%)
[Epoch 3] Summarizing hook timing...

[HOOK_TIMING_SUMMARY] epoch=3
[HOOK_WORK_SUMMARY] label=mpi:ring_zfp_online_coll:rate10 calls=1274 work_total_ms=15225.004 work_mean_ms=11.951 work_min_ms=1.005 work_max_ms=137.589
[HOOK_TAIL_SUMMARY] label=mpi:ring_zfp_online_coll:rate10 steps=98 tail_total_ms=8990.333 tail_mean_ms=91.738 tail_min_ms=80.603 tail_max_ms=93.320
[Epoch 3] Hook timing summary done

[Epoch 4] Training... (lr=0.000600)
  Batch [50/98] Loss: 2.1928, Acc: 25.20%
[Epoch 4] Train Loss: 2.1655, Acc: 27.48%  |  Val Loss: 2.0964, Acc: 32.52%  |  Time: 18.8s
  -> Best model saved (32.52%)
[Epoch 4] Summarizing hook timing...

[HOOK_TIMING_SUMMARY] epoch=4
[HOOK_WORK_SUMMARY] label=mpi:ring_zfp_online_coll:rate10 calls=1274 work_total_ms=15259.179 work_mean_ms=11.977 work_min_ms=1.009 work_max_ms=137.649
[HOOK_TAIL_SUMMARY] label=mpi:ring_zfp_online_coll:rate10 steps=98 tail_total_ms=9014.035 tail_mean_ms=91.980 tail_min_ms=81.111 tail_max_ms=93.045
[Epoch 4] Hook timing summary done

[Epoch 5] Training... (lr=0.000800)
  Batch [50/98] Loss: 2.0705, Acc: 34.59%
[Epoch 5] Train Loss: 2.0375, Acc: 35.98%  |  Val Loss: 1.9460, Acc: 40.60%  |  Time: 18.8s
  -> Best model saved (40.60%)
[Epoch 5] Summarizing hook timing...

[HOOK_TIMING_SUMMARY] epoch=5
[HOOK_WORK_SUMMARY] label=mpi:ring_zfp_online_coll:rate10 calls=1274 work_total_ms=15316.890 work_mean_ms=12.023 work_min_ms=1.001 work_max_ms=137.814
[HOOK_TAIL_SUMMARY] label=mpi:ring_zfp_online_coll:rate10 steps=98 tail_total_ms=9053.115 tail_mean_ms=92.379 tail_min_ms=82.197 tail_max_ms=93.234
[Epoch 5] Hook timing summary done

[Epoch 6] Training... (lr=0.001000)
  Batch [50/98] Loss: 1.9124, Acc: 41.17%
[Epoch 6] Train Loss: 1.8693, Acc: 42.17%  |  Val Loss: 1.7527, Acc: 47.84%  |  Time: 18.8s
  -> Best model saved (47.84%)
[Epoch 6] Summarizing hook timing...

[HOOK_TIMING_SUMMARY] epoch=6
[HOOK_WORK_SUMMARY] label=mpi:ring_zfp_online_coll:rate10 calls=1274 work_total_ms=15240.070 work_mean_ms=11.962 work_min_ms=1.010 work_max_ms=137.484
[HOOK_TAIL_SUMMARY] label=mpi:ring_zfp_online_coll:rate10 steps=98 tail_total_ms=9001.678 tail_mean_ms=91.854 tail_min_ms=81.495 tail_max_ms=93.268
[Epoch 6] Hook timing summary done

[Epoch 7] Training... (lr=0.000989)
  Batch [50/98] Loss: 1.7422, Acc: 47.02%
[Epoch 7] Train Loss: 1.6989, Acc: 48.16%  |  Val Loss: 1.5874, Acc: 51.68%  |  Time: 18.8s
  -> Best model saved (51.68%)
[Epoch 7] Summarizing hook timing...

[HOOK_TIMING_SUMMARY] epoch=7
[HOOK_WORK_SUMMARY] label=mpi:ring_zfp_online_coll:rate10 calls=1274 work_total_ms=15239.835 work_mean_ms=11.962 work_min_ms=1.009 work_max_ms=137.552
[HOOK_TAIL_SUMMARY] label=mpi:ring_zfp_online_coll:rate10 steps=98 tail_total_ms=8994.221 tail_mean_ms=91.778 tail_min_ms=80.697 tail_max_ms=93.257
[Epoch 7] Hook timing summary done

[Epoch 8] Training... (lr=0.000957)
  Batch [50/98] Loss: 1.5859, Acc: 50.88%
[Epoch 8] Train Loss: 1.5479, Acc: 51.83%  |  Val Loss: 1.4411, Acc: 55.52%  |  Time: 18.8s
  -> Best model saved (55.52%)
[Epoch 8] Summarizing hook timing...

[HOOK_TIMING_SUMMARY] epoch=8
[HOOK_WORK_SUMMARY] label=mpi:ring_zfp_online_coll:rate10 calls=1274 work_total_ms=15294.959 work_mean_ms=12.005 work_min_ms=1.002 work_max_ms=137.766
[HOOK_TAIL_SUMMARY] label=mpi:ring_zfp_online_coll:rate10 steps=98 tail_total_ms=9041.800 tail_mean_ms=92.263 tail_min_ms=81.650 tail_max_ms=93.291
[Epoch 8] Hook timing summary done

[Epoch 9] Training... (lr=0.000905)
  Batch [50/98] Loss: 1.4448, Acc: 55.58%
[Epoch 9] Train Loss: 1.4068, Acc: 56.36%  |  Val Loss: 1.3185, Acc: 60.20%  |  Time: 18.8s
  -> Best model saved (60.20%)
[Epoch 9] Summarizing hook timing...

[HOOK_TIMING_SUMMARY] epoch=9
[HOOK_WORK_SUMMARY] label=mpi:ring_zfp_online_coll:rate10 calls=1274 work_total_ms=15235.031 work_mean_ms=11.958 work_min_ms=1.009 work_max_ms=137.495
[HOOK_TAIL_SUMMARY] label=mpi:ring_zfp_online_coll:rate10 steps=98 tail_total_ms=9003.202 tail_mean_ms=91.869 tail_min_ms=81.108 tail_max_ms=93.357
[Epoch 9] Hook timing summary done

[Epoch 10] Training... (lr=0.000835)
  Batch [50/98] Loss: 1.3058, Acc: 58.98%
[Epoch 10] Train Loss: 1.2815, Acc: 59.94%  |  Val Loss: 1.2205, Acc: 62.52%  |  Time: 18.8s
  -> Best model saved (62.52%)
[Epoch 10] Summarizing hook timing...

[HOOK_TIMING_SUMMARY] epoch=10
[HOOK_WORK_SUMMARY] label=mpi:ring_zfp_online_coll:rate10 calls=1274 work_total_ms=15237.656 work_mean_ms=11.960 work_min_ms=1.018 work_max_ms=137.525
[HOOK_TAIL_SUMMARY] label=mpi:ring_zfp_online_coll:rate10 steps=98 tail_total_ms=9000.642 tail_mean_ms=91.843 tail_min_ms=80.849 tail_max_ms=93.353
[Epoch 10] Hook timing summary done

[Epoch 11] Training... (lr=0.000750)
  Batch [50/98] Loss: 1.2197, Acc: 61.38%
[Epoch 11] Train Loss: 1.1883, Acc: 62.66%  |  Val Loss: 1.1333, Acc: 65.20%  |  Time: 18.8s
  -> Best model saved (65.20%)
[Epoch 11] Summarizing hook timing...

[HOOK_TIMING_SUMMARY] epoch=11
[HOOK_WORK_SUMMARY] label=mpi:ring_zfp_online_coll:rate10 calls=1274 work_total_ms=15250.639 work_mean_ms=11.971 work_min_ms=0.972 work_max_ms=137.613
[HOOK_TAIL_SUMMARY] label=mpi:ring_zfp_online_coll:rate10 steps=98 tail_total_ms=9013.313 tail_mean_ms=91.973 tail_min_ms=80.947 tail_max_ms=93.292
[Epoch 11] Hook timing summary done

[Epoch 12] Training... (lr=0.000655)
  Batch [50/98] Loss: 1.1305, Acc: 64.23%
[Epoch 12] Train Loss: 1.1106, Acc: 64.85%  |  Val Loss: 1.0550, Acc: 67.08%  |  Time: 18.8s
  -> Best model saved (67.08%)
[Epoch 12] Summarizing hook timing...

[HOOK_TIMING_SUMMARY] epoch=12
[HOOK_WORK_SUMMARY] label=mpi:ring_zfp_online_coll:rate10 calls=1274 work_total_ms=15255.108 work_mean_ms=11.974 work_min_ms=1.012 work_max_ms=137.653
[HOOK_TAIL_SUMMARY] label=mpi:ring_zfp_online_coll:rate10 steps=98 tail_total_ms=9004.497 tail_mean_ms=91.883 tail_min_ms=81.470 tail_max_ms=93.372
[Epoch 12] Hook timing summary done

[Epoch 13] Training... (lr=0.000552)
  Batch [50/98] Loss: 1.0720, Acc: 65.28%
[Epoch 13] Train Loss: 1.0539, Acc: 66.09%  |  Val Loss: 1.0083, Acc: 68.56%  |  Time: 18.8s
  -> Best model saved (68.56%)
[Epoch 13] Summarizing hook timing...

[HOOK_TIMING_SUMMARY] epoch=13
[HOOK_WORK_SUMMARY] label=mpi:ring_zfp_online_coll:rate10 calls=1274 work_total_ms=15220.240 work_mean_ms=11.947 work_min_ms=1.002 work_max_ms=137.544
[HOOK_TAIL_SUMMARY] label=mpi:ring_zfp_online_coll:rate10 steps=98 tail_total_ms=8995.953 tail_mean_ms=91.795 tail_min_ms=81.033 tail_max_ms=93.278
[Epoch 13] Hook timing summary done

[Epoch 14] Training... (lr=0.000448)
  Batch [50/98] Loss: 1.0102, Acc: 67.64%
[Epoch 14] Train Loss: 1.0059, Acc: 67.58%  |  Val Loss: 0.9618, Acc: 70.04%  |  Time: 18.7s
  -> Best model saved (70.04%)
[Epoch 14] Summarizing hook timing...

[HOOK_TIMING_SUMMARY] epoch=14
[HOOK_WORK_SUMMARY] label=mpi:ring_zfp_online_coll:rate10 calls=1274 work_total_ms=15252.449 work_mean_ms=11.972 work_min_ms=0.995 work_max_ms=137.725
[HOOK_TAIL_SUMMARY] label=mpi:ring_zfp_online_coll:rate10 steps=98 tail_total_ms=8999.675 tail_mean_ms=91.833 tail_min_ms=81.258 tail_max_ms=93.344
[Epoch 14] Hook timing summary done

[Epoch 15] Training... (lr=0.000345)
  Batch [50/98] Loss: 0.9988, Acc: 67.66%
[Epoch 15] Train Loss: 0.9816, Acc: 67.98%  |  Val Loss: 0.9335, Acc: 70.88%  |  Time: 18.8s
  -> Best model saved (70.88%)
[Epoch 15] Summarizing hook timing...

[HOOK_TIMING_SUMMARY] epoch=15
[HOOK_WORK_SUMMARY] label=mpi:ring_zfp_online_coll:rate10 calls=1274 work_total_ms=15243.495 work_mean_ms=11.965 work_min_ms=1.008 work_max_ms=137.689
[HOOK_TAIL_SUMMARY] label=mpi:ring_zfp_online_coll:rate10 steps=98 tail_total_ms=8992.948 tail_mean_ms=91.765 tail_min_ms=80.998 tail_max_ms=93.123
[Epoch 15] Hook timing summary done

[Epoch 16] Training... (lr=0.000250)
  Batch [50/98] Loss: 0.9430, Acc: 69.33%
[Epoch 16] Train Loss: 0.9418, Acc: 69.59%  |  Val Loss: 0.9101, Acc: 71.76%  |  Time: 18.8s
  -> Best model saved (71.76%)
[Epoch 16] Summarizing hook timing...

[HOOK_TIMING_SUMMARY] epoch=16
[HOOK_WORK_SUMMARY] label=mpi:ring_zfp_online_coll:rate10 calls=1274 work_total_ms=15282.864 work_mean_ms=11.996 work_min_ms=1.017 work_max_ms=137.688
[HOOK_TAIL_SUMMARY] label=mpi:ring_zfp_online_coll:rate10 steps=98 tail_total_ms=9021.918 tail_mean_ms=92.060 tail_min_ms=81.694 tail_max_ms=93.308
[Epoch 16] Hook timing summary done

[Epoch 17] Training... (lr=0.000165)
  Batch [50/98] Loss: 0.9428, Acc: 69.52%
[Epoch 17] Train Loss: 0.9375, Acc: 69.58%  |  Val Loss: 0.8997, Acc: 71.52%  |  Time: 18.8s
[Epoch 17] Summarizing hook timing...

[HOOK_TIMING_SUMMARY] epoch=17
[HOOK_WORK_SUMMARY] label=mpi:ring_zfp_online_coll:rate10 calls=1274 work_total_ms=15245.401 work_mean_ms=11.967 work_min_ms=1.019 work_max_ms=137.624
[HOOK_TAIL_SUMMARY] label=mpi:ring_zfp_online_coll:rate10 steps=98 tail_total_ms=9005.606 tail_mean_ms=91.894 tail_min_ms=80.765 tail_max_ms=93.413
[Epoch 17] Hook timing summary done

[Epoch 18] Training... (lr=0.000095)
  Batch [50/98] Loss: 0.9287, Acc: 70.08%
[Epoch 18] Train Loss: 0.9369, Acc: 69.54%  |  Val Loss: 0.8998, Acc: 71.76%  |  Time: 18.8s
[Epoch 18] Summarizing hook timing...

[HOOK_TIMING_SUMMARY] epoch=18
[HOOK_WORK_SUMMARY] label=mpi:ring_zfp_online_coll:rate10 calls=1274 work_total_ms=15317.970 work_mean_ms=12.024 work_min_ms=1.010 work_max_ms=137.802
[HOOK_TAIL_SUMMARY] label=mpi:ring_zfp_online_coll:rate10 steps=98 tail_total_ms=9060.182 tail_mean_ms=92.451 tail_min_ms=81.782 tail_max_ms=122.860
[Epoch 18] Hook timing summary done

[Epoch 19] Training... (lr=0.000043)
  Batch [50/98] Loss: 0.9268, Acc: 70.05%
[Epoch 19] Train Loss: 0.9218, Acc: 70.42%  |  Val Loss: 0.8944, Acc: 72.24%  |  Time: 18.8s
  -> Best model saved (72.24%)
[Epoch 19] Summarizing hook timing...

[HOOK_TIMING_SUMMARY] epoch=19
[HOOK_WORK_SUMMARY] label=mpi:ring_zfp_online_coll:rate10 calls=1274 work_total_ms=15324.516 work_mean_ms=12.029 work_min_ms=1.008 work_max_ms=137.815
[HOOK_TAIL_SUMMARY] label=mpi:ring_zfp_online_coll:rate10 steps=98 tail_total_ms=9053.639 tail_mean_ms=92.384 tail_min_ms=81.781 tail_max_ms=102.683
[Epoch 19] Hook timing summary done

[Epoch 20] Training... (lr=0.000011)
  Batch [50/98] Loss: 0.9059, Acc: 70.86%
[Epoch 20] Train Loss: 0.9234, Acc: 70.04%  |  Val Loss: 0.8914, Acc: 72.20%  |  Time: 18.7s
[Epoch 20] Summarizing hook timing...

[HOOK_TIMING_SUMMARY] epoch=20
[HOOK_WORK_SUMMARY] label=mpi:ring_zfp_online_coll:rate10 calls=1274 work_total_ms=15293.674 work_mean_ms=12.004 work_min_ms=1.016 work_max_ms=137.856
[HOOK_TAIL_SUMMARY] label=mpi:ring_zfp_online_coll:rate10 steps=98 tail_total_ms=9018.456 tail_mean_ms=92.025 tail_min_ms=81.382 tail_max_ms=93.326
[Epoch 20] Hook timing summary done

================================================================================
Done in 398.4s | Best val acc: 72.24%
Epoch times: mean=18.9s  min=18.7s  max=21.5s
================================================================================
=== Finished training: backend=mpi, hook=ring_zfp_online_coll, zfp_rate=10, status=0 at Fri May 22 04:52:44 PM UTC 2026 ===
=== Job finished: Fri May 22 04:52:44 PM UTC 2026 ===
