=== Job started: Fri May 22 04:11:32 AM UTC 2026 ===
=== Node: x3106c0s13b0n0 ===

The following have been reloaded with a version change:
  1) gcc-native/14 => gcc-native/13


The following have been reloaded with a version change:
  1) gcc-native/13 => gcc-native/14.2

[INFO] GTL preloaded: /opt/cray/pe/mpich/9.0.1/ofi/nvidia/23.3/lib/libmpi_gtl_cuda.so
=============================================
  Polaris DDP + Eagle PyTorch + Cray MPICH
=============================================
Node              : x3106c0s13b0n0
ZFP_HOME          : /home/mrest/mpiAllReduceCompressed/zfp-install
GTL               : /opt/cray/pe/mpich/9.0.1/ofi/nvidia/23.3/lib/libmpi_gtl_cuda.so
MPICH_GPU_SUPPORT : 1

PyTorch version   : 2.8.0a0+gitba56102
PyTorch location  : /lus/eagle/projects/UIC-HPC/mrest/pytorch_mpi_build/src/pytorch/torch/__init__.py
CUDA available    : True 4
MPI available     : True
mpi4py            : MPI VERSION    : CRAY MPICH version 9.0.1.498 (ANL base 4.1.2)
mpi4py rank test  : rank 0 OK
=============================================
=== Starting training: backend=mpi, hook=ring_zfp_online_coll, zfp_rate=10 at Fri May 22 04:11:48 AM UTC 2026 ===

================================================================================
DISTRIBUTED TRAINING LAUNCHER
================================================================================
  Model:      wide_resnet50_2 (pretrained)
  Dataset:    cifar10 (10 classes)
  Backend:    mpi
  Algorithm:  ring_zfp_online_coll
  ZFP rate:   10
  Epochs:     20
  Batch/rank: 8
  LR:         0.001
================================================================================


================================================================================
Distributed Training: WIDE_RESNET50_2 on CIFAR10
Backend: MPI, Algorithm: ring_zfp_online_coll
================================================================================
Ranks: 16, Epochs: 20, Batch/rank: 8, Effective batch: 128
LR: 0.001, Device: cuda:0

[Setup] Model on cuda:0, wrapped in DDP (static_graph=True)
[Setup] Hook registered: mpi/ring_zfp_online_coll

================================================================================
DISTRIBUTED TRAINING LAUNCHER
================================================================================
  Model:      wide_resnet50_2 (pretrained)
  Dataset:    cifar10 (10 classes)
  Backend:    mpi
  Algorithm:  ring_zfp_online_coll
  ZFP rate:   10
  Epochs:     20
  Batch/rank: 8
  LR:         0.001
================================================================================


================================================================================
DISTRIBUTED TRAINING LAUNCHER
================================================================================
  Model:      wide_resnet50_2 (pretrained)
  Dataset:    cifar10 (10 classes)
  Backend:    mpi
  Algorithm:  ring_zfp_online_coll
  ZFP rate:   10
  Epochs:     20
  Batch/rank: 8
  LR:         0.001
================================================================================


================================================================================
DISTRIBUTED TRAINING LAUNCHER
================================================================================
  Model:      wide_resnet50_2 (pretrained)
  Dataset:    cifar10 (10 classes)
  Backend:    mpi
  Algorithm:  ring_zfp_online_coll
  ZFP rate:   10
  Epochs:     20
  Batch/rank: 8
  LR:         0.001
================================================================================


================================================================================
DISTRIBUTED TRAINING LAUNCHER
================================================================================
  Model:      wide_resnet50_2 (pretrained)
  Dataset:    cifar10 (10 classes)
  Backend:    mpi
  Algorithm:  ring_zfp_online_coll
  ZFP rate:   10
  Epochs:     20
  Batch/rank: 8
  LR:         0.001
================================================================================


================================================================================
DISTRIBUTED TRAINING LAUNCHER
================================================================================
  Model:      wide_resnet50_2 (pretrained)
  Dataset:    cifar10 (10 classes)
  Backend:    mpi
  Algorithm:  ring_zfp_online_coll
  ZFP rate:   10
  Epochs:     20
  Batch/rank: 8
  LR:         0.001
================================================================================


================================================================================
DISTRIBUTED TRAINING LAUNCHER
================================================================================
  Model:      wide_resnet50_2 (pretrained)
  Dataset:    cifar10 (10 classes)
  Backend:    mpi
  Algorithm:  ring_zfp_online_coll
  ZFP rate:   10
  Epochs:     20
  Batch/rank: 8
  LR:         0.001
================================================================================


================================================================================
DISTRIBUTED TRAINING LAUNCHER
================================================================================
  Model:      wide_resnet50_2 (pretrained)
  Dataset:    cifar10 (10 classes)
  Backend:    mpi
  Algorithm:  ring_zfp_online_coll
  ZFP rate:   10
  Epochs:     20
  Batch/rank: 8
  LR:         0.001
================================================================================


================================================================================
DISTRIBUTED TRAINING LAUNCHER
================================================================================
  Model:      wide_resnet50_2 (pretrained)
  Dataset:    cifar10 (10 classes)
  Backend:    mpi
  Algorithm:  ring_zfp_online_coll
  ZFP rate:   10
  Epochs:     20
  Batch/rank: 8
  LR:         0.001
================================================================================


================================================================================
DISTRIBUTED TRAINING LAUNCHER
================================================================================
  Model:      wide_resnet50_2 (pretrained)
  Dataset:    cifar10 (10 classes)
  Backend:    mpi
  Algorithm:  ring_zfp_online_coll
  ZFP rate:   10
  Epochs:     20
  Batch/rank: 8
  LR:         0.001
================================================================================


================================================================================
DISTRIBUTED TRAINING LAUNCHER
================================================================================
  Model:      wide_resnet50_2 (pretrained)
  Dataset:    cifar10 (10 classes)
  Backend:    mpi
  Algorithm:  ring_zfp_online_coll
  ZFP rate:   10
  Epochs:     20
  Batch/rank: 8
  LR:         0.001
================================================================================


================================================================================
DISTRIBUTED TRAINING LAUNCHER
================================================================================
  Model:      wide_resnet50_2 (pretrained)
  Dataset:    cifar10 (10 classes)
  Backend:    mpi
  Algorithm:  ring_zfp_online_coll
  ZFP rate:   10
  Epochs:     20
  Batch/rank: 8
  LR:         0.001
================================================================================

[Data] Train batches: 391, Val batches: 79


[Epoch 1] Training... (lr=0.000001)

================================================================================
DISTRIBUTED TRAINING LAUNCHER
================================================================================
  Model:      wide_resnet50_2 (pretrained)
  Dataset:    cifar10 (10 classes)
  Backend:    mpi
  Algorithm:  ring_zfp_online_coll
  ZFP rate:   10
  Epochs:     20
  Batch/rank: 8
  LR:         0.001
================================================================================


================================================================================
DISTRIBUTED TRAINING LAUNCHER
================================================================================
  Model:      wide_resnet50_2 (pretrained)
  Dataset:    cifar10 (10 classes)
  Backend:    mpi
  Algorithm:  ring_zfp_online_coll
  ZFP rate:   10
  Epochs:     20
  Batch/rank: 8
  LR:         0.001
================================================================================


================================================================================
DISTRIBUTED TRAINING LAUNCHER
================================================================================
  Model:      wide_resnet50_2 (pretrained)
  Dataset:    cifar10 (10 classes)
  Backend:    mpi
  Algorithm:  ring_zfp_online_coll
  ZFP rate:   10
  Epochs:     20
  Batch/rank: 8
  LR:         0.001
================================================================================


================================================================================
DISTRIBUTED TRAINING LAUNCHER
================================================================================
  Model:      wide_resnet50_2 (pretrained)
  Dataset:    cifar10 (10 classes)
  Backend:    mpi
  Algorithm:  ring_zfp_online_coll
  ZFP rate:   10
  Epochs:     20
  Batch/rank: 8
  LR:         0.001
================================================================================

  Batch [50/391] Loss: 2.3584, Acc: 10.00%
  Batch [100/391] Loss: 2.3498, Acc: 10.38%
  Batch [150/391] Loss: 2.3541, Acc: 10.25%
  Batch [200/391] Loss: 2.3491, Acc: 10.38%
  Batch [250/391] Loss: 2.3502, Acc: 10.55%
  Batch [300/391] Loss: 2.3503, Acc: 10.17%
  Batch [350/391] Loss: 2.3479, Acc: 10.50%
[Epoch 1] Train Loss: 2.3496, Acc: 10.40%  |  Val Loss: 23600.3326, Acc: 8.80%  |  Time: 40.7s
  -> Best model saved (8.80%)
[Epoch 1] Summarizing hook timing...

[HOOK_TIMING_SUMMARY] epoch=1
[HOOK_WORK_SUMMARY] label=mpi:ring_zfp_online_coll:rate10 calls=3114 work_total_ms=33779.804 work_mean_ms=10.848 work_min_ms=8.064 work_max_ms=60.231
[HOOK_TAIL_SUMMARY] label=mpi:ring_zfp_online_coll:rate10 steps=392 tail_total_ms=30066.768 tail_mean_ms=76.701 tail_min_ms=19.085 tail_max_ms=174.174
[Epoch 1] Hook timing summary done

[Epoch 2] Training... (lr=0.001000)
  Batch [50/391] Loss: 2.2960, Acc: 13.75%
  Batch [100/391] Loss: 2.2467, Acc: 17.25%
  Batch [150/391] Loss: 2.2121, Acc: 19.25%
  Batch [200/391] Loss: 2.1646, Acc: 20.88%
  Batch [250/391] Loss: 2.1138, Acc: 23.25%
  Batch [300/391] Loss: 2.0766, Acc: 25.25%
  Batch [350/391] Loss: 2.0419, Acc: 26.50%
[Epoch 2] Train Loss: 2.0023, Acc: 28.26%  |  Val Loss: 1.8328, Acc: 42.08%  |  Time: 39.2s
  -> Best model saved (42.08%)
[Epoch 2] Summarizing hook timing...

[HOOK_TIMING_SUMMARY] epoch=2
[HOOK_WORK_SUMMARY] label=mpi:ring_zfp_online_coll:rate10 calls=3128 work_total_ms=33606.773 work_mean_ms=10.744 work_min_ms=7.940 work_max_ms=54.898
[HOOK_TAIL_SUMMARY] label=mpi:ring_zfp_online_coll:rate10 steps=391 tail_total_ms=30043.176 tail_mean_ms=76.837 tail_min_ms=72.312 tail_max_ms=143.593
[Epoch 2] Hook timing summary done

[Epoch 3] Training... (lr=0.000993)
  Batch [50/391] Loss: 1.6412, Acc: 41.00%
  Batch [100/391] Loss: 1.6647, Acc: 41.38%
  Batch [150/391] Loss: 1.6107, Acc: 42.58%
  Batch [200/391] Loss: 1.5910, Acc: 43.38%
  Batch [250/391] Loss: 1.5814, Acc: 43.45%
  Batch [300/391] Loss: 1.5663, Acc: 44.46%
  Batch [350/391] Loss: 1.5521, Acc: 45.11%
[Epoch 3] Train Loss: 1.5372, Acc: 45.34%  |  Val Loss: 1.3132, Acc: 56.00%  |  Time: 39.4s
  -> Best model saved (56.00%)
[Epoch 3] Summarizing hook timing...

[HOOK_TIMING_SUMMARY] epoch=3
[HOOK_WORK_SUMMARY] label=mpi:ring_zfp_online_coll:rate10 calls=3128 work_total_ms=33440.479 work_mean_ms=10.691 work_min_ms=7.816 work_max_ms=28.147
[HOOK_TAIL_SUMMARY] label=mpi:ring_zfp_online_coll:rate10 steps=391 tail_total_ms=29787.613 tail_mean_ms=76.183 tail_min_ms=73.726 tail_max_ms=109.154
[Epoch 3] Hook timing summary done

[Epoch 4] Training... (lr=0.000973)
  Batch [50/391] Loss: 1.3250, Acc: 53.25%
  Batch [100/391] Loss: 1.3757, Acc: 50.25%
  Batch [150/391] Loss: 1.3520, Acc: 51.33%
  Batch [200/391] Loss: 1.3356, Acc: 52.00%
  Batch [250/391] Loss: 1.3351, Acc: 52.35%
  Batch [300/391] Loss: 1.3289, Acc: 52.88%
  Batch [350/391] Loss: 1.3373, Acc: 52.64%
[Epoch 4] Train Loss: 1.3340, Acc: 53.02%  |  Val Loss: 1.2064, Acc: 60.64%  |  Time: 39.3s
  -> Best model saved (60.64%)
[Epoch 4] Summarizing hook timing...

[HOOK_TIMING_SUMMARY] epoch=4
[HOOK_WORK_SUMMARY] label=mpi:ring_zfp_online_coll:rate10 calls=3128 work_total_ms=33460.976 work_mean_ms=10.697 work_min_ms=7.993 work_max_ms=24.986
[HOOK_TAIL_SUMMARY] label=mpi:ring_zfp_online_coll:rate10 steps=391 tail_total_ms=29798.018 tail_mean_ms=76.210 tail_min_ms=73.382 tail_max_ms=103.784
[Epoch 4] Hook timing summary done

[Epoch 5] Training... (lr=0.000940)
  Batch [50/391] Loss: 1.3133, Acc: 56.50%
  Batch [100/391] Loss: 1.3010, Acc: 55.38%
  Batch [150/391] Loss: 1.2560, Acc: 56.83%
  Batch [200/391] Loss: 1.2259, Acc: 57.19%
  Batch [250/391] Loss: 1.2406, Acc: 56.50%
  Batch [300/391] Loss: 1.2288, Acc: 56.88%
  Batch [350/391] Loss: 1.2420, Acc: 56.75%
[Epoch 5] Train Loss: 1.2449, Acc: 56.80%  |  Val Loss: 1.1482, Acc: 63.52%  |  Time: 39.3s
  -> Best model saved (63.52%)
[Epoch 5] Summarizing hook timing...

[HOOK_TIMING_SUMMARY] epoch=5
[HOOK_WORK_SUMMARY] label=mpi:ring_zfp_online_coll:rate10 calls=3128 work_total_ms=33574.707 work_mean_ms=10.734 work_min_ms=7.940 work_max_ms=25.299
[HOOK_TAIL_SUMMARY] label=mpi:ring_zfp_online_coll:rate10 steps=391 tail_total_ms=29942.109 tail_mean_ms=76.578 tail_min_ms=73.291 tail_max_ms=106.327
[Epoch 5] Hook timing summary done

[Epoch 6] Training... (lr=0.000895)
  Batch [50/391] Loss: 1.1333, Acc: 61.75%
  Batch [100/391] Loss: 1.1831, Acc: 59.38%
  Batch [150/391] Loss: 1.1748, Acc: 59.58%
  Batch [200/391] Loss: 1.1502, Acc: 59.75%
  Batch [250/391] Loss: 1.1773, Acc: 59.00%
  Batch [300/391] Loss: 1.1743, Acc: 58.83%
  Batch [350/391] Loss: 1.1763, Acc: 58.86%
[Epoch 6] Train Loss: 1.1763, Acc: 58.78%  |  Val Loss: 1.0075, Acc: 66.40%  |  Time: 39.3s
  -> Best model saved (66.40%)
[Epoch 6] Summarizing hook timing...

[HOOK_TIMING_SUMMARY] epoch=6
[HOOK_WORK_SUMMARY] label=mpi:ring_zfp_online_coll:rate10 calls=3128 work_total_ms=33400.776 work_mean_ms=10.678 work_min_ms=7.937 work_max_ms=28.665
[HOOK_TAIL_SUMMARY] label=mpi:ring_zfp_online_coll:rate10 steps=391 tail_total_ms=29701.970 tail_mean_ms=75.964 tail_min_ms=72.301 tail_max_ms=107.672
[Epoch 6] Hook timing summary done

[Epoch 7] Training... (lr=0.000839)
  Batch [50/391] Loss: 1.1641, Acc: 61.50%
  Batch [100/391] Loss: 1.1540, Acc: 59.38%
  Batch [150/391] Loss: 1.1493, Acc: 60.17%
  Batch [200/391] Loss: 1.1498, Acc: 60.69%
  Batch [250/391] Loss: 1.1260, Acc: 61.25%
  Batch [300/391] Loss: 1.1142, Acc: 61.62%
  Batch [350/391] Loss: 1.1013, Acc: 62.21%
[Epoch 7] Train Loss: 1.0990, Acc: 62.56%  |  Val Loss: 1.4873, Acc: 68.96%  |  Time: 39.2s
  -> Best model saved (68.96%)
[Epoch 7] Summarizing hook timing...

[HOOK_TIMING_SUMMARY] epoch=7
[HOOK_WORK_SUMMARY] label=mpi:ring_zfp_online_coll:rate10 calls=3128 work_total_ms=33608.170 work_mean_ms=10.744 work_min_ms=7.993 work_max_ms=24.623
[HOOK_TAIL_SUMMARY] label=mpi:ring_zfp_online_coll:rate10 steps=391 tail_total_ms=30084.790 tail_mean_ms=76.943 tail_min_ms=73.386 tail_max_ms=108.670
[Epoch 7] Hook timing summary done

[Epoch 8] Training... (lr=0.000773)
  Batch [50/391] Loss: 1.0667, Acc: 61.00%
  Batch [100/391] Loss: 1.0261, Acc: 64.62%
  Batch [150/391] Loss: 1.0488, Acc: 63.33%
  Batch [200/391] Loss: 1.0355, Acc: 64.25%
  Batch [250/391] Loss: 1.0474, Acc: 63.50%
  Batch [300/391] Loss: 1.0597, Acc: 63.04%
  Batch [350/391] Loss: 1.0722, Acc: 62.89%
[Epoch 8] Train Loss: 1.0758, Acc: 62.78%  |  Val Loss: 0.9705, Acc: 70.88%  |  Time: 39.2s
  -> Best model saved (70.88%)
[Epoch 8] Summarizing hook timing...

[HOOK_TIMING_SUMMARY] epoch=8
[HOOK_WORK_SUMMARY] label=mpi:ring_zfp_online_coll:rate10 calls=3128 work_total_ms=33676.856 work_mean_ms=10.766 work_min_ms=7.939 work_max_ms=27.179
[HOOK_TAIL_SUMMARY] label=mpi:ring_zfp_online_coll:rate10 steps=391 tail_total_ms=30165.213 tail_mean_ms=77.149 tail_min_ms=74.095 tail_max_ms=111.236
[Epoch 8] Hook timing summary done

[Epoch 9] Training... (lr=0.000701)
  Batch [50/391] Loss: 1.0419, Acc: 65.00%
  Batch [100/391] Loss: 1.0244, Acc: 66.75%
  Batch [150/391] Loss: 1.0503, Acc: 65.67%
  Batch [200/391] Loss: 1.0231, Acc: 66.69%
  Batch [250/391] Loss: 1.0082, Acc: 66.60%
  Batch [300/391] Loss: 1.0114, Acc: 66.08%
  Batch [350/391] Loss: 1.0124, Acc: 65.89%
[Epoch 9] Train Loss: 1.0262, Acc: 65.18%  |  Val Loss: 3.3860, Acc: 72.80%  |  Time: 39.4s
  -> Best model saved (72.80%)
[Epoch 9] Summarizing hook timing...

[HOOK_TIMING_SUMMARY] epoch=9
[HOOK_WORK_SUMMARY] label=mpi:ring_zfp_online_coll:rate10 calls=3128 work_total_ms=33815.948 work_mean_ms=10.811 work_min_ms=7.940 work_max_ms=28.905
[HOOK_TAIL_SUMMARY] label=mpi:ring_zfp_online_coll:rate10 steps=391 tail_total_ms=30317.214 tail_mean_ms=77.538 tail_min_ms=74.059 tail_max_ms=109.297
[Epoch 9] Hook timing summary done

[Epoch 10] Training... (lr=0.000623)
  Batch [50/391] Loss: 0.9520, Acc: 66.50%
  Batch [100/391] Loss: 0.9495, Acc: 68.38%
  Batch [150/391] Loss: 0.9621, Acc: 67.92%
  Batch [200/391] Loss: 0.9708, Acc: 67.62%
  Batch [250/391] Loss: 0.9800, Acc: 67.25%
  Batch [300/391] Loss: 0.9833, Acc: 67.00%
  Batch [350/391] Loss: 0.9843, Acc: 67.00%
[Epoch 10] Train Loss: 0.9754, Acc: 67.17%  |  Val Loss: 1.4614, Acc: 74.72%  |  Time: 40.4s
  -> Best model saved (74.72%)
[Epoch 10] Summarizing hook timing...

[HOOK_TIMING_SUMMARY] epoch=10
[HOOK_WORK_SUMMARY] label=mpi:ring_zfp_online_coll:rate10 calls=3128 work_total_ms=34122.445 work_mean_ms=10.909 work_min_ms=7.885 work_max_ms=365.250
[HOOK_TAIL_SUMMARY] label=mpi:ring_zfp_online_coll:rate10 steps=391 tail_total_ms=30643.461 tail_mean_ms=78.372 tail_min_ms=73.974 tail_max_ms=430.954
[Epoch 10] Hook timing summary done

[Epoch 11] Training... (lr=0.000541)
  Batch [50/391] Loss: 0.9761, Acc: 67.25%
  Batch [100/391] Loss: 0.9481, Acc: 68.00%
  Batch [150/391] Loss: 1.0213, Acc: 66.08%
  Batch [200/391] Loss: 1.0197, Acc: 66.38%
  Batch [250/391] Loss: 1.0007, Acc: 66.40%
  Batch [300/391] Loss: 0.9848, Acc: 66.83%
  Batch [350/391] Loss: 0.9860, Acc: 66.43%
[Epoch 11] Train Loss: 0.9827, Acc: 66.40%  |  Val Loss: 2.3751, Acc: 72.00%  |  Time: 39.4s
[Epoch 11] Summarizing hook timing...

[HOOK_TIMING_SUMMARY] epoch=11
[HOOK_WORK_SUMMARY] label=mpi:ring_zfp_online_coll:rate10 calls=3128 work_total_ms=33869.679 work_mean_ms=10.828 work_min_ms=7.922 work_max_ms=223.274
[HOOK_TAIL_SUMMARY] label=mpi:ring_zfp_online_coll:rate10 steps=391 tail_total_ms=30345.211 tail_mean_ms=77.609 tail_min_ms=73.384 tail_max_ms=288.458
[Epoch 11] Hook timing summary done

[Epoch 12] Training... (lr=0.000459)
  Batch [50/391] Loss: 0.9911, Acc: 66.00%
  Batch [100/391] Loss: 0.9997, Acc: 65.50%
  Batch [150/391] Loss: 0.9818, Acc: 67.00%
  Batch [200/391] Loss: 0.9719, Acc: 67.06%
  Batch [250/391] Loss: 0.9755, Acc: 67.05%
  Batch [300/391] Loss: 0.9713, Acc: 67.17%
  Batch [350/391] Loss: 0.9764, Acc: 66.79%
[Epoch 12] Train Loss: 0.9696, Acc: 67.17%  |  Val Loss: 10.2821, Acc: 73.76%  |  Time: 39.4s
[Epoch 12] Summarizing hook timing...

[HOOK_TIMING_SUMMARY] epoch=12
[HOOK_WORK_SUMMARY] label=mpi:ring_zfp_online_coll:rate10 calls=3128 work_total_ms=33750.132 work_mean_ms=10.790 work_min_ms=8.007 work_max_ms=55.438
[HOOK_TAIL_SUMMARY] label=mpi:ring_zfp_online_coll:rate10 steps=391 tail_total_ms=30213.346 tail_mean_ms=77.272 tail_min_ms=73.707 tail_max_ms=125.577
[Epoch 12] Hook timing summary done

[Epoch 13] Training... (lr=0.000377)
  Batch [50/391] Loss: 0.9917, Acc: 64.50%
  Batch [100/391] Loss: 0.9311, Acc: 67.50%
  Batch [150/391] Loss: 0.9253, Acc: 67.92%
  Batch [200/391] Loss: 0.9182, Acc: 68.31%
  Batch [250/391] Loss: 0.9059, Acc: 68.50%
  Batch [300/391] Loss: 0.9112, Acc: 68.29%
  Batch [350/391] Loss: 0.9109, Acc: 68.39%
[Epoch 13] Train Loss: 0.9063, Acc: 68.64%  |  Val Loss: 1.9979, Acc: 76.96%  |  Time: 39.3s
  -> Best model saved (76.96%)
[Epoch 13] Summarizing hook timing...

[HOOK_TIMING_SUMMARY] epoch=13
[HOOK_WORK_SUMMARY] label=mpi:ring_zfp_online_coll:rate10 calls=3128 work_total_ms=33358.394 work_mean_ms=10.664 work_min_ms=8.004 work_max_ms=67.826
[HOOK_TAIL_SUMMARY] label=mpi:ring_zfp_online_coll:rate10 steps=391 tail_total_ms=29699.486 tail_mean_ms=75.958 tail_min_ms=73.028 tail_max_ms=132.751
[Epoch 13] Hook timing summary done

[Epoch 14] Training... (lr=0.000299)
  Batch [50/391] Loss: 1.0400, Acc: 63.75%
  Batch [100/391] Loss: 0.9925, Acc: 65.50%
  Batch [150/391] Loss: 0.9838, Acc: 66.00%
  Batch [200/391] Loss: 0.9782, Acc: 65.94%
  Batch [250/391] Loss: 0.9640, Acc: 66.20%
  Batch [300/391] Loss: 0.9585, Acc: 66.67%
  Batch [350/391] Loss: 0.9563, Acc: 66.86%
[Epoch 14] Train Loss: 0.9577, Acc: 66.78%  |  Val Loss: 19.7966, Acc: 77.76%  |  Time: 39.3s
  -> Best model saved (77.76%)
[Epoch 14] Summarizing hook timing...

[HOOK_TIMING_SUMMARY] epoch=14
[HOOK_WORK_SUMMARY] label=mpi:ring_zfp_online_coll:rate10 calls=3128 work_total_ms=33523.858 work_mean_ms=10.717 work_min_ms=8.009 work_max_ms=26.663
[HOOK_TAIL_SUMMARY] label=mpi:ring_zfp_online_coll:rate10 steps=391 tail_total_ms=29887.941 tail_mean_ms=76.440 tail_min_ms=73.711 tail_max_ms=106.655
[Epoch 14] Hook timing summary done

[Epoch 15] Training... (lr=0.000227)
  Batch [50/391] Loss: 0.8834, Acc: 69.75%
  Batch [100/391] Loss: 0.9300, Acc: 68.25%
  Batch [150/391] Loss: 0.9142, Acc: 68.42%
  Batch [200/391] Loss: 0.8934, Acc: 69.00%
  Batch [250/391] Loss: 0.8874, Acc: 69.55%
  Batch [300/391] Loss: 0.8820, Acc: 69.71%
  Batch [350/391] Loss: 0.8833, Acc: 69.71%
[Epoch 15] Train Loss: 0.8752, Acc: 70.18%  |  Val Loss: 12.9976, Acc: 77.44%  |  Time: 39.5s
[Epoch 15] Summarizing hook timing...

[HOOK_TIMING_SUMMARY] epoch=15
[HOOK_WORK_SUMMARY] label=mpi:ring_zfp_online_coll:rate10 calls=3128 work_total_ms=33817.010 work_mean_ms=10.811 work_min_ms=8.061 work_max_ms=22.627
[HOOK_TAIL_SUMMARY] label=mpi:ring_zfp_online_coll:rate10 steps=391 tail_total_ms=30252.399 tail_mean_ms=77.372 tail_min_ms=73.502 tail_max_ms=104.970
[Epoch 15] Hook timing summary done

[Epoch 16] Training... (lr=0.000161)
  Batch [50/391] Loss: 0.9435, Acc: 71.00%
  Batch [100/391] Loss: 0.9143, Acc: 70.50%
  Batch [150/391] Loss: 0.8893, Acc: 70.75%
  Batch [200/391] Loss: 0.8867, Acc: 70.31%
  Batch [250/391] Loss: 0.8811, Acc: 69.65%
  Batch [300/391] Loss: 0.8811, Acc: 69.75%
  Batch [350/391] Loss: 0.8804, Acc: 70.00%
[Epoch 16] Train Loss: 0.8868, Acc: 69.79%  |  Val Loss: 13.5708, Acc: 77.28%  |  Time: 39.4s
[Epoch 16] Summarizing hook timing...

[HOOK_TIMING_SUMMARY] epoch=16
[HOOK_WORK_SUMMARY] label=mpi:ring_zfp_online_coll:rate10 calls=3128 work_total_ms=33842.475 work_mean_ms=10.819 work_min_ms=7.901 work_max_ms=63.572
[HOOK_TAIL_SUMMARY] label=mpi:ring_zfp_online_coll:rate10 steps=391 tail_total_ms=30353.089 tail_mean_ms=77.629 tail_min_ms=74.166 tail_max_ms=130.338
[Epoch 16] Hook timing summary done

[Epoch 17] Training... (lr=0.000105)
  Batch [50/391] Loss: 0.9724, Acc: 67.00%
  Batch [100/391] Loss: 0.9079, Acc: 67.75%
  Batch [150/391] Loss: 0.8923, Acc: 68.33%
  Batch [200/391] Loss: 0.8970, Acc: 68.69%
  Batch [250/391] Loss: 0.8920, Acc: 68.40%
  Batch [300/391] Loss: 0.8984, Acc: 68.29%
  Batch [350/391] Loss: 0.8974, Acc: 68.54%
[Epoch 17] Train Loss: 0.9061, Acc: 68.38%  |  Val Loss: 26.0230, Acc: 76.80%  |  Time: 39.4s
[Epoch 17] Summarizing hook timing...

[HOOK_TIMING_SUMMARY] epoch=17
[HOOK_WORK_SUMMARY] label=mpi:ring_zfp_online_coll:rate10 calls=3128 work_total_ms=33788.115 work_mean_ms=10.802 work_min_ms=7.924 work_max_ms=75.471
[HOOK_TAIL_SUMMARY] label=mpi:ring_zfp_online_coll:rate10 steps=391 tail_total_ms=30278.753 tail_mean_ms=77.439 tail_min_ms=74.843 tail_max_ms=143.781
[Epoch 17] Hook timing summary done

[Epoch 18] Training... (lr=0.000060)
  Batch [50/391] Loss: 0.9060, Acc: 70.00%
  Batch [100/391] Loss: 0.8996, Acc: 69.62%
  Batch [150/391] Loss: 0.9039, Acc: 68.92%
  Batch [200/391] Loss: 0.8860, Acc: 70.00%
  Batch [250/391] Loss: 0.8958, Acc: 69.50%
  Batch [300/391] Loss: 0.9115, Acc: 68.96%
  Batch [350/391] Loss: 0.9140, Acc: 69.32%
[Epoch 18] Train Loss: 0.9089, Acc: 69.12%  |  Val Loss: 18.9063, Acc: 77.44%  |  Time: 39.4s
[Epoch 18] Summarizing hook timing...

[HOOK_TIMING_SUMMARY] epoch=18
[HOOK_WORK_SUMMARY] label=mpi:ring_zfp_online_coll:rate10 calls=3128 work_total_ms=33849.775 work_mean_ms=10.822 work_min_ms=7.909 work_max_ms=47.370
[HOOK_TAIL_SUMMARY] label=mpi:ring_zfp_online_coll:rate10 steps=391 tail_total_ms=30369.692 tail_mean_ms=77.672 tail_min_ms=74.464 tail_max_ms=115.261
[Epoch 18] Hook timing summary done

[Epoch 19] Training... (lr=0.000027)
  Batch [50/391] Loss: 0.8579, Acc: 68.50%
  Batch [100/391] Loss: 0.8607, Acc: 69.38%
  Batch [150/391] Loss: 0.8619, Acc: 69.42%
  Batch [200/391] Loss: 0.8521, Acc: 70.19%
  Batch [250/391] Loss: 0.8590, Acc: 69.65%
  Batch [300/391] Loss: 0.8444, Acc: 70.00%
  Batch [350/391] Loss: 0.8516, Acc: 70.00%
[Epoch 19] Train Loss: 0.8543, Acc: 70.24%  |  Val Loss: 29.0290, Acc: 75.20%  |  Time: 39.3s
[Epoch 19] Summarizing hook timing...

[HOOK_TIMING_SUMMARY] epoch=19
[HOOK_WORK_SUMMARY] label=mpi:ring_zfp_online_coll:rate10 calls=3128 work_total_ms=33778.218 work_mean_ms=10.799 work_min_ms=7.992 work_max_ms=44.949
[HOOK_TAIL_SUMMARY] label=mpi:ring_zfp_online_coll:rate10 steps=391 tail_total_ms=30313.175 tail_mean_ms=77.527 tail_min_ms=74.556 tail_max_ms=111.934
[Epoch 19] Hook timing summary done

[Epoch 20] Training... (lr=0.000007)
  Batch [50/391] Loss: 0.9078, Acc: 69.00%
  Batch [100/391] Loss: 0.9019, Acc: 69.62%
  Batch [150/391] Loss: 0.8735, Acc: 70.42%
  Batch [200/391] Loss: 0.8569, Acc: 71.25%
  Batch [250/391] Loss: 0.8556, Acc: 71.20%
  Batch [300/391] Loss: 0.8553, Acc: 71.08%
  Batch [350/391] Loss: 0.8595, Acc: 70.64%
[Epoch 20] Train Loss: 0.8628, Acc: 70.75%  |  Val Loss: 7.3111, Acc: 78.88%  |  Time: 39.4s
  -> Best model saved (78.88%)
[Epoch 20] Summarizing hook timing...

[HOOK_TIMING_SUMMARY] epoch=20
[HOOK_WORK_SUMMARY] label=mpi:ring_zfp_online_coll:rate10 calls=3128 work_total_ms=33421.225 work_mean_ms=10.685 work_min_ms=8.015 work_max_ms=64.381
[HOOK_TAIL_SUMMARY] label=mpi:ring_zfp_online_coll:rate10 steps=391 tail_total_ms=29750.920 tail_mean_ms=76.089 tail_min_ms=72.796 tail_max_ms=131.462
[Epoch 20] Hook timing summary done

================================================================================
Done in 800.7s | Best val acc: 78.88%
Epoch times: mean=39.5s  min=39.2s  max=40.7s
================================================================================
=== Finished training: backend=mpi, hook=ring_zfp_online_coll, zfp_rate=10, status=0 at Fri May 22 04:25:20 AM UTC 2026 ===
=== Job finished: Fri May 22 04:25:20 AM UTC 2026 ===
