
================================================================================
Distributed Training: WIDE_RESNET50_2 on CIFAR10
Backend: MPI, Algorithm: ring_zfp_online_coll
================================================================================
Ranks: 16, Epochs: 20, Batch/rank: 8, Effective batch: 128
LR: 0.001, Device: cuda:0

[Setup] Model on cuda:0, wrapped in DDP (static_graph=True)
[Setup] Hook registered: mpi/ring_zfp_online_coll
[Data] Train batches: 391, Val batches: 79


[Epoch 1] Training... (lr=0.000001)
  Batch [50/391] Loss: 2.3584, Acc: 10.00%
  Batch [100/391] Loss: 2.3504, Acc: 10.50%
  Batch [150/391] Loss: 2.3538, Acc: 10.25%
  Batch [200/391] Loss: 2.3483, Acc: 10.50%
  Batch [250/391] Loss: 2.3493, Acc: 10.80%
  Batch [300/391] Loss: 2.3492, Acc: 10.38%
  Batch [350/391] Loss: 2.3475, Acc: 10.50%
[Epoch 1] Train Loss: 2.3490, Acc: 10.30%  |  Val Loss: 23230.0368, Acc: 9.12%  |  Time: 48.7s
  -> Best model saved (9.12%)
[Epoch 1] Summarizing hook timing...

[HOOK_TIMING_SUMMARY] epoch=1
[HOOK_WORK_SUMMARY] label=mpi:ring_zfp_online_coll:rate16 calls=3114 work_total_ms=38374.208 work_mean_ms=12.323 work_min_ms=10.060 work_max_ms=63.756
[HOOK_TAIL_SUMMARY] label=mpi:ring_zfp_online_coll:rate16 steps=392 tail_total_ms=34832.581 tail_mean_ms=88.859 tail_min_ms=37.440 tail_max_ms=199.814
[Epoch 1] Hook timing summary done

[Epoch 2] Training... (lr=0.001000)
  Batch [50/391] Loss: 2.2924, Acc: 15.25%
  Batch [100/391] Loss: 2.2497, Acc: 17.25%
  Batch [150/391] Loss: 2.2070, Acc: 19.42%
  Batch [200/391] Loss: 2.1590, Acc: 22.19%
  Batch [250/391] Loss: 2.1234, Acc: 23.45%
  Batch [300/391] Loss: 2.0739, Acc: 25.50%
  Batch [350/391] Loss: 2.0346, Acc: 26.79%
[Epoch 2] Train Loss: 2.0051, Acc: 28.16%  |  Val Loss: 105.6344, Acc: 39.04%  |  Time: 43.6s
  -> Best model saved (39.04%)
[Epoch 2] Summarizing hook timing...

[HOOK_TIMING_SUMMARY] epoch=2
[HOOK_WORK_SUMMARY] label=mpi:ring_zfp_online_coll:rate16 calls=3128 work_total_ms=38064.928 work_mean_ms=12.169 work_min_ms=9.712 work_max_ms=28.961
[HOOK_TAIL_SUMMARY] label=mpi:ring_zfp_online_coll:rate16 steps=391 tail_total_ms=34628.065 tail_mean_ms=88.563 tail_min_ms=81.574 tail_max_ms=119.235
[Epoch 2] Hook timing summary done

[Epoch 3] Training... (lr=0.000993)
  Batch [50/391] Loss: 1.5605, Acc: 42.25%
  Batch [100/391] Loss: 1.5922, Acc: 41.00%
  Batch [150/391] Loss: 1.5533, Acc: 43.33%
  Batch [200/391] Loss: 1.5638, Acc: 43.62%
  Batch [250/391] Loss: 1.5646, Acc: 43.45%
  Batch [300/391] Loss: 1.5524, Acc: 44.50%
  Batch [350/391] Loss: 1.5470, Acc: 44.46%
[Epoch 3] Train Loss: 1.5327, Acc: 45.38%  |  Val Loss: 27.2479, Acc: 56.96%  |  Time: 43.7s
  -> Best model saved (56.96%)
[Epoch 3] Summarizing hook timing...

[HOOK_TIMING_SUMMARY] epoch=3
[HOOK_WORK_SUMMARY] label=mpi:ring_zfp_online_coll:rate16 calls=3128 work_total_ms=38132.376 work_mean_ms=12.191 work_min_ms=9.830 work_max_ms=29.432
[HOOK_TAIL_SUMMARY] label=mpi:ring_zfp_online_coll:rate16 steps=391 tail_total_ms=34717.167 tail_mean_ms=88.791 tail_min_ms=84.193 tail_max_ms=120.189
[Epoch 3] Hook timing summary done

[Epoch 4] Training... (lr=0.000973)
  Batch [50/391] Loss: 1.3729, Acc: 51.25%
  Batch [100/391] Loss: 1.4092, Acc: 51.12%
  Batch [150/391] Loss: 1.3934, Acc: 50.92%
  Batch [200/391] Loss: 1.3785, Acc: 51.06%
  Batch [250/391] Loss: 1.3805, Acc: 51.95%
  Batch [300/391] Loss: 1.3767, Acc: 52.17%
  Batch [350/391] Loss: 1.3708, Acc: 52.36%
[Epoch 4] Train Loss: 1.3613, Acc: 52.54%  |  Val Loss: 95.2990, Acc: 48.48%  |  Time: 43.6s
[Epoch 4] Summarizing hook timing...

[HOOK_TIMING_SUMMARY] epoch=4
[HOOK_WORK_SUMMARY] label=mpi:ring_zfp_online_coll:rate16 calls=3128 work_total_ms=37936.369 work_mean_ms=12.128 work_min_ms=9.969 work_max_ms=25.816
[HOOK_TAIL_SUMMARY] label=mpi:ring_zfp_online_coll:rate16 steps=391 tail_total_ms=34431.651 tail_mean_ms=88.060 tail_min_ms=83.920 tail_max_ms=120.436
[Epoch 4] Hook timing summary done

[Epoch 5] Training... (lr=0.000940)
  Batch [50/391] Loss: 1.3285, Acc: 53.25%
  Batch [100/391] Loss: 1.3102, Acc: 55.00%
  Batch [150/391] Loss: 1.2825, Acc: 55.58%
  Batch [200/391] Loss: 1.2360, Acc: 57.00%
  Batch [250/391] Loss: 1.2342, Acc: 56.45%
  Batch [300/391] Loss: 1.2161, Acc: 57.17%
  Batch [350/391] Loss: 1.2197, Acc: 57.18%
[Epoch 5] Train Loss: 1.2242, Acc: 57.06%  |  Val Loss: 36.2596, Acc: 56.32%  |  Time: 43.7s
[Epoch 5] Summarizing hook timing...

[HOOK_TIMING_SUMMARY] epoch=5
[HOOK_WORK_SUMMARY] label=mpi:ring_zfp_online_coll:rate16 calls=3128 work_total_ms=38044.901 work_mean_ms=12.163 work_min_ms=9.799 work_max_ms=65.415
[HOOK_TAIL_SUMMARY] label=mpi:ring_zfp_online_coll:rate16 steps=391 tail_total_ms=34507.983 tail_mean_ms=88.256 tail_min_ms=84.628 tail_max_ms=140.792
[Epoch 5] Hook timing summary done

[Epoch 6] Training... (lr=0.000895)
  Batch [50/391] Loss: 1.1031, Acc: 60.25%
  Batch [100/391] Loss: 1.1258, Acc: 60.75%
  Batch [150/391] Loss: 1.1120, Acc: 61.08%
  Batch [200/391] Loss: 1.1154, Acc: 60.62%
  Batch [250/391] Loss: 1.1473, Acc: 59.05%
  Batch [300/391] Loss: 1.1523, Acc: 58.75%
  Batch [350/391] Loss: 1.1609, Acc: 58.32%
[Epoch 6] Train Loss: 1.1566, Acc: 58.66%  |  Val Loss: 15.6635, Acc: 61.60%  |  Time: 43.7s
  -> Best model saved (61.60%)
[Epoch 6] Summarizing hook timing...

[HOOK_TIMING_SUMMARY] epoch=6
[HOOK_WORK_SUMMARY] label=mpi:ring_zfp_online_coll:rate16 calls=3128 work_total_ms=38062.811 work_mean_ms=12.168 work_min_ms=9.801 work_max_ms=39.662
[HOOK_TAIL_SUMMARY] label=mpi:ring_zfp_online_coll:rate16 steps=391 tail_total_ms=34605.902 tail_mean_ms=88.506 tail_min_ms=84.476 tail_max_ms=124.627
[Epoch 6] Hook timing summary done

[Epoch 7] Training... (lr=0.000839)
  Batch [50/391] Loss: 1.1047, Acc: 62.00%
  Batch [100/391] Loss: 1.0947, Acc: 62.62%
  Batch [150/391] Loss: 1.0757, Acc: 63.92%
  Batch [200/391] Loss: 1.0722, Acc: 63.50%
  Batch [250/391] Loss: 1.0613, Acc: 64.00%
  Batch [300/391] Loss: 1.0516, Acc: 64.33%
  Batch [350/391] Loss: 1.0393, Acc: 64.46%
[Epoch 7] Train Loss: 1.0508, Acc: 64.13%  |  Val Loss: 35.8595, Acc: 58.24%  |  Time: 43.7s
[Epoch 7] Summarizing hook timing...

[HOOK_TIMING_SUMMARY] epoch=7
[HOOK_WORK_SUMMARY] label=mpi:ring_zfp_online_coll:rate16 calls=3128 work_total_ms=37709.066 work_mean_ms=12.055 work_min_ms=9.914 work_max_ms=24.057
[HOOK_TAIL_SUMMARY] label=mpi:ring_zfp_online_coll:rate16 steps=391 tail_total_ms=34118.586 tail_mean_ms=87.260 tail_min_ms=84.545 tail_max_ms=116.782
[Epoch 7] Hook timing summary done

[Epoch 8] Training... (lr=0.000773)
  Batch [50/391] Loss: 1.0329, Acc: 63.50%
  Batch [100/391] Loss: 1.0111, Acc: 65.38%
  Batch [150/391] Loss: 1.0358, Acc: 64.25%
  Batch [200/391] Loss: 1.0299, Acc: 64.75%
  Batch [250/391] Loss: 1.0505, Acc: 63.85%
  Batch [300/391] Loss: 1.0478, Acc: 63.79%
  Batch [350/391] Loss: 1.0562, Acc: 63.82%
[Epoch 8] Train Loss: 1.0534, Acc: 63.74%  |  Val Loss: 17.9135, Acc: 62.56%  |  Time: 43.4s
  -> Best model saved (62.56%)
[Epoch 8] Summarizing hook timing...

[HOOK_TIMING_SUMMARY] epoch=8
[HOOK_WORK_SUMMARY] label=mpi:ring_zfp_online_coll:rate16 calls=3128 work_total_ms=37927.452 work_mean_ms=12.125 work_min_ms=9.701 work_max_ms=52.231
[HOOK_TAIL_SUMMARY] label=mpi:ring_zfp_online_coll:rate16 steps=391 tail_total_ms=34505.412 tail_mean_ms=88.249 tail_min_ms=84.537 tail_max_ms=128.301
[Epoch 8] Hook timing summary done

[Epoch 9] Training... (lr=0.000701)
  Batch [50/391] Loss: 1.0537, Acc: 62.50%
  Batch [100/391] Loss: 1.0623, Acc: 63.25%
  Batch [150/391] Loss: 1.0566, Acc: 63.50%
  Batch [200/391] Loss: 1.0244, Acc: 64.31%
  Batch [250/391] Loss: 1.0107, Acc: 65.05%
  Batch [300/391] Loss: 1.0018, Acc: 65.29%
  Batch [350/391] Loss: 0.9948, Acc: 65.39%
[Epoch 9] Train Loss: 0.9970, Acc: 65.54%  |  Val Loss: 49.3631, Acc: 63.84%  |  Time: 43.5s
  -> Best model saved (63.84%)
[Epoch 9] Summarizing hook timing...

[HOOK_TIMING_SUMMARY] epoch=9
[HOOK_WORK_SUMMARY] label=mpi:ring_zfp_online_coll:rate16 calls=3128 work_total_ms=37636.386 work_mean_ms=12.032 work_min_ms=9.747 work_max_ms=26.646
[HOOK_TAIL_SUMMARY] label=mpi:ring_zfp_online_coll:rate16 steps=391 tail_total_ms=34050.107 tail_mean_ms=87.085 tail_min_ms=84.091 tail_max_ms=114.377
[Epoch 9] Hook timing summary done

[Epoch 10] Training... (lr=0.000623)
  Batch [50/391] Loss: 0.9393, Acc: 68.75%
  Batch [100/391] Loss: 0.9212, Acc: 68.25%
  Batch [150/391] Loss: 0.9346, Acc: 67.17%
  Batch [200/391] Loss: 0.9455, Acc: 67.19%
  Batch [250/391] Loss: 0.9577, Acc: 66.40%
  Batch [300/391] Loss: 0.9549, Acc: 65.96%
  Batch [350/391] Loss: 0.9512, Acc: 66.00%
[Epoch 10] Train Loss: 0.9481, Acc: 66.40%  |  Val Loss: 36.1240, Acc: 64.96%  |  Time: 43.6s
  -> Best model saved (64.96%)
[Epoch 10] Summarizing hook timing...

[HOOK_TIMING_SUMMARY] epoch=10
[HOOK_WORK_SUMMARY] label=mpi:ring_zfp_online_coll:rate16 calls=3128 work_total_ms=37597.243 work_mean_ms=12.020 work_min_ms=9.819 work_max_ms=32.454
[HOOK_TAIL_SUMMARY] label=mpi:ring_zfp_online_coll:rate16 steps=391 tail_total_ms=33992.056 tail_mean_ms=86.936 tail_min_ms=82.942 tail_max_ms=121.383
[Epoch 10] Hook timing summary done

[Epoch 11] Training... (lr=0.000541)
  Batch [50/391] Loss: 0.9187, Acc: 68.50%
  Batch [100/391] Loss: 0.9230, Acc: 68.88%
  Batch [150/391] Loss: 0.9520, Acc: 68.25%
  Batch [200/391] Loss: 0.9467, Acc: 67.69%
  Batch [250/391] Loss: 0.9267, Acc: 68.50%
  Batch [300/391] Loss: 0.9187, Acc: 68.46%
  Batch [350/391] Loss: 0.9121, Acc: 68.32%
[Epoch 11] Train Loss: 0.9092, Acc: 68.38%  |  Val Loss: 49.8521, Acc: 62.56%  |  Time: 43.5s
[Epoch 11] Summarizing hook timing...

[HOOK_TIMING_SUMMARY] epoch=11
[HOOK_WORK_SUMMARY] label=mpi:ring_zfp_online_coll:rate16 calls=3128 work_total_ms=37893.544 work_mean_ms=12.114 work_min_ms=9.750 work_max_ms=27.485
[HOOK_TAIL_SUMMARY] label=mpi:ring_zfp_online_coll:rate16 steps=391 tail_total_ms=34489.474 tail_mean_ms=88.208 tail_min_ms=85.132 tail_max_ms=124.185
[Epoch 11] Hook timing summary done

[Epoch 12] Training... (lr=0.000459)
  Batch [50/391] Loss: 0.9423, Acc: 66.75%
  Batch [100/391] Loss: 0.9659, Acc: 66.00%
  Batch [150/391] Loss: 0.9509, Acc: 67.75%
  Batch [200/391] Loss: 0.9311, Acc: 68.25%
  Batch [250/391] Loss: 0.9200, Acc: 68.80%
  Batch [300/391] Loss: 0.9142, Acc: 69.46%
  Batch [350/391] Loss: 0.9111, Acc: 69.61%
[Epoch 12] Train Loss: 0.8990, Acc: 69.70%  |  Val Loss: 33.9870, Acc: 65.60%  |  Time: 43.4s
  -> Best model saved (65.60%)
[Epoch 12] Summarizing hook timing...

[HOOK_TIMING_SUMMARY] epoch=12
[HOOK_WORK_SUMMARY] label=mpi:ring_zfp_online_coll:rate16 calls=3128 work_total_ms=37879.464 work_mean_ms=12.110 work_min_ms=9.737 work_max_ms=39.141
[HOOK_TAIL_SUMMARY] label=mpi:ring_zfp_online_coll:rate16 steps=391 tail_total_ms=34448.494 tail_mean_ms=88.104 tail_min_ms=85.140 tail_max_ms=123.434
[Epoch 12] Hook timing summary done

[Epoch 13] Training... (lr=0.000377)
  Batch [50/391] Loss: 0.8948, Acc: 69.00%
  Batch [100/391] Loss: 0.8439, Acc: 70.00%
  Batch [150/391] Loss: 0.8571, Acc: 70.75%
  Batch [200/391] Loss: 0.8531, Acc: 71.19%
  Batch [250/391] Loss: 0.8404, Acc: 71.70%
  Batch [300/391] Loss: 0.8421, Acc: 71.54%
  Batch [350/391] Loss: 0.8467, Acc: 71.32%
[Epoch 13] Train Loss: 0.8418, Acc: 71.52%  |  Val Loss: 20.5939, Acc: 70.88%  |  Time: 43.5s
  -> Best model saved (70.88%)
[Epoch 13] Summarizing hook timing...

[HOOK_TIMING_SUMMARY] epoch=13
[HOOK_WORK_SUMMARY] label=mpi:ring_zfp_online_coll:rate16 calls=3128 work_total_ms=38008.280 work_mean_ms=12.151 work_min_ms=9.738 work_max_ms=26.277
[HOOK_TAIL_SUMMARY] label=mpi:ring_zfp_online_coll:rate16 steps=391 tail_total_ms=34585.649 tail_mean_ms=88.454 tail_min_ms=83.571 tail_max_ms=121.684
[Epoch 13] Hook timing summary done

[Epoch 14] Training... (lr=0.000299)
  Batch [50/391] Loss: 0.9284, Acc: 68.75%
  Batch [100/391] Loss: 0.9240, Acc: 68.62%
  Batch [150/391] Loss: 0.9226, Acc: 68.75%
  Batch [200/391] Loss: 0.9144, Acc: 69.06%
  Batch [250/391] Loss: 0.8973, Acc: 69.80%
  Batch [300/391] Loss: 0.8964, Acc: 70.00%
  Batch [350/391] Loss: 0.8960, Acc: 70.00%
[Epoch 14] Train Loss: 0.8967, Acc: 70.11%  |  Val Loss: 56.2932, Acc: 64.64%  |  Time: 43.5s
[Epoch 14] Summarizing hook timing...

[HOOK_TIMING_SUMMARY] epoch=14
[HOOK_WORK_SUMMARY] label=mpi:ring_zfp_online_coll:rate16 calls=3128 work_total_ms=38008.036 work_mean_ms=12.151 work_min_ms=9.756 work_max_ms=30.644
[HOOK_TAIL_SUMMARY] label=mpi:ring_zfp_online_coll:rate16 steps=391 tail_total_ms=34590.902 tail_mean_ms=88.468 tail_min_ms=85.108 tail_max_ms=123.467
[Epoch 14] Hook timing summary done

[Epoch 15] Training... (lr=0.000227)
  Batch [50/391] Loss: 0.8419, Acc: 69.25%
  Batch [100/391] Loss: 0.8852, Acc: 69.38%
  Batch [150/391] Loss: 0.8464, Acc: 70.92%
  Batch [200/391] Loss: 0.8339, Acc: 71.62%
  Batch [250/391] Loss: 0.8432, Acc: 71.90%
  Batch [300/391] Loss: 0.8351, Acc: 71.58%
  Batch [350/391] Loss: 0.8426, Acc: 71.21%
[Epoch 15] Train Loss: 0.8393, Acc: 71.33%  |  Val Loss: 16.5096, Acc: 72.16%  |  Time: 43.7s
  -> Best model saved (72.16%)
[Epoch 15] Summarizing hook timing...

[HOOK_TIMING_SUMMARY] epoch=15
[HOOK_WORK_SUMMARY] label=mpi:ring_zfp_online_coll:rate16 calls=3128 work_total_ms=37699.009 work_mean_ms=12.052 work_min_ms=9.755 work_max_ms=59.876
[HOOK_TAIL_SUMMARY] label=mpi:ring_zfp_online_coll:rate16 steps=391 tail_total_ms=34100.305 tail_mean_ms=87.213 tail_min_ms=84.585 tail_max_ms=134.405
[Epoch 15] Hook timing summary done

[Epoch 16] Training... (lr=0.000161)
  Batch [50/391] Loss: 0.9288, Acc: 69.75%
  Batch [100/391] Loss: 0.8772, Acc: 71.12%
  Batch [150/391] Loss: 0.8502, Acc: 71.50%
  Batch [200/391] Loss: 0.8336, Acc: 71.94%
  Batch [250/391] Loss: 0.8354, Acc: 71.45%
  Batch [300/391] Loss: 0.8356, Acc: 71.38%
  Batch [350/391] Loss: 0.8412, Acc: 71.25%
[Epoch 16] Train Loss: 0.8425, Acc: 71.04%  |  Val Loss: 92.8472, Acc: 61.44%  |  Time: 43.5s
[Epoch 16] Summarizing hook timing...

[HOOK_TIMING_SUMMARY] epoch=16
[HOOK_WORK_SUMMARY] label=mpi:ring_zfp_online_coll:rate16 calls=3128 work_total_ms=38017.840 work_mean_ms=12.154 work_min_ms=9.735 work_max_ms=28.150
[HOOK_TAIL_SUMMARY] label=mpi:ring_zfp_online_coll:rate16 steps=391 tail_total_ms=34599.084 tail_mean_ms=88.489 tail_min_ms=83.362 tail_max_ms=125.139
[Epoch 16] Hook timing summary done

[Epoch 17] Training... (lr=0.000105)
  Batch [50/391] Loss: 0.8268, Acc: 72.25%
  Batch [100/391] Loss: 0.8102, Acc: 71.38%
  Batch [150/391] Loss: 0.8352, Acc: 71.00%
  Batch [200/391] Loss: 0.8345, Acc: 71.50%
  Batch [250/391] Loss: 0.8283, Acc: 71.30%
  Batch [300/391] Loss: 0.8384, Acc: 71.25%
  Batch [350/391] Loss: 0.8380, Acc: 71.32%
[Epoch 17] Train Loss: 0.8505, Acc: 70.82%  |  Val Loss: 50.9585, Acc: 65.12%  |  Time: 43.4s
[Epoch 17] Summarizing hook timing...

[HOOK_TIMING_SUMMARY] epoch=17
[HOOK_WORK_SUMMARY] label=mpi:ring_zfp_online_coll:rate16 calls=3128 work_total_ms=37859.233 work_mean_ms=12.103 work_min_ms=9.758 work_max_ms=58.328
[HOOK_TAIL_SUMMARY] label=mpi:ring_zfp_online_coll:rate16 steps=391 tail_total_ms=34417.748 tail_mean_ms=88.025 tail_min_ms=85.281 tail_max_ms=132.675
[Epoch 17] Hook timing summary done

[Epoch 18] Training... (lr=0.000060)
  Batch [50/391] Loss: 0.8355, Acc: 72.25%
  Batch [100/391] Loss: 0.8240, Acc: 72.25%
  Batch [150/391] Loss: 0.8080, Acc: 72.33%
  Batch [200/391] Loss: 0.8078, Acc: 72.56%
  Batch [250/391] Loss: 0.8173, Acc: 72.50%
  Batch [300/391] Loss: 0.8442, Acc: 71.71%
  Batch [350/391] Loss: 0.8500, Acc: 71.54%
[Epoch 18] Train Loss: 0.8448, Acc: 71.55%  |  Val Loss: 41.0815, Acc: 67.36%  |  Time: 43.4s
[Epoch 18] Summarizing hook timing...

[HOOK_TIMING_SUMMARY] epoch=18
[HOOK_WORK_SUMMARY] label=mpi:ring_zfp_online_coll:rate16 calls=3128 work_total_ms=37870.426 work_mean_ms=12.107 work_min_ms=9.906 work_max_ms=50.549
[HOOK_TAIL_SUMMARY] label=mpi:ring_zfp_online_coll:rate16 steps=391 tail_total_ms=34473.629 tail_mean_ms=88.168 tail_min_ms=85.096 tail_max_ms=127.618
[Epoch 18] Hook timing summary done

[Epoch 19] Training... (lr=0.000027)
  Batch [50/391] Loss: 0.8072, Acc: 70.75%
  Batch [100/391] Loss: 0.8557, Acc: 68.12%
  Batch [150/391] Loss: 0.8429, Acc: 69.50%
  Batch [200/391] Loss: 0.8344, Acc: 70.38%
  Batch [250/391] Loss: 0.8341, Acc: 70.65%
  Batch [300/391] Loss: 0.8189, Acc: 70.96%
  Batch [350/391] Loss: 0.8203, Acc: 70.82%
[Epoch 19] Train Loss: 0.8241, Acc: 70.98%  |  Val Loss: 52.9088, Acc: 65.76%  |  Time: 43.4s
[Epoch 19] Summarizing hook timing...

[HOOK_TIMING_SUMMARY] epoch=19
[HOOK_WORK_SUMMARY] label=mpi:ring_zfp_online_coll:rate16 calls=3128 work_total_ms=37939.829 work_mean_ms=12.129 work_min_ms=9.625 work_max_ms=33.512
[HOOK_TAIL_SUMMARY] label=mpi:ring_zfp_online_coll:rate16 steps=391 tail_total_ms=34568.620 tail_mean_ms=88.411 tail_min_ms=85.571 tail_max_ms=119.504
[Epoch 19] Hook timing summary done

[Epoch 20] Training... (lr=0.000007)
  Batch [50/391] Loss: 0.8447, Acc: 71.50%
  Batch [100/391] Loss: 0.8676, Acc: 70.00%
  Batch [150/391] Loss: 0.8433, Acc: 71.08%
  Batch [200/391] Loss: 0.8324, Acc: 71.69%
  Batch [250/391] Loss: 0.8323, Acc: 71.95%
  Batch [300/391] Loss: 0.8306, Acc: 71.92%
  Batch [350/391] Loss: 0.8340, Acc: 71.32%
[Epoch 20] Train Loss: 0.8330, Acc: 71.55%  |  Val Loss: 20.4943, Acc: 68.48%  |  Time: 43.5s
[Epoch 20] Summarizing hook timing...

[HOOK_TIMING_SUMMARY] epoch=20
[HOOK_WORK_SUMMARY] label=mpi:ring_zfp_online_coll:rate16 calls=3128 work_total_ms=38016.154 work_mean_ms=12.154 work_min_ms=9.701 work_max_ms=46.849
[HOOK_TAIL_SUMMARY] label=mpi:ring_zfp_online_coll:rate16 steps=391 tail_total_ms=34646.498 tail_mean_ms=88.610 tail_min_ms=85.180 tail_max_ms=122.457
[Epoch 20] Hook timing summary done

================================================================================
Done in 884.6s | Best val acc: 72.16%
Epoch times: mean=43.8s  min=43.4s  max=48.7s
================================================================================
