=== Job started: Thu May 21 02:29:24 PM UTC 2026 ===
=== Node: x3102c0s1b1n0 ===

The following have been reloaded with a version change:
  1) gcc-native/14 => gcc-native/13


The following have been reloaded with a version change:
  1) gcc-native/13 => gcc-native/14.2

[INFO] GTL preloaded: /opt/cray/pe/mpich/9.0.1/ofi/nvidia/23.3/lib/libmpi_gtl_cuda.so
=============================================
  Polaris DDP + Eagle PyTorch + Cray MPICH
=============================================
Node              : x3102c0s1b1n0
ZFP_HOME          : /home/mrest/mpiAllReduceCompressed/zfp-install
GTL               : /opt/cray/pe/mpich/9.0.1/ofi/nvidia/23.3/lib/libmpi_gtl_cuda.so
MPICH_GPU_SUPPORT : 1

PyTorch version   : 2.8.0a0+gitba56102
PyTorch location  : /lus/eagle/projects/UIC-HPC/mrest/pytorch_mpi_build/src/pytorch/torch/__init__.py
CUDA available    : True 4
MPI available     : True
mpi4py            : MPI VERSION    : CRAY MPICH version 9.0.1.498 (ANL base 4.1.2)
mpi4py rank test  : rank 0 OK
=============================================
=== Starting training: backend=mpi, hook=None at Thu May 21 02:30:00 PM UTC 2026 ===

================================================================================
DISTRIBUTED TRAINING LAUNCHER
================================================================================
  Model:      wide_resnet50_2 (pretrained)
  Dataset:    cifar10 (10 classes)
  Backend:    mpi
  Algorithm:  built-in (no hook)
  Epochs:     20
  Batch/rank: 16
  LR:         0.001
================================================================================


================================================================================
Distributed Training: WIDE_RESNET50_2 on CIFAR10
Backend: MPI, Algorithm: built-in (no hook)
================================================================================
Ranks: 8, Epochs: 20, Batch/rank: 16, Effective batch: 128
LR: 0.001, Device: cuda:0

[Setup] Model on cuda:0, wrapped in DDP (static_graph=True)
[Setup] No hook — using DDP built-in MPI allreduce
[Data] Train batches: 391, Val batches: 79


[Epoch 1] Training... (lr=0.000001)

================================================================================
DISTRIBUTED TRAINING LAUNCHER
================================================================================
  Model:      wide_resnet50_2 (pretrained)
  Dataset:    cifar10 (10 classes)
  Backend:    mpi
  Algorithm:  built-in (no hook)
  Epochs:     20
  Batch/rank: 16
  LR:         0.001
================================================================================


================================================================================
DISTRIBUTED TRAINING LAUNCHER
================================================================================
  Model:      wide_resnet50_2 (pretrained)
  Dataset:    cifar10 (10 classes)
  Backend:    mpi
  Algorithm:  built-in (no hook)
  Epochs:     20
  Batch/rank: 16
  LR:         0.001
================================================================================


================================================================================
DISTRIBUTED TRAINING LAUNCHER
================================================================================
  Model:      wide_resnet50_2 (pretrained)
  Dataset:    cifar10 (10 classes)
  Backend:    mpi
  Algorithm:  built-in (no hook)
  Epochs:     20
  Batch/rank: 16
  LR:         0.001
================================================================================


================================================================================
DISTRIBUTED TRAINING LAUNCHER
================================================================================
  Model:      wide_resnet50_2 (pretrained)
  Dataset:    cifar10 (10 classes)
  Backend:    mpi
  Algorithm:  built-in (no hook)
  Epochs:     20
  Batch/rank: 16
  LR:         0.001
================================================================================


================================================================================
DISTRIBUTED TRAINING LAUNCHER
================================================================================
  Model:      wide_resnet50_2 (pretrained)
  Dataset:    cifar10 (10 classes)
  Backend:    mpi
  Algorithm:  built-in (no hook)
  Epochs:     20
  Batch/rank: 16
  LR:         0.001
================================================================================


================================================================================
DISTRIBUTED TRAINING LAUNCHER
================================================================================
  Model:      wide_resnet50_2 (pretrained)
  Dataset:    cifar10 (10 classes)
  Backend:    mpi
  Algorithm:  built-in (no hook)
  Epochs:     20
  Batch/rank: 16
  LR:         0.001
================================================================================


================================================================================
DISTRIBUTED TRAINING LAUNCHER
================================================================================
  Model:      wide_resnet50_2 (pretrained)
  Dataset:    cifar10 (10 classes)
  Backend:    mpi
  Algorithm:  built-in (no hook)
  Epochs:     20
  Batch/rank: 16
  LR:         0.001
================================================================================

  Batch [50/391] Loss: 2.3765, Acc: 9.88%
  Batch [100/391] Loss: 2.3739, Acc: 9.81%
  Batch [150/391] Loss: 2.3703, Acc: 10.08%
  Batch [200/391] Loss: 2.3716, Acc: 9.75%
  Batch [250/391] Loss: 2.3691, Acc: 9.90%
  Batch [300/391] Loss: 2.3736, Acc: 9.83%
  Batch [350/391] Loss: 2.3689, Acc: 10.16%
[Epoch 1] Train Loss: 2.3726, Acc: 10.11%  |  Val Loss: 7348.2005, Acc: 9.92%  |  Time: 20.8s
  -> Best model saved (9.92%)

[Epoch 2] Training... (lr=0.001000)
  Batch [50/391] Loss: 2.2705, Acc: 16.12%
  Batch [100/391] Loss: 2.1877, Acc: 19.69%
  Batch [150/391] Loss: 2.1175, Acc: 23.42%
  Batch [200/391] Loss: 2.0394, Acc: 26.59%
  Batch [250/391] Loss: 1.9762, Acc: 29.25%
  Batch [300/391] Loss: 1.9155, Acc: 31.60%
  Batch [350/391] Loss: 1.8690, Acc: 33.48%
[Epoch 2] Train Loss: 1.8372, Acc: 34.69%  |  Val Loss: 35.0177, Acc: 55.36%  |  Time: 16.7s
  -> Best model saved (55.36%)

[Epoch 3] Training... (lr=0.000993)
  Batch [50/391] Loss: 1.4621, Acc: 49.50%
  Batch [100/391] Loss: 1.4266, Acc: 49.50%
  Batch [150/391] Loss: 1.3824, Acc: 50.58%
  Batch [200/391] Loss: 1.3609, Acc: 51.66%
  Batch [250/391] Loss: 1.3399, Acc: 52.77%
  Batch [300/391] Loss: 1.3232, Acc: 53.52%
  Batch [350/391] Loss: 1.3098, Acc: 54.25%
[Epoch 3] Train Loss: 1.3032, Acc: 54.45%  |  Val Loss: 14.3808, Acc: 66.00%  |  Time: 16.6s
  -> Best model saved (66.00%)

[Epoch 4] Training... (lr=0.000973)
  Batch [50/391] Loss: 1.1473, Acc: 59.38%
  Batch [100/391] Loss: 1.1763, Acc: 59.25%
  Batch [150/391] Loss: 1.1549, Acc: 59.92%
  Batch [200/391] Loss: 1.1499, Acc: 60.06%
  Batch [250/391] Loss: 1.1337, Acc: 60.55%
  Batch [300/391] Loss: 1.1218, Acc: 61.04%
  Batch [350/391] Loss: 1.1154, Acc: 61.46%
[Epoch 4] Train Loss: 1.1044, Acc: 61.76%  |  Val Loss: 5.9549, Acc: 72.40%  |  Time: 16.6s
  -> Best model saved (72.40%)

[Epoch 5] Training... (lr=0.000940)
  Batch [50/391] Loss: 1.0319, Acc: 63.50%
  Batch [100/391] Loss: 1.0315, Acc: 63.50%
  Batch [150/391] Loss: 0.9999, Acc: 64.71%
  Batch [200/391] Loss: 0.9877, Acc: 65.72%
  Batch [250/391] Loss: 0.9902, Acc: 65.70%
  Batch [300/391] Loss: 0.9808, Acc: 66.00%
  Batch [350/391] Loss: 0.9861, Acc: 65.86%
[Epoch 5] Train Loss: 0.9856, Acc: 65.79%  |  Val Loss: 1.6055, Acc: 75.28%  |  Time: 16.5s
  -> Best model saved (75.28%)

[Epoch 6] Training... (lr=0.000895)
  Batch [50/391] Loss: 0.9312, Acc: 68.12%
  Batch [100/391] Loss: 0.9093, Acc: 68.94%
  Batch [150/391] Loss: 0.9158, Acc: 68.33%
  Batch [200/391] Loss: 0.8996, Acc: 68.75%
  Batch [250/391] Loss: 0.9010, Acc: 68.78%
  Batch [300/391] Loss: 0.8985, Acc: 69.04%
  Batch [350/391] Loss: 0.9045, Acc: 69.04%
[Epoch 6] Train Loss: 0.8976, Acc: 69.39%  |  Val Loss: 0.8693, Acc: 74.80%  |  Time: 16.5s

[Epoch 7] Training... (lr=0.000839)
  Batch [50/391] Loss: 0.8389, Acc: 70.25%
  Batch [100/391] Loss: 0.8009, Acc: 71.62%
  Batch [150/391] Loss: 0.8141, Acc: 71.62%
  Batch [200/391] Loss: 0.8068, Acc: 72.06%
  Batch [250/391] Loss: 0.8108, Acc: 71.72%
  Batch [300/391] Loss: 0.7984, Acc: 72.19%
  Batch [350/391] Loss: 0.7964, Acc: 72.20%
[Epoch 7] Train Loss: 0.8039, Acc: 72.19%  |  Val Loss: 1.2361, Acc: 77.44%  |  Time: 16.6s
  -> Best model saved (77.44%)

[Epoch 8] Training... (lr=0.000773)
  Batch [50/391] Loss: 0.8311, Acc: 71.25%
  Batch [100/391] Loss: 0.7836, Acc: 73.38%
  Batch [150/391] Loss: 0.8113, Acc: 72.92%
  Batch [200/391] Loss: 0.8074, Acc: 73.09%
  Batch [250/391] Loss: 0.8126, Acc: 72.60%
  Batch [300/391] Loss: 0.8040, Acc: 73.15%
  Batch [350/391] Loss: 0.8074, Acc: 72.79%
[Epoch 8] Train Loss: 0.8101, Acc: 72.67%  |  Val Loss: 1.1145, Acc: 76.00%  |  Time: 16.6s

[Epoch 9] Training... (lr=0.000701)
  Batch [50/391] Loss: 0.8273, Acc: 71.62%
  Batch [100/391] Loss: 0.8137, Acc: 72.75%
  Batch [150/391] Loss: 0.7988, Acc: 73.08%
  Batch [200/391] Loss: 0.7763, Acc: 73.88%
  Batch [250/391] Loss: 0.7721, Acc: 73.92%
  Batch [300/391] Loss: 0.7673, Acc: 74.06%
  Batch [350/391] Loss: 0.7662, Acc: 74.14%
[Epoch 9] Train Loss: 0.7653, Acc: 74.02%  |  Val Loss: 1.4844, Acc: 77.60%  |  Time: 16.7s
  -> Best model saved (77.60%)

[Epoch 10] Training... (lr=0.000623)
  Batch [50/391] Loss: 0.6829, Acc: 76.25%
  Batch [100/391] Loss: 0.7024, Acc: 75.69%
  Batch [150/391] Loss: 0.6967, Acc: 75.50%
  Batch [200/391] Loss: 0.7152, Acc: 75.19%
  Batch [250/391] Loss: 0.7141, Acc: 75.15%
  Batch [300/391] Loss: 0.7188, Acc: 75.04%
  Batch [350/391] Loss: 0.7219, Acc: 74.82%
[Epoch 10] Train Loss: 0.7179, Acc: 74.88%  |  Val Loss: 1.0449, Acc: 79.36%  |  Time: 16.6s
  -> Best model saved (79.36%)

[Epoch 11] Training... (lr=0.000541)
  Batch [50/391] Loss: 0.6907, Acc: 76.38%
  Batch [100/391] Loss: 0.7060, Acc: 75.75%
  Batch [150/391] Loss: 0.7165, Acc: 75.12%
  Batch [200/391] Loss: 0.7175, Acc: 75.19%
  Batch [250/391] Loss: 0.7096, Acc: 75.62%
  Batch [300/391] Loss: 0.7020, Acc: 76.21%
  Batch [350/391] Loss: 0.6965, Acc: 76.43%
[Epoch 11] Train Loss: 0.6959, Acc: 76.50%  |  Val Loss: 0.9839, Acc: 78.24%  |  Time: 16.7s

[Epoch 12] Training... (lr=0.000459)
  Batch [50/391] Loss: 0.6644, Acc: 77.62%
  Batch [100/391] Loss: 0.6523, Acc: 77.06%
  Batch [150/391] Loss: 0.6530, Acc: 77.04%
  Batch [200/391] Loss: 0.6474, Acc: 77.50%
  Batch [250/391] Loss: 0.6466, Acc: 77.55%
  Batch [300/391] Loss: 0.6554, Acc: 77.35%
  Batch [350/391] Loss: 0.6632, Acc: 77.14%
[Epoch 12] Train Loss: 0.6623, Acc: 77.01%  |  Val Loss: 1.1499, Acc: 82.08%  |  Time: 16.7s
  -> Best model saved (82.08%)

[Epoch 13] Training... (lr=0.000377)
  Batch [50/391] Loss: 0.6895, Acc: 76.88%
  Batch [100/391] Loss: 0.6415, Acc: 78.38%
  Batch [150/391] Loss: 0.6493, Acc: 77.92%
  Batch [200/391] Loss: 0.6619, Acc: 77.16%
  Batch [250/391] Loss: 0.6490, Acc: 77.62%
  Batch [300/391] Loss: 0.6504, Acc: 77.48%
  Batch [350/391] Loss: 0.6454, Acc: 77.55%
[Epoch 13] Train Loss: 0.6471, Acc: 77.55%  |  Val Loss: 0.7278, Acc: 79.92%  |  Time: 16.6s

[Epoch 14] Training... (lr=0.000299)
  Batch [50/391] Loss: 0.6816, Acc: 76.50%
  Batch [100/391] Loss: 0.6821, Acc: 76.12%
  Batch [150/391] Loss: 0.6738, Acc: 76.21%
  Batch [200/391] Loss: 0.6780, Acc: 76.47%
  Batch [250/391] Loss: 0.6745, Acc: 76.75%
  Batch [300/391] Loss: 0.6928, Acc: 76.04%
  Batch [350/391] Loss: 0.6877, Acc: 76.30%
[Epoch 14] Train Loss: 0.6870, Acc: 76.40%  |  Val Loss: 0.9582, Acc: 81.44%  |  Time: 16.7s

[Epoch 15] Training... (lr=0.000227)
  Batch [50/391] Loss: 0.5950, Acc: 80.12%
  Batch [100/391] Loss: 0.6473, Acc: 77.94%
  Batch [150/391] Loss: 0.6280, Acc: 78.92%
  Batch [200/391] Loss: 0.6349, Acc: 78.91%
  Batch [250/391] Loss: 0.6311, Acc: 78.75%
  Batch [300/391] Loss: 0.6370, Acc: 78.40%
  Batch [350/391] Loss: 0.6362, Acc: 78.43%
[Epoch 15] Train Loss: 0.6333, Acc: 78.45%  |  Val Loss: 1.0200, Acc: 81.36%  |  Time: 16.7s

[Epoch 16] Training... (lr=0.000161)
  Batch [50/391] Loss: 0.6894, Acc: 78.75%
  Batch [100/391] Loss: 0.6503, Acc: 78.50%
  Batch [150/391] Loss: 0.6429, Acc: 78.83%
  Batch [200/391] Loss: 0.6472, Acc: 78.59%
  Batch [250/391] Loss: 0.6420, Acc: 78.60%
  Batch [300/391] Loss: 0.6403, Acc: 78.67%
  Batch [350/391] Loss: 0.6476, Acc: 78.36%
[Epoch 16] Train Loss: 0.6440, Acc: 78.27%  |  Val Loss: 1.0329, Acc: 81.44%  |  Time: 16.6s

[Epoch 17] Training... (lr=0.000105)
  Batch [50/391] Loss: 0.5804, Acc: 79.62%
  Batch [100/391] Loss: 0.5590, Acc: 80.62%
  Batch [150/391] Loss: 0.5928, Acc: 79.42%
  Batch [200/391] Loss: 0.6036, Acc: 79.03%
  Batch [250/391] Loss: 0.6110, Acc: 78.83%
  Batch [300/391] Loss: 0.6203, Acc: 78.42%
  Batch [350/391] Loss: 0.6140, Acc: 78.75%
[Epoch 17] Train Loss: 0.6251, Acc: 78.35%  |  Val Loss: 1.5532, Acc: 81.36%  |  Time: 16.6s

[Epoch 18] Training... (lr=0.000060)
  Batch [50/391] Loss: 0.6321, Acc: 76.50%
  Batch [100/391] Loss: 0.6347, Acc: 77.38%
  Batch [150/391] Loss: 0.6216, Acc: 78.08%
  Batch [200/391] Loss: 0.6227, Acc: 78.28%
  Batch [250/391] Loss: 0.6275, Acc: 78.03%
  Batch [300/391] Loss: 0.6319, Acc: 77.90%
  Batch [350/391] Loss: 0.6329, Acc: 77.86%
[Epoch 18] Train Loss: 0.6277, Acc: 77.98%  |  Val Loss: 1.0134, Acc: 81.36%  |  Time: 16.7s

[Epoch 19] Training... (lr=0.000027)
  Batch [50/391] Loss: 0.5940, Acc: 79.50%
  Batch [100/391] Loss: 0.6164, Acc: 78.12%
  Batch [150/391] Loss: 0.6033, Acc: 79.08%
  Batch [200/391] Loss: 0.6207, Acc: 78.88%
  Batch [250/391] Loss: 0.6212, Acc: 79.10%
  Batch [300/391] Loss: 0.6204, Acc: 79.02%
  Batch [350/391] Loss: 0.6184, Acc: 78.77%
[Epoch 19] Train Loss: 0.6189, Acc: 78.86%  |  Val Loss: 1.2819, Acc: 81.76%  |  Time: 16.5s

[Epoch 20] Training... (lr=0.000007)
  Batch [50/391] Loss: 0.6115, Acc: 77.12%
  Batch [100/391] Loss: 0.6206, Acc: 77.44%
  Batch [150/391] Loss: 0.6292, Acc: 77.58%
  Batch [200/391] Loss: 0.6300, Acc: 77.59%
  Batch [250/391] Loss: 0.6255, Acc: 77.92%
  Batch [300/391] Loss: 0.6283, Acc: 78.06%
  Batch [350/391] Loss: 0.6214, Acc: 78.50%
[Epoch 20] Train Loss: 0.6224, Acc: 78.46%  |  Val Loss: 3.4182, Acc: 80.08%  |  Time: 16.5s

================================================================================
Done in 344.2s | Best val acc: 82.08%
Epoch times: mean=16.8s  min=16.5s  max=20.8s
================================================================================
=== Finished training: backend=mpi, hook=None, status=0 at Thu May 21 02:36:08 PM UTC 2026 ===
=== Starting training: backend=mpi, hook=ring at Thu May 21 02:36:08 PM UTC 2026 ===

================================================================================
DISTRIBUTED TRAINING LAUNCHER
================================================================================
  Model:      wide_resnet50_2 (pretrained)
  Dataset:    cifar10 (10 classes)
  Backend:    mpi
  Algorithm:  ring
  Epochs:     20
  Batch/rank: 16
  LR:         0.001
================================================================================


================================================================================
Distributed Training: WIDE_RESNET50_2 on CIFAR10
Backend: MPI, Algorithm: ring
================================================================================
Ranks: 8, Epochs: 20, Batch/rank: 16, Effective batch: 128
LR: 0.001, Device: cuda:0

[Setup] Model on cuda:0, wrapped in DDP (static_graph=True)
[Setup] Hook registered: mpi/ring

================================================================================
DISTRIBUTED TRAINING LAUNCHER
================================================================================
  Model:      wide_resnet50_2 (pretrained)
  Dataset:    cifar10 (10 classes)
  Backend:    mpi
  Algorithm:  ring
  Epochs:     20
  Batch/rank: 16
  LR:         0.001
================================================================================


================================================================================
DISTRIBUTED TRAINING LAUNCHER
================================================================================
  Model:      wide_resnet50_2 (pretrained)
  Dataset:    cifar10 (10 classes)
  Backend:    mpi
  Algorithm:  ring
  Epochs:     20
  Batch/rank: 16
  LR:         0.001
================================================================================


================================================================================
DISTRIBUTED TRAINING LAUNCHER
================================================================================
  Model:      wide_resnet50_2 (pretrained)
  Dataset:    cifar10 (10 classes)
  Backend:    mpi
  Algorithm:  ring
  Epochs:     20
  Batch/rank: 16
  LR:         0.001
================================================================================


================================================================================
DISTRIBUTED TRAINING LAUNCHER
================================================================================
  Model:      wide_resnet50_2 (pretrained)
  Dataset:    cifar10 (10 classes)
  Backend:    mpi
  Algorithm:  ring
  Epochs:     20
  Batch/rank: 16
  LR:         0.001
================================================================================


================================================================================
DISTRIBUTED TRAINING LAUNCHER
================================================================================
  Model:      wide_resnet50_2 (pretrained)
  Dataset:    cifar10 (10 classes)
  Backend:    mpi
  Algorithm:  ring
  Epochs:     20
  Batch/rank: 16
  LR:         0.001
================================================================================


================================================================================
DISTRIBUTED TRAINING LAUNCHER
================================================================================
  Model:      wide_resnet50_2 (pretrained)
  Dataset:    cifar10 (10 classes)
  Backend:    mpi
  Algorithm:  ring
  Epochs:     20
  Batch/rank: 16
  LR:         0.001
================================================================================


================================================================================
DISTRIBUTED TRAINING LAUNCHER
================================================================================
  Model:      wide_resnet50_2 (pretrained)
  Dataset:    cifar10 (10 classes)
  Backend:    mpi
  Algorithm:  ring
  Epochs:     20
  Batch/rank: 16
  LR:         0.001
================================================================================

[Data] Train batches: 391, Val batches: 79


[Epoch 1] Training... (lr=0.000001)
  Batch [50/391] Loss: 2.3765, Acc: 9.88%
  Batch [100/391] Loss: 2.3736, Acc: 9.75%
  Batch [150/391] Loss: 2.3700, Acc: 10.08%
  Batch [200/391] Loss: 2.3710, Acc: 9.75%
  Batch [250/391] Loss: 2.3684, Acc: 9.80%
  Batch [300/391] Loss: 2.3728, Acc: 9.75%
  Batch [350/391] Loss: 2.3682, Acc: 10.09%
[Epoch 1] Train Loss: 2.3719, Acc: 10.06%  |  Val Loss: 7367.9936, Acc: 10.00%  |  Time: 24.3s
  -> Best model saved (10.00%)

[Epoch 2] Training... (lr=0.001000)
  Batch [50/391] Loss: 2.2842, Acc: 17.38%
  Batch [100/391] Loss: 2.2000, Acc: 20.44%
  Batch [150/391] Loss: 2.1344, Acc: 24.67%
  Batch [200/391] Loss: 2.0590, Acc: 26.88%
  Batch [250/391] Loss: 2.0009, Acc: 29.23%
  Batch [300/391] Loss: 1.9386, Acc: 31.58%
  Batch [350/391] Loss: 1.8886, Acc: 33.30%
[Epoch 2] Train Loss: 1.8561, Acc: 34.56%  |  Val Loss: 1.9876, Acc: 50.96%  |  Time: 23.5s
  -> Best model saved (50.96%)

[Epoch 3] Training... (lr=0.000993)
  Batch [50/391] Loss: 1.4455, Acc: 49.12%
  Batch [100/391] Loss: 1.4083, Acc: 51.31%
  Batch [150/391] Loss: 1.3771, Acc: 52.04%
  Batch [200/391] Loss: 1.3493, Acc: 52.50%
  Batch [250/391] Loss: 1.3287, Acc: 53.48%
  Batch [300/391] Loss: 1.3117, Acc: 54.02%
  Batch [350/391] Loss: 1.2975, Acc: 54.45%
[Epoch 3] Train Loss: 1.2904, Acc: 54.53%  |  Val Loss: 1.0369, Acc: 66.08%  |  Time: 23.5s
  -> Best model saved (66.08%)

[Epoch 4] Training... (lr=0.000973)
  Batch [50/391] Loss: 1.1233, Acc: 60.75%
  Batch [100/391] Loss: 1.1200, Acc: 60.69%
  Batch [150/391] Loss: 1.0941, Acc: 61.58%
  Batch [200/391] Loss: 1.0977, Acc: 61.47%
  Batch [250/391] Loss: 1.0924, Acc: 62.10%
  Batch [300/391] Loss: 1.0911, Acc: 62.06%
  Batch [350/391] Loss: 1.0903, Acc: 62.14%
[Epoch 4] Train Loss: 1.0843, Acc: 62.32%  |  Val Loss: 0.8949, Acc: 72.00%  |  Time: 23.4s
  -> Best model saved (72.00%)

[Epoch 5] Training... (lr=0.000940)
  Batch [50/391] Loss: 1.0319, Acc: 64.12%
  Batch [100/391] Loss: 1.0410, Acc: 64.50%
  Batch [150/391] Loss: 1.0185, Acc: 65.25%
  Batch [200/391] Loss: 1.0046, Acc: 66.22%
  Batch [250/391] Loss: 1.0102, Acc: 66.17%
  Batch [300/391] Loss: 1.0016, Acc: 66.40%
  Batch [350/391] Loss: 1.0057, Acc: 66.12%
[Epoch 5] Train Loss: 1.0036, Acc: 66.16%  |  Val Loss: 0.8604, Acc: 73.84%  |  Time: 23.4s
  -> Best model saved (73.84%)

[Epoch 6] Training... (lr=0.000895)
  Batch [50/391] Loss: 0.9224, Acc: 68.50%
  Batch [100/391] Loss: 0.9117, Acc: 69.12%
  Batch [150/391] Loss: 0.9181, Acc: 68.50%
  Batch [200/391] Loss: 0.9169, Acc: 68.62%
  Batch [250/391] Loss: 0.9242, Acc: 68.20%
  Batch [300/391] Loss: 0.9262, Acc: 68.25%
  Batch [350/391] Loss: 0.9300, Acc: 68.11%
[Epoch 6] Train Loss: 0.9299, Acc: 68.34%  |  Val Loss: 0.7347, Acc: 75.92%  |  Time: 23.4s
  -> Best model saved (75.92%)

[Epoch 7] Training... (lr=0.000839)
  Batch [50/391] Loss: 0.8789, Acc: 69.88%
  Batch [100/391] Loss: 0.8218, Acc: 71.81%
  Batch [150/391] Loss: 0.8346, Acc: 71.58%
  Batch [200/391] Loss: 0.8359, Acc: 71.41%
  Batch [250/391] Loss: 0.8358, Acc: 71.47%
  Batch [300/391] Loss: 0.8209, Acc: 72.12%
  Batch [350/391] Loss: 0.8179, Acc: 72.36%
[Epoch 7] Train Loss: 0.8200, Acc: 72.24%  |  Val Loss: 0.6865, Acc: 77.52%  |  Time: 23.4s
  -> Best model saved (77.52%)

[Epoch 8] Training... (lr=0.000773)
  Batch [50/391] Loss: 0.8554, Acc: 71.12%
  Batch [100/391] Loss: 0.8081, Acc: 72.62%
  Batch [150/391] Loss: 0.8294, Acc: 71.92%
  Batch [200/391] Loss: 0.8316, Acc: 71.84%
  Batch [250/391] Loss: 0.8418, Acc: 71.42%
  Batch [300/391] Loss: 0.8373, Acc: 71.58%
  Batch [350/391] Loss: 0.8446, Acc: 71.18%
[Epoch 8] Train Loss: 0.8439, Acc: 71.02%  |  Val Loss: 0.6346, Acc: 79.60%  |  Time: 23.5s
  -> Best model saved (79.60%)

[Epoch 9] Training... (lr=0.000701)
  Batch [50/391] Loss: 0.8956, Acc: 69.38%
  Batch [100/391] Loss: 0.8602, Acc: 70.69%
  Batch [150/391] Loss: 0.8369, Acc: 71.08%
  Batch [200/391] Loss: 0.8080, Acc: 72.09%
  Batch [250/391] Loss: 0.8060, Acc: 72.15%
  Batch [300/391] Loss: 0.8005, Acc: 72.29%
  Batch [350/391] Loss: 0.7967, Acc: 72.38%
[Epoch 9] Train Loss: 0.7970, Acc: 72.50%  |  Val Loss: 0.6236, Acc: 79.84%  |  Time: 23.4s
  -> Best model saved (79.84%)

[Epoch 10] Training... (lr=0.000623)
  Batch [50/391] Loss: 0.7229, Acc: 74.12%
  Batch [100/391] Loss: 0.7718, Acc: 72.94%
  Batch [150/391] Loss: 0.7521, Acc: 73.92%
  Batch [200/391] Loss: 0.7663, Acc: 73.31%
  Batch [250/391] Loss: 0.7696, Acc: 73.05%
  Batch [300/391] Loss: 0.7817, Acc: 73.10%
  Batch [350/391] Loss: 0.7795, Acc: 73.25%
[Epoch 10] Train Loss: 0.7704, Acc: 73.54%  |  Val Loss: 0.6089, Acc: 80.56%  |  Time: 23.5s
  -> Best model saved (80.56%)

[Epoch 11] Training... (lr=0.000541)
  Batch [50/391] Loss: 0.7469, Acc: 74.88%
  Batch [100/391] Loss: 0.7515, Acc: 75.00%
  Batch [150/391] Loss: 0.7584, Acc: 74.21%
  Batch [200/391] Loss: 0.7626, Acc: 73.91%
  Batch [250/391] Loss: 0.7608, Acc: 74.03%
  Batch [300/391] Loss: 0.7540, Acc: 74.27%
  Batch [350/391] Loss: 0.7459, Acc: 74.64%
[Epoch 11] Train Loss: 0.7458, Acc: 74.77%  |  Val Loss: 0.5966, Acc: 80.08%  |  Time: 23.5s

[Epoch 12] Training... (lr=0.000459)
  Batch [50/391] Loss: 0.7386, Acc: 74.38%
  Batch [100/391] Loss: 0.7074, Acc: 75.88%
  Batch [150/391] Loss: 0.7034, Acc: 76.25%
  Batch [200/391] Loss: 0.7069, Acc: 76.00%
  Batch [250/391] Loss: 0.7012, Acc: 76.08%
  Batch [300/391] Loss: 0.7063, Acc: 75.96%
  Batch [350/391] Loss: 0.7134, Acc: 75.70%
[Epoch 12] Train Loss: 0.7131, Acc: 75.65%  |  Val Loss: 0.5934, Acc: 81.04%  |  Time: 23.4s
  -> Best model saved (81.04%)

[Epoch 13] Training... (lr=0.000377)
  Batch [50/391] Loss: 0.7528, Acc: 73.75%
  Batch [100/391] Loss: 0.6991, Acc: 76.38%
  Batch [150/391] Loss: 0.6852, Acc: 76.79%
  Batch [200/391] Loss: 0.6978, Acc: 76.41%
  Batch [250/391] Loss: 0.6897, Acc: 76.80%
  Batch [300/391] Loss: 0.6898, Acc: 76.88%
  Batch [350/391] Loss: 0.6896, Acc: 76.66%
[Epoch 13] Train Loss: 0.6913, Acc: 76.50%  |  Val Loss: 0.5800, Acc: 80.56%  |  Time: 23.4s

[Epoch 14] Training... (lr=0.000299)
  Batch [50/391] Loss: 0.7113, Acc: 75.62%
  Batch [100/391] Loss: 0.7235, Acc: 74.75%
  Batch [150/391] Loss: 0.7263, Acc: 74.42%
  Batch [200/391] Loss: 0.7223, Acc: 75.00%
  Batch [250/391] Loss: 0.7163, Acc: 75.33%
  Batch [300/391] Loss: 0.7235, Acc: 74.94%
  Batch [350/391] Loss: 0.7175, Acc: 75.14%
[Epoch 14] Train Loss: 0.7124, Acc: 75.33%  |  Val Loss: 0.5994, Acc: 80.72%  |  Time: 23.3s

[Epoch 15] Training... (lr=0.000227)
  Batch [50/391] Loss: 0.6594, Acc: 76.50%
  Batch [100/391] Loss: 0.6839, Acc: 76.38%
  Batch [150/391] Loss: 0.6633, Acc: 77.25%
  Batch [200/391] Loss: 0.6688, Acc: 76.97%
  Batch [250/391] Loss: 0.6651, Acc: 77.00%
  Batch [300/391] Loss: 0.6749, Acc: 76.75%
  Batch [350/391] Loss: 0.6783, Acc: 76.61%
[Epoch 15] Train Loss: 0.6787, Acc: 76.51%  |  Val Loss: 0.5668, Acc: 80.80%  |  Time: 23.3s

[Epoch 16] Training... (lr=0.000161)
  Batch [50/391] Loss: 0.7096, Acc: 76.12%
  Batch [100/391] Loss: 0.6716, Acc: 77.75%
  Batch [150/391] Loss: 0.6631, Acc: 77.75%
  Batch [200/391] Loss: 0.6781, Acc: 77.16%
  Batch [250/391] Loss: 0.6774, Acc: 77.20%
  Batch [300/391] Loss: 0.6804, Acc: 76.92%
  Batch [350/391] Loss: 0.6863, Acc: 76.80%
[Epoch 16] Train Loss: 0.6843, Acc: 76.80%  |  Val Loss: 0.5771, Acc: 80.08%  |  Time: 23.4s

[Epoch 17] Training... (lr=0.000105)
  Batch [50/391] Loss: 0.6194, Acc: 77.88%
  Batch [100/391] Loss: 0.6117, Acc: 78.19%
  Batch [150/391] Loss: 0.6400, Acc: 77.83%
  Batch [200/391] Loss: 0.6526, Acc: 77.22%
  Batch [250/391] Loss: 0.6594, Acc: 77.17%
  Batch [300/391] Loss: 0.6647, Acc: 76.96%
  Batch [350/391] Loss: 0.6566, Acc: 77.39%
[Epoch 17] Train Loss: 0.6668, Acc: 77.04%  |  Val Loss: 0.5744, Acc: 81.44%  |  Time: 23.4s
  -> Best model saved (81.44%)

[Epoch 18] Training... (lr=0.000060)
  Batch [50/391] Loss: 0.6436, Acc: 78.38%
  Batch [100/391] Loss: 0.6596, Acc: 77.94%
  Batch [150/391] Loss: 0.6527, Acc: 78.00%
  Batch [200/391] Loss: 0.6546, Acc: 77.50%
  Batch [250/391] Loss: 0.6626, Acc: 77.33%
  Batch [300/391] Loss: 0.6641, Acc: 77.38%
  Batch [350/391] Loss: 0.6618, Acc: 77.27%
[Epoch 18] Train Loss: 0.6574, Acc: 77.39%  |  Val Loss: 0.6440, Acc: 79.44%  |  Time: 23.3s

[Epoch 19] Training... (lr=0.000027)
  Batch [50/391] Loss: 0.6123, Acc: 78.88%
  Batch [100/391] Loss: 0.6355, Acc: 78.62%
  Batch [150/391] Loss: 0.6264, Acc: 79.25%
  Batch [200/391] Loss: 0.6438, Acc: 78.94%
  Batch [250/391] Loss: 0.6463, Acc: 78.67%
  Batch [300/391] Loss: 0.6511, Acc: 78.44%
  Batch [350/391] Loss: 0.6442, Acc: 78.64%
[Epoch 19] Train Loss: 0.6454, Acc: 78.46%  |  Val Loss: 0.6079, Acc: 79.76%  |  Time: 23.4s

[Epoch 20] Training... (lr=0.000007)
  Batch [50/391] Loss: 0.6456, Acc: 77.25%
  Batch [100/391] Loss: 0.6532, Acc: 76.69%
  Batch [150/391] Loss: 0.6550, Acc: 76.79%
  Batch [200/391] Loss: 0.6570, Acc: 77.75%
  Batch [250/391] Loss: 0.6476, Acc: 78.08%
  Batch [300/391] Loss: 0.6541, Acc: 77.79%
  Batch [350/391] Loss: 0.6522, Acc: 77.68%
[Epoch 20] Train Loss: 0.6554, Acc: 77.70%  |  Val Loss: 0.5454, Acc: 81.52%  |  Time: 23.4s
  -> Best model saved (81.52%)

================================================================================
Done in 480.5s | Best val acc: 81.52%
Epoch times: mean=23.5s  min=23.3s  max=24.3s
================================================================================
=== Finished training: backend=mpi, hook=ring, status=0 at Thu May 21 02:44:18 PM UTC 2026 ===
=== Starting training: backend=mpi, hook=ring_zfp_naive at Thu May 21 02:44:18 PM UTC 2026 ===

================================================================================
DISTRIBUTED TRAINING LAUNCHER
================================================================================
  Model:      wide_resnet50_2 (pretrained)
  Dataset:    cifar10 (10 classes)
  Backend:    mpi
  Algorithm:  ring_zfp_naive
  Epochs:     20
  Batch/rank: 16
  LR:         0.001
================================================================================


================================================================================
Distributed Training: WIDE_RESNET50_2 on CIFAR10
Backend: MPI, Algorithm: ring_zfp_naive
================================================================================
Ranks: 8, Epochs: 20, Batch/rank: 16, Effective batch: 128
LR: 0.001, Device: cuda:0

[Setup] Model on cuda:0, wrapped in DDP (static_graph=True)
[Setup] Hook registered: mpi/ring_zfp_naive

================================================================================
DISTRIBUTED TRAINING LAUNCHER
================================================================================
  Model:      wide_resnet50_2 (pretrained)
  Dataset:    cifar10 (10 classes)
  Backend:    mpi
  Algorithm:  ring_zfp_naive
  Epochs:     20
  Batch/rank: 16
  LR:         0.001
================================================================================


================================================================================
DISTRIBUTED TRAINING LAUNCHER
================================================================================
  Model:      wide_resnet50_2 (pretrained)
  Dataset:    cifar10 (10 classes)
  Backend:    mpi
  Algorithm:  ring_zfp_naive
  Epochs:     20
  Batch/rank: 16
  LR:         0.001
================================================================================


================================================================================
DISTRIBUTED TRAINING LAUNCHER
================================================================================
  Model:      wide_resnet50_2 (pretrained)
  Dataset:    cifar10 (10 classes)
  Backend:    mpi
  Algorithm:  ring_zfp_naive
  Epochs:     20
  Batch/rank: 16
  LR:         0.001
================================================================================


================================================================================
DISTRIBUTED TRAINING LAUNCHER
================================================================================
  Model:      wide_resnet50_2 (pretrained)
  Dataset:    cifar10 (10 classes)
  Backend:    mpi
  Algorithm:  ring_zfp_naive
  Epochs:     20
  Batch/rank: 16
  LR:         0.001
================================================================================


================================================================================
DISTRIBUTED TRAINING LAUNCHER
================================================================================
  Model:      wide_resnet50_2 (pretrained)
  Dataset:    cifar10 (10 classes)
  Backend:    mpi
  Algorithm:  ring_zfp_naive
  Epochs:     20
  Batch/rank: 16
  LR:         0.001
================================================================================


================================================================================
DISTRIBUTED TRAINING LAUNCHER
================================================================================
  Model:      wide_resnet50_2 (pretrained)
  Dataset:    cifar10 (10 classes)
  Backend:    mpi
  Algorithm:  ring_zfp_naive
  Epochs:     20
  Batch/rank: 16
  LR:         0.001
================================================================================

[Data] Train batches: 391, Val batches: 79


[Epoch 1] Training... (lr=0.000001)

================================================================================
DISTRIBUTED TRAINING LAUNCHER
================================================================================
  Model:      wide_resnet50_2 (pretrained)
  Dataset:    cifar10 (10 classes)
  Backend:    mpi
  Algorithm:  ring_zfp_naive
  Epochs:     20
  Batch/rank: 16
  LR:         0.001
================================================================================

  Batch [50/391] Loss: 2.3765, Acc: 9.75%
  Batch [100/391] Loss: 2.3740, Acc: 9.56%
  Batch [150/391] Loss: 2.3702, Acc: 9.96%
  Batch [200/391] Loss: 2.3711, Acc: 9.62%
  Batch [250/391] Loss: 2.3686, Acc: 9.70%
  Batch [300/391] Loss: 2.3730, Acc: 9.58%
  Batch [350/391] Loss: 2.3682, Acc: 9.86%
[Epoch 1] Train Loss: 2.3719, Acc: 9.84%  |  Val Loss: 7395.6056, Acc: 10.00%  |  Time: 33.5s
  -> Best model saved (10.00%)

[Epoch 2] Training... (lr=0.001000)
  Batch [50/391] Loss: 2.2784, Acc: 16.88%
  Batch [100/391] Loss: 2.1893, Acc: 20.50%
  Batch [150/391] Loss: 2.1096, Acc: 23.67%
  Batch [200/391] Loss: 2.0386, Acc: 26.81%
  Batch [250/391] Loss: 1.9736, Acc: 29.25%
  Batch [300/391] Loss: 1.9119, Acc: 31.50%
  Batch [350/391] Loss: 1.8656, Acc: 33.45%
[Epoch 2] Train Loss: 1.8335, Acc: 34.83%  |  Val Loss: 4.4401, Acc: 56.08%  |  Time: 32.3s
  -> Best model saved (56.08%)

[Epoch 3] Training... (lr=0.000993)
  Batch [50/391] Loss: 1.4381, Acc: 49.00%
  Batch [100/391] Loss: 1.4049, Acc: 49.50%
  Batch [150/391] Loss: 1.3739, Acc: 51.17%
  Batch [200/391] Loss: 1.3458, Acc: 52.16%
  Batch [250/391] Loss: 1.3303, Acc: 52.80%
  Batch [300/391] Loss: 1.3137, Acc: 53.54%
  Batch [350/391] Loss: 1.2994, Acc: 53.96%
[Epoch 3] Train Loss: 1.2868, Acc: 54.48%  |  Val Loss: 1.2099, Acc: 66.16%  |  Time: 32.1s
  -> Best model saved (66.16%)

[Epoch 4] Training... (lr=0.000973)
  Batch [50/391] Loss: 1.1399, Acc: 59.62%
  Batch [100/391] Loss: 1.1652, Acc: 59.25%
  Batch [150/391] Loss: 1.1398, Acc: 60.67%
  Batch [200/391] Loss: 1.1377, Acc: 60.50%
  Batch [250/391] Loss: 1.1274, Acc: 60.75%
  Batch [300/391] Loss: 1.1198, Acc: 60.98%
  Batch [350/391] Loss: 1.1100, Acc: 61.46%
[Epoch 4] Train Loss: 1.0973, Acc: 61.81%  |  Val Loss: 3.3792, Acc: 65.68%  |  Time: 32.2s

[Epoch 5] Training... (lr=0.000940)
  Batch [50/391] Loss: 1.0410, Acc: 62.00%
  Batch [100/391] Loss: 1.0346, Acc: 62.81%
  Batch [150/391] Loss: 1.0131, Acc: 63.50%
  Batch [200/391] Loss: 0.9991, Acc: 64.44%
  Batch [250/391] Loss: 1.0035, Acc: 64.75%
  Batch [300/391] Loss: 1.0022, Acc: 64.90%
  Batch [350/391] Loss: 1.0059, Acc: 64.89%
[Epoch 5] Train Loss: 1.0072, Acc: 65.04%  |  Val Loss: 1.3544, Acc: 66.96%  |  Time: 32.3s
  -> Best model saved (66.96%)

[Epoch 6] Training... (lr=0.000895)
  Batch [50/391] Loss: 0.9462, Acc: 66.50%
  Batch [100/391] Loss: 0.9417, Acc: 66.62%
  Batch [150/391] Loss: 0.9529, Acc: 66.38%
  Batch [200/391] Loss: 0.9451, Acc: 66.50%
  Batch [250/391] Loss: 0.9476, Acc: 66.35%
  Batch [300/391] Loss: 0.9478, Acc: 66.62%
  Batch [350/391] Loss: 0.9485, Acc: 66.75%
[Epoch 6] Train Loss: 0.9462, Acc: 66.93%  |  Val Loss: 3.0626, Acc: 72.88%  |  Time: 32.5s
  -> Best model saved (72.88%)

[Epoch 7] Training... (lr=0.000839)
  Batch [50/391] Loss: 0.9014, Acc: 68.50%
  Batch [100/391] Loss: 0.8843, Acc: 69.31%
  Batch [150/391] Loss: 0.8947, Acc: 68.88%
  Batch [200/391] Loss: 0.8814, Acc: 69.31%
  Batch [250/391] Loss: 0.8822, Acc: 69.12%
  Batch [300/391] Loss: 0.8660, Acc: 69.88%
  Batch [350/391] Loss: 0.8641, Acc: 69.88%
[Epoch 7] Train Loss: 0.8707, Acc: 69.79%  |  Val Loss: 2.7805, Acc: 77.44%  |  Time: 32.3s
  -> Best model saved (77.44%)

[Epoch 8] Training... (lr=0.000773)
  Batch [50/391] Loss: 0.8551, Acc: 71.50%
  Batch [100/391] Loss: 0.8323, Acc: 72.06%
  Batch [150/391] Loss: 0.8554, Acc: 71.08%
  Batch [200/391] Loss: 0.8536, Acc: 71.03%
  Batch [250/391] Loss: 0.8576, Acc: 70.65%
  Batch [300/391] Loss: 0.8560, Acc: 70.75%
  Batch [350/391] Loss: 0.8572, Acc: 70.77%
[Epoch 8] Train Loss: 0.8604, Acc: 70.51%  |  Val Loss: 1.3017, Acc: 80.08%  |  Time: 32.4s
  -> Best model saved (80.08%)

[Epoch 9] Training... (lr=0.000701)
  Batch [50/391] Loss: 0.8768, Acc: 69.75%
  Batch [100/391] Loss: 0.8545, Acc: 70.25%
  Batch [150/391] Loss: 0.8329, Acc: 70.71%
  Batch [200/391] Loss: 0.8174, Acc: 71.38%
  Batch [250/391] Loss: 0.8203, Acc: 71.42%
  Batch [300/391] Loss: 0.8203, Acc: 71.62%
  Batch [350/391] Loss: 0.8220, Acc: 71.68%
[Epoch 9] Train Loss: 0.8223, Acc: 71.68%  |  Val Loss: 2.1717, Acc: 78.88%  |  Time: 32.3s

[Epoch 10] Training... (lr=0.000623)
  Batch [50/391] Loss: 0.7615, Acc: 74.50%
  Batch [100/391] Loss: 0.7803, Acc: 72.38%
  Batch [150/391] Loss: 0.7691, Acc: 73.00%
  Batch [200/391] Loss: 0.7803, Acc: 72.59%
  Batch [250/391] Loss: 0.7814, Acc: 72.85%
  Batch [300/391] Loss: 0.7830, Acc: 73.00%
  Batch [350/391] Loss: 0.7836, Acc: 72.96%
[Epoch 10] Train Loss: 0.7789, Acc: 73.20%  |  Val Loss: 4.4972, Acc: 76.96%  |  Time: 32.3s

[Epoch 11] Training... (lr=0.000541)
  Batch [50/391] Loss: 0.7255, Acc: 75.00%
  Batch [100/391] Loss: 0.7403, Acc: 74.44%
  Batch [150/391] Loss: 0.7615, Acc: 73.50%
  Batch [200/391] Loss: 0.7679, Acc: 73.12%
  Batch [250/391] Loss: 0.7587, Acc: 73.67%
  Batch [300/391] Loss: 0.7484, Acc: 74.10%
  Batch [350/391] Loss: 0.7413, Acc: 74.39%
[Epoch 11] Train Loss: 0.7408, Acc: 74.42%  |  Val Loss: 11.1626, Acc: 77.76%  |  Time: 32.4s

[Epoch 12] Training... (lr=0.000459)
  Batch [50/391] Loss: 0.7453, Acc: 74.25%
  Batch [100/391] Loss: 0.7151, Acc: 75.50%
  Batch [150/391] Loss: 0.7136, Acc: 75.50%
  Batch [200/391] Loss: 0.7071, Acc: 75.72%
  Batch [250/391] Loss: 0.7017, Acc: 75.67%
  Batch [300/391] Loss: 0.7065, Acc: 75.31%
  Batch [350/391] Loss: 0.7153, Acc: 75.09%
[Epoch 12] Train Loss: 0.7148, Acc: 74.93%  |  Val Loss: 3.1123, Acc: 77.92%  |  Time: 32.3s

[Epoch 13] Training... (lr=0.000377)
  Batch [50/391] Loss: 0.7717, Acc: 73.25%
  Batch [100/391] Loss: 0.7237, Acc: 74.25%
  Batch [150/391] Loss: 0.7130, Acc: 74.88%
  Batch [200/391] Loss: 0.7264, Acc: 74.78%
  Batch [250/391] Loss: 0.7126, Acc: 75.35%
  Batch [300/391] Loss: 0.7063, Acc: 75.44%
  Batch [350/391] Loss: 0.7048, Acc: 75.50%
[Epoch 13] Train Loss: 0.7049, Acc: 75.55%  |  Val Loss: 1.4222, Acc: 81.76%  |  Time: 32.4s
  -> Best model saved (81.76%)

[Epoch 14] Training... (lr=0.000299)
  Batch [50/391] Loss: 0.7143, Acc: 75.88%
  Batch [100/391] Loss: 0.7528, Acc: 74.31%
  Batch [150/391] Loss: 0.7378, Acc: 74.54%
  Batch [200/391] Loss: 0.7386, Acc: 74.75%
  Batch [250/391] Loss: 0.7404, Acc: 74.75%
  Batch [300/391] Loss: 0.7516, Acc: 74.15%
  Batch [350/391] Loss: 0.7442, Acc: 74.21%
[Epoch 14] Train Loss: 0.7413, Acc: 74.13%  |  Val Loss: 3.3267, Acc: 80.48%  |  Time: 32.4s

[Epoch 15] Training... (lr=0.000227)
  Batch [50/391] Loss: 0.7042, Acc: 76.00%
  Batch [100/391] Loss: 0.7345, Acc: 74.25%
  Batch [150/391] Loss: 0.7070, Acc: 75.58%
  Batch [200/391] Loss: 0.7089, Acc: 75.44%
  Batch [250/391] Loss: 0.6989, Acc: 75.72%
  Batch [300/391] Loss: 0.7080, Acc: 75.27%
  Batch [350/391] Loss: 0.7048, Acc: 75.50%
[Epoch 15] Train Loss: 0.6985, Acc: 75.57%  |  Val Loss: 3.4675, Acc: 80.48%  |  Time: 32.1s

[Epoch 16] Training... (lr=0.000161)
  Batch [50/391] Loss: 0.7087, Acc: 76.25%
  Batch [100/391] Loss: 0.6745, Acc: 77.12%
  Batch [150/391] Loss: 0.6775, Acc: 76.83%
  Batch [200/391] Loss: 0.6920, Acc: 76.31%
  Batch [250/391] Loss: 0.6851, Acc: 76.65%
  Batch [300/391] Loss: 0.6851, Acc: 76.54%
  Batch [350/391] Loss: 0.6924, Acc: 76.52%
[Epoch 16] Train Loss: 0.6894, Acc: 76.67%  |  Val Loss: 2.5950, Acc: 80.40%  |  Time: 31.8s

[Epoch 17] Training... (lr=0.000105)
  Batch [50/391] Loss: 0.6700, Acc: 75.62%
  Batch [100/391] Loss: 0.6388, Acc: 76.81%
  Batch [150/391] Loss: 0.6686, Acc: 75.62%
  Batch [200/391] Loss: 0.6817, Acc: 75.22%
  Batch [250/391] Loss: 0.6886, Acc: 75.42%
  Batch [300/391] Loss: 0.6864, Acc: 75.79%
  Batch [350/391] Loss: 0.6833, Acc: 76.00%
[Epoch 17] Train Loss: 0.6953, Acc: 75.65%  |  Val Loss: 2.1155, Acc: 80.96%  |  Time: 32.4s

[Epoch 18] Training... (lr=0.000060)
  Batch [50/391] Loss: 0.6529, Acc: 77.62%
  Batch [100/391] Loss: 0.6727, Acc: 77.38%
  Batch [150/391] Loss: 0.6623, Acc: 77.38%
  Batch [200/391] Loss: 0.6600, Acc: 77.34%
  Batch [250/391] Loss: 0.6748, Acc: 77.00%
  Batch [300/391] Loss: 0.6762, Acc: 76.79%
  Batch [350/391] Loss: 0.6770, Acc: 76.95%
[Epoch 18] Train Loss: 0.6735, Acc: 76.90%  |  Val Loss: 1.8664, Acc: 81.20%  |  Time: 32.4s

[Epoch 19] Training... (lr=0.000027)
  Batch [50/391] Loss: 0.6457, Acc: 76.75%
  Batch [100/391] Loss: 0.6764, Acc: 76.75%
  Batch [150/391] Loss: 0.6647, Acc: 77.00%
  Batch [200/391] Loss: 0.6749, Acc: 76.53%
  Batch [250/391] Loss: 0.6821, Acc: 76.22%
  Batch [300/391] Loss: 0.6786, Acc: 76.15%
  Batch [350/391] Loss: 0.6766, Acc: 76.02%
[Epoch 19] Train Loss: 0.6792, Acc: 76.02%  |  Val Loss: 2.8792, Acc: 80.56%  |  Time: 32.4s

[Epoch 20] Training... (lr=0.000007)
  Batch [50/391] Loss: 0.6693, Acc: 75.50%
  Batch [100/391] Loss: 0.6826, Acc: 75.00%
  Batch [150/391] Loss: 0.6732, Acc: 75.33%
  Batch [200/391] Loss: 0.6718, Acc: 75.81%
  Batch [250/391] Loss: 0.6706, Acc: 76.00%
  Batch [300/391] Loss: 0.6778, Acc: 75.96%
  Batch [350/391] Loss: 0.6724, Acc: 76.21%
[Epoch 20] Train Loss: 0.6724, Acc: 76.35%  |  Val Loss: 1.7013, Acc: 82.32%  |  Time: 32.5s
  -> Best model saved (82.32%)

================================================================================
Done in 655.3s | Best val acc: 82.32%
Epoch times: mean=32.4s  min=31.8s  max=33.5s
================================================================================
=== Finished training: backend=mpi, hook=ring_zfp_naive, status=0 at Thu May 21 02:55:22 PM UTC 2026 ===
=== Starting training: backend=mpi, hook=ring_zfp_online_coll at Thu May 21 02:55:22 PM UTC 2026 ===

================================================================================
DISTRIBUTED TRAINING LAUNCHER
================================================================================
  Model:      wide_resnet50_2 (pretrained)
  Dataset:    cifar10 (10 classes)
  Backend:    mpi
  Algorithm:  ring_zfp_online_coll
  Epochs:     20
  Batch/rank: 16
  LR:         0.001
================================================================================


================================================================================
Distributed Training: WIDE_RESNET50_2 on CIFAR10
Backend: MPI, Algorithm: ring_zfp_online_coll
================================================================================
Ranks: 8, Epochs: 20, Batch/rank: 16, Effective batch: 128
LR: 0.001, Device: cuda:0

[Setup] Model on cuda:0, wrapped in DDP (static_graph=True)
[Setup] Hook registered: mpi/ring_zfp_online_coll
[Data] Train batches: 391, Val batches: 79


[Epoch 1] Training... (lr=0.000001)

================================================================================
DISTRIBUTED TRAINING LAUNCHER
================================================================================
  Model:      wide_resnet50_2 (pretrained)
  Dataset:    cifar10 (10 classes)
  Backend:    mpi
  Algorithm:  ring_zfp_online_coll
  Epochs:     20
  Batch/rank: 16
  LR:         0.001
================================================================================


================================================================================
DISTRIBUTED TRAINING LAUNCHER
================================================================================
  Model:      wide_resnet50_2 (pretrained)
  Dataset:    cifar10 (10 classes)
  Backend:    mpi
  Algorithm:  ring_zfp_online_coll
  Epochs:     20
  Batch/rank: 16
  LR:         0.001
================================================================================


================================================================================
DISTRIBUTED TRAINING LAUNCHER
================================================================================
  Model:      wide_resnet50_2 (pretrained)
  Dataset:    cifar10 (10 classes)
  Backend:    mpi
  Algorithm:  ring_zfp_online_coll
  Epochs:     20
  Batch/rank: 16
  LR:         0.001
================================================================================


================================================================================
DISTRIBUTED TRAINING LAUNCHER
================================================================================
  Model:      wide_resnet50_2 (pretrained)
  Dataset:    cifar10 (10 classes)
  Backend:    mpi
  Algorithm:  ring_zfp_online_coll
  Epochs:     20
  Batch/rank: 16
  LR:         0.001
================================================================================


================================================================================
DISTRIBUTED TRAINING LAUNCHER
================================================================================
  Model:      wide_resnet50_2 (pretrained)
  Dataset:    cifar10 (10 classes)
  Backend:    mpi
  Algorithm:  ring_zfp_online_coll
  Epochs:     20
  Batch/rank: 16
  LR:         0.001
================================================================================


================================================================================
DISTRIBUTED TRAINING LAUNCHER
================================================================================
  Model:      wide_resnet50_2 (pretrained)
  Dataset:    cifar10 (10 classes)
  Backend:    mpi
  Algorithm:  ring_zfp_online_coll
  Epochs:     20
  Batch/rank: 16
  LR:         0.001
================================================================================


================================================================================
DISTRIBUTED TRAINING LAUNCHER
================================================================================
  Model:      wide_resnet50_2 (pretrained)
  Dataset:    cifar10 (10 classes)
  Backend:    mpi
  Algorithm:  ring_zfp_online_coll
  Epochs:     20
  Batch/rank: 16
  LR:         0.001
================================================================================

  Batch [50/391] Loss: 2.3768, Acc: 10.00%
  Batch [100/391] Loss: 2.3741, Acc: 9.75%
  Batch [150/391] Loss: 2.3702, Acc: 10.12%
  Batch [200/391] Loss: 2.3715, Acc: 9.81%
  Batch [250/391] Loss: 2.3688, Acc: 9.93%
  Batch [300/391] Loss: 2.3732, Acc: 9.81%
  Batch [350/391] Loss: 2.3685, Acc: 10.16%
[Epoch 1] Train Loss: 2.3721, Acc: 10.16%  |  Val Loss: 7438.5267, Acc: 10.00%  |  Time: 28.9s
  -> Best model saved (10.00%)

[Epoch 2] Training... (lr=0.001000)
  Batch [50/391] Loss: 2.2532, Acc: 17.38%
  Batch [100/391] Loss: 2.1867, Acc: 20.75%
  Batch [150/391] Loss: 2.1141, Acc: 23.88%
  Batch [200/391] Loss: 2.0336, Acc: 27.19%
  Batch [250/391] Loss: 1.9704, Acc: 30.23%
  Batch [300/391] Loss: 1.9086, Acc: 32.60%
  Batch [350/391] Loss: 1.8600, Acc: 34.29%
[Epoch 2] Train Loss: 1.8283, Acc: 35.63%  |  Val Loss: 13.7517, Acc: 56.16%  |  Time: 27.9s
  -> Best model saved (56.16%)

[Epoch 3] Training... (lr=0.000993)
  Batch [50/391] Loss: 1.4360, Acc: 49.62%
  Batch [100/391] Loss: 1.4129, Acc: 50.38%
  Batch [150/391] Loss: 1.3737, Acc: 52.04%
  Batch [200/391] Loss: 1.3371, Acc: 53.78%
  Batch [250/391] Loss: 1.3220, Acc: 54.67%
  Batch [300/391] Loss: 1.3053, Acc: 55.10%
  Batch [350/391] Loss: 1.2890, Acc: 55.77%
[Epoch 3] Train Loss: 1.2804, Acc: 56.18%  |  Val Loss: 6.8169, Acc: 62.40%  |  Time: 27.6s
  -> Best model saved (62.40%)

[Epoch 4] Training... (lr=0.000973)
  Batch [50/391] Loss: 1.1460, Acc: 60.50%
  Batch [100/391] Loss: 1.1373, Acc: 60.56%
  Batch [150/391] Loss: 1.1139, Acc: 61.54%
  Batch [200/391] Loss: 1.1144, Acc: 61.69%
  Batch [250/391] Loss: 1.1032, Acc: 62.12%
  Batch [300/391] Loss: 1.0946, Acc: 62.35%
  Batch [350/391] Loss: 1.0946, Acc: 62.54%
[Epoch 4] Train Loss: 1.0862, Acc: 62.74%  |  Val Loss: 3.2673, Acc: 69.84%  |  Time: 27.8s
  -> Best model saved (69.84%)

[Epoch 5] Training... (lr=0.000940)
  Batch [50/391] Loss: 1.0780, Acc: 62.50%
  Batch [100/391] Loss: 1.0477, Acc: 63.31%
  Batch [150/391] Loss: 1.0087, Acc: 64.71%
  Batch [200/391] Loss: 0.9972, Acc: 65.16%
  Batch [250/391] Loss: 0.9839, Acc: 65.78%
  Batch [300/391] Loss: 0.9835, Acc: 65.98%
  Batch [350/391] Loss: 0.9892, Acc: 65.64%
[Epoch 5] Train Loss: 0.9916, Acc: 65.50%  |  Val Loss: 1.7419, Acc: 72.32%  |  Time: 27.8s
  -> Best model saved (72.32%)

[Epoch 6] Training... (lr=0.000895)
  Batch [50/391] Loss: 0.9471, Acc: 68.88%
  Batch [100/391] Loss: 0.9311, Acc: 69.31%
  Batch [150/391] Loss: 0.9362, Acc: 68.62%
  Batch [200/391] Loss: 0.9268, Acc: 68.94%
  Batch [250/391] Loss: 0.9290, Acc: 68.67%
  Batch [300/391] Loss: 0.9307, Acc: 68.83%
  Batch [350/391] Loss: 0.9342, Acc: 68.70%
[Epoch 6] Train Loss: 0.9301, Acc: 68.75%  |  Val Loss: 4.0638, Acc: 73.52%  |  Time: 27.4s
  -> Best model saved (73.52%)

[Epoch 7] Training... (lr=0.000839)
  Batch [50/391] Loss: 0.8516, Acc: 73.12%
  Batch [100/391] Loss: 0.8324, Acc: 73.62%
  Batch [150/391] Loss: 0.8289, Acc: 72.54%
  Batch [200/391] Loss: 0.8253, Acc: 72.34%
  Batch [250/391] Loss: 0.8309, Acc: 71.70%
  Batch [300/391] Loss: 0.8157, Acc: 72.02%
  Batch [350/391] Loss: 0.8095, Acc: 72.34%
[Epoch 7] Train Loss: 0.8212, Acc: 72.03%  |  Val Loss: 6.7822, Acc: 77.04%  |  Time: 27.6s
  -> Best model saved (77.04%)

[Epoch 8] Training... (lr=0.000773)
  Batch [50/391] Loss: 0.7998, Acc: 73.25%
  Batch [100/391] Loss: 0.8057, Acc: 72.75%
  Batch [150/391] Loss: 0.8155, Acc: 72.62%
  Batch [200/391] Loss: 0.8060, Acc: 73.22%
  Batch [250/391] Loss: 0.8247, Acc: 72.25%
  Batch [300/391] Loss: 0.8176, Acc: 72.54%
  Batch [350/391] Loss: 0.8278, Acc: 72.04%
[Epoch 8] Train Loss: 0.8327, Acc: 71.79%  |  Val Loss: 7.7137, Acc: 76.16%  |  Time: 27.9s

[Epoch 9] Training... (lr=0.000701)
  Batch [50/391] Loss: 0.8370, Acc: 70.25%
  Batch [100/391] Loss: 0.8315, Acc: 71.00%
  Batch [150/391] Loss: 0.8042, Acc: 72.38%
  Batch [200/391] Loss: 0.7894, Acc: 72.59%
  Batch [250/391] Loss: 0.7833, Acc: 72.97%
  Batch [300/391] Loss: 0.7843, Acc: 73.08%
  Batch [350/391] Loss: 0.7870, Acc: 73.16%
[Epoch 9] Train Loss: 0.7891, Acc: 73.07%  |  Val Loss: 3.3289, Acc: 78.32%  |  Time: 30.1s
  -> Best model saved (78.32%)

[Epoch 10] Training... (lr=0.000623)
  Batch [50/391] Loss: 0.7352, Acc: 76.12%
  Batch [100/391] Loss: 0.7683, Acc: 74.12%
  Batch [150/391] Loss: 0.7549, Acc: 74.83%
  Batch [200/391] Loss: 0.7598, Acc: 74.19%
  Batch [250/391] Loss: 0.7642, Acc: 74.28%
  Batch [300/391] Loss: 0.7640, Acc: 74.44%
  Batch [350/391] Loss: 0.7630, Acc: 74.50%
[Epoch 10] Train Loss: 0.7574, Acc: 74.64%  |  Val Loss: 5.5885, Acc: 77.92%  |  Time: 27.8s

[Epoch 11] Training... (lr=0.000541)
  Batch [50/391] Loss: 0.7337, Acc: 74.00%
  Batch [100/391] Loss: 0.7519, Acc: 73.69%
  Batch [150/391] Loss: 0.7586, Acc: 73.58%
  Batch [200/391] Loss: 0.7560, Acc: 73.62%
  Batch [250/391] Loss: 0.7467, Acc: 74.42%
  Batch [300/391] Loss: 0.7419, Acc: 74.42%
  Batch [350/391] Loss: 0.7344, Acc: 74.70%
[Epoch 11] Train Loss: 0.7314, Acc: 74.94%  |  Val Loss: 1.2738, Acc: 80.00%  |  Time: 27.6s
  -> Best model saved (80.00%)

[Epoch 12] Training... (lr=0.000459)
  Batch [50/391] Loss: 0.7081, Acc: 75.50%
  Batch [100/391] Loss: 0.6823, Acc: 76.31%
  Batch [150/391] Loss: 0.6870, Acc: 76.67%
  Batch [200/391] Loss: 0.6847, Acc: 76.78%
  Batch [250/391] Loss: 0.6891, Acc: 76.35%
  Batch [300/391] Loss: 0.6934, Acc: 76.56%
  Batch [350/391] Loss: 0.6914, Acc: 76.68%
[Epoch 12] Train Loss: 0.6947, Acc: 76.51%  |  Val Loss: 1.1418, Acc: 80.08%  |  Time: 28.0s
  -> Best model saved (80.08%)

[Epoch 13] Training... (lr=0.000377)
  Batch [50/391] Loss: 0.7422, Acc: 75.12%
  Batch [100/391] Loss: 0.6856, Acc: 77.38%
  Batch [150/391] Loss: 0.6831, Acc: 76.79%
  Batch [200/391] Loss: 0.6922, Acc: 76.09%
  Batch [250/391] Loss: 0.6857, Acc: 76.33%
  Batch [300/391] Loss: 0.6860, Acc: 76.31%
  Batch [350/391] Loss: 0.6815, Acc: 76.41%
[Epoch 13] Train Loss: 0.6847, Acc: 76.19%  |  Val Loss: 4.6170, Acc: 78.80%  |  Time: 27.9s

[Epoch 14] Training... (lr=0.000299)
  Batch [50/391] Loss: 0.7285, Acc: 75.62%
  Batch [100/391] Loss: 0.7190, Acc: 75.56%
  Batch [150/391] Loss: 0.7176, Acc: 75.38%
  Batch [200/391] Loss: 0.7118, Acc: 75.78%
  Batch [250/391] Loss: 0.7176, Acc: 75.62%
  Batch [300/391] Loss: 0.7293, Acc: 75.48%
  Batch [350/391] Loss: 0.7196, Acc: 75.70%
[Epoch 14] Train Loss: 0.7130, Acc: 75.98%  |  Val Loss: 2.7770, Acc: 78.40%  |  Time: 27.9s

[Epoch 15] Training... (lr=0.000227)
  Batch [50/391] Loss: 0.6568, Acc: 77.75%
  Batch [100/391] Loss: 0.6788, Acc: 77.12%
  Batch [150/391] Loss: 0.6604, Acc: 78.42%
  Batch [200/391] Loss: 0.6608, Acc: 77.66%
  Batch [250/391] Loss: 0.6568, Acc: 77.90%
  Batch [300/391] Loss: 0.6689, Acc: 77.60%
  Batch [350/391] Loss: 0.6686, Acc: 77.52%
[Epoch 15] Train Loss: 0.6614, Acc: 77.62%  |  Val Loss: 1.6339, Acc: 81.36%  |  Time: 27.9s
  -> Best model saved (81.36%)

[Epoch 16] Training... (lr=0.000161)
  Batch [50/391] Loss: 0.6922, Acc: 77.12%
  Batch [100/391] Loss: 0.6459, Acc: 78.56%
  Batch [150/391] Loss: 0.6426, Acc: 78.12%
  Batch [200/391] Loss: 0.6510, Acc: 77.69%
  Batch [250/391] Loss: 0.6507, Acc: 77.85%
  Batch [300/391] Loss: 0.6525, Acc: 77.65%
  Batch [350/391] Loss: 0.6626, Acc: 77.55%
[Epoch 16] Train Loss: 0.6672, Acc: 77.28%  |  Val Loss: 10.8179, Acc: 79.20%  |  Time: 27.9s

[Epoch 17] Training... (lr=0.000105)
  Batch [50/391] Loss: 0.6439, Acc: 78.75%
  Batch [100/391] Loss: 0.5955, Acc: 80.81%
  Batch [150/391] Loss: 0.6292, Acc: 79.25%
  Batch [200/391] Loss: 0.6461, Acc: 78.50%
  Batch [250/391] Loss: 0.6484, Acc: 78.35%
  Batch [300/391] Loss: 0.6528, Acc: 78.15%
  Batch [350/391] Loss: 0.6478, Acc: 78.29%
[Epoch 17] Train Loss: 0.6582, Acc: 77.94%  |  Val Loss: 3.5977, Acc: 80.96%  |  Time: 27.9s

[Epoch 18] Training... (lr=0.000060)
  Batch [50/391] Loss: 0.6220, Acc: 78.12%
  Batch [100/391] Loss: 0.6376, Acc: 78.19%
  Batch [150/391] Loss: 0.6354, Acc: 78.38%
  Batch [200/391] Loss: 0.6361, Acc: 78.44%
  Batch [250/391] Loss: 0.6503, Acc: 78.20%
  Batch [300/391] Loss: 0.6546, Acc: 78.04%
  Batch [350/391] Loss: 0.6557, Acc: 78.12%
[Epoch 18] Train Loss: 0.6498, Acc: 78.29%  |  Val Loss: 4.8557, Acc: 81.04%  |  Time: 27.8s

[Epoch 19] Training... (lr=0.000027)
  Batch [50/391] Loss: 0.5945, Acc: 79.38%
  Batch [100/391] Loss: 0.6196, Acc: 79.50%
  Batch [150/391] Loss: 0.6145, Acc: 79.38%
  Batch [200/391] Loss: 0.6279, Acc: 79.25%
  Batch [250/391] Loss: 0.6315, Acc: 79.08%
  Batch [300/391] Loss: 0.6353, Acc: 78.81%
  Batch [350/391] Loss: 0.6278, Acc: 78.86%
[Epoch 19] Train Loss: 0.6312, Acc: 78.56%  |  Val Loss: 15.9832, Acc: 78.96%  |  Time: 27.5s

[Epoch 20] Training... (lr=0.000007)
  Batch [50/391] Loss: 0.6192, Acc: 77.50%
  Batch [100/391] Loss: 0.6563, Acc: 76.69%
  Batch [150/391] Loss: 0.6601, Acc: 76.96%
  Batch [200/391] Loss: 0.6547, Acc: 77.03%
  Batch [250/391] Loss: 0.6571, Acc: 77.15%
  Batch [300/391] Loss: 0.6574, Acc: 77.33%
  Batch [350/391] Loss: 0.6536, Acc: 77.45%
[Epoch 20] Train Loss: 0.6547, Acc: 77.54%  |  Val Loss: 2.6595, Acc: 81.92%  |  Time: 27.9s
  -> Best model saved (81.92%)

================================================================================
Done in 569.6s | Best val acc: 81.92%
Epoch times: mean=28.0s  min=27.4s  max=30.1s
================================================================================
=== Finished training: backend=mpi, hook=ring_zfp_online_coll, status=0 at Thu May 21 03:05:01 PM UTC 2026 ===
=== Job finished: Thu May 21 03:05:01 PM UTC 2026 ===
