=== Job started: Sat May  9 04:29:29 PM UTC 2026 ===
=== Node: x3003c0s7b1n0 ===

The following have been reloaded with a version change:
  1) gcc-native/14 => gcc-native/13


The following have been reloaded with a version change:
  1) gcc-native/13 => gcc-native/14.2

[INFO] GTL preloaded: /opt/cray/pe/mpich/9.0.1/ofi/nvidia/23.3/lib/libmpi_gtl_cuda.so
=============================================
  Polaris DDP + Eagle PyTorch + Cray MPICH
=============================================
Node              : x3003c0s7b1n0
GTL               : /opt/cray/pe/mpich/9.0.1/ofi/nvidia/23.3/lib/libmpi_gtl_cuda.so
MPICH_GPU_SUPPORT : 1

PyTorch version   : 2.8.0a0+gitba56102
PyTorch location  : /lus/eagle/projects/UIC-HPC/mrest/pytorch_mpi_build/src/pytorch/torch/__init__.py
CUDA available    : True 4
MPI available     : True
mpi4py            : MPI VERSION    : CRAY MPICH version 9.0.1.498 (ANL base 4.1.2)
mpi4py rank test  : rank 0 OK
=============================================
=== Starting training ===

================================================================================
DISTRIBUTED TRAINING LAUNCHER
================================================================================
  Model:      resnet50 (CIFAR stem)
  Dataset:    cifar10 (10 classes)
  Backend:    mpi
  Algorithm:  recursive_doubling_zfp
  Epochs:     10
  Batch/rank: 128
  LR:         0.01
================================================================================


================================================================================
Distributed Training: RESNET50 on CIFAR10
Backend: MPI, Algorithm: recursive_doubling_zfp
================================================================================
Ranks: 4, Epochs: 10, Batch/rank: 128, Effective batch: 512
LR: 0.01, Device: cuda:0

[Setup] Model on cuda:0, wrapped in DDP (static_graph=True)
[Setup] Hook registered: mpi/recursive_doubling_zfp
[Data] Train batches: 98, Val batches: 20


[Epoch 1] Training... (lr=0.000010)

================================================================================
DISTRIBUTED TRAINING LAUNCHER
================================================================================
  Model:      resnet50 (CIFAR stem)
  Dataset:    cifar10 (10 classes)
  Backend:    mpi
  Algorithm:  recursive_doubling_zfp
  Epochs:     10
  Batch/rank: 128
  LR:         0.01
================================================================================


================================================================================
DISTRIBUTED TRAINING LAUNCHER
================================================================================
  Model:      resnet50 (CIFAR stem)
  Dataset:    cifar10 (10 classes)
  Backend:    mpi
  Algorithm:  recursive_doubling_zfp
  Epochs:     10
  Batch/rank: 128
  LR:         0.01
================================================================================


================================================================================
DISTRIBUTED TRAINING LAUNCHER
================================================================================
  Model:      resnet50 (CIFAR stem)
  Dataset:    cifar10 (10 classes)
  Backend:    mpi
  Algorithm:  recursive_doubling_zfp
  Epochs:     10
  Batch/rank: 128
  LR:         0.01
================================================================================

  Batch [50/98] Loss: 2.4004, Acc: 11.03%
[Epoch 1] Train Loss: 2.3526, Acc: 11.90%  |  Val Loss: 2.2939, Acc: 12.68%  |  Time: 12.4s
  -> Best model saved (12.68%)

[Epoch 2] Training... (lr=0.010000)
  Batch [50/98] Loss: 3.0523, Acc: 12.72%
[Epoch 2] Train Loss: 2.6062, Acc: 16.70%  |  Val Loss: 2.1547, Acc: 22.44%  |  Time: 6.0s
  -> Best model saved (22.44%)

[Epoch 3] Training... (lr=0.009698)
  Batch [50/98] Loss: 1.9539, Acc: 26.42%
[Epoch 3] Train Loss: 1.8770, Acc: 29.00%  |  Val Loss: 1.7084, Acc: 35.12%  |  Time: 6.0s
  -> Best model saved (35.12%)

[Epoch 4] Training... (lr=0.008830)
  Batch [50/98] Loss: 1.7083, Acc: 36.53%
[Epoch 4] Train Loss: 1.6594, Acc: 37.97%  |  Val Loss: 1.5469, Acc: 42.52%  |  Time: 6.0s
  -> Best model saved (42.52%)

[Epoch 5] Training... (lr=0.007500)
  Batch [50/98] Loss: 1.4996, Acc: 44.09%
[Epoch 5] Train Loss: 1.5031, Acc: 43.66%  |  Val Loss: 1.4197, Acc: 48.28%  |  Time: 6.0s
  -> Best model saved (48.28%)

[Epoch 6] Training... (lr=0.005868)
  Batch [50/98] Loss: 1.4130, Acc: 47.33%
[Epoch 6] Train Loss: 1.4081, Acc: 47.80%  |  Val Loss: 1.3089, Acc: 52.76%  |  Time: 6.0s
  -> Best model saved (52.76%)

[Epoch 7] Training... (lr=0.004132)
  Batch [50/98] Loss: 1.3355, Acc: 51.44%
[Epoch 7] Train Loss: 1.3148, Acc: 51.86%  |  Val Loss: 1.2808, Acc: 54.52%  |  Time: 6.0s
  -> Best model saved (54.52%)

[Epoch 8] Training... (lr=0.002500)
  Batch [50/98] Loss: 1.2613, Acc: 53.55%
[Epoch 8] Train Loss: 1.2561, Acc: 54.01%  |  Val Loss: 1.2147, Acc: 56.40%  |  Time: 6.0s
  -> Best model saved (56.40%)

[Epoch 9] Training... (lr=0.001170)
  Batch [50/98] Loss: 1.2368, Acc: 54.78%
[Epoch 9] Train Loss: 1.2287, Acc: 55.20%  |  Val Loss: 1.1917, Acc: 56.84%  |  Time: 6.0s
  -> Best model saved (56.84%)

[Epoch 10] Training... (lr=0.000302)
  Batch [50/98] Loss: 1.1982, Acc: 56.75%
[Epoch 10] Train Loss: 1.1818, Acc: 57.41%  |  Val Loss: 1.1746, Acc: 57.64%  |  Time: 6.0s
  -> Best model saved (57.64%)

================================================================================
Done in 72.6s | Best val acc: 57.64%
Epoch times: mean=6.6s  min=6.0s  max=12.4s
================================================================================
=== Job finished: Sat May  9 04:31:50 PM UTC 2026 ===
