=== Job started: Tue May  5 04:16:54 PM UTC 2026 ===
=== Node: x3004c0s25b0n0 ===

The following have been reloaded with a version change:
  1) gcc-native/14 => gcc-native/13


The following have been reloaded with a version change:
  1) gcc-native/13 => gcc-native/14.2

[INFO] GTL preloaded: /opt/cray/pe/mpich/9.0.1/ofi/nvidia/23.3/lib/libmpi_gtl_cuda.so
=============================================
  Polaris DDP + Eagle PyTorch + Cray MPICH
=============================================
Node              : x3004c0s25b0n0
GTL               : /opt/cray/pe/mpich/9.0.1/ofi/nvidia/23.3/lib/libmpi_gtl_cuda.so
MPICH_GPU_SUPPORT : 1

PyTorch version   : 2.8.0a0+gitba56102
PyTorch location  : /lus/eagle/projects/UIC-HPC/mrest/pytorch_mpi_build/src/pytorch/torch/__init__.py
CUDA available    : True 4
MPI available     : True
mpi4py            : MPI VERSION    : CRAY MPICH version 9.0.1.498 (ANL base 4.1.2)
mpi4py rank test  : rank 0 OK
=============================================
=== Starting training ===

================================================================================
DISTRIBUTED TRAINING LAUNCHER
================================================================================
  Model:      resnet50 (CIFAR stem)
  Dataset:    cifar10 (10 classes)
  Backend:    nccl
  Algorithm:  ring
  Epochs:     10
  Batch/rank: 128
  LR:         0.01
================================================================================


================================================================================
Distributed Training: RESNET50 on CIFAR10
Backend: NCCL, Algorithm: ring
================================================================================
Ranks: 4, Epochs: 10, Batch/rank: 128, Effective batch: 512
LR: 0.01, Device: cuda:0

[Setup] Model on cuda:0, wrapped in DDP (static_graph=True)
[Setup] Hook registered: nccl/ring
[Data] Train batches: 98, Val batches: 20


[Epoch 1] Training... (lr=0.000010)

================================================================================
DISTRIBUTED TRAINING LAUNCHER
================================================================================
  Model:      resnet50 (CIFAR stem)
  Dataset:    cifar10 (10 classes)
  Backend:    nccl
  Algorithm:  ring
  Epochs:     10
  Batch/rank: 128
  LR:         0.01
================================================================================


================================================================================
DISTRIBUTED TRAINING LAUNCHER
================================================================================
  Model:      resnet50 (CIFAR stem)
  Dataset:    cifar10 (10 classes)
  Backend:    nccl
  Algorithm:  ring
  Epochs:     10
  Batch/rank: 128
  LR:         0.01
================================================================================


================================================================================
DISTRIBUTED TRAINING LAUNCHER
================================================================================
  Model:      resnet50 (CIFAR stem)
  Dataset:    cifar10 (10 classes)
  Backend:    nccl
  Algorithm:  ring
  Epochs:     10
  Batch/rank: 128
  LR:         0.01
================================================================================

  Batch [50/98] Loss: 2.4000, Acc: 10.98%
[Epoch 1] Train Loss: 2.3521, Acc: 11.74%  |  Val Loss: 2.2923, Acc: 11.72%  |  Time: 7.7s
  -> Best model saved (11.72%)

[Epoch 2] Training... (lr=0.010000)
  Batch [50/98] Loss: 3.4114, Acc: 13.08%
[Epoch 2] Train Loss: 2.7904, Acc: 17.74%  |  Val Loss: 1.9511, Acc: 27.12%  |  Time: 6.1s
  -> Best model saved (27.12%)

[Epoch 3] Training... (lr=0.009698)
  Batch [50/98] Loss: 1.9011, Acc: 28.11%
[Epoch 3] Train Loss: 1.8319, Acc: 30.62%  |  Val Loss: 1.6611, Acc: 38.08%  |  Time: 6.1s
  -> Best model saved (38.08%)

[Epoch 4] Training... (lr=0.008830)
  Batch [50/98] Loss: 1.6976, Acc: 36.72%
[Epoch 4] Train Loss: 1.6465, Acc: 38.23%  |  Val Loss: 1.4988, Acc: 44.36%  |  Time: 6.0s
  -> Best model saved (44.36%)

[Epoch 5] Training... (lr=0.007500)
  Batch [50/98] Loss: 1.4848, Acc: 44.84%
[Epoch 5] Train Loss: 1.4846, Acc: 45.12%  |  Val Loss: 1.4075, Acc: 48.60%  |  Time: 6.0s
  -> Best model saved (48.60%)

[Epoch 6] Training... (lr=0.005868)
  Batch [50/98] Loss: 1.3910, Acc: 48.27%
[Epoch 6] Train Loss: 1.3805, Acc: 49.14%  |  Val Loss: 1.2815, Acc: 53.72%  |  Time: 6.0s
  -> Best model saved (53.72%)

[Epoch 7] Training... (lr=0.004132)
  Batch [50/98] Loss: 1.3099, Acc: 52.17%
[Epoch 7] Train Loss: 1.2903, Acc: 52.38%  |  Val Loss: 1.2295, Acc: 55.52%  |  Time: 6.0s
  -> Best model saved (55.52%)

[Epoch 8] Training... (lr=0.002500)
  Batch [50/98] Loss: 1.2313, Acc: 54.67%
[Epoch 8] Train Loss: 1.2247, Acc: 54.86%  |  Val Loss: 1.1748, Acc: 58.28%  |  Time: 6.0s
  -> Best model saved (58.28%)

[Epoch 9] Training... (lr=0.001170)
  Batch [50/98] Loss: 1.2061, Acc: 55.64%
[Epoch 9] Train Loss: 1.2031, Acc: 56.13%  |  Val Loss: 1.1591, Acc: 59.04%  |  Time: 6.1s
  -> Best model saved (59.04%)

[Epoch 10] Training... (lr=0.000302)
  Batch [50/98] Loss: 1.1754, Acc: 57.86%
[Epoch 10] Train Loss: 1.1671, Acc: 57.94%  |  Val Loss: 1.1390, Acc: 59.72%  |  Time: 6.0s
  -> Best model saved (59.72%)

================================================================================
Done in 65.4s | Best val acc: 59.72%
Epoch times: mean=6.2s  min=6.0s  max=7.7s
================================================================================
=== Job finished: Tue May  5 04:18:23 PM UTC 2026 ===
