=== Job started: Tue May  5 03:55:02 PM UTC 2026 ===
=== Node: x3003c0s37b1n0 ===

The following have been reloaded with a version change:
  1) gcc-native/14 => gcc-native/13


The following have been reloaded with a version change:
  1) gcc-native/13 => gcc-native/14.2

[INFO] GTL preloaded: /opt/cray/pe/mpich/9.0.1/ofi/nvidia/23.3/lib/libmpi_gtl_cuda.so
=============================================
  Polaris DDP + Eagle PyTorch + Cray MPICH
=============================================
Node              : x3003c0s37b1n0
GTL               : /opt/cray/pe/mpich/9.0.1/ofi/nvidia/23.3/lib/libmpi_gtl_cuda.so
MPICH_GPU_SUPPORT : 1

PyTorch version   : 2.8.0a0+gitba56102
PyTorch location  : /lus/eagle/projects/UIC-HPC/mrest/pytorch_mpi_build/src/pytorch/torch/__init__.py
CUDA available    : True 4
MPI available     : True
mpi4py            : MPI VERSION    : CRAY MPICH version 9.0.1.498 (ANL base 4.1.2)
mpi4py rank test  : rank 0 OK
=============================================
=== Starting training ===

================================================================================
DISTRIBUTED TRAINING LAUNCHER
================================================================================
  Model:      resnet50 (CIFAR stem)
  Dataset:    cifar10 (10 classes)
  Backend:    mpi
  Algorithm:  ring
  Epochs:     10
  Batch/rank: 128
  LR:         0.01
================================================================================


================================================================================
Distributed Training: RESNET50 on CIFAR10
Backend: MPI, Algorithm: ring
================================================================================
Ranks: 4, Epochs: 10, Batch/rank: 128, Effective batch: 512
LR: 0.01, Device: cuda:0

[Setup] Model on cuda:0, wrapped in DDP (static_graph=True)
[Setup] Hook registered: mpi/ring
[Data] Train batches: 98, Val batches: 20


[Epoch 1] Training... (lr=0.000010)

================================================================================
DISTRIBUTED TRAINING LAUNCHER
================================================================================
  Model:      resnet50 (CIFAR stem)
  Dataset:    cifar10 (10 classes)
  Backend:    mpi
  Algorithm:  ring
  Epochs:     10
  Batch/rank: 128
  LR:         0.01
================================================================================


================================================================================
DISTRIBUTED TRAINING LAUNCHER
================================================================================
  Model:      resnet50 (CIFAR stem)
  Dataset:    cifar10 (10 classes)
  Backend:    mpi
  Algorithm:  ring
  Epochs:     10
  Batch/rank: 128
  LR:         0.01
================================================================================


================================================================================
DISTRIBUTED TRAINING LAUNCHER
================================================================================
  Model:      resnet50 (CIFAR stem)
  Dataset:    cifar10 (10 classes)
  Backend:    mpi
  Algorithm:  ring
  Epochs:     10
  Batch/rank: 128
  LR:         0.01
================================================================================

  Batch [50/98] Loss: 2.3999, Acc: 10.92%
[Epoch 1] Train Loss: 2.3516, Acc: 11.88%  |  Val Loss: 2.2884, Acc: 13.44%  |  Time: 11.0s
  -> Best model saved (13.44%)

[Epoch 2] Training... (lr=0.010000)
  Batch [50/98] Loss: 3.4269, Acc: 12.61%
[Epoch 2] Train Loss: 2.8165, Acc: 16.04%  |  Val Loss: 1.9797, Acc: 26.16%  |  Time: 5.9s
  -> Best model saved (26.16%)

[Epoch 3] Training... (lr=0.009698)
  Batch [50/98] Loss: 1.9068, Acc: 27.53%
[Epoch 3] Train Loss: 1.8300, Acc: 30.65%  |  Val Loss: 1.6653, Acc: 37.12%  |  Time: 5.9s
  -> Best model saved (37.12%)

[Epoch 4] Training... (lr=0.008830)
  Batch [50/98] Loss: 1.6635, Acc: 37.22%
[Epoch 4] Train Loss: 1.6239, Acc: 39.08%  |  Val Loss: 1.5052, Acc: 45.00%  |  Time: 5.9s
  -> Best model saved (45.00%)

[Epoch 5] Training... (lr=0.007500)
  Batch [50/98] Loss: 1.4421, Acc: 46.28%
[Epoch 5] Train Loss: 1.4457, Acc: 46.12%  |  Val Loss: 1.3475, Acc: 51.20%  |  Time: 5.9s
  -> Best model saved (51.20%)

[Epoch 6] Training... (lr=0.005868)
  Batch [50/98] Loss: 1.3588, Acc: 49.38%
[Epoch 6] Train Loss: 1.3525, Acc: 49.99%  |  Val Loss: 1.2503, Acc: 54.48%  |  Time: 5.9s
  -> Best model saved (54.48%)

[Epoch 7] Training... (lr=0.004132)
  Batch [50/98] Loss: 1.2855, Acc: 52.69%
[Epoch 7] Train Loss: 1.2631, Acc: 53.34%  |  Val Loss: 1.2212, Acc: 55.12%  |  Time: 5.9s
  -> Best model saved (55.12%)

[Epoch 8] Training... (lr=0.002500)
  Batch [50/98] Loss: 1.2066, Acc: 55.48%
[Epoch 8] Train Loss: 1.2031, Acc: 56.00%  |  Val Loss: 1.1937, Acc: 57.84%  |  Time: 5.9s
  -> Best model saved (57.84%)

[Epoch 9] Training... (lr=0.001170)
  Batch [50/98] Loss: 1.1829, Acc: 57.16%
[Epoch 9] Train Loss: 1.1767, Acc: 57.55%  |  Val Loss: 1.1522, Acc: 58.68%  |  Time: 5.9s
  -> Best model saved (58.68%)

[Epoch 10] Training... (lr=0.000302)
  Batch [50/98] Loss: 1.1652, Acc: 58.17%
[Epoch 10] Train Loss: 1.1419, Acc: 58.72%  |  Val Loss: 1.1313, Acc: 59.48%  |  Time: 5.9s
  -> Best model saved (59.48%)

================================================================================
Done in 67.5s | Best val acc: 59.48%
Epoch times: mean=6.4s  min=5.9s  max=11.0s
================================================================================
=== Job finished: Tue May  5 03:57:08 PM UTC 2026 ===
