=== Job started: Sat May  9 04:40:02 PM UTC 2026 ===
=== Node: x3003c0s7b1n0 ===

The following have been reloaded with a version change:
  1) gcc-native/14 => gcc-native/13


The following have been reloaded with a version change:
  1) gcc-native/13 => gcc-native/14.2

[INFO] GTL preloaded: /opt/cray/pe/mpich/9.0.1/ofi/nvidia/23.3/lib/libmpi_gtl_cuda.so
=============================================
  Polaris DDP + Eagle PyTorch + Cray MPICH
=============================================
Node              : x3003c0s7b1n0
GTL               : /opt/cray/pe/mpich/9.0.1/ofi/nvidia/23.3/lib/libmpi_gtl_cuda.so
MPICH_GPU_SUPPORT : 1

PyTorch version   : 2.8.0a0+gitba56102
PyTorch location  : /lus/eagle/projects/UIC-HPC/mrest/pytorch_mpi_build/src/pytorch/torch/__init__.py
CUDA available    : True 4
MPI available     : True
mpi4py            : MPI VERSION    : CRAY MPICH version 9.0.1.498 (ANL base 4.1.2)
mpi4py rank test  : rank 0 OK
=============================================
=== Starting training ===

================================================================================
DISTRIBUTED TRAINING LAUNCHER
================================================================================
  Model:      resnet50 (CIFAR stem)
  Dataset:    cifar10 (10 classes)
  Backend:    mpi
  Algorithm:  ring_zfp
  Epochs:     10
  Batch/rank: 128
  LR:         0.01
================================================================================


================================================================================
Distributed Training: RESNET50 on CIFAR10
Backend: MPI, Algorithm: ring_zfp
================================================================================
Ranks: 4, Epochs: 10, Batch/rank: 128, Effective batch: 512
LR: 0.01, Device: cuda:0

[Setup] Model on cuda:0, wrapped in DDP (static_graph=True)
[Setup] Hook registered: mpi/ring_zfp

================================================================================
DISTRIBUTED TRAINING LAUNCHER
================================================================================
  Model:      resnet50 (CIFAR stem)
  Dataset:    cifar10 (10 classes)
  Backend:    mpi
  Algorithm:  ring_zfp
  Epochs:     10
  Batch/rank: 128
  LR:         0.01
================================================================================

[Data] Train batches: 98, Val batches: 20


[Epoch 1] Training... (lr=0.000010)

================================================================================
DISTRIBUTED TRAINING LAUNCHER
================================================================================
  Model:      resnet50 (CIFAR stem)
  Dataset:    cifar10 (10 classes)
  Backend:    mpi
  Algorithm:  ring_zfp
  Epochs:     10
  Batch/rank: 128
  LR:         0.01
================================================================================


================================================================================
DISTRIBUTED TRAINING LAUNCHER
================================================================================
  Model:      resnet50 (CIFAR stem)
  Dataset:    cifar10 (10 classes)
  Backend:    mpi
  Algorithm:  ring_zfp
  Epochs:     10
  Batch/rank: 128
  LR:         0.01
================================================================================

  Batch [50/98] Loss: 2.3994, Acc: 10.88%
[Epoch 1] Train Loss: 2.3514, Acc: 12.08%  |  Val Loss: 2.2908, Acc: 11.72%  |  Time: 7.9s
  -> Best model saved (11.72%)

[Epoch 2] Training... (lr=0.010000)
  Batch [50/98] Loss: 3.2592, Acc: 13.53%
[Epoch 2] Train Loss: 2.6984, Acc: 17.29%  |  Val Loss: 1.9622, Acc: 25.20%  |  Time: 6.3s
  -> Best model saved (25.20%)

[Epoch 3] Training... (lr=0.009698)
  Batch [50/98] Loss: 1.9189, Acc: 26.75%
[Epoch 3] Train Loss: 1.8468, Acc: 29.46%  |  Val Loss: 1.6997, Acc: 35.76%  |  Time: 6.3s
  -> Best model saved (35.76%)

[Epoch 4] Training... (lr=0.008830)
  Batch [50/98] Loss: 1.7359, Acc: 34.77%
[Epoch 4] Train Loss: 1.6922, Acc: 36.24%  |  Val Loss: 1.5724, Acc: 42.28%  |  Time: 6.3s
  -> Best model saved (42.28%)

[Epoch 5] Training... (lr=0.007500)
  Batch [50/98] Loss: 1.5138, Acc: 43.50%
[Epoch 5] Train Loss: 1.5091, Acc: 43.46%  |  Val Loss: 1.4508, Acc: 47.32%  |  Time: 6.3s
  -> Best model saved (47.32%)

[Epoch 6] Training... (lr=0.005868)
  Batch [50/98] Loss: 1.4183, Acc: 47.42%
[Epoch 6] Train Loss: 1.4095, Acc: 47.72%  |  Val Loss: 1.3276, Acc: 52.80%  |  Time: 6.2s
  -> Best model saved (52.80%)

[Epoch 7] Training... (lr=0.004132)
  Batch [50/98] Loss: 1.3382, Acc: 50.61%
[Epoch 7] Train Loss: 1.3220, Acc: 51.21%  |  Val Loss: 1.2674, Acc: 56.16%  |  Time: 6.3s
  -> Best model saved (56.16%)

[Epoch 8] Training... (lr=0.002500)
  Batch [50/98] Loss: 1.2663, Acc: 53.83%
[Epoch 8] Train Loss: 1.2610, Acc: 53.98%  |  Val Loss: 1.2150, Acc: 56.68%  |  Time: 6.3s
  -> Best model saved (56.68%)

[Epoch 9] Training... (lr=0.001170)
  Batch [50/98] Loss: 1.2466, Acc: 54.75%
[Epoch 9] Train Loss: 1.2391, Acc: 54.70%  |  Val Loss: 1.1850, Acc: 58.64%  |  Time: 6.3s
  -> Best model saved (58.64%)

[Epoch 10] Training... (lr=0.000302)
  Batch [50/98] Loss: 1.2228, Acc: 56.11%
[Epoch 10] Train Loss: 1.2019, Acc: 56.60%  |  Val Loss: 1.1683, Acc: 59.04%  |  Time: 6.3s
  -> Best model saved (59.04%)

================================================================================
Done in 67.8s | Best val acc: 59.04%
Epoch times: mean=6.4s  min=6.2s  max=7.9s
================================================================================
=== Job finished: Sat May  9 04:41:33 PM UTC 2026 ===
