=== Job started: Fri May 22 10:16:42 PM UTC 2026 ===
=== Node: x3005c0s31b0n0 ===

The following have been reloaded with a version change:
  1) gcc-native/14 => gcc-native/13


The following have been reloaded with a version change:
  1) gcc-native/13 => gcc-native/14.2

[INFO] GTL preloaded: /opt/cray/pe/mpich/9.0.1/ofi/nvidia/23.3/lib/libmpi_gtl_cuda.so
=============================================
  Polaris DDP + Eagle PyTorch + Cray MPICH
=============================================
Node              : x3005c0s31b0n0
ZFP_HOME          : /home/mrest/mpiAllReduceCompressed/zfp-install
GTL               : /opt/cray/pe/mpich/9.0.1/ofi/nvidia/23.3/lib/libmpi_gtl_cuda.so
MPICH_GPU_SUPPORT : 1

PyTorch version   : 2.8.0a0+gitba56102
PyTorch location  : /lus/eagle/projects/UIC-HPC/mrest/pytorch_mpi_build/src/pytorch/torch/__init__.py
CUDA available    : True 4
MPI available     : True
mpi4py            : MPI VERSION    : CRAY MPICH version 9.0.1.498 (ANL base 4.1.2)
mpi4py rank test  : rank 0 OK
=============================================
=== Starting training: backend=mpi, hook=None, zfp_rate=none at Fri May 22 10:17:16 PM UTC 2026 ===

================================================================================
DISTRIBUTED TRAINING LAUNCHER
================================================================================
  Model:      resnext101_32x8d (CIFAR stem) (pretrained)
  Dataset:    cifar10 (10 classes)
  Backend:    mpi
  Algorithm:  built-in (no hook)
  Epochs:     20
  Batch/rank: 16
  LR:         0.001
================================================================================


================================================================================
Distributed Training: RESNEXT101_32X8D on CIFAR10
Backend: MPI, Algorithm: built-in (no hook)
================================================================================
Ranks: 8, Epochs: 20, Batch/rank: 16, Effective batch: 128
LR: 0.001, Device: cuda:0

[Setup] Model on cuda:0, wrapped in DDP (static_graph=True)
[Setup] No hook — using DDP built-in MPI allreduce

================================================================================
DISTRIBUTED TRAINING LAUNCHER
================================================================================
  Model:      resnext101_32x8d (CIFAR stem) (pretrained)
  Dataset:    cifar10 (10 classes)
  Backend:    mpi
  Algorithm:  built-in (no hook)
  Epochs:     20
  Batch/rank: 16
  LR:         0.001
================================================================================


================================================================================
DISTRIBUTED TRAINING LAUNCHER
================================================================================
  Model:      resnext101_32x8d (CIFAR stem) (pretrained)
  Dataset:    cifar10 (10 classes)
  Backend:    mpi
  Algorithm:  built-in (no hook)
  Epochs:     20
  Batch/rank: 16
  LR:         0.001
================================================================================


================================================================================
DISTRIBUTED TRAINING LAUNCHER
================================================================================
  Model:      resnext101_32x8d (CIFAR stem) (pretrained)
  Dataset:    cifar10 (10 classes)
  Backend:    mpi
  Algorithm:  built-in (no hook)
  Epochs:     20
  Batch/rank: 16
  LR:         0.001
================================================================================


================================================================================
DISTRIBUTED TRAINING LAUNCHER
================================================================================
  Model:      resnext101_32x8d (CIFAR stem) (pretrained)
  Dataset:    cifar10 (10 classes)
  Backend:    mpi
  Algorithm:  built-in (no hook)
  Epochs:     20
  Batch/rank: 16
  LR:         0.001
================================================================================


================================================================================
DISTRIBUTED TRAINING LAUNCHER
================================================================================
  Model:      resnext101_32x8d (CIFAR stem) (pretrained)
  Dataset:    cifar10 (10 classes)
  Backend:    mpi
  Algorithm:  built-in (no hook)
  Epochs:     20
  Batch/rank: 16
  LR:         0.001
================================================================================


================================================================================
DISTRIBUTED TRAINING LAUNCHER
================================================================================
  Model:      resnext101_32x8d (CIFAR stem) (pretrained)
  Dataset:    cifar10 (10 classes)
  Backend:    mpi
  Algorithm:  built-in (no hook)
  Epochs:     20
  Batch/rank: 16
  LR:         0.001
================================================================================


================================================================================
DISTRIBUTED TRAINING LAUNCHER
================================================================================
  Model:      resnext101_32x8d (CIFAR stem) (pretrained)
  Dataset:    cifar10 (10 classes)
  Backend:    mpi
  Algorithm:  built-in (no hook)
  Epochs:     20
  Batch/rank: 16
  LR:         0.001
================================================================================

[Data] Train batches: 390, Val batches: 79


[Epoch 1] Training... (lr=0.000001)
  Batch [50/390] Loss: 2.3184, Acc: 10.50%
  Batch [100/390] Loss: 2.3147, Acc: 10.56%
  Batch [150/390] Loss: nan, Acc: 10.46%
  Batch [200/390] Loss: nan, Acc: 10.44%
  Batch [250/390] Loss: nan, Acc: 10.18%
  Batch [300/390] Loss: nan, Acc: 10.21%
  Batch [350/390] Loss: nan, Acc: 10.12%
[Epoch 1] Train Loss: nan, Acc: 10.27%  |  Val Loss: nan, Acc: 10.88%  |  Time: 28.2s
  WARNING: train_loss is nan — possible gradient explosion from hook bug. Check that hook divides by world_size exactly once.
  -> Best model saved (10.88%)
[Epoch 1] Summarizing hook timing...
[HOOK_TIMING_SUMMARY] epoch=1 no hook timing samples
[Epoch 1] Hook timing summary done

[Epoch 2] Training... (lr=0.000201)
  Batch [50/390] Loss: nan, Acc: 11.12%
  Batch [100/390] Loss: nan, Acc: 10.12%
  Batch [150/390] Loss: nan, Acc: 9.71%
  Batch [200/390] Loss: nan, Acc: 9.19%
  Batch [250/390] Loss: nan, Acc: 9.05%
  Batch [300/390] Loss: nan, Acc: 9.35%
  Batch [350/390] Loss: nan, Acc: 9.30%
[Epoch 2] Train Loss: nan, Acc: 9.18%  |  Val Loss: nan, Acc: 10.88%  |  Time: 24.1s
  WARNING: train_loss is nan — possible gradient explosion from hook bug. Check that hook divides by world_size exactly once.
[Epoch 2] Summarizing hook timing...
[HOOK_TIMING_SUMMARY] epoch=2 no hook timing samples
[Epoch 2] Hook timing summary done

[Epoch 3] Training... (lr=0.000401)
  Batch [50/390] Loss: nan, Acc: 10.38%
  Batch [100/390] Loss: nan, Acc: 9.81%
  Batch [150/390] Loss: nan, Acc: 10.08%
  Batch [200/390] Loss: nan, Acc: 10.22%
  Batch [250/390] Loss: nan, Acc: 10.10%
  Batch [300/390] Loss: nan, Acc: 10.00%
  Batch [350/390] Loss: nan, Acc: 10.14%
[Epoch 3] Train Loss: nan, Acc: 9.97%  |  Val Loss: nan, Acc: 10.88%  |  Time: 23.9s
  WARNING: train_loss is nan — possible gradient explosion from hook bug. Check that hook divides by world_size exactly once.
[Epoch 3] Summarizing hook timing...
[HOOK_TIMING_SUMMARY] epoch=3 no hook timing samples
[Epoch 3] Hook timing summary done

[Epoch 4] Training... (lr=0.000600)
  Batch [50/390] Loss: nan, Acc: 9.88%
  Batch [100/390] Loss: nan, Acc: 9.44%
  Batch [150/390] Loss: nan, Acc: 9.33%
  Batch [200/390] Loss: nan, Acc: 9.38%
  Batch [250/390] Loss: nan, Acc: 9.12%
  Batch [300/390] Loss: nan, Acc: 9.48%
  Batch [350/390] Loss: nan, Acc: 9.71%
[Epoch 4] Train Loss: nan, Acc: 9.66%  |  Val Loss: nan, Acc: 10.88%  |  Time: 24.1s
  WARNING: train_loss is nan — possible gradient explosion from hook bug. Check that hook divides by world_size exactly once.
[Epoch 4] Summarizing hook timing...
[HOOK_TIMING_SUMMARY] epoch=4 no hook timing samples
[Epoch 4] Hook timing summary done

[Epoch 5] Training... (lr=0.000800)
  Batch [50/390] Loss: nan, Acc: 9.88%
  Batch [100/390] Loss: nan, Acc: 10.00%
  Batch [150/390] Loss: nan, Acc: 10.08%
  Batch [200/390] Loss: nan, Acc: 10.47%
  Batch [250/390] Loss: nan, Acc: 9.68%
  Batch [300/390] Loss: nan, Acc: 9.81%
  Batch [350/390] Loss: nan, Acc: 9.95%
[Epoch 5] Train Loss: nan, Acc: 10.10%  |  Val Loss: nan, Acc: 10.88%  |  Time: 24.1s
  WARNING: train_loss is nan — possible gradient explosion from hook bug. Check that hook divides by world_size exactly once.
[Epoch 5] Summarizing hook timing...
[HOOK_TIMING_SUMMARY] epoch=5 no hook timing samples
[Epoch 5] Hook timing summary done

[Epoch 6] Training... (lr=0.001000)
  Batch [50/390] Loss: nan, Acc: 9.62%
  Batch [100/390] Loss: nan, Acc: 9.88%
  Batch [150/390] Loss: nan, Acc: 9.42%
  Batch [200/390] Loss: nan, Acc: 9.31%
  Batch [250/390] Loss: nan, Acc: 9.72%
  Batch [300/390] Loss: nan, Acc: 9.75%
  Batch [350/390] Loss: nan, Acc: 9.89%
[Epoch 6] Train Loss: nan, Acc: 10.11%  |  Val Loss: nan, Acc: 10.88%  |  Time: 24.1s
  WARNING: train_loss is nan — possible gradient explosion from hook bug. Check that hook divides by world_size exactly once.
[Epoch 6] Summarizing hook timing...
[HOOK_TIMING_SUMMARY] epoch=6 no hook timing samples
[Epoch 6] Hook timing summary done

[Epoch 7] Training... (lr=0.000989)
  Batch [50/390] Loss: nan, Acc: 10.12%
  Batch [100/390] Loss: nan, Acc: 10.38%
  Batch [150/390] Loss: nan, Acc: 10.42%
  Batch [200/390] Loss: nan, Acc: 10.66%
  Batch [250/390] Loss: nan, Acc: 10.93%
  Batch [300/390] Loss: nan, Acc: 10.88%
  Batch [350/390] Loss: nan, Acc: 10.64%
[Epoch 7] Train Loss: nan, Acc: 10.53%  |  Val Loss: nan, Acc: 10.88%  |  Time: 24.1s
  WARNING: train_loss is nan — possible gradient explosion from hook bug. Check that hook divides by world_size exactly once.
[Epoch 7] Summarizing hook timing...
[HOOK_TIMING_SUMMARY] epoch=7 no hook timing samples
[Epoch 7] Hook timing summary done

[Epoch 8] Training... (lr=0.000957)
  Batch [50/390] Loss: nan, Acc: 9.88%
  Batch [100/390] Loss: nan, Acc: 10.25%
  Batch [150/390] Loss: nan, Acc: 9.58%
  Batch [200/390] Loss: nan, Acc: 10.06%
  Batch [250/390] Loss: nan, Acc: 10.12%
  Batch [300/390] Loss: nan, Acc: 10.06%
  Batch [350/390] Loss: nan, Acc: 10.04%
[Epoch 8] Train Loss: nan, Acc: 9.87%  |  Val Loss: nan, Acc: 10.88%  |  Time: 24.1s
  WARNING: train_loss is nan — possible gradient explosion from hook bug. Check that hook divides by world_size exactly once.
[Epoch 8] Summarizing hook timing...
[HOOK_TIMING_SUMMARY] epoch=8 no hook timing samples
[Epoch 8] Hook timing summary done

[Epoch 9] Training... (lr=0.000905)
  Batch [50/390] Loss: nan, Acc: 8.75%
  Batch [100/390] Loss: nan, Acc: 10.00%
  Batch [150/390] Loss: nan, Acc: 10.00%
  Batch [200/390] Loss: nan, Acc: 10.00%
  Batch [250/390] Loss: nan, Acc: 9.75%
  Batch [300/390] Loss: nan, Acc: 9.73%
  Batch [350/390] Loss: nan, Acc: 9.80%
[Epoch 9] Train Loss: nan, Acc: 9.66%  |  Val Loss: nan, Acc: 10.88%  |  Time: 24.2s
  WARNING: train_loss is nan — possible gradient explosion from hook bug. Check that hook divides by world_size exactly once.
[Epoch 9] Summarizing hook timing...
[HOOK_TIMING_SUMMARY] epoch=9 no hook timing samples
[Epoch 9] Hook timing summary done

[Epoch 10] Training... (lr=0.000835)
  Batch [50/390] Loss: nan, Acc: 10.62%
  Batch [100/390] Loss: nan, Acc: 10.00%
  Batch [150/390] Loss: nan, Acc: 9.92%
  Batch [200/390] Loss: nan, Acc: 9.44%
  Batch [250/390] Loss: nan, Acc: 9.57%
  Batch [300/390] Loss: nan, Acc: 9.94%
  Batch [350/390] Loss: nan, Acc: 9.91%
[Epoch 10] Train Loss: nan, Acc: 9.90%  |  Val Loss: nan, Acc: 10.88%  |  Time: 24.0s
  WARNING: train_loss is nan — possible gradient explosion from hook bug. Check that hook divides by world_size exactly once.
[Epoch 10] Summarizing hook timing...
[HOOK_TIMING_SUMMARY] epoch=10 no hook timing samples
[Epoch 10] Hook timing summary done

[Epoch 11] Training... (lr=0.000750)
  Batch [50/390] Loss: nan, Acc: 9.88%
  Batch [100/390] Loss: nan, Acc: 10.56%
  Batch [150/390] Loss: nan, Acc: 10.33%
  Batch [200/390] Loss: nan, Acc: 10.31%
  Batch [250/390] Loss: nan, Acc: 10.55%
  Batch [300/390] Loss: nan, Acc: 10.58%
  Batch [350/390] Loss: nan, Acc: 10.46%
[Epoch 11] Train Loss: nan, Acc: 10.45%  |  Val Loss: nan, Acc: 10.88%  |  Time: 24.1s
  WARNING: train_loss is nan — possible gradient explosion from hook bug. Check that hook divides by world_size exactly once.
[Epoch 11] Summarizing hook timing...
[HOOK_TIMING_SUMMARY] epoch=11 no hook timing samples
[Epoch 11] Hook timing summary done

[Epoch 12] Training... (lr=0.000655)
  Batch [50/390] Loss: nan, Acc: 8.25%
  Batch [100/390] Loss: nan, Acc: 9.00%
  Batch [150/390] Loss: nan, Acc: 8.79%
  Batch [200/390] Loss: nan, Acc: 9.09%
  Batch [250/390] Loss: nan, Acc: 9.45%
  Batch [300/390] Loss: nan, Acc: 9.56%
  Batch [350/390] Loss: nan, Acc: 9.59%
[Epoch 12] Train Loss: nan, Acc: 9.78%  |  Val Loss: nan, Acc: 10.88%  |  Time: 24.1s
  WARNING: train_loss is nan — possible gradient explosion from hook bug. Check that hook divides by world_size exactly once.
[Epoch 12] Summarizing hook timing...
[HOOK_TIMING_SUMMARY] epoch=12 no hook timing samples
[Epoch 12] Hook timing summary done

[Epoch 13] Training... (lr=0.000552)
  Batch [50/390] Loss: nan, Acc: 11.00%
  Batch [100/390] Loss: nan, Acc: 10.44%
  Batch [150/390] Loss: nan, Acc: 10.42%
  Batch [200/390] Loss: nan, Acc: 10.31%
  Batch [250/390] Loss: nan, Acc: 10.38%
  Batch [300/390] Loss: nan, Acc: 10.38%
  Batch [350/390] Loss: nan, Acc: 10.36%
[Epoch 13] Train Loss: nan, Acc: 10.30%  |  Val Loss: nan, Acc: 10.88%  |  Time: 23.9s
  WARNING: train_loss is nan — possible gradient explosion from hook bug. Check that hook divides by world_size exactly once.
[Epoch 13] Summarizing hook timing...
[HOOK_TIMING_SUMMARY] epoch=13 no hook timing samples
[Epoch 13] Hook timing summary done

[Epoch 14] Training... (lr=0.000448)
  Batch [50/390] Loss: nan, Acc: 10.88%
  Batch [100/390] Loss: nan, Acc: 10.31%
  Batch [150/390] Loss: nan, Acc: 10.42%
  Batch [200/390] Loss: nan, Acc: 10.16%
  Batch [250/390] Loss: nan, Acc: 10.20%
  Batch [300/390] Loss: nan, Acc: 10.33%
  Batch [350/390] Loss: nan, Acc: 10.07%
[Epoch 14] Train Loss: nan, Acc: 9.87%  |  Val Loss: nan, Acc: 10.88%  |  Time: 24.2s
  WARNING: train_loss is nan — possible gradient explosion from hook bug. Check that hook divides by world_size exactly once.
[Epoch 14] Summarizing hook timing...
[HOOK_TIMING_SUMMARY] epoch=14 no hook timing samples
[Epoch 14] Hook timing summary done

[Epoch 15] Training... (lr=0.000345)
  Batch [50/390] Loss: nan, Acc: 10.88%
  Batch [100/390] Loss: nan, Acc: 10.25%
  Batch [150/390] Loss: nan, Acc: 9.71%
  Batch [200/390] Loss: nan, Acc: 10.06%
  Batch [250/390] Loss: nan, Acc: 10.10%
  Batch [300/390] Loss: nan, Acc: 9.85%
  Batch [350/390] Loss: nan, Acc: 9.79%
[Epoch 15] Train Loss: nan, Acc: 10.00%  |  Val Loss: nan, Acc: 10.88%  |  Time: 23.9s
  WARNING: train_loss is nan — possible gradient explosion from hook bug. Check that hook divides by world_size exactly once.
[Epoch 15] Summarizing hook timing...
[HOOK_TIMING_SUMMARY] epoch=15 no hook timing samples
[Epoch 15] Hook timing summary done

[Epoch 16] Training... (lr=0.000250)
  Batch [50/390] Loss: nan, Acc: 10.75%
  Batch [100/390] Loss: nan, Acc: 10.38%
  Batch [150/390] Loss: nan, Acc: 10.33%
  Batch [200/390] Loss: nan, Acc: 10.22%
  Batch [250/390] Loss: nan, Acc: 9.97%
  Batch [300/390] Loss: nan, Acc: 10.08%
  Batch [350/390] Loss: nan, Acc: 9.93%
[Epoch 16] Train Loss: nan, Acc: 9.81%  |  Val Loss: nan, Acc: 10.88%  |  Time: 24.1s
  WARNING: train_loss is nan — possible gradient explosion from hook bug. Check that hook divides by world_size exactly once.
[Epoch 16] Summarizing hook timing...
[HOOK_TIMING_SUMMARY] epoch=16 no hook timing samples
[Epoch 16] Hook timing summary done

[Epoch 17] Training... (lr=0.000165)
  Batch [50/390] Loss: nan, Acc: 9.50%
  Batch [100/390] Loss: nan, Acc: 9.50%
  Batch [150/390] Loss: nan, Acc: 9.08%
  Batch [200/390] Loss: nan, Acc: 9.47%
  Batch [250/390] Loss: nan, Acc: 9.72%
  Batch [300/390] Loss: nan, Acc: 9.83%
  Batch [350/390] Loss: nan, Acc: 10.00%
[Epoch 17] Train Loss: nan, Acc: 9.98%  |  Val Loss: nan, Acc: 10.88%  |  Time: 24.0s
  WARNING: train_loss is nan — possible gradient explosion from hook bug. Check that hook divides by world_size exactly once.
[Epoch 17] Summarizing hook timing...
[HOOK_TIMING_SUMMARY] epoch=17 no hook timing samples
[Epoch 17] Hook timing summary done

[Epoch 18] Training... (lr=0.000095)
  Batch [50/390] Loss: nan, Acc: 9.00%
  Batch [100/390] Loss: nan, Acc: 9.75%
  Batch [150/390] Loss: nan, Acc: 9.96%
  Batch [200/390] Loss: nan, Acc: 10.28%
  Batch [250/390] Loss: nan, Acc: 10.18%
  Batch [300/390] Loss: nan, Acc: 9.96%
  Batch [350/390] Loss: nan, Acc: 10.00%
[Epoch 18] Train Loss: nan, Acc: 9.98%  |  Val Loss: nan, Acc: 10.88%  |  Time: 24.0s
  WARNING: train_loss is nan — possible gradient explosion from hook bug. Check that hook divides by world_size exactly once.
[Epoch 18] Summarizing hook timing...
[HOOK_TIMING_SUMMARY] epoch=18 no hook timing samples
[Epoch 18] Hook timing summary done

[Epoch 19] Training... (lr=0.000043)
  Batch [50/390] Loss: nan, Acc: 10.12%
  Batch [100/390] Loss: nan, Acc: 10.19%
  Batch [150/390] Loss: nan, Acc: 9.83%
  Batch [200/390] Loss: nan, Acc: 9.97%
  Batch [250/390] Loss: nan, Acc: 10.20%
  Batch [300/390] Loss: nan, Acc: 10.21%
  Batch [350/390] Loss: nan, Acc: 10.05%
[Epoch 19] Train Loss: nan, Acc: 10.10%  |  Val Loss: nan, Acc: 10.88%  |  Time: 24.1s
  WARNING: train_loss is nan — possible gradient explosion from hook bug. Check that hook divides by world_size exactly once.
[Epoch 19] Summarizing hook timing...
[HOOK_TIMING_SUMMARY] epoch=19 no hook timing samples
[Epoch 19] Hook timing summary done

[Epoch 20] Training... (lr=0.000011)
  Batch [50/390] Loss: nan, Acc: 9.38%
  Batch [100/390] Loss: nan, Acc: 9.75%
  Batch [150/390] Loss: nan, Acc: 10.46%
  Batch [200/390] Loss: nan, Acc: 10.50%
  Batch [250/390] Loss: nan, Acc: 10.62%
  Batch [300/390] Loss: nan, Acc: 10.60%
  Batch [350/390] Loss: nan, Acc: 10.61%
[Epoch 20] Train Loss: nan, Acc: 10.58%  |  Val Loss: nan, Acc: 10.88%  |  Time: 24.1s
  WARNING: train_loss is nan — possible gradient explosion from hook bug. Check that hook divides by world_size exactly once.
[Epoch 20] Summarizing hook timing...
[HOOK_TIMING_SUMMARY] epoch=20 no hook timing samples
[Epoch 20] Hook timing summary done

================================================================================
Done in 486.3s | Best val acc: 10.88%
Epoch times: mean=24.3s  min=23.9s  max=28.2s
================================================================================
=== Finished training: backend=mpi, hook=None, zfp_rate=none, status=0 at Fri May 22 10:25:43 PM UTC 2026 ===
=== Starting training: backend=mpi, hook=ring, zfp_rate=none at Fri May 22 10:25:43 PM UTC 2026 ===

================================================================================
DISTRIBUTED TRAINING LAUNCHER
================================================================================
  Model:      resnext101_32x8d (CIFAR stem) (pretrained)
  Dataset:    cifar10 (10 classes)
  Backend:    mpi
  Algorithm:  ring
  Epochs:     20
  Batch/rank: 16
  LR:         0.001
================================================================================


================================================================================
Distributed Training: RESNEXT101_32X8D on CIFAR10
Backend: MPI, Algorithm: ring
================================================================================
Ranks: 8, Epochs: 20, Batch/rank: 16, Effective batch: 128
LR: 0.001, Device: cuda:0

[Setup] Model on cuda:0, wrapped in DDP (static_graph=True)
[Setup] Hook registered: mpi/ring
[Data] Train batches: 390, Val batches: 79


[Epoch 1] Training... (lr=0.000001)

================================================================================
DISTRIBUTED TRAINING LAUNCHER
================================================================================
  Model:      resnext101_32x8d (CIFAR stem) (pretrained)
  Dataset:    cifar10 (10 classes)
  Backend:    mpi
  Algorithm:  ring
  Epochs:     20
  Batch/rank: 16
  LR:         0.001
================================================================================


================================================================================
DISTRIBUTED TRAINING LAUNCHER
================================================================================
  Model:      resnext101_32x8d (CIFAR stem) (pretrained)
  Dataset:    cifar10 (10 classes)
  Backend:    mpi
  Algorithm:  ring
  Epochs:     20
  Batch/rank: 16
  LR:         0.001
================================================================================


================================================================================
DISTRIBUTED TRAINING LAUNCHER
================================================================================
  Model:      resnext101_32x8d (CIFAR stem) (pretrained)
  Dataset:    cifar10 (10 classes)
  Backend:    mpi
  Algorithm:  ring
  Epochs:     20
  Batch/rank: 16
  LR:         0.001
================================================================================


================================================================================
DISTRIBUTED TRAINING LAUNCHER
================================================================================
  Model:      resnext101_32x8d (CIFAR stem) (pretrained)
  Dataset:    cifar10 (10 classes)
  Backend:    mpi
  Algorithm:  ring
  Epochs:     20
  Batch/rank: 16
  LR:         0.001
================================================================================


================================================================================
DISTRIBUTED TRAINING LAUNCHER
================================================================================
  Model:      resnext101_32x8d (CIFAR stem) (pretrained)
  Dataset:    cifar10 (10 classes)
  Backend:    mpi
  Algorithm:  ring
  Epochs:     20
  Batch/rank: 16
  LR:         0.001
================================================================================


================================================================================
DISTRIBUTED TRAINING LAUNCHER
================================================================================
  Model:      resnext101_32x8d (CIFAR stem) (pretrained)
  Dataset:    cifar10 (10 classes)
  Backend:    mpi
  Algorithm:  ring
  Epochs:     20
  Batch/rank: 16
  LR:         0.001
================================================================================


================================================================================
DISTRIBUTED TRAINING LAUNCHER
================================================================================
  Model:      resnext101_32x8d (CIFAR stem) (pretrained)
  Dataset:    cifar10 (10 classes)
  Backend:    mpi
  Algorithm:  ring
  Epochs:     20
  Batch/rank: 16
  LR:         0.001
================================================================================

  Batch [50/390] Loss: 2.3184, Acc: 10.50%
  Batch [100/390] Loss: 2.3147, Acc: 10.56%
  Batch [150/390] Loss: 2.3142, Acc: 10.58%
  Batch [200/390] Loss: 2.3158, Acc: 10.44%
  Batch [250/390] Loss: 2.3164, Acc: 10.60%
  Batch [300/390] Loss: 2.3158, Acc: 10.83%
  Batch [350/390] Loss: 2.3169, Acc: 10.88%
[Epoch 1] Train Loss: 2.3167, Acc: 10.80%  |  Val Loss: 2.3191, Acc: 9.68%  |  Time: 33.4s
  -> Best model saved (9.68%)
[Epoch 1] Summarizing hook timing...

[HOOK_TIMING_SUMMARY] epoch=1
[HOOK_WORK_SUMMARY] label=mpi:ring calls=5046 work_total_ms=22757.115 work_mean_ms=4.510 work_min_ms=1.459 work_max_ms=62.050
[HOOK_TAIL_SUMMARY] label=mpi:ring steps=391 tail_total_ms=16009.761 tail_mean_ms=40.946 tail_min_ms=8.492 tail_max_ms=70.201
[Epoch 1] Hook timing summary done

[Epoch 2] Training... (lr=0.000201)
  Batch [50/390] Loss: 2.3080, Acc: 11.75%
  Batch [100/390] Loss: 2.3020, Acc: 13.06%
  Batch [150/390] Loss: 2.2891, Acc: 14.29%
  Batch [200/390] Loss: 2.2768, Acc: 16.16%
  Batch [250/390] Loss: 2.2641, Acc: 18.38%
  Batch [300/390] Loss: 2.2542, Acc: 19.94%
  Batch [350/390] Loss: 2.2446, Acc: 21.50%
[Epoch 2] Train Loss: 2.2347, Acc: 23.09%  |  Val Loss: 2.1767, Acc: 31.12%  |  Time: 32.2s
  -> Best model saved (31.12%)
[Epoch 2] Summarizing hook timing...

[HOOK_TIMING_SUMMARY] epoch=2
[HOOK_WORK_SUMMARY] label=mpi:ring calls=5070 work_total_ms=22979.683 work_mean_ms=4.532 work_min_ms=1.453 work_max_ms=10.237
[HOOK_TAIL_SUMMARY] label=mpi:ring steps=390 tail_total_ms=16292.409 tail_mean_ms=41.775 tail_min_ms=34.805 tail_max_ms=43.081
[Epoch 2] Hook timing summary done

[Epoch 3] Training... (lr=0.000401)
  Batch [50/390] Loss: 2.1240, Acc: 38.62%
  Batch [100/390] Loss: 2.1146, Acc: 40.06%
  Batch [150/390] Loss: 2.0910, Acc: 41.67%
  Batch [200/390] Loss: 2.0629, Acc: 43.88%
  Batch [250/390] Loss: 2.0352, Acc: 46.50%
  Batch [300/390] Loss: 2.0104, Acc: 47.77%
  Batch [350/390] Loss: 1.9866, Acc: 48.70%
[Epoch 3] Train Loss: 1.9670, Acc: 49.73%  |  Val Loss: 1.8058, Acc: 61.12%  |  Time: 32.5s
  -> Best model saved (61.12%)
[Epoch 3] Summarizing hook timing...

[HOOK_TIMING_SUMMARY] epoch=3
[HOOK_WORK_SUMMARY] label=mpi:ring calls=5070 work_total_ms=23119.960 work_mean_ms=4.560 work_min_ms=1.471 work_max_ms=10.380
[HOOK_TAIL_SUMMARY] label=mpi:ring steps=390 tail_total_ms=16335.819 tail_mean_ms=41.887 tail_min_ms=35.330 tail_max_ms=43.083
[Epoch 3] Hook timing summary done

[Epoch 4] Training... (lr=0.000600)
  Batch [50/390] Loss: 1.7039, Acc: 62.75%
  Batch [100/390] Loss: 1.6739, Acc: 62.06%
  Batch [150/390] Loss: 1.6342, Acc: 62.83%
  Batch [200/390] Loss: 1.5904, Acc: 63.81%
  Batch [250/390] Loss: 1.5469, Acc: 64.80%
  Batch [300/390] Loss: 1.5100, Acc: 65.00%
  Batch [350/390] Loss: 1.4740, Acc: 65.36%
[Epoch 4] Train Loss: 1.4438, Acc: 65.80%  |  Val Loss: 1.2489, Acc: 76.32%  |  Time: 32.6s
  -> Best model saved (76.32%)
[Epoch 4] Summarizing hook timing...

[HOOK_TIMING_SUMMARY] epoch=4
[HOOK_WORK_SUMMARY] label=mpi:ring calls=5070 work_total_ms=23379.766 work_mean_ms=4.611 work_min_ms=1.468 work_max_ms=12.259
[HOOK_TAIL_SUMMARY] label=mpi:ring steps=390 tail_total_ms=16759.893 tail_mean_ms=42.974 tail_min_ms=33.694 tail_max_ms=46.741
[Epoch 4] Hook timing summary done

[Epoch 5] Training... (lr=0.000800)
  Batch [50/390] Loss: 1.1094, Acc: 70.88%
  Batch [100/390] Loss: 1.0854, Acc: 71.25%
  Batch [150/390] Loss: 1.0330, Acc: 72.50%
  Batch [200/390] Loss: 1.0085, Acc: 72.69%
  Batch [250/390] Loss: 0.9830, Acc: 73.25%
  Batch [300/390] Loss: 0.9498, Acc: 74.06%
  Batch [350/390] Loss: 0.9285, Acc: 74.61%
[Epoch 5] Train Loss: 0.9105, Acc: 74.92%  |  Val Loss: 0.7991, Acc: 83.36%  |  Time: 32.4s
  -> Best model saved (83.36%)
[Epoch 5] Summarizing hook timing...

[HOOK_TIMING_SUMMARY] epoch=5
[HOOK_WORK_SUMMARY] label=mpi:ring calls=5070 work_total_ms=23049.275 work_mean_ms=4.546 work_min_ms=1.461 work_max_ms=11.545
[HOOK_TAIL_SUMMARY] label=mpi:ring steps=390 tail_total_ms=16420.867 tail_mean_ms=42.105 tail_min_ms=35.951 tail_max_ms=45.657
[Epoch 5] Hook timing summary done

[Epoch 6] Training... (lr=0.001000)
  Batch [50/390] Loss: 0.7430, Acc: 78.38%
  Batch [100/390] Loss: 0.7370, Acc: 77.38%
  Batch [150/390] Loss: 0.7387, Acc: 77.08%
  Batch [200/390] Loss: 0.7151, Acc: 78.03%
  Batch [250/390] Loss: 0.7034, Acc: 78.05%
  Batch [300/390] Loss: 0.6886, Acc: 78.56%
  Batch [350/390] Loss: 0.6798, Acc: 78.75%
[Epoch 6] Train Loss: 0.6717, Acc: 78.99%  |  Val Loss: 0.5608, Acc: 88.08%  |  Time: 32.4s
  -> Best model saved (88.08%)
[Epoch 6] Summarizing hook timing...

[HOOK_TIMING_SUMMARY] epoch=6
[HOOK_WORK_SUMMARY] label=mpi:ring calls=5070 work_total_ms=22867.215 work_mean_ms=4.510 work_min_ms=1.470 work_max_ms=12.029
[HOOK_TAIL_SUMMARY] label=mpi:ring steps=390 tail_total_ms=16024.757 tail_mean_ms=41.089 tail_min_ms=35.013 tail_max_ms=48.790
[Epoch 6] Hook timing summary done

[Epoch 7] Training... (lr=0.000989)
  Batch [50/390] Loss: 0.5093, Acc: 83.75%
  Batch [100/390] Loss: 0.5175, Acc: 83.06%
  Batch [150/390] Loss: 0.5100, Acc: 83.79%
  Batch [200/390] Loss: 0.5158, Acc: 83.34%
  Batch [250/390] Loss: 0.5131, Acc: 83.55%
  Batch [300/390] Loss: 0.4990, Acc: 84.08%
  Batch [350/390] Loss: 0.4929, Acc: 84.34%
[Epoch 7] Train Loss: 0.4963, Acc: 84.13%  |  Val Loss: 0.4395, Acc: 90.88%  |  Time: 32.3s
  -> Best model saved (90.88%)
[Epoch 7] Summarizing hook timing...

[HOOK_TIMING_SUMMARY] epoch=7
[HOOK_WORK_SUMMARY] label=mpi:ring calls=5070 work_total_ms=23048.082 work_mean_ms=4.546 work_min_ms=1.456 work_max_ms=10.646
[HOOK_TAIL_SUMMARY] label=mpi:ring steps=390 tail_total_ms=16176.535 tail_mean_ms=41.478 tail_min_ms=26.112 tail_max_ms=43.253
[Epoch 7] Hook timing summary done

[Epoch 8] Training... (lr=0.000957)
  Batch [50/390] Loss: 0.4830, Acc: 85.12%
  Batch [100/390] Loss: 0.4528, Acc: 86.44%
  Batch [150/390] Loss: 0.4591, Acc: 86.00%
  Batch [200/390] Loss: 0.4624, Acc: 86.25%
  Batch [250/390] Loss: 0.4674, Acc: 85.78%
  Batch [300/390] Loss: 0.4545, Acc: 86.12%
  Batch [350/390] Loss: 0.4552, Acc: 85.89%
[Epoch 8] Train Loss: 0.4493, Acc: 85.98%  |  Val Loss: 0.3967, Acc: 91.84%  |  Time: 32.2s
  -> Best model saved (91.84%)
[Epoch 8] Summarizing hook timing...

[HOOK_TIMING_SUMMARY] epoch=8
[HOOK_WORK_SUMMARY] label=mpi:ring calls=5070 work_total_ms=22917.983 work_mean_ms=4.520 work_min_ms=1.454 work_max_ms=12.272
[HOOK_TAIL_SUMMARY] label=mpi:ring steps=390 tail_total_ms=16197.560 tail_mean_ms=41.532 tail_min_ms=34.406 tail_max_ms=43.957
[Epoch 8] Hook timing summary done

[Epoch 9] Training... (lr=0.000905)
  Batch [50/390] Loss: 0.4315, Acc: 85.75%
  Batch [100/390] Loss: 0.4141, Acc: 86.75%
  Batch [150/390] Loss: 0.4027, Acc: 87.00%
  Batch [200/390] Loss: 0.3968, Acc: 87.53%
  Batch [250/390] Loss: 0.3921, Acc: 87.55%
  Batch [300/390] Loss: 0.3830, Acc: 87.77%
  Batch [350/390] Loss: 0.3885, Acc: 87.62%
[Epoch 9] Train Loss: 0.3877, Acc: 87.66%  |  Val Loss: 0.3631, Acc: 92.96%  |  Time: 32.4s
  -> Best model saved (92.96%)
[Epoch 9] Summarizing hook timing...

[HOOK_TIMING_SUMMARY] epoch=9
[HOOK_WORK_SUMMARY] label=mpi:ring calls=5070 work_total_ms=23219.053 work_mean_ms=4.580 work_min_ms=1.443 work_max_ms=11.119
[HOOK_TAIL_SUMMARY] label=mpi:ring steps=390 tail_total_ms=16663.479 tail_mean_ms=42.727 tail_min_ms=35.984 tail_max_ms=44.449
[Epoch 9] Hook timing summary done

[Epoch 10] Training... (lr=0.000835)
  Batch [50/390] Loss: 0.3666, Acc: 88.12%
  Batch [100/390] Loss: 0.3670, Acc: 87.94%
  Batch [150/390] Loss: 0.3606, Acc: 88.04%
  Batch [200/390] Loss: 0.3683, Acc: 87.69%
  Batch [250/390] Loss: 0.3644, Acc: 87.95%
  Batch [300/390] Loss: 0.3586, Acc: 88.31%
  Batch [350/390] Loss: 0.3618, Acc: 88.05%
[Epoch 10] Train Loss: 0.3593, Acc: 88.14%  |  Val Loss: 0.3152, Acc: 94.00%  |  Time: 32.6s
  -> Best model saved (94.00%)
[Epoch 10] Summarizing hook timing...

[HOOK_TIMING_SUMMARY] epoch=10
[HOOK_WORK_SUMMARY] label=mpi:ring calls=5070 work_total_ms=23341.396 work_mean_ms=4.604 work_min_ms=1.453 work_max_ms=11.712
[HOOK_TAIL_SUMMARY] label=mpi:ring steps=390 tail_total_ms=16714.360 tail_mean_ms=42.857 tail_min_ms=34.892 tail_max_ms=45.556
[Epoch 10] Hook timing summary done

[Epoch 11] Training... (lr=0.000750)
  Batch [50/390] Loss: 0.3283, Acc: 89.12%
  Batch [100/390] Loss: 0.3200, Acc: 89.75%
  Batch [150/390] Loss: 0.3224, Acc: 89.58%
  Batch [200/390] Loss: 0.3281, Acc: 89.44%
  Batch [250/390] Loss: 0.3274, Acc: 89.28%
  Batch [300/390] Loss: 0.3252, Acc: 89.27%
  Batch [350/390] Loss: 0.3224, Acc: 89.45%
[Epoch 11] Train Loss: 0.3233, Acc: 89.38%  |  Val Loss: 0.2984, Acc: 93.60%  |  Time: 32.4s
[Epoch 11] Summarizing hook timing...

[HOOK_TIMING_SUMMARY] epoch=11
[HOOK_WORK_SUMMARY] label=mpi:ring calls=5070 work_total_ms=23024.797 work_mean_ms=4.541 work_min_ms=1.465 work_max_ms=13.426
[HOOK_TAIL_SUMMARY] label=mpi:ring steps=390 tail_total_ms=16197.850 tail_mean_ms=41.533 tail_min_ms=35.808 tail_max_ms=48.934
[Epoch 11] Hook timing summary done

[Epoch 12] Training... (lr=0.000655)
  Batch [50/390] Loss: 0.2834, Acc: 91.62%
  Batch [100/390] Loss: 0.2981, Acc: 90.69%
  Batch [150/390] Loss: 0.3088, Acc: 90.25%
  Batch [200/390] Loss: 0.3066, Acc: 90.16%
  Batch [250/390] Loss: 0.3082, Acc: 89.97%
  Batch [300/390] Loss: 0.3061, Acc: 90.17%
  Batch [350/390] Loss: 0.3044, Acc: 90.12%
[Epoch 12] Train Loss: 0.3066, Acc: 90.08%  |  Val Loss: 0.2846, Acc: 94.16%  |  Time: 32.5s
  -> Best model saved (94.16%)
[Epoch 12] Summarizing hook timing...

[HOOK_TIMING_SUMMARY] epoch=12
[HOOK_WORK_SUMMARY] label=mpi:ring calls=5070 work_total_ms=22846.061 work_mean_ms=4.506 work_min_ms=1.467 work_max_ms=21.103
[HOOK_TAIL_SUMMARY] label=mpi:ring steps=390 tail_total_ms=16024.125 tail_mean_ms=41.087 tail_min_ms=39.989 tail_max_ms=54.475
[Epoch 12] Hook timing summary done

[Epoch 13] Training... (lr=0.000552)
  Batch [50/390] Loss: 0.2767, Acc: 91.25%
  Batch [100/390] Loss: 0.2777, Acc: 91.06%
  Batch [150/390] Loss: 0.2742, Acc: 91.12%
  Batch [200/390] Loss: 0.2923, Acc: 90.53%
  Batch [250/390] Loss: 0.2802, Acc: 91.05%
  Batch [300/390] Loss: 0.2849, Acc: 91.15%
  Batch [350/390] Loss: 0.2838, Acc: 91.11%
[Epoch 13] Train Loss: 0.2841, Acc: 91.19%  |  Val Loss: 0.2663, Acc: 93.84%  |  Time: 32.4s
[Epoch 13] Summarizing hook timing...

[HOOK_TIMING_SUMMARY] epoch=13
[HOOK_WORK_SUMMARY] label=mpi:ring calls=5070 work_total_ms=22776.521 work_mean_ms=4.492 work_min_ms=1.457 work_max_ms=13.974
[HOOK_TAIL_SUMMARY] label=mpi:ring steps=390 tail_total_ms=15970.775 tail_mean_ms=40.951 tail_min_ms=34.790 tail_max_ms=42.241
[Epoch 13] Hook timing summary done

[Epoch 14] Training... (lr=0.000448)
  Batch [50/390] Loss: 0.3085, Acc: 89.38%
  Batch [100/390] Loss: 0.3139, Acc: 89.56%
  Batch [150/390] Loss: 0.3236, Acc: 89.08%
  Batch [200/390] Loss: 0.3149, Acc: 89.44%
  Batch [250/390] Loss: 0.3077, Acc: 89.67%
  Batch [300/390] Loss: 0.3069, Acc: 89.71%
  Batch [350/390] Loss: 0.3063, Acc: 89.62%
[Epoch 14] Train Loss: 0.2990, Acc: 89.92%  |  Val Loss: 0.2463, Acc: 94.48%  |  Time: 32.4s
  -> Best model saved (94.48%)
[Epoch 14] Summarizing hook timing...

[HOOK_TIMING_SUMMARY] epoch=14
[HOOK_WORK_SUMMARY] label=mpi:ring calls=5070 work_total_ms=22886.086 work_mean_ms=4.514 work_min_ms=1.479 work_max_ms=22.047
[HOOK_TAIL_SUMMARY] label=mpi:ring steps=390 tail_total_ms=15911.983 tail_mean_ms=40.800 tail_min_ms=39.395 tail_max_ms=54.117
[Epoch 14] Hook timing summary done

[Epoch 15] Training... (lr=0.000345)
  Batch [50/390] Loss: 0.3090, Acc: 90.12%
  Batch [100/390] Loss: 0.3101, Acc: 90.38%
  Batch [150/390] Loss: 0.3008, Acc: 90.21%
  Batch [200/390] Loss: 0.2927, Acc: 90.41%
  Batch [250/390] Loss: 0.2868, Acc: 90.50%
  Batch [300/390] Loss: 0.2897, Acc: 90.48%
  Batch [350/390] Loss: 0.2866, Acc: 90.45%
[Epoch 15] Train Loss: 0.2860, Acc: 90.56%  |  Val Loss: 0.2476, Acc: 94.72%  |  Time: 32.4s
  -> Best model saved (94.72%)
[Epoch 15] Summarizing hook timing...

[HOOK_TIMING_SUMMARY] epoch=15
[HOOK_WORK_SUMMARY] label=mpi:ring calls=5070 work_total_ms=22834.976 work_mean_ms=4.504 work_min_ms=1.450 work_max_ms=10.357
[HOOK_TAIL_SUMMARY] label=mpi:ring steps=390 tail_total_ms=15935.887 tail_mean_ms=40.861 tail_min_ms=34.588 tail_max_ms=43.263
[Epoch 15] Hook timing summary done

[Epoch 16] Training... (lr=0.000250)
  Batch [50/390] Loss: 0.2812, Acc: 91.88%
  Batch [100/390] Loss: 0.2832, Acc: 91.62%
  Batch [150/390] Loss: 0.2764, Acc: 91.38%
  Batch [200/390] Loss: 0.2741, Acc: 91.66%
  Batch [250/390] Loss: 0.2733, Acc: 91.45%
  Batch [300/390] Loss: 0.2770, Acc: 91.21%
  Batch [350/390] Loss: 0.2809, Acc: 91.02%
[Epoch 16] Train Loss: 0.2802, Acc: 90.99%  |  Val Loss: 0.2308, Acc: 94.88%  |  Time: 32.4s
  -> Best model saved (94.88%)
[Epoch 16] Summarizing hook timing...

[HOOK_TIMING_SUMMARY] epoch=16
[HOOK_WORK_SUMMARY] label=mpi:ring calls=5070 work_total_ms=23254.580 work_mean_ms=4.587 work_min_ms=1.464 work_max_ms=10.097
[HOOK_TAIL_SUMMARY] label=mpi:ring steps=390 tail_total_ms=16697.982 tail_mean_ms=42.815 tail_min_ms=36.448 tail_max_ms=44.802
[Epoch 16] Hook timing summary done

[Epoch 17] Training... (lr=0.000165)
  Batch [50/390] Loss: 0.2838, Acc: 90.88%
  Batch [100/390] Loss: 0.2543, Acc: 91.75%
  Batch [150/390] Loss: 0.2596, Acc: 92.04%
  Batch [200/390] Loss: 0.2629, Acc: 91.62%
  Batch [250/390] Loss: 0.2702, Acc: 91.47%
  Batch [300/390] Loss: 0.2692, Acc: 91.56%
  Batch [350/390] Loss: 0.2673, Acc: 91.55%
[Epoch 17] Train Loss: 0.2677, Acc: 91.44%  |  Val Loss: 0.2467, Acc: 94.48%  |  Time: 32.5s
[Epoch 17] Summarizing hook timing...

[HOOK_TIMING_SUMMARY] epoch=17
[HOOK_WORK_SUMMARY] label=mpi:ring calls=5070 work_total_ms=23279.608 work_mean_ms=4.592 work_min_ms=1.468 work_max_ms=11.176
[HOOK_TAIL_SUMMARY] label=mpi:ring steps=390 tail_total_ms=16644.454 tail_mean_ms=42.678 tail_min_ms=36.357 tail_max_ms=47.526
[Epoch 17] Hook timing summary done

[Epoch 18] Training... (lr=0.000095)
  Batch [50/390] Loss: 0.2510, Acc: 92.75%
  Batch [100/390] Loss: 0.2463, Acc: 91.94%
  Batch [150/390] Loss: 0.2625, Acc: 91.54%
  Batch [200/390] Loss: 0.2591, Acc: 91.59%
  Batch [250/390] Loss: 0.2626, Acc: 91.58%
  Batch [300/390] Loss: 0.2673, Acc: 91.46%
  Batch [350/390] Loss: 0.2640, Acc: 91.52%
[Epoch 18] Train Loss: 0.2636, Acc: 91.49%  |  Val Loss: 0.2373, Acc: 94.96%  |  Time: 32.6s
  -> Best model saved (94.96%)
[Epoch 18] Summarizing hook timing...

[HOOK_TIMING_SUMMARY] epoch=18
[HOOK_WORK_SUMMARY] label=mpi:ring calls=5070 work_total_ms=23231.454 work_mean_ms=4.582 work_min_ms=1.471 work_max_ms=25.813
[HOOK_TAIL_SUMMARY] label=mpi:ring steps=390 tail_total_ms=16472.617 tail_mean_ms=42.237 tail_min_ms=40.974 tail_max_ms=60.733
[Epoch 18] Hook timing summary done

[Epoch 19] Training... (lr=0.000043)
  Batch [50/390] Loss: 0.2164, Acc: 93.00%
  Batch [100/390] Loss: 0.2437, Acc: 92.12%
  Batch [150/390] Loss: 0.2464, Acc: 92.00%
  Batch [200/390] Loss: 0.2505, Acc: 91.81%
  Batch [250/390] Loss: 0.2569, Acc: 91.50%
  Batch [300/390] Loss: 0.2599, Acc: 91.31%
  Batch [350/390] Loss: 0.2597, Acc: 91.32%
[Epoch 19] Train Loss: 0.2629, Acc: 91.22%  |  Val Loss: 0.2449, Acc: 94.48%  |  Time: 32.4s
[Epoch 19] Summarizing hook timing...

[HOOK_TIMING_SUMMARY] epoch=19
[HOOK_WORK_SUMMARY] label=mpi:ring calls=5070 work_total_ms=23071.105 work_mean_ms=4.551 work_min_ms=1.440 work_max_ms=11.651
[HOOK_TAIL_SUMMARY] label=mpi:ring steps=390 tail_total_ms=16485.569 tail_mean_ms=42.271 tail_min_ms=34.594 tail_max_ms=47.017
[Epoch 19] Hook timing summary done

[Epoch 20] Training... (lr=0.000011)
  Batch [50/390] Loss: 0.2466, Acc: 92.88%
  Batch [100/390] Loss: 0.2526, Acc: 92.25%
  Batch [150/390] Loss: 0.2612, Acc: 91.50%
  Batch [200/390] Loss: 0.2670, Acc: 91.19%
  Batch [250/390] Loss: 0.2663, Acc: 91.28%
  Batch [300/390] Loss: 0.2675, Acc: 91.35%
  Batch [350/390] Loss: 0.2628, Acc: 91.52%
[Epoch 20] Train Loss: 0.2640, Acc: 91.52%  |  Val Loss: 0.2373, Acc: 94.40%  |  Time: 32.2s
[Epoch 20] Summarizing hook timing...

[HOOK_TIMING_SUMMARY] epoch=20
[HOOK_WORK_SUMMARY] label=mpi:ring calls=5070 work_total_ms=22980.083 work_mean_ms=4.533 work_min_ms=1.487 work_max_ms=10.527
[HOOK_TAIL_SUMMARY] label=mpi:ring steps=390 tail_total_ms=16414.911 tail_mean_ms=42.090 tail_min_ms=35.387 tail_max_ms=43.637
[Epoch 20] Hook timing summary done

================================================================================
Done in 666.4s | Best val acc: 94.96%
Epoch times: mean=32.5s  min=32.2s  max=33.4s
================================================================================
=== Finished training: backend=mpi, hook=ring, zfp_rate=none, status=0 at Fri May 22 10:37:00 PM UTC 2026 ===
=== Starting training: backend=mpi, hook=ring_zfp_naive, zfp_rate=16 at Fri May 22 10:37:01 PM UTC 2026 ===

================================================================================
DISTRIBUTED TRAINING LAUNCHER
================================================================================
  Model:      resnext101_32x8d (CIFAR stem) (pretrained)
  Dataset:    cifar10 (10 classes)
  Backend:    mpi
  Algorithm:  ring_zfp_naive
  ZFP rate:   16
  Epochs:     20
  Batch/rank: 16
  LR:         0.001
================================================================================


================================================================================
Distributed Training: RESNEXT101_32X8D on CIFAR10
Backend: MPI, Algorithm: ring_zfp_naive
================================================================================
Ranks: 8, Epochs: 20, Batch/rank: 16, Effective batch: 128
LR: 0.001, Device: cuda:0

[Setup] Model on cuda:0, wrapped in DDP (static_graph=True)
[Setup] Hook registered: mpi/ring_zfp_naive
[Data] Train batches: 390, Val batches: 79


[Epoch 1] Training... (lr=0.000001)

================================================================================
DISTRIBUTED TRAINING LAUNCHER
================================================================================
  Model:      resnext101_32x8d (CIFAR stem) (pretrained)
  Dataset:    cifar10 (10 classes)
  Backend:    mpi
  Algorithm:  ring_zfp_naive
  ZFP rate:   16
  Epochs:     20
  Batch/rank: 16
  LR:         0.001
================================================================================


================================================================================
DISTRIBUTED TRAINING LAUNCHER
================================================================================
  Model:      resnext101_32x8d (CIFAR stem) (pretrained)
  Dataset:    cifar10 (10 classes)
  Backend:    mpi
  Algorithm:  ring_zfp_naive
  ZFP rate:   16
  Epochs:     20
  Batch/rank: 16
  LR:         0.001
================================================================================


================================================================================
DISTRIBUTED TRAINING LAUNCHER
================================================================================
  Model:      resnext101_32x8d (CIFAR stem) (pretrained)
  Dataset:    cifar10 (10 classes)
  Backend:    mpi
  Algorithm:  ring_zfp_naive
  ZFP rate:   16
  Epochs:     20
  Batch/rank: 16
  LR:         0.001
================================================================================


================================================================================
DISTRIBUTED TRAINING LAUNCHER
================================================================================
  Model:      resnext101_32x8d (CIFAR stem) (pretrained)
  Dataset:    cifar10 (10 classes)
  Backend:    mpi
  Algorithm:  ring_zfp_naive
  ZFP rate:   16
  Epochs:     20
  Batch/rank: 16
  LR:         0.001
================================================================================


================================================================================
DISTRIBUTED TRAINING LAUNCHER
================================================================================
  Model:      resnext101_32x8d (CIFAR stem) (pretrained)
  Dataset:    cifar10 (10 classes)
  Backend:    mpi
  Algorithm:  ring_zfp_naive
  ZFP rate:   16
  Epochs:     20
  Batch/rank: 16
  LR:         0.001
================================================================================


================================================================================
DISTRIBUTED TRAINING LAUNCHER
================================================================================
  Model:      resnext101_32x8d (CIFAR stem) (pretrained)
  Dataset:    cifar10 (10 classes)
  Backend:    mpi
  Algorithm:  ring_zfp_naive
  ZFP rate:   16
  Epochs:     20
  Batch/rank: 16
  LR:         0.001
================================================================================


================================================================================
DISTRIBUTED TRAINING LAUNCHER
================================================================================
  Model:      resnext101_32x8d (CIFAR stem) (pretrained)
  Dataset:    cifar10 (10 classes)
  Backend:    mpi
  Algorithm:  ring_zfp_naive
  ZFP rate:   16
  Epochs:     20
  Batch/rank: 16
  LR:         0.001
================================================================================

  Batch [50/390] Loss: 2.3184, Acc: 10.50%
  Batch [100/390] Loss: 2.3147, Acc: 10.56%
  Batch [150/390] Loss: 2.3142, Acc: 10.58%
  Batch [200/390] Loss: 2.3158, Acc: 10.44%
  Batch [250/390] Loss: 2.3164, Acc: 10.60%
  Batch [300/390] Loss: 2.3158, Acc: 10.85%
  Batch [350/390] Loss: 2.3169, Acc: 10.91%
[Epoch 1] Train Loss: 2.3167, Acc: 10.85%  |  Val Loss: 2.3191, Acc: 9.68%  |  Time: 51.1s
  -> Best model saved (9.68%)
[Epoch 1] Summarizing hook timing...

[HOOK_TIMING_SUMMARY] epoch=1
[HOOK_WORK_SUMMARY] label=mpi:ring_zfp_naive:rate16 calls=5046 work_total_ms=40221.916 work_mean_ms=7.971 work_min_ms=5.296 work_max_ms=132.947
[HOOK_TAIL_SUMMARY] label=mpi:ring_zfp_naive:rate16 steps=391 tail_total_ms=33123.456 tail_mean_ms=84.715 tail_min_ms=18.837 tail_max_ms=192.686
[Epoch 1] Hook timing summary done

[Epoch 2] Training... (lr=0.000201)
  Batch [50/390] Loss: 2.3083, Acc: 11.50%
  Batch [100/390] Loss: 2.3016, Acc: 12.81%
  Batch [150/390] Loss: 2.2887, Acc: 14.33%
  Batch [200/390] Loss: 2.2768, Acc: 15.81%
  Batch [250/390] Loss: 2.2645, Acc: 18.18%
  Batch [300/390] Loss: 2.2547, Acc: 19.62%
  Batch [350/390] Loss: 2.2452, Acc: 21.18%
[Epoch 2] Train Loss: 2.2356, Acc: 22.64%  |  Val Loss: 2.1723, Acc: 31.68%  |  Time: 50.2s
  -> Best model saved (31.68%)
[Epoch 2] Summarizing hook timing...

[HOOK_TIMING_SUMMARY] epoch=2
[HOOK_WORK_SUMMARY] label=mpi:ring_zfp_naive:rate16 calls=5070 work_total_ms=40442.045 work_mean_ms=7.977 work_min_ms=5.229 work_max_ms=24.407
[HOOK_TAIL_SUMMARY] label=mpi:ring_zfp_naive:rate16 steps=390 tail_total_ms=33305.874 tail_mean_ms=85.400 tail_min_ms=78.893 tail_max_ms=108.245
[Epoch 2] Hook timing summary done

[Epoch 3] Training... (lr=0.000401)
  Batch [50/390] Loss: 2.1274, Acc: 36.75%
  Batch [100/390] Loss: 2.1177, Acc: 38.44%
  Batch [150/390] Loss: 2.0934, Acc: 41.17%
  Batch [200/390] Loss: 2.0653, Acc: 43.41%
  Batch [250/390] Loss: 2.0395, Acc: 45.92%
  Batch [300/390] Loss: 2.0152, Acc: 47.04%
  Batch [350/390] Loss: 1.9928, Acc: 48.02%
[Epoch 3] Train Loss: 1.9741, Acc: 49.10%  |  Val Loss: 1.8344, Acc: 60.08%  |  Time: 50.2s
  -> Best model saved (60.08%)
[Epoch 3] Summarizing hook timing...

[HOOK_TIMING_SUMMARY] epoch=3
[HOOK_WORK_SUMMARY] label=mpi:ring_zfp_naive:rate16 calls=5070 work_total_ms=40376.855 work_mean_ms=7.964 work_min_ms=5.249 work_max_ms=20.811
[HOOK_TAIL_SUMMARY] label=mpi:ring_zfp_naive:rate16 steps=390 tail_total_ms=33287.138 tail_mean_ms=85.352 tail_min_ms=78.901 tail_max_ms=108.399
[Epoch 3] Hook timing summary done

[Epoch 4] Training... (lr=0.000600)
  Batch [50/390] Loss: 1.7218, Acc: 61.12%
  Batch [100/390] Loss: 1.6931, Acc: 61.00%
  Batch [150/390] Loss: 1.6540, Acc: 61.83%
  Batch [200/390] Loss: 1.6094, Acc: 62.72%
  Batch [250/390] Loss: 1.5679, Acc: 63.62%
  Batch [300/390] Loss: 1.5317, Acc: 63.88%
  Batch [350/390] Loss: 1.4973, Acc: 64.36%
[Epoch 4] Train Loss: 1.4653, Acc: 64.97%  |  Val Loss: 1.2525, Acc: 76.96%  |  Time: 50.3s
  -> Best model saved (76.96%)
[Epoch 4] Summarizing hook timing...

[HOOK_TIMING_SUMMARY] epoch=4
[HOOK_WORK_SUMMARY] label=mpi:ring_zfp_naive:rate16 calls=5070 work_total_ms=40577.396 work_mean_ms=8.003 work_min_ms=5.314 work_max_ms=24.765
[HOOK_TAIL_SUMMARY] label=mpi:ring_zfp_naive:rate16 steps=390 tail_total_ms=33576.315 tail_mean_ms=86.093 tail_min_ms=77.740 tail_max_ms=113.857
[Epoch 4] Hook timing summary done

[Epoch 5] Training... (lr=0.000800)
  Batch [50/390] Loss: 1.1203, Acc: 72.75%
  Batch [100/390] Loss: 1.0958, Acc: 72.75%
  Batch [150/390] Loss: 1.0400, Acc: 73.50%
  Batch [200/390] Loss: 1.0109, Acc: 73.41%
  Batch [250/390] Loss: 0.9857, Acc: 73.75%
  Batch [300/390] Loss: 0.9529, Acc: 74.44%
  Batch [350/390] Loss: 0.9309, Acc: 74.88%
[Epoch 5] Train Loss: 0.9144, Acc: 75.14%  |  Val Loss: 0.7926, Acc: 82.72%  |  Time: 50.3s
  -> Best model saved (82.72%)
[Epoch 5] Summarizing hook timing...

[HOOK_TIMING_SUMMARY] epoch=5
[HOOK_WORK_SUMMARY] label=mpi:ring_zfp_naive:rate16 calls=5070 work_total_ms=40508.884 work_mean_ms=7.990 work_min_ms=5.279 work_max_ms=22.227
[HOOK_TAIL_SUMMARY] label=mpi:ring_zfp_naive:rate16 steps=390 tail_total_ms=33419.715 tail_mean_ms=85.692 tail_min_ms=78.004 tail_max_ms=108.099
[Epoch 5] Hook timing summary done

[Epoch 6] Training... (lr=0.001000)
  Batch [50/390] Loss: 0.7338, Acc: 78.75%
  Batch [100/390] Loss: 0.7301, Acc: 77.50%
  Batch [150/390] Loss: 0.7348, Acc: 77.21%
  Batch [200/390] Loss: 0.7125, Acc: 77.97%
  Batch [250/390] Loss: 0.7024, Acc: 78.17%
  Batch [300/390] Loss: 0.6884, Acc: 78.60%
  Batch [350/390] Loss: 0.6784, Acc: 78.96%
[Epoch 6] Train Loss: 0.6709, Acc: 79.25%  |  Val Loss: 0.5545, Acc: 87.92%  |  Time: 49.9s
  -> Best model saved (87.92%)
[Epoch 6] Summarizing hook timing...

[HOOK_TIMING_SUMMARY] epoch=6
[HOOK_WORK_SUMMARY] label=mpi:ring_zfp_naive:rate16 calls=5070 work_total_ms=40229.627 work_mean_ms=7.935 work_min_ms=5.298 work_max_ms=22.677
[HOOK_TAIL_SUMMARY] label=mpi:ring_zfp_naive:rate16 steps=390 tail_total_ms=33023.931 tail_mean_ms=84.677 tail_min_ms=76.564 tail_max_ms=106.866
[Epoch 6] Hook timing summary done

[Epoch 7] Training... (lr=0.000989)
  Batch [50/390] Loss: 0.5070, Acc: 83.25%
  Batch [100/390] Loss: 0.5198, Acc: 82.88%
  Batch [150/390] Loss: 0.5159, Acc: 83.17%
  Batch [200/390] Loss: 0.5210, Acc: 82.81%
  Batch [250/390] Loss: 0.5164, Acc: 83.05%
  Batch [300/390] Loss: 0.5017, Acc: 83.67%
  Batch [350/390] Loss: 0.4947, Acc: 83.84%
[Epoch 7] Train Loss: 0.4970, Acc: 83.72%  |  Val Loss: 0.4365, Acc: 90.80%  |  Time: 50.1s
  -> Best model saved (90.80%)
[Epoch 7] Summarizing hook timing...

[HOOK_TIMING_SUMMARY] epoch=7
[HOOK_WORK_SUMMARY] label=mpi:ring_zfp_naive:rate16 calls=5070 work_total_ms=40389.655 work_mean_ms=7.966 work_min_ms=5.269 work_max_ms=19.488
[HOOK_TAIL_SUMMARY] label=mpi:ring_zfp_naive:rate16 steps=390 tail_total_ms=33132.120 tail_mean_ms=84.954 tail_min_ms=78.527 tail_max_ms=108.336
[Epoch 7] Hook timing summary done

[Epoch 8] Training... (lr=0.000957)
  Batch [50/390] Loss: 0.4872, Acc: 85.25%
  Batch [100/390] Loss: 0.4557, Acc: 86.44%
  Batch [150/390] Loss: 0.4578, Acc: 86.04%
  Batch [200/390] Loss: 0.4611, Acc: 85.97%
  Batch [250/390] Loss: 0.4672, Acc: 85.55%
  Batch [300/390] Loss: 0.4551, Acc: 85.79%
  Batch [350/390] Loss: 0.4548, Acc: 85.80%
[Epoch 8] Train Loss: 0.4493, Acc: 85.91%  |  Val Loss: 0.3947, Acc: 91.92%  |  Time: 50.2s
  -> Best model saved (91.92%)
[Epoch 8] Summarizing hook timing...

[HOOK_TIMING_SUMMARY] epoch=8
[HOOK_WORK_SUMMARY] label=mpi:ring_zfp_naive:rate16 calls=5070 work_total_ms=40345.757 work_mean_ms=7.958 work_min_ms=5.282 work_max_ms=25.983
[HOOK_TAIL_SUMMARY] label=mpi:ring_zfp_naive:rate16 steps=390 tail_total_ms=32996.209 tail_mean_ms=84.606 tail_min_ms=76.729 tail_max_ms=106.396
[Epoch 8] Hook timing summary done

[Epoch 9] Training... (lr=0.000905)
  Batch [50/390] Loss: 0.4276, Acc: 86.25%
  Batch [100/390] Loss: 0.4093, Acc: 87.00%
  Batch [150/390] Loss: 0.3976, Acc: 87.00%
  Batch [200/390] Loss: 0.3900, Acc: 87.56%
  Batch [250/390] Loss: 0.3891, Acc: 87.47%
  Batch [300/390] Loss: 0.3814, Acc: 87.77%
  Batch [350/390] Loss: 0.3886, Acc: 87.39%
[Epoch 9] Train Loss: 0.3887, Acc: 87.44%  |  Val Loss: 0.3572, Acc: 92.72%  |  Time: 50.2s
  -> Best model saved (92.72%)
[Epoch 9] Summarizing hook timing...

[HOOK_TIMING_SUMMARY] epoch=9
[HOOK_WORK_SUMMARY] label=mpi:ring_zfp_naive:rate16 calls=5070 work_total_ms=40553.446 work_mean_ms=7.999 work_min_ms=5.311 work_max_ms=18.437
[HOOK_TAIL_SUMMARY] label=mpi:ring_zfp_naive:rate16 steps=390 tail_total_ms=33427.676 tail_mean_ms=85.712 tail_min_ms=76.387 tail_max_ms=102.686
[Epoch 9] Hook timing summary done

[Epoch 10] Training... (lr=0.000835)
  Batch [50/390] Loss: 0.3743, Acc: 88.38%
  Batch [100/390] Loss: 0.3702, Acc: 88.31%
  Batch [150/390] Loss: 0.3598, Acc: 88.83%
  Batch [200/390] Loss: 0.3682, Acc: 88.25%
  Batch [250/390] Loss: 0.3640, Acc: 88.05%
  Batch [300/390] Loss: 0.3580, Acc: 88.38%
  Batch [350/390] Loss: 0.3615, Acc: 88.09%
[Epoch 10] Train Loss: 0.3598, Acc: 88.11%  |  Val Loss: 0.3110, Acc: 93.92%  |  Time: 50.1s
  -> Best model saved (93.92%)
[Epoch 10] Summarizing hook timing...

[HOOK_TIMING_SUMMARY] epoch=10
[HOOK_WORK_SUMMARY] label=mpi:ring_zfp_naive:rate16 calls=5070 work_total_ms=40210.639 work_mean_ms=7.931 work_min_ms=5.281 work_max_ms=24.564
[HOOK_TAIL_SUMMARY] label=mpi:ring_zfp_naive:rate16 steps=390 tail_total_ms=32958.665 tail_mean_ms=84.509 tail_min_ms=79.859 tail_max_ms=111.405
[Epoch 10] Hook timing summary done

[Epoch 11] Training... (lr=0.000750)
  Batch [50/390] Loss: 0.3318, Acc: 88.75%
  Batch [100/390] Loss: 0.3237, Acc: 89.38%
  Batch [150/390] Loss: 0.3249, Acc: 89.38%
  Batch [200/390] Loss: 0.3296, Acc: 89.25%
  Batch [250/390] Loss: 0.3296, Acc: 89.17%
  Batch [300/390] Loss: 0.3278, Acc: 89.12%
  Batch [350/390] Loss: 0.3250, Acc: 89.30%
[Epoch 11] Train Loss: 0.3264, Acc: 89.26%  |  Val Loss: 0.3001, Acc: 93.52%  |  Time: 50.2s
[Epoch 11] Summarizing hook timing...

[HOOK_TIMING_SUMMARY] epoch=11
[HOOK_WORK_SUMMARY] label=mpi:ring_zfp_naive:rate16 calls=5070 work_total_ms=40761.168 work_mean_ms=8.040 work_min_ms=5.272 work_max_ms=24.147
[HOOK_TAIL_SUMMARY] label=mpi:ring_zfp_naive:rate16 steps=390 tail_total_ms=33773.426 tail_mean_ms=86.599 tail_min_ms=77.118 tail_max_ms=111.114
[Epoch 11] Hook timing summary done

[Epoch 12] Training... (lr=0.000655)
  Batch [50/390] Loss: 0.2938, Acc: 91.38%
  Batch [100/390] Loss: 0.3048, Acc: 90.75%
  Batch [150/390] Loss: 0.3131, Acc: 90.25%
  Batch [200/390] Loss: 0.3098, Acc: 90.25%
  Batch [250/390] Loss: 0.3100, Acc: 90.03%
  Batch [300/390] Loss: 0.3079, Acc: 90.19%
  Batch [350/390] Loss: 0.3056, Acc: 90.16%
[Epoch 12] Train Loss: 0.3070, Acc: 90.16%  |  Val Loss: 0.2862, Acc: 94.72%  |  Time: 50.1s
  -> Best model saved (94.72%)
[Epoch 12] Summarizing hook timing...

[HOOK_TIMING_SUMMARY] epoch=12
[HOOK_WORK_SUMMARY] label=mpi:ring_zfp_naive:rate16 calls=5070 work_total_ms=40157.713 work_mean_ms=7.921 work_min_ms=5.283 work_max_ms=35.131
[HOOK_TAIL_SUMMARY] label=mpi:ring_zfp_naive:rate16 steps=390 tail_total_ms=32774.795 tail_mean_ms=84.038 tail_min_ms=81.744 tail_max_ms=107.241
[Epoch 12] Hook timing summary done

[Epoch 13] Training... (lr=0.000552)
  Batch [50/390] Loss: 0.2809, Acc: 91.25%
  Batch [100/390] Loss: 0.2775, Acc: 91.31%
  Batch [150/390] Loss: 0.2778, Acc: 91.04%
  Batch [200/390] Loss: 0.2946, Acc: 90.62%
  Batch [250/390] Loss: 0.2821, Acc: 91.08%
  Batch [300/390] Loss: 0.2849, Acc: 91.17%
  Batch [350/390] Loss: 0.2845, Acc: 91.16%
[Epoch 13] Train Loss: 0.2849, Acc: 91.20%  |  Val Loss: 0.2628, Acc: 93.84%  |  Time: 50.2s
[Epoch 13] Summarizing hook timing...

[HOOK_TIMING_SUMMARY] epoch=13
[HOOK_WORK_SUMMARY] label=mpi:ring_zfp_naive:rate16 calls=5070 work_total_ms=40782.542 work_mean_ms=8.044 work_min_ms=5.266 work_max_ms=23.279
[HOOK_TAIL_SUMMARY] label=mpi:ring_zfp_naive:rate16 steps=390 tail_total_ms=33812.638 tail_mean_ms=86.699 tail_min_ms=78.442 tail_max_ms=111.318
[Epoch 13] Hook timing summary done

[Epoch 14] Training... (lr=0.000448)
  Batch [50/390] Loss: 0.3167, Acc: 89.50%
  Batch [100/390] Loss: 0.3170, Acc: 89.38%
  Batch [150/390] Loss: 0.3276, Acc: 89.04%
  Batch [200/390] Loss: 0.3169, Acc: 89.47%
  Batch [250/390] Loss: 0.3102, Acc: 89.62%
  Batch [300/390] Loss: 0.3094, Acc: 89.67%
  Batch [350/390] Loss: 0.3078, Acc: 89.70%
[Epoch 14] Train Loss: 0.3007, Acc: 89.97%  |  Val Loss: 0.2445, Acc: 94.32%  |  Time: 50.3s
[Epoch 14] Summarizing hook timing...

[HOOK_TIMING_SUMMARY] epoch=14
[HOOK_WORK_SUMMARY] label=mpi:ring_zfp_naive:rate16 calls=5070 work_total_ms=40730.779 work_mean_ms=8.034 work_min_ms=5.269 work_max_ms=58.402
[HOOK_TAIL_SUMMARY] label=mpi:ring_zfp_naive:rate16 steps=390 tail_total_ms=33581.925 tail_mean_ms=86.107 tail_min_ms=80.651 tail_max_ms=132.283
[Epoch 14] Hook timing summary done

[Epoch 15] Training... (lr=0.000345)
  Batch [50/390] Loss: 0.3070, Acc: 90.75%
  Batch [100/390] Loss: 0.3080, Acc: 90.50%
  Batch [150/390] Loss: 0.2971, Acc: 90.38%
  Batch [200/390] Loss: 0.2907, Acc: 90.53%
  Batch [250/390] Loss: 0.2851, Acc: 90.67%
  Batch [300/390] Loss: 0.2890, Acc: 90.62%
  Batch [350/390] Loss: 0.2859, Acc: 90.61%
[Epoch 15] Train Loss: 0.2847, Acc: 90.69%  |  Val Loss: 0.2460, Acc: 94.64%  |  Time: 50.2s
[Epoch 15] Summarizing hook timing...

[HOOK_TIMING_SUMMARY] epoch=15
[HOOK_WORK_SUMMARY] label=mpi:ring_zfp_naive:rate16 calls=5070 work_total_ms=40497.579 work_mean_ms=7.988 work_min_ms=5.285 work_max_ms=55.138
[HOOK_TAIL_SUMMARY] label=mpi:ring_zfp_naive:rate16 steps=390 tail_total_ms=33239.164 tail_mean_ms=85.229 tail_min_ms=81.788 tail_max_ms=128.443
[Epoch 15] Hook timing summary done

[Epoch 16] Training... (lr=0.000250)
  Batch [50/390] Loss: 0.2752, Acc: 91.88%
  Batch [100/390] Loss: 0.2786, Acc: 91.50%
  Batch [150/390] Loss: 0.2756, Acc: 91.04%
  Batch [200/390] Loss: 0.2747, Acc: 91.34%
  Batch [250/390] Loss: 0.2742, Acc: 91.22%
  Batch [300/390] Loss: 0.2790, Acc: 90.96%
  Batch [350/390] Loss: 0.2835, Acc: 90.79%
[Epoch 16] Train Loss: 0.2826, Acc: 90.90%  |  Val Loss: 0.2310, Acc: 94.00%  |  Time: 50.2s
[Epoch 16] Summarizing hook timing...

[HOOK_TIMING_SUMMARY] epoch=16
[HOOK_WORK_SUMMARY] label=mpi:ring_zfp_naive:rate16 calls=5070 work_total_ms=40610.979 work_mean_ms=8.010 work_min_ms=5.326 work_max_ms=45.750
[HOOK_TAIL_SUMMARY] label=mpi:ring_zfp_naive:rate16 steps=390 tail_total_ms=33388.460 tail_mean_ms=85.611 tail_min_ms=83.511 tail_max_ms=119.257
[Epoch 16] Hook timing summary done

[Epoch 17] Training... (lr=0.000165)
  Batch [50/390] Loss: 0.2852, Acc: 91.62%
  Batch [100/390] Loss: 0.2532, Acc: 91.94%
  Batch [150/390] Loss: 0.2576, Acc: 91.96%
  Batch [200/390] Loss: 0.2604, Acc: 91.59%
  Batch [250/390] Loss: 0.2674, Acc: 91.28%
  Batch [300/390] Loss: 0.2689, Acc: 91.33%
  Batch [350/390] Loss: 0.2668, Acc: 91.36%
[Epoch 17] Train Loss: 0.2671, Acc: 91.20%  |  Val Loss: 0.2451, Acc: 94.48%  |  Time: 50.2s
[Epoch 17] Summarizing hook timing...

[HOOK_TIMING_SUMMARY] epoch=17
[HOOK_WORK_SUMMARY] label=mpi:ring_zfp_naive:rate16 calls=5070 work_total_ms=40614.827 work_mean_ms=8.011 work_min_ms=5.321 work_max_ms=33.672
[HOOK_TAIL_SUMMARY] label=mpi:ring_zfp_naive:rate16 steps=390 tail_total_ms=33537.072 tail_mean_ms=85.992 tail_min_ms=82.754 tail_max_ms=109.290
[Epoch 17] Hook timing summary done

[Epoch 18] Training... (lr=0.000095)
  Batch [50/390] Loss: 0.2545, Acc: 92.12%
  Batch [100/390] Loss: 0.2508, Acc: 91.69%
  Batch [150/390] Loss: 0.2654, Acc: 91.50%
  Batch [200/390] Loss: 0.2598, Acc: 91.50%
  Batch [250/390] Loss: 0.2615, Acc: 91.62%
  Batch [300/390] Loss: 0.2675, Acc: 91.38%
  Batch [350/390] Loss: 0.2651, Acc: 91.41%
[Epoch 18] Train Loss: 0.2648, Acc: 91.35%  |  Val Loss: 0.2384, Acc: 94.80%  |  Time: 50.1s
  -> Best model saved (94.80%)
[Epoch 18] Summarizing hook timing...

[HOOK_TIMING_SUMMARY] epoch=18
[HOOK_WORK_SUMMARY] label=mpi:ring_zfp_naive:rate16 calls=5070 work_total_ms=40499.742 work_mean_ms=7.988 work_min_ms=5.310 work_max_ms=36.891
[HOOK_TAIL_SUMMARY] label=mpi:ring_zfp_naive:rate16 steps=390 tail_total_ms=33452.783 tail_mean_ms=85.776 tail_min_ms=82.379 tail_max_ms=111.072
[Epoch 18] Hook timing summary done

[Epoch 19] Training... (lr=0.000043)
  Batch [50/390] Loss: 0.2187, Acc: 92.75%
  Batch [100/390] Loss: 0.2447, Acc: 92.19%
  Batch [150/390] Loss: 0.2483, Acc: 91.83%
  Batch [200/390] Loss: 0.2525, Acc: 91.50%
  Batch [250/390] Loss: 0.2584, Acc: 91.38%
  Batch [300/390] Loss: 0.2627, Acc: 91.08%
  Batch [350/390] Loss: 0.2627, Acc: 91.12%
[Epoch 19] Train Loss: 0.2658, Acc: 91.01%  |  Val Loss: 0.2444, Acc: 94.24%  |  Time: 50.2s
[Epoch 19] Summarizing hook timing...

[HOOK_TIMING_SUMMARY] epoch=19
[HOOK_WORK_SUMMARY] label=mpi:ring_zfp_naive:rate16 calls=5070 work_total_ms=40210.839 work_mean_ms=7.931 work_min_ms=5.299 work_max_ms=18.908
[HOOK_TAIL_SUMMARY] label=mpi:ring_zfp_naive:rate16 steps=390 tail_total_ms=33106.601 tail_mean_ms=84.889 tail_min_ms=78.156 tail_max_ms=110.228
[Epoch 19] Hook timing summary done

[Epoch 20] Training... (lr=0.000011)
  Batch [50/390] Loss: 0.2431, Acc: 92.62%
  Batch [100/390] Loss: 0.2459, Acc: 92.12%
  Batch [150/390] Loss: 0.2568, Acc: 91.42%
  Batch [200/390] Loss: 0.2629, Acc: 91.12%
  Batch [250/390] Loss: 0.2634, Acc: 91.22%
  Batch [300/390] Loss: 0.2649, Acc: 91.29%
  Batch [350/390] Loss: 0.2606, Acc: 91.52%
[Epoch 20] Train Loss: 0.2624, Acc: 91.39%  |  Val Loss: 0.2370, Acc: 94.56%  |  Time: 50.2s
[Epoch 20] Summarizing hook timing...

[HOOK_TIMING_SUMMARY] epoch=20
[HOOK_WORK_SUMMARY] label=mpi:ring_zfp_naive:rate16 calls=5070 work_total_ms=40703.588 work_mean_ms=8.028 work_min_ms=5.262 work_max_ms=41.619
[HOOK_TAIL_SUMMARY] label=mpi:ring_zfp_naive:rate16 steps=390 tail_total_ms=33754.858 tail_mean_ms=86.551 tail_min_ms=82.619 tail_max_ms=115.051
[Epoch 20] Hook timing summary done

================================================================================
Done in 1018.1s | Best val acc: 94.80%
Epoch times: mean=50.2s  min=49.9s  max=51.1s
================================================================================
=== Finished training: backend=mpi, hook=ring_zfp_naive, zfp_rate=16, status=0 at Fri May 22 10:54:09 PM UTC 2026 ===
=== Starting training: backend=mpi, hook=ring_zfp_online_coll, zfp_rate=16 at Fri May 22 10:54:09 PM UTC 2026 ===

================================================================================
DISTRIBUTED TRAINING LAUNCHER
================================================================================
  Model:      resnext101_32x8d (CIFAR stem) (pretrained)
  Dataset:    cifar10 (10 classes)
  Backend:    mpi
  Algorithm:  ring_zfp_online_coll
  ZFP rate:   16
  Epochs:     20
  Batch/rank: 16
  LR:         0.001
================================================================================


================================================================================
Distributed Training: RESNEXT101_32X8D on CIFAR10
Backend: MPI, Algorithm: ring_zfp_online_coll
================================================================================
Ranks: 8, Epochs: 20, Batch/rank: 16, Effective batch: 128
LR: 0.001, Device: cuda:0

[Setup] Model on cuda:0, wrapped in DDP (static_graph=True)
[Setup] Hook registered: mpi/ring_zfp_online_coll

================================================================================
DISTRIBUTED TRAINING LAUNCHER
================================================================================
  Model:      resnext101_32x8d (CIFAR stem) (pretrained)
  Dataset:    cifar10 (10 classes)
  Backend:    mpi
  Algorithm:  ring_zfp_online_coll
  ZFP rate:   16
  Epochs:     20
  Batch/rank: 16
  LR:         0.001
================================================================================


================================================================================
DISTRIBUTED TRAINING LAUNCHER
================================================================================
  Model:      resnext101_32x8d (CIFAR stem) (pretrained)
  Dataset:    cifar10 (10 classes)
  Backend:    mpi
  Algorithm:  ring_zfp_online_coll
  ZFP rate:   16
  Epochs:     20
  Batch/rank: 16
  LR:         0.001
================================================================================


================================================================================
DISTRIBUTED TRAINING LAUNCHER
================================================================================
  Model:      resnext101_32x8d (CIFAR stem) (pretrained)
  Dataset:    cifar10 (10 classes)
  Backend:    mpi
  Algorithm:  ring_zfp_online_coll
  ZFP rate:   16
  Epochs:     20
  Batch/rank: 16
  LR:         0.001
================================================================================


================================================================================
DISTRIBUTED TRAINING LAUNCHER
================================================================================
  Model:      resnext101_32x8d (CIFAR stem) (pretrained)
  Dataset:    cifar10 (10 classes)
  Backend:    mpi
  Algorithm:  ring_zfp_online_coll
  ZFP rate:   16
  Epochs:     20
  Batch/rank: 16
  LR:         0.001
================================================================================


================================================================================
DISTRIBUTED TRAINING LAUNCHER
================================================================================
  Model:      resnext101_32x8d (CIFAR stem) (pretrained)
  Dataset:    cifar10 (10 classes)
  Backend:    mpi
  Algorithm:  ring_zfp_online_coll
  ZFP rate:   16
  Epochs:     20
  Batch/rank: 16
  LR:         0.001
================================================================================


================================================================================
DISTRIBUTED TRAINING LAUNCHER
================================================================================
  Model:      resnext101_32x8d (CIFAR stem) (pretrained)
  Dataset:    cifar10 (10 classes)
  Backend:    mpi
  Algorithm:  ring_zfp_online_coll
  ZFP rate:   16
  Epochs:     20
  Batch/rank: 16
  LR:         0.001
================================================================================


================================================================================
DISTRIBUTED TRAINING LAUNCHER
================================================================================
  Model:      resnext101_32x8d (CIFAR stem) (pretrained)
  Dataset:    cifar10 (10 classes)
  Backend:    mpi
  Algorithm:  ring_zfp_online_coll
  ZFP rate:   16
  Epochs:     20
  Batch/rank: 16
  LR:         0.001
================================================================================

[Data] Train batches: 390, Val batches: 79


[Epoch 1] Training... (lr=0.000001)
  Batch [50/390] Loss: 2.3184, Acc: 10.62%
  Batch [100/390] Loss: 2.3146, Acc: 10.62%
  Batch [150/390] Loss: 2.3142, Acc: 10.62%
  Batch [200/390] Loss: 2.3158, Acc: 10.50%
  Batch [250/390] Loss: 2.3164, Acc: 10.65%
  Batch [300/390] Loss: 2.3158, Acc: 10.90%
  Batch [350/390] Loss: 2.3169, Acc: 10.95%
[Epoch 1] Train Loss: 2.3167, Acc: 10.87%  |  Val Loss: 2.3191, Acc: 9.60%  |  Time: 39.5s
  -> Best model saved (9.60%)
[Epoch 1] Summarizing hook timing...

[HOOK_TIMING_SUMMARY] epoch=1
[HOOK_WORK_SUMMARY] label=mpi:ring_zfp_online_coll:rate16 calls=5046 work_total_ms=28739.358 work_mean_ms=5.695 work_min_ms=4.238 work_max_ms=53.732
[HOOK_TAIL_SUMMARY] label=mpi:ring_zfp_online_coll:rate16 steps=391 tail_total_ms=21991.439 tail_mean_ms=56.244 tail_min_ms=14.762 tail_max_ms=165.035
[Epoch 1] Hook timing summary done

[Epoch 2] Training... (lr=0.000201)
  Batch [50/390] Loss: 2.3078, Acc: 11.62%
  Batch [100/390] Loss: 2.3017, Acc: 13.12%
  Batch [150/390] Loss: 2.2893, Acc: 14.42%
  Batch [200/390] Loss: 2.2771, Acc: 16.28%
  Batch [250/390] Loss: 2.2646, Acc: 18.45%
  Batch [300/390] Loss: 2.2548, Acc: 20.02%
  Batch [350/390] Loss: 2.2454, Acc: 21.46%
[Epoch 2] Train Loss: 2.2358, Acc: 22.95%  |  Val Loss: 2.1832, Acc: 31.20%  |  Time: 38.6s
  -> Best model saved (31.20%)
[Epoch 2] Summarizing hook timing...

[HOOK_TIMING_SUMMARY] epoch=2
[HOOK_WORK_SUMMARY] label=mpi:ring_zfp_online_coll:rate16 calls=5070 work_total_ms=28701.581 work_mean_ms=5.661 work_min_ms=4.299 work_max_ms=16.281
[HOOK_TAIL_SUMMARY] label=mpi:ring_zfp_online_coll:rate16 steps=390 tail_total_ms=21660.959 tail_mean_ms=55.541 tail_min_ms=47.128 tail_max_ms=81.528
[Epoch 2] Hook timing summary done

[Epoch 3] Training... (lr=0.000401)
  Batch [50/390] Loss: 2.1309, Acc: 38.00%
  Batch [100/390] Loss: 2.1206, Acc: 39.31%
  Batch [150/390] Loss: 2.0982, Acc: 41.04%
  Batch [200/390] Loss: 2.0714, Acc: 43.50%
  Batch [250/390] Loss: 2.0458, Acc: 45.55%
  Batch [300/390] Loss: 2.0227, Acc: 46.71%
  Batch [350/390] Loss: 2.0002, Acc: 47.86%
[Epoch 3] Train Loss: 1.9810, Acc: 48.94%  |  Val Loss: 1.8487, Acc: 60.00%  |  Time: 38.7s
  -> Best model saved (60.00%)
[Epoch 3] Summarizing hook timing...

[HOOK_TIMING_SUMMARY] epoch=3
[HOOK_WORK_SUMMARY] label=mpi:ring_zfp_online_coll:rate16 calls=5070 work_total_ms=28858.530 work_mean_ms=5.692 work_min_ms=4.293 work_max_ms=15.248
[HOOK_TAIL_SUMMARY] label=mpi:ring_zfp_online_coll:rate16 steps=390 tail_total_ms=21699.077 tail_mean_ms=55.639 tail_min_ms=49.738 tail_max_ms=81.683
[Epoch 3] Hook timing summary done

[Epoch 4] Training... (lr=0.000600)
  Batch [50/390] Loss: 1.7294, Acc: 60.50%
  Batch [100/390] Loss: 1.7000, Acc: 60.56%
  Batch [150/390] Loss: 1.6591, Acc: 61.38%
  Batch [200/390] Loss: 1.6118, Acc: 62.25%
  Batch [250/390] Loss: 1.5698, Acc: 63.30%
  Batch [300/390] Loss: 1.5327, Acc: 63.65%
  Batch [350/390] Loss: 1.4989, Acc: 64.09%
[Epoch 4] Train Loss: 1.4675, Acc: 64.66%  |  Val Loss: 1.2490, Acc: 76.08%  |  Time: 38.4s
  -> Best model saved (76.08%)
[Epoch 4] Summarizing hook timing...

[HOOK_TIMING_SUMMARY] epoch=4
[HOOK_WORK_SUMMARY] label=mpi:ring_zfp_online_coll:rate16 calls=5070 work_total_ms=28668.176 work_mean_ms=5.654 work_min_ms=4.282 work_max_ms=15.328
[HOOK_TAIL_SUMMARY] label=mpi:ring_zfp_online_coll:rate16 steps=390 tail_total_ms=21597.394 tail_mean_ms=55.378 tail_min_ms=50.160 tail_max_ms=82.342
[Epoch 4] Hook timing summary done

[Epoch 5] Training... (lr=0.000800)
  Batch [50/390] Loss: 1.1202, Acc: 69.12%
  Batch [100/390] Loss: 1.0865, Acc: 70.88%
  Batch [150/390] Loss: 1.0316, Acc: 72.50%
  Batch [200/390] Loss: 1.0027, Acc: 72.78%
  Batch [250/390] Loss: 0.9807, Acc: 73.22%
  Batch [300/390] Loss: 0.9473, Acc: 74.06%
  Batch [350/390] Loss: 0.9278, Acc: 74.46%
[Epoch 5] Train Loss: 0.9122, Acc: 74.65%  |  Val Loss: 0.7820, Acc: 82.16%  |  Time: 38.7s
  -> Best model saved (82.16%)
[Epoch 5] Summarizing hook timing...

[HOOK_TIMING_SUMMARY] epoch=5
[HOOK_WORK_SUMMARY] label=mpi:ring_zfp_online_coll:rate16 calls=5070 work_total_ms=28763.169 work_mean_ms=5.673 work_min_ms=4.262 work_max_ms=17.520
[HOOK_TAIL_SUMMARY] label=mpi:ring_zfp_online_coll:rate16 steps=390 tail_total_ms=21703.475 tail_mean_ms=55.650 tail_min_ms=46.723 tail_max_ms=78.830
[Epoch 5] Hook timing summary done

[Epoch 6] Training... (lr=0.001000)
  Batch [50/390] Loss: 0.7314, Acc: 77.88%
  Batch [100/390] Loss: 0.7289, Acc: 76.69%
  Batch [150/390] Loss: 0.7329, Acc: 76.71%
  Batch [200/390] Loss: 0.7116, Acc: 77.88%
  Batch [250/390] Loss: 0.7015, Acc: 78.10%
  Batch [300/390] Loss: 0.6875, Acc: 78.62%
  Batch [350/390] Loss: 0.6786, Acc: 78.80%
[Epoch 6] Train Loss: 0.6715, Acc: 79.04%  |  Val Loss: 0.5560, Acc: 87.36%  |  Time: 38.6s
  -> Best model saved (87.36%)
[Epoch 6] Summarizing hook timing...

[HOOK_TIMING_SUMMARY] epoch=6
[HOOK_WORK_SUMMARY] label=mpi:ring_zfp_online_coll:rate16 calls=5070 work_total_ms=28512.905 work_mean_ms=5.624 work_min_ms=4.289 work_max_ms=12.359
[HOOK_TAIL_SUMMARY] label=mpi:ring_zfp_online_coll:rate16 steps=390 tail_total_ms=21414.363 tail_mean_ms=54.909 tail_min_ms=51.421 tail_max_ms=84.033
[Epoch 6] Hook timing summary done

[Epoch 7] Training... (lr=0.000989)
  Batch [50/390] Loss: 0.5114, Acc: 83.12%
  Batch [100/390] Loss: 0.5229, Acc: 83.00%
  Batch [150/390] Loss: 0.5171, Acc: 83.38%
  Batch [200/390] Loss: 0.5226, Acc: 82.97%
  Batch [250/390] Loss: 0.5195, Acc: 83.22%
  Batch [300/390] Loss: 0.5045, Acc: 83.75%
  Batch [350/390] Loss: 0.4970, Acc: 84.07%
[Epoch 7] Train Loss: 0.4978, Acc: 84.05%  |  Val Loss: 0.4359, Acc: 90.72%  |  Time: 38.5s
  -> Best model saved (90.72%)
[Epoch 7] Summarizing hook timing...

[HOOK_TIMING_SUMMARY] epoch=7
[HOOK_WORK_SUMMARY] label=mpi:ring_zfp_online_coll:rate16 calls=5070 work_total_ms=28634.796 work_mean_ms=5.648 work_min_ms=4.295 work_max_ms=17.736
[HOOK_TAIL_SUMMARY] label=mpi:ring_zfp_online_coll:rate16 steps=390 tail_total_ms=21599.126 tail_mean_ms=55.382 tail_min_ms=49.496 tail_max_ms=72.844
[Epoch 7] Hook timing summary done

[Epoch 8] Training... (lr=0.000957)
  Batch [50/390] Loss: 0.4810, Acc: 85.25%
  Batch [100/390] Loss: 0.4546, Acc: 86.31%
  Batch [150/390] Loss: 0.4578, Acc: 86.08%
  Batch [200/390] Loss: 0.4595, Acc: 86.22%
  Batch [250/390] Loss: 0.4652, Acc: 85.78%
  Batch [300/390] Loss: 0.4523, Acc: 86.02%
  Batch [350/390] Loss: 0.4522, Acc: 86.05%
[Epoch 8] Train Loss: 0.4467, Acc: 86.17%  |  Val Loss: 0.3897, Acc: 91.28%  |  Time: 40.5s
  -> Best model saved (91.28%)
[Epoch 8] Summarizing hook timing...

[HOOK_TIMING_SUMMARY] epoch=8
[HOOK_WORK_SUMMARY] label=mpi:ring_zfp_online_coll:rate16 calls=5070 work_total_ms=30618.382 work_mean_ms=6.039 work_min_ms=4.229 work_max_ms=247.687
[HOOK_TAIL_SUMMARY] label=mpi:ring_zfp_online_coll:rate16 steps=390 tail_total_ms=23467.611 tail_mean_ms=60.173 tail_min_ms=49.584 tail_max_ms=294.196
[Epoch 8] Hook timing summary done

[Epoch 9] Training... (lr=0.000905)
  Batch [50/390] Loss: 0.4271, Acc: 86.88%
  Batch [100/390] Loss: 0.4014, Acc: 87.31%
  Batch [150/390] Loss: 0.3882, Acc: 87.50%
  Batch [200/390] Loss: 0.3860, Acc: 87.97%
  Batch [250/390] Loss: 0.3858, Acc: 87.75%
  Batch [300/390] Loss: 0.3796, Acc: 87.96%
  Batch [350/390] Loss: 0.3874, Acc: 87.64%
[Epoch 9] Train Loss: 0.3864, Acc: 87.68%  |  Val Loss: 0.3484, Acc: 92.64%  |  Time: 38.5s
  -> Best model saved (92.64%)
[Epoch 9] Summarizing hook timing...

[HOOK_TIMING_SUMMARY] epoch=9
[HOOK_WORK_SUMMARY] label=mpi:ring_zfp_online_coll:rate16 calls=5070 work_total_ms=28689.072 work_mean_ms=5.659 work_min_ms=4.232 work_max_ms=74.080
[HOOK_TAIL_SUMMARY] label=mpi:ring_zfp_online_coll:rate16 steps=390 tail_total_ms=21641.517 tail_mean_ms=55.491 tail_min_ms=49.323 tail_max_ms=122.297
[Epoch 9] Hook timing summary done

[Epoch 10] Training... (lr=0.000835)
  Batch [50/390] Loss: 0.3719, Acc: 87.88%
  Batch [100/390] Loss: 0.3772, Acc: 87.19%
  Batch [150/390] Loss: 0.3678, Acc: 87.75%
  Batch [200/390] Loss: 0.3749, Acc: 87.38%
  Batch [250/390] Loss: 0.3688, Acc: 87.62%
  Batch [300/390] Loss: 0.3622, Acc: 87.94%
  Batch [350/390] Loss: 0.3642, Acc: 87.88%
[Epoch 10] Train Loss: 0.3621, Acc: 87.98%  |  Val Loss: 0.3058, Acc: 93.68%  |  Time: 38.5s
  -> Best model saved (93.68%)
[Epoch 10] Summarizing hook timing...

[HOOK_TIMING_SUMMARY] epoch=10
[HOOK_WORK_SUMMARY] label=mpi:ring_zfp_online_coll:rate16 calls=5070 work_total_ms=28839.293 work_mean_ms=5.688 work_min_ms=4.259 work_max_ms=18.718
[HOOK_TAIL_SUMMARY] label=mpi:ring_zfp_online_coll:rate16 steps=390 tail_total_ms=21864.203 tail_mean_ms=56.062 tail_min_ms=50.507 tail_max_ms=76.634
[Epoch 10] Hook timing summary done

[Epoch 11] Training... (lr=0.000750)
  Batch [50/390] Loss: 0.3252, Acc: 89.25%
  Batch [100/390] Loss: 0.3155, Acc: 89.56%
  Batch [150/390] Loss: 0.3188, Acc: 89.67%
  Batch [200/390] Loss: 0.3239, Acc: 89.59%
  Batch [250/390] Loss: 0.3247, Acc: 89.38%
  Batch [300/390] Loss: 0.3242, Acc: 89.33%
  Batch [350/390] Loss: 0.3215, Acc: 89.50%
[Epoch 11] Train Loss: 0.3234, Acc: 89.44%  |  Val Loss: 0.2913, Acc: 93.76%  |  Time: 38.4s
  -> Best model saved (93.76%)
[Epoch 11] Summarizing hook timing...

[HOOK_TIMING_SUMMARY] epoch=11
[HOOK_WORK_SUMMARY] label=mpi:ring_zfp_online_coll:rate16 calls=5070 work_total_ms=28530.611 work_mean_ms=5.627 work_min_ms=4.283 work_max_ms=19.022
[HOOK_TAIL_SUMMARY] label=mpi:ring_zfp_online_coll:rate16 steps=390 tail_total_ms=21477.152 tail_mean_ms=55.070 tail_min_ms=50.814 tail_max_ms=83.409
[Epoch 11] Hook timing summary done

[Epoch 12] Training... (lr=0.000655)
  Batch [50/390] Loss: 0.2834, Acc: 91.75%
  Batch [100/390] Loss: 0.2981, Acc: 91.19%
  Batch [150/390] Loss: 0.3086, Acc: 90.50%
  Batch [200/390] Loss: 0.3069, Acc: 90.38%
  Batch [250/390] Loss: 0.3083, Acc: 90.15%
  Batch [300/390] Loss: 0.3078, Acc: 90.19%
  Batch [350/390] Loss: 0.3067, Acc: 90.09%
[Epoch 12] Train Loss: 0.3085, Acc: 90.10%  |  Val Loss: 0.2820, Acc: 93.92%  |  Time: 38.8s
  -> Best model saved (93.92%)
[Epoch 12] Summarizing hook timing...

[HOOK_TIMING_SUMMARY] epoch=12
[HOOK_WORK_SUMMARY] label=mpi:ring_zfp_online_coll:rate16 calls=5070 work_total_ms=29443.051 work_mean_ms=5.807 work_min_ms=4.220 work_max_ms=18.486
[HOOK_TAIL_SUMMARY] label=mpi:ring_zfp_online_coll:rate16 steps=390 tail_total_ms=22709.822 tail_mean_ms=58.230 tail_min_ms=49.144 tail_max_ms=85.220
[Epoch 12] Hook timing summary done

[Epoch 13] Training... (lr=0.000552)
  Batch [50/390] Loss: 0.2807, Acc: 90.88%
  Batch [100/390] Loss: 0.2808, Acc: 91.19%
  Batch [150/390] Loss: 0.2783, Acc: 91.25%
  Batch [200/390] Loss: 0.2943, Acc: 90.59%
  Batch [250/390] Loss: 0.2827, Acc: 90.92%
  Batch [300/390] Loss: 0.2865, Acc: 91.00%
  Batch [350/390] Loss: 0.2859, Acc: 90.98%
[Epoch 13] Train Loss: 0.2863, Acc: 91.06%  |  Val Loss: 0.2610, Acc: 94.08%  |  Time: 38.5s
  -> Best model saved (94.08%)
[Epoch 13] Summarizing hook timing...

[HOOK_TIMING_SUMMARY] epoch=13
[HOOK_WORK_SUMMARY] label=mpi:ring_zfp_online_coll:rate16 calls=5070 work_total_ms=28524.565 work_mean_ms=5.626 work_min_ms=4.265 work_max_ms=14.620
[HOOK_TAIL_SUMMARY] label=mpi:ring_zfp_online_coll:rate16 steps=390 tail_total_ms=21307.749 tail_mean_ms=54.635 tail_min_ms=48.926 tail_max_ms=80.576
[Epoch 13] Hook timing summary done

[Epoch 14] Training... (lr=0.000448)
  Batch [50/390] Loss: 0.3110, Acc: 89.75%
  Batch [100/390] Loss: 0.3145, Acc: 89.56%
  Batch [150/390] Loss: 0.3253, Acc: 89.21%
  Batch [200/390] Loss: 0.3167, Acc: 89.50%
  Batch [250/390] Loss: 0.3089, Acc: 89.80%
  Batch [300/390] Loss: 0.3076, Acc: 89.88%
  Batch [350/390] Loss: 0.3063, Acc: 89.82%
[Epoch 14] Train Loss: 0.2992, Acc: 90.13%  |  Val Loss: 0.2427, Acc: 94.16%  |  Time: 38.3s
  -> Best model saved (94.16%)
[Epoch 14] Summarizing hook timing...

[HOOK_TIMING_SUMMARY] epoch=14
[HOOK_WORK_SUMMARY] label=mpi:ring_zfp_online_coll:rate16 calls=5070 work_total_ms=28444.711 work_mean_ms=5.610 work_min_ms=4.193 work_max_ms=20.037
[HOOK_TAIL_SUMMARY] label=mpi:ring_zfp_online_coll:rate16 steps=390 tail_total_ms=21324.517 tail_mean_ms=54.678 tail_min_ms=50.096 tail_max_ms=81.266
[Epoch 14] Hook timing summary done

[Epoch 15] Training... (lr=0.000345)
  Batch [50/390] Loss: 0.3049, Acc: 90.38%
  Batch [100/390] Loss: 0.3054, Acc: 90.50%
  Batch [150/390] Loss: 0.2953, Acc: 90.54%
  Batch [200/390] Loss: 0.2904, Acc: 90.62%
  Batch [250/390] Loss: 0.2849, Acc: 90.72%
  Batch [300/390] Loss: 0.2898, Acc: 90.58%
  Batch [350/390] Loss: 0.2862, Acc: 90.64%
[Epoch 15] Train Loss: 0.2856, Acc: 90.71%  |  Val Loss: 0.2417, Acc: 94.80%  |  Time: 38.5s
  -> Best model saved (94.80%)
[Epoch 15] Summarizing hook timing...

[HOOK_TIMING_SUMMARY] epoch=15
[HOOK_WORK_SUMMARY] label=mpi:ring_zfp_online_coll:rate16 calls=5070 work_total_ms=28706.228 work_mean_ms=5.662 work_min_ms=4.231 work_max_ms=14.596
[HOOK_TAIL_SUMMARY] label=mpi:ring_zfp_online_coll:rate16 steps=390 tail_total_ms=21613.498 tail_mean_ms=55.419 tail_min_ms=50.479 tail_max_ms=78.376
[Epoch 15] Hook timing summary done

[Epoch 16] Training... (lr=0.000250)
  Batch [50/390] Loss: 0.2749, Acc: 92.12%
  Batch [100/390] Loss: 0.2793, Acc: 91.44%
  Batch [150/390] Loss: 0.2770, Acc: 91.04%
  Batch [200/390] Loss: 0.2740, Acc: 91.34%
  Batch [250/390] Loss: 0.2729, Acc: 91.25%
  Batch [300/390] Loss: 0.2769, Acc: 91.08%
  Batch [350/390] Loss: 0.2808, Acc: 90.91%
[Epoch 16] Train Loss: 0.2796, Acc: 90.95%  |  Val Loss: 0.2299, Acc: 94.56%  |  Time: 38.6s
[Epoch 16] Summarizing hook timing...

[HOOK_TIMING_SUMMARY] epoch=16
[HOOK_WORK_SUMMARY] label=mpi:ring_zfp_online_coll:rate16 calls=5070 work_total_ms=28685.602 work_mean_ms=5.658 work_min_ms=4.294 work_max_ms=12.804
[HOOK_TAIL_SUMMARY] label=mpi:ring_zfp_online_coll:rate16 steps=390 tail_total_ms=21553.767 tail_mean_ms=55.266 tail_min_ms=46.913 tail_max_ms=79.161
[Epoch 16] Hook timing summary done

[Epoch 17] Training... (lr=0.000165)
  Batch [50/390] Loss: 0.2752, Acc: 90.38%
  Batch [100/390] Loss: 0.2474, Acc: 91.44%
  Batch [150/390] Loss: 0.2543, Acc: 91.79%
  Batch [200/390] Loss: 0.2599, Acc: 91.44%
  Batch [250/390] Loss: 0.2663, Acc: 91.22%
  Batch [300/390] Loss: 0.2666, Acc: 91.33%
  Batch [350/390] Loss: 0.2653, Acc: 91.36%
[Epoch 17] Train Loss: 0.2667, Acc: 91.15%  |  Val Loss: 0.2445, Acc: 94.24%  |  Time: 38.7s
[Epoch 17] Summarizing hook timing...

[HOOK_TIMING_SUMMARY] epoch=17
[HOOK_WORK_SUMMARY] label=mpi:ring_zfp_online_coll:rate16 calls=5070 work_total_ms=28782.443 work_mean_ms=5.677 work_min_ms=4.282 work_max_ms=30.283
[HOOK_TAIL_SUMMARY] label=mpi:ring_zfp_online_coll:rate16 steps=390 tail_total_ms=21702.527 tail_mean_ms=55.648 tail_min_ms=46.699 tail_max_ms=95.994
[Epoch 17] Hook timing summary done

[Epoch 18] Training... (lr=0.000095)
  Batch [50/390] Loss: 0.2524, Acc: 92.88%
  Batch [100/390] Loss: 0.2492, Acc: 92.00%
  Batch [150/390] Loss: 0.2647, Acc: 91.62%
  Batch [200/390] Loss: 0.2598, Acc: 91.66%
  Batch [250/390] Loss: 0.2621, Acc: 91.75%
  Batch [300/390] Loss: 0.2683, Acc: 91.48%
  Batch [350/390] Loss: 0.2660, Acc: 91.46%
[Epoch 18] Train Loss: 0.2656, Acc: 91.38%  |  Val Loss: 0.2337, Acc: 94.72%  |  Time: 38.8s
[Epoch 18] Summarizing hook timing...

[HOOK_TIMING_SUMMARY] epoch=18
[HOOK_WORK_SUMMARY] label=mpi:ring_zfp_online_coll:rate16 calls=5070 work_total_ms=28923.993 work_mean_ms=5.705 work_min_ms=4.273 work_max_ms=14.545
[HOOK_TAIL_SUMMARY] label=mpi:ring_zfp_online_coll:rate16 steps=390 tail_total_ms=21854.773 tail_mean_ms=56.038 tail_min_ms=51.492 tail_max_ms=74.543
[Epoch 18] Hook timing summary done

[Epoch 19] Training... (lr=0.000043)
  Batch [50/390] Loss: 0.2174, Acc: 93.12%
  Batch [100/390] Loss: 0.2408, Acc: 92.25%
  Batch [150/390] Loss: 0.2429, Acc: 92.29%
  Batch [200/390] Loss: 0.2479, Acc: 92.06%
  Batch [250/390] Loss: 0.2554, Acc: 91.67%
  Batch [300/390] Loss: 0.2589, Acc: 91.38%
  Batch [350/390] Loss: 0.2598, Acc: 91.36%
[Epoch 19] Train Loss: 0.2623, Acc: 91.22%  |  Val Loss: 0.2435, Acc: 93.44%  |  Time: 38.8s
[Epoch 19] Summarizing hook timing...

[HOOK_TIMING_SUMMARY] epoch=19
[HOOK_WORK_SUMMARY] label=mpi:ring_zfp_online_coll:rate16 calls=5070 work_total_ms=28880.156 work_mean_ms=5.696 work_min_ms=4.296 work_max_ms=17.940
[HOOK_TAIL_SUMMARY] label=mpi:ring_zfp_online_coll:rate16 steps=390 tail_total_ms=21623.289 tail_mean_ms=55.444 tail_min_ms=50.136 tail_max_ms=84.536
[Epoch 19] Hook timing summary done

[Epoch 20] Training... (lr=0.000011)
  Batch [50/390] Loss: 0.2420, Acc: 93.12%
  Batch [100/390] Loss: 0.2456, Acc: 92.56%
  Batch [150/390] Loss: 0.2579, Acc: 91.79%
  Batch [200/390] Loss: 0.2644, Acc: 91.50%
  Batch [250/390] Loss: 0.2660, Acc: 91.47%
  Batch [300/390] Loss: 0.2675, Acc: 91.52%
  Batch [350/390] Loss: 0.2628, Acc: 91.68%
[Epoch 20] Train Loss: 0.2645, Acc: 91.59%  |  Val Loss: 0.2354, Acc: 94.00%  |  Time: 38.7s
[Epoch 20] Summarizing hook timing...

[HOOK_TIMING_SUMMARY] epoch=20
[HOOK_WORK_SUMMARY] label=mpi:ring_zfp_online_coll:rate16 calls=5070 work_total_ms=28739.405 work_mean_ms=5.669 work_min_ms=4.331 work_max_ms=13.417
[HOOK_TAIL_SUMMARY] label=mpi:ring_zfp_online_coll:rate16 steps=390 tail_total_ms=21532.020 tail_mean_ms=55.210 tail_min_ms=53.449 tail_max_ms=70.308
[Epoch 20] Hook timing summary done

================================================================================
Done in 792.1s | Best val acc: 94.80%
Epoch times: mean=38.7s  min=38.3s  max=40.5s
================================================================================
=== Finished training: backend=mpi, hook=ring_zfp_online_coll, zfp_rate=16, status=0 at Fri May 22 11:07:32 PM UTC 2026 ===