=== Job started: Sat May 23 06:14:01 PM UTC 2026 ===
=== Node: x3112c0s37b1n0 ===

The following have been reloaded with a version change:
  1) gcc-native/14 => gcc-native/13


The following have been reloaded with a version change:
  1) gcc-native/13 => gcc-native/14.2

[INFO] GTL preloaded: /opt/cray/pe/mpich/9.0.1/ofi/nvidia/23.3/lib/libmpi_gtl_cuda.so
=============================================
  Polaris DDP + Eagle PyTorch + Cray MPICH
=============================================
Node              : x3112c0s37b1n0
ZFP_HOME          : /home/mrest/mpiAllReduceCompressed/zfp-install
GTL               : /opt/cray/pe/mpich/9.0.1/ofi/nvidia/23.3/lib/libmpi_gtl_cuda.so
MPICH_GPU_SUPPORT : 1

PyTorch version   : 2.8.0a0+gitba56102
PyTorch location  : /lus/eagle/projects/UIC-HPC/mrest/pytorch_mpi_build/src/pytorch/torch/__init__.py
CUDA available    : True 4
MPI available     : True
mpi4py            : MPI VERSION    : CRAY MPICH version 9.0.1.498 (ANL base 4.1.2)
mpi4py rank test  : rank 0 OK
=============================================
=== Starting training: backend=mpi, hook=recursive_doubling, zfp_rate=none at Sat May 23 06:14:35 PM UTC 2026 ===

================================================================================
DISTRIBUTED TRAINING LAUNCHER
================================================================================
  Model:      resnext101_32x8d (CIFAR stem) (pretrained)
  Dataset:    cifar10 (10 classes)
  Backend:    mpi
  Algorithm:  recursive_doubling
  Epochs:     20
  Batch/rank: 16
  LR:         0.001
================================================================================


================================================================================
Distributed Training: RESNEXT101_32X8D on CIFAR10
Backend: MPI, Algorithm: recursive_doubling
================================================================================
Ranks: 8, Epochs: 20, Batch/rank: 16, Effective batch: 128
LR: 0.001, Device: cuda:0

[Setup] Model on cuda:0, wrapped in DDP (static_graph=True)
[Setup] Hook registered: mpi/recursive_doubling
[Data] Train batches: 390, Val batches: 79


[Epoch 1] Training... (lr=0.000001)

================================================================================
DISTRIBUTED TRAINING LAUNCHER
================================================================================
  Model:      resnext101_32x8d (CIFAR stem) (pretrained)
  Dataset:    cifar10 (10 classes)
  Backend:    mpi
  Algorithm:  recursive_doubling
  Epochs:     20
  Batch/rank: 16
  LR:         0.001
================================================================================


================================================================================
DISTRIBUTED TRAINING LAUNCHER
================================================================================
  Model:      resnext101_32x8d (CIFAR stem) (pretrained)
  Dataset:    cifar10 (10 classes)
  Backend:    mpi
  Algorithm:  recursive_doubling
  Epochs:     20
  Batch/rank: 16
  LR:         0.001
================================================================================


================================================================================
DISTRIBUTED TRAINING LAUNCHER
================================================================================
  Model:      resnext101_32x8d (CIFAR stem) (pretrained)
  Dataset:    cifar10 (10 classes)
  Backend:    mpi
  Algorithm:  recursive_doubling
  Epochs:     20
  Batch/rank: 16
  LR:         0.001
================================================================================


================================================================================
DISTRIBUTED TRAINING LAUNCHER
================================================================================
  Model:      resnext101_32x8d (CIFAR stem) (pretrained)
  Dataset:    cifar10 (10 classes)
  Backend:    mpi
  Algorithm:  recursive_doubling
  Epochs:     20
  Batch/rank: 16
  LR:         0.001
================================================================================


================================================================================
DISTRIBUTED TRAINING LAUNCHER
================================================================================
  Model:      resnext101_32x8d (CIFAR stem) (pretrained)
  Dataset:    cifar10 (10 classes)
  Backend:    mpi
  Algorithm:  recursive_doubling
  Epochs:     20
  Batch/rank: 16
  LR:         0.001
================================================================================


================================================================================
DISTRIBUTED TRAINING LAUNCHER
================================================================================
  Model:      resnext101_32x8d (CIFAR stem) (pretrained)
  Dataset:    cifar10 (10 classes)
  Backend:    mpi
  Algorithm:  recursive_doubling
  Epochs:     20
  Batch/rank: 16
  LR:         0.001
================================================================================


================================================================================
DISTRIBUTED TRAINING LAUNCHER
================================================================================
  Model:      resnext101_32x8d (CIFAR stem) (pretrained)
  Dataset:    cifar10 (10 classes)
  Backend:    mpi
  Algorithm:  recursive_doubling
  Epochs:     20
  Batch/rank: 16
  LR:         0.001
================================================================================

  Batch [50/390] Loss: 2.3184, Acc: 10.50%
  Batch [100/390] Loss: 2.3147, Acc: 10.56%
  Batch [150/390] Loss: 2.3142, Acc: 10.54%
  Batch [200/390] Loss: 2.3158, Acc: 10.41%
  Batch [250/390] Loss: 2.3164, Acc: 10.55%
  Batch [300/390] Loss: 2.3158, Acc: 10.79%
  Batch [350/390] Loss: 2.3169, Acc: 10.84%
[Epoch 1] Train Loss: 2.3167, Acc: 10.79%  |  Val Loss: 2.3191, Acc: 9.60%  |  Time: 46.4s
  -> Best model saved (9.60%)
[Epoch 1] Summarizing hook timing...

[HOOK_TIMING_SUMMARY] epoch=1
[HOOK_WORK_SUMMARY] label=mpi:recursive_doubling calls=5046 work_total_ms=34212.242 work_mean_ms=6.780 work_min_ms=1.324 work_max_ms=71.694
[HOOK_TAIL_SUMMARY] label=mpi:recursive_doubling steps=391 tail_total_ms=27563.250 tail_mean_ms=70.494 tail_min_ms=11.716 tail_max_ms=80.168
[Epoch 1] Hook timing summary done

[Epoch 2] Training... (lr=0.000201)
  Batch [50/390] Loss: 2.3082, Acc: 11.38%
  Batch [100/390] Loss: 2.3018, Acc: 13.00%
  Batch [150/390] Loss: 2.2892, Acc: 14.21%
  Batch [200/390] Loss: 2.2768, Acc: 16.19%
  Batch [250/390] Loss: 2.2644, Acc: 18.38%
  Batch [300/390] Loss: 2.2544, Acc: 19.94%
  Batch [350/390] Loss: 2.2446, Acc: 21.48%
[Epoch 2] Train Loss: 2.2347, Acc: 23.06%  |  Val Loss: 2.1705, Acc: 31.68%  |  Time: 43.4s
  -> Best model saved (31.68%)
[Epoch 2] Summarizing hook timing...

[HOOK_TIMING_SUMMARY] epoch=2
[HOOK_WORK_SUMMARY] label=mpi:recursive_doubling calls=5070 work_total_ms=34139.604 work_mean_ms=6.734 work_min_ms=1.248 work_max_ms=16.183
[HOOK_TAIL_SUMMARY] label=mpi:recursive_doubling steps=390 tail_total_ms=27529.722 tail_mean_ms=70.589 tail_min_ms=62.100 tail_max_ms=77.593
[Epoch 2] Hook timing summary done

[Epoch 3] Training... (lr=0.000401)
  Batch [50/390] Loss: 2.1242, Acc: 38.75%
  Batch [100/390] Loss: 2.1129, Acc: 39.81%
  Batch [150/390] Loss: 2.0897, Acc: 41.83%
  Batch [200/390] Loss: 2.0612, Acc: 44.31%
  Batch [250/390] Loss: 2.0333, Acc: 47.05%
  Batch [300/390] Loss: 2.0073, Acc: 48.33%
  Batch [350/390] Loss: 1.9832, Acc: 49.21%
[Epoch 3] Train Loss: 1.9633, Acc: 50.24%  |  Val Loss: 1.7912, Acc: 60.80%  |  Time: 43.5s
  -> Best model saved (60.80%)
[Epoch 3] Summarizing hook timing...

[HOOK_TIMING_SUMMARY] epoch=3
[HOOK_WORK_SUMMARY] label=mpi:recursive_doubling calls=5070 work_total_ms=34048.282 work_mean_ms=6.716 work_min_ms=1.347 work_max_ms=15.919
[HOOK_TAIL_SUMMARY] label=mpi:recursive_doubling steps=390 tail_total_ms=27388.116 tail_mean_ms=70.226 tail_min_ms=63.410 tail_max_ms=78.008
[Epoch 3] Hook timing summary done

[Epoch 4] Training... (lr=0.000600)
  Batch [50/390] Loss: 1.6931, Acc: 61.75%
  Batch [100/390] Loss: 1.6623, Acc: 61.75%
  Batch [150/390] Loss: 1.6195, Acc: 62.71%
  Batch [200/390] Loss: 1.5739, Acc: 63.59%
  Batch [250/390] Loss: 1.5303, Acc: 64.53%
  Batch [300/390] Loss: 1.4932, Acc: 64.77%
  Batch [350/390] Loss: 1.4588, Acc: 65.11%
[Epoch 4] Train Loss: 1.4285, Acc: 65.69%  |  Val Loss: 1.2396, Acc: 76.80%  |  Time: 43.5s
  -> Best model saved (76.80%)
[Epoch 4] Summarizing hook timing...

[HOOK_TIMING_SUMMARY] epoch=4
[HOOK_WORK_SUMMARY] label=mpi:recursive_doubling calls=5070 work_total_ms=34283.016 work_mean_ms=6.762 work_min_ms=1.369 work_max_ms=15.579
[HOOK_TAIL_SUMMARY] label=mpi:recursive_doubling steps=390 tail_total_ms=27750.953 tail_mean_ms=71.156 tail_min_ms=63.888 tail_max_ms=77.347
[Epoch 4] Hook timing summary done

[Epoch 5] Training... (lr=0.000800)
  Batch [50/390] Loss: 1.0969, Acc: 71.62%
  Batch [100/390] Loss: 1.0722, Acc: 72.00%
  Batch [150/390] Loss: 1.0212, Acc: 73.08%
  Batch [200/390] Loss: 0.9972, Acc: 72.91%
  Batch [250/390] Loss: 0.9740, Acc: 73.55%
  Batch [300/390] Loss: 0.9401, Acc: 74.31%
  Batch [350/390] Loss: 0.9188, Acc: 74.64%
[Epoch 5] Train Loss: 0.9022, Acc: 74.97%  |  Val Loss: 0.7978, Acc: 83.12%  |  Time: 43.5s
  -> Best model saved (83.12%)
[Epoch 5] Summarizing hook timing...

[HOOK_TIMING_SUMMARY] epoch=5
[HOOK_WORK_SUMMARY] label=mpi:recursive_doubling calls=5070 work_total_ms=34217.147 work_mean_ms=6.749 work_min_ms=1.308 work_max_ms=15.587
[HOOK_TAIL_SUMMARY] label=mpi:recursive_doubling steps=390 tail_total_ms=27510.717 tail_mean_ms=70.540 tail_min_ms=64.251 tail_max_ms=78.421
[Epoch 5] Hook timing summary done

[Epoch 6] Training... (lr=0.001000)
  Batch [50/390] Loss: 0.7382, Acc: 77.62%
  Batch [100/390] Loss: 0.7237, Acc: 77.12%
  Batch [150/390] Loss: 0.7337, Acc: 77.12%
  Batch [200/390] Loss: 0.7117, Acc: 78.06%
  Batch [250/390] Loss: 0.6975, Acc: 78.35%
  Batch [300/390] Loss: 0.6848, Acc: 78.79%
  Batch [350/390] Loss: 0.6760, Acc: 78.93%
[Epoch 6] Train Loss: 0.6688, Acc: 79.09%  |  Val Loss: 0.5584, Acc: 87.84%  |  Time: 43.6s
  -> Best model saved (87.84%)
[Epoch 6] Summarizing hook timing...

[HOOK_TIMING_SUMMARY] epoch=6
[HOOK_WORK_SUMMARY] label=mpi:recursive_doubling calls=5070 work_total_ms=34079.796 work_mean_ms=6.722 work_min_ms=1.303 work_max_ms=15.613
[HOOK_TAIL_SUMMARY] label=mpi:recursive_doubling steps=390 tail_total_ms=27314.078 tail_mean_ms=70.036 tail_min_ms=63.706 tail_max_ms=76.377
[Epoch 6] Hook timing summary done

[Epoch 7] Training... (lr=0.000989)
  Batch [50/390] Loss: 0.4988, Acc: 83.75%
  Batch [100/390] Loss: 0.5098, Acc: 83.06%
  Batch [150/390] Loss: 0.5058, Acc: 83.62%
  Batch [200/390] Loss: 0.5122, Acc: 83.25%
  Batch [250/390] Loss: 0.5114, Acc: 83.40%
  Batch [300/390] Loss: 0.4978, Acc: 83.98%
  Batch [350/390] Loss: 0.4911, Acc: 84.27%
[Epoch 7] Train Loss: 0.4939, Acc: 84.09%  |  Val Loss: 0.4332, Acc: 90.96%  |  Time: 43.3s
  -> Best model saved (90.96%)
[Epoch 7] Summarizing hook timing...

[HOOK_TIMING_SUMMARY] epoch=7
[HOOK_WORK_SUMMARY] label=mpi:recursive_doubling calls=5070 work_total_ms=34075.805 work_mean_ms=6.721 work_min_ms=1.150 work_max_ms=15.977
[HOOK_TAIL_SUMMARY] label=mpi:recursive_doubling steps=390 tail_total_ms=27478.795 tail_mean_ms=70.458 tail_min_ms=63.931 tail_max_ms=77.790
[Epoch 7] Hook timing summary done

[Epoch 8] Training... (lr=0.000957)
  Batch [50/390] Loss: 0.4769, Acc: 85.12%
  Batch [100/390] Loss: 0.4483, Acc: 86.44%
  Batch [150/390] Loss: 0.4533, Acc: 86.25%
  Batch [200/390] Loss: 0.4565, Acc: 86.44%
  Batch [250/390] Loss: 0.4628, Acc: 85.85%
  Batch [300/390] Loss: 0.4520, Acc: 85.98%
  Batch [350/390] Loss: 0.4527, Acc: 85.91%
[Epoch 8] Train Loss: 0.4461, Acc: 86.01%  |  Val Loss: 0.3978, Acc: 91.84%  |  Time: 43.5s
  -> Best model saved (91.84%)
[Epoch 8] Summarizing hook timing...

[HOOK_TIMING_SUMMARY] epoch=8
[HOOK_WORK_SUMMARY] label=mpi:recursive_doubling calls=5070 work_total_ms=34397.219 work_mean_ms=6.784 work_min_ms=1.344 work_max_ms=15.608
[HOOK_TAIL_SUMMARY] label=mpi:recursive_doubling steps=390 tail_total_ms=27791.900 tail_mean_ms=71.261 tail_min_ms=58.181 tail_max_ms=77.664
[Epoch 8] Hook timing summary done

[Epoch 9] Training... (lr=0.000905)
  Batch [50/390] Loss: 0.4194, Acc: 86.00%
  Batch [100/390] Loss: 0.4064, Acc: 86.19%
  Batch [150/390] Loss: 0.3962, Acc: 86.46%
  Batch [200/390] Loss: 0.3902, Acc: 87.31%
  Batch [250/390] Loss: 0.3876, Acc: 87.42%
  Batch [300/390] Loss: 0.3797, Acc: 87.60%
  Batch [350/390] Loss: 0.3867, Acc: 87.38%
[Epoch 9] Train Loss: 0.3863, Acc: 87.50%  |  Val Loss: 0.3601, Acc: 92.64%  |  Time: 43.7s
  -> Best model saved (92.64%)
[Epoch 9] Summarizing hook timing...

[HOOK_TIMING_SUMMARY] epoch=9
[HOOK_WORK_SUMMARY] label=mpi:recursive_doubling calls=5070 work_total_ms=34368.744 work_mean_ms=6.779 work_min_ms=1.286 work_max_ms=16.190
[HOOK_TAIL_SUMMARY] label=mpi:recursive_doubling steps=390 tail_total_ms=27609.952 tail_mean_ms=70.795 tail_min_ms=64.186 tail_max_ms=77.853
[Epoch 9] Hook timing summary done

[Epoch 10] Training... (lr=0.000835)
  Batch [50/390] Loss: 0.3710, Acc: 88.00%
  Batch [100/390] Loss: 0.3713, Acc: 88.12%
  Batch [150/390] Loss: 0.3606, Acc: 88.50%
  Batch [200/390] Loss: 0.3688, Acc: 88.00%
  Batch [250/390] Loss: 0.3639, Acc: 88.15%
  Batch [300/390] Loss: 0.3573, Acc: 88.56%
  Batch [350/390] Loss: 0.3610, Acc: 88.36%
[Epoch 10] Train Loss: 0.3593, Acc: 88.41%  |  Val Loss: 0.3141, Acc: 93.68%  |  Time: 43.4s
  -> Best model saved (93.68%)
[Epoch 10] Summarizing hook timing...

[HOOK_TIMING_SUMMARY] epoch=10
[HOOK_WORK_SUMMARY] label=mpi:recursive_doubling calls=5070 work_total_ms=34014.376 work_mean_ms=6.709 work_min_ms=1.320 work_max_ms=16.238
[HOOK_TAIL_SUMMARY] label=mpi:recursive_doubling steps=390 tail_total_ms=27270.489 tail_mean_ms=69.924 tail_min_ms=62.746 tail_max_ms=76.341
[Epoch 10] Hook timing summary done

[Epoch 11] Training... (lr=0.000750)
  Batch [50/390] Loss: 0.3300, Acc: 88.25%
  Batch [100/390] Loss: 0.3226, Acc: 89.25%
  Batch [150/390] Loss: 0.3246, Acc: 89.21%
  Batch [200/390] Loss: 0.3297, Acc: 89.22%
  Batch [250/390] Loss: 0.3279, Acc: 89.12%
  Batch [300/390] Loss: 0.3251, Acc: 89.08%
  Batch [350/390] Loss: 0.3221, Acc: 89.27%
[Epoch 11] Train Loss: 0.3239, Acc: 89.25%  |  Val Loss: 0.2979, Acc: 93.92%  |  Time: 43.4s
  -> Best model saved (93.92%)
[Epoch 11] Summarizing hook timing...

[HOOK_TIMING_SUMMARY] epoch=11
[HOOK_WORK_SUMMARY] label=mpi:recursive_doubling calls=5070 work_total_ms=33728.067 work_mean_ms=6.652 work_min_ms=1.304 work_max_ms=16.288
[HOOK_TAIL_SUMMARY] label=mpi:recursive_doubling steps=390 tail_total_ms=26816.554 tail_mean_ms=68.760 tail_min_ms=64.550 tail_max_ms=76.569
[Epoch 11] Hook timing summary done

[Epoch 12] Training... (lr=0.000655)
  Batch [50/390] Loss: 0.2915, Acc: 90.50%
  Batch [100/390] Loss: 0.3036, Acc: 90.12%
  Batch [150/390] Loss: 0.3110, Acc: 89.79%
  Batch [200/390] Loss: 0.3099, Acc: 89.59%
  Batch [250/390] Loss: 0.3092, Acc: 89.60%
  Batch [300/390] Loss: 0.3086, Acc: 89.73%
  Batch [350/390] Loss: 0.3051, Acc: 89.75%
[Epoch 12] Train Loss: 0.3071, Acc: 89.70%  |  Val Loss: 0.2849, Acc: 93.84%  |  Time: 43.5s
[Epoch 12] Summarizing hook timing...

[HOOK_TIMING_SUMMARY] epoch=12
[HOOK_WORK_SUMMARY] label=mpi:recursive_doubling calls=5070 work_total_ms=34313.278 work_mean_ms=6.768 work_min_ms=1.355 work_max_ms=15.773
[HOOK_TAIL_SUMMARY] label=mpi:recursive_doubling steps=390 tail_total_ms=27727.467 tail_mean_ms=71.096 tail_min_ms=64.124 tail_max_ms=79.051
[Epoch 12] Hook timing summary done

[Epoch 13] Training... (lr=0.000552)
  Batch [50/390] Loss: 0.2777, Acc: 91.62%
  Batch [100/390] Loss: 0.2792, Acc: 91.25%
  Batch [150/390] Loss: 0.2776, Acc: 91.21%
  Batch [200/390] Loss: 0.2952, Acc: 90.56%
  Batch [250/390] Loss: 0.2820, Acc: 90.97%
  Batch [300/390] Loss: 0.2855, Acc: 91.10%
  Batch [350/390] Loss: 0.2838, Acc: 91.14%
[Epoch 13] Train Loss: 0.2842, Acc: 91.22%  |  Val Loss: 0.2619, Acc: 94.08%  |  Time: 43.6s
  -> Best model saved (94.08%)
[Epoch 13] Summarizing hook timing...

[HOOK_TIMING_SUMMARY] epoch=13
[HOOK_WORK_SUMMARY] label=mpi:recursive_doubling calls=5070 work_total_ms=34323.190 work_mean_ms=6.770 work_min_ms=1.345 work_max_ms=45.340
[HOOK_TAIL_SUMMARY] label=mpi:recursive_doubling steps=390 tail_total_ms=27681.401 tail_mean_ms=70.978 tail_min_ms=66.623 tail_max_ms=104.391
[Epoch 13] Hook timing summary done

[Epoch 14] Training... (lr=0.000448)
  Batch [50/390] Loss: 0.3063, Acc: 89.50%
  Batch [100/390] Loss: 0.3136, Acc: 89.38%
  Batch [150/390] Loss: 0.3249, Acc: 88.88%
  Batch [200/390] Loss: 0.3149, Acc: 89.34%
  Batch [250/390] Loss: 0.3070, Acc: 89.62%
  Batch [300/390] Loss: 0.3064, Acc: 89.58%
  Batch [350/390] Loss: 0.3059, Acc: 89.57%
[Epoch 14] Train Loss: 0.2979, Acc: 89.97%  |  Val Loss: 0.2430, Acc: 94.48%  |  Time: 43.4s
  -> Best model saved (94.48%)
[Epoch 14] Summarizing hook timing...

[HOOK_TIMING_SUMMARY] epoch=14
[HOOK_WORK_SUMMARY] label=mpi:recursive_doubling calls=5070 work_total_ms=33879.101 work_mean_ms=6.682 work_min_ms=1.119 work_max_ms=16.613
[HOOK_TAIL_SUMMARY] label=mpi:recursive_doubling steps=390 tail_total_ms=27131.361 tail_mean_ms=69.568 tail_min_ms=63.489 tail_max_ms=76.890
[Epoch 14] Hook timing summary done

[Epoch 15] Training... (lr=0.000345)
  Batch [50/390] Loss: 0.3091, Acc: 89.75%
  Batch [100/390] Loss: 0.3086, Acc: 90.25%
  Batch [150/390] Loss: 0.3005, Acc: 90.21%
  Batch [200/390] Loss: 0.2938, Acc: 90.53%
  Batch [250/390] Loss: 0.2873, Acc: 90.80%
  Batch [300/390] Loss: 0.2911, Acc: 90.69%
  Batch [350/390] Loss: 0.2867, Acc: 90.77%
[Epoch 15] Train Loss: 0.2859, Acc: 90.85%  |  Val Loss: 0.2463, Acc: 94.80%  |  Time: 43.5s
  -> Best model saved (94.80%)
[Epoch 15] Summarizing hook timing...

[HOOK_TIMING_SUMMARY] epoch=15
[HOOK_WORK_SUMMARY] label=mpi:recursive_doubling calls=5070 work_total_ms=34173.123 work_mean_ms=6.740 work_min_ms=1.326 work_max_ms=15.836
[HOOK_TAIL_SUMMARY] label=mpi:recursive_doubling steps=390 tail_total_ms=27505.785 tail_mean_ms=70.528 tail_min_ms=62.015 tail_max_ms=78.606
[Epoch 15] Hook timing summary done

[Epoch 16] Training... (lr=0.000250)
  Batch [50/390] Loss: 0.2855, Acc: 91.75%
  Batch [100/390] Loss: 0.2831, Acc: 91.62%
  Batch [150/390] Loss: 0.2778, Acc: 91.42%
  Batch [200/390] Loss: 0.2738, Acc: 91.84%
  Batch [250/390] Loss: 0.2722, Acc: 91.60%
  Batch [300/390] Loss: 0.2758, Acc: 91.23%
  Batch [350/390] Loss: 0.2800, Acc: 91.02%
[Epoch 16] Train Loss: 0.2789, Acc: 91.07%  |  Val Loss: 0.2316, Acc: 94.80%  |  Time: 43.6s
[Epoch 16] Summarizing hook timing...

[HOOK_TIMING_SUMMARY] epoch=16
[HOOK_WORK_SUMMARY] label=mpi:recursive_doubling calls=5070 work_total_ms=34418.684 work_mean_ms=6.789 work_min_ms=1.323 work_max_ms=15.761
[HOOK_TAIL_SUMMARY] label=mpi:recursive_doubling steps=390 tail_total_ms=27748.281 tail_mean_ms=71.149 tail_min_ms=60.827 tail_max_ms=77.616
[Epoch 16] Hook timing summary done

[Epoch 17] Training... (lr=0.000165)
  Batch [50/390] Loss: 0.2814, Acc: 91.38%
  Batch [100/390] Loss: 0.2520, Acc: 91.94%
  Batch [150/390] Loss: 0.2552, Acc: 92.17%
  Batch [200/390] Loss: 0.2590, Acc: 91.66%
  Batch [250/390] Loss: 0.2664, Acc: 91.33%
  Batch [300/390] Loss: 0.2662, Acc: 91.38%
  Batch [350/390] Loss: 0.2646, Acc: 91.43%
[Epoch 17] Train Loss: 0.2644, Acc: 91.30%  |  Val Loss: 0.2441, Acc: 94.56%  |  Time: 43.5s
[Epoch 17] Summarizing hook timing...

[HOOK_TIMING_SUMMARY] epoch=17
[HOOK_WORK_SUMMARY] label=mpi:recursive_doubling calls=5070 work_total_ms=33981.316 work_mean_ms=6.702 work_min_ms=1.383 work_max_ms=41.509
[HOOK_TAIL_SUMMARY] label=mpi:recursive_doubling steps=390 tail_total_ms=27157.063 tail_mean_ms=69.633 tail_min_ms=65.862 tail_max_ms=102.356
[Epoch 17] Hook timing summary done

[Epoch 18] Training... (lr=0.000095)
  Batch [50/390] Loss: 0.2474, Acc: 92.88%
  Batch [100/390] Loss: 0.2461, Acc: 91.94%
  Batch [150/390] Loss: 0.2619, Acc: 91.75%
  Batch [200/390] Loss: 0.2597, Acc: 91.56%
  Batch [250/390] Loss: 0.2621, Acc: 91.60%
  Batch [300/390] Loss: 0.2675, Acc: 91.46%
  Batch [350/390] Loss: 0.2645, Acc: 91.39%
[Epoch 18] Train Loss: 0.2645, Acc: 91.35%  |  Val Loss: 0.2348, Acc: 94.96%  |  Time: 43.5s
  -> Best model saved (94.96%)
[Epoch 18] Summarizing hook timing...

[HOOK_TIMING_SUMMARY] epoch=18
[HOOK_WORK_SUMMARY] label=mpi:recursive_doubling calls=5070 work_total_ms=33724.319 work_mean_ms=6.652 work_min_ms=1.308 work_max_ms=52.291
[HOOK_TAIL_SUMMARY] label=mpi:recursive_doubling steps=390 tail_total_ms=26883.457 tail_mean_ms=68.932 tail_min_ms=65.190 tail_max_ms=113.052
[Epoch 18] Hook timing summary done

[Epoch 19] Training... (lr=0.000043)
  Batch [50/390] Loss: 0.2159, Acc: 93.25%
  Batch [100/390] Loss: 0.2432, Acc: 92.38%
  Batch [150/390] Loss: 0.2489, Acc: 92.08%
  Batch [200/390] Loss: 0.2515, Acc: 91.88%
  Batch [250/390] Loss: 0.2587, Acc: 91.50%
  Batch [300/390] Loss: 0.2627, Acc: 91.25%
  Batch [350/390] Loss: 0.2613, Acc: 91.21%
[Epoch 19] Train Loss: 0.2640, Acc: 91.11%  |  Val Loss: 0.2435, Acc: 94.24%  |  Time: 43.5s
[Epoch 19] Summarizing hook timing...

[HOOK_TIMING_SUMMARY] epoch=19
[HOOK_WORK_SUMMARY] label=mpi:recursive_doubling calls=5070 work_total_ms=34109.446 work_mean_ms=6.728 work_min_ms=1.288 work_max_ms=16.406
[HOOK_TAIL_SUMMARY] label=mpi:recursive_doubling steps=390 tail_total_ms=27403.544 tail_mean_ms=70.265 tail_min_ms=65.503 tail_max_ms=76.827
[Epoch 19] Hook timing summary done

[Epoch 20] Training... (lr=0.000011)
  Batch [50/390] Loss: 0.2485, Acc: 92.38%
  Batch [100/390] Loss: 0.2558, Acc: 91.81%
  Batch [150/390] Loss: 0.2617, Acc: 91.50%
  Batch [200/390] Loss: 0.2659, Acc: 91.34%
  Batch [250/390] Loss: 0.2655, Acc: 91.42%
  Batch [300/390] Loss: 0.2676, Acc: 91.54%
  Batch [350/390] Loss: 0.2636, Acc: 91.70%
[Epoch 20] Train Loss: 0.2644, Acc: 91.63%  |  Val Loss: 0.2341, Acc: 94.80%  |  Time: 43.4s
[Epoch 20] Summarizing hook timing...

[HOOK_TIMING_SUMMARY] epoch=20
[HOOK_WORK_SUMMARY] label=mpi:recursive_doubling calls=5070 work_total_ms=34204.589 work_mean_ms=6.746 work_min_ms=1.273 work_max_ms=51.262
[HOOK_TAIL_SUMMARY] label=mpi:recursive_doubling steps=390 tail_total_ms=27587.279 tail_mean_ms=70.737 tail_min_ms=66.514 tail_max_ms=116.325
[Epoch 20] Hook timing summary done

================================================================================
Done in 889.8s | Best val acc: 94.96%
Epoch times: mean=43.6s  min=43.3s  max=46.4s
================================================================================
=== Finished training: backend=mpi, hook=recursive_doubling, zfp_rate=none, status=0 at Sat May 23 06:29:45 PM UTC 2026 ===
=== Starting training: backend=mpi, hook=recursive_doubling_zfp_naive, zfp_rate=16 at Sat May 23 06:29:45 PM UTC 2026 ===

================================================================================
DISTRIBUTED TRAINING LAUNCHER
================================================================================
  Model:      resnext101_32x8d (CIFAR stem) (pretrained)
  Dataset:    cifar10 (10 classes)
  Backend:    mpi
  Algorithm:  recursive_doubling_zfp_naive
  ZFP rate:   16
  Epochs:     20
  Batch/rank: 16
  LR:         0.001
================================================================================


================================================================================
Distributed Training: RESNEXT101_32X8D on CIFAR10
Backend: MPI, Algorithm: recursive_doubling_zfp_naive
================================================================================
Ranks: 8, Epochs: 20, Batch/rank: 16, Effective batch: 128
LR: 0.001, Device: cuda:0

[Setup] Model on cuda:0, wrapped in DDP (static_graph=True)
[Setup] Hook registered: mpi/recursive_doubling_zfp_naive
[Data] Train batches: 390, Val batches: 79


[Epoch 1] Training... (lr=0.000001)

================================================================================
DISTRIBUTED TRAINING LAUNCHER
================================================================================
  Model:      resnext101_32x8d (CIFAR stem) (pretrained)
  Dataset:    cifar10 (10 classes)
  Backend:    mpi
  Algorithm:  recursive_doubling_zfp_naive
  ZFP rate:   16
  Epochs:     20
  Batch/rank: 16
  LR:         0.001
================================================================================


================================================================================
DISTRIBUTED TRAINING LAUNCHER
================================================================================
  Model:      resnext101_32x8d (CIFAR stem) (pretrained)
  Dataset:    cifar10 (10 classes)
  Backend:    mpi
  Algorithm:  recursive_doubling_zfp_naive
  ZFP rate:   16
  Epochs:     20
  Batch/rank: 16
  LR:         0.001
================================================================================


================================================================================
DISTRIBUTED TRAINING LAUNCHER
================================================================================
  Model:      resnext101_32x8d (CIFAR stem) (pretrained)
  Dataset:    cifar10 (10 classes)
  Backend:    mpi
  Algorithm:  recursive_doubling_zfp_naive
  ZFP rate:   16
  Epochs:     20
  Batch/rank: 16
  LR:         0.001
================================================================================


================================================================================
DISTRIBUTED TRAINING LAUNCHER
================================================================================
  Model:      resnext101_32x8d (CIFAR stem) (pretrained)
  Dataset:    cifar10 (10 classes)
  Backend:    mpi
  Algorithm:  recursive_doubling_zfp_naive
  ZFP rate:   16
  Epochs:     20
  Batch/rank: 16
  LR:         0.001
================================================================================


================================================================================
DISTRIBUTED TRAINING LAUNCHER
================================================================================
  Model:      resnext101_32x8d (CIFAR stem) (pretrained)
  Dataset:    cifar10 (10 classes)
  Backend:    mpi
  Algorithm:  recursive_doubling_zfp_naive
  ZFP rate:   16
  Epochs:     20
  Batch/rank: 16
  LR:         0.001
================================================================================


================================================================================
DISTRIBUTED TRAINING LAUNCHER
================================================================================
  Model:      resnext101_32x8d (CIFAR stem) (pretrained)
  Dataset:    cifar10 (10 classes)
  Backend:    mpi
  Algorithm:  recursive_doubling_zfp_naive
  ZFP rate:   16
  Epochs:     20
  Batch/rank: 16
  LR:         0.001
================================================================================


================================================================================
DISTRIBUTED TRAINING LAUNCHER
================================================================================
  Model:      resnext101_32x8d (CIFAR stem) (pretrained)
  Dataset:    cifar10 (10 classes)
  Backend:    mpi
  Algorithm:  recursive_doubling_zfp_naive
  ZFP rate:   16
  Epochs:     20
  Batch/rank: 16
  LR:         0.001
================================================================================

  Batch [50/390] Loss: 2.3184, Acc: 10.62%
  Batch [100/390] Loss: 2.3147, Acc: 10.62%
  Batch [150/390] Loss: 2.3142, Acc: 10.58%
  Batch [200/390] Loss: 2.3158, Acc: 10.44%
  Batch [250/390] Loss: 2.3164, Acc: 10.60%
  Batch [300/390] Loss: 2.3158, Acc: 10.85%
  Batch [350/390] Loss: 2.3169, Acc: 10.89%
[Epoch 1] Train Loss: 2.3167, Acc: 10.82%  |  Val Loss: 2.3191, Acc: 9.60%  |  Time: 42.5s
  -> Best model saved (9.60%)
[Epoch 1] Summarizing hook timing...

[HOOK_TIMING_SUMMARY] epoch=1
[HOOK_WORK_SUMMARY] label=mpi:recursive_doubling_zfp_naive:rate16 calls=5046 work_total_ms=31828.540 work_mean_ms=6.308 work_min_ms=1.351 work_max_ms=69.511
[HOOK_TAIL_SUMMARY] label=mpi:recursive_doubling_zfp_naive:rate16 steps=391 tail_total_ms=25071.129 tail_mean_ms=64.121 tail_min_ms=12.589 tail_max_ms=175.546
[Epoch 1] Hook timing summary done

[Epoch 2] Training... (lr=0.000201)
  Batch [50/390] Loss: 2.3084, Acc: 12.12%
  Batch [100/390] Loss: 2.3023, Acc: 13.19%
  Batch [150/390] Loss: 2.2900, Acc: 14.25%
  Batch [200/390] Loss: 2.2779, Acc: 16.03%
  Batch [250/390] Loss: 2.2655, Acc: 18.07%
  Batch [300/390] Loss: 2.2557, Acc: 19.60%
  Batch [350/390] Loss: 2.2459, Acc: 21.21%
[Epoch 2] Train Loss: 2.2361, Acc: 22.71%  |  Val Loss: 2.1727, Acc: 31.92%  |  Time: 41.7s
  -> Best model saved (31.92%)
[Epoch 2] Summarizing hook timing...

[HOOK_TIMING_SUMMARY] epoch=2
[HOOK_WORK_SUMMARY] label=mpi:recursive_doubling_zfp_naive:rate16 calls=5070 work_total_ms=32171.624 work_mean_ms=6.345 work_min_ms=1.394 work_max_ms=16.226
[HOOK_TAIL_SUMMARY] label=mpi:recursive_doubling_zfp_naive:rate16 steps=390 tail_total_ms=25412.768 tail_mean_ms=65.161 tail_min_ms=58.410 tail_max_ms=70.140
[Epoch 2] Hook timing summary done

[Epoch 3] Training... (lr=0.000401)
  Batch [50/390] Loss: 2.1266, Acc: 36.62%
  Batch [100/390] Loss: 2.1150, Acc: 38.81%
  Batch [150/390] Loss: 2.0915, Acc: 41.25%
  Batch [200/390] Loss: 2.0637, Acc: 43.53%
  Batch [250/390] Loss: 2.0378, Acc: 45.90%
  Batch [300/390] Loss: 2.0134, Acc: 47.17%
  Batch [350/390] Loss: 1.9906, Acc: 48.29%
[Epoch 3] Train Loss: 1.9722, Acc: 49.29%  |  Val Loss: 1.8455, Acc: 61.04%  |  Time: 41.8s
  -> Best model saved (61.04%)
[Epoch 3] Summarizing hook timing...

[HOOK_TIMING_SUMMARY] epoch=3
[HOOK_WORK_SUMMARY] label=mpi:recursive_doubling_zfp_naive:rate16 calls=5070 work_total_ms=32432.746 work_mean_ms=6.397 work_min_ms=1.355 work_max_ms=18.005
[HOOK_TAIL_SUMMARY] label=mpi:recursive_doubling_zfp_naive:rate16 steps=390 tail_total_ms=25729.580 tail_mean_ms=65.973 tail_min_ms=61.519 tail_max_ms=74.292
[Epoch 3] Hook timing summary done

[Epoch 4] Training... (lr=0.000600)
  Batch [50/390] Loss: 1.7131, Acc: 62.00%
  Batch [100/390] Loss: 1.6872, Acc: 61.38%
  Batch [150/390] Loss: 1.6504, Acc: 61.88%
  Batch [200/390] Loss: 1.6035, Acc: 62.94%
  Batch [250/390] Loss: 1.5606, Acc: 63.98%
  Batch [300/390] Loss: 1.5218, Acc: 64.23%
  Batch [350/390] Loss: 1.4872, Acc: 64.57%
[Epoch 4] Train Loss: 1.4547, Acc: 65.30%  |  Val Loss: 1.2238, Acc: 75.92%  |  Time: 41.6s
  -> Best model saved (75.92%)
[Epoch 4] Summarizing hook timing...

[HOOK_TIMING_SUMMARY] epoch=4
[HOOK_WORK_SUMMARY] label=mpi:recursive_doubling_zfp_naive:rate16 calls=5070 work_total_ms=31612.408 work_mean_ms=6.235 work_min_ms=1.392 work_max_ms=14.998
[HOOK_TAIL_SUMMARY] label=mpi:recursive_doubling_zfp_naive:rate16 steps=390 tail_total_ms=24597.532 tail_mean_ms=63.071 tail_min_ms=58.630 tail_max_ms=66.547
[Epoch 4] Hook timing summary done

[Epoch 5] Training... (lr=0.000800)
  Batch [50/390] Loss: 1.1061, Acc: 70.00%
  Batch [100/390] Loss: 1.0774, Acc: 71.31%
  Batch [150/390] Loss: 1.0228, Acc: 72.75%
  Batch [200/390] Loss: 0.9934, Acc: 72.84%
  Batch [250/390] Loss: 0.9712, Acc: 73.33%
  Batch [300/390] Loss: 0.9386, Acc: 74.19%
  Batch [350/390] Loss: 0.9190, Acc: 74.55%
[Epoch 5] Train Loss: 0.9036, Acc: 74.79%  |  Val Loss: 0.7700, Acc: 83.20%  |  Time: 41.8s
  -> Best model saved (83.20%)
[Epoch 5] Summarizing hook timing...

[HOOK_TIMING_SUMMARY] epoch=5
[HOOK_WORK_SUMMARY] label=mpi:recursive_doubling_zfp_naive:rate16 calls=5070 work_total_ms=32185.030 work_mean_ms=6.348 work_min_ms=1.419 work_max_ms=16.846
[HOOK_TAIL_SUMMARY] label=mpi:recursive_doubling_zfp_naive:rate16 steps=390 tail_total_ms=25236.161 tail_mean_ms=64.708 tail_min_ms=57.726 tail_max_ms=68.982
[Epoch 5] Hook timing summary done

[Epoch 6] Training... (lr=0.001000)
  Batch [50/390] Loss: 0.7259, Acc: 77.88%
  Batch [100/390] Loss: 0.7235, Acc: 77.00%
  Batch [150/390] Loss: 0.7264, Acc: 77.04%
  Batch [200/390] Loss: 0.7055, Acc: 77.97%
  Batch [250/390] Loss: 0.6948, Acc: 78.25%
  Batch [300/390] Loss: 0.6808, Acc: 78.83%
  Batch [350/390] Loss: 0.6727, Acc: 78.96%
[Epoch 6] Train Loss: 0.6653, Acc: 79.17%  |  Val Loss: 0.5486, Acc: 88.16%  |  Time: 41.6s
  -> Best model saved (88.16%)
[Epoch 6] Summarizing hook timing...

[HOOK_TIMING_SUMMARY] epoch=6
[HOOK_WORK_SUMMARY] label=mpi:recursive_doubling_zfp_naive:rate16 calls=5070 work_total_ms=31489.942 work_mean_ms=6.211 work_min_ms=1.372 work_max_ms=16.227
[HOOK_TAIL_SUMMARY] label=mpi:recursive_doubling_zfp_naive:rate16 steps=390 tail_total_ms=24552.485 tail_mean_ms=62.955 tail_min_ms=57.770 tail_max_ms=67.957
[Epoch 6] Hook timing summary done

[Epoch 7] Training... (lr=0.000989)
  Batch [50/390] Loss: 0.5102, Acc: 82.62%
  Batch [100/390] Loss: 0.5195, Acc: 82.75%
  Batch [150/390] Loss: 0.5162, Acc: 82.88%
  Batch [200/390] Loss: 0.5202, Acc: 82.69%
  Batch [250/390] Loss: 0.5159, Acc: 83.10%
  Batch [300/390] Loss: 0.5021, Acc: 83.71%
  Batch [350/390] Loss: 0.4953, Acc: 83.88%
[Epoch 7] Train Loss: 0.4957, Acc: 83.81%  |  Val Loss: 0.4341, Acc: 90.72%  |  Time: 41.6s
  -> Best model saved (90.72%)
[Epoch 7] Summarizing hook timing...

[HOOK_TIMING_SUMMARY] epoch=7
[HOOK_WORK_SUMMARY] label=mpi:recursive_doubling_zfp_naive:rate16 calls=5070 work_total_ms=31499.839 work_mean_ms=6.213 work_min_ms=1.331 work_max_ms=16.051
[HOOK_TAIL_SUMMARY] label=mpi:recursive_doubling_zfp_naive:rate16 steps=390 tail_total_ms=24526.018 tail_mean_ms=62.887 tail_min_ms=57.699 tail_max_ms=66.574
[Epoch 7] Hook timing summary done

[Epoch 8] Training... (lr=0.000957)
  Batch [50/390] Loss: 0.4815, Acc: 84.75%
  Batch [100/390] Loss: 0.4529, Acc: 86.12%
  Batch [150/390] Loss: 0.4547, Acc: 85.67%
  Batch [200/390] Loss: 0.4578, Acc: 85.88%
  Batch [250/390] Loss: 0.4632, Acc: 85.38%
  Batch [300/390] Loss: 0.4501, Acc: 85.67%
  Batch [350/390] Loss: 0.4500, Acc: 85.64%
[Epoch 8] Train Loss: 0.4444, Acc: 85.80%  |  Val Loss: 0.3877, Acc: 91.36%  |  Time: 41.7s
  -> Best model saved (91.36%)
[Epoch 8] Summarizing hook timing...

[HOOK_TIMING_SUMMARY] epoch=8
[HOOK_WORK_SUMMARY] label=mpi:recursive_doubling_zfp_naive:rate16 calls=5070 work_total_ms=31881.634 work_mean_ms=6.288 work_min_ms=1.392 work_max_ms=16.599
[HOOK_TAIL_SUMMARY] label=mpi:recursive_doubling_zfp_naive:rate16 steps=390 tail_total_ms=24894.471 tail_mean_ms=63.832 tail_min_ms=57.183 tail_max_ms=68.002
[Epoch 8] Hook timing summary done

[Epoch 9] Training... (lr=0.000905)
  Batch [50/390] Loss: 0.4282, Acc: 86.38%
  Batch [100/390] Loss: 0.4059, Acc: 87.25%
  Batch [150/390] Loss: 0.3920, Acc: 87.46%
  Batch [200/390] Loss: 0.3877, Acc: 87.69%
  Batch [250/390] Loss: 0.3867, Acc: 87.50%
  Batch [300/390] Loss: 0.3795, Acc: 87.85%
  Batch [350/390] Loss: 0.3873, Acc: 87.45%
[Epoch 9] Train Loss: 0.3865, Acc: 87.45%  |  Val Loss: 0.3492, Acc: 92.56%  |  Time: 41.9s
  -> Best model saved (92.56%)
[Epoch 9] Summarizing hook timing...

[HOOK_TIMING_SUMMARY] epoch=9
[HOOK_WORK_SUMMARY] label=mpi:recursive_doubling_zfp_naive:rate16 calls=5070 work_total_ms=32126.985 work_mean_ms=6.337 work_min_ms=1.376 work_max_ms=17.249
[HOOK_TAIL_SUMMARY] label=mpi:recursive_doubling_zfp_naive:rate16 steps=390 tail_total_ms=25204.680 tail_mean_ms=64.627 tail_min_ms=57.854 tail_max_ms=73.739
[Epoch 9] Hook timing summary done

[Epoch 10] Training... (lr=0.000835)
  Batch [50/390] Loss: 0.3723, Acc: 88.62%
  Batch [100/390] Loss: 0.3722, Acc: 87.88%
  Batch [150/390] Loss: 0.3628, Acc: 88.29%
  Batch [200/390] Loss: 0.3697, Acc: 87.97%
  Batch [250/390] Loss: 0.3641, Acc: 88.12%
  Batch [300/390] Loss: 0.3586, Acc: 88.38%
  Batch [350/390] Loss: 0.3616, Acc: 88.23%
[Epoch 10] Train Loss: 0.3593, Acc: 88.29%  |  Val Loss: 0.2997, Acc: 94.08%  |  Time: 41.7s
  -> Best model saved (94.08%)
[Epoch 10] Summarizing hook timing...

[HOOK_TIMING_SUMMARY] epoch=10
[HOOK_WORK_SUMMARY] label=mpi:recursive_doubling_zfp_naive:rate16 calls=5070 work_total_ms=31973.180 work_mean_ms=6.306 work_min_ms=1.394 work_max_ms=17.166
[HOOK_TAIL_SUMMARY] label=mpi:recursive_doubling_zfp_naive:rate16 steps=390 tail_total_ms=25023.868 tail_mean_ms=64.164 tail_min_ms=58.143 tail_max_ms=66.871
[Epoch 10] Hook timing summary done

[Epoch 11] Training... (lr=0.000750)
  Batch [50/390] Loss: 0.3228, Acc: 89.38%
  Batch [100/390] Loss: 0.3115, Acc: 90.00%
  Batch [150/390] Loss: 0.3165, Acc: 89.96%
  Batch [200/390] Loss: 0.3213, Acc: 89.94%
  Batch [250/390] Loss: 0.3218, Acc: 89.65%
  Batch [300/390] Loss: 0.3200, Acc: 89.54%
  Batch [350/390] Loss: 0.3181, Acc: 89.70%
[Epoch 11] Train Loss: 0.3196, Acc: 89.68%  |  Val Loss: 0.2910, Acc: 93.92%  |  Time: 41.7s
[Epoch 11] Summarizing hook timing...

[HOOK_TIMING_SUMMARY] epoch=11
[HOOK_WORK_SUMMARY] label=mpi:recursive_doubling_zfp_naive:rate16 calls=5070 work_total_ms=31871.684 work_mean_ms=6.286 work_min_ms=1.391 work_max_ms=16.279
[HOOK_TAIL_SUMMARY] label=mpi:recursive_doubling_zfp_naive:rate16 steps=390 tail_total_ms=24776.993 tail_mean_ms=63.531 tail_min_ms=58.122 tail_max_ms=67.182
[Epoch 11] Hook timing summary done

[Epoch 12] Training... (lr=0.000655)
  Batch [50/390] Loss: 0.2872, Acc: 91.25%
  Batch [100/390] Loss: 0.2983, Acc: 90.88%
  Batch [150/390] Loss: 0.3077, Acc: 90.33%
  Batch [200/390] Loss: 0.3059, Acc: 90.25%
  Batch [250/390] Loss: 0.3080, Acc: 90.03%
  Batch [300/390] Loss: 0.3075, Acc: 90.04%
  Batch [350/390] Loss: 0.3059, Acc: 90.04%
[Epoch 12] Train Loss: 0.3080, Acc: 90.03%  |  Val Loss: 0.2802, Acc: 94.56%  |  Time: 41.7s
  -> Best model saved (94.56%)
[Epoch 12] Summarizing hook timing...

[HOOK_TIMING_SUMMARY] epoch=12
[HOOK_WORK_SUMMARY] label=mpi:recursive_doubling_zfp_naive:rate16 calls=5070 work_total_ms=32004.570 work_mean_ms=6.313 work_min_ms=1.396 work_max_ms=55.307
[HOOK_TAIL_SUMMARY] label=mpi:recursive_doubling_zfp_naive:rate16 steps=390 tail_total_ms=25069.353 tail_mean_ms=64.280 tail_min_ms=61.024 tail_max_ms=109.232
[Epoch 12] Hook timing summary done

[Epoch 13] Training... (lr=0.000552)
  Batch [50/390] Loss: 0.2725, Acc: 91.62%
  Batch [100/390] Loss: 0.2752, Acc: 91.62%
  Batch [150/390] Loss: 0.2738, Acc: 91.62%
  Batch [200/390] Loss: 0.2900, Acc: 91.19%
  Batch [250/390] Loss: 0.2788, Acc: 91.47%
  Batch [300/390] Loss: 0.2828, Acc: 91.40%
  Batch [350/390] Loss: 0.2825, Acc: 91.29%
[Epoch 13] Train Loss: 0.2832, Acc: 91.35%  |  Val Loss: 0.2601, Acc: 93.92%  |  Time: 41.7s
[Epoch 13] Summarizing hook timing...

[HOOK_TIMING_SUMMARY] epoch=13
[HOOK_WORK_SUMMARY] label=mpi:recursive_doubling_zfp_naive:rate16 calls=5070 work_total_ms=32076.219 work_mean_ms=6.327 work_min_ms=1.410 work_max_ms=15.700
[HOOK_TAIL_SUMMARY] label=mpi:recursive_doubling_zfp_naive:rate16 steps=390 tail_total_ms=25334.108 tail_mean_ms=64.959 tail_min_ms=57.334 tail_max_ms=68.795
[Epoch 13] Hook timing summary done

[Epoch 14] Training... (lr=0.000448)
  Batch [50/390] Loss: 0.3137, Acc: 89.88%
  Batch [100/390] Loss: 0.3149, Acc: 89.38%
  Batch [150/390] Loss: 0.3261, Acc: 89.00%
  Batch [200/390] Loss: 0.3162, Acc: 89.34%
  Batch [250/390] Loss: 0.3099, Acc: 89.62%
  Batch [300/390] Loss: 0.3080, Acc: 89.71%
  Batch [350/390] Loss: 0.3066, Acc: 89.70%
[Epoch 14] Train Loss: 0.2999, Acc: 90.03%  |  Val Loss: 0.2399, Acc: 94.56%  |  Time: 42.0s
[Epoch 14] Summarizing hook timing...

[HOOK_TIMING_SUMMARY] epoch=14
[HOOK_WORK_SUMMARY] label=mpi:recursive_doubling_zfp_naive:rate16 calls=5070 work_total_ms=32011.566 work_mean_ms=6.314 work_min_ms=1.417 work_max_ms=50.610
[HOOK_TAIL_SUMMARY] label=mpi:recursive_doubling_zfp_naive:rate16 steps=390 tail_total_ms=25023.705 tail_mean_ms=64.163 tail_min_ms=61.346 tail_max_ms=106.013
[Epoch 14] Hook timing summary done

[Epoch 15] Training... (lr=0.000345)
  Batch [50/390] Loss: 0.3093, Acc: 90.50%
  Batch [100/390] Loss: 0.3094, Acc: 90.56%
  Batch [150/390] Loss: 0.2955, Acc: 90.50%
  Batch [200/390] Loss: 0.2892, Acc: 90.59%
  Batch [250/390] Loss: 0.2831, Acc: 90.75%
  Batch [300/390] Loss: 0.2877, Acc: 90.65%
  Batch [350/390] Loss: 0.2847, Acc: 90.62%
[Epoch 15] Train Loss: 0.2837, Acc: 90.72%  |  Val Loss: 0.2428, Acc: 94.72%  |  Time: 41.6s
  -> Best model saved (94.72%)
[Epoch 15] Summarizing hook timing...

[HOOK_TIMING_SUMMARY] epoch=15
[HOOK_WORK_SUMMARY] label=mpi:recursive_doubling_zfp_naive:rate16 calls=5070 work_total_ms=31529.163 work_mean_ms=6.219 work_min_ms=1.451 work_max_ms=26.340
[HOOK_TAIL_SUMMARY] label=mpi:recursive_doubling_zfp_naive:rate16 steps=390 tail_total_ms=24604.387 tail_mean_ms=63.088 tail_min_ms=60.882 tail_max_ms=80.141
[Epoch 15] Hook timing summary done

[Epoch 16] Training... (lr=0.000250)
  Batch [50/390] Loss: 0.2779, Acc: 92.62%
  Batch [100/390] Loss: 0.2789, Acc: 91.94%
  Batch [150/390] Loss: 0.2761, Acc: 91.42%
  Batch [200/390] Loss: 0.2730, Acc: 91.62%
  Batch [250/390] Loss: 0.2718, Acc: 91.47%
  Batch [300/390] Loss: 0.2755, Acc: 91.23%
  Batch [350/390] Loss: 0.2796, Acc: 91.14%
[Epoch 16] Train Loss: 0.2797, Acc: 91.17%  |  Val Loss: 0.2296, Acc: 94.64%  |  Time: 41.7s
[Epoch 16] Summarizing hook timing...

[HOOK_TIMING_SUMMARY] epoch=16
[HOOK_WORK_SUMMARY] label=mpi:recursive_doubling_zfp_naive:rate16 calls=5070 work_total_ms=31758.776 work_mean_ms=6.264 work_min_ms=1.445 work_max_ms=16.718
[HOOK_TAIL_SUMMARY] label=mpi:recursive_doubling_zfp_naive:rate16 steps=390 tail_total_ms=24832.943 tail_mean_ms=63.674 tail_min_ms=57.722 tail_max_ms=68.351
[Epoch 16] Hook timing summary done

[Epoch 17] Training... (lr=0.000165)
  Batch [50/390] Loss: 0.2765, Acc: 91.25%
  Batch [100/390] Loss: 0.2500, Acc: 91.38%
  Batch [150/390] Loss: 0.2554, Acc: 91.54%
  Batch [200/390] Loss: 0.2607, Acc: 91.22%
  Batch [250/390] Loss: 0.2670, Acc: 91.15%
  Batch [300/390] Loss: 0.2681, Acc: 91.19%
  Batch [350/390] Loss: 0.2660, Acc: 91.30%
[Epoch 17] Train Loss: 0.2663, Acc: 91.12%  |  Val Loss: 0.2433, Acc: 93.92%  |  Time: 41.7s
[Epoch 17] Summarizing hook timing...

[HOOK_TIMING_SUMMARY] epoch=17
[HOOK_WORK_SUMMARY] label=mpi:recursive_doubling_zfp_naive:rate16 calls=5070 work_total_ms=32008.454 work_mean_ms=6.313 work_min_ms=1.316 work_max_ms=34.606
[HOOK_TAIL_SUMMARY] label=mpi:recursive_doubling_zfp_naive:rate16 steps=390 tail_total_ms=25279.675 tail_mean_ms=64.820 tail_min_ms=61.581 tail_max_ms=89.514
[Epoch 17] Hook timing summary done

[Epoch 18] Training... (lr=0.000095)
  Batch [50/390] Loss: 0.2526, Acc: 92.75%
  Batch [100/390] Loss: 0.2494, Acc: 91.69%
  Batch [150/390] Loss: 0.2653, Acc: 91.38%
  Batch [200/390] Loss: 0.2602, Acc: 91.44%
  Batch [250/390] Loss: 0.2614, Acc: 91.58%
  Batch [300/390] Loss: 0.2668, Acc: 91.38%
  Batch [350/390] Loss: 0.2644, Acc: 91.45%
[Epoch 18] Train Loss: 0.2638, Acc: 91.44%  |  Val Loss: 0.2316, Acc: 94.96%  |  Time: 41.8s
  -> Best model saved (94.96%)
[Epoch 18] Summarizing hook timing...

[HOOK_TIMING_SUMMARY] epoch=18
[HOOK_WORK_SUMMARY] label=mpi:recursive_doubling_zfp_naive:rate16 calls=5070 work_total_ms=32141.033 work_mean_ms=6.339 work_min_ms=1.366 work_max_ms=44.687
[HOOK_TAIL_SUMMARY] label=mpi:recursive_doubling_zfp_naive:rate16 steps=390 tail_total_ms=25321.197 tail_mean_ms=64.926 tail_min_ms=61.426 tail_max_ms=101.076
[Epoch 18] Hook timing summary done

[Epoch 19] Training... (lr=0.000043)
  Batch [50/390] Loss: 0.2226, Acc: 92.88%
  Batch [100/390] Loss: 0.2460, Acc: 92.19%
  Batch [150/390] Loss: 0.2455, Acc: 92.08%
  Batch [200/390] Loss: 0.2496, Acc: 91.84%
  Batch [250/390] Loss: 0.2557, Acc: 91.60%
  Batch [300/390] Loss: 0.2605, Acc: 91.33%
  Batch [350/390] Loss: 0.2607, Acc: 91.27%
[Epoch 19] Train Loss: 0.2635, Acc: 91.25%  |  Val Loss: 0.2432, Acc: 93.84%  |  Time: 41.8s
[Epoch 19] Summarizing hook timing...

[HOOK_TIMING_SUMMARY] epoch=19
[HOOK_WORK_SUMMARY] label=mpi:recursive_doubling_zfp_naive:rate16 calls=5070 work_total_ms=32263.539 work_mean_ms=6.364 work_min_ms=1.317 work_max_ms=17.340
[HOOK_TAIL_SUMMARY] label=mpi:recursive_doubling_zfp_naive:rate16 steps=390 tail_total_ms=25454.515 tail_mean_ms=65.268 tail_min_ms=61.409 tail_max_ms=70.146
[Epoch 19] Hook timing summary done

[Epoch 20] Training... (lr=0.000011)
  Batch [50/390] Loss: 0.2399, Acc: 93.00%
  Batch [100/390] Loss: 0.2449, Acc: 92.50%
  Batch [150/390] Loss: 0.2575, Acc: 91.71%
  Batch [200/390] Loss: 0.2635, Acc: 91.41%
  Batch [250/390] Loss: 0.2637, Acc: 91.40%
  Batch [300/390] Loss: 0.2650, Acc: 91.38%
  Batch [350/390] Loss: 0.2598, Acc: 91.57%
[Epoch 20] Train Loss: 0.2617, Acc: 91.46%  |  Val Loss: 0.2328, Acc: 94.64%  |  Time: 42.0s
[Epoch 20] Summarizing hook timing...

[HOOK_TIMING_SUMMARY] epoch=20
[HOOK_WORK_SUMMARY] label=mpi:recursive_doubling_zfp_naive:rate16 calls=5070 work_total_ms=32050.905 work_mean_ms=6.322 work_min_ms=1.333 work_max_ms=42.441
[HOOK_TAIL_SUMMARY] label=mpi:recursive_doubling_zfp_naive:rate16 steps=390 tail_total_ms=25048.376 tail_mean_ms=64.227 tail_min_ms=60.975 tail_max_ms=97.481
[Epoch 20] Hook timing summary done

================================================================================
Done in 850.7s | Best val acc: 94.96%
Epoch times: mean=41.8s  min=41.6s  max=42.5s
================================================================================
=== Finished training: backend=mpi, hook=recursive_doubling_zfp_naive, zfp_rate=16, status=0 at Sat May 23 06:44:07 PM UTC 2026 ===
=== Starting training: backend=mpi, hook=recursive_doubling_zfp_online_coll, zfp_rate=16 at Sat May 23 06:44:07 PM UTC 2026 ===

================================================================================
DISTRIBUTED TRAINING LAUNCHER
================================================================================
  Model:      resnext101_32x8d (CIFAR stem) (pretrained)
  Dataset:    cifar10 (10 classes)
  Backend:    mpi
  Algorithm:  recursive_doubling_zfp_online_coll
  ZFP rate:   16
  Epochs:     20
  Batch/rank: 16
  LR:         0.001
================================================================================


================================================================================
Distributed Training: RESNEXT101_32X8D on CIFAR10
Backend: MPI, Algorithm: recursive_doubling_zfp_online_coll
================================================================================
Ranks: 8, Epochs: 20, Batch/rank: 16, Effective batch: 128
LR: 0.001, Device: cuda:0

[Setup] Model on cuda:0, wrapped in DDP (static_graph=True)
[Setup] Hook registered: mpi/recursive_doubling_zfp_online_coll

================================================================================
DISTRIBUTED TRAINING LAUNCHER
================================================================================
  Model:      resnext101_32x8d (CIFAR stem) (pretrained)
  Dataset:    cifar10 (10 classes)
  Backend:    mpi
  Algorithm:  recursive_doubling_zfp_online_coll
  ZFP rate:   16
  Epochs:     20
  Batch/rank: 16
  LR:         0.001
================================================================================


================================================================================
DISTRIBUTED TRAINING LAUNCHER
================================================================================
  Model:      resnext101_32x8d (CIFAR stem) (pretrained)
  Dataset:    cifar10 (10 classes)
  Backend:    mpi
  Algorithm:  recursive_doubling_zfp_online_coll
  ZFP rate:   16
  Epochs:     20
  Batch/rank: 16
  LR:         0.001
================================================================================


================================================================================
DISTRIBUTED TRAINING LAUNCHER
================================================================================
  Model:      resnext101_32x8d (CIFAR stem) (pretrained)
  Dataset:    cifar10 (10 classes)
  Backend:    mpi
  Algorithm:  recursive_doubling_zfp_online_coll
  ZFP rate:   16
  Epochs:     20
  Batch/rank: 16
  LR:         0.001
================================================================================


================================================================================
DISTRIBUTED TRAINING LAUNCHER
================================================================================
  Model:      resnext101_32x8d (CIFAR stem) (pretrained)
  Dataset:    cifar10 (10 classes)
  Backend:    mpi
  Algorithm:  recursive_doubling_zfp_online_coll
  ZFP rate:   16
  Epochs:     20
  Batch/rank: 16
  LR:         0.001
================================================================================

[Data] Train batches: 390, Val batches: 79


[Epoch 1] Training... (lr=0.000001)

================================================================================
DISTRIBUTED TRAINING LAUNCHER
================================================================================
  Model:      resnext101_32x8d (CIFAR stem) (pretrained)
  Dataset:    cifar10 (10 classes)
  Backend:    mpi
  Algorithm:  recursive_doubling_zfp_online_coll
  ZFP rate:   16
  Epochs:     20
  Batch/rank: 16
  LR:         0.001
================================================================================


================================================================================
DISTRIBUTED TRAINING LAUNCHER
================================================================================
  Model:      resnext101_32x8d (CIFAR stem) (pretrained)
  Dataset:    cifar10 (10 classes)
  Backend:    mpi
  Algorithm:  recursive_doubling_zfp_online_coll
  ZFP rate:   16
  Epochs:     20
  Batch/rank: 16
  LR:         0.001
================================================================================


================================================================================
DISTRIBUTED TRAINING LAUNCHER
================================================================================
  Model:      resnext101_32x8d (CIFAR stem) (pretrained)
  Dataset:    cifar10 (10 classes)
  Backend:    mpi
  Algorithm:  recursive_doubling_zfp_online_coll
  ZFP rate:   16
  Epochs:     20
  Batch/rank: 16
  LR:         0.001
================================================================================

  Batch [50/390] Loss: 2.3184, Acc: 10.50%
  Batch [100/390] Loss: 2.3147, Acc: 10.56%
  Batch [150/390] Loss: 2.3142, Acc: 10.58%
  Batch [200/390] Loss: 2.3158, Acc: 10.41%
  Batch [250/390] Loss: 2.3164, Acc: 10.60%
  Batch [300/390] Loss: 2.3158, Acc: 10.85%
  Batch [350/390] Loss: 2.3169, Acc: 10.89%
[Epoch 1] Train Loss: 2.3167, Acc: 10.82%  |  Val Loss: 2.3191, Acc: 9.68%  |  Time: 41.7s
  -> Best model saved (9.68%)
[Epoch 1] Summarizing hook timing...

[HOOK_TIMING_SUMMARY] epoch=1
[HOOK_WORK_SUMMARY] label=mpi:recursive_doubling_zfp_online_coll:rate16 calls=5046 work_total_ms=31151.260 work_mean_ms=6.173 work_min_ms=1.142 work_max_ms=137.250
[HOOK_TAIL_SUMMARY] label=mpi:recursive_doubling_zfp_online_coll:rate16 steps=391 tail_total_ms=24516.029 tail_mean_ms=62.701 tail_min_ms=10.484 tail_max_ms=181.669
[Epoch 1] Hook timing summary done

[Epoch 2] Training... (lr=0.000201)
  Batch [50/390] Loss: 2.3078, Acc: 11.50%
  Batch [100/390] Loss: 2.3015, Acc: 12.81%
  Batch [150/390] Loss: 2.2893, Acc: 14.12%
  Batch [200/390] Loss: 2.2777, Acc: 15.88%
  Batch [250/390] Loss: 2.2649, Acc: 18.20%
  Batch [300/390] Loss: 2.2553, Acc: 19.62%
  Batch [350/390] Loss: 2.2457, Acc: 21.16%
[Epoch 2] Train Loss: 2.2360, Acc: 22.64%  |  Val Loss: 2.1739, Acc: 31.28%  |  Time: 40.6s
  -> Best model saved (31.28%)
[Epoch 2] Summarizing hook timing...

[HOOK_TIMING_SUMMARY] epoch=2
[HOOK_WORK_SUMMARY] label=mpi:recursive_doubling_zfp_online_coll:rate16 calls=5070 work_total_ms=30699.216 work_mean_ms=6.055 work_min_ms=1.098 work_max_ms=14.702
[HOOK_TAIL_SUMMARY] label=mpi:recursive_doubling_zfp_online_coll:rate16 steps=390 tail_total_ms=23677.505 tail_mean_ms=60.712 tail_min_ms=52.693 tail_max_ms=65.084
[Epoch 2] Hook timing summary done

[Epoch 3] Training... (lr=0.000401)
  Batch [50/390] Loss: 2.1286, Acc: 37.88%
  Batch [100/390] Loss: 2.1148, Acc: 38.94%
  Batch [150/390] Loss: 2.0909, Acc: 41.25%
  Batch [200/390] Loss: 2.0620, Acc: 44.00%
  Batch [250/390] Loss: 2.0350, Acc: 46.50%
  Batch [300/390] Loss: 2.0086, Acc: 47.83%
  Batch [350/390] Loss: 1.9848, Acc: 48.79%
[Epoch 3] Train Loss: 1.9650, Acc: 49.90%  |  Val Loss: 1.7966, Acc: 60.56%  |  Time: 40.6s
  -> Best model saved (60.56%)
[Epoch 3] Summarizing hook timing...

[HOOK_TIMING_SUMMARY] epoch=3
[HOOK_WORK_SUMMARY] label=mpi:recursive_doubling_zfp_online_coll:rate16 calls=5070 work_total_ms=31145.459 work_mean_ms=6.143 work_min_ms=1.157 work_max_ms=14.928
[HOOK_TAIL_SUMMARY] label=mpi:recursive_doubling_zfp_online_coll:rate16 steps=390 tail_total_ms=24402.958 tail_mean_ms=62.572 tail_min_ms=55.316 tail_max_ms=65.877
[Epoch 3] Hook timing summary done

[Epoch 4] Training... (lr=0.000600)
  Batch [50/390] Loss: 1.6981, Acc: 62.62%
  Batch [100/390] Loss: 1.6690, Acc: 61.81%
  Batch [150/390] Loss: 1.6276, Acc: 62.71%
  Batch [200/390] Loss: 1.5827, Acc: 63.47%
  Batch [250/390] Loss: 1.5410, Acc: 64.33%
  Batch [300/390] Loss: 1.5050, Acc: 64.62%
  Batch [350/390] Loss: 1.4701, Acc: 64.98%
[Epoch 4] Train Loss: 1.4391, Acc: 65.58%  |  Val Loss: 1.2449, Acc: 76.80%  |  Time: 40.8s
  -> Best model saved (76.80%)
[Epoch 4] Summarizing hook timing...

[HOOK_TIMING_SUMMARY] epoch=4
[HOOK_WORK_SUMMARY] label=mpi:recursive_doubling_zfp_online_coll:rate16 calls=5070 work_total_ms=31238.018 work_mean_ms=6.161 work_min_ms=1.168 work_max_ms=14.646
[HOOK_TAIL_SUMMARY] label=mpi:recursive_doubling_zfp_online_coll:rate16 steps=390 tail_total_ms=24413.074 tail_mean_ms=62.598 tail_min_ms=55.394 tail_max_ms=65.033
[Epoch 4] Hook timing summary done

[Epoch 5] Training... (lr=0.000800)
  Batch [50/390] Loss: 1.1046, Acc: 73.00%
  Batch [100/390] Loss: 1.0761, Acc: 73.06%
  Batch [150/390] Loss: 1.0225, Acc: 73.88%
  Batch [200/390] Loss: 0.9982, Acc: 73.62%
  Batch [250/390] Loss: 0.9747, Acc: 74.15%
  Batch [300/390] Loss: 0.9419, Acc: 74.79%
  Batch [350/390] Loss: 0.9216, Acc: 75.20%
[Epoch 5] Train Loss: 0.9046, Acc: 75.46%  |  Val Loss: 0.7985, Acc: 83.52%  |  Time: 40.7s
  -> Best model saved (83.52%)
[Epoch 5] Summarizing hook timing...

[HOOK_TIMING_SUMMARY] epoch=5
[HOOK_WORK_SUMMARY] label=mpi:recursive_doubling_zfp_online_coll:rate16 calls=5070 work_total_ms=30690.464 work_mean_ms=6.053 work_min_ms=1.152 work_max_ms=11.759
[HOOK_TAIL_SUMMARY] label=mpi:recursive_doubling_zfp_online_coll:rate16 steps=390 tail_total_ms=23668.194 tail_mean_ms=60.688 tail_min_ms=54.780 tail_max_ms=63.403
[Epoch 5] Hook timing summary done

[Epoch 6] Training... (lr=0.001000)
  Batch [50/390] Loss: 0.7351, Acc: 78.38%
  Batch [100/390] Loss: 0.7281, Acc: 77.19%
  Batch [150/390] Loss: 0.7328, Acc: 77.08%
  Batch [200/390] Loss: 0.7098, Acc: 78.00%
  Batch [250/390] Loss: 0.6983, Acc: 78.08%
  Batch [300/390] Loss: 0.6842, Acc: 78.56%
  Batch [350/390] Loss: 0.6756, Acc: 78.73%
[Epoch 6] Train Loss: 0.6673, Acc: 78.94%  |  Val Loss: 0.5593, Acc: 88.24%  |  Time: 40.6s
  -> Best model saved (88.24%)
[Epoch 6] Summarizing hook timing...

[HOOK_TIMING_SUMMARY] epoch=6
[HOOK_WORK_SUMMARY] label=mpi:recursive_doubling_zfp_online_coll:rate16 calls=5070 work_total_ms=30640.365 work_mean_ms=6.043 work_min_ms=1.170 work_max_ms=15.357
[HOOK_TAIL_SUMMARY] label=mpi:recursive_doubling_zfp_online_coll:rate16 steps=390 tail_total_ms=23631.099 tail_mean_ms=60.593 tail_min_ms=55.418 tail_max_ms=72.019
[Epoch 6] Hook timing summary done

[Epoch 7] Training... (lr=0.000989)
  Batch [50/390] Loss: 0.5082, Acc: 83.50%
  Batch [100/390] Loss: 0.5140, Acc: 83.19%
  Batch [150/390] Loss: 0.5083, Acc: 83.29%
  Batch [200/390] Loss: 0.5143, Acc: 82.97%
  Batch [250/390] Loss: 0.5128, Acc: 83.17%
  Batch [300/390] Loss: 0.4991, Acc: 83.75%
  Batch [350/390] Loss: 0.4928, Acc: 84.00%
[Epoch 7] Train Loss: 0.4958, Acc: 83.80%  |  Val Loss: 0.4383, Acc: 91.28%  |  Time: 40.6s
  -> Best model saved (91.28%)
[Epoch 7] Summarizing hook timing...

[HOOK_TIMING_SUMMARY] epoch=7
[HOOK_WORK_SUMMARY] label=mpi:recursive_doubling_zfp_online_coll:rate16 calls=5070 work_total_ms=31198.714 work_mean_ms=6.154 work_min_ms=1.148 work_max_ms=14.994
[HOOK_TAIL_SUMMARY] label=mpi:recursive_doubling_zfp_online_coll:rate16 steps=390 tail_total_ms=24537.471 tail_mean_ms=62.917 tail_min_ms=55.482 tail_max_ms=65.212
[Epoch 7] Hook timing summary done

[Epoch 8] Training... (lr=0.000957)
  Batch [50/390] Loss: 0.4819, Acc: 85.25%
  Batch [100/390] Loss: 0.4541, Acc: 86.38%
  Batch [150/390] Loss: 0.4586, Acc: 86.00%
  Batch [200/390] Loss: 0.4617, Acc: 86.19%
  Batch [250/390] Loss: 0.4656, Acc: 85.85%
  Batch [300/390] Loss: 0.4534, Acc: 86.12%
  Batch [350/390] Loss: 0.4534, Acc: 85.93%
[Epoch 8] Train Loss: 0.4487, Acc: 86.06%  |  Val Loss: 0.3914, Acc: 92.08%  |  Time: 40.5s
  -> Best model saved (92.08%)
[Epoch 8] Summarizing hook timing...

[HOOK_TIMING_SUMMARY] epoch=8
[HOOK_WORK_SUMMARY] label=mpi:recursive_doubling_zfp_online_coll:rate16 calls=5070 work_total_ms=30996.009 work_mean_ms=6.114 work_min_ms=1.142 work_max_ms=15.069
[HOOK_TAIL_SUMMARY] label=mpi:recursive_doubling_zfp_online_coll:rate16 steps=390 tail_total_ms=24264.435 tail_mean_ms=62.217 tail_min_ms=56.364 tail_max_ms=65.231
[Epoch 8] Hook timing summary done

[Epoch 9] Training... (lr=0.000905)
  Batch [50/390] Loss: 0.4334, Acc: 85.12%
  Batch [100/390] Loss: 0.4102, Acc: 86.38%
  Batch [150/390] Loss: 0.3964, Acc: 86.88%
  Batch [200/390] Loss: 0.3922, Acc: 87.44%
  Batch [250/390] Loss: 0.3892, Acc: 87.42%
  Batch [300/390] Loss: 0.3809, Acc: 87.69%
  Batch [350/390] Loss: 0.3866, Acc: 87.41%
[Epoch 9] Train Loss: 0.3863, Acc: 87.48%  |  Val Loss: 0.3549, Acc: 93.36%  |  Time: 40.6s
  -> Best model saved (93.36%)
[Epoch 9] Summarizing hook timing...

[HOOK_TIMING_SUMMARY] epoch=9
[HOOK_WORK_SUMMARY] label=mpi:recursive_doubling_zfp_online_coll:rate16 calls=5070 work_total_ms=30917.193 work_mean_ms=6.098 work_min_ms=1.077 work_max_ms=14.886
[HOOK_TAIL_SUMMARY] label=mpi:recursive_doubling_zfp_online_coll:rate16 steps=390 tail_total_ms=23987.800 tail_mean_ms=61.507 tail_min_ms=54.296 tail_max_ms=64.119
[Epoch 9] Hook timing summary done

[Epoch 10] Training... (lr=0.000835)
  Batch [50/390] Loss: 0.3698, Acc: 88.75%
  Batch [100/390] Loss: 0.3750, Acc: 87.81%
  Batch [150/390] Loss: 0.3634, Acc: 88.29%
  Batch [200/390] Loss: 0.3709, Acc: 87.91%
  Batch [250/390] Loss: 0.3657, Acc: 88.08%
  Batch [300/390] Loss: 0.3594, Acc: 88.42%
  Batch [350/390] Loss: 0.3622, Acc: 88.14%
[Epoch 10] Train Loss: 0.3597, Acc: 88.25%  |  Val Loss: 0.3099, Acc: 93.44%  |  Time: 40.6s
  -> Best model saved (93.44%)
[Epoch 10] Summarizing hook timing...

[HOOK_TIMING_SUMMARY] epoch=10
[HOOK_WORK_SUMMARY] label=mpi:recursive_doubling_zfp_online_coll:rate16 calls=5070 work_total_ms=30647.617 work_mean_ms=6.045 work_min_ms=1.168 work_max_ms=11.599
[HOOK_TAIL_SUMMARY] label=mpi:recursive_doubling_zfp_online_coll:rate16 steps=390 tail_total_ms=23566.298 tail_mean_ms=60.426 tail_min_ms=55.178 tail_max_ms=62.872
[Epoch 10] Hook timing summary done

[Epoch 11] Training... (lr=0.000750)
  Batch [50/390] Loss: 0.3264, Acc: 88.25%
  Batch [100/390] Loss: 0.3197, Acc: 89.38%
  Batch [150/390] Loss: 0.3217, Acc: 89.33%
  Batch [200/390] Loss: 0.3257, Acc: 89.34%
  Batch [250/390] Loss: 0.3252, Acc: 89.38%
  Batch [300/390] Loss: 0.3236, Acc: 89.31%
  Batch [350/390] Loss: 0.3206, Acc: 89.52%
[Epoch 11] Train Loss: 0.3225, Acc: 89.46%  |  Val Loss: 0.2966, Acc: 93.60%  |  Time: 40.5s
  -> Best model saved (93.60%)
[Epoch 11] Summarizing hook timing...

[HOOK_TIMING_SUMMARY] epoch=11
[HOOK_WORK_SUMMARY] label=mpi:recursive_doubling_zfp_online_coll:rate16 calls=5070 work_total_ms=30847.002 work_mean_ms=6.084 work_min_ms=1.079 work_max_ms=14.545
[HOOK_TAIL_SUMMARY] label=mpi:recursive_doubling_zfp_online_coll:rate16 steps=390 tail_total_ms=23880.839 tail_mean_ms=61.233 tail_min_ms=51.812 tail_max_ms=64.617
[Epoch 11] Hook timing summary done

[Epoch 12] Training... (lr=0.000655)
  Batch [50/390] Loss: 0.2843, Acc: 91.62%
  Batch [100/390] Loss: 0.2972, Acc: 90.44%
  Batch [150/390] Loss: 0.3064, Acc: 90.08%
  Batch [200/390] Loss: 0.3043, Acc: 90.00%
  Batch [250/390] Loss: 0.3066, Acc: 89.83%
  Batch [300/390] Loss: 0.3056, Acc: 90.00%
  Batch [350/390] Loss: 0.3036, Acc: 90.00%
[Epoch 12] Train Loss: 0.3063, Acc: 89.95%  |  Val Loss: 0.2832, Acc: 94.08%  |  Time: 40.6s
  -> Best model saved (94.08%)
[Epoch 12] Summarizing hook timing...

[HOOK_TIMING_SUMMARY] epoch=12
[HOOK_WORK_SUMMARY] label=mpi:recursive_doubling_zfp_online_coll:rate16 calls=5070 work_total_ms=30913.774 work_mean_ms=6.097 work_min_ms=1.136 work_max_ms=14.720
[HOOK_TAIL_SUMMARY] label=mpi:recursive_doubling_zfp_online_coll:rate16 steps=390 tail_total_ms=23993.034 tail_mean_ms=61.521 tail_min_ms=54.351 tail_max_ms=68.991
[Epoch 12] Hook timing summary done

[Epoch 13] Training... (lr=0.000552)
  Batch [50/390] Loss: 0.2810, Acc: 90.88%
  Batch [100/390] Loss: 0.2809, Acc: 91.06%
  Batch [150/390] Loss: 0.2775, Acc: 90.83%
  Batch [200/390] Loss: 0.2956, Acc: 90.44%
  Batch [250/390] Loss: 0.2831, Acc: 90.85%
  Batch [300/390] Loss: 0.2874, Acc: 90.83%
  Batch [350/390] Loss: 0.2856, Acc: 90.88%
[Epoch 13] Train Loss: 0.2858, Acc: 91.03%  |  Val Loss: 0.2603, Acc: 94.56%  |  Time: 40.6s
  -> Best model saved (94.56%)
[Epoch 13] Summarizing hook timing...

[HOOK_TIMING_SUMMARY] epoch=13
[HOOK_WORK_SUMMARY] label=mpi:recursive_doubling_zfp_online_coll:rate16 calls=5070 work_total_ms=30742.355 work_mean_ms=6.064 work_min_ms=1.203 work_max_ms=14.765
[HOOK_TAIL_SUMMARY] label=mpi:recursive_doubling_zfp_online_coll:rate16 steps=390 tail_total_ms=23775.516 tail_mean_ms=60.963 tail_min_ms=55.201 tail_max_ms=64.378
[Epoch 13] Hook timing summary done

[Epoch 14] Training... (lr=0.000448)
  Batch [50/390] Loss: 0.3065, Acc: 90.00%
  Batch [100/390] Loss: 0.3142, Acc: 89.69%
  Batch [150/390] Loss: 0.3252, Acc: 89.29%
  Batch [200/390] Loss: 0.3158, Acc: 89.53%
  Batch [250/390] Loss: 0.3084, Acc: 89.60%
  Batch [300/390] Loss: 0.3075, Acc: 89.75%
  Batch [350/390] Loss: 0.3064, Acc: 89.75%
[Epoch 14] Train Loss: 0.2996, Acc: 89.98%  |  Val Loss: 0.2431, Acc: 94.40%  |  Time: 40.6s
[Epoch 14] Summarizing hook timing...

[HOOK_TIMING_SUMMARY] epoch=14
[HOOK_WORK_SUMMARY] label=mpi:recursive_doubling_zfp_online_coll:rate16 calls=5070 work_total_ms=30882.612 work_mean_ms=6.091 work_min_ms=1.228 work_max_ms=14.494
[HOOK_TAIL_SUMMARY] label=mpi:recursive_doubling_zfp_online_coll:rate16 steps=390 tail_total_ms=23976.635 tail_mean_ms=61.479 tail_min_ms=54.890 tail_max_ms=64.225
[Epoch 14] Hook timing summary done

[Epoch 15] Training... (lr=0.000345)
  Batch [50/390] Loss: 0.3109, Acc: 90.12%
  Batch [100/390] Loss: 0.3129, Acc: 90.38%
  Batch [150/390] Loss: 0.3017, Acc: 90.17%
  Batch [200/390] Loss: 0.2950, Acc: 90.38%
  Batch [250/390] Loss: 0.2883, Acc: 90.55%
  Batch [300/390] Loss: 0.2915, Acc: 90.56%
  Batch [350/390] Loss: 0.2879, Acc: 90.57%
[Epoch 15] Train Loss: 0.2867, Acc: 90.67%  |  Val Loss: 0.2461, Acc: 94.56%  |  Time: 40.6s
[Epoch 15] Summarizing hook timing...

[HOOK_TIMING_SUMMARY] epoch=15
[HOOK_WORK_SUMMARY] label=mpi:recursive_doubling_zfp_online_coll:rate16 calls=5070 work_total_ms=31096.120 work_mean_ms=6.133 work_min_ms=1.099 work_max_ms=33.897
[HOOK_TAIL_SUMMARY] label=mpi:recursive_doubling_zfp_online_coll:rate16 steps=390 tail_total_ms=24301.145 tail_mean_ms=62.311 tail_min_ms=60.672 tail_max_ms=87.328
[Epoch 15] Hook timing summary done

[Epoch 16] Training... (lr=0.000250)
  Batch [50/390] Loss: 0.2760, Acc: 91.88%
  Batch [100/390] Loss: 0.2782, Acc: 91.69%
  Batch [150/390] Loss: 0.2742, Acc: 91.17%
  Batch [200/390] Loss: 0.2727, Acc: 91.50%
  Batch [250/390] Loss: 0.2714, Acc: 91.38%
  Batch [300/390] Loss: 0.2760, Acc: 91.02%
  Batch [350/390] Loss: 0.2801, Acc: 90.84%
[Epoch 16] Train Loss: 0.2794, Acc: 90.90%  |  Val Loss: 0.2313, Acc: 95.04%  |  Time: 40.8s
  -> Best model saved (95.04%)
[Epoch 16] Summarizing hook timing...

[HOOK_TIMING_SUMMARY] epoch=16
[HOOK_WORK_SUMMARY] label=mpi:recursive_doubling_zfp_online_coll:rate16 calls=5070 work_total_ms=30754.626 work_mean_ms=6.066 work_min_ms=1.156 work_max_ms=40.067
[HOOK_TAIL_SUMMARY] label=mpi:recursive_doubling_zfp_online_coll:rate16 steps=390 tail_total_ms=23809.073 tail_mean_ms=61.049 tail_min_ms=59.524 tail_max_ms=92.266
[Epoch 16] Hook timing summary done

[Epoch 17] Training... (lr=0.000165)
  Batch [50/390] Loss: 0.2818, Acc: 91.00%
  Batch [100/390] Loss: 0.2533, Acc: 91.56%
  Batch [150/390] Loss: 0.2569, Acc: 91.88%
  Batch [200/390] Loss: 0.2613, Acc: 91.47%
  Batch [250/390] Loss: 0.2702, Acc: 91.22%
  Batch [300/390] Loss: 0.2692, Acc: 91.23%
  Batch [350/390] Loss: 0.2670, Acc: 91.27%
[Epoch 17] Train Loss: 0.2663, Acc: 91.30%  |  Val Loss: 0.2455, Acc: 94.72%  |  Time: 40.7s
[Epoch 17] Summarizing hook timing...

[HOOK_TIMING_SUMMARY] epoch=17
[HOOK_WORK_SUMMARY] label=mpi:recursive_doubling_zfp_online_coll:rate16 calls=5070 work_total_ms=30889.527 work_mean_ms=6.093 work_min_ms=1.153 work_max_ms=15.041
[HOOK_TAIL_SUMMARY] label=mpi:recursive_doubling_zfp_online_coll:rate16 steps=390 tail_total_ms=24042.983 tail_mean_ms=61.649 tail_min_ms=55.406 tail_max_ms=64.976
[Epoch 17] Hook timing summary done

[Epoch 18] Training... (lr=0.000095)
  Batch [50/390] Loss: 0.2448, Acc: 93.25%
  Batch [100/390] Loss: 0.2444, Acc: 92.31%
  Batch [150/390] Loss: 0.2618, Acc: 91.96%
  Batch [200/390] Loss: 0.2576, Acc: 91.91%
  Batch [250/390] Loss: 0.2605, Acc: 91.92%
  Batch [300/390] Loss: 0.2662, Acc: 91.67%
  Batch [350/390] Loss: 0.2628, Acc: 91.70%
[Epoch 18] Train Loss: 0.2620, Acc: 91.67%  |  Val Loss: 0.2345, Acc: 94.72%  |  Time: 40.8s
[Epoch 18] Summarizing hook timing...

[HOOK_TIMING_SUMMARY] epoch=18
[HOOK_WORK_SUMMARY] label=mpi:recursive_doubling_zfp_online_coll:rate16 calls=5070 work_total_ms=31193.356 work_mean_ms=6.153 work_min_ms=1.202 work_max_ms=47.033
[HOOK_TAIL_SUMMARY] label=mpi:recursive_doubling_zfp_online_coll:rate16 steps=390 tail_total_ms=24451.864 tail_mean_ms=62.697 tail_min_ms=59.562 tail_max_ms=100.611
[Epoch 18] Hook timing summary done

[Epoch 19] Training... (lr=0.000043)
  Batch [50/390] Loss: 0.2188, Acc: 93.00%
  Batch [100/390] Loss: 0.2433, Acc: 92.06%
  Batch [150/390] Loss: 0.2455, Acc: 91.83%
  Batch [200/390] Loss: 0.2494, Acc: 91.62%
  Batch [250/390] Loss: 0.2563, Acc: 91.38%
  Batch [300/390] Loss: 0.2611, Acc: 91.15%
  Batch [350/390] Loss: 0.2605, Acc: 91.16%
[Epoch 19] Train Loss: 0.2629, Acc: 91.11%  |  Val Loss: 0.2431, Acc: 94.40%  |  Time: 40.6s
[Epoch 19] Summarizing hook timing...

[HOOK_TIMING_SUMMARY] epoch=19
[HOOK_WORK_SUMMARY] label=mpi:recursive_doubling_zfp_online_coll:rate16 calls=5070 work_total_ms=30814.123 work_mean_ms=6.078 work_min_ms=1.202 work_max_ms=75.053
[HOOK_TAIL_SUMMARY] label=mpi:recursive_doubling_zfp_online_coll:rate16 steps=390 tail_total_ms=23918.276 tail_mean_ms=61.329 tail_min_ms=57.715 tail_max_ms=126.656
[Epoch 19] Hook timing summary done

[Epoch 20] Training... (lr=0.000011)
  Batch [50/390] Loss: 0.2453, Acc: 92.38%
  Batch [100/390] Loss: 0.2495, Acc: 91.88%
  Batch [150/390] Loss: 0.2609, Acc: 91.46%
  Batch [200/390] Loss: 0.2666, Acc: 91.19%
  Batch [250/390] Loss: 0.2663, Acc: 91.30%
  Batch [300/390] Loss: 0.2688, Acc: 91.31%
  Batch [350/390] Loss: 0.2644, Acc: 91.46%
[Epoch 20] Train Loss: 0.2657, Acc: 91.41%  |  Val Loss: 0.2341, Acc: 94.64%  |  Time: 40.7s
[Epoch 20] Summarizing hook timing...

[HOOK_TIMING_SUMMARY] epoch=20
[HOOK_WORK_SUMMARY] label=mpi:recursive_doubling_zfp_online_coll:rate16 calls=5070 work_total_ms=30776.196 work_mean_ms=6.070 work_min_ms=1.038 work_max_ms=42.561
[HOOK_TAIL_SUMMARY] label=mpi:recursive_doubling_zfp_online_coll:rate16 steps=390 tail_total_ms=23751.732 tail_mean_ms=60.902 tail_min_ms=58.412 tail_max_ms=95.327
[Epoch 20] Hook timing summary done

================================================================================
Done in 830.1s | Best val acc: 95.04%
Epoch times: mean=40.7s  min=40.5s  max=41.7s
================================================================================
=== Finished training: backend=mpi, hook=recursive_doubling_zfp_online_coll, zfp_rate=16, status=0 at Sat May 23 06:58:08 PM UTC 2026 ===
=== Starting training: backend=mpi, hook=recursive_doubling_zfp_online_coll, zfp_rate=8 at Sat May 23 06:58:08 PM UTC 2026 ===

================================================================================
DISTRIBUTED TRAINING LAUNCHER
================================================================================
  Model:      resnext101_32x8d (CIFAR stem) (pretrained)
  Dataset:    cifar10 (10 classes)
  Backend:    mpi
  Algorithm:  recursive_doubling_zfp_online_coll
  ZFP rate:   8
  Epochs:     20
  Batch/rank: 16
  LR:         0.001
================================================================================


================================================================================
Distributed Training: RESNEXT101_32X8D on CIFAR10
Backend: MPI, Algorithm: recursive_doubling_zfp_online_coll
================================================================================
Ranks: 8, Epochs: 20, Batch/rank: 16, Effective batch: 128
LR: 0.001, Device: cuda:0

[Setup] Model on cuda:0, wrapped in DDP (static_graph=True)
[Setup] Hook registered: mpi/recursive_doubling_zfp_online_coll

================================================================================
DISTRIBUTED TRAINING LAUNCHER
================================================================================
  Model:      resnext101_32x8d (CIFAR stem) (pretrained)
  Dataset:    cifar10 (10 classes)
  Backend:    mpi
  Algorithm:  recursive_doubling_zfp_online_coll
  ZFP rate:   8
  Epochs:     20
  Batch/rank: 16
  LR:         0.001
================================================================================


================================================================================
DISTRIBUTED TRAINING LAUNCHER
================================================================================
  Model:      resnext101_32x8d (CIFAR stem) (pretrained)
  Dataset:    cifar10 (10 classes)
  Backend:    mpi
  Algorithm:  recursive_doubling_zfp_online_coll
  ZFP rate:   8
  Epochs:     20
  Batch/rank: 16
  LR:         0.001
================================================================================

[Data] Train batches: 390, Val batches: 79


[Epoch 1] Training... (lr=0.000001)

================================================================================
DISTRIBUTED TRAINING LAUNCHER
================================================================================
  Model:      resnext101_32x8d (CIFAR stem) (pretrained)
  Dataset:    cifar10 (10 classes)
  Backend:    mpi
  Algorithm:  recursive_doubling_zfp_online_coll
  ZFP rate:   8
  Epochs:     20
  Batch/rank: 16
  LR:         0.001
================================================================================


================================================================================
DISTRIBUTED TRAINING LAUNCHER
================================================================================
  Model:      resnext101_32x8d (CIFAR stem) (pretrained)
  Dataset:    cifar10 (10 classes)
  Backend:    mpi
  Algorithm:  recursive_doubling_zfp_online_coll
  ZFP rate:   8
  Epochs:     20
  Batch/rank: 16
  LR:         0.001
================================================================================


================================================================================
DISTRIBUTED TRAINING LAUNCHER
================================================================================
  Model:      resnext101_32x8d (CIFAR stem) (pretrained)
  Dataset:    cifar10 (10 classes)
  Backend:    mpi
  Algorithm:  recursive_doubling_zfp_online_coll
  ZFP rate:   8
  Epochs:     20
  Batch/rank: 16
  LR:         0.001
================================================================================


================================================================================
DISTRIBUTED TRAINING LAUNCHER
================================================================================
  Model:      resnext101_32x8d (CIFAR stem) (pretrained)
  Dataset:    cifar10 (10 classes)
  Backend:    mpi
  Algorithm:  recursive_doubling_zfp_online_coll
  ZFP rate:   8
  Epochs:     20
  Batch/rank: 16
  LR:         0.001
================================================================================


================================================================================
DISTRIBUTED TRAINING LAUNCHER
================================================================================
  Model:      resnext101_32x8d (CIFAR stem) (pretrained)
  Dataset:    cifar10 (10 classes)
  Backend:    mpi
  Algorithm:  recursive_doubling_zfp_online_coll
  ZFP rate:   8
  Epochs:     20
  Batch/rank: 16
  LR:         0.001
================================================================================

  Batch [50/390] Loss: 2.3184, Acc: 10.50%
  Batch [100/390] Loss: 2.3147, Acc: 10.56%
  Batch [150/390] Loss: 2.3142, Acc: 10.54%
  Batch [200/390] Loss: 2.3158, Acc: 10.38%
  Batch [250/390] Loss: 2.3164, Acc: 10.55%
  Batch [300/390] Loss: 2.3158, Acc: 10.81%
  Batch [350/390] Loss: 2.3169, Acc: 10.88%
[Epoch 1] Train Loss: 2.3167, Acc: 10.80%  |  Val Loss: 2.3191, Acc: 9.60%  |  Time: 33.6s
  -> Best model saved (9.60%)
[Epoch 1] Summarizing hook timing...

[HOOK_TIMING_SUMMARY] epoch=1
[HOOK_WORK_SUMMARY] label=mpi:recursive_doubling_zfp_online_coll:rate8 calls=5046 work_total_ms=22764.814 work_mean_ms=4.511 work_min_ms=0.898 work_max_ms=130.297
[HOOK_TAIL_SUMMARY] label=mpi:recursive_doubling_zfp_online_coll:rate8 steps=391 tail_total_ms=15628.784 tail_mean_ms=39.971 tail_min_ms=8.989 tail_max_ms=160.605
[Epoch 1] Hook timing summary done

[Epoch 2] Training... (lr=0.000201)
  Batch [50/390] Loss: 2.3070, Acc: 12.12%
  Batch [100/390] Loss: 2.3022, Acc: 12.62%
  Batch [150/390] Loss: 2.2902, Acc: 13.79%
  Batch [200/390] Loss: 2.2789, Acc: 16.00%
  Batch [250/390] Loss: 2.2666, Acc: 18.07%
  Batch [300/390] Loss: 2.2570, Acc: 19.54%
  Batch [350/390] Loss: 2.2474, Acc: 21.00%
[Epoch 2] Train Loss: 2.2377, Acc: 22.47%  |  Val Loss: 2.1739, Acc: 32.16%  |  Time: 32.6s
  -> Best model saved (32.16%)
[Epoch 2] Summarizing hook timing...

[HOOK_TIMING_SUMMARY] epoch=2
[HOOK_WORK_SUMMARY] label=mpi:recursive_doubling_zfp_online_coll:rate8 calls=5070 work_total_ms=23071.863 work_mean_ms=4.551 work_min_ms=0.871 work_max_ms=11.339
[HOOK_TAIL_SUMMARY] label=mpi:recursive_doubling_zfp_online_coll:rate8 steps=390 tail_total_ms=15954.519 tail_mean_ms=40.909 tail_min_ms=30.728 tail_max_ms=43.825
[Epoch 2] Hook timing summary done

[Epoch 3] Training... (lr=0.000401)
  Batch [50/390] Loss: 2.1273, Acc: 38.62%
  Batch [100/390] Loss: 2.1163, Acc: 39.50%
  Batch [150/390] Loss: 2.0918, Acc: 41.75%
  Batch [200/390] Loss: 2.0644, Acc: 44.03%
  Batch [250/390] Loss: 2.0380, Acc: 46.30%
  Batch [300/390] Loss: 2.0132, Acc: 47.52%
  Batch [350/390] Loss: 1.9900, Acc: 48.57%
[Epoch 3] Train Loss: 1.9710, Acc: 49.58%  |  Val Loss: 1.8165, Acc: 59.84%  |  Time: 32.7s
  -> Best model saved (59.84%)
[Epoch 3] Summarizing hook timing...

[HOOK_TIMING_SUMMARY] epoch=3
[HOOK_WORK_SUMMARY] label=mpi:recursive_doubling_zfp_online_coll:rate8 calls=5070 work_total_ms=23152.547 work_mean_ms=4.567 work_min_ms=0.884 work_max_ms=10.819
[HOOK_TAIL_SUMMARY] label=mpi:recursive_doubling_zfp_online_coll:rate8 steps=390 tail_total_ms=16201.143 tail_mean_ms=41.541 tail_min_ms=35.207 tail_max_ms=43.086
[Epoch 3] Hook timing summary done

[Epoch 4] Training... (lr=0.000600)
  Batch [50/390] Loss: 1.7161, Acc: 61.25%
  Batch [100/390] Loss: 1.6819, Acc: 61.12%
  Batch [150/390] Loss: 1.6413, Acc: 62.12%
  Batch [200/390] Loss: 1.5971, Acc: 62.72%
  Batch [250/390] Loss: 1.5544, Acc: 63.75%
  Batch [300/390] Loss: 1.5184, Acc: 64.06%
  Batch [350/390] Loss: 1.4834, Acc: 64.41%
[Epoch 4] Train Loss: 1.4524, Acc: 65.14%  |  Val Loss: 1.2516, Acc: 76.64%  |  Time: 32.6s
  -> Best model saved (76.64%)
[Epoch 4] Summarizing hook timing...

[HOOK_TIMING_SUMMARY] epoch=4
[HOOK_WORK_SUMMARY] label=mpi:recursive_doubling_zfp_online_coll:rate8 calls=5070 work_total_ms=23005.728 work_mean_ms=4.538 work_min_ms=0.858 work_max_ms=11.217
[HOOK_TAIL_SUMMARY] label=mpi:recursive_doubling_zfp_online_coll:rate8 steps=390 tail_total_ms=15971.048 tail_mean_ms=40.951 tail_min_ms=31.049 tail_max_ms=42.953
[Epoch 4] Hook timing summary done

[Epoch 5] Training... (lr=0.000800)
  Batch [50/390] Loss: 1.1113, Acc: 71.62%
  Batch [100/390] Loss: 1.0825, Acc: 72.81%
  Batch [150/390] Loss: 1.0313, Acc: 73.46%
  Batch [200/390] Loss: 1.0052, Acc: 73.09%
  Batch [250/390] Loss: 0.9807, Acc: 73.67%
  Batch [300/390] Loss: 0.9473, Acc: 74.35%
  Batch [350/390] Loss: 0.9256, Acc: 74.82%
[Epoch 5] Train Loss: 0.9090, Acc: 75.11%  |  Val Loss: 0.7894, Acc: 82.96%  |  Time: 32.7s
  -> Best model saved (82.96%)
[Epoch 5] Summarizing hook timing...

[HOOK_TIMING_SUMMARY] epoch=5
[HOOK_WORK_SUMMARY] label=mpi:recursive_doubling_zfp_online_coll:rate8 calls=5070 work_total_ms=23257.066 work_mean_ms=4.587 work_min_ms=0.878 work_max_ms=10.935
[HOOK_TAIL_SUMMARY] label=mpi:recursive_doubling_zfp_online_coll:rate8 steps=390 tail_total_ms=16339.451 tail_mean_ms=41.896 tail_min_ms=34.929 tail_max_ms=43.552
[Epoch 5] Hook timing summary done

[Epoch 6] Training... (lr=0.001000)
  Batch [50/390] Loss: 0.7373, Acc: 78.12%
  Batch [100/390] Loss: 0.7346, Acc: 76.69%
  Batch [150/390] Loss: 0.7375, Acc: 76.79%
  Batch [200/390] Loss: 0.7125, Acc: 77.84%
  Batch [250/390] Loss: 0.7030, Acc: 78.05%
  Batch [300/390] Loss: 0.6883, Acc: 78.46%
  Batch [350/390] Loss: 0.6790, Acc: 78.66%
[Epoch 6] Train Loss: 0.6705, Acc: 78.85%  |  Val Loss: 0.5536, Acc: 88.24%  |  Time: 32.6s
  -> Best model saved (88.24%)
[Epoch 6] Summarizing hook timing...

[HOOK_TIMING_SUMMARY] epoch=6
[HOOK_WORK_SUMMARY] label=mpi:recursive_doubling_zfp_online_coll:rate8 calls=5070 work_total_ms=23285.814 work_mean_ms=4.593 work_min_ms=0.888 work_max_ms=9.780
[HOOK_TAIL_SUMMARY] label=mpi:recursive_doubling_zfp_online_coll:rate8 steps=390 tail_total_ms=16437.959 tail_mean_ms=42.149 tail_min_ms=34.596 tail_max_ms=43.055
[Epoch 6] Hook timing summary done

[Epoch 7] Training... (lr=0.000989)
  Batch [50/390] Loss: 0.5059, Acc: 83.38%
  Batch [100/390] Loss: 0.5163, Acc: 83.06%
  Batch [150/390] Loss: 0.5133, Acc: 83.38%
  Batch [200/390] Loss: 0.5183, Acc: 83.19%
  Batch [250/390] Loss: 0.5149, Acc: 83.42%
  Batch [300/390] Loss: 0.5003, Acc: 83.98%
  Batch [350/390] Loss: 0.4934, Acc: 84.27%
[Epoch 7] Train Loss: 0.4969, Acc: 84.05%  |  Val Loss: 0.4329, Acc: 90.72%  |  Time: 32.5s
  -> Best model saved (90.72%)
[Epoch 7] Summarizing hook timing...

[HOOK_TIMING_SUMMARY] epoch=7
[HOOK_WORK_SUMMARY] label=mpi:recursive_doubling_zfp_online_coll:rate8 calls=5070 work_total_ms=23000.916 work_mean_ms=4.537 work_min_ms=0.894 work_max_ms=11.302
[HOOK_TAIL_SUMMARY] label=mpi:recursive_doubling_zfp_online_coll:rate8 steps=390 tail_total_ms=16070.555 tail_mean_ms=41.207 tail_min_ms=34.284 tail_max_ms=42.713
[Epoch 7] Hook timing summary done

[Epoch 8] Training... (lr=0.000957)
  Batch [50/390] Loss: 0.4892, Acc: 84.88%
  Batch [100/390] Loss: 0.4560, Acc: 86.38%
  Batch [150/390] Loss: 0.4604, Acc: 86.00%
  Batch [200/390] Loss: 0.4649, Acc: 86.09%
  Batch [250/390] Loss: 0.4698, Acc: 85.60%
  Batch [300/390] Loss: 0.4569, Acc: 85.90%
  Batch [350/390] Loss: 0.4572, Acc: 85.86%
[Epoch 8] Train Loss: 0.4512, Acc: 85.87%  |  Val Loss: 0.3899, Acc: 91.68%  |  Time: 32.6s
  -> Best model saved (91.68%)
[Epoch 8] Summarizing hook timing...

[HOOK_TIMING_SUMMARY] epoch=8
[HOOK_WORK_SUMMARY] label=mpi:recursive_doubling_zfp_online_coll:rate8 calls=5070 work_total_ms=23051.545 work_mean_ms=4.547 work_min_ms=0.863 work_max_ms=11.342
[HOOK_TAIL_SUMMARY] label=mpi:recursive_doubling_zfp_online_coll:rate8 steps=390 tail_total_ms=16023.169 tail_mean_ms=41.085 tail_min_ms=34.733 tail_max_ms=43.058
[Epoch 8] Hook timing summary done

[Epoch 9] Training... (lr=0.000905)
  Batch [50/390] Loss: 0.4373, Acc: 86.12%
  Batch [100/390] Loss: 0.4165, Acc: 86.75%
  Batch [150/390] Loss: 0.4018, Acc: 87.17%
  Batch [200/390] Loss: 0.3957, Acc: 87.66%
  Batch [250/390] Loss: 0.3921, Acc: 87.72%
  Batch [300/390] Loss: 0.3829, Acc: 87.94%
  Batch [350/390] Loss: 0.3883, Acc: 87.71%
[Epoch 9] Train Loss: 0.3879, Acc: 87.76%  |  Val Loss: 0.3550, Acc: 92.88%  |  Time: 32.7s
  -> Best model saved (92.88%)
[Epoch 9] Summarizing hook timing...

[HOOK_TIMING_SUMMARY] epoch=9
[HOOK_WORK_SUMMARY] label=mpi:recursive_doubling_zfp_online_coll:rate8 calls=5070 work_total_ms=22856.422 work_mean_ms=4.508 work_min_ms=0.893 work_max_ms=11.302
[HOOK_TAIL_SUMMARY] label=mpi:recursive_doubling_zfp_online_coll:rate8 steps=390 tail_total_ms=15752.895 tail_mean_ms=40.392 tail_min_ms=33.438 tail_max_ms=46.854
[Epoch 9] Hook timing summary done

[Epoch 10] Training... (lr=0.000835)
  Batch [50/390] Loss: 0.3644, Acc: 88.38%
  Batch [100/390] Loss: 0.3681, Acc: 88.12%
  Batch [150/390] Loss: 0.3619, Acc: 88.38%
  Batch [200/390] Loss: 0.3688, Acc: 88.06%
  Batch [250/390] Loss: 0.3642, Acc: 88.15%
  Batch [300/390] Loss: 0.3578, Acc: 88.46%
  Batch [350/390] Loss: 0.3620, Acc: 88.21%
[Epoch 10] Train Loss: 0.3597, Acc: 88.27%  |  Val Loss: 0.3084, Acc: 93.68%  |  Time: 32.7s
  -> Best model saved (93.68%)
[Epoch 10] Summarizing hook timing...

[HOOK_TIMING_SUMMARY] epoch=10
[HOOK_WORK_SUMMARY] label=mpi:recursive_doubling_zfp_online_coll:rate8 calls=5070 work_total_ms=23153.187 work_mean_ms=4.567 work_min_ms=0.887 work_max_ms=11.013
[HOOK_TAIL_SUMMARY] label=mpi:recursive_doubling_zfp_online_coll:rate8 steps=390 tail_total_ms=16177.614 tail_mean_ms=41.481 tail_min_ms=34.786 tail_max_ms=43.269
[Epoch 10] Hook timing summary done

[Epoch 11] Training... (lr=0.000750)
  Batch [50/390] Loss: 0.3322, Acc: 88.62%
  Batch [100/390] Loss: 0.3213, Acc: 89.31%
  Batch [150/390] Loss: 0.3220, Acc: 89.46%
  Batch [200/390] Loss: 0.3276, Acc: 89.44%
  Batch [250/390] Loss: 0.3275, Acc: 89.50%
  Batch [300/390] Loss: 0.3250, Acc: 89.50%
  Batch [350/390] Loss: 0.3227, Acc: 89.66%
[Epoch 11] Train Loss: 0.3246, Acc: 89.66%  |  Val Loss: 0.2956, Acc: 93.44%  |  Time: 32.7s
[Epoch 11] Summarizing hook timing...

[HOOK_TIMING_SUMMARY] epoch=11
[HOOK_WORK_SUMMARY] label=mpi:recursive_doubling_zfp_online_coll:rate8 calls=5070 work_total_ms=23310.881 work_mean_ms=4.598 work_min_ms=0.884 work_max_ms=10.900
[HOOK_TAIL_SUMMARY] label=mpi:recursive_doubling_zfp_online_coll:rate8 steps=390 tail_total_ms=16434.761 tail_mean_ms=42.140 tail_min_ms=34.869 tail_max_ms=43.172
[Epoch 11] Hook timing summary done

[Epoch 12] Training... (lr=0.000655)
  Batch [50/390] Loss: 0.2832, Acc: 91.12%
  Batch [100/390] Loss: 0.2954, Acc: 90.50%
  Batch [150/390] Loss: 0.3063, Acc: 90.29%
  Batch [200/390] Loss: 0.3057, Acc: 90.12%
  Batch [250/390] Loss: 0.3072, Acc: 90.05%
  Batch [300/390] Loss: 0.3059, Acc: 90.15%
  Batch [350/390] Loss: 0.3048, Acc: 90.11%
[Epoch 12] Train Loss: 0.3072, Acc: 90.13%  |  Val Loss: 0.2838, Acc: 94.48%  |  Time: 32.7s
  -> Best model saved (94.48%)
[Epoch 12] Summarizing hook timing...

[HOOK_TIMING_SUMMARY] epoch=12
[HOOK_WORK_SUMMARY] label=mpi:recursive_doubling_zfp_online_coll:rate8 calls=5070 work_total_ms=22921.407 work_mean_ms=4.521 work_min_ms=0.876 work_max_ms=58.194
[HOOK_TAIL_SUMMARY] label=mpi:recursive_doubling_zfp_online_coll:rate8 steps=390 tail_total_ms=15973.937 tail_mean_ms=40.959 tail_min_ms=39.232 tail_max_ms=91.606
[Epoch 12] Hook timing summary done

[Epoch 13] Training... (lr=0.000552)
  Batch [50/390] Loss: 0.2753, Acc: 91.00%
  Batch [100/390] Loss: 0.2784, Acc: 90.88%
  Batch [150/390] Loss: 0.2755, Acc: 90.79%
  Batch [200/390] Loss: 0.2926, Acc: 90.41%
  Batch [250/390] Loss: 0.2807, Acc: 90.83%
  Batch [300/390] Loss: 0.2841, Acc: 91.00%
  Batch [350/390] Loss: 0.2833, Acc: 91.05%
[Epoch 13] Train Loss: 0.2839, Acc: 91.14%  |  Val Loss: 0.2611, Acc: 94.32%  |  Time: 32.6s
[Epoch 13] Summarizing hook timing...

[HOOK_TIMING_SUMMARY] epoch=13
[HOOK_WORK_SUMMARY] label=mpi:recursive_doubling_zfp_online_coll:rate8 calls=5070 work_total_ms=22843.642 work_mean_ms=4.506 work_min_ms=0.888 work_max_ms=11.241
[HOOK_TAIL_SUMMARY] label=mpi:recursive_doubling_zfp_online_coll:rate8 steps=390 tail_total_ms=15705.661 tail_mean_ms=40.271 tail_min_ms=34.105 tail_max_ms=42.907
[Epoch 13] Hook timing summary done

[Epoch 14] Training... (lr=0.000448)
  Batch [50/390] Loss: 0.3094, Acc: 89.62%
  Batch [100/390] Loss: 0.3180, Acc: 89.44%
  Batch [150/390] Loss: 0.3307, Acc: 88.92%
  Batch [200/390] Loss: 0.3191, Acc: 89.44%
  Batch [250/390] Loss: 0.3120, Acc: 89.72%
  Batch [300/390] Loss: 0.3109, Acc: 89.81%
  Batch [350/390] Loss: 0.3087, Acc: 89.84%
[Epoch 14] Train Loss: 0.3013, Acc: 90.03%  |  Val Loss: 0.2441, Acc: 94.16%  |  Time: 32.7s
[Epoch 14] Summarizing hook timing...

[HOOK_TIMING_SUMMARY] epoch=14
[HOOK_WORK_SUMMARY] label=mpi:recursive_doubling_zfp_online_coll:rate8 calls=5070 work_total_ms=23233.747 work_mean_ms=4.583 work_min_ms=0.882 work_max_ms=71.908
[HOOK_TAIL_SUMMARY] label=mpi:recursive_doubling_zfp_online_coll:rate8 steps=390 tail_total_ms=16377.181 tail_mean_ms=41.993 tail_min_ms=40.761 tail_max_ms=105.226
[Epoch 14] Hook timing summary done

[Epoch 15] Training... (lr=0.000345)
  Batch [50/390] Loss: 0.3141, Acc: 90.25%
  Batch [100/390] Loss: 0.3142, Acc: 90.56%
  Batch [150/390] Loss: 0.3025, Acc: 90.46%
  Batch [200/390] Loss: 0.2947, Acc: 90.56%
  Batch [250/390] Loss: 0.2882, Acc: 90.78%
  Batch [300/390] Loss: 0.2914, Acc: 90.71%
  Batch [350/390] Loss: 0.2883, Acc: 90.61%
[Epoch 15] Train Loss: 0.2878, Acc: 90.62%  |  Val Loss: 0.2476, Acc: 94.80%  |  Time: 32.6s
  -> Best model saved (94.80%)
[Epoch 15] Summarizing hook timing...

[HOOK_TIMING_SUMMARY] epoch=15
[HOOK_WORK_SUMMARY] label=mpi:recursive_doubling_zfp_online_coll:rate8 calls=5070 work_total_ms=22792.794 work_mean_ms=4.496 work_min_ms=0.860 work_max_ms=44.108
[HOOK_TAIL_SUMMARY] label=mpi:recursive_doubling_zfp_online_coll:rate8 steps=390 tail_total_ms=15681.151 tail_mean_ms=40.208 tail_min_ms=38.816 tail_max_ms=77.377
[Epoch 15] Hook timing summary done

[Epoch 16] Training... (lr=0.000250)
  Batch [50/390] Loss: 0.2766, Acc: 92.38%
  Batch [100/390] Loss: 0.2779, Acc: 91.75%
  Batch [150/390] Loss: 0.2738, Acc: 91.46%
  Batch [200/390] Loss: 0.2724, Acc: 91.62%
  Batch [250/390] Loss: 0.2710, Acc: 91.50%
  Batch [300/390] Loss: 0.2742, Acc: 91.23%
  Batch [350/390] Loss: 0.2776, Acc: 91.09%
[Epoch 16] Train Loss: 0.2772, Acc: 91.11%  |  Val Loss: 0.2317, Acc: 94.56%  |  Time: 32.7s
[Epoch 16] Summarizing hook timing...

[HOOK_TIMING_SUMMARY] epoch=16
[HOOK_WORK_SUMMARY] label=mpi:recursive_doubling_zfp_online_coll:rate8 calls=5070 work_total_ms=22918.059 work_mean_ms=4.520 work_min_ms=0.877 work_max_ms=11.230
[HOOK_TAIL_SUMMARY] label=mpi:recursive_doubling_zfp_online_coll:rate8 steps=390 tail_total_ms=15926.475 tail_mean_ms=40.837 tail_min_ms=34.114 tail_max_ms=43.590
[Epoch 16] Hook timing summary done

[Epoch 17] Training... (lr=0.000165)
  Batch [50/390] Loss: 0.2829, Acc: 91.25%
  Batch [100/390] Loss: 0.2515, Acc: 91.88%
  Batch [150/390] Loss: 0.2569, Acc: 91.96%
  Batch [200/390] Loss: 0.2601, Acc: 91.56%
  Batch [250/390] Loss: 0.2680, Acc: 91.42%
  Batch [300/390] Loss: 0.2680, Acc: 91.40%
  Batch [350/390] Loss: 0.2658, Acc: 91.46%
[Epoch 17] Train Loss: 0.2662, Acc: 91.33%  |  Val Loss: 0.2457, Acc: 94.48%  |  Time: 32.9s
[Epoch 17] Summarizing hook timing...

[HOOK_TIMING_SUMMARY] epoch=17
[HOOK_WORK_SUMMARY] label=mpi:recursive_doubling_zfp_online_coll:rate8 calls=5070 work_total_ms=23136.595 work_mean_ms=4.563 work_min_ms=0.888 work_max_ms=39.856
[HOOK_TAIL_SUMMARY] label=mpi:recursive_doubling_zfp_online_coll:rate8 steps=390 tail_total_ms=16188.212 tail_mean_ms=41.508 tail_min_ms=39.553 tail_max_ms=73.375
[Epoch 17] Hook timing summary done

[Epoch 18] Training... (lr=0.000095)
  Batch [50/390] Loss: 0.2544, Acc: 92.75%
  Batch [100/390] Loss: 0.2499, Acc: 91.88%
  Batch [150/390] Loss: 0.2668, Acc: 91.54%
  Batch [200/390] Loss: 0.2612, Acc: 91.53%
  Batch [250/390] Loss: 0.2643, Acc: 91.58%
  Batch [300/390] Loss: 0.2692, Acc: 91.42%
  Batch [350/390] Loss: 0.2659, Acc: 91.52%
[Epoch 18] Train Loss: 0.2649, Acc: 91.51%  |  Val Loss: 0.2354, Acc: 94.96%  |  Time: 32.8s
  -> Best model saved (94.96%)
[Epoch 18] Summarizing hook timing...

[HOOK_TIMING_SUMMARY] epoch=18
[HOOK_WORK_SUMMARY] label=mpi:recursive_doubling_zfp_online_coll:rate8 calls=5070 work_total_ms=23183.490 work_mean_ms=4.573 work_min_ms=0.877 work_max_ms=51.556
[HOOK_TAIL_SUMMARY] label=mpi:recursive_doubling_zfp_online_coll:rate8 steps=390 tail_total_ms=16065.653 tail_mean_ms=41.194 tail_min_ms=38.493 tail_max_ms=84.873
[Epoch 18] Hook timing summary done

[Epoch 19] Training... (lr=0.000043)
  Batch [50/390] Loss: 0.2175, Acc: 92.75%
  Batch [100/390] Loss: 0.2454, Acc: 91.88%
  Batch [150/390] Loss: 0.2489, Acc: 91.75%
  Batch [200/390] Loss: 0.2529, Acc: 91.56%
  Batch [250/390] Loss: 0.2591, Acc: 91.38%
  Batch [300/390] Loss: 0.2631, Acc: 91.17%
  Batch [350/390] Loss: 0.2620, Acc: 91.12%
[Epoch 19] Train Loss: 0.2654, Acc: 91.07%  |  Val Loss: 0.2439, Acc: 94.32%  |  Time: 32.7s
[Epoch 19] Summarizing hook timing...

[HOOK_TIMING_SUMMARY] epoch=19
[HOOK_WORK_SUMMARY] label=mpi:recursive_doubling_zfp_online_coll:rate8 calls=5070 work_total_ms=22959.158 work_mean_ms=4.528 work_min_ms=0.857 work_max_ms=11.132
[HOOK_TAIL_SUMMARY] label=mpi:recursive_doubling_zfp_online_coll:rate8 steps=390 tail_total_ms=15854.841 tail_mean_ms=40.653 tail_min_ms=34.169 tail_max_ms=42.373
[Epoch 19] Hook timing summary done

[Epoch 20] Training... (lr=0.000011)
  Batch [50/390] Loss: 0.2409, Acc: 92.50%
  Batch [100/390] Loss: 0.2475, Acc: 91.94%
  Batch [150/390] Loss: 0.2578, Acc: 91.62%
  Batch [200/390] Loss: 0.2647, Acc: 91.38%
  Batch [250/390] Loss: 0.2654, Acc: 91.30%
  Batch [300/390] Loss: 0.2671, Acc: 91.44%
  Batch [350/390] Loss: 0.2625, Acc: 91.54%
[Epoch 20] Train Loss: 0.2641, Acc: 91.44%  |  Val Loss: 0.2345, Acc: 94.56%  |  Time: 32.7s
[Epoch 20] Summarizing hook timing...

[HOOK_TIMING_SUMMARY] epoch=20
[HOOK_WORK_SUMMARY] label=mpi:recursive_doubling_zfp_online_coll:rate8 calls=5070 work_total_ms=22954.139 work_mean_ms=4.527 work_min_ms=0.856 work_max_ms=69.467
[HOOK_TAIL_SUMMARY] label=mpi:recursive_doubling_zfp_online_coll:rate8 steps=390 tail_total_ms=16014.911 tail_mean_ms=41.064 tail_min_ms=39.417 tail_max_ms=103.690
[Epoch 20] Hook timing summary done

================================================================================
Done in 669.4s | Best val acc: 94.96%
Epoch times: mean=32.7s  min=32.5s  max=33.6s
================================================================================
=== Finished training: backend=mpi, hook=recursive_doubling_zfp_online_coll, zfp_rate=8, status=0 at Sat May 23 07:09:28 PM UTC 2026 ===
=== Job finished: Sat May 23 07:09:28 PM UTC 2026 ===
