=== Job started: Sat May 23 05:27:22 PM UTC 2026 ===
=== Node: x3104c0s7b0n0 ===

The following have been reloaded with a version change:
  1) gcc-native/14 => gcc-native/13


The following have been reloaded with a version change:
  1) gcc-native/13 => gcc-native/14.2

[INFO] GTL preloaded: /opt/cray/pe/mpich/9.0.1/ofi/nvidia/23.3/lib/libmpi_gtl_cuda.so
=============================================
  Polaris DDP + Eagle PyTorch + Cray MPICH
=============================================
Node              : x3104c0s7b0n0
ZFP_HOME          : /home/mrest/mpiAllReduceCompressed/zfp-install
GTL               : /opt/cray/pe/mpich/9.0.1/ofi/nvidia/23.3/lib/libmpi_gtl_cuda.so
MPICH_GPU_SUPPORT : 1

PyTorch version   : 2.8.0a0+gitba56102
PyTorch location  : /lus/eagle/projects/UIC-HPC/mrest/pytorch_mpi_build/src/pytorch/torch/__init__.py
CUDA available    : True 4
MPI available     : True
mpi4py            : MPI VERSION    : CRAY MPICH version 9.0.1.498 (ANL base 4.1.2)
mpi4py rank test  : rank 0 OK
=============================================
=== Starting training: backend=mpi, hook=ring_zfp_online_coll, zfp_rate=10 at Sat May 23 05:27:35 PM UTC 2026 ===

================================================================================
DISTRIBUTED TRAINING LAUNCHER
================================================================================
  Model:      resnext101_32x8d (CIFAR stem) (pretrained)
  Dataset:    cifar10 (10 classes)
  Backend:    mpi
  Algorithm:  ring_zfp_online_coll
  ZFP rate:   10
  Epochs:     20
  Batch/rank: 16
  LR:         0.001
================================================================================


================================================================================
Distributed Training: RESNEXT101_32X8D on CIFAR10
Backend: MPI, Algorithm: ring_zfp_online_coll
================================================================================
Ranks: 8, Epochs: 20, Batch/rank: 16, Effective batch: 128
LR: 0.001, Device: cuda:0

[Setup] Model on cuda:0, wrapped in DDP (static_graph=True)
[Setup] Hook registered: mpi/ring_zfp_online_coll

================================================================================
DISTRIBUTED TRAINING LAUNCHER
================================================================================
  Model:      resnext101_32x8d (CIFAR stem) (pretrained)
  Dataset:    cifar10 (10 classes)
  Backend:    mpi
  Algorithm:  ring_zfp_online_coll
  ZFP rate:   10
  Epochs:     20
  Batch/rank: 16
  LR:         0.001
================================================================================


================================================================================
DISTRIBUTED TRAINING LAUNCHER
================================================================================
  Model:      resnext101_32x8d (CIFAR stem) (pretrained)
  Dataset:    cifar10 (10 classes)
  Backend:    mpi
  Algorithm:  ring_zfp_online_coll
  ZFP rate:   10
  Epochs:     20
  Batch/rank: 16
  LR:         0.001
================================================================================


================================================================================
DISTRIBUTED TRAINING LAUNCHER
================================================================================
  Model:      resnext101_32x8d (CIFAR stem) (pretrained)
  Dataset:    cifar10 (10 classes)
  Backend:    mpi
  Algorithm:  ring_zfp_online_coll
  ZFP rate:   10
  Epochs:     20
  Batch/rank: 16
  LR:         0.001
================================================================================


================================================================================
DISTRIBUTED TRAINING LAUNCHER
================================================================================
  Model:      resnext101_32x8d (CIFAR stem) (pretrained)
  Dataset:    cifar10 (10 classes)
  Backend:    mpi
  Algorithm:  ring_zfp_online_coll
  ZFP rate:   10
  Epochs:     20
  Batch/rank: 16
  LR:         0.001
================================================================================


================================================================================
DISTRIBUTED TRAINING LAUNCHER
================================================================================
  Model:      resnext101_32x8d (CIFAR stem) (pretrained)
  Dataset:    cifar10 (10 classes)
  Backend:    mpi
  Algorithm:  ring_zfp_online_coll
  ZFP rate:   10
  Epochs:     20
  Batch/rank: 16
  LR:         0.001
================================================================================


================================================================================
DISTRIBUTED TRAINING LAUNCHER
================================================================================
  Model:      resnext101_32x8d (CIFAR stem) (pretrained)
  Dataset:    cifar10 (10 classes)
  Backend:    mpi
  Algorithm:  ring_zfp_online_coll
  ZFP rate:   10
  Epochs:     20
  Batch/rank: 16
  LR:         0.001
================================================================================


================================================================================
DISTRIBUTED TRAINING LAUNCHER
================================================================================
  Model:      resnext101_32x8d (CIFAR stem) (pretrained)
  Dataset:    cifar10 (10 classes)
  Backend:    mpi
  Algorithm:  ring_zfp_online_coll
  ZFP rate:   10
  Epochs:     20
  Batch/rank: 16
  LR:         0.001
================================================================================

[Data] Train batches: 390, Val batches: 79


[Epoch 1] Training... (lr=0.000001)
  Batch [50/390] Loss: 2.3184, Acc: 10.62%
  Batch [100/390] Loss: 2.3147, Acc: 10.62%
  Batch [150/390] Loss: 2.3142, Acc: 10.62%
  Batch [200/390] Loss: 2.3158, Acc: 10.50%
  Batch [250/390] Loss: 2.3164, Acc: 10.68%
  Batch [300/390] Loss: 2.3158, Acc: 10.92%
  Batch [350/390] Loss: 2.3169, Acc: 10.95%
[Epoch 1] Train Loss: 2.3167, Acc: 10.87%  |  Val Loss: 2.3191, Acc: 9.68%  |  Time: 40.4s
  -> Best model saved (9.68%)
[Epoch 1] Summarizing hook timing...

[HOOK_TIMING_SUMMARY] epoch=1
[HOOK_WORK_SUMMARY] label=mpi:ring_zfp_online_coll:rate10 calls=5046 work_total_ms=29667.433 work_mean_ms=5.879 work_min_ms=3.851 work_max_ms=37.082
[HOOK_TAIL_SUMMARY] label=mpi:ring_zfp_online_coll:rate10 steps=391 tail_total_ms=22786.441 tail_mean_ms=58.277 tail_min_ms=8.728 tail_max_ms=145.679
[Epoch 1] Hook timing summary done

[Epoch 2] Training... (lr=0.000201)
  Batch [50/390] Loss: 2.3080, Acc: 12.00%
  Batch [100/390] Loss: 2.3017, Acc: 13.25%
  Batch [150/390] Loss: 2.2889, Acc: 14.42%
  Batch [200/390] Loss: 2.2767, Acc: 16.22%
  Batch [250/390] Loss: 2.2643, Acc: 18.40%
  Batch [300/390] Loss: 2.2544, Acc: 19.81%
  Batch [350/390] Loss: 2.2448, Acc: 21.30%
[Epoch 2] Train Loss: 2.2349, Acc: 22.90%  |  Val Loss: 2.1721, Acc: 31.36%  |  Time: 39.3s
  -> Best model saved (31.36%)
[Epoch 2] Summarizing hook timing...

[HOOK_TIMING_SUMMARY] epoch=2
[HOOK_WORK_SUMMARY] label=mpi:ring_zfp_online_coll:rate10 calls=5070 work_total_ms=29702.351 work_mean_ms=5.858 work_min_ms=3.799 work_max_ms=15.597
[HOOK_TAIL_SUMMARY] label=mpi:ring_zfp_online_coll:rate10 steps=390 tail_total_ms=22748.301 tail_mean_ms=58.329 tail_min_ms=49.032 tail_max_ms=83.616
[Epoch 2] Hook timing summary done

[Epoch 3] Training... (lr=0.000401)
  Batch [50/390] Loss: 2.1277, Acc: 38.25%
  Batch [100/390] Loss: 2.1185, Acc: 39.44%
  Batch [150/390] Loss: 2.0948, Acc: 41.50%
  Batch [200/390] Loss: 2.0664, Acc: 43.62%
  Batch [250/390] Loss: 2.0390, Acc: 45.95%
  Batch [300/390] Loss: 2.0142, Acc: 47.40%
  Batch [350/390] Loss: 1.9902, Acc: 48.50%
[Epoch 3] Train Loss: 1.9706, Acc: 49.60%  |  Val Loss: 1.8386, Acc: 61.60%  |  Time: 39.2s
  -> Best model saved (61.60%)
[Epoch 3] Summarizing hook timing...

[HOOK_TIMING_SUMMARY] epoch=3
[HOOK_WORK_SUMMARY] label=mpi:ring_zfp_online_coll:rate10 calls=5070 work_total_ms=29650.489 work_mean_ms=5.848 work_min_ms=3.884 work_max_ms=16.956
[HOOK_TAIL_SUMMARY] label=mpi:ring_zfp_online_coll:rate10 steps=390 tail_total_ms=22720.769 tail_mean_ms=58.258 tail_min_ms=52.968 tail_max_ms=80.252
[Epoch 3] Hook timing summary done

[Epoch 4] Training... (lr=0.000600)
  Batch [50/390] Loss: 1.7098, Acc: 61.62%
  Batch [100/390] Loss: 1.6815, Acc: 61.50%
  Batch [150/390] Loss: 1.6420, Acc: 62.12%
  Batch [200/390] Loss: 1.5951, Acc: 63.03%
  Batch [250/390] Loss: 1.5528, Acc: 64.20%
  Batch [300/390] Loss: 1.5168, Acc: 64.38%
  Batch [350/390] Loss: 1.4828, Acc: 64.70%
[Epoch 4] Train Loss: 1.4516, Acc: 65.30%  |  Val Loss: 1.2319, Acc: 76.32%  |  Time: 39.5s
  -> Best model saved (76.32%)
[Epoch 4] Summarizing hook timing...

[HOOK_TIMING_SUMMARY] epoch=4
[HOOK_WORK_SUMMARY] label=mpi:ring_zfp_online_coll:rate10 calls=5070 work_total_ms=30060.587 work_mean_ms=5.929 work_min_ms=4.145 work_max_ms=18.787
[HOOK_TAIL_SUMMARY] label=mpi:ring_zfp_online_coll:rate10 steps=390 tail_total_ms=23138.631 tail_mean_ms=59.330 tail_min_ms=52.646 tail_max_ms=88.100
[Epoch 4] Hook timing summary done

[Epoch 5] Training... (lr=0.000800)
  Batch [50/390] Loss: 1.1088, Acc: 71.38%
  Batch [100/390] Loss: 1.0789, Acc: 72.06%
  Batch [150/390] Loss: 1.0230, Acc: 73.12%
  Batch [200/390] Loss: 0.9951, Acc: 73.12%
  Batch [250/390] Loss: 0.9726, Acc: 73.78%
  Batch [300/390] Loss: 0.9399, Acc: 74.42%
  Batch [350/390] Loss: 0.9200, Acc: 74.82%
[Epoch 5] Train Loss: 0.9049, Acc: 74.97%  |  Val Loss: 0.7757, Acc: 83.36%  |  Time: 39.3s
  -> Best model saved (83.36%)
[Epoch 5] Summarizing hook timing...

[HOOK_TIMING_SUMMARY] epoch=5
[HOOK_WORK_SUMMARY] label=mpi:ring_zfp_online_coll:rate10 calls=5070 work_total_ms=29551.841 work_mean_ms=5.829 work_min_ms=4.111 work_max_ms=17.216
[HOOK_TAIL_SUMMARY] label=mpi:ring_zfp_online_coll:rate10 steps=390 tail_total_ms=22482.989 tail_mean_ms=57.649 tail_min_ms=52.501 tail_max_ms=84.553
[Epoch 5] Hook timing summary done

[Epoch 6] Training... (lr=0.001000)
  Batch [50/390] Loss: 0.7263, Acc: 78.50%
  Batch [100/390] Loss: 0.7222, Acc: 77.62%
  Batch [150/390] Loss: 0.7288, Acc: 77.50%
  Batch [200/390] Loss: 0.7078, Acc: 78.12%
  Batch [250/390] Loss: 0.6964, Acc: 78.10%
  Batch [300/390] Loss: 0.6834, Acc: 78.62%
  Batch [350/390] Loss: 0.6758, Acc: 78.84%
[Epoch 6] Train Loss: 0.6687, Acc: 79.07%  |  Val Loss: 0.5516, Acc: 88.00%  |  Time: 39.1s
  -> Best model saved (88.00%)
[Epoch 6] Summarizing hook timing...

[HOOK_TIMING_SUMMARY] epoch=6
[HOOK_WORK_SUMMARY] label=mpi:ring_zfp_online_coll:rate10 calls=5070 work_total_ms=29345.267 work_mean_ms=5.788 work_min_ms=3.887 work_max_ms=14.086
[HOOK_TAIL_SUMMARY] label=mpi:ring_zfp_online_coll:rate10 steps=390 tail_total_ms=22292.304 tail_mean_ms=57.160 tail_min_ms=51.858 tail_max_ms=82.832
[Epoch 6] Hook timing summary done

[Epoch 7] Training... (lr=0.000989)
  Batch [50/390] Loss: 0.5037, Acc: 83.25%
  Batch [100/390] Loss: 0.5143, Acc: 83.06%
  Batch [150/390] Loss: 0.5085, Acc: 83.79%
  Batch [200/390] Loss: 0.5151, Acc: 83.31%
  Batch [250/390] Loss: 0.5118, Acc: 83.58%
  Batch [300/390] Loss: 0.4991, Acc: 84.15%
  Batch [350/390] Loss: 0.4917, Acc: 84.43%
[Epoch 7] Train Loss: 0.4943, Acc: 84.25%  |  Val Loss: 0.4354, Acc: 91.04%  |  Time: 39.5s
  -> Best model saved (91.04%)
[Epoch 7] Summarizing hook timing...

[HOOK_TIMING_SUMMARY] epoch=7
[HOOK_WORK_SUMMARY] label=mpi:ring_zfp_online_coll:rate10 calls=5070 work_total_ms=29736.469 work_mean_ms=5.865 work_min_ms=3.897 work_max_ms=16.403
[HOOK_TAIL_SUMMARY] label=mpi:ring_zfp_online_coll:rate10 steps=390 tail_total_ms=22724.308 tail_mean_ms=58.267 tail_min_ms=52.589 tail_max_ms=85.408
[Epoch 7] Hook timing summary done

[Epoch 8] Training... (lr=0.000957)
  Batch [50/390] Loss: 0.4804, Acc: 84.88%
  Batch [100/390] Loss: 0.4532, Acc: 86.25%
  Batch [150/390] Loss: 0.4570, Acc: 85.92%
  Batch [200/390] Loss: 0.4592, Acc: 86.09%
  Batch [250/390] Loss: 0.4641, Acc: 85.58%
  Batch [300/390] Loss: 0.4516, Acc: 85.98%
  Batch [350/390] Loss: 0.4519, Acc: 86.00%
[Epoch 8] Train Loss: 0.4460, Acc: 86.17%  |  Val Loss: 0.3908, Acc: 91.84%  |  Time: 39.3s
  -> Best model saved (91.84%)
[Epoch 8] Summarizing hook timing...

[HOOK_TIMING_SUMMARY] epoch=8
[HOOK_WORK_SUMMARY] label=mpi:ring_zfp_online_coll:rate10 calls=5070 work_total_ms=29584.631 work_mean_ms=5.835 work_min_ms=3.808 work_max_ms=12.898
[HOOK_TAIL_SUMMARY] label=mpi:ring_zfp_online_coll:rate10 steps=390 tail_total_ms=22451.429 tail_mean_ms=57.568 tail_min_ms=52.811 tail_max_ms=81.746
[Epoch 8] Hook timing summary done

[Epoch 9] Training... (lr=0.000905)
  Batch [50/390] Loss: 0.4410, Acc: 85.25%
  Batch [100/390] Loss: 0.4139, Acc: 86.38%
  Batch [150/390] Loss: 0.4000, Acc: 86.79%
  Batch [200/390] Loss: 0.3946, Acc: 87.28%
  Batch [250/390] Loss: 0.3927, Acc: 87.25%
  Batch [300/390] Loss: 0.3837, Acc: 87.67%
  Batch [350/390] Loss: 0.3905, Acc: 87.32%
[Epoch 9] Train Loss: 0.3887, Acc: 87.42%  |  Val Loss: 0.3500, Acc: 93.28%  |  Time: 39.8s
  -> Best model saved (93.28%)
[Epoch 9] Summarizing hook timing...

[HOOK_TIMING_SUMMARY] epoch=9
[HOOK_WORK_SUMMARY] label=mpi:ring_zfp_online_coll:rate10 calls=5070 work_total_ms=29687.863 work_mean_ms=5.856 work_min_ms=3.900 work_max_ms=18.154
[HOOK_TAIL_SUMMARY] label=mpi:ring_zfp_online_coll:rate10 steps=390 tail_total_ms=22512.349 tail_mean_ms=57.724 tail_min_ms=52.798 tail_max_ms=85.277
[Epoch 9] Hook timing summary done

[Epoch 10] Training... (lr=0.000835)
  Batch [50/390] Loss: 0.3664, Acc: 88.38%
  Batch [100/390] Loss: 0.3679, Acc: 88.06%
  Batch [150/390] Loss: 0.3600, Acc: 88.38%
  Batch [200/390] Loss: 0.3689, Acc: 88.09%
  Batch [250/390] Loss: 0.3635, Acc: 88.20%
  Batch [300/390] Loss: 0.3571, Acc: 88.46%
  Batch [350/390] Loss: 0.3596, Acc: 88.29%
[Epoch 10] Train Loss: 0.3576, Acc: 88.37%  |  Val Loss: 0.3014, Acc: 93.76%  |  Time: 39.1s
  -> Best model saved (93.76%)
[Epoch 10] Summarizing hook timing...

[HOOK_TIMING_SUMMARY] epoch=10
[HOOK_WORK_SUMMARY] label=mpi:ring_zfp_online_coll:rate10 calls=5070 work_total_ms=29222.794 work_mean_ms=5.764 work_min_ms=3.803 work_max_ms=17.457
[HOOK_TAIL_SUMMARY] label=mpi:ring_zfp_online_coll:rate10 steps=390 tail_total_ms=22112.975 tail_mean_ms=56.700 tail_min_ms=52.757 tail_max_ms=81.767
[Epoch 10] Hook timing summary done

[Epoch 11] Training... (lr=0.000750)
  Batch [50/390] Loss: 0.3192, Acc: 89.50%
  Batch [100/390] Loss: 0.3124, Acc: 89.81%
  Batch [150/390] Loss: 0.3154, Acc: 89.67%
  Batch [200/390] Loss: 0.3215, Acc: 89.59%
  Batch [250/390] Loss: 0.3220, Acc: 89.38%
  Batch [300/390] Loss: 0.3207, Acc: 89.27%
  Batch [350/390] Loss: 0.3179, Acc: 89.50%
[Epoch 11] Train Loss: 0.3198, Acc: 89.52%  |  Val Loss: 0.2886, Acc: 93.76%  |  Time: 39.3s
[Epoch 11] Summarizing hook timing...

[HOOK_TIMING_SUMMARY] epoch=11
[HOOK_WORK_SUMMARY] label=mpi:ring_zfp_online_coll:rate10 calls=5070 work_total_ms=29339.922 work_mean_ms=5.787 work_min_ms=3.959 work_max_ms=18.856
[HOOK_TAIL_SUMMARY] label=mpi:ring_zfp_online_coll:rate10 steps=390 tail_total_ms=22074.286 tail_mean_ms=56.601 tail_min_ms=52.891 tail_max_ms=88.040
[Epoch 11] Hook timing summary done

[Epoch 12] Training... (lr=0.000655)
  Batch [50/390] Loss: 0.2856, Acc: 91.25%
  Batch [100/390] Loss: 0.2977, Acc: 90.88%
  Batch [150/390] Loss: 0.3075, Acc: 90.33%
  Batch [200/390] Loss: 0.3048, Acc: 90.09%
  Batch [250/390] Loss: 0.3053, Acc: 89.97%
  Batch [300/390] Loss: 0.3047, Acc: 89.96%
  Batch [350/390] Loss: 0.3028, Acc: 89.93%
[Epoch 12] Train Loss: 0.3050, Acc: 89.92%  |  Val Loss: 0.2787, Acc: 94.48%  |  Time: 39.3s
  -> Best model saved (94.48%)
[Epoch 12] Summarizing hook timing...

[HOOK_TIMING_SUMMARY] epoch=12
[HOOK_WORK_SUMMARY] label=mpi:ring_zfp_online_coll:rate10 calls=5070 work_total_ms=29612.677 work_mean_ms=5.841 work_min_ms=3.906 work_max_ms=15.918
[HOOK_TAIL_SUMMARY] label=mpi:ring_zfp_online_coll:rate10 steps=390 tail_total_ms=22666.548 tail_mean_ms=58.119 tail_min_ms=53.386 tail_max_ms=84.897
[Epoch 12] Hook timing summary done

[Epoch 13] Training... (lr=0.000552)
  Batch [50/390] Loss: 0.2764, Acc: 90.88%
  Batch [100/390] Loss: 0.2749, Acc: 91.12%
  Batch [150/390] Loss: 0.2725, Acc: 91.17%
  Batch [200/390] Loss: 0.2902, Acc: 90.66%
  Batch [250/390] Loss: 0.2786, Acc: 91.00%
  Batch [300/390] Loss: 0.2824, Acc: 91.06%
  Batch [350/390] Loss: 0.2821, Acc: 91.07%
[Epoch 13] Train Loss: 0.2826, Acc: 91.22%  |  Val Loss: 0.2552, Acc: 94.56%  |  Time: 39.4s
  -> Best model saved (94.56%)
[Epoch 13] Summarizing hook timing...

[HOOK_TIMING_SUMMARY] epoch=13
[HOOK_WORK_SUMMARY] label=mpi:ring_zfp_online_coll:rate10 calls=5070 work_total_ms=29626.395 work_mean_ms=5.843 work_min_ms=3.875 work_max_ms=16.008
[HOOK_TAIL_SUMMARY] label=mpi:ring_zfp_online_coll:rate10 steps=390 tail_total_ms=22591.428 tail_mean_ms=57.927 tail_min_ms=53.605 tail_max_ms=84.640
[Epoch 13] Hook timing summary done

[Epoch 14] Training... (lr=0.000448)
  Batch [50/390] Loss: 0.3079, Acc: 89.62%
  Batch [100/390] Loss: 0.3142, Acc: 89.69%
  Batch [150/390] Loss: 0.3245, Acc: 89.17%
  Batch [200/390] Loss: 0.3160, Acc: 89.44%
  Batch [250/390] Loss: 0.3082, Acc: 89.78%
  Batch [300/390] Loss: 0.3067, Acc: 89.73%
  Batch [350/390] Loss: 0.3051, Acc: 89.68%
[Epoch 14] Train Loss: 0.2986, Acc: 89.97%  |  Val Loss: 0.2358, Acc: 94.40%  |  Time: 39.2s
[Epoch 14] Summarizing hook timing...

[HOOK_TIMING_SUMMARY] epoch=14
[HOOK_WORK_SUMMARY] label=mpi:ring_zfp_online_coll:rate10 calls=5070 work_total_ms=29177.927 work_mean_ms=5.755 work_min_ms=3.789 work_max_ms=20.176
[HOOK_TAIL_SUMMARY] label=mpi:ring_zfp_online_coll:rate10 steps=390 tail_total_ms=21851.992 tail_mean_ms=56.031 tail_min_ms=52.581 tail_max_ms=83.689
[Epoch 14] Hook timing summary done

[Epoch 15] Training... (lr=0.000345)
  Batch [50/390] Loss: 0.3118, Acc: 90.12%
  Batch [100/390] Loss: 0.3112, Acc: 90.38%
  Batch [150/390] Loss: 0.2985, Acc: 90.33%
  Batch [200/390] Loss: 0.2917, Acc: 90.47%
  Batch [250/390] Loss: 0.2843, Acc: 90.80%
  Batch [300/390] Loss: 0.2889, Acc: 90.65%
  Batch [350/390] Loss: 0.2853, Acc: 90.70%
[Epoch 15] Train Loss: 0.2849, Acc: 90.74%  |  Val Loss: 0.2410, Acc: 94.96%  |  Time: 39.5s
  -> Best model saved (94.96%)
[Epoch 15] Summarizing hook timing...

[HOOK_TIMING_SUMMARY] epoch=15
[HOOK_WORK_SUMMARY] label=mpi:ring_zfp_online_coll:rate10 calls=5070 work_total_ms=29508.581 work_mean_ms=5.820 work_min_ms=3.726 work_max_ms=16.358
[HOOK_TAIL_SUMMARY] label=mpi:ring_zfp_online_coll:rate10 steps=390 tail_total_ms=22230.443 tail_mean_ms=57.001 tail_min_ms=51.788 tail_max_ms=85.113
[Epoch 15] Hook timing summary done

[Epoch 16] Training... (lr=0.000250)
  Batch [50/390] Loss: 0.2773, Acc: 91.88%
  Batch [100/390] Loss: 0.2778, Acc: 91.56%
  Batch [150/390] Loss: 0.2762, Acc: 91.25%
  Batch [200/390] Loss: 0.2729, Acc: 91.50%
  Batch [250/390] Loss: 0.2722, Acc: 91.40%
  Batch [300/390] Loss: 0.2755, Acc: 91.06%
  Batch [350/390] Loss: 0.2784, Acc: 90.86%
[Epoch 16] Train Loss: 0.2772, Acc: 90.93%  |  Val Loss: 0.2225, Acc: 95.12%  |  Time: 39.2s
  -> Best model saved (95.12%)
[Epoch 16] Summarizing hook timing...

[HOOK_TIMING_SUMMARY] epoch=16
[HOOK_WORK_SUMMARY] label=mpi:ring_zfp_online_coll:rate10 calls=5070 work_total_ms=29411.735 work_mean_ms=5.801 work_min_ms=3.788 work_max_ms=14.843
[HOOK_TAIL_SUMMARY] label=mpi:ring_zfp_online_coll:rate10 steps=390 tail_total_ms=22225.888 tail_mean_ms=56.989 tail_min_ms=53.257 tail_max_ms=88.083
[Epoch 16] Hook timing summary done

[Epoch 17] Training... (lr=0.000165)
  Batch [50/390] Loss: 0.2826, Acc: 91.25%
  Batch [100/390] Loss: 0.2533, Acc: 92.00%
  Batch [150/390] Loss: 0.2581, Acc: 91.96%
  Batch [200/390] Loss: 0.2607, Acc: 91.47%
  Batch [250/390] Loss: 0.2670, Acc: 91.30%
  Batch [300/390] Loss: 0.2671, Acc: 91.29%
  Batch [350/390] Loss: 0.2651, Acc: 91.32%
[Epoch 17] Train Loss: 0.2654, Acc: 91.23%  |  Val Loss: 0.2401, Acc: 94.48%  |  Time: 39.3s
[Epoch 17] Summarizing hook timing...

[HOOK_TIMING_SUMMARY] epoch=17
[HOOK_WORK_SUMMARY] label=mpi:ring_zfp_online_coll:rate10 calls=5070 work_total_ms=29542.993 work_mean_ms=5.827 work_min_ms=3.808 work_max_ms=14.307
[HOOK_TAIL_SUMMARY] label=mpi:ring_zfp_online_coll:rate10 steps=390 tail_total_ms=22461.905 tail_mean_ms=57.595 tail_min_ms=52.931 tail_max_ms=83.296
[Epoch 17] Hook timing summary done

[Epoch 18] Training... (lr=0.000095)
  Batch [50/390] Loss: 0.2489, Acc: 92.62%
  Batch [100/390] Loss: 0.2453, Acc: 91.94%
  Batch [150/390] Loss: 0.2610, Acc: 91.71%
  Batch [200/390] Loss: 0.2562, Acc: 91.81%
  Batch [250/390] Loss: 0.2589, Acc: 91.80%
  Batch [300/390] Loss: 0.2652, Acc: 91.56%
  Batch [350/390] Loss: 0.2621, Acc: 91.61%
[Epoch 18] Train Loss: 0.2613, Acc: 91.59%  |  Val Loss: 0.2284, Acc: 94.88%  |  Time: 39.4s
[Epoch 18] Summarizing hook timing...

[HOOK_TIMING_SUMMARY] epoch=18
[HOOK_WORK_SUMMARY] label=mpi:ring_zfp_online_coll:rate10 calls=5070 work_total_ms=29752.068 work_mean_ms=5.868 work_min_ms=3.794 work_max_ms=14.124
[HOOK_TAIL_SUMMARY] label=mpi:ring_zfp_online_coll:rate10 steps=390 tail_total_ms=22810.700 tail_mean_ms=58.489 tail_min_ms=56.158 tail_max_ms=83.618
[Epoch 18] Hook timing summary done

[Epoch 19] Training... (lr=0.000043)
  Batch [50/390] Loss: 0.2154, Acc: 92.75%
  Batch [100/390] Loss: 0.2418, Acc: 91.94%
  Batch [150/390] Loss: 0.2437, Acc: 91.92%
  Batch [200/390] Loss: 0.2471, Acc: 91.88%
  Batch [250/390] Loss: 0.2537, Acc: 91.62%
  Batch [300/390] Loss: 0.2581, Acc: 91.35%
  Batch [350/390] Loss: 0.2582, Acc: 91.27%
[Epoch 19] Train Loss: 0.2610, Acc: 91.17%  |  Val Loss: 0.2369, Acc: 94.64%  |  Time: 39.6s
[Epoch 19] Summarizing hook timing...

[HOOK_TIMING_SUMMARY] epoch=19
[HOOK_WORK_SUMMARY] label=mpi:ring_zfp_online_coll:rate10 calls=5070 work_total_ms=29496.410 work_mean_ms=5.818 work_min_ms=3.879 work_max_ms=14.062
[HOOK_TAIL_SUMMARY] label=mpi:ring_zfp_online_coll:rate10 steps=390 tail_total_ms=22274.831 tail_mean_ms=57.115 tail_min_ms=53.849 tail_max_ms=84.295
[Epoch 19] Hook timing summary done

[Epoch 20] Training... (lr=0.000011)
  Batch [50/390] Loss: 0.2460, Acc: 92.75%
  Batch [100/390] Loss: 0.2487, Acc: 92.31%
  Batch [150/390] Loss: 0.2579, Acc: 91.58%
  Batch [200/390] Loss: 0.2628, Acc: 91.25%
  Batch [250/390] Loss: 0.2625, Acc: 91.38%
  Batch [300/390] Loss: 0.2643, Acc: 91.44%
  Batch [350/390] Loss: 0.2597, Acc: 91.62%
[Epoch 20] Train Loss: 0.2612, Acc: 91.62%  |  Val Loss: 0.2277, Acc: 94.80%  |  Time: 39.4s
[Epoch 20] Summarizing hook timing...

[HOOK_TIMING_SUMMARY] epoch=20
[HOOK_WORK_SUMMARY] label=mpi:ring_zfp_online_coll:rate10 calls=5070 work_total_ms=29345.793 work_mean_ms=5.788 work_min_ms=3.844 work_max_ms=15.472
[HOOK_TAIL_SUMMARY] label=mpi:ring_zfp_online_coll:rate10 steps=390 tail_total_ms=22080.490 tail_mean_ms=56.617 tail_min_ms=54.405 tail_max_ms=83.005
[Epoch 20] Hook timing summary done

================================================================================
Done in 804.3s | Best val acc: 95.12%
Epoch times: mean=39.4s  min=39.1s  max=40.4s
================================================================================
=== Finished training: backend=mpi, hook=ring_zfp_online_coll, zfp_rate=10, status=0 at Sat May 23 05:41:09 PM UTC 2026 ===
=== Job finished: Sat May 23 05:41:09 PM UTC 2026 ===
